Starting SynIB reference-ablation job
Python 3.10.19
/esat/smcdata/users/kkontras/Image_Dataset/no_backup/git/SynIB  (git a2fb4fd)
GPU 0: NVIDIA GeForce RTX 2080 Ti (UUID: GPU-80609ff0-d905-c2d8-7c85-30e2d01a3cb8)
Executing: PYTHONPATH=src /esat/smcdata/users/kkontras/Image_Dataset/no_backup/envs/synergy_new/bin/python -m synib.entrypoints.train --config run/configs/rebuttal_ref_ablation/urfunny_synib.json --default_config run/configs/rebuttal_ref_ablation/urfunny_default.json --fold 0 --rmask random --l 0.001 --perturb_pmin 0.7 --perturb_fill ema --lr 0.001 --wd 0.001 --reference_type class_prior --ref_diag --start_over --tag REFABL_urfunny
Namespace(config='run/configs/rebuttal_ref_ablation/urfunny_synib.json', default_config='run/configs/rebuttal_ref_ablation/urfunny_default.json', fold='0', alpha=None, tanh_mode_beta=None, regby=None, batch_size=None, l='0.001', multil=None, lib=None, kmepoch=None, num_samples=None, contrcoeff=None, contr_type=None, shuffle_type=None, validate_with=None, num_classes=None, optim_method=None, ending_epoch=None, load_ongoing=None, recon_weight1=None, recon_weight2=None, recon_epochstages=None, recon_ensemblestages=None, lr='0.001', wd='0.001', cls=None, ironic_rate=None, perturb='random', perturb_fill='ema', perturb_pmax=None, perturb_pmin='0.7', perturb_lsparse=None, rmask='random', pmin=None, pmax=None, lsparse=None, debug_mask_stats=False, pre=False, frozen=False, tdqm_disable=False, start_over=True, no_model_save=False, num_layers=None, grad_accum=None, init_from=None, init_strict=False, perturb_lsparse_sign=None, l_anneal_epochs=None, perturb_steps=None, perturb_lsparse_warmup=None, perturb_lsparse_schedule=None, persist_ell=False, save_masks=False, penalty_swap=False, disable_ce_random=False, disable_kl_learned=False, masking_only=False, modality_dropout=None, modality_dropout_target=None, l_z1_masked=None, l_z2_masked=None, l_pareto=None, reference_type='class_prior', ref_diag=True, ref_ema_decay=None, tag='REFABL_urfunny')
2026-07-25 16:57:25,968 - Config - INFO - run/configs/rebuttal_ref_ablation/urfunny_synib.json
2026-07-25 16:57:25,975 - Config - INFO -  THE Configuration of your experiment ..
{'agent': 'Agent',
 'dataset': {'data_roots': './src/synib/mydatasets/Factor_CL_Datasets/prepared/ur_funny/ur_funny_data.pkl',
             'data_type': 'humor',
             'dataloader_class': 'FactorCL_Dataloader',
             'kfold_data_roots': './src/synib/mydatasets/Factor_CL_Datasets/prepared/ur_funny/ur_funny_synergy3.pkl'},
 'early_stopping': {'end_of_epoch_check': True,
                    'log_interval': 10,
                    'max_epoch': 100,
                    'n_steps_stop': 30,
                    'n_steps_stop_after': 0,
                    'save_every_step': 3000,
                    'save_every_valstep': 50,
                    'validate_after': 0,
                    'validate_every': 185},
 'exp_name': 'UR-FUNNY Experiment',
 'model': {'args': {'bias_infusion': {'method': False},
                    'clip_grad': False,
                    'cls_type': 'mlp',
                    'd_model': 40,
                    'dropout': 0.1,
                    'fc_inner': 64,
                    'hidden_dim': 64,
                    'in_dim': 64,
                    'multi_loss': {'multi_supervised_w': {'c': 1,
                                                          'combined': 1,
                                                          'g': 1}},
                    'norm_decision': False,
                    'num_classes': 2},
           'ceu': {'test': './artifacts/ceus/ur_funny/ur_funny_ceu_test.pkl',
                   'val': './artifacts/ceus/ur_funny/ur_funny_ceu_val.pkl'},
           'encoders': [{'args': {'freeze_encoder': False,
                                  'hidden_size': 40,
                                  'modality': 'c',
                                  'n_features': 371,
                                  'num_classes': 2},
                         'model': 'FactorCL_Uni',
                         'pretrainedEncoder': {'dir': 'unimodal_video_fold{}_vldaccuracy_lr0.001_wd0.0001.pth.tar',
                                               'use': True}},
                        {'args': {'freeze_encoder': False,
                                  'hidden_size': 40,
                                  'modality': 'g',
                                  'n_features': 300,
                                  'num_classes': 2},
                         'model': 'FactorCL_Uni',
                         'pretrainedEncoder': {'dir': 'unimodal_text_fold{}_vldaccuracy_lr0.001_wd0.001.pth.tar',
                                               'use': True}}],
           'load_ongoing': False,
           'model_class': 'FusionIBModel_Mask',
           'save_base_dir': './artifacts/models/multibench/ur_funny/vt',
           'save_dir': 'SynIB_RMask_{}.pth.tar'},
 'optimizer': {'beta1': 0.9,
               'beta2': 0.999,
               'learning_rate': 0.0001,
               'momentum': 0.9,
               'type': 'Adam',
               'weight_decay': 0.0001},
 'scheduler': {'max_lr': 0.03, 'type': 'cosanneal', 'warm_up_steps': 780},
 'task': 'classification',
 'training_params': {'adversarial_training': {'adv_epsilon': 0.01,
                                              'use': False},
                     'async_loading': True,
                     'batch_size': 32,
                     'cuda': True,
                     'data_loader_workers': 8,
                     'gpu_device': [0],
                     'pin_memory': True,
                     'rec_test': True,
                     'res': True,
                     'seed': 109,
                     'tdqm_disable': False,
                     'test_batch_size': 32,
                     'test_on_bottoms': False,
                     'use_test_set': True,
                     'validation': True,
                     'verbose': True,
                     'wandb_disable': True}}
2026-07-25 16:57:25,981 - Config - INFO -  *************************************** 
2026-07-25 16:57:25,981 - Config - INFO - The experiment name is UR-FUNNY Experiment
2026-07-25 16:57:25,981 - Config - INFO -  *************************************** 
2026-07-25 16:57:25,981 - root - INFO - save_dir: SynIB_RMask_REFABL_urfunny_fold0_l0.001_perturbrandom_fillema_pmin0.7_refclass_prior_lr0.001_wd0.001.pth.tar
2026-07-25 16:57:26,151 - Cuda Statistics - INFO - __Python VERSION:  3.10.19 (main, Oct 21 2025, 16:43:05) [GCC 11.2.0]
2026-07-25 16:57:26,151 - Cuda Statistics - INFO - __pyTorch VERSION:  2.9.1+cu128
2026-07-25 16:57:26,151 - Cuda Statistics - INFO - __CUDA VERSION
2026-07-25 16:57:26,220 - Cuda Statistics - INFO - __CUDNN VERSION:  91002
2026-07-25 16:57:26,277 - Cuda Statistics - INFO - __Number CUDA Devices:  1
2026-07-25 16:57:26,277 - Cuda Statistics - INFO - __Devices
2026-07-25 16:57:26,277 - Cuda Statistics - INFO - index, name, driver_version, memory.total [MiB], memory.used [MiB], memory.free [MiB]
2026-07-25 16:57:26,277 - Cuda Statistics - INFO - 0, NVIDIA GeForce RTX 2080 Ti, 610.43.03, 11264 MiB, 302 MiB, 10529 MiB
2026-07-25 16:57:26,282 - Cuda Statistics - INFO - Active CUDA Device: GPU 0
2026-07-25 16:57:26,283 - Cuda Statistics - INFO - Available devices  1
2026-07-25 16:57:26,283 - Cuda Statistics - INFO - Current cuda device  0
2026-07-25 16:57:46,984 - Agent - INFO - Device: cuda:0
2026-07-25 16:57:46,985 - Agent - INFO - Total training batches: 253, validate every 185 batches, steps per epoch: 2
2026-07-25 16:57:48,698 - Agent - INFO - class_prior counts=[4032, 4042] prior=[0.4994, 0.5006]
2026-07-25 16:57:48,699 - Agent - INFO - Loss Weights are {'total': 1, 'combined': 1, 'c': 1, 'g': 1}
2026-07-25 16:57:48,699 - root - INFO - There is no CEU for train
2026-07-25 16:57:49,162 - root - INFO - Loading enc best model state dict from ./artifacts/models/multibench/ur_funny/vt/unimodal_video_fold0_vldaccuracy_lr0.001_wd0.0001.pth.tar
2026-07-25 16:57:49,538 - root - INFO - Loading enc best model state dict from ./artifacts/models/multibench/ur_funny/vt/unimodal_text_fold0_vldaccuracy_lr0.001_wd0.001.pth.tar
2026-07-25 16:57:50,112 - Agent - INFO - Total number of trainable parameters are: 3520992
2026-07-25 16:57:50,118 - Agent - INFO - Total number of trainable parameters are: 1767508
2026-07-25 16:58:33,228 - Evaluator - INFO - New best with loss-accuracy-syn_accuracy-
2026-07-25 16:58:33,229 - Agent - INFO - [37mVal Epoch 1 step 1 with [31mce_loss_combined : 0.673576 [31mce_loss_c : 0.695444 [31mce_loss_g : 0.676148 [31mkl_synergy_rand_1 : 0.000045 [31mkl_synergy_rand_2 : 0.000051 [31mkl_synergy_1 : 0.000037 [31mkl_synergy_2 : 0.000053 [31mtotal : 0.673762 [31mdiag_kl_1 : 0.039004 [31mdiag_kl_2 : 0.034030 [94mAcc_combined: 60.59 [94mAcc_c: 50.00 [94mAcc_g: 62.09 [92mF1_combined: 55.92 [92mF1_c: 9.77 [92mF1_g: 60.88 [95mCEU_cue_audio: 0.5256 [95mCEU_cue_video: 0.6394 [95mCEU_synergy: 0.1029 [95mCEU_coexistence: 0.9475 [97mS:[93m10.3%[97m([91m1.8c[97m-[94mF1:9.3%) [97mU1:[93m52.6%[97m([91m10.0c[97m) [97mU2:[93m63.9%[97m([91m20.4c[97m) [97mR:[93m94.7%[97m([91m29.6c[97m) [97mS-L: [92m0:[96m36%[39m [39m
2026-07-25 16:58:33,252 - Agent - INFO - [37mTest Epoch 1 step 1 with [31mce_loss_combined : 0.644321 [31mce_loss_c : 0.686297 [31mce_loss_g : 0.643205 [31mkl_synergy_rand_1 : 0.000043 [31mkl_synergy_rand_2 : 0.000052 [31mkl_synergy_1 : 0.000037 [31mkl_synergy_2 : 0.000055 [31mtotal : 0.644508 [31mdiag_kl_1 : 0.038331 [31mdiag_kl_2 : 0.035898 [94mAcc_combined: 60.92 [94mAcc_c: 50.00 [94mAcc_g: 61.25 [92mF1_combined: 56.17 [92mF1_c: 10.03 [92mF1_g: 59.88 [95mCEU_cue_audio: 0.4378 [95mCEU_cue_video: 0.6339 [95mCEU_synergy: 0.1327 [95mCEU_coexistence: 0.9295 [97mS:[93m13.3%[97m([91m2.3c[97m-[94mF1:11.7%) [97mU1:[93m43.8%[97m([91m9.0c[97m) [97mU2:[93m63.4%[97m([91m18.3c[97m) [97mR:[93m92.9%[97m([91m31.1c[97m) [97mS-L: [92m0:[96m41%[39m [39m
2026-07-25 16:58:33,595 - Agent - INFO - [37mModel saved successfully at: ./artifacts/models/multibench/ur_funny/vt/SynIB_RMask_REFABL_urfunny_fold0_l0.001_perturbrandom_fillema_pmin0.7_refclass_prior_lr0.001_wd0.001.pth.tar[39m
2026-07-25 16:59:08,840 - Evaluator - INFO - New best with accuracy-syn_accuracy-
2026-07-25 16:59:08,840 - Agent - INFO - [37mVal Epoch 2 step 2 with [31mce_loss_combined : 0.694423 [31mce_loss_c : 0.695993 [31mce_loss_g : 0.688465 [31mkl_synergy_rand_1 : 0.000121 [31mkl_synergy_rand_2 : 0.000141 [31mkl_synergy_1 : 0.000078 [31mkl_synergy_2 : 0.000147 [31mtotal : 0.694910 [31mdiag_kl_1 : 0.129865 [31mdiag_kl_2 : 0.027012 [94mAcc_combined: 60.93 [94mAcc_c: 50.29 [94mAcc_g: 61.99 [92mF1_combined: 58.73 [92mF1_c: 5.69 [92mF1_g: 61.20 [95mCEU_cue_audio: 0.1224 [95mCEU_cue_video: 0.9000 [95mCEU_synergy: 0.1889 [95mCEU_coexistence: 0.8822 [97mS:[93m18.9%[97m([91m3.4c[97m-[94mF1:15.9%) [97mU1:[93m12.2%[97m([91m2.3c[97m) [97mU2:[93m90.0%[97m([91m28.7c[97m) [97mR:[93m88.2%[97m([91m27.6c[97m) [97mS-L: [92m1:[96m27%[39m [39m
2026-07-25 16:59:08,863 - Agent - INFO - [37mTest Epoch 2 step 2 with [31mce_loss_combined : 0.647614 [31mce_loss_c : 0.685428 [31mce_loss_g : 0.648514 [31mkl_synergy_rand_1 : 0.000126 [31mkl_synergy_rand_2 : 0.000145 [31mkl_synergy_1 : 0.000075 [31mkl_synergy_2 : 0.000149 [31mtotal : 0.648108 [31mdiag_kl_1 : 0.131924 [31mdiag_kl_2 : 0.026225 [94mAcc_combined: 64.04 [94mAcc_c: 50.99 [94mAcc_g: 63.94 [92mF1_combined: 62.01 [92mF1_c: 7.16 [92mF1_g: 63.41 [95mCEU_cue_audio: 0.2028 [95mCEU_cue_video: 0.9184 [95mCEU_synergy: 0.1549 [95mCEU_coexistence: 0.9351 [97mS:[93m15.5%[97m([91m2.6c[97m-[94mF1:13.4%) [97mU1:[93m20.3%[97m([91m4.2c[97m) [97mU2:[93m91.8%[97m([91m26.6c[97m) [97mR:[93m93.5%[97m([91m31.3c[97m) [97mS-L: [92m1:[96m23%[39m [39m
2026-07-25 16:59:09,415 - Agent - INFO - [37mModel saved successfully at: ./artifacts/models/multibench/ur_funny/vt/SynIB_RMask_REFABL_urfunny_fold0_l0.001_perturbrandom_fillema_pmin0.7_refclass_prior_lr0.001_wd0.001.pth.tar[39m
2026-07-25 16:59:43,705 - Evaluator - INFO - New best with loss-accuracy-
2026-07-25 16:59:43,705 - Agent - INFO - [37mVal Epoch 3 step 3 with [31mce_loss_combined : 0.669214 [31mce_loss_c : 0.695158 [31mce_loss_g : 0.676261 [31mkl_synergy_rand_1 : 0.000092 [31mkl_synergy_rand_2 : 0.000108 [31mkl_synergy_1 : 0.000054 [31mkl_synergy_2 : 0.000109 [31mtotal : 0.669577 [31mdiag_kl_1 : 0.090734 [31mdiag_kl_2 : 0.012709 [94mAcc_combined: 62.38 [94mAcc_c: 50.29 [94mAcc_g: 62.57 [92mF1_combined: 60.71 [92mF1_c: 5.69 [92mF1_g: 61.57 [95mCEU_cue_audio: 0.1631 [95mCEU_cue_video: 0.8697 [95mCEU_synergy: 0.0380 [95mCEU_coexistence: 0.9782 [97mS:[93m3.8%[97m([91m0.7c[97m-[94mF1:3.7%) [97mU1:[93m16.3%[97m([91m3.1c[97m) [97mU2:[93m87.0%[97m([91m27.8c[97m) [97mR:[93m97.8%[97m([91m30.6c[97m) [97mS-L: [92m0:[96m2% [92m1:[96m5%[39m [39m
2026-07-25 16:59:43,728 - Agent - INFO - [37mTest Epoch 3 step 3 with [31mce_loss_combined : 0.642259 [31mce_loss_c : 0.685641 [31mce_loss_g : 0.648904 [31mkl_synergy_rand_1 : 0.000100 [31mkl_synergy_rand_2 : 0.000115 [31mkl_synergy_1 : 0.000054 [31mkl_synergy_2 : 0.000118 [31mtotal : 0.642647 [31mdiag_kl_1 : 0.098878 [31mdiag_kl_2 : 0.015609 [94mAcc_combined: 62.43 [94mAcc_c: 50.99 [94mAcc_g: 61.86 [92mF1_combined: 61.46 [92mF1_c: 7.16 [92mF1_g: 61.11 [95mCEU_cue_audio: 0.1014 [95mCEU_cue_video: 0.8987 [95mCEU_synergy: 0.0444 [95mCEU_coexistence: 0.9803 [97mS:[93m4.4%[97m([91m0.8c[97m-[94mF1:4.4%) [97mU1:[93m10.1%[97m([91m2.1c[97m) [97mU2:[93m89.9%[97m([91m26.0c[97m) [97mR:[93m98.0%[97m([91m32.8c[97m) [97mS-L: [92m0:[96m3% [92m1:[96m5%[39m [39m
2026-07-25 16:59:44,285 - Agent - INFO - [37mModel saved successfully at: ./artifacts/models/multibench/ur_funny/vt/SynIB_RMask_REFABL_urfunny_fold0_l0.001_perturbrandom_fillema_pmin0.7_refclass_prior_lr0.001_wd0.001.pth.tar[39m
2026-07-25 17:00:18,977 - Agent - INFO - [37mVal Epoch 4 step 4 with [31mce_loss_combined : 0.694006 [31mce_loss_c : 0.697645 [31mce_loss_g : 0.691651 [31mkl_synergy_rand_1 : 0.000127 [31mkl_synergy_rand_2 : 0.000149 [31mkl_synergy_1 : 0.000085 [31mkl_synergy_2 : 0.000150 [31mtotal : 0.694517 [31mdiag_kl_1 : 0.122587 [31mdiag_kl_2 : 0.015507 [94mAcc_combined: 61.94 [94mAcc_c: 50.29 [94mAcc_g: 62.38 [92mF1_combined: 60.15 [92mF1_c: 5.69 [92mF1_g: 61.64 [95mCEU_cue_audio: 0.1735 [95mCEU_cue_video: 0.8606 [95mCEU_synergy: 0.0324 [95mCEU_coexistence: 0.9814 [97mS:[93m3.2%[97m([91m0.6c[97m-[94mF1:3.1%) [97mU1:[93m17.3%[97m([91m3.3c[97m) [97mU2:[93m86.1%[97m([91m27.5c[97m) [97mR:[93m98.1%[97m([91m30.7c[97m) [97mS-L: [92m1:[96m5%[39m [39m
2026-07-25 17:00:53,714 - Agent - INFO - [37mVal Epoch 5 step 5 with [31mce_loss_combined : 0.694221 [31mce_loss_c : 0.699605 [31mce_loss_g : 0.698716 [31mkl_synergy_rand_1 : 0.000122 [31mkl_synergy_rand_2 : 0.000142 [31mkl_synergy_1 : 0.000077 [31mkl_synergy_2 : 0.000145 [31mtotal : 0.694708 [31mdiag_kl_1 : 0.120432 [31mdiag_kl_2 : 0.017792 [94mAcc_combined: 62.38 [94mAcc_c: 50.44 [94mAcc_g: 62.77 [92mF1_combined: 61.37 [92mF1_c: 11.87 [92mF1_g: 61.77 [95mCEU_cue_audio: 0.1530 [95mCEU_cue_video: 0.8606 [95mCEU_synergy: 0.0704 [95mCEU_coexistence: 0.9661 [97mS:[93m7.0%[97m([91m1.3c[97m-[94mF1:6.8%) [97mU1:[93m15.3%[97m([91m2.9c[97m) [97mU2:[93m86.1%[97m([91m27.5c[97m) [97mR:[93m96.6%[97m([91m30.2c[97m) [97mS-L: [92m0:[96m4% [92m1:[96m8%[39m [39m
2026-07-25 17:01:28,153 - Agent - INFO - [37mVal Epoch 6 step 6 with [31mce_loss_combined : 0.700083 [31mce_loss_c : 0.700401 [31mce_loss_g : 0.688595 [31mkl_synergy_rand_1 : 0.000098 [31mkl_synergy_rand_2 : 0.000119 [31mkl_synergy_1 : 0.000067 [31mkl_synergy_2 : 0.000119 [31mtotal : 0.700485 [31mdiag_kl_1 : 0.090199 [31mdiag_kl_2 : 0.019479 [94mAcc_combined: 60.54 [94mAcc_c: 50.29 [94mAcc_g: 61.41 [92mF1_combined: 58.75 [92mF1_c: 18.28 [92mF1_g: 60.34 [95mCEU_cue_audio: 0.2041 [95mCEU_cue_video: 0.8333 [95mCEU_synergy: 0.0973 [95mCEU_coexistence: 0.9257 [97mS:[93m9.7%[97m([91m1.7c[97m-[94mF1:8.9%) [97mU1:[93m20.4%[97m([91m3.9c[97m) [97mU2:[93m83.3%[97m([91m26.6c[97m) [97mR:[93m92.6%[97m([91m28.9c[97m) [97mS-L: [92m1:[96m14%[39m [39m
2026-07-25 17:02:02,732 - Agent - INFO - [37mVal Epoch 7 step 7 with [31mce_loss_combined : 0.706747 [31mce_loss_c : 0.698421 [31mce_loss_g : 0.705212 [31mkl_synergy_rand_1 : 0.000142 [31mkl_synergy_rand_2 : 0.000169 [31mkl_synergy_1 : 0.000091 [31mkl_synergy_2 : 0.000165 [31mtotal : 0.707313 [31mdiag_kl_1 : 0.132263 [31mdiag_kl_2 : 0.021904 [94mAcc_combined: 62.09 [94mAcc_c: 50.58 [94mAcc_g: 63.20 [92mF1_combined: 60.68 [92mF1_c: 11.74 [92mF1_g: 62.27 [95mCEU_cue_audio: 0.2142 [95mCEU_cue_video: 0.8515 [95mCEU_synergy: 0.0593 [95mCEU_coexistence: 0.9597 [97mS:[93m5.9%[97m([91m1.1c[97m-[94mF1:5.8%) [97mU1:[93m21.4%[97m([91m4.1c[97m) [97mU2:[93m85.2%[97m([91m27.2c[97m) [97mR:[93m96.0%[97m([91m30.0c[97m) [97mS-L: [92m0:[96m4% [92m1:[96m7%[39m [39m
2026-07-25 17:02:37,571 - Agent - INFO - [37mVal Epoch 8 step 8 with [31mce_loss_combined : 0.720277 [31mce_loss_c : 0.697948 [31mce_loss_g : 0.710549 [31mkl_synergy_rand_1 : 0.000160 [31mkl_synergy_rand_2 : 0.000185 [31mkl_synergy_1 : 0.000104 [31mkl_synergy_2 : 0.000186 [31mtotal : 0.720913 [31mdiag_kl_1 : 0.153257 [31mdiag_kl_2 : 0.026610 [94mAcc_combined: 62.19 [94mAcc_c: 50.29 [94mAcc_g: 62.81 [92mF1_combined: 60.78 [92mF1_c: 5.69 [92mF1_g: 61.95 [95mCEU_cue_audio: 0.2142 [95mCEU_cue_video: 0.8484 [95mCEU_synergy: 0.0542 [95mCEU_coexistence: 0.9568 [97mS:[93m5.4%[97m([91m1.0c[97m-[94mF1:5.4%) [97mU1:[93m21.4%[97m([91m4.1c[97m) [97mU2:[93m84.8%[97m([91m27.1c[97m) [97mR:[93m95.7%[97m([91m29.9c[97m) [97mS-L: [92m0:[96m6% [92m1:[96m5%[39m [39m
2026-07-25 17:03:12,498 - Agent - INFO - [37mVal Epoch 9 step 9 with [31mce_loss_combined : 0.689388 [31mce_loss_c : 0.696498 [31mce_loss_g : 0.692446 [31mkl_synergy_rand_1 : 0.000088 [31mkl_synergy_rand_2 : 0.000106 [31mkl_synergy_1 : 0.000057 [31mkl_synergy_2 : 0.000102 [31mtotal : 0.689741 [31mdiag_kl_1 : 0.085815 [31mdiag_kl_2 : 0.015356 [94mAcc_combined: 61.56 [94mAcc_c: 50.29 [94mAcc_g: 62.19 [92mF1_combined: 59.67 [92mF1_c: 5.69 [92mF1_g: 61.48 [95mCEU_cue_audio: 0.1836 [95mCEU_cue_video: 0.8847 [95mCEU_synergy: 0.0648 [95mCEU_coexistence: 0.9350 [97mS:[93m6.5%[97m([91m1.2c[97m-[94mF1:6.3%) [97mU1:[93m18.4%[97m([91m3.5c[97m) [97mU2:[93m88.5%[97m([91m28.2c[97m) [97mR:[93m93.5%[97m([91m29.2c[97m) [97mS-L: [92m0:[96m4% [92m1:[96m8%[39m [39m
2026-07-25 17:03:47,266 - Evaluator - INFO - New best with accuracy-
2026-07-25 17:03:47,267 - Agent - INFO - [37mVal Epoch 10 step 10 with [31mce_loss_combined : 0.703547 [31mce_loss_c : 0.696777 [31mce_loss_g : 0.712293 [31mkl_synergy_rand_1 : 0.000132 [31mkl_synergy_rand_2 : 0.000154 [31mkl_synergy_1 : 0.000081 [31mkl_synergy_2 : 0.000150 [31mtotal : 0.704064 [31mdiag_kl_1 : 0.129793 [31mdiag_kl_2 : 0.033093 [94mAcc_combined: 62.81 [94mAcc_c: 50.00 [94mAcc_g: 61.41 [92mF1_combined: 62.47 [92mF1_c: 9.77 [92mF1_g: 60.84 [95mCEU_cue_audio: 0.1888 [95mCEU_cue_video: 0.8546 [95mCEU_synergy: 0.1079 [95mCEU_coexistence: 0.9475 [97mS:[93m10.8%[97m([91m1.9c[97m-[94mF1:10.6%) [97mU1:[93m18.9%[97m([91m3.6c[97m) [97mU2:[93m85.5%[97m([91m27.3c[97m) [97mR:[93m94.7%[97m([91m29.6c[97m) [97mS-L: [92m0:[96m11% [92m1:[96m11%[39m [39m
2026-07-25 17:03:47,290 - Agent - INFO - [37mTest Epoch 10 step 10 with [31mce_loss_combined : 0.660290 [31mce_loss_c : 0.684821 [31mce_loss_g : 0.661548 [31mkl_synergy_rand_1 : 0.000134 [31mkl_synergy_rand_2 : 0.000160 [31mkl_synergy_1 : 0.000080 [31mkl_synergy_2 : 0.000159 [31mtotal : 0.660824 [31mdiag_kl_1 : 0.131971 [31mdiag_kl_2 : 0.034107 [94mAcc_combined: 62.52 [94mAcc_c: 50.00 [94mAcc_g: 62.71 [92mF1_combined: 62.54 [92mF1_c: 10.03 [92mF1_g: 62.19 [95mCEU_cue_audio: 0.1565 [95mCEU_cue_video: 0.8725 [95mCEU_synergy: 0.0719 [95mCEU_coexistence: 0.9662 [97mS:[93m7.2%[97m([91m1.2c[97m-[94mF1:7.2%) [97mU1:[93m15.7%[97m([91m3.2c[97m) [97mU2:[93m87.3%[97m([91m25.2c[97m) [97mR:[93m96.6%[97m([91m32.3c[97m) [97mS-L: [92m0:[96m10% [92m1:[96m6%[39m [39m
2026-07-25 17:03:47,976 - Agent - INFO - [37mModel saved successfully at: ./artifacts/models/multibench/ur_funny/vt/SynIB_RMask_REFABL_urfunny_fold0_l0.001_perturbrandom_fillema_pmin0.7_refclass_prior_lr0.001_wd0.001.pth.tar[39m
2026-07-25 17:04:22,834 - Evaluator - INFO - New best with accuracy-
2026-07-25 17:04:22,834 - Agent - INFO - [37mVal Epoch 11 step 11 with [31mce_loss_combined : 0.701589 [31mce_loss_c : 0.696244 [31mce_loss_g : 0.688202 [31mkl_synergy_rand_1 : 0.000105 [31mkl_synergy_rand_2 : 0.000125 [31mkl_synergy_1 : 0.000069 [31mkl_synergy_2 : 0.000122 [31mtotal : 0.702010 [31mdiag_kl_1 : 0.093620 [31mdiag_kl_2 : 0.024589 [94mAcc_combined: 63.20 [94mAcc_c: 50.19 [94mAcc_g: 62.96 [92mF1_combined: 64.22 [92mF1_c: 9.65 [92mF1_g: 62.15 [95mCEU_cue_audio: 0.3826 [95mCEU_cue_video: 0.7697 [95mCEU_synergy: 0.0917 [95mCEU_coexistence: 0.9568 [97mS:[93m9.2%[97m([91m1.6c[97m-[94mF1:9.2%) [97mU1:[93m38.3%[97m([91m7.3c[97m) [97mU2:[93m77.0%[97m([91m24.6c[97m) [97mR:[93m95.7%[97m([91m29.9c[97m) [97mS-L: [92m0:[96m17% [92m1:[96m6%[39m [39m
2026-07-25 17:04:22,858 - Agent - INFO - [37mTest Epoch 11 step 11 with [31mce_loss_combined : 0.645539 [31mce_loss_c : 0.684201 [31mce_loss_g : 0.641942 [31mkl_synergy_rand_1 : 0.000114 [31mkl_synergy_rand_2 : 0.000139 [31mkl_synergy_1 : 0.000071 [31mkl_synergy_2 : 0.000135 [31mtotal : 0.645999 [31mdiag_kl_1 : 0.100083 [31mdiag_kl_2 : 0.032051 [94mAcc_combined: 62.43 [94mAcc_c: 51.23 [94mAcc_g: 62.90 [92mF1_combined: 63.28 [92mF1_c: 13.13 [92mF1_g: 62.39 [95mCEU_cue_audio: 0.3457 [95mCEU_cue_video: 0.7680 [95mCEU_synergy: 0.1105 [95mCEU_coexistence: 0.9519 [97mS:[93m11.0%[97m([91m1.9c[97m-[94mF1:10.7%) [97mU1:[93m34.6%[97m([91m7.1c[97m) [97mU2:[93m76.8%[97m([91m22.2c[97m) [97mR:[93m95.2%[97m([91m31.9c[97m) [97mS-L: [92m0:[96m28% [92m1:[96m3%[39m [39m
2026-07-25 17:04:23,565 - Agent - INFO - [37mModel saved successfully at: ./artifacts/models/multibench/ur_funny/vt/SynIB_RMask_REFABL_urfunny_fold0_l0.001_perturbrandom_fillema_pmin0.7_refclass_prior_lr0.001_wd0.001.pth.tar[39m
2026-07-25 17:04:57,969 - Agent - INFO - [37mVal Epoch 12 step 12 with [31mce_loss_combined : 0.723866 [31mce_loss_c : 0.694808 [31mce_loss_g : 0.722912 [31mkl_synergy_rand_1 : 0.000145 [31mkl_synergy_rand_2 : 0.000179 [31mkl_synergy_1 : 0.000092 [31mkl_synergy_2 : 0.000180 [31mtotal : 0.724461 [31mdiag_kl_1 : 0.140820 [31mdiag_kl_2 : 0.029433 [94mAcc_combined: 62.33 [94mAcc_c: 50.29 [94mAcc_g: 62.23 [92mF1_combined: 62.57 [92mF1_c: 5.69 [92mF1_g: 61.66 [95mCEU_cue_audio: 0.2602 [95mCEU_cue_video: 0.8242 [95mCEU_synergy: 0.1241 [95mCEU_coexistence: 0.9165 [97mS:[93m12.4%[97m([91m2.2c[97m-[94mF1:12.3%) [97mU1:[93m26.0%[97m([91m4.9c[97m) [97mU2:[93m82.4%[97m([91m26.3c[97m) [97mR:[93m91.6%[97m([91m28.6c[97m) [97mS-L: [92m0:[96m28% [92m1:[96m6%[39m [39m
2026-07-25 17:05:32,657 - Agent - INFO - [37mVal Epoch 13 step 13 with [31mce_loss_combined : 0.711297 [31mce_loss_c : 0.696949 [31mce_loss_g : 0.713059 [31mkl_synergy_rand_1 : 0.000139 [31mkl_synergy_rand_2 : 0.000154 [31mkl_synergy_1 : 0.000081 [31mkl_synergy_2 : 0.000152 [31mtotal : 0.711823 [31mdiag_kl_1 : 0.128033 [31mdiag_kl_2 : 0.023083 [94mAcc_combined: 62.14 [94mAcc_c: 50.29 [94mAcc_g: 62.48 [92mF1_combined: 62.91 [92mF1_c: 5.69 [92mF1_g: 61.92 [95mCEU_cue_audio: 0.2755 [95mCEU_cue_video: 0.8029 [95mCEU_synergy: 0.1079 [95mCEU_coexistence: 0.9536 [97mS:[93m10.8%[97m([91m1.9c[97m-[94mF1:10.6%) [97mU1:[93m27.6%[97m([91m5.2c[97m) [97mU2:[93m80.3%[97m([91m25.6c[97m) [97mR:[93m95.4%[97m([91m29.8c[97m) [97mS-L: [92m0:[96m11% [92m1:[96m11%[39m [39m
2026-07-25 17:06:07,797 - Agent - INFO - [37mVal Epoch 14 step 14 with [31mce_loss_combined : 0.743832 [31mce_loss_c : 0.696576 [31mce_loss_g : 0.736848 [31mkl_synergy_rand_1 : 0.000168 [31mkl_synergy_rand_2 : 0.000206 [31mkl_synergy_1 : 0.000105 [31mkl_synergy_2 : 0.000207 [31mtotal : 0.744518 [31mdiag_kl_1 : 0.163636 [31mdiag_kl_2 : 0.038679 [94mAcc_combined: 61.70 [94mAcc_c: 50.29 [94mAcc_g: 61.90 [92mF1_combined: 62.21 [92mF1_c: 5.69 [92mF1_g: 61.18 [95mCEU_cue_audio: 0.2602 [95mCEU_cue_video: 0.8029 [95mCEU_synergy: 0.0973 [95mCEU_coexistence: 0.9350 [97mS:[93m9.7%[97m([91m1.7c[97m-[94mF1:9.7%) [97mU1:[93m26.0%[97m([91m4.9c[97m) [97mU2:[93m80.3%[97m([91m25.6c[97m) [97mR:[93m93.5%[97m([91m29.2c[97m) [97mS-L: [92m0:[96m13% [92m1:[96m8%[39m [39m
2026-07-25 17:06:42,414 - Agent - INFO - [37mVal Epoch 15 step 15 with [31mce_loss_combined : 0.737847 [31mce_loss_c : 0.696775 [31mce_loss_g : 0.728308 [31mkl_synergy_rand_1 : 0.000166 [31mkl_synergy_rand_2 : 0.000193 [31mkl_synergy_1 : 0.000106 [31mkl_synergy_2 : 0.000194 [31mtotal : 0.738506 [31mdiag_kl_1 : 0.153507 [31mdiag_kl_2 : 0.036955 [94mAcc_combined: 61.61 [94mAcc_c: 50.29 [94mAcc_g: 61.75 [92mF1_combined: 62.19 [92mF1_c: 5.69 [92mF1_g: 61.28 [95mCEU_cue_audio: 0.2908 [95mCEU_cue_video: 0.7819 [95mCEU_synergy: 0.1029 [95mCEU_coexistence: 0.9350 [97mS:[93m10.3%[97m([91m1.8c[97m-[94mF1:10.3%) [97mU1:[93m29.1%[97m([91m5.5c[97m) [97mU2:[93m78.2%[97m([91m25.0c[97m) [97mR:[93m93.5%[97m([91m29.2c[97m) [97mS-L: [92m0:[96m17% [92m1:[96m8%[39m [39m
2026-07-25 17:07:17,228 - Agent - INFO - [37mVal Epoch 16 step 16 with [31mce_loss_combined : 0.748607 [31mce_loss_c : 0.697078 [31mce_loss_g : 0.738213 [31mkl_synergy_rand_1 : 0.000178 [31mkl_synergy_rand_2 : 0.000214 [31mkl_synergy_1 : 0.000108 [31mkl_synergy_2 : 0.000212 [31mtotal : 0.749319 [31mdiag_kl_1 : 0.168658 [31mdiag_kl_2 : 0.042319 [94mAcc_combined: 60.93 [94mAcc_c: 50.29 [94mAcc_g: 61.46 [92mF1_combined: 61.49 [92mF1_c: 5.69 [92mF1_g: 60.80 [95mCEU_cue_audio: 0.2755 [95mCEU_cue_video: 0.7879 [95mCEU_synergy: 0.0917 [95mCEU_coexistence: 0.9225 [97mS:[93m9.2%[97m([91m1.6c[97m-[94mF1:9.0%) [97mU1:[93m27.6%[97m([91m5.2c[97m) [97mU2:[93m78.8%[97m([91m25.1c[97m) [97mR:[93m92.3%[97m([91m28.8c[97m) [97mS-L: [92m0:[96m8% [92m1:[96m10%[39m [39m
2026-07-25 17:07:52,080 - Agent - INFO - [37mVal Epoch 17 step 17 with [31mce_loss_combined : 0.683957 [31mce_loss_c : 0.697918 [31mce_loss_g : 0.687044 [31mkl_synergy_rand_1 : 0.000078 [31mkl_synergy_rand_2 : 0.000091 [31mkl_synergy_1 : 0.000051 [31mkl_synergy_2 : 0.000089 [31mtotal : 0.684266 [31mdiag_kl_1 : 0.073460 [31mdiag_kl_2 : 0.023723 [94mAcc_combined: 60.88 [94mAcc_c: 50.29 [94mAcc_g: 61.85 [92mF1_combined: 61.82 [92mF1_c: 5.69 [92mF1_g: 60.88 [95mCEU_cue_audio: 0.3724 [95mCEU_cue_video: 0.7183 [95mCEU_synergy: 0.0917 [95mCEU_coexistence: 0.9443 [97mS:[93m9.2%[97m([91m1.6c[97m-[94mF1:9.2%) [97mU1:[93m37.2%[97m([91m7.1c[97m) [97mU2:[93m71.8%[97m([91m22.9c[97m) [97mR:[93m94.4%[97m([91m29.5c[97m) [97mS-L: [92m0:[96m15% [92m1:[96m7%[39m [39m
2026-07-25 17:08:26,822 - Agent - INFO - [37mVal Epoch 18 step 18 with [31mce_loss_combined : 0.706285 [31mce_loss_c : 0.698014 [31mce_loss_g : 0.712997 [31mkl_synergy_rand_1 : 0.000094 [31mkl_synergy_rand_2 : 0.000111 [31mkl_synergy_1 : 0.000060 [31mkl_synergy_2 : 0.000114 [31mtotal : 0.706664 [31mdiag_kl_1 : 0.093125 [31mdiag_kl_2 : 0.028413 [94mAcc_combined: 61.90 [94mAcc_c: 50.29 [94mAcc_g: 62.14 [92mF1_combined: 62.72 [92mF1_c: 5.69 [92mF1_g: 61.86 [95mCEU_cue_audio: 0.2247 [95mCEU_cue_video: 0.8484 [95mCEU_synergy: 0.1191 [95mCEU_coexistence: 0.9011 [97mS:[93m11.9%[97m([91m2.1c[97m-[94mF1:10.8%) [97mU1:[93m22.4%[97m([91m4.3c[97m) [97mU2:[93m84.8%[97m([91m27.1c[97m) [97mR:[93m90.1%[97m([91m28.1c[97m) [97mS-L: [92m0:[96m2% [92m1:[96m16%[39m [39m
2026-07-25 17:09:01,805 - Evaluator - INFO - New best with syn_accuracy-
2026-07-25 17:09:01,805 - Agent - INFO - [37mVal Epoch 19 step 19 with [31mce_loss_combined : 0.742065 [31mce_loss_c : 0.716513 [31mce_loss_g : 0.734947 [31mkl_synergy_rand_1 : 0.000154 [31mkl_synergy_rand_2 : 0.000173 [31mkl_synergy_1 : 0.000101 [31mkl_synergy_2 : 0.000172 [31mtotal : 0.742665 [31mdiag_kl_1 : 0.157047 [31mdiag_kl_2 : 0.067646 [94mAcc_combined: 59.43 [94mAcc_c: 49.52 [94mAcc_g: 61.36 [92mF1_combined: 58.89 [92mF1_c: 34.75 [92mF1_g: 60.89 [95mCEU_cue_audio: 0.2041 [95mCEU_cue_video: 0.8302 [95mCEU_synergy: 0.2269 [95mCEU_coexistence: 0.7957 [97mS:[93m22.7%[97m([91m4.1c[97m-[94mF1:18.5%) [97mU1:[93m20.4%[97m([91m3.9c[97m) [97mU2:[93m83.0%[97m([91m26.5c[97m) [97mR:[93m79.6%[97m([91m24.9c[97m) [97mS-L: [92m1:[96m32%[39m [39m
2026-07-25 17:09:01,828 - Agent - INFO - [37mTest Epoch 19 step 19 with [31mce_loss_combined : 0.686356 [31mce_loss_c : 0.709744 [31mce_loss_g : 0.676121 [31mkl_synergy_rand_1 : 0.000159 [31mkl_synergy_rand_2 : 0.000172 [31mkl_synergy_1 : 0.000102 [31mkl_synergy_2 : 0.000169 [31mtotal : 0.686958 [31mdiag_kl_1 : 0.158257 [31mdiag_kl_2 : 0.068027 [94mAcc_combined: 61.53 [94mAcc_c: 52.17 [94mAcc_g: 63.19 [92mF1_combined: 61.09 [92mF1_c: 37.99 [92mF1_g: 62.67 [95mCEU_cue_audio: 0.2721 [95mCEU_cue_video: 0.8268 [95mCEU_synergy: 0.2542 [95mCEU_coexistence: 0.8135 [97mS:[93m25.4%[97m([91m4.3c[97m-[94mF1:20.3%) [97mU1:[93m27.2%[97m([91m5.6c[97m) [97mU2:[93m82.7%[97m([91m23.9c[97m) [97mR:[93m81.4%[97m([91m27.2c[97m) [97mS-L: [92m1:[96m37%[39m [39m
2026-07-25 17:09:02,545 - Agent - INFO - [37mModel saved successfully at: ./artifacts/models/multibench/ur_funny/vt/SynIB_RMask_REFABL_urfunny_fold0_l0.001_perturbrandom_fillema_pmin0.7_refclass_prior_lr0.001_wd0.001.pth.tar[39m
2026-07-25 17:09:37,496 - Agent - INFO - [37mVal Epoch 20 step 20 with [31mce_loss_combined : 0.692317 [31mce_loss_c : 0.694750 [31mce_loss_g : 0.691325 [31mkl_synergy_rand_1 : 0.000109 [31mkl_synergy_rand_2 : 0.000125 [31mkl_synergy_1 : 0.000065 [31mkl_synergy_2 : 0.000124 [31mtotal : 0.692740 [31mdiag_kl_1 : 0.113002 [31mdiag_kl_2 : 0.037872 [94mAcc_combined: 61.90 [94mAcc_c: 50.29 [94mAcc_g: 62.19 [92mF1_combined: 60.83 [92mF1_c: 5.69 [92mF1_g: 61.44 [95mCEU_cue_audio: 0.2500 [95mCEU_cue_video: 0.8424 [95mCEU_synergy: 0.1839 [95mCEU_coexistence: 0.8761 [97mS:[93m18.4%[97m([91m3.3c[97m-[94mF1:17.4%) [97mU1:[93m25.0%[97m([91m4.7c[97m) [97mU2:[93m84.2%[97m([91m26.9c[97m) [97mR:[93m87.6%[97m([91m27.4c[97m) [97mS-L: [92m0:[96m13% [92m1:[96m20%[39m [39m
