Starting SynIB reference-ablation job
Python 3.10.19
/esat/smcdata/users/kkontras/Image_Dataset/no_backup/git/SynIB  (git a2fb4fd)
GPU 0: NVIDIA GeForce RTX 3080 (UUID: GPU-38ac18aa-ac37-19ec-83cc-711bae5cce9f)
Executing: PYTHONPATH=src /esat/smcdata/users/kkontras/Image_Dataset/no_backup/envs/synergy_new/bin/python -m synib.entrypoints.train --config run/configs/rebuttal_ref_ablation/mosi_synib_u.json --default_config run/configs/rebuttal_ref_ablation/mosi_default.json --fold 2 --rmask random --l 0.1 --perturb_pmin 0.3 --perturb_fill ema --lr 0.0005 --wd 0.001 --batch_size 32 --reference_type unimodal_anchor --ref_diag --start_over --tag REFABL_mosi
Namespace(config='run/configs/rebuttal_ref_ablation/mosi_synib_u.json', default_config='run/configs/rebuttal_ref_ablation/mosi_default.json', fold='2', alpha=None, tanh_mode_beta=None, regby=None, batch_size='32', l='0.1', multil=None, lib=None, kmepoch=None, num_samples=None, contrcoeff=None, contr_type=None, shuffle_type=None, validate_with=None, num_classes=None, optim_method=None, ending_epoch=None, load_ongoing=None, recon_weight1=None, recon_weight2=None, recon_epochstages=None, recon_ensemblestages=None, lr='0.0005', wd='0.001', cls=None, ironic_rate=None, perturb='random', perturb_fill='ema', perturb_pmax=None, perturb_pmin='0.3', perturb_lsparse=None, rmask='random', pmin=None, pmax=None, lsparse=None, debug_mask_stats=False, pre=False, frozen=False, tdqm_disable=False, start_over=True, no_model_save=False, num_layers=None, grad_accum=None, init_from=None, init_strict=False, perturb_lsparse_sign=None, l_anneal_epochs=None, perturb_steps=None, perturb_lsparse_warmup=None, perturb_lsparse_schedule=None, persist_ell=False, save_masks=False, penalty_swap=False, disable_ce_random=False, disable_kl_learned=False, masking_only=False, modality_dropout=None, modality_dropout_target=None, l_z1_masked=None, l_z2_masked=None, l_pareto=None, reference_type='unimodal_anchor', ref_diag=True, ref_ema_decay=None, tag='REFABL_mosi')
2026-07-25 16:06:37,216 - Config - INFO - run/configs/rebuttal_ref_ablation/mosi_synib_u.json
2026-07-25 16:06:37,218 - Config - INFO -  THE Configuration of your experiment ..
{'agent': 'Agent',
 'dataset': {'data_roots': './src/synib/mydatasets/Factor_CL_Datasets/prepared/mosi/mosi_data.pkl',
             'data_type': 'mosi',
             'dataloader_class': 'FactorCL_Dataloader',
             'kfold_data_roots': './src/synib/mydatasets/Factor_CL_Datasets/prepared/mosi/mosi_synergy3.pkl'},
 'early_stopping': {'end_of_epoch_check': True,
                    'log_interval': 10,
                    'max_epoch': 100,
                    'n_steps_stop': 30,
                    'n_steps_stop_after': 0,
                    'save_every_step': 3000,
                    'save_every_valstep': 50,
                    'validate_after': 0,
                    'validate_every': 185},
 'exp_name': 'Mosi Experiment',
 'model': {'args': {'bias_infusion': {'l': 0.1, 'method': False},
                    'clip_grad': False,
                    'cls_type': 'mlp',
                    'd_model': 40,
                    'dropout': 0.1,
                    'fc_inner': 64,
                    'hidden_dim': 64,
                    'in_dim': 64,
                    'multi_loss': {'multi_supervised_w': {'c': 1,
                                                          'combined': 1,
                                                          'g': 1}},
                    'norm_decision': False,
                    'num_classes': 2,
                    'synergy_type': 'unimodal_anchor'},
           'ceu': {'test': './artifacts/ceus/mosi/mosi_ceu_test.pkl',
                   'val': './artifacts/ceus/mosi/mosi_ceu_val.pkl'},
           'encoders': [{'args': {'freeze_encoder': False,
                                  'hidden_size': 40,
                                  'modality': 'c',
                                  'n_features': 20,
                                  'num_classes': 2},
                         'model': 'FactorCL_Uni',
                         'pretrainedEncoder': {'dir': 'unimodal_video_fold{}_vldaccuracy_lr0.0005_wd0.00001.pth.tar',
                                               'use': True}},
                        {'args': {'freeze_encoder': False,
                                  'hidden_size': 40,
                                  'modality': 'g',
                                  'n_features': 300,
                                  'num_classes': 2},
                         'model': 'FactorCL_Uni',
                         'pretrainedEncoder': {'dir': 'unimodal_text_fold{}_vldaccuracy_lr0.0005_wd0.0001.pth.tar',
                                               'use': True}},
                        {'args': {'d_model': 40,
                                  'dropout': 0.1,
                                  'fc_inner': 64,
                                  'freeze_encoder': False},
                         'model': 'FusionTrunkLinear',
                         'name': 'enc_2_fusion_trunk',
                         'pretrainedEncoder': {'dir': 'enc_2_fusion_trunk_fold{}.pth.tar',
                                               'use': False},
                         'save_encoder': False},
                        {'args': {'freeze_encoder': False,
                                  'in_dim': 64,
                                  'num_classes': 2},
                         'model': 'LinearHead',
                         'name': 'enc_3_fusion_head',
                         'pretrainedEncoder': {'dir': 'enc_3_fusion_head_fold{}.pth.tar',
                                               'use': False},
                         'save_encoder': False}],
           'load_ongoing': False,
           'model_class': 'FusionIBModel_Mask_U',
           'save_base_dir': './artifacts/models/multibench/mosi/vt',
           'save_dir': 'SynIB_RMask_U_fold{}.pth.tar'},
 'optimizer': {'beta1': 0.9,
               'beta2': 0.999,
               'learning_rate': 0.0001,
               'momentum': 0.9,
               'type': 'Adam',
               'weight_decay': 0.0001},
 'scheduler': {'max_lr': 0.03, 'type': 'cosanneal', 'warm_up_steps': 780},
 'task': 'classification',
 'training_params': {'adversarial_training': {'adv_epsilon': 0.01,
                                              'use': False},
                     'async_loading': True,
                     'batch_size': 32,
                     'cuda': True,
                     'data_loader_workers': 8,
                     'gpu_device': [0],
                     'pin_memory': True,
                     'rec_test': True,
                     'res': True,
                     'seed': 109,
                     'tdqm_disable': False,
                     'test_batch_size': 32,
                     'test_on_bottoms': False,
                     'use_test_set': True,
                     'validation': True,
                     'verbose': True,
                     'wandb_disable': True}}
2026-07-25 16:06:37,220 - Config - INFO -  *************************************** 
2026-07-25 16:06:37,220 - Config - INFO - The experiment name is Mosi Experiment
2026-07-25 16:06:37,220 - Config - INFO -  *************************************** 
2026-07-25 16:06:37,220 - root - INFO - save_dir: SynIB_RMask_U_foldREFABL_mosi_fold2_l0.1_perturbrandom_fillema_pmin0.3_refunimodal_anchor_lr0.0005_wd0.001_bs32.pth.tar
2026-07-25 16:06:37,333 - Cuda Statistics - INFO - __Python VERSION:  3.10.19 (main, Oct 21 2025, 16:43:05) [GCC 11.2.0]
2026-07-25 16:06:37,333 - Cuda Statistics - INFO - __pyTorch VERSION:  2.9.1+cu128
2026-07-25 16:06:37,333 - Cuda Statistics - INFO - __CUDA VERSION
2026-07-25 16:06:37,334 - Cuda Statistics - INFO - __CUDNN VERSION:  91002
2026-07-25 16:06:37,360 - Cuda Statistics - INFO - __Number CUDA Devices:  1
2026-07-25 16:06:37,360 - Cuda Statistics - INFO - __Devices
2026-07-25 16:06:37,360 - Cuda Statistics - INFO - index, name, driver_version, memory.total [MiB], memory.used [MiB], memory.free [MiB]
2026-07-25 16:06:37,360 - Cuda Statistics - INFO - 0, NVIDIA GeForce RTX 3080, 610.43.03, 10240 MiB, 580 MiB, 9291 MiB
2026-07-25 16:06:37,364 - Cuda Statistics - INFO - Active CUDA Device: GPU 0
2026-07-25 16:06:37,364 - Cuda Statistics - INFO - Available devices  1
2026-07-25 16:06:37,364 - Cuda Statistics - INFO - Current cuda device  0
2026-07-25 16:06:37,486 - Agent - INFO - Device: cuda:0
2026-07-25 16:06:37,486 - Agent - INFO - Total training batches: 41, validate every 185 batches, steps per epoch: 1
2026-07-25 16:06:37,549 - Agent - INFO - Loss Weights are {'total': 1, 'combined': 1, 'c': 1, 'g': 1}
2026-07-25 16:06:37,549 - root - INFO - There is no CEU for train
2026-07-25 16:06:37,598 - root - INFO - Loading enc best model state dict from ./artifacts/models/multibench/mosi/vt/unimodal_video_fold2_vldaccuracy_lr0.0005_wd0.00001.pth.tar
2026-07-25 16:06:37,638 - root - INFO - Loading enc best model state dict from ./artifacts/models/multibench/mosi/vt/unimodal_text_fold2_vldaccuracy_lr0.0005_wd0.0001.pth.tar
2026-07-25 16:06:37,777 - Agent - INFO - Total number of trainable parameters are: 5232226
2026-07-25 16:06:37,786 - Agent - INFO - Total number of trainable parameters are: 1753338
2026-07-25 16:06:45,090 - Evaluator - INFO - New best with loss-accuracy-syn_accuracy-
2026-07-25 16:06:45,090 - Agent - INFO - [37mVal Epoch 1 step 1 with [31mce_loss_combined : 0.472245 [31mce_loss_c : 0.790470 [31mce_loss_g : 0.482270 [31mkl_synergy_rand_1 : 0.020023 [31mkl_synergy_rand_2 : 0.015439 [31mkl_synergy_1 : 0.025047 [31mkl_synergy_2 : 0.014702 [31mtotal : 0.547456 [31mdiag_kl_1 : 0.234143 [31mdiag_kl_2 : 0.154752 [94mAcc_combined: 74.67 [94mAcc_c: 60.04 [94mAcc_g: 80.13 [92mF1_combined: 75.73 [92mF1_c: 62.58 [92mF1_g: 80.60 [95mCEU_cue_audio: 0.3104 [95mCEU_cue_video: 0.8052 [95mCEU_synergy: 0.1534 [95mCEU_coexistence: 0.9546 [97mS:[93m15.4%[97m([91m0.9c[97m-[94mF1:13.3%) [97mU1:[93m31.0%[97m([91m3.9c[97m) [97mU2:[93m80.5%[97m([91m27.1c[97m) [97mR:[93m95.5%[97m([91m45.9c[97m) [97mS-L: [92m1:[96m33%[39m [39m
2026-07-25 16:06:45,105 - Agent - INFO - [37mTest Epoch 1 step 1 with [31mce_loss_combined : 0.749364 [31mce_loss_c : 0.894455 [31mce_loss_g : 0.746747 [31mkl_synergy_rand_1 : 0.031541 [31mkl_synergy_rand_2 : 0.014009 [31mkl_synergy_1 : 0.036375 [31mkl_synergy_2 : 0.015976 [31mtotal : 0.847265 [31mdiag_kl_1 : 0.347587 [31mdiag_kl_2 : 0.147390 [94mAcc_combined: 69.02 [94mAcc_c: 52.04 [94mAcc_g: 70.12 [92mF1_combined: 69.45 [92mF1_c: 56.99 [92mF1_g: 71.45 [95mCEU_cue_audio: 0.2159 [95mCEU_cue_video: 0.8591 [95mCEU_synergy: 0.1609 [95mCEU_coexistence: 0.9328 [97mS:[93m16.0%[97m([91m1.9c[97m-[94mF1:15.7%) [97mU1:[93m21.6%[97m([91m3.2c[97m) [97mU2:[93m85.9%[97m([91m27.6c[97m) [97mR:[93m93.3%[97m([91m38.5c[97m) [97mS-L: [92m0:[96m11% [92m1:[96m21%[39m [39m
2026-07-25 16:06:45,261 - Agent - INFO - [37mModel saved successfully at: ./artifacts/models/multibench/mosi/vt/SynIB_RMask_U_foldREFABL_mosi_fold2_l0.1_perturbrandom_fillema_pmin0.3_refunimodal_anchor_lr0.0005_wd0.001_bs32.pth.tar[39m
2026-07-25 16:06:52,185 - Agent - INFO - [37mVal Epoch 2 step 2 with [31mce_loss_combined : 0.479931 [31mce_loss_c : 0.836137 [31mce_loss_g : 0.484140 [31mkl_synergy_rand_1 : 0.025137 [31mkl_synergy_rand_2 : 0.013542 [31mkl_synergy_1 : 0.025950 [31mkl_synergy_2 : 0.013630 [31mtotal : 0.558189 [31mdiag_kl_1 : 0.270743 [31mdiag_kl_2 : 0.143111 [94mAcc_combined: 74.67 [94mAcc_c: 61.35 [94mAcc_g: 79.26 [92mF1_combined: 75.21 [92mF1_c: 63.80 [92mF1_g: 80.41 [95mCEU_cue_audio: 0.4483 [95mCEU_cue_video: 0.8572 [95mCEU_synergy: 0.0000 [95mCEU_coexistence: 0.9636 [97mS:[93m0.0%[97m([91m0.0c[97m-[94mF1:0.0%) [97mU1:[93m44.8%[97m([91m5.7c[97m) [97mU2:[93m85.7%[97m([91m28.8c[97m) [97mR:[93m96.4%[97m([91m46.3c[97m) [97mS-L: None[39m [39m
2026-07-25 16:06:59,156 - Agent - INFO - [37mVal Epoch 3 step 3 with [31mce_loss_combined : 0.505734 [31mce_loss_c : 0.968616 [31mce_loss_g : 0.540090 [31mkl_synergy_rand_1 : 0.018980 [31mkl_synergy_rand_2 : 0.011713 [31mkl_synergy_1 : 0.022884 [31mkl_synergy_2 : 0.015186 [31mtotal : 0.574497 [31mdiag_kl_1 : 0.225045 [31mdiag_kl_2 : 0.141860 [94mAcc_combined: 71.83 [94mAcc_c: 58.73 [94mAcc_g: 78.82 [92mF1_combined: 74.76 [92mF1_c: 60.04 [92mF1_g: 79.41 [95mCEU_cue_audio: 0.4139 [95mCEU_cue_video: 0.8572 [95mCEU_synergy: 0.0000 [95mCEU_coexistence: 0.9455 [97mS:[93m0.0%[97m([91m0.0c[97m-[94mF1:0.0%) [97mU1:[93m41.4%[97m([91m5.2c[97m) [97mU2:[93m85.7%[97m([91m28.8c[97m) [97mR:[93m94.5%[97m([91m45.4c[97m) [97mS-L: None[39m [39m
2026-07-25 16:07:06,039 - Agent - INFO - [37mVal Epoch 4 step 4 with [31mce_loss_combined : 0.500506 [31mce_loss_c : 0.924890 [31mce_loss_g : 0.528744 [31mkl_synergy_rand_1 : 0.019275 [31mkl_synergy_rand_2 : 0.013903 [31mkl_synergy_1 : 0.024042 [31mkl_synergy_2 : 0.017362 [31mtotal : 0.575087 [31mdiag_kl_1 : 0.241198 [31mdiag_kl_2 : 0.167708 [94mAcc_combined: 72.93 [94mAcc_c: 59.83 [94mAcc_g: 79.04 [92mF1_combined: 74.38 [92mF1_c: 60.68 [92mF1_g: 79.40 [95mCEU_cue_audio: 0.3791 [95mCEU_cue_video: 0.9221 [95mCEU_synergy: 0.0775 [95mCEU_coexistence: 0.9182 [97mS:[93m7.7%[97m([91m0.4c[97m-[94mF1:7.1%) [97mU1:[93m37.9%[97m([91m4.8c[97m) [97mU2:[93m92.2%[97m([91m31.0c[97m) [97mR:[93m91.8%[97m([91m44.1c[97m) [97mS-L: [92m0:[96m14%[39m [39m
2026-07-25 16:07:12,945 - Agent - INFO - [37mVal Epoch 5 step 5 with [31mce_loss_combined : 0.607871 [31mce_loss_c : 0.820618 [31mce_loss_g : 0.620184 [31mkl_synergy_rand_1 : 0.018584 [31mkl_synergy_rand_2 : 0.021779 [31mkl_synergy_1 : 0.022132 [31mkl_synergy_2 : 0.022178 [31mtotal : 0.692543 [31mdiag_kl_1 : 0.236622 [31mdiag_kl_2 : 0.229698 [94mAcc_combined: 67.69 [94mAcc_c: 59.39 [94mAcc_g: 74.24 [92mF1_combined: 68.38 [92mF1_c: 62.35 [92mF1_g: 74.57 [95mCEU_cue_audio: 0.4139 [95mCEU_cue_video: 0.6234 [95mCEU_synergy: 0.0000 [95mCEU_coexistence: 0.9001 [97mS:[93m0.0%[97m([91m0.0c[97m-[94mF1:0.0%) [97mU1:[93m41.4%[97m([91m5.2c[97m) [97mU2:[93m62.3%[97m([91m21.0c[97m) [97mR:[93m90.0%[97m([91m43.2c[97m) [97mS-L: None[39m [39m
2026-07-25 16:07:19,800 - Agent - INFO - [37mVal Epoch 6 step 6 with [31mce_loss_combined : 0.541680 [31mce_loss_c : 0.920370 [31mce_loss_g : 0.473294 [31mkl_synergy_rand_1 : 0.018285 [31mkl_synergy_rand_2 : 0.017751 [31mkl_synergy_1 : 0.020343 [31mkl_synergy_2 : 0.020529 [31mtotal : 0.618587 [31mdiag_kl_1 : 0.206876 [31mdiag_kl_2 : 0.187407 [94mAcc_combined: 71.40 [94mAcc_c: 57.86 [94mAcc_g: 79.48 [92mF1_combined: 72.77 [92mF1_c: 59.37 [92mF1_g: 80.17 [95mCEU_cue_audio: 0.6209 [95mCEU_cue_video: 0.4026 [95mCEU_synergy: 0.1534 [95mCEU_coexistence: 0.9546 [97mS:[93m15.4%[97m([91m0.9c[97m-[94mF1:13.3%) [97mU1:[93m62.1%[97m([91m7.9c[97m) [97mU2:[93m40.3%[97m([91m13.5c[97m) [97mR:[93m95.5%[97m([91m45.9c[97m) [97mS-L: [92m0:[96m29%[39m [39m
2026-07-25 16:07:26,673 - Agent - INFO - [37mVal Epoch 7 step 7 with [31mce_loss_combined : 0.498606 [31mce_loss_c : 0.937225 [31mce_loss_g : 0.552410 [31mkl_synergy_rand_1 : 0.021748 [31mkl_synergy_rand_2 : 0.011861 [31mkl_synergy_1 : 0.026573 [31mkl_synergy_2 : 0.013968 [31mtotal : 0.572756 [31mdiag_kl_1 : 0.254434 [31mdiag_kl_2 : 0.158137 [94mAcc_combined: 74.02 [94mAcc_c: 59.61 [94mAcc_g: 76.64 [92mF1_combined: 75.86 [92mF1_c: 61.54 [92mF1_g: 77.09 [95mCEU_cue_audio: 0.4826 [95mCEU_cue_video: 0.5845 [95mCEU_synergy: 0.0000 [95mCEU_coexistence: 0.9546 [97mS:[93m0.0%[97m([91m0.0c[97m-[94mF1:0.0%) [97mU1:[93m48.3%[97m([91m6.1c[97m) [97mU2:[93m58.4%[97m([91m19.7c[97m) [97mR:[93m95.5%[97m([91m45.9c[97m) [97mS-L: None[39m [39m
2026-07-25 16:07:33,610 - Agent - INFO - [37mVal Epoch 8 step 8 with [31mce_loss_combined : 0.589952 [31mce_loss_c : 1.012962 [31mce_loss_g : 0.508504 [31mkl_synergy_rand_1 : 0.024564 [31mkl_synergy_rand_2 : 0.022414 [31mkl_synergy_1 : 0.026446 [31mkl_synergy_2 : 0.026721 [31mtotal : 0.690097 [31mdiag_kl_1 : 0.274044 [31mdiag_kl_2 : 0.252314 [94mAcc_combined: 69.87 [94mAcc_c: 57.64 [94mAcc_g: 77.29 [92mF1_combined: 71.01 [92mF1_c: 58.19 [92mF1_g: 78.69 [95mCEU_cue_audio: 0.4826 [95mCEU_cue_video: 0.5065 [95mCEU_synergy: 0.1534 [95mCEU_coexistence: 0.9182 [97mS:[93m15.4%[97m([91m0.9c[97m-[94mF1:13.3%) [97mU1:[93m48.3%[97m([91m6.1c[97m) [97mU2:[93m50.6%[97m([91m17.0c[97m) [97mR:[93m91.8%[97m([91m44.1c[97m) [97mS-L: [92m0:[96m29%[39m [39m
2026-07-25 16:07:40,531 - Agent - INFO - [37mVal Epoch 9 step 9 with [31mce_loss_combined : 0.596603 [31mce_loss_c : 0.996200 [31mce_loss_g : 0.487837 [31mkl_synergy_rand_1 : 0.014246 [31mkl_synergy_rand_2 : 0.021942 [31mkl_synergy_1 : 0.016729 [31mkl_synergy_2 : 0.023718 [31mtotal : 0.673239 [31mdiag_kl_1 : 0.251519 [31mdiag_kl_2 : 0.196648 [94mAcc_combined: 69.21 [94mAcc_c: 57.86 [94mAcc_g: 76.42 [92mF1_combined: 71.52 [92mF1_c: 58.67 [92mF1_g: 76.82 [95mCEU_cue_audio: 0.6896 [95mCEU_cue_video: 0.4155 [95mCEU_synergy: 0.0000 [95mCEU_coexistence: 0.9001 [97mS:[93m0.0%[97m([91m0.0c[97m-[94mF1:0.0%) [97mU1:[93m69.0%[97m([91m8.7c[97m) [97mU2:[93m41.6%[97m([91m14.0c[97m) [97mR:[93m90.0%[97m([91m43.2c[97m) [97mS-L: None[39m [39m
2026-07-25 16:07:47,448 - Agent - INFO - [37mVal Epoch 10 step 10 with [31mce_loss_combined : 0.580650 [31mce_loss_c : 0.843989 [31mce_loss_g : 0.531479 [31mkl_synergy_rand_1 : 0.022394 [31mkl_synergy_rand_2 : 0.011095 [31mkl_synergy_1 : 0.027857 [31mkl_synergy_2 : 0.012376 [31mtotal : 0.654372 [31mdiag_kl_1 : 0.296065 [31mdiag_kl_2 : 0.182528 [94mAcc_combined: 70.96 [94mAcc_c: 57.86 [94mAcc_g: 76.86 [92mF1_combined: 72.80 [92mF1_c: 61.32 [92mF1_g: 77.54 [95mCEU_cue_audio: 0.3449 [95mCEU_cue_video: 0.8572 [95mCEU_synergy: 0.0000 [95mCEU_coexistence: 0.9363 [97mS:[93m0.0%[97m([91m0.0c[97m-[94mF1:0.0%) [97mU1:[93m34.5%[97m([91m4.4c[97m) [97mU2:[93m85.7%[97m([91m28.8c[97m) [97mR:[93m93.6%[97m([91m45.0c[97m) [97mS-L: None[39m [39m
2026-07-25 16:07:54,336 - Agent - INFO - [37mVal Epoch 11 step 11 with [31mce_loss_combined : 0.598203 [31mce_loss_c : 0.895153 [31mce_loss_g : 0.596832 [31mkl_synergy_rand_1 : 0.024703 [31mkl_synergy_rand_2 : 0.010115 [31mkl_synergy_1 : 0.031590 [31mkl_synergy_2 : 0.011811 [31mtotal : 0.676422 [31mdiag_kl_1 : 0.322726 [31mdiag_kl_2 : 0.170465 [94mAcc_combined: 73.36 [94mAcc_c: 58.73 [94mAcc_g: 77.51 [92mF1_combined: 75.30 [92mF1_c: 60.87 [92mF1_g: 77.94 [95mCEU_cue_audio: 0.2757 [95mCEU_cue_video: 0.8572 [95mCEU_synergy: 0.0000 [95mCEU_coexistence: 0.9182 [97mS:[93m0.0%[97m([91m0.0c[97m-[94mF1:0.0%) [97mU1:[93m27.6%[97m([91m3.5c[97m) [97mU2:[93m85.7%[97m([91m28.8c[97m) [97mR:[93m91.8%[97m([91m44.1c[97m) [97mS-L: None[39m [39m
2026-07-25 16:08:01,179 - Agent - INFO - [37mVal Epoch 12 step 12 with [31mce_loss_combined : 0.587750 [31mce_loss_c : 0.915927 [31mce_loss_g : 0.551867 [31mkl_synergy_rand_1 : 0.018979 [31mkl_synergy_rand_2 : 0.014342 [31mkl_synergy_1 : 0.026127 [31mkl_synergy_2 : 0.014227 [31mtotal : 0.661425 [31mdiag_kl_1 : 0.294293 [31mdiag_kl_2 : 0.191661 [94mAcc_combined: 69.87 [94mAcc_c: 57.86 [94mAcc_g: 77.07 [92mF1_combined: 72.29 [92mF1_c: 60.04 [92mF1_g: 77.42 [95mCEU_cue_audio: 0.4826 [95mCEU_cue_video: 0.5974 [95mCEU_synergy: 0.0000 [95mCEU_coexistence: 0.9363 [97mS:[93m0.0%[97m([91m0.0c[97m-[94mF1:0.0%) [97mU1:[93m48.3%[97m([91m6.1c[97m) [97mU2:[93m59.7%[97m([91m20.1c[97m) [97mR:[93m93.6%[97m([91m45.0c[97m) [97mS-L: None[39m [39m
2026-07-25 16:08:08,097 - Agent - INFO - [37mVal Epoch 13 step 13 with [31mce_loss_combined : 0.538766 [31mce_loss_c : 0.849854 [31mce_loss_g : 0.554772 [31mkl_synergy_rand_1 : 0.026542 [31mkl_synergy_rand_2 : 0.009727 [31mkl_synergy_1 : 0.032241 [31mkl_synergy_2 : 0.010749 [31mtotal : 0.618024 [31mdiag_kl_1 : 0.322216 [31mdiag_kl_2 : 0.162617 [94mAcc_combined: 72.05 [94mAcc_c: 61.14 [94mAcc_g: 77.29 [92mF1_combined: 74.09 [92mF1_c: 62.92 [92mF1_g: 77.59 [95mCEU_cue_audio: 0.2757 [95mCEU_cue_video: 0.9221 [95mCEU_synergy: 0.0000 [95mCEU_coexistence: 0.9182 [97mS:[93m0.0%[97m([91m0.0c[97m-[94mF1:0.0%) [97mU1:[93m27.6%[97m([91m3.5c[97m) [97mU2:[93m92.2%[97m([91m31.0c[97m) [97mR:[93m91.8%[97m([91m44.1c[97m) [97mS-L: None[39m [39m
2026-07-25 16:08:14,990 - Agent - INFO - [37mVal Epoch 14 step 14 with [31mce_loss_combined : 0.617300 [31mce_loss_c : 1.054654 [31mce_loss_g : 0.544301 [31mkl_synergy_rand_1 : 0.015938 [31mkl_synergy_rand_2 : 0.017451 [31mkl_synergy_1 : 0.018917 [31mkl_synergy_2 : 0.018716 [31mtotal : 0.688322 [31mdiag_kl_1 : 0.280567 [31mdiag_kl_2 : 0.220682 [94mAcc_combined: 71.62 [94mAcc_c: 56.77 [94mAcc_g: 77.07 [92mF1_combined: 73.68 [92mF1_c: 58.05 [92mF1_g: 77.80 [95mCEU_cue_audio: 0.4826 [95mCEU_cue_video: 0.5455 [95mCEU_synergy: 0.0000 [95mCEU_coexistence: 0.9273 [97mS:[93m0.0%[97m([91m0.0c[97m-[94mF1:0.0%) [97mU1:[93m48.3%[97m([91m6.1c[97m) [97mU2:[93m54.5%[97m([91m18.3c[97m) [97mR:[93m92.7%[97m([91m44.5c[97m) [97mS-L: None[39m [39m
2026-07-25 16:08:21,966 - Agent - INFO - [37mVal Epoch 15 step 15 with [31mce_loss_combined : 0.642565 [31mce_loss_c : 0.954895 [31mce_loss_g : 0.620393 [31mkl_synergy_rand_1 : 0.021732 [31mkl_synergy_rand_2 : 0.014893 [31mkl_synergy_1 : 0.028896 [31mkl_synergy_2 : 0.015108 [31mtotal : 0.723194 [31mdiag_kl_1 : 0.330034 [31mdiag_kl_2 : 0.202000 [94mAcc_combined: 72.49 [94mAcc_c: 57.64 [94mAcc_g: 74.89 [92mF1_combined: 74.60 [92mF1_c: 59.24 [92mF1_g: 75.37 [95mCEU_cue_audio: 0.4139 [95mCEU_cue_video: 0.6753 [95mCEU_synergy: 0.0000 [95mCEU_coexistence: 0.8818 [97mS:[93m0.0%[97m([91m0.0c[97m-[94mF1:0.0%) [97mU1:[93m41.4%[97m([91m5.2c[97m) [97mU2:[93m67.5%[97m([91m22.7c[97m) [97mR:[93m88.2%[97m([91m42.4c[97m) [97mS-L: None[39m [39m
2026-07-25 16:08:28,891 - Agent - INFO - [37mVal Epoch 16 step 16 with [31mce_loss_combined : 0.607333 [31mce_loss_c : 0.976128 [31mce_loss_g : 0.526337 [31mkl_synergy_rand_1 : 0.016071 [31mkl_synergy_rand_2 : 0.018744 [31mkl_synergy_1 : 0.019374 [31mkl_synergy_2 : 0.020708 [31mtotal : 0.682230 [31mdiag_kl_1 : 0.296326 [31mdiag_kl_2 : 0.229372 [94mAcc_combined: 64.63 [94mAcc_c: 59.39 [94mAcc_g: 77.51 [92mF1_combined: 65.24 [92mF1_c: 59.91 [92mF1_g: 78.32 [95mCEU_cue_audio: 0.6896 [95mCEU_cue_video: 0.4286 [95mCEU_synergy: 0.0000 [95mCEU_coexistence: 0.8909 [97mS:[93m0.0%[97m([91m0.0c[97m-[94mF1:0.0%) [97mU1:[93m69.0%[97m([91m8.7c[97m) [97mU2:[93m42.9%[97m([91m14.4c[97m) [97mR:[93m89.1%[97m([91m42.8c[97m) [97mS-L: None[39m [39m
2026-07-25 16:08:35,787 - Agent - INFO - [37mVal Epoch 17 step 17 with [31mce_loss_combined : 0.555105 [31mce_loss_c : 0.892749 [31mce_loss_g : 0.544535 [31mkl_synergy_rand_1 : 0.020748 [31mkl_synergy_rand_2 : 0.015352 [31mkl_synergy_1 : 0.024376 [31mkl_synergy_2 : 0.017302 [31mtotal : 0.632882 [31mdiag_kl_1 : 0.339963 [31mdiag_kl_2 : 0.211917 [94mAcc_combined: 71.62 [94mAcc_c: 60.04 [94mAcc_g: 75.98 [92mF1_combined: 72.57 [92mF1_c: 61.80 [92mF1_g: 76.69 [95mCEU_cue_audio: 0.5861 [95mCEU_cue_video: 0.5195 [95mCEU_synergy: 0.0000 [95mCEU_coexistence: 0.9455 [97mS:[93m0.0%[97m([91m0.0c[97m-[94mF1:0.0%) [97mU1:[93m58.6%[97m([91m7.4c[97m) [97mU2:[93m51.9%[97m([91m17.5c[97m) [97mR:[93m94.5%[97m([91m45.4c[97m) [97mS-L: None[39m [39m
2026-07-25 16:08:42,680 - Evaluator - INFO - New best with accuracy-
2026-07-25 16:08:42,680 - Agent - INFO - [37mVal Epoch 18 step 18 with [31mce_loss_combined : 0.535133 [31mce_loss_c : 0.893346 [31mce_loss_g : 0.535913 [31mkl_synergy_rand_1 : 0.021696 [31mkl_synergy_rand_2 : 0.013307 [31mkl_synergy_1 : 0.024770 [31mkl_synergy_2 : 0.016497 [31mtotal : 0.611404 [31mdiag_kl_1 : 0.327049 [31mdiag_kl_2 : 0.173837 [94mAcc_combined: 77.29 [94mAcc_c: 58.95 [94mAcc_g: 77.95 [92mF1_combined: 77.29 [92mF1_c: 60.67 [92mF1_g: 78.37 [95mCEU_cue_audio: 0.3104 [95mCEU_cue_video: 0.8831 [95mCEU_synergy: 0.0000 [95mCEU_coexistence: 0.9090 [97mS:[93m0.0%[97m([91m0.0c[97m-[94mF1:0.0%) [97mU1:[93m31.0%[97m([91m3.9c[97m) [97mU2:[93m88.3%[97m([91m29.7c[97m) [97mR:[93m90.9%[97m([91m43.7c[97m) [97mS-L: None[39m [39m
2026-07-25 16:08:42,699 - Agent - INFO - [37mTest Epoch 18 step 18 with [31mce_loss_combined : 0.757656 [31mce_loss_c : 1.068614 [31mce_loss_g : 0.689033 [31mkl_synergy_rand_1 : 0.025626 [31mkl_synergy_rand_2 : 0.018876 [31mkl_synergy_1 : 0.028596 [31mkl_synergy_2 : 0.021030 [31mtotal : 0.851785 [31mdiag_kl_1 : 0.318469 [31mdiag_kl_2 : 0.263141 [94mAcc_combined: 72.30 [94mAcc_c: 54.88 [94mAcc_g: 72.08 [92mF1_combined: 72.22 [92mF1_c: 57.22 [92mF1_g: 72.70 [95mCEU_cue_audio: 0.4022 [95mCEU_cue_video: 0.8182 [95mCEU_synergy: 0.1482 [95mCEU_coexistence: 0.9328 [97mS:[93m14.8%[97m([91m1.7c[97m-[94mF1:14.3%) [97mU1:[93m40.2%[97m([91m6.0c[97m) [97mU2:[93m81.8%[97m([91m26.2c[97m) [97mR:[93m93.3%[97m([91m38.5c[97m) [97mS-L: [92m0:[96m24% [92m1:[96m7%[39m [39m
2026-07-25 16:08:42,966 - Agent - INFO - [37mModel saved successfully at: ./artifacts/models/multibench/mosi/vt/SynIB_RMask_U_foldREFABL_mosi_fold2_l0.1_perturbrandom_fillema_pmin0.3_refunimodal_anchor_lr0.0005_wd0.001_bs32.pth.tar[39m
2026-07-25 16:08:49,911 - Agent - INFO - [37mVal Epoch 19 step 19 with [31mce_loss_combined : 0.548167 [31mce_loss_c : 0.899207 [31mce_loss_g : 0.551902 [31mkl_synergy_rand_1 : 0.018864 [31mkl_synergy_rand_2 : 0.014269 [31mkl_synergy_1 : 0.025057 [31mkl_synergy_2 : 0.014676 [31mtotal : 0.621034 [31mdiag_kl_1 : 0.289011 [31mdiag_kl_2 : 0.205273 [94mAcc_combined: 75.98 [94mAcc_c: 58.30 [94mAcc_g: 77.51 [92mF1_combined: 77.18 [92mF1_c: 59.45 [92mF1_g: 77.94 [95mCEU_cue_audio: 0.4483 [95mCEU_cue_video: 0.8831 [95mCEU_synergy: 0.0000 [95mCEU_coexistence: 0.9273 [97mS:[93m0.0%[97m([91m0.0c[97m-[94mF1:0.0%) [97mU1:[93m44.8%[97m([91m5.7c[97m) [97mU2:[93m88.3%[97m([91m29.7c[97m) [97mR:[93m92.7%[97m([91m44.5c[97m) [97mS-L: None[39m [39m
2026-07-25 16:08:56,805 - Agent - INFO - [37mVal Epoch 20 step 20 with [31mce_loss_combined : 0.559842 [31mce_loss_c : 0.932780 [31mce_loss_g : 0.587607 [31mkl_synergy_rand_1 : 0.016408 [31mkl_synergy_rand_2 : 0.015942 [31mkl_synergy_1 : 0.021755 [31mkl_synergy_2 : 0.016314 [31mtotal : 0.630262 [31mdiag_kl_1 : 0.307830 [31mdiag_kl_2 : 0.198156 [94mAcc_combined: 71.83 [94mAcc_c: 58.95 [94mAcc_g: 75.55 [92mF1_combined: 73.73 [92mF1_c: 59.83 [92mF1_g: 75.86 [95mCEU_cue_audio: 0.3449 [95mCEU_cue_video: 0.8831 [95mCEU_synergy: 0.0000 [95mCEU_coexistence: 0.8909 [97mS:[93m0.0%[97m([91m0.0c[97m-[94mF1:0.0%) [97mU1:[93m34.5%[97m([91m4.4c[97m) [97mU2:[93m88.3%[97m([91m29.7c[97m) [97mR:[93m89.1%[97m([91m42.8c[97m) [97mS-L: None[39m [39m
2026-07-25 16:09:03,702 - Agent - INFO - [37mVal Epoch 21 step 21 with [31mce_loss_combined : 0.555948 [31mce_loss_c : 0.968718 [31mce_loss_g : 0.550877 [31mkl_synergy_rand_1 : 0.015573 [31mkl_synergy_rand_2 : 0.014509 [31mkl_synergy_1 : 0.019592 [31mkl_synergy_2 : 0.015892 [31mtotal : 0.621514 [31mdiag_kl_1 : 0.324222 [31mdiag_kl_2 : 0.190579 [94mAcc_combined: 71.62 [94mAcc_c: 58.30 [94mAcc_g: 77.51 [92mF1_combined: 72.34 [92mF1_c: 59.45 [92mF1_g: 78.04 [95mCEU_cue_audio: 0.5174 [95mCEU_cue_video: 0.5714 [95mCEU_synergy: 0.0000 [95mCEU_coexistence: 0.9455 [97mS:[93m0.0%[97m([91m0.0c[97m-[94mF1:0.0%) [97mU1:[93m51.7%[97m([91m6.6c[97m) [97mU2:[93m57.1%[97m([91m19.2c[97m) [97mR:[93m94.5%[97m([91m45.4c[97m) [97mS-L: None[39m [39m
2026-07-25 16:09:10,628 - Agent - INFO - [37mVal Epoch 22 step 22 with [31mce_loss_combined : 0.573944 [31mce_loss_c : 0.998103 [31mce_loss_g : 0.560650 [31mkl_synergy_rand_1 : 0.014849 [31mkl_synergy_rand_2 : 0.014111 [31mkl_synergy_1 : 0.018487 [31mkl_synergy_2 : 0.015942 [31mtotal : 0.637333 [31mdiag_kl_1 : 0.335956 [31mdiag_kl_2 : 0.190113 [94mAcc_combined: 71.62 [94mAcc_c: 59.17 [94mAcc_g: 76.86 [92mF1_combined: 73.03 [92mF1_c: 60.47 [92mF1_g: 77.35 [95mCEU_cue_audio: 0.5174 [95mCEU_cue_video: 0.5195 [95mCEU_synergy: 0.0000 [95mCEU_coexistence: 0.9273 [97mS:[93m0.0%[97m([91m0.0c[97m-[94mF1:0.0%) [97mU1:[93m51.7%[97m([91m6.6c[97m) [97mU2:[93m51.9%[97m([91m17.5c[97m) [97mR:[93m92.7%[97m([91m44.5c[97m) [97mS-L: None[39m [39m
2026-07-25 16:09:17,510 - Agent - INFO - [37mVal Epoch 23 step 23 with [31mce_loss_combined : 0.571613 [31mce_loss_c : 1.013498 [31mce_loss_g : 0.556201 [31mkl_synergy_rand_1 : 0.013890 [31mkl_synergy_rand_2 : 0.014834 [31mkl_synergy_1 : 0.017012 [31mkl_synergy_2 : 0.016842 [31mtotal : 0.634190 [31mdiag_kl_1 : 0.320078 [31mdiag_kl_2 : 0.197633 [94mAcc_combined: 71.40 [94mAcc_c: 59.39 [94mAcc_g: 77.51 [92mF1_combined: 72.99 [92mF1_c: 60.76 [92mF1_g: 78.04 [95mCEU_cue_audio: 0.5174 [95mCEU_cue_video: 0.4935 [95mCEU_synergy: 0.0000 [95mCEU_coexistence: 0.9090 [97mS:[93m0.0%[97m([91m0.0c[97m-[94mF1:0.0%) [97mU1:[93m51.7%[97m([91m6.6c[97m) [97mU2:[93m49.4%[97m([91m16.6c[97m) [97mR:[93m90.9%[97m([91m43.7c[97m) [97mS-L: None[39m [39m
2026-07-25 16:09:24,407 - Agent - INFO - [37mVal Epoch 24 step 24 with [31mce_loss_combined : 0.574176 [31mce_loss_c : 1.016891 [31mce_loss_g : 0.556783 [31mkl_synergy_rand_1 : 0.011979 [31mkl_synergy_rand_2 : 0.015627 [31mkl_synergy_1 : 0.017630 [31mkl_synergy_2 : 0.016987 [31mtotal : 0.636399 [31mdiag_kl_1 : 0.301537 [31mdiag_kl_2 : 0.208380 [94mAcc_combined: 71.62 [94mAcc_c: 58.73 [94mAcc_g: 77.73 [92mF1_combined: 73.25 [92mF1_c: 59.70 [92mF1_g: 78.30 [95mCEU_cue_audio: 0.5174 [95mCEU_cue_video: 0.5065 [95mCEU_synergy: 0.0000 [95mCEU_coexistence: 0.9090 [97mS:[93m0.0%[97m([91m0.0c[97m-[94mF1:0.0%) [97mU1:[93m51.7%[97m([91m6.6c[97m) [97mU2:[93m50.6%[97m([91m17.0c[97m) [97mR:[93m90.9%[97m([91m43.7c[97m) [97mS-L: None[39m [39m
2026-07-25 16:09:31,348 - Agent - INFO - [37mVal Epoch 25 step 25 with [31mce_loss_combined : 0.617922 [31mce_loss_c : 1.009403 [31mce_loss_g : 0.573943 [31mkl_synergy_rand_1 : 0.021122 [31mkl_synergy_rand_2 : 0.020553 [31mkl_synergy_1 : 0.025823 [31mkl_synergy_2 : 0.020124 [31mtotal : 0.705544 [31mdiag_kl_1 : 0.354301 [31mdiag_kl_2 : 0.266160 [94mAcc_combined: 67.69 [94mAcc_c: 59.83 [94mAcc_g: 78.82 [92mF1_combined: 68.51 [92mF1_c: 60.68 [92mF1_g: 79.14 [95mCEU_cue_audio: 0.5861 [95mCEU_cue_video: 0.4545 [95mCEU_synergy: 0.0000 [95mCEU_coexistence: 0.8909 [97mS:[93m0.0%[97m([91m0.0c[97m-[94mF1:0.0%) [97mU1:[93m58.6%[97m([91m7.4c[97m) [97mU2:[93m45.5%[97m([91m15.3c[97m) [97mR:[93m89.1%[97m([91m42.8c[97m) [97mS-L: None[39m [39m
2026-07-25 16:09:38,286 - Agent - INFO - [37mVal Epoch 26 step 26 with [31mce_loss_combined : 0.654486 [31mce_loss_c : 1.050139 [31mce_loss_g : 0.627384 [31mkl_synergy_rand_1 : 0.022457 [31mkl_synergy_rand_2 : 0.024704 [31mkl_synergy_1 : 0.027346 [31mkl_synergy_2 : 0.024508 [31mtotal : 0.753500 [31mdiag_kl_1 : 0.373273 [31mdiag_kl_2 : 0.293437 [94mAcc_combined: 61.57 [94mAcc_c: 59.61 [94mAcc_g: 77.07 [92mF1_combined: 61.57 [92mF1_c: 60.04 [92mF1_g: 77.42 [95mCEU_cue_audio: 0.5861 [95mCEU_cue_video: 0.4155 [95mCEU_synergy: 0.0000 [95mCEU_coexistence: 0.8545 [97mS:[93m0.0%[97m([91m0.0c[97m-[94mF1:0.0%) [97mU1:[93m58.6%[97m([91m7.4c[97m) [97mU2:[93m41.6%[97m([91m14.0c[97m) [97mR:[93m85.5%[97m([91m41.0c[97m) [97mS-L: None[39m [39m
2026-07-25 16:09:45,211 - Agent - INFO - [37mVal Epoch 27 step 27 with [31mce_loss_combined : 0.633941 [31mce_loss_c : 1.032549 [31mce_loss_g : 0.603131 [31mkl_synergy_rand_1 : 0.022444 [31mkl_synergy_rand_2 : 0.020797 [31mkl_synergy_1 : 0.026097 [31mkl_synergy_2 : 0.020356 [31mtotal : 0.723635 [31mdiag_kl_1 : 0.381998 [31mdiag_kl_2 : 0.254491 [94mAcc_combined: 64.85 [94mAcc_c: 59.83 [94mAcc_g: 76.42 [92mF1_combined: 64.46 [92mF1_c: 60.34 [92mF1_g: 77.02 [95mCEU_cue_audio: 0.6896 [95mCEU_cue_video: 0.3896 [95mCEU_synergy: 0.0000 [95mCEU_coexistence: 0.8728 [97mS:[93m0.0%[97m([91m0.0c[97m-[94mF1:0.0%) [97mU1:[93m69.0%[97m([91m8.7c[97m) [97mU2:[93m39.0%[97m([91m13.1c[97m) [97mR:[93m87.3%[97m([91m41.9c[97m) [97mS-L: None[39m [39m
2026-07-25 16:09:52,188 - Agent - INFO - [37mVal Epoch 28 step 28 with [31mce_loss_combined : 0.618352 [31mce_loss_c : 1.059239 [31mce_loss_g : 0.558707 [31mkl_synergy_rand_1 : 0.018265 [31mkl_synergy_rand_2 : 0.019110 [31mkl_synergy_1 : 0.021750 [31mkl_synergy_2 : 0.019624 [31mtotal : 0.697101 [31mdiag_kl_1 : 0.333584 [31mdiag_kl_2 : 0.249485 [94mAcc_combined: 68.34 [94mAcc_c: 56.99 [94mAcc_g: 78.17 [92mF1_combined: 66.20 [92mF1_c: 58.53 [92mF1_g: 78.45 [95mCEU_cue_audio: 0.6209 [95mCEU_cue_video: 0.4676 [95mCEU_synergy: 0.0000 [95mCEU_coexistence: 0.9001 [97mS:[93m0.0%[97m([91m0.0c[97m-[94mF1:0.0%) [97mU1:[93m62.1%[97m([91m7.9c[97m) [97mU2:[93m46.8%[97m([91m15.7c[97m) [97mR:[93m90.0%[97m([91m43.2c[97m) [97mS-L: None[39m [39m
2026-07-25 16:09:59,112 - Evaluator - INFO - New best with accuracy-
2026-07-25 16:09:59,112 - Agent - INFO - [37mVal Epoch 29 step 29 with [31mce_loss_combined : 0.560257 [31mce_loss_c : 0.925421 [31mce_loss_g : 0.567806 [31mkl_synergy_rand_1 : 0.026437 [31mkl_synergy_rand_2 : 0.014909 [31mkl_synergy_1 : 0.031566 [31mkl_synergy_2 : 0.015048 [31mtotal : 0.648216 [31mdiag_kl_1 : 0.327588 [31mdiag_kl_2 : 0.226353 [94mAcc_combined: 78.82 [94mAcc_c: 58.73 [94mAcc_g: 79.04 [92mF1_combined: 78.77 [92mF1_c: 60.38 [92mF1_g: 79.22 [95mCEU_cue_audio: 0.3449 [95mCEU_cue_video: 0.9090 [95mCEU_synergy: 0.0000 [95mCEU_coexistence: 0.9273 [97mS:[93m0.0%[97m([91m0.0c[97m-[94mF1:0.0%) [97mU1:[93m34.5%[97m([91m4.4c[97m) [97mU2:[93m90.9%[97m([91m30.6c[97m) [97mR:[93m92.7%[97m([91m44.5c[97m) [97mS-L: None[39m [39m
2026-07-25 16:09:59,127 - Agent - INFO - [37mTest Epoch 29 step 29 with [31mce_loss_combined : 0.836232 [31mce_loss_c : 1.027038 [31mce_loss_g : 0.794359 [31mkl_synergy_rand_1 : 0.031861 [31mkl_synergy_rand_2 : 0.011567 [31mkl_synergy_1 : 0.037383 [31mkl_synergy_2 : 0.013076 [31mtotal : 0.930120 [31mdiag_kl_1 : 0.418865 [31mdiag_kl_2 : 0.251737 [94mAcc_combined: 72.01 [94mAcc_c: 54.74 [94mAcc_g: 72.59 [92mF1_combined: 71.68 [92mF1_c: 58.24 [92mF1_g: 72.99 [95mCEU_cue_audio: 0.2744 [95mCEU_cue_video: 0.8681 [95mCEU_synergy: 0.1356 [95mCEU_coexistence: 0.9540 [97mS:[93m13.6%[97m([91m1.6c[97m-[94mF1:13.5%) [97mU1:[93m27.5%[97m([91m4.1c[97m) [97mU2:[93m86.8%[97m([91m27.8c[97m) [97mR:[93m95.4%[97m([91m39.4c[97m) [97mS-L: [92m0:[96m18% [92m1:[96m9%[39m [39m
2026-07-25 16:09:59,427 - Agent - INFO - [37mModel saved successfully at: ./artifacts/models/multibench/mosi/vt/SynIB_RMask_U_foldREFABL_mosi_fold2_l0.1_perturbrandom_fillema_pmin0.3_refunimodal_anchor_lr0.0005_wd0.001_bs32.pth.tar[39m
2026-07-25 16:10:06,473 - Agent - INFO - [37mVal Epoch 30 step 30 with [31mce_loss_combined : 0.614093 [31mce_loss_c : 0.999577 [31mce_loss_g : 0.581538 [31mkl_synergy_rand_1 : 0.020330 [31mkl_synergy_rand_2 : 0.016235 [31mkl_synergy_1 : 0.023041 [31mkl_synergy_2 : 0.017589 [31mtotal : 0.691287 [31mdiag_kl_1 : 0.366466 [31mdiag_kl_2 : 0.217036 [94mAcc_combined: 65.07 [94mAcc_c: 58.08 [94mAcc_g: 75.98 [92mF1_combined: 64.13 [92mF1_c: 59.49 [92mF1_g: 76.60 [95mCEU_cue_audio: 0.6209 [95mCEU_cue_video: 0.4805 [95mCEU_synergy: 0.0000 [95mCEU_coexistence: 0.8818 [97mS:[93m0.0%[97m([91m0.0c[97m-[94mF1:0.0%) [97mU1:[93m62.1%[97m([91m7.9c[97m) [97mU2:[93m48.1%[97m([91m16.2c[97m) [97mR:[93m88.2%[97m([91m42.4c[97m) [97mS-L: None[39m [39m
2026-07-25 16:10:13,444 - Agent - INFO - [37mVal Epoch 31 step 31 with [31mce_loss_combined : 0.574216 [31mce_loss_c : 0.913530 [31mce_loss_g : 0.576149 [31mkl_synergy_rand_1 : 0.027318 [31mkl_synergy_rand_2 : 0.011350 [31mkl_synergy_1 : 0.028368 [31mkl_synergy_2 : 0.013593 [31mtotal : 0.654844 [31mdiag_kl_1 : 0.398998 [31mdiag_kl_2 : 0.194990 [94mAcc_combined: 73.80 [94mAcc_c: 61.14 [94mAcc_g: 78.38 [92mF1_combined: 71.83 [92mF1_c: 63.07 [92mF1_g: 78.62 [95mCEU_cue_audio: 0.5174 [95mCEU_cue_video: 0.5974 [95mCEU_synergy: 0.0000 [95mCEU_coexistence: 0.9090 [97mS:[93m0.0%[97m([91m0.0c[97m-[94mF1:0.0%) [97mU1:[93m51.7%[97m([91m6.6c[97m) [97mU2:[93m59.7%[97m([91m20.1c[97m) [97mR:[93m90.9%[97m([91m43.7c[97m) [97mS-L: None[39m [39m
2026-07-25 16:10:20,430 - Agent - INFO - [37mVal Epoch 32 step 32 with [31mce_loss_combined : 0.675978 [31mce_loss_c : 1.000415 [31mce_loss_g : 0.612895 [31mkl_synergy_rand_1 : 0.019682 [31mkl_synergy_rand_2 : 0.022035 [31mkl_synergy_1 : 0.022038 [31mkl_synergy_2 : 0.023148 [31mtotal : 0.762881 [31mdiag_kl_1 : 0.438934 [31mdiag_kl_2 : 0.303161 [94mAcc_combined: 72.05 [94mAcc_c: 59.39 [94mAcc_g: 77.07 [92mF1_combined: 69.67 [92mF1_c: 60.59 [92mF1_g: 77.22 [95mCEU_cue_audio: 0.4483 [95mCEU_cue_video: 0.8311 [95mCEU_synergy: 0.0000 [95mCEU_coexistence: 0.8818 [97mS:[93m0.0%[97m([91m0.0c[97m-[94mF1:0.0%) [97mU1:[93m44.8%[97m([91m5.7c[97m) [97mU2:[93m83.1%[97m([91m27.9c[97m) [97mR:[93m88.2%[97m([91m42.4c[97m) [97mS-L: None[39m [39m
2026-07-25 16:10:27,640 - Agent - INFO - [37mVal Epoch 33 step 33 with [31mce_loss_combined : 0.625003 [31mce_loss_c : 1.018458 [31mce_loss_g : 0.622699 [31mkl_synergy_rand_1 : 0.023320 [31mkl_synergy_rand_2 : 0.013608 [31mkl_synergy_1 : 0.025124 [31mkl_synergy_2 : 0.014412 [31mtotal : 0.701467 [31mdiag_kl_1 : 0.374396 [31mdiag_kl_2 : 0.231918 [94mAcc_combined: 73.36 [94mAcc_c: 57.86 [94mAcc_g: 76.64 [92mF1_combined: 70.10 [92mF1_c: 58.67 [92mF1_g: 76.79 [95mCEU_cue_audio: 0.3449 [95mCEU_cue_video: 0.8701 [95mCEU_synergy: 0.0000 [95mCEU_coexistence: 0.9182 [97mS:[93m0.0%[97m([91m0.0c[97m-[94mF1:0.0%) [97mU1:[93m34.5%[97m([91m4.4c[97m) [97mU2:[93m87.0%[97m([91m29.3c[97m) [97mR:[93m91.8%[97m([91m44.1c[97m) [97mS-L: None[39m [39m
2026-07-25 16:10:34,634 - Agent - INFO - [37mVal Epoch 34 step 34 with [31mce_loss_combined : 0.642501 [31mce_loss_c : 1.093275 [31mce_loss_g : 0.566151 [31mkl_synergy_rand_1 : 0.017415 [31mkl_synergy_rand_2 : 0.015435 [31mkl_synergy_1 : 0.019659 [31mkl_synergy_2 : 0.017894 [31mtotal : 0.712904 [31mdiag_kl_1 : 0.364234 [31mdiag_kl_2 : 0.252956 [94mAcc_combined: 65.28 [94mAcc_c: 57.64 [94mAcc_g: 77.51 [92mF1_combined: 64.27 [92mF1_c: 58.55 [92mF1_g: 77.75 [95mCEU_cue_audio: 0.5517 [95mCEU_cue_video: 0.4416 [95mCEU_synergy: 0.0000 [95mCEU_coexistence: 0.8909 [97mS:[93m0.0%[97m([91m0.0c[97m-[94mF1:0.0%) [97mU1:[93m55.2%[97m([91m7.0c[97m) [97mU2:[93m44.2%[97m([91m14.8c[97m) [97mR:[93m89.1%[97m([91m42.8c[97m) [97mS-L: None[39m [39m
2026-07-25 16:10:41,558 - Agent - INFO - [37mVal Epoch 35 step 35 with [31mce_loss_combined : 0.599848 [31mce_loss_c : 0.938452 [31mce_loss_g : 0.617478 [31mkl_synergy_rand_1 : 0.024578 [31mkl_synergy_rand_2 : 0.014625 [31mkl_synergy_1 : 0.029956 [31mkl_synergy_2 : 0.014345 [31mtotal : 0.683352 [31mdiag_kl_1 : 0.439237 [31mdiag_kl_2 : 0.269241 [94mAcc_combined: 77.95 [94mAcc_c: 60.48 [94mAcc_g: 78.82 [92mF1_combined: 77.61 [92mF1_c: 61.08 [92mF1_g: 78.87 [95mCEU_cue_audio: 0.3104 [95mCEU_cue_video: 0.9221 [95mCEU_synergy: 0.0000 [95mCEU_coexistence: 0.9090 [97mS:[93m0.0%[97m([91m0.0c[97m-[94mF1:0.0%) [97mU1:[93m31.0%[97m([91m3.9c[97m) [97mU2:[93m92.2%[97m([91m31.0c[97m) [97mR:[93m90.9%[97m([91m43.7c[97m) [97mS-L: None[39m [39m
2026-07-25 16:10:48,479 - Agent - INFO - [37mVal Epoch 36 step 36 with [31mce_loss_combined : 0.643362 [31mce_loss_c : 0.993915 [31mce_loss_g : 0.623354 [31mkl_synergy_rand_1 : 0.019995 [31mkl_synergy_rand_2 : 0.015389 [31mkl_synergy_1 : 0.024232 [31mkl_synergy_2 : 0.014876 [31mtotal : 0.717854 [31mdiag_kl_1 : 0.405991 [31mdiag_kl_2 : 0.273381 [94mAcc_combined: 71.83 [94mAcc_c: 59.17 [94mAcc_g: 76.64 [92mF1_combined: 68.15 [92mF1_c: 60.13 [92mF1_g: 76.79 [95mCEU_cue_audio: 0.4139 [95mCEU_cue_video: 0.6493 [95mCEU_synergy: 0.0000 [95mCEU_coexistence: 0.9001 [97mS:[93m0.0%[97m([91m0.0c[97m-[94mF1:0.0%) [97mU1:[93m41.4%[97m([91m5.2c[97m) [97mU2:[93m64.9%[97m([91m21.8c[97m) [97mR:[93m90.0%[97m([91m43.2c[97m) [97mS-L: None[39m [39m
2026-07-25 16:10:55,431 - Agent - INFO - [37mVal Epoch 37 step 37 with [31mce_loss_combined : 0.588090 [31mce_loss_c : 0.991690 [31mce_loss_g : 0.597176 [31mkl_synergy_rand_1 : 0.018372 [31mkl_synergy_rand_2 : 0.018107 [31mkl_synergy_1 : 0.020853 [31mkl_synergy_2 : 0.017398 [31mtotal : 0.662821 [31mdiag_kl_1 : 0.374719 [31mdiag_kl_2 : 0.256532 [94mAcc_combined: 72.49 [94mAcc_c: 61.35 [94mAcc_g: 76.86 [92mF1_combined: 68.66 [92mF1_c: 62.26 [92mF1_g: 77.16 [95mCEU_cue_audio: 0.6896 [95mCEU_cue_video: 0.4286 [95mCEU_synergy: 0.0775 [95mCEU_coexistence: 0.9273 [97mS:[93m7.7%[97m([91m0.4c[97m-[94mF1:7.1%) [97mU1:[93m69.0%[97m([91m8.7c[97m) [97mU2:[93m42.9%[97m([91m14.4c[97m) [97mR:[93m92.7%[97m([91m44.5c[97m) [97mS-L: [92m0:[96m14%[39m [39m
2026-07-25 16:11:02,428 - Agent - INFO - [37mVal Epoch 38 step 38 with [31mce_loss_combined : 0.607398 [31mce_loss_c : 1.009183 [31mce_loss_g : 0.612619 [31mkl_synergy_rand_1 : 0.020882 [31mkl_synergy_rand_2 : 0.014453 [31mkl_synergy_1 : 0.024094 [31mkl_synergy_2 : 0.015128 [31mtotal : 0.681955 [31mdiag_kl_1 : 0.369192 [31mdiag_kl_2 : 0.272241 [94mAcc_combined: 72.71 [94mAcc_c: 61.57 [94mAcc_g: 76.64 [92mF1_combined: 69.59 [92mF1_c: 62.71 [92mF1_g: 76.89 [95mCEU_cue_audio: 0.5174 [95mCEU_cue_video: 0.4676 [95mCEU_synergy: 0.0000 [95mCEU_coexistence: 0.9182 [97mS:[93m0.0%[97m([91m0.0c[97m-[94mF1:0.0%) [97mU1:[93m51.7%[97m([91m6.6c[97m) [97mU2:[93m46.8%[97m([91m15.7c[97m) [97mR:[93m91.8%[97m([91m44.1c[97m) [97mS-L: None[39m [39m
2026-07-25 16:11:09,528 - Agent - INFO - [37mVal Epoch 39 step 39 with [31mce_loss_combined : 0.649026 [31mce_loss_c : 1.074385 [31mce_loss_g : 0.634466 [31mkl_synergy_rand_1 : 0.017715 [31mkl_synergy_rand_2 : 0.014991 [31mkl_synergy_1 : 0.020745 [31mkl_synergy_2 : 0.017245 [31mtotal : 0.719722 [31mdiag_kl_1 : 0.398255 [31mdiag_kl_2 : 0.268589 [94mAcc_combined: 69.43 [94mAcc_c: 57.21 [94mAcc_g: 77.95 [92mF1_combined: 66.18 [92mF1_c: 58.30 [92mF1_g: 78.09 [95mCEU_cue_audio: 0.5517 [95mCEU_cue_video: 0.4545 [95mCEU_synergy: 0.0000 [95mCEU_coexistence: 0.9001 [97mS:[93m0.0%[97m([91m0.0c[97m-[94mF1:0.0%) [97mU1:[93m55.2%[97m([91m7.0c[97m) [97mU2:[93m45.5%[97m([91m15.3c[97m) [97mR:[93m90.0%[97m([91m43.2c[97m) [97mS-L: None[39m [39m
2026-07-25 16:11:16,510 - Agent - INFO - [37mVal Epoch 40 step 40 with [31mce_loss_combined : 0.696868 [31mce_loss_c : 1.072255 [31mce_loss_g : 0.695112 [31mkl_synergy_rand_1 : 0.017673 [31mkl_synergy_rand_2 : 0.018420 [31mkl_synergy_1 : 0.019856 [31mkl_synergy_2 : 0.019707 [31mtotal : 0.772525 [31mdiag_kl_1 : 0.417495 [31mdiag_kl_2 : 0.331417 [94mAcc_combined: 67.90 [94mAcc_c: 59.83 [94mAcc_g: 75.76 [92mF1_combined: 64.06 [92mF1_c: 61.02 [92mF1_g: 75.92 [95mCEU_cue_audio: 0.5517 [95mCEU_cue_video: 0.3766 [95mCEU_synergy: 0.0000 [95mCEU_coexistence: 0.8545 [97mS:[93m0.0%[97m([91m0.0c[97m-[94mF1:0.0%) [97mU1:[93m55.2%[97m([91m7.0c[97m) [97mU2:[93m37.7%[97m([91m12.7c[97m) [97mR:[93m85.5%[97m([91m41.0c[97m) [97mS-L: None[39m [39m
2026-07-25 16:11:23,474 - Agent - INFO - [37mVal Epoch 41 step 41 with [31mce_loss_combined : 0.719967 [31mce_loss_c : 1.149148 [31mce_loss_g : 0.682072 [31mkl_synergy_rand_1 : 0.014794 [31mkl_synergy_rand_2 : 0.016495 [31mkl_synergy_1 : 0.018112 [31mkl_synergy_2 : 0.018025 [31mtotal : 0.787392 [31mdiag_kl_1 : 0.422847 [31mdiag_kl_2 : 0.305797 [94mAcc_combined: 63.10 [94mAcc_c: 57.86 [94mAcc_g: 76.42 [92mF1_combined: 61.68 [92mF1_c: 58.67 [92mF1_g: 76.52 [95mCEU_cue_audio: 0.7243 [95mCEU_cue_video: 0.3507 [95mCEU_synergy: 0.1534 [95mCEU_coexistence: 0.8818 [97mS:[93m15.4%[97m([91m0.9c[97m-[94mF1:15.4%) [97mU1:[93m72.4%[97m([91m9.2c[97m) [97mU2:[93m35.1%[97m([91m11.8c[97m) [97mR:[93m88.2%[97m([91m42.4c[97m) [97mS-L: [92m0:[96m14% [92m1:[96m17%[39m [39m
2026-07-25 16:11:30,403 - Agent - INFO - [37mVal Epoch 42 step 42 with [31mce_loss_combined : 0.702642 [31mce_loss_c : 1.147211 [31mce_loss_g : 0.706086 [31mkl_synergy_rand_1 : 0.015781 [31mkl_synergy_rand_2 : 0.015589 [31mkl_synergy_1 : 0.018783 [31mkl_synergy_2 : 0.016904 [31mtotal : 0.769700 [31mdiag_kl_1 : 0.445929 [31mdiag_kl_2 : 0.308266 [94mAcc_combined: 67.47 [94mAcc_c: 59.39 [94mAcc_g: 75.33 [92mF1_combined: 64.10 [92mF1_c: 60.09 [92mF1_g: 75.38 [95mCEU_cue_audio: 0.7585 [95mCEU_cue_video: 0.3507 [95mCEU_synergy: 0.1534 [95mCEU_coexistence: 0.8728 [97mS:[93m15.4%[97m([91m0.9c[97m-[94mF1:15.4%) [97mU1:[93m75.9%[97m([91m9.6c[97m) [97mU2:[93m35.1%[97m([91m11.8c[97m) [97mR:[93m87.3%[97m([91m41.9c[97m) [97mS-L: [92m0:[96m14% [92m1:[96m17%[39m [39m
2026-07-25 16:11:37,419 - Agent - INFO - [37mVal Epoch 43 step 43 with [31mce_loss_combined : 0.699585 [31mce_loss_c : 1.144835 [31mce_loss_g : 0.691898 [31mkl_synergy_rand_1 : 0.015631 [31mkl_synergy_rand_2 : 0.017068 [31mkl_synergy_1 : 0.018029 [31mkl_synergy_2 : 0.017972 [31mtotal : 0.768283 [31mdiag_kl_1 : 0.428394 [31mdiag_kl_2 : 0.319978 [94mAcc_combined: 67.03 [94mAcc_c: 59.61 [94mAcc_g: 75.33 [92mF1_combined: 63.61 [92mF1_c: 60.39 [92mF1_g: 75.27 [95mCEU_cue_audio: 0.7585 [95mCEU_cue_video: 0.3637 [95mCEU_synergy: 0.0775 [95mCEU_coexistence: 0.8636 [97mS:[93m7.7%[97m([91m0.4c[97m-[94mF1:7.1%) [97mU1:[93m75.9%[97m([91m9.6c[97m) [97mU2:[93m36.4%[97m([91m12.2c[97m) [97mR:[93m86.4%[97m([91m41.5c[97m) [97mS-L: [92m0:[96m14%[39m [39m
2026-07-25 16:11:44,410 - Agent - INFO - [37mVal Epoch 44 step 44 with [31mce_loss_combined : 0.712714 [31mce_loss_c : 1.165740 [31mce_loss_g : 0.698974 [31mkl_synergy_rand_1 : 0.012993 [31mkl_synergy_rand_2 : 0.017553 [31mkl_synergy_1 : 0.016931 [31mkl_synergy_2 : 0.018932 [31mtotal : 0.779124 [31mdiag_kl_1 : 0.441558 [31mdiag_kl_2 : 0.327234 [94mAcc_combined: 63.32 [94mAcc_c: 59.39 [94mAcc_g: 75.33 [92mF1_combined: 61.11 [92mF1_c: 59.74 [92mF1_g: 75.38 [95mCEU_cue_audio: 0.7585 [95mCEU_cue_video: 0.3507 [95mCEU_synergy: 0.0775 [95mCEU_coexistence: 0.8455 [97mS:[93m7.7%[97m([91m0.4c[97m-[94mF1:7.1%) [97mU1:[93m75.9%[97m([91m9.6c[97m) [97mU2:[93m35.1%[97m([91m11.8c[97m) [97mR:[93m84.5%[97m([91m40.6c[97m) [97mS-L: [92m0:[96m14%[39m [39m
2026-07-25 16:11:51,397 - Agent - INFO - [37mVal Epoch 45 step 45 with [31mce_loss_combined : 0.721662 [31mce_loss_c : 1.181526 [31mce_loss_g : 0.696515 [31mkl_synergy_rand_1 : 0.014585 [31mkl_synergy_rand_2 : 0.017666 [31mkl_synergy_1 : 0.016971 [31mkl_synergy_2 : 0.019778 [31mtotal : 0.790662 [31mdiag_kl_1 : 0.449458 [31mdiag_kl_2 : 0.314548 [94mAcc_combined: 63.10 [94mAcc_c: 58.52 [94mAcc_g: 76.42 [92mF1_combined: 60.79 [92mF1_c: 59.23 [92mF1_g: 76.52 [95mCEU_cue_audio: 0.7243 [95mCEU_cue_video: 0.3507 [95mCEU_synergy: 0.0000 [95mCEU_coexistence: 0.8455 [97mS:[93m0.0%[97m([91m0.0c[97m-[94mF1:0.0%) [97mU1:[93m72.4%[97m([91m9.2c[97m) [97mU2:[93m35.1%[97m([91m11.8c[97m) [97mR:[93m84.5%[97m([91m40.6c[97m) [97mS-L: None[39m [39m
2026-07-25 16:11:58,410 - Agent - INFO - [37mVal Epoch 46 step 46 with [31mce_loss_combined : 0.717269 [31mce_loss_c : 1.175273 [31mce_loss_g : 0.694750 [31mkl_synergy_rand_1 : 0.015339 [31mkl_synergy_rand_2 : 0.018663 [31mkl_synergy_1 : 0.017655 [31mkl_synergy_2 : 0.019291 [31mtotal : 0.788217 [31mdiag_kl_1 : 0.437006 [31mdiag_kl_2 : 0.334232 [94mAcc_combined: 62.45 [94mAcc_c: 58.73 [94mAcc_g: 76.42 [92mF1_combined: 60.37 [92mF1_c: 59.35 [92mF1_g: 76.52 [95mCEU_cue_audio: 0.7585 [95mCEU_cue_video: 0.3376 [95mCEU_synergy: 0.0775 [95mCEU_coexistence: 0.8545 [97mS:[93m7.7%[97m([91m0.4c[97m-[94mF1:7.1%) [97mU1:[93m75.9%[97m([91m9.6c[97m) [97mU2:[93m33.8%[97m([91m11.4c[97m) [97mR:[93m85.5%[97m([91m41.0c[97m) [97mS-L: [92m0:[96m14%[39m [39m
2026-07-25 16:12:05,410 - Agent - INFO - [37mVal Epoch 47 step 47 with [31mce_loss_combined : 0.714932 [31mce_loss_c : 1.174879 [31mce_loss_g : 0.697535 [31mkl_synergy_rand_1 : 0.016170 [31mkl_synergy_rand_2 : 0.017606 [31mkl_synergy_1 : 0.018055 [31mkl_synergy_2 : 0.018836 [31mtotal : 0.785598 [31mdiag_kl_1 : 0.409589 [31mdiag_kl_2 : 0.341986 [94mAcc_combined: 63.10 [94mAcc_c: 59.17 [94mAcc_g: 76.20 [92mF1_combined: 60.79 [92mF1_c: 59.61 [92mF1_g: 76.25 [95mCEU_cue_audio: 0.7585 [95mCEU_cue_video: 0.3376 [95mCEU_synergy: 0.0775 [95mCEU_coexistence: 0.8545 [97mS:[93m7.7%[97m([91m0.4c[97m-[94mF1:7.1%) [97mU1:[93m75.9%[97m([91m9.6c[97m) [97mU2:[93m33.8%[97m([91m11.4c[97m) [97mR:[93m85.5%[97m([91m41.0c[97m) [97mS-L: [92m0:[96m14%[39m [39m
2026-07-25 16:12:12,396 - Agent - INFO - [37mVal Epoch 48 step 48 with [31mce_loss_combined : 0.717240 [31mce_loss_c : 1.180781 [31mce_loss_g : 0.698414 [31mkl_synergy_rand_1 : 0.013948 [31mkl_synergy_rand_2 : 0.016940 [31mkl_synergy_1 : 0.017805 [31mkl_synergy_2 : 0.018185 [31mtotal : 0.784118 [31mdiag_kl_1 : 0.433948 [31mdiag_kl_2 : 0.337410 [94mAcc_combined: 62.66 [94mAcc_c: 59.39 [94mAcc_g: 75.76 [92mF1_combined: 60.14 [92mF1_c: 59.91 [92mF1_g: 75.82 [95mCEU_cue_audio: 0.7585 [95mCEU_cue_video: 0.3376 [95mCEU_synergy: 0.0775 [95mCEU_coexistence: 0.8455 [97mS:[93m7.7%[97m([91m0.4c[97m-[94mF1:7.1%) [97mU1:[93m75.9%[97m([91m9.6c[97m) [97mU2:[93m33.8%[97m([91m11.4c[97m) [97mR:[93m84.5%[97m([91m40.6c[97m) [97mS-L: [92m0:[96m14%[39m [39m
2026-07-25 16:12:19,361 - Agent - INFO - [37mVal Epoch 49 step 49 with [31mce_loss_combined : 0.718148 [31mce_loss_c : 1.181896 [31mce_loss_g : 0.698093 [31mkl_synergy_rand_1 : 0.016543 [31mkl_synergy_rand_2 : 0.016689 [31mkl_synergy_1 : 0.018623 [31mkl_synergy_2 : 0.018843 [31mtotal : 0.788846 [31mdiag_kl_1 : 0.444290 [31mdiag_kl_2 : 0.321094 [94mAcc_combined: 62.01 [94mAcc_c: 59.17 [94mAcc_g: 76.20 [92mF1_combined: 59.72 [92mF1_c: 59.61 [92mF1_g: 76.25 [95mCEU_cue_audio: 0.7585 [95mCEU_cue_video: 0.3376 [95mCEU_synergy: 0.0775 [95mCEU_coexistence: 0.8455 [97mS:[93m7.7%[97m([91m0.4c[97m-[94mF1:7.1%) [97mU1:[93m75.9%[97m([91m9.6c[97m) [97mU2:[93m33.8%[97m([91m11.4c[97m) [97mR:[93m84.5%[97m([91m40.6c[97m) [97mS-L: [92m0:[96m14%[39m [39m
2026-07-25 16:12:26,362 - Agent - INFO - [37mVal Epoch 50 step 50 with [31mce_loss_combined : 0.719372 [31mce_loss_c : 1.152546 [31mce_loss_g : 0.693053 [31mkl_synergy_rand_1 : 0.017220 [31mkl_synergy_rand_2 : 0.019858 [31mkl_synergy_1 : 0.021224 [31mkl_synergy_2 : 0.020453 [31mtotal : 0.798127 [31mdiag_kl_1 : 0.439077 [31mdiag_kl_2 : 0.357455 [94mAcc_combined: 65.28 [94mAcc_c: 59.39 [94mAcc_g: 76.86 [92mF1_combined: 63.28 [92mF1_c: 60.09 [92mF1_g: 76.96 [95mCEU_cue_audio: 0.7585 [95mCEU_cue_video: 0.3637 [95mCEU_synergy: 0.1534 [95mCEU_coexistence: 0.8455 [97mS:[93m15.4%[97m([91m0.9c[97m-[94mF1:15.4%) [97mU1:[93m75.9%[97m([91m9.6c[97m) [97mU2:[93m36.4%[97m([91m12.2c[97m) [97mR:[93m84.5%[97m([91m40.6c[97m) [97mS-L: [92m0:[96m14% [92m1:[96m17%[39m [39m
2026-07-25 16:12:33,735 - Evaluator - INFO - New best with accuracy-
2026-07-25 16:12:33,735 - Agent - INFO - [37mVal Epoch 51 step 51 with [31mce_loss_combined : 0.571187 [31mce_loss_c : 0.922678 [31mce_loss_g : 0.602424 [31mkl_synergy_rand_1 : 0.036719 [31mkl_synergy_rand_2 : 0.019395 [31mkl_synergy_1 : 0.044097 [31mkl_synergy_2 : 0.018976 [31mtotal : 0.690373 [31mdiag_kl_1 : 0.417902 [31mdiag_kl_2 : 0.216862 [94mAcc_combined: 80.13 [94mAcc_c: 57.64 [94mAcc_g: 77.29 [92mF1_combined: 79.91 [92mF1_c: 59.92 [92mF1_g: 77.29 [95mCEU_cue_audio: 0.2757 [95mCEU_cue_video: 0.8831 [95mCEU_synergy: 0.0775 [95mCEU_coexistence: 0.9546 [97mS:[93m7.7%[97m([91m0.4c[97m-[94mF1:7.1%) [97mU1:[93m27.6%[97m([91m3.5c[97m) [97mU2:[93m88.3%[97m([91m29.7c[97m) [97mR:[93m95.5%[97m([91m45.9c[97m) [97mS-L: [92m0:[96m14%[39m [39m
2026-07-25 16:12:33,772 - Agent - INFO - [37mTest Epoch 51 step 51 with [31mce_loss_combined : 0.818175 [31mce_loss_c : 0.992971 [31mce_loss_g : 0.773804 [31mkl_synergy_rand_1 : 0.052529 [31mkl_synergy_rand_2 : 0.019750 [31mkl_synergy_1 : 0.056244 [31mkl_synergy_2 : 0.020574 [31mtotal : 0.967271 [31mdiag_kl_1 : 0.538428 [31mdiag_kl_2 : 0.314456 [94mAcc_combined: 74.27 [94mAcc_c: 53.94 [94mAcc_g: 74.56 [92mF1_combined: 73.95 [92mF1_c: 58.15 [92mF1_g: 74.62 [95mCEU_cue_audio: 0.3336 [95mCEU_cue_video: 0.8865 [95mCEU_synergy: 0.1609 [95mCEU_coexistence: 0.9399 [97mS:[93m16.0%[97m([91m1.9c[97m-[94mF1:15.0%) [97mU1:[93m33.3%[97m([91m5.0c[97m) [97mU2:[93m88.6%[97m([91m28.4c[97m) [97mR:[93m94.0%[97m([91m38.8c[97m) [97mS-L: [92m0:[96m29% [92m1:[96m5%[39m [39m
2026-07-25 16:12:34,098 - Agent - INFO - [37mModel saved successfully at: ./artifacts/models/multibench/mosi/vt/SynIB_RMask_U_foldREFABL_mosi_fold2_l0.1_perturbrandom_fillema_pmin0.3_refunimodal_anchor_lr0.0005_wd0.001_bs32.pth.tar[39m
2026-07-25 16:12:41,169 - Agent - INFO - [37mVal Epoch 52 step 52 with [31mce_loss_combined : 0.595147 [31mce_loss_c : 1.050512 [31mce_loss_g : 0.534388 [31mkl_synergy_rand_1 : 0.027855 [31mkl_synergy_rand_2 : 0.024711 [31mkl_synergy_1 : 0.029409 [31mkl_synergy_2 : 0.023007 [31mtotal : 0.700128 [31mdiag_kl_1 : 0.412538 [31mdiag_kl_2 : 0.287719 [94mAcc_combined: 73.36 [94mAcc_c: 58.30 [94mAcc_g: 78.38 [92mF1_combined: 70.67 [92mF1_c: 59.45 [92mF1_g: 78.71 [95mCEU_cue_audio: 0.6551 [95mCEU_cue_video: 0.6624 [95mCEU_synergy: 0.0775 [95mCEU_coexistence: 0.8636 [97mS:[93m7.7%[97m([91m0.4c[97m-[94mF1:7.1%) [97mU1:[93m65.5%[97m([91m8.3c[97m) [97mU2:[93m66.2%[97m([91m22.3c[97m) [97mR:[93m86.4%[97m([91m41.5c[97m) [97mS-L: [92m0:[96m14%[39m [39m
2026-07-25 16:12:48,238 - Agent - INFO - [37mVal Epoch 53 step 53 with [31mce_loss_combined : 0.602921 [31mce_loss_c : 0.874375 [31mce_loss_g : 0.573662 [31mkl_synergy_rand_1 : 0.036621 [31mkl_synergy_rand_2 : 0.021974 [31mkl_synergy_1 : 0.038355 [31mkl_synergy_2 : 0.022227 [31mtotal : 0.722097 [31mdiag_kl_1 : 0.455482 [31mdiag_kl_2 : 0.278599 [94mAcc_combined: 75.76 [94mAcc_c: 60.70 [94mAcc_g: 78.38 [92mF1_combined: 73.12 [92mF1_c: 62.66 [92mF1_g: 78.52 [95mCEU_cue_audio: 0.5517 [95mCEU_cue_video: 0.7014 [95mCEU_synergy: 0.1534 [95mCEU_coexistence: 0.9182 [97mS:[93m15.4%[97m([91m0.9c[97m-[94mF1:15.4%) [97mU1:[93m55.2%[97m([91m7.0c[97m) [97mU2:[93m70.1%[97m([91m23.6c[97m) [97mR:[93m91.8%[97m([91m44.1c[97m) [97mS-L: [92m0:[96m14% [92m1:[96m17%[39m [39m
2026-07-25 16:12:55,286 - Agent - INFO - [37mVal Epoch 54 step 54 with [31mce_loss_combined : 0.594460 [31mce_loss_c : 0.937743 [31mce_loss_g : 0.567312 [31mkl_synergy_rand_1 : 0.024056 [31mkl_synergy_rand_2 : 0.022886 [31mkl_synergy_1 : 0.025896 [31mkl_synergy_2 : 0.024182 [31mtotal : 0.691480 [31mdiag_kl_1 : 0.388508 [31mdiag_kl_2 : 0.290553 [94mAcc_combined: 73.36 [94mAcc_c: 58.95 [94mAcc_g: 77.07 [92mF1_combined: 70.67 [92mF1_c: 60.83 [92mF1_g: 76.92 [95mCEU_cue_audio: 0.5517 [95mCEU_cue_video: 0.6753 [95mCEU_synergy: 0.0775 [95mCEU_coexistence: 0.8909 [97mS:[93m7.7%[97m([91m0.4c[97m-[94mF1:7.1%) [97mU1:[93m55.2%[97m([91m7.0c[97m) [97mU2:[93m67.5%[97m([91m22.7c[97m) [97mR:[93m89.1%[97m([91m42.8c[97m) [97mS-L: [92m0:[96m14%[39m [39m
2026-07-25 16:13:02,358 - Agent - INFO - [37mVal Epoch 55 step 55 with [31mce_loss_combined : 0.670695 [31mce_loss_c : 1.050992 [31mce_loss_g : 0.633816 [31mkl_synergy_rand_1 : 0.023052 [31mkl_synergy_rand_2 : 0.022568 [31mkl_synergy_1 : 0.028805 [31mkl_synergy_2 : 0.022736 [31mtotal : 0.767856 [31mdiag_kl_1 : 0.476795 [31mdiag_kl_2 : 0.338396 [94mAcc_combined: 77.29 [94mAcc_c: 59.17 [94mAcc_g: 78.38 [92mF1_combined: 76.58 [92mF1_c: 60.30 [92mF1_g: 78.34 [95mCEU_cue_audio: 0.3449 [95mCEU_cue_video: 0.8183 [95mCEU_synergy: 0.1534 [95mCEU_coexistence: 0.9001 [97mS:[93m15.4%[97m([91m0.9c[97m-[94mF1:13.3%) [97mU1:[93m34.5%[97m([91m4.4c[97m) [97mU2:[93m81.8%[97m([91m27.5c[97m) [97mR:[93m90.0%[97m([91m43.2c[97m) [97mS-L: [92m1:[96m33%[39m [39m
2026-07-25 16:13:09,505 - Agent - INFO - [37mVal Epoch 56 step 56 with [31mce_loss_combined : 0.599142 [31mce_loss_c : 1.047221 [31mce_loss_g : 0.560579 [31mkl_synergy_rand_1 : 0.023474 [31mkl_synergy_rand_2 : 0.023943 [31mkl_synergy_1 : 0.022199 [31mkl_synergy_2 : 0.025524 [31mtotal : 0.694282 [31mdiag_kl_1 : 0.319586 [31mdiag_kl_2 : 0.268053 [94mAcc_combined: 64.41 [94mAcc_c: 56.77 [94mAcc_g: 76.42 [92mF1_combined: 63.70 [92mF1_c: 58.05 [92mF1_g: 76.32 [95mCEU_cue_audio: 0.6551 [95mCEU_cue_video: 0.3637 [95mCEU_synergy: 0.0775 [95mCEU_coexistence: 0.8909 [97mS:[93m7.7%[97m([91m0.4c[97m-[94mF1:7.1%) [97mU1:[93m65.5%[97m([91m8.3c[97m) [97mU2:[93m36.4%[97m([91m12.2c[97m) [97mR:[93m89.1%[97m([91m42.8c[97m) [97mS-L: [92m0:[96m14%[39m [39m
2026-07-25 16:13:16,532 - Evaluator - INFO - New best with syn_accuracy-
2026-07-25 16:13:16,532 - Agent - INFO - [37mVal Epoch 57 step 57 with [31mce_loss_combined : 0.680583 [31mce_loss_c : 1.029151 [31mce_loss_g : 0.597263 [31mkl_synergy_rand_1 : 0.022903 [31mkl_synergy_rand_2 : 0.022978 [31mkl_synergy_1 : 0.024660 [31mkl_synergy_2 : 0.024465 [31mtotal : 0.775589 [31mdiag_kl_1 : 0.399766 [31mdiag_kl_2 : 0.311500 [94mAcc_combined: 64.85 [94mAcc_c: 58.08 [94mAcc_g: 76.86 [92mF1_combined: 63.98 [92mF1_c: 59.32 [92mF1_g: 76.86 [95mCEU_cue_audio: 0.5861 [95mCEU_cue_video: 0.4026 [95mCEU_synergy: 0.2306 [95mCEU_coexistence: 0.8636 [97mS:[93m23.1%[97m([91m1.3c[97m-[94mF1:22.6%) [97mU1:[93m58.6%[97m([91m7.4c[97m) [97mU2:[93m40.3%[97m([91m13.5c[97m) [97mR:[93m86.4%[97m([91m41.5c[97m) [97mS-L: [92m0:[96m14% [92m1:[96m33%[39m [39m
2026-07-25 16:13:16,576 - Agent - INFO - [37mTest Epoch 57 step 57 with [31mce_loss_combined : 0.970234 [31mce_loss_c : 1.182983 [31mce_loss_g : 0.845786 [31mkl_synergy_rand_1 : 0.030639 [31mkl_synergy_rand_2 : 0.017219 [31mkl_synergy_1 : 0.034001 [31mkl_synergy_2 : 0.020593 [31mtotal : 1.072686 [31mdiag_kl_1 : 0.530191 [31mdiag_kl_2 : 0.315322 [94mAcc_combined: 63.70 [94mAcc_c: 52.62 [94mAcc_g: 70.34 [92mF1_combined: 62.56 [92mF1_c: 56.61 [92mF1_g: 70.23 [95mCEU_cue_audio: 0.3726 [95mCEU_cue_video: 0.6317 [95mCEU_synergy: 0.1854 [95mCEU_coexistence: 0.8657 [97mS:[93m18.5%[97m([91m2.2c[97m-[94mF1:17.0%) [97mU1:[93m37.3%[97m([91m5.5c[97m) [97mU2:[93m63.2%[97m([91m20.3c[97m) [97mR:[93m86.6%[97m([91m35.7c[97m) [97mS-L: [92m0:[96m5% [92m1:[96m30%[39m [39m
2026-07-25 16:13:16,921 - Agent - INFO - [37mModel saved successfully at: ./artifacts/models/multibench/mosi/vt/SynIB_RMask_U_foldREFABL_mosi_fold2_l0.1_perturbrandom_fillema_pmin0.3_refunimodal_anchor_lr0.0005_wd0.001_bs32.pth.tar[39m
2026-07-25 16:13:23,957 - Agent - INFO - [37mVal Epoch 58 step 58 with [31mce_loss_combined : 0.686138 [31mce_loss_c : 1.042319 [31mce_loss_g : 0.603395 [31mkl_synergy_rand_1 : 0.022616 [31mkl_synergy_rand_2 : 0.025200 [31mkl_synergy_1 : 0.029175 [31mkl_synergy_2 : 0.027123 [31mtotal : 0.790252 [31mdiag_kl_1 : 0.432836 [31mdiag_kl_2 : 0.351321 [94mAcc_combined: 64.85 [94mAcc_c: 59.17 [94mAcc_g: 78.17 [92mF1_combined: 64.30 [92mF1_c: 61.44 [92mF1_g: 78.26 [95mCEU_cue_audio: 0.5861 [95mCEU_cue_video: 0.4026 [95mCEU_synergy: 0.1534 [95mCEU_coexistence: 0.8636 [97mS:[93m15.4%[97m([91m0.9c[97m-[94mF1:13.3%) [97mU1:[93m58.6%[97m([91m7.4c[97m) [97mU2:[93m40.3%[97m([91m13.5c[97m) [97mR:[93m86.4%[97m([91m41.5c[97m) [97mS-L: [92m1:[96m33%[39m [39m
2026-07-25 16:13:30,978 - Agent - INFO - [37mVal Epoch 59 step 59 with [31mce_loss_combined : 0.645492 [31mce_loss_c : 1.019803 [31mce_loss_g : 0.645354 [31mkl_synergy_rand_1 : 0.023712 [31mkl_synergy_rand_2 : 0.023301 [31mkl_synergy_1 : 0.028856 [31mkl_synergy_2 : 0.024228 [31mtotal : 0.745589 [31mdiag_kl_1 : 0.404853 [31mdiag_kl_2 : 0.327801 [94mAcc_combined: 63.54 [94mAcc_c: 60.26 [94mAcc_g: 76.42 [92mF1_combined: 62.47 [92mF1_c: 61.44 [92mF1_g: 76.42 [95mCEU_cue_audio: 0.6896 [95mCEU_cue_video: 0.3896 [95mCEU_synergy: 0.0000 [95mCEU_coexistence: 0.8636 [97mS:[93m0.0%[97m([91m0.0c[97m-[94mF1:0.0%) [97mU1:[93m69.0%[97m([91m8.7c[97m) [97mU2:[93m39.0%[97m([91m13.1c[97m) [97mR:[93m86.4%[97m([91m41.5c[97m) [97mS-L: None[39m [39m
2026-07-25 16:13:38,008 - Agent - INFO - [37mVal Epoch 60 step 60 with [31mce_loss_combined : 0.757849 [31mce_loss_c : 1.027568 [31mce_loss_g : 0.625427 [31mkl_synergy_rand_1 : 0.021866 [31mkl_synergy_rand_2 : 0.033287 [31mkl_synergy_1 : 0.024003 [31mkl_synergy_2 : 0.036814 [31mtotal : 0.873818 [31mdiag_kl_1 : 0.426696 [31mdiag_kl_2 : 0.407601 [94mAcc_combined: 62.66 [94mAcc_c: 59.17 [94mAcc_g: 75.55 [92mF1_combined: 62.08 [92mF1_c: 61.12 [92mF1_g: 75.44 [95mCEU_cue_audio: 0.7930 [95mCEU_cue_video: 0.2986 [95mCEU_synergy: 0.2306 [95mCEU_coexistence: 0.8364 [97mS:[93m23.1%[97m([91m1.3c[97m-[94mF1:22.6%) [97mU1:[93m79.3%[97m([91m10.0c[97m) [97mU2:[93m29.9%[97m([91m10.0c[97m) [97mR:[93m83.6%[97m([91m40.2c[97m) [97mS-L: [92m0:[96m14% [92m1:[96m33%[39m [39m
2026-07-25 16:13:45,060 - Agent - INFO - [37mVal Epoch 61 step 61 with [31mce_loss_combined : 0.674223 [31mce_loss_c : 0.966645 [31mce_loss_g : 0.596277 [31mkl_synergy_rand_1 : 0.028172 [31mkl_synergy_rand_2 : 0.020056 [31mkl_synergy_1 : 0.028241 [31mkl_synergy_2 : 0.019083 [31mtotal : 0.769775 [31mdiag_kl_1 : 0.451959 [31mdiag_kl_2 : 0.313842 [94mAcc_combined: 74.02 [94mAcc_c: 57.21 [94mAcc_g: 76.20 [92mF1_combined: 71.73 [92mF1_c: 59.34 [92mF1_g: 76.25 [95mCEU_cue_audio: 0.5861 [95mCEU_cue_video: 0.6753 [95mCEU_synergy: 0.0000 [95mCEU_coexistence: 0.9001 [97mS:[93m0.0%[97m([91m0.0c[97m-[94mF1:0.0%) [97mU1:[93m58.6%[97m([91m7.4c[97m) [97mU2:[93m67.5%[97m([91m22.7c[97m) [97mR:[93m90.0%[97m([91m43.2c[97m) [97mS-L: None[39m [39m
2026-07-25 16:13:52,150 - Agent - INFO - [37mVal Epoch 62 step 62 with [31mce_loss_combined : 0.656850 [31mce_loss_c : 0.976205 [31mce_loss_g : 0.604255 [31mkl_synergy_rand_1 : 0.023260 [31mkl_synergy_rand_2 : 0.014243 [31mkl_synergy_1 : 0.028404 [31mkl_synergy_2 : 0.013629 [31mtotal : 0.736386 [31mdiag_kl_1 : 0.453476 [31mdiag_kl_2 : 0.281712 [94mAcc_combined: 73.36 [94mAcc_c: 57.21 [94mAcc_g: 77.07 [92mF1_combined: 72.27 [92mF1_c: 60.00 [92mF1_g: 77.02 [95mCEU_cue_audio: 0.3104 [95mCEU_cue_video: 0.7662 [95mCEU_synergy: 0.0775 [95mCEU_coexistence: 0.8909 [97mS:[93m7.7%[97m([91m0.4c[97m-[94mF1:7.1%) [97mU1:[93m31.0%[97m([91m3.9c[97m) [97mU2:[93m76.6%[97m([91m25.8c[97m) [97mR:[93m89.1%[97m([91m42.8c[97m) [97mS-L: [92m0:[96m14%[39m [39m
2026-07-25 16:13:59,239 - Agent - INFO - [37mVal Epoch 63 step 63 with [31mce_loss_combined : 0.714675 [31mce_loss_c : 1.122299 [31mce_loss_g : 0.664052 [31mkl_synergy_rand_1 : 0.022855 [31mkl_synergy_rand_2 : 0.020046 [31mkl_synergy_1 : 0.025363 [31mkl_synergy_2 : 0.020382 [31mtotal : 0.803321 [31mdiag_kl_1 : 0.460221 [31mdiag_kl_2 : 0.344710 [94mAcc_combined: 68.12 [94mAcc_c: 58.08 [94mAcc_g: 77.07 [92mF1_combined: 65.57 [92mF1_c: 59.15 [92mF1_g: 77.12 [95mCEU_cue_audio: 0.4483 [95mCEU_cue_video: 0.6234 [95mCEU_synergy: 0.0775 [95mCEU_coexistence: 0.8545 [97mS:[93m7.7%[97m([91m0.4c[97m-[94mF1:7.1%) [97mU1:[93m44.8%[97m([91m5.7c[97m) [97mU2:[93m62.3%[97m([91m21.0c[97m) [97mR:[93m85.5%[97m([91m41.0c[97m) [97mS-L: [92m1:[96m17%[39m [39m
2026-07-25 16:14:06,276 - Agent - INFO - [37mVal Epoch 64 step 64 with [31mce_loss_combined : 0.634900 [31mce_loss_c : 1.101905 [31mce_loss_g : 0.655369 [31mkl_synergy_rand_1 : 0.023927 [31mkl_synergy_rand_2 : 0.017210 [31mkl_synergy_1 : 0.026975 [31mkl_synergy_2 : 0.018860 [31mtotal : 0.721872 [31mdiag_kl_1 : 0.430886 [31mdiag_kl_2 : 0.280212 [94mAcc_combined: 71.62 [94mAcc_c: 57.42 [94mAcc_g: 76.20 [92mF1_combined: 69.34 [92mF1_c: 59.12 [92mF1_g: 76.04 [95mCEU_cue_audio: 0.6551 [95mCEU_cue_video: 0.5714 [95mCEU_synergy: 0.0000 [95mCEU_coexistence: 0.9001 [97mS:[93m0.0%[97m([91m0.0c[97m-[94mF1:0.0%) [97mU1:[93m65.5%[97m([91m8.3c[97m) [97mU2:[93m57.1%[97m([91m19.2c[97m) [97mR:[93m90.0%[97m([91m43.2c[97m) [97mS-L: None[39m [39m
2026-07-25 16:14:13,410 - Agent - INFO - [37mVal Epoch 65 step 65 with [31mce_loss_combined : 0.675567 [31mce_loss_c : 1.163922 [31mce_loss_g : 0.656814 [31mkl_synergy_rand_1 : 0.019814 [31mkl_synergy_rand_2 : 0.018459 [31mkl_synergy_1 : 0.023237 [31mkl_synergy_2 : 0.018173 [31mtotal : 0.755250 [31mdiag_kl_1 : 0.384274 [31mdiag_kl_2 : 0.298678 [94mAcc_combined: 66.81 [94mAcc_c: 54.80 [94mAcc_g: 76.42 [92mF1_combined: 63.29 [92mF1_c: 57.32 [92mF1_g: 76.32 [95mCEU_cue_audio: 0.6209 [95mCEU_cue_video: 0.5195 [95mCEU_synergy: 0.0000 [95mCEU_coexistence: 0.8545 [97mS:[93m0.0%[97m([91m0.0c[97m-[94mF1:0.0%) [97mU1:[93m62.1%[97m([91m7.9c[97m) [97mU2:[93m51.9%[97m([91m17.5c[97m) [97mR:[93m85.5%[97m([91m41.0c[97m) [97mS-L: None[39m [39m
2026-07-25 16:14:20,549 - Agent - INFO - [37mVal Epoch 66 step 66 with [31mce_loss_combined : 0.729021 [31mce_loss_c : 1.231741 [31mce_loss_g : 0.654136 [31mkl_synergy_rand_1 : 0.021177 [31mkl_synergy_rand_2 : 0.021109 [31mkl_synergy_1 : 0.024250 [31mkl_synergy_2 : 0.022383 [31mtotal : 0.817939 [31mdiag_kl_1 : 0.359811 [31mdiag_kl_2 : 0.335330 [94mAcc_combined: 63.10 [94mAcc_c: 55.02 [94mAcc_g: 77.07 [92mF1_combined: 60.61 [92mF1_c: 56.90 [92mF1_g: 77.02 [95mCEU_cue_audio: 0.5517 [95mCEU_cue_video: 0.4286 [95mCEU_synergy: 0.0775 [95mCEU_coexistence: 0.8364 [97mS:[93m7.7%[97m([91m0.4c[97m-[94mF1:7.1%) [97mU1:[93m55.2%[97m([91m7.0c[97m) [97mU2:[93m42.9%[97m([91m14.4c[97m) [97mR:[93m83.6%[97m([91m40.2c[97m) [97mS-L: [92m0:[96m14%[39m [39m
2026-07-25 16:14:27,624 - Agent - INFO - [37mVal Epoch 67 step 67 with [31mce_loss_combined : 0.641110 [31mce_loss_c : 1.141816 [31mce_loss_g : 0.625655 [31mkl_synergy_rand_1 : 0.020905 [31mkl_synergy_rand_2 : 0.017638 [31mkl_synergy_1 : 0.026703 [31mkl_synergy_2 : 0.018993 [31mtotal : 0.725349 [31mdiag_kl_1 : 0.336103 [31mdiag_kl_2 : 0.295548 [94mAcc_combined: 69.65 [94mAcc_c: 57.42 [94mAcc_g: 76.42 [92mF1_combined: 66.83 [92mF1_c: 59.79 [92mF1_g: 76.21 [95mCEU_cue_audio: 0.5517 [95mCEU_cue_video: 0.5845 [95mCEU_synergy: 0.0000 [95mCEU_coexistence: 0.8909 [97mS:[93m0.0%[97m([91m0.0c[97m-[94mF1:0.0%) [97mU1:[93m55.2%[97m([91m7.0c[97m) [97mU2:[93m58.4%[97m([91m19.7c[97m) [97mR:[93m89.1%[97m([91m42.8c[97m) [97mS-L: None[39m [39m
2026-07-25 16:14:34,694 - Agent - INFO - [37mVal Epoch 68 step 68 with [31mce_loss_combined : 0.689941 [31mce_loss_c : 1.095203 [31mce_loss_g : 0.671457 [31mkl_synergy_rand_1 : 0.029055 [31mkl_synergy_rand_2 : 0.022086 [31mkl_synergy_1 : 0.027973 [31mkl_synergy_2 : 0.022997 [31mtotal : 0.792051 [31mdiag_kl_1 : 0.430448 [31mdiag_kl_2 : 0.347596 [94mAcc_combined: 61.14 [94mAcc_c: 60.26 [94mAcc_g: 74.45 [92mF1_combined: 59.73 [92mF1_c: 61.28 [92mF1_g: 74.29 [95mCEU_cue_audio: 0.6896 [95mCEU_cue_video: 0.3376 [95mCEU_synergy: 0.0775 [95mCEU_coexistence: 0.8455 [97mS:[93m7.7%[97m([91m0.4c[97m-[94mF1:7.1%) [97mU1:[93m69.0%[97m([91m8.7c[97m) [97mU2:[93m33.8%[97m([91m11.4c[97m) [97mR:[93m84.5%[97m([91m40.6c[97m) [97mS-L: [92m1:[96m17%[39m [39m
2026-07-25 16:14:41,754 - Agent - INFO - [37mVal Epoch 69 step 69 with [31mce_loss_combined : 0.749450 [31mce_loss_c : 1.221434 [31mce_loss_g : 0.654680 [31mkl_synergy_rand_1 : 0.019534 [31mkl_synergy_rand_2 : 0.029300 [31mkl_synergy_1 : 0.022879 [31mkl_synergy_2 : 0.029017 [31mtotal : 0.850180 [31mdiag_kl_1 : 0.470018 [31mdiag_kl_2 : 0.391264 [94mAcc_combined: 62.88 [94mAcc_c: 58.08 [94mAcc_g: 76.64 [92mF1_combined: 61.36 [92mF1_c: 58.80 [92mF1_g: 76.59 [95mCEU_cue_audio: 0.7243 [95mCEU_cue_video: 0.3637 [95mCEU_synergy: 0.1534 [95mCEU_coexistence: 0.8364 [97mS:[93m15.4%[97m([91m0.9c[97m-[94mF1:13.3%) [97mU1:[93m72.4%[97m([91m9.2c[97m) [97mU2:[93m36.4%[97m([91m12.2c[97m) [97mR:[93m83.6%[97m([91m40.2c[97m) [97mS-L: [92m1:[96m33%[39m [39m
2026-07-25 16:14:48,820 - Agent - INFO - [37mVal Epoch 70 step 70 with [31mce_loss_combined : 0.675308 [31mce_loss_c : 1.223175 [31mce_loss_g : 0.683308 [31mkl_synergy_rand_1 : 0.026678 [31mkl_synergy_rand_2 : 0.017766 [31mkl_synergy_1 : 0.027572 [31mkl_synergy_2 : 0.020518 [31mtotal : 0.767842 [31mdiag_kl_1 : 0.497901 [31mdiag_kl_2 : 0.341334 [94mAcc_combined: 69.00 [94mAcc_c: 57.21 [94mAcc_g: 76.64 [92mF1_combined: 66.35 [92mF1_c: 58.47 [92mF1_g: 76.48 [95mCEU_cue_audio: 0.5861 [95mCEU_cue_video: 0.6493 [95mCEU_synergy: 0.0775 [95mCEU_coexistence: 0.8636 [97mS:[93m7.7%[97m([91m0.4c[97m-[94mF1:7.1%) [97mU1:[93m58.6%[97m([91m7.4c[97m) [97mU2:[93m64.9%[97m([91m21.8c[97m) [97mR:[93m86.4%[97m([91m41.5c[97m) [97mS-L: [92m0:[96m14%[39m [39m
2026-07-25 16:14:55,925 - Agent - INFO - [37mVal Epoch 71 step 71 with [31mce_loss_combined : 0.730766 [31mce_loss_c : 1.249171 [31mce_loss_g : 0.696034 [31mkl_synergy_rand_1 : 0.017340 [31mkl_synergy_rand_2 : 0.023758 [31mkl_synergy_1 : 0.023286 [31mkl_synergy_2 : 0.022810 [31mtotal : 0.817961 [31mdiag_kl_1 : 0.484906 [31mdiag_kl_2 : 0.381764 [94mAcc_combined: 69.21 [94mAcc_c: 56.33 [94mAcc_g: 78.60 [92mF1_combined: 67.88 [92mF1_c: 57.26 [92mF1_g: 78.51 [95mCEU_cue_audio: 0.5861 [95mCEU_cue_video: 0.5714 [95mCEU_synergy: 0.2306 [95mCEU_coexistence: 0.8818 [97mS:[93m23.1%[97m([91m1.3c[97m-[94mF1:22.6%) [97mU1:[93m58.6%[97m([91m7.4c[97m) [97mU2:[93m57.1%[97m([91m19.2c[97m) [97mR:[93m88.2%[97m([91m42.4c[97m) [97mS-L: [92m0:[96m14% [92m1:[96m33%[39m [39m
2026-07-25 16:15:02,928 - Evaluator - INFO - New best with syn_accuracy-
2026-07-25 16:15:02,928 - Agent - INFO - [37mVal Epoch 72 step 72 with [31mce_loss_combined : 0.780211 [31mce_loss_c : 1.306285 [31mce_loss_g : 0.731121 [31mkl_synergy_rand_1 : 0.016612 [31mkl_synergy_rand_2 : 0.025392 [31mkl_synergy_1 : 0.022003 [31mkl_synergy_2 : 0.024497 [31mtotal : 0.868716 [31mdiag_kl_1 : 0.509742 [31mdiag_kl_2 : 0.431175 [94mAcc_combined: 69.43 [94mAcc_c: 57.21 [94mAcc_g: 75.76 [92mF1_combined: 67.59 [92mF1_c: 57.94 [92mF1_g: 75.71 [95mCEU_cue_audio: 0.5861 [95mCEU_cue_video: 0.5584 [95mCEU_synergy: 0.3081 [95mCEU_coexistence: 0.8636 [97mS:[93m30.8%[97m([91m1.7c[97m-[94mF1:29.1%) [97mU1:[93m58.6%[97m([91m7.4c[97m) [97mU2:[93m55.8%[97m([91m18.8c[97m) [97mR:[93m86.4%[97m([91m41.5c[97m) [97mS-L: [92m0:[96m14% [92m1:[96m50%[39m [39m
2026-07-25 16:15:02,943 - Agent - INFO - [37mTest Epoch 72 step 72 with [31mce_loss_combined : 1.052683 [31mce_loss_c : 1.459816 [31mce_loss_g : 1.032855 [31mkl_synergy_rand_1 : 0.024849 [31mkl_synergy_rand_2 : 0.018216 [31mkl_synergy_1 : 0.028483 [31mkl_synergy_2 : 0.022723 [31mtotal : 1.146954 [31mdiag_kl_1 : 0.598710 [31mdiag_kl_2 : 0.346773 [94mAcc_combined: 63.19 [94mAcc_c: 53.35 [94mAcc_g: 69.68 [92mF1_combined: 60.33 [92mF1_c: 54.61 [92mF1_g: 69.72 [95mCEU_cue_audio: 0.5198 [95mCEU_cue_video: 0.5544 [95mCEU_synergy: 0.0864 [95mCEU_coexistence: 0.8446 [97mS:[93m8.6%[97m([91m1.0c[97m-[94mF1:8.5%) [97mU1:[93m52.0%[97m([91m7.7c[97m) [97mU2:[93m55.5%[97m([91m17.8c[97m) [97mR:[93m84.5%[97m([91m34.8c[97m) [97mS-L: [92m0:[96m5% [92m1:[96m12%[39m [39m
2026-07-25 16:15:03,486 - Agent - INFO - [37mModel saved successfully at: ./artifacts/models/multibench/mosi/vt/SynIB_RMask_U_foldREFABL_mosi_fold2_l0.1_perturbrandom_fillema_pmin0.3_refunimodal_anchor_lr0.0005_wd0.001_bs32.pth.tar[39m
2026-07-25 16:15:10,615 - Agent - INFO - [37mVal Epoch 73 step 73 with [31mce_loss_combined : 0.756991 [31mce_loss_c : 1.232319 [31mce_loss_g : 0.717872 [31mkl_synergy_rand_1 : 0.018725 [31mkl_synergy_rand_2 : 0.021340 [31mkl_synergy_1 : 0.024976 [31mkl_synergy_2 : 0.023461 [31mtotal : 0.845492 [31mdiag_kl_1 : 0.449870 [31mdiag_kl_2 : 0.388157 [94mAcc_combined: 65.50 [94mAcc_c: 58.30 [94mAcc_g: 75.33 [92mF1_combined: 63.76 [92mF1_c: 59.45 [92mF1_g: 75.06 [95mCEU_cue_audio: 0.6209 [95mCEU_cue_video: 0.4935 [95mCEU_synergy: 0.0775 [95mCEU_coexistence: 0.8272 [97mS:[93m7.7%[97m([91m0.4c[97m-[94mF1:7.1%) [97mU1:[93m62.1%[97m([91m7.9c[97m) [97mU2:[93m49.4%[97m([91m16.6c[97m) [97mR:[93m82.7%[97m([91m39.7c[97m) [97mS-L: [92m0:[96m14%[39m [39m
2026-07-25 16:15:17,755 - Agent - INFO - [37mVal Epoch 74 step 74 with [31mce_loss_combined : 0.758920 [31mce_loss_c : 1.240224 [31mce_loss_g : 0.702870 [31mkl_synergy_rand_1 : 0.022216 [31mkl_synergy_rand_2 : 0.023138 [31mkl_synergy_1 : 0.025871 [31mkl_synergy_2 : 0.023838 [31mtotal : 0.853983 [31mdiag_kl_1 : 0.491092 [31mdiag_kl_2 : 0.388052 [94mAcc_combined: 68.34 [94mAcc_c: 57.64 [94mAcc_g: 75.55 [92mF1_combined: 67.12 [92mF1_c: 59.07 [92mF1_g: 75.55 [95mCEU_cue_audio: 0.5861 [95mCEU_cue_video: 0.5714 [95mCEU_synergy: 0.0775 [95mCEU_coexistence: 0.8455 [97mS:[93m7.7%[97m([91m0.4c[97m-[94mF1:7.1%) [97mU1:[93m58.6%[97m([91m7.4c[97m) [97mU2:[93m57.1%[97m([91m19.2c[97m) [97mR:[93m84.5%[97m([91m40.6c[97m) [97mS-L: [92m0:[96m14%[39m [39m
2026-07-25 16:15:24,827 - Agent - INFO - [37mVal Epoch 75 step 75 with [31mce_loss_combined : 0.764421 [31mce_loss_c : 1.282238 [31mce_loss_g : 0.748769 [31mkl_synergy_rand_1 : 0.025314 [31mkl_synergy_rand_2 : 0.017330 [31mkl_synergy_1 : 0.028947 [31mkl_synergy_2 : 0.018696 [31mtotal : 0.854709 [31mdiag_kl_1 : 0.477083 [31mdiag_kl_2 : 0.371455 [94mAcc_combined: 68.56 [94mAcc_c: 56.55 [94mAcc_g: 75.98 [92mF1_combined: 66.97 [92mF1_c: 57.75 [92mF1_g: 75.77 [95mCEU_cue_audio: 0.6209 [95mCEU_cue_video: 0.5845 [95mCEU_synergy: 0.0775 [95mCEU_coexistence: 0.8455 [97mS:[93m7.7%[97m([91m0.4c[97m-[94mF1:7.1%) [97mU1:[93m62.1%[97m([91m7.9c[97m) [97mU2:[93m58.4%[97m([91m19.7c[97m) [97mR:[93m84.5%[97m([91m40.6c[97m) [97mS-L: [92m0:[96m14%[39m [39m
2026-07-25 16:15:31,926 - Agent - INFO - [37mVal Epoch 76 step 76 with [31mce_loss_combined : 0.804477 [31mce_loss_c : 1.196780 [31mce_loss_g : 0.745668 [31mkl_synergy_rand_1 : 0.028662 [31mkl_synergy_rand_2 : 0.022641 [31mkl_synergy_1 : 0.031520 [31mkl_synergy_2 : 0.022866 [31mtotal : 0.910165 [31mdiag_kl_1 : 0.498698 [31mdiag_kl_2 : 0.430574 [94mAcc_combined: 64.63 [94mAcc_c: 56.77 [94mAcc_g: 76.86 [92mF1_combined: 62.67 [92mF1_c: 58.23 [92mF1_g: 76.86 [95mCEU_cue_audio: 0.5861 [95mCEU_cue_video: 0.5455 [95mCEU_synergy: 0.0775 [95mCEU_coexistence: 0.8182 [97mS:[93m7.7%[97m([91m0.4c[97m-[94mF1:7.1%) [97mU1:[93m58.6%[97m([91m7.4c[97m) [97mU2:[93m54.5%[97m([91m18.3c[97m) [97mR:[93m81.8%[97m([91m39.3c[97m) [97mS-L: [92m0:[96m14%[39m [39m
2026-07-25 16:15:39,108 - Agent - INFO - [37mVal Epoch 77 step 77 with [31mce_loss_combined : 0.766075 [31mce_loss_c : 1.200950 [31mce_loss_g : 0.747135 [31mkl_synergy_rand_1 : 0.025820 [31mkl_synergy_rand_2 : 0.017872 [31mkl_synergy_1 : 0.029377 [31mkl_synergy_2 : 0.020317 [31mtotal : 0.859460 [31mdiag_kl_1 : 0.510530 [31mdiag_kl_2 : 0.388307 [94mAcc_combined: 68.12 [94mAcc_c: 56.99 [94mAcc_g: 74.89 [92mF1_combined: 66.36 [92mF1_c: 58.17 [92mF1_g: 74.84 [95mCEU_cue_audio: 0.6551 [95mCEU_cue_video: 0.5845 [95mCEU_synergy: 0.2306 [95mCEU_coexistence: 0.8364 [97mS:[93m23.1%[97m([91m1.3c[97m-[94mF1:22.6%) [97mU1:[93m65.5%[97m([91m8.3c[97m) [97mU2:[93m58.4%[97m([91m19.7c[97m) [97mR:[93m83.6%[97m([91m40.2c[97m) [97mS-L: [92m0:[96m14% [92m1:[96m33%[39m [39m
2026-07-25 16:15:46,246 - Agent - INFO - [37mVal Epoch 78 step 78 with [31mce_loss_combined : 0.745173 [31mce_loss_c : 1.210192 [31mce_loss_g : 0.747192 [31mkl_synergy_rand_1 : 0.024812 [31mkl_synergy_rand_2 : 0.014136 [31mkl_synergy_1 : 0.033534 [31mkl_synergy_2 : 0.014607 [31mtotal : 0.832261 [31mdiag_kl_1 : 0.522152 [31mdiag_kl_2 : 0.393583 [94mAcc_combined: 71.62 [94mAcc_c: 56.99 [94mAcc_g: 76.20 [92mF1_combined: 70.18 [92mF1_c: 58.17 [92mF1_g: 76.25 [95mCEU_cue_audio: 0.4826 [95mCEU_cue_video: 0.7272 [95mCEU_synergy: 0.0775 [95mCEU_coexistence: 0.8545 [97mS:[93m7.7%[97m([91m0.4c[97m-[94mF1:7.1%) [97mU1:[93m48.3%[97m([91m6.1c[97m) [97mU2:[93m72.7%[97m([91m24.5c[97m) [97mR:[93m85.5%[97m([91m41.0c[97m) [97mS-L: [92m0:[96m14%[39m [39m
2026-07-25 16:15:53,347 - Agent - INFO - [37mVal Epoch 79 step 79 with [31mce_loss_combined : 0.777650 [31mce_loss_c : 1.232477 [31mce_loss_g : 0.751187 [31mkl_synergy_rand_1 : 0.024571 [31mkl_synergy_rand_2 : 0.017296 [31mkl_synergy_1 : 0.029908 [31mkl_synergy_2 : 0.016433 [31mtotal : 0.865858 [31mdiag_kl_1 : 0.511440 [31mdiag_kl_2 : 0.383040 [94mAcc_combined: 70.74 [94mAcc_c: 57.42 [94mAcc_g: 75.76 [92mF1_combined: 69.41 [92mF1_c: 58.77 [92mF1_g: 75.60 [95mCEU_cue_audio: 0.5517 [95mCEU_cue_video: 0.6363 [95mCEU_synergy: 0.0775 [95mCEU_coexistence: 0.8455 [97mS:[93m7.7%[97m([91m0.4c[97m-[94mF1:7.1%) [97mU1:[93m55.2%[97m([91m7.0c[97m) [97mU2:[93m63.6%[97m([91m21.4c[97m) [97mR:[93m84.5%[97m([91m40.6c[97m) [97mS-L: [92m0:[96m14%[39m [39m
2026-07-25 16:16:00,491 - Agent - INFO - [37mVal Epoch 80 step 80 with [31mce_loss_combined : 0.825425 [31mce_loss_c : 1.280882 [31mce_loss_g : 0.777039 [31mkl_synergy_rand_1 : 0.016508 [31mkl_synergy_rand_2 : 0.025327 [31mkl_synergy_1 : 0.022537 [31mkl_synergy_2 : 0.027194 [31mtotal : 0.916991 [31mdiag_kl_1 : 0.458775 [31mdiag_kl_2 : 0.468851 [94mAcc_combined: 65.28 [94mAcc_c: 56.11 [94mAcc_g: 70.96 [92mF1_combined: 63.95 [92mF1_c: 57.32 [92mF1_g: 72.00 [95mCEU_cue_audio: 0.6896 [95mCEU_cue_video: 0.4545 [95mCEU_synergy: 0.2306 [95mCEU_coexistence: 0.8182 [97mS:[93m23.1%[97m([91m1.3c[97m-[94mF1:22.6%) [97mU1:[93m69.0%[97m([91m8.7c[97m) [97mU2:[93m45.5%[97m([91m15.3c[97m) [97mR:[93m81.8%[97m([91m39.3c[97m) [97mS-L: [92m0:[96m14% [92m1:[96m33%[39m [39m
2026-07-25 16:16:07,561 - Agent - INFO - [37mVal Epoch 81 step 81 with [31mce_loss_combined : 0.770854 [31mce_loss_c : 1.240638 [31mce_loss_g : 0.772067 [31mkl_synergy_rand_1 : 0.022909 [31mkl_synergy_rand_2 : 0.021426 [31mkl_synergy_1 : 0.026711 [31mkl_synergy_2 : 0.019123 [31mtotal : 0.861023 [31mdiag_kl_1 : 0.533531 [31mdiag_kl_2 : 0.425969 [94mAcc_combined: 69.00 [94mAcc_c: 56.77 [94mAcc_g: 76.42 [92mF1_combined: 67.73 [92mF1_c: 58.05 [92mF1_g: 76.32 [95mCEU_cue_audio: 0.4483 [95mCEU_cue_video: 0.6624 [95mCEU_synergy: 0.1534 [95mCEU_coexistence: 0.8364 [97mS:[93m15.4%[97m([91m0.9c[97m-[94mF1:15.4%) [97mU1:[93m44.8%[97m([91m5.7c[97m) [97mU2:[93m66.2%[97m([91m22.3c[97m) [97mR:[93m83.6%[97m([91m40.2c[97m) [97mS-L: [92m0:[96m14% [92m1:[96m17%[39m [39m
2026-07-25 16:16:14,739 - Agent - INFO - [37mVal Epoch 82 step 82 with [31mce_loss_combined : 0.812010 [31mce_loss_c : 1.266354 [31mce_loss_g : 0.780317 [31mkl_synergy_rand_1 : 0.024068 [31mkl_synergy_rand_2 : 0.020553 [31mkl_synergy_1 : 0.025867 [31mkl_synergy_2 : 0.018962 [31mtotal : 0.901460 [31mdiag_kl_1 : 0.564169 [31mdiag_kl_2 : 0.462137 [94mAcc_combined: 69.43 [94mAcc_c: 57.86 [94mAcc_g: 75.11 [92mF1_combined: 68.04 [92mF1_c: 58.85 [92mF1_g: 75.22 [95mCEU_cue_audio: 0.5861 [95mCEU_cue_video: 0.5845 [95mCEU_synergy: 0.1534 [95mCEU_coexistence: 0.8364 [97mS:[93m15.4%[97m([91m0.9c[97m-[94mF1:15.4%) [97mU1:[93m58.6%[97m([91m7.4c[97m) [97mU2:[93m58.4%[97m([91m19.7c[97m) [97mR:[93m83.6%[97m([91m40.2c[97m) [97mS-L: [92m0:[96m14% [92m1:[96m17%[39m [39m
2026-07-25 16:16:21,905 - Agent - INFO - [37mVal Epoch 83 step 83 with [31mce_loss_combined : 0.787645 [31mce_loss_c : 1.243660 [31mce_loss_g : 0.793263 [31mkl_synergy_rand_1 : 0.027948 [31mkl_synergy_rand_2 : 0.016238 [31mkl_synergy_1 : 0.033632 [31mkl_synergy_2 : 0.018052 [31mtotal : 0.883515 [31mdiag_kl_1 : 0.549409 [31mdiag_kl_2 : 0.458162 [94mAcc_combined: 69.43 [94mAcc_c: 58.30 [94mAcc_g: 75.55 [92mF1_combined: 68.47 [92mF1_c: 59.79 [92mF1_g: 75.55 [95mCEU_cue_audio: 0.5517 [95mCEU_cue_video: 0.6624 [95mCEU_synergy: 0.2306 [95mCEU_coexistence: 0.8182 [97mS:[93m23.1%[97m([91m1.3c[97m-[94mF1:22.6%) [97mU1:[93m55.2%[97m([91m7.0c[97m) [97mU2:[93m66.2%[97m([91m22.3c[97m) [97mR:[93m81.8%[97m([91m39.3c[97m) [97mS-L: [92m0:[96m29% [92m1:[96m17%[39m [39m
2026-07-25 16:16:28,969 - Agent - INFO - [37mVal Epoch 84 step 84 with [31mce_loss_combined : 0.807256 [31mce_loss_c : 1.262619 [31mce_loss_g : 0.799995 [31mkl_synergy_rand_1 : 0.027466 [31mkl_synergy_rand_2 : 0.018792 [31mkl_synergy_1 : 0.032463 [31mkl_synergy_2 : 0.018772 [31mtotal : 0.904749 [31mdiag_kl_1 : 0.579799 [31mdiag_kl_2 : 0.472005 [94mAcc_combined: 69.43 [94mAcc_c: 58.08 [94mAcc_g: 74.45 [92mF1_combined: 68.47 [92mF1_c: 59.32 [92mF1_g: 74.73 [95mCEU_cue_audio: 0.5517 [95mCEU_cue_video: 0.6624 [95mCEU_synergy: 0.1534 [95mCEU_coexistence: 0.8272 [97mS:[93m15.4%[97m([91m0.9c[97m-[94mF1:15.4%) [97mU1:[93m55.2%[97m([91m7.0c[97m) [97mU2:[93m66.2%[97m([91m22.3c[97m) [97mR:[93m82.7%[97m([91m39.7c[97m) [97mS-L: [92m0:[96m14% [92m1:[96m17%[39m [39m
2026-07-25 16:16:36,141 - Agent - INFO - [37mVal Epoch 85 step 85 with [31mce_loss_combined : 0.816912 [31mce_loss_c : 1.271225 [31mce_loss_g : 0.812210 [31mkl_synergy_rand_1 : 0.026920 [31mkl_synergy_rand_2 : 0.015423 [31mkl_synergy_1 : 0.030540 [31mkl_synergy_2 : 0.016835 [31mtotal : 0.906630 [31mdiag_kl_1 : 0.564804 [31mdiag_kl_2 : 0.423875 [94mAcc_combined: 69.87 [94mAcc_c: 58.52 [94mAcc_g: 74.89 [92mF1_combined: 68.78 [92mF1_c: 59.57 [92mF1_g: 75.05 [95mCEU_cue_audio: 0.5517 [95mCEU_cue_video: 0.6624 [95mCEU_synergy: 0.1534 [95mCEU_coexistence: 0.8182 [97mS:[93m15.4%[97m([91m0.9c[97m-[94mF1:15.4%) [97mU1:[93m55.2%[97m([91m7.0c[97m) [97mU2:[93m66.2%[97m([91m22.3c[97m) [97mR:[93m81.8%[97m([91m39.3c[97m) [97mS-L: [92m0:[96m14% [92m1:[96m17%[39m [39m
2026-07-25 16:16:43,254 - Agent - INFO - [37mVal Epoch 86 step 86 with [31mce_loss_combined : 0.824382 [31mce_loss_c : 1.335884 [31mce_loss_g : 0.810195 [31mkl_synergy_rand_1 : 0.027952 [31mkl_synergy_rand_2 : 0.017132 [31mkl_synergy_1 : 0.033315 [31mkl_synergy_2 : 0.017232 [31mtotal : 0.920013 [31mdiag_kl_1 : 0.628543 [31mdiag_kl_2 : 0.432289 [94mAcc_combined: 73.36 [94mAcc_c: 56.55 [94mAcc_g: 75.11 [92mF1_combined: 72.40 [92mF1_c: 57.20 [92mF1_g: 75.11 [95mCEU_cue_audio: 0.4826 [95mCEU_cue_video: 0.7272 [95mCEU_synergy: 0.2306 [95mCEU_coexistence: 0.8636 [97mS:[93m23.1%[97m([91m1.3c[97m-[94mF1:22.6%) [97mU1:[93m48.3%[97m([91m6.1c[97m) [97mU2:[93m72.7%[97m([91m24.5c[97m) [97mR:[93m86.4%[97m([91m41.5c[97m) [97mS-L: [92m0:[96m14% [92m1:[96m33%[39m [39m
2026-07-25 16:16:50,347 - Agent - INFO - [37mVal Epoch 87 step 87 with [31mce_loss_combined : 0.787001 [31mce_loss_c : 1.269060 [31mce_loss_g : 0.813520 [31mkl_synergy_rand_1 : 0.024186 [31mkl_synergy_rand_2 : 0.015965 [31mkl_synergy_1 : 0.031265 [31mkl_synergy_2 : 0.016444 [31mtotal : 0.874860 [31mdiag_kl_1 : 0.582030 [31mdiag_kl_2 : 0.430569 [94mAcc_combined: 70.74 [94mAcc_c: 57.86 [94mAcc_g: 74.89 [92mF1_combined: 69.41 [92mF1_c: 58.49 [92mF1_g: 74.95 [95mCEU_cue_audio: 0.4483 [95mCEU_cue_video: 0.6753 [95mCEU_synergy: 0.2306 [95mCEU_coexistence: 0.8545 [97mS:[93m23.1%[97m([91m1.3c[97m-[94mF1:22.6%) [97mU1:[93m44.8%[97m([91m5.7c[97m) [97mU2:[93m67.5%[97m([91m22.7c[97m) [97mR:[93m85.5%[97m([91m41.0c[97m) [97mS-L: [92m0:[96m14% [92m1:[96m33%[39m [39m
2026-07-25 16:16:57,519 - Agent - INFO - [37mVal Epoch 88 step 88 with [31mce_loss_combined : 0.795361 [31mce_loss_c : 1.273302 [31mce_loss_g : 0.818128 [31mkl_synergy_rand_1 : 0.019696 [31mkl_synergy_rand_2 : 0.016345 [31mkl_synergy_1 : 0.027258 [31mkl_synergy_2 : 0.017669 [31mtotal : 0.876329 [31mdiag_kl_1 : 0.551185 [31mdiag_kl_2 : 0.415457 [94mAcc_combined: 70.31 [94mAcc_c: 57.42 [94mAcc_g: 74.45 [92mF1_combined: 69.09 [92mF1_c: 58.06 [92mF1_g: 74.73 [95mCEU_cue_audio: 0.4826 [95mCEU_cue_video: 0.6753 [95mCEU_synergy: 0.2306 [95mCEU_coexistence: 0.8364 [97mS:[93m23.1%[97m([91m1.3c[97m-[94mF1:22.6%) [97mU1:[93m48.3%[97m([91m6.1c[97m) [97mU2:[93m67.5%[97m([91m22.7c[97m) [97mR:[93m83.6%[97m([91m40.2c[97m) [97mS-L: [92m0:[96m14% [92m1:[96m33%[39m [39m
2026-07-25 16:17:04,660 - Agent - INFO - [37mVal Epoch 89 step 89 with [31mce_loss_combined : 0.798728 [31mce_loss_c : 1.266063 [31mce_loss_g : 0.814986 [31mkl_synergy_rand_1 : 0.021081 [31mkl_synergy_rand_2 : 0.018493 [31mkl_synergy_1 : 0.026874 [31mkl_synergy_2 : 0.018661 [31mtotal : 0.883836 [31mdiag_kl_1 : 0.563271 [31mdiag_kl_2 : 0.450986 [94mAcc_combined: 71.18 [94mAcc_c: 57.21 [94mAcc_g: 74.02 [92mF1_combined: 70.14 [92mF1_c: 58.12 [92mF1_g: 74.30 [95mCEU_cue_audio: 0.4826 [95mCEU_cue_video: 0.7014 [95mCEU_synergy: 0.2306 [95mCEU_coexistence: 0.8272 [97mS:[93m23.1%[97m([91m1.3c[97m-[94mF1:22.6%) [97mU1:[93m48.3%[97m([91m6.1c[97m) [97mU2:[93m70.1%[97m([91m23.6c[97m) [97mR:[93m82.7%[97m([91m39.7c[97m) [97mS-L: [92m0:[96m14% [92m1:[96m33%[39m [39m
2026-07-25 16:17:11,840 - Agent - INFO - [37mVal Epoch 90 step 90 with [31mce_loss_combined : 0.801009 [31mce_loss_c : 1.290237 [31mce_loss_g : 0.816080 [31mkl_synergy_rand_1 : 0.022475 [31mkl_synergy_rand_2 : 0.018283 [31mkl_synergy_1 : 0.026687 [31mkl_synergy_2 : 0.018462 [31mtotal : 0.886916 [31mdiag_kl_1 : 0.526002 [31mdiag_kl_2 : 0.459266 [94mAcc_combined: 70.09 [94mAcc_c: 57.21 [94mAcc_g: 74.24 [92mF1_combined: 69.07 [92mF1_c: 58.30 [92mF1_g: 74.57 [95mCEU_cue_audio: 0.5174 [95mCEU_cue_video: 0.6883 [95mCEU_synergy: 0.2306 [95mCEU_coexistence: 0.8091 [97mS:[93m23.1%[97m([91m1.3c[97m-[94mF1:22.6%) [97mU1:[93m51.7%[97m([91m6.6c[97m) [97mU2:[93m68.8%[97m([91m23.1c[97m) [97mR:[93m80.9%[97m([91m38.9c[97m) [97mS-L: [92m0:[96m14% [92m1:[96m33%[39m [39m
2026-07-25 16:17:18,899 - Agent - INFO - [37mVal Epoch 91 step 91 with [31mce_loss_combined : 0.762101 [31mce_loss_c : 1.239221 [31mce_loss_g : 0.824429 [31mkl_synergy_rand_1 : 0.025268 [31mkl_synergy_rand_2 : 0.015669 [31mkl_synergy_1 : 0.031550 [31mkl_synergy_2 : 0.015798 [31mtotal : 0.850385 [31mdiag_kl_1 : 0.570553 [31mdiag_kl_2 : 0.414115 [94mAcc_combined: 71.18 [94mAcc_c: 56.99 [94mAcc_g: 75.55 [92mF1_combined: 70.27 [92mF1_c: 58.00 [92mF1_g: 75.44 [95mCEU_cue_audio: 0.4826 [95mCEU_cue_video: 0.7403 [95mCEU_synergy: 0.0775 [95mCEU_coexistence: 0.8364 [97mS:[93m7.7%[97m([91m0.4c[97m-[94mF1:7.1%) [97mU1:[93m48.3%[97m([91m6.1c[97m) [97mU2:[93m74.0%[97m([91m24.9c[97m) [97mR:[93m83.6%[97m([91m40.2c[97m) [97mS-L: [92m0:[96m14%[39m [39m
2026-07-25 16:17:26,095 - Agent - INFO - [37mVal Epoch 92 step 92 with [31mce_loss_combined : 0.779223 [31mce_loss_c : 1.245866 [31mce_loss_g : 0.811582 [31mkl_synergy_rand_1 : 0.024939 [31mkl_synergy_rand_2 : 0.016625 [31mkl_synergy_1 : 0.031560 [31mkl_synergy_2 : 0.017584 [31mtotal : 0.869932 [31mdiag_kl_1 : 0.574686 [31mdiag_kl_2 : 0.428750 [94mAcc_combined: 69.87 [94mAcc_c: 58.30 [94mAcc_g: 74.45 [92mF1_combined: 69.06 [92mF1_c: 59.79 [92mF1_g: 74.62 [95mCEU_cue_audio: 0.5174 [95mCEU_cue_video: 0.6883 [95mCEU_synergy: 0.0775 [95mCEU_coexistence: 0.8182 [97mS:[93m7.7%[97m([91m0.4c[97m-[94mF1:7.1%) [97mU1:[93m51.7%[97m([91m6.6c[97m) [97mU2:[93m68.8%[97m([91m23.1c[97m) [97mR:[93m81.8%[97m([91m39.3c[97m) [97mS-L: [92m0:[96m14%[39m [39m
2026-07-25 16:17:33,232 - Agent - INFO - [37mVal Epoch 93 step 93 with [31mce_loss_combined : 0.781633 [31mce_loss_c : 1.269464 [31mce_loss_g : 0.810856 [31mkl_synergy_rand_1 : 0.023268 [31mkl_synergy_rand_2 : 0.015329 [31mkl_synergy_1 : 0.030024 [31mkl_synergy_2 : 0.016638 [31mtotal : 0.866892 [31mdiag_kl_1 : 0.548905 [31mdiag_kl_2 : 0.418076 [94mAcc_combined: 71.62 [94mAcc_c: 57.64 [94mAcc_g: 74.67 [92mF1_combined: 70.72 [92mF1_c: 58.90 [92mF1_g: 74.67 [95mCEU_cue_audio: 0.5174 [95mCEU_cue_video: 0.7142 [95mCEU_synergy: 0.1534 [95mCEU_coexistence: 0.8364 [97mS:[93m15.4%[97m([91m0.9c[97m-[94mF1:15.4%) [97mU1:[93m51.7%[97m([91m6.6c[97m) [97mU2:[93m71.4%[97m([91m24.0c[97m) [97mR:[93m83.6%[97m([91m40.2c[97m) [97mS-L: [92m0:[96m14% [92m1:[96m17%[39m [39m
2026-07-25 16:17:40,328 - Agent - INFO - [37mVal Epoch 94 step 94 with [31mce_loss_combined : 0.791346 [31mce_loss_c : 1.289131 [31mce_loss_g : 0.816439 [31mkl_synergy_rand_1 : 0.024665 [31mkl_synergy_rand_2 : 0.016152 [31mkl_synergy_1 : 0.029490 [31mkl_synergy_2 : 0.017364 [31mtotal : 0.879016 [31mdiag_kl_1 : 0.579507 [31mdiag_kl_2 : 0.426025 [94mAcc_combined: 70.52 [94mAcc_c: 57.21 [94mAcc_g: 74.67 [92mF1_combined: 69.53 [92mF1_c: 58.30 [92mF1_g: 74.67 [95mCEU_cue_audio: 0.5174 [95mCEU_cue_video: 0.7014 [95mCEU_synergy: 0.1534 [95mCEU_coexistence: 0.8182 [97mS:[93m15.4%[97m([91m0.9c[97m-[94mF1:15.4%) [97mU1:[93m51.7%[97m([91m6.6c[97m) [97mU2:[93m70.1%[97m([91m23.6c[97m) [97mR:[93m81.8%[97m([91m39.3c[97m) [97mS-L: [92m0:[96m14% [92m1:[96m17%[39m [39m
2026-07-25 16:17:47,492 - Agent - INFO - [37mVal Epoch 95 step 95 with [31mce_loss_combined : 0.788437 [31mce_loss_c : 1.285043 [31mce_loss_g : 0.812741 [31mkl_synergy_rand_1 : 0.023772 [31mkl_synergy_rand_2 : 0.016751 [31mkl_synergy_1 : 0.028613 [31mkl_synergy_2 : 0.017907 [31mtotal : 0.875480 [31mdiag_kl_1 : 0.607518 [31mdiag_kl_2 : 0.435377 [94mAcc_combined: 70.96 [94mAcc_c: 56.77 [94mAcc_g: 74.67 [92mF1_combined: 69.98 [92mF1_c: 57.87 [92mF1_g: 74.78 [95mCEU_cue_audio: 0.5174 [95mCEU_cue_video: 0.6883 [95mCEU_synergy: 0.1534 [95mCEU_coexistence: 0.8182 [97mS:[93m15.4%[97m([91m0.9c[97m-[94mF1:15.4%) [97mU1:[93m51.7%[97m([91m6.6c[97m) [97mU2:[93m68.8%[97m([91m23.1c[97m) [97mR:[93m81.8%[97m([91m39.3c[97m) [97mS-L: [92m0:[96m14% [92m1:[96m17%[39m [39m
2026-07-25 16:17:54,586 - Agent - INFO - [37mVal Epoch 96 step 96 with [31mce_loss_combined : 0.785472 [31mce_loss_c : 1.283237 [31mce_loss_g : 0.816952 [31mkl_synergy_rand_1 : 0.020583 [31mkl_synergy_rand_2 : 0.016566 [31mkl_synergy_1 : 0.029818 [31mkl_synergy_2 : 0.017964 [31mtotal : 0.870403 [31mdiag_kl_1 : 0.526404 [31mdiag_kl_2 : 0.410408 [94mAcc_combined: 70.52 [94mAcc_c: 56.99 [94mAcc_g: 74.89 [92mF1_combined: 69.53 [92mF1_c: 58.35 [92mF1_g: 74.95 [95mCEU_cue_audio: 0.5174 [95mCEU_cue_video: 0.6883 [95mCEU_synergy: 0.1534 [95mCEU_coexistence: 0.8182 [97mS:[93m15.4%[97m([91m0.9c[97m-[94mF1:15.4%) [97mU1:[93m51.7%[97m([91m6.6c[97m) [97mU2:[93m68.8%[97m([91m23.1c[97m) [97mR:[93m81.8%[97m([91m39.3c[97m) [97mS-L: [92m0:[96m14% [92m1:[96m17%[39m [39m
2026-07-25 16:18:01,716 - Agent - INFO - [37mVal Epoch 97 step 97 with [31mce_loss_combined : 0.793324 [31mce_loss_c : 1.300217 [31mce_loss_g : 0.818551 [31mkl_synergy_rand_1 : 0.022087 [31mkl_synergy_rand_2 : 0.016397 [31mkl_synergy_1 : 0.030005 [31mkl_synergy_2 : 0.017885 [31mtotal : 0.879698 [31mdiag_kl_1 : 0.570269 [31mdiag_kl_2 : 0.424790 [94mAcc_combined: 70.96 [94mAcc_c: 56.55 [94mAcc_g: 74.67 [92mF1_combined: 69.98 [92mF1_c: 57.39 [92mF1_g: 74.78 [95mCEU_cue_audio: 0.5174 [95mCEU_cue_video: 0.6883 [95mCEU_synergy: 0.2306 [95mCEU_coexistence: 0.8182 [97mS:[93m23.1%[97m([91m1.3c[97m-[94mF1:22.6%) [97mU1:[93m51.7%[97m([91m6.6c[97m) [97mU2:[93m68.8%[97m([91m23.1c[97m) [97mR:[93m81.8%[97m([91m39.3c[97m) [97mS-L: [92m0:[96m14% [92m1:[96m33%[39m [39m
2026-07-25 16:18:08,848 - Agent - INFO - [37mVal Epoch 98 step 98 with [31mce_loss_combined : 0.793605 [31mce_loss_c : 1.301803 [31mce_loss_g : 0.818625 [31mkl_synergy_rand_1 : 0.025984 [31mkl_synergy_rand_2 : 0.014578 [31mkl_synergy_1 : 0.030136 [31mkl_synergy_2 : 0.017516 [31mtotal : 0.881819 [31mdiag_kl_1 : 0.581967 [31mdiag_kl_2 : 0.402054 [94mAcc_combined: 70.96 [94mAcc_c: 56.55 [94mAcc_g: 74.67 [92mF1_combined: 69.98 [92mF1_c: 57.57 [92mF1_g: 74.78 [95mCEU_cue_audio: 0.5174 [95mCEU_cue_video: 0.6883 [95mCEU_synergy: 0.2306 [95mCEU_coexistence: 0.8182 [97mS:[93m23.1%[97m([91m1.3c[97m-[94mF1:22.6%) [97mU1:[93m51.7%[97m([91m6.6c[97m) [97mU2:[93m68.8%[97m([91m23.1c[97m) [97mR:[93m81.8%[97m([91m39.3c[97m) [97mS-L: [92m0:[96m14% [92m1:[96m33%[39m [39m
2026-07-25 16:18:15,957 - Agent - INFO - [37mVal Epoch 99 step 99 with [31mce_loss_combined : 0.793957 [31mce_loss_c : 1.301279 [31mce_loss_g : 0.818567 [31mkl_synergy_rand_1 : 0.026610 [31mkl_synergy_rand_2 : 0.016454 [31mkl_synergy_1 : 0.030148 [31mkl_synergy_2 : 0.017380 [31mtotal : 0.884548 [31mdiag_kl_1 : 0.566701 [31mdiag_kl_2 : 0.424365 [94mAcc_combined: 70.96 [94mAcc_c: 56.33 [94mAcc_g: 74.67 [92mF1_combined: 69.98 [92mF1_c: 57.26 [92mF1_g: 74.78 [95mCEU_cue_audio: 0.5174 [95mCEU_cue_video: 0.6883 [95mCEU_synergy: 0.2306 [95mCEU_coexistence: 0.8182 [97mS:[93m23.1%[97m([91m1.3c[97m-[94mF1:22.6%) [97mU1:[93m51.7%[97m([91m6.6c[97m) [97mU2:[93m68.8%[97m([91m23.1c[97m) [97mR:[93m81.8%[97m([91m39.3c[97m) [97mS-L: [92m0:[96m14% [92m1:[96m33%[39m [39m
2026-07-25 16:18:23,097 - Agent - INFO - [37mVal Epoch 100 step 100 with [31mce_loss_combined : 0.822556 [31mce_loss_c : 1.313548 [31mce_loss_g : 0.808152 [31mkl_synergy_rand_1 : 0.036072 [31mkl_synergy_rand_2 : 0.016981 [31mkl_synergy_1 : 0.042386 [31mkl_synergy_2 : 0.019984 [31mtotal : 0.937978 [31mdiag_kl_1 : 0.603601 [31mdiag_kl_2 : 0.454418 [94mAcc_combined: 70.31 [94mAcc_c: 57.64 [94mAcc_g: 75.11 [92mF1_combined: 69.51 [92mF1_c: 58.90 [92mF1_g: 75.32 [95mCEU_cue_audio: 0.5174 [95mCEU_cue_video: 0.7142 [95mCEU_synergy: 0.1534 [95mCEU_coexistence: 0.8000 [97mS:[93m15.4%[97m([91m0.9c[97m-[94mF1:15.4%) [97mU1:[93m51.7%[97m([91m6.6c[97m) [97mU2:[93m71.4%[97m([91m24.0c[97m) [97mR:[93m80.0%[97m([91m38.4c[97m) [97mS-L: [92m0:[96m14% [92m1:[96m17%[39m [39m
2026-07-25 16:18:23,531 - Agent - INFO - We are in the final state.
2026-07-25 16:18:23,657 - root - INFO - Loaded best model from best_model_accuracy_state_dict
2026-07-25 16:18:24,765 - Agent - INFO - [37mVal Epoch 100 step 0 with [31mce_loss_combined : 0.571187 [31mce_loss_c : 0.922678 [31mce_loss_g : 0.602424 [31mkl_synergy_rand_1 : 0.039034 [31mkl_synergy_rand_2 : 0.017964 [31mkl_synergy_1 : 0.045674 [31mkl_synergy_2 : 0.018911 [31mtotal : 0.692770 [31mdiag_kl_1 : 0.424141 [31mdiag_kl_2 : 0.210562 [94mAcc_combined: 80.13 [94mAcc_c: 57.64 [94mAcc_g: 77.29 [92mF1_combined: 79.91 [92mF1_c: 59.92 [92mF1_g: 77.29 [95mCEU_cue_audio: 0.2757 [95mCEU_cue_video: 0.8831 [95mCEU_synergy: 0.0775 [95mCEU_coexistence: 0.9546 [97mS:[93m7.7%[97m([91m0.4c[97m-[94mF1:7.1%) [97mU1:[93m27.6%[97m([91m3.5c[97m) [97mU2:[93m88.3%[97m([91m29.7c[97m) [97mR:[93m95.5%[97m([91m45.9c[97m) [97mS-L: [92m0:[96m14%[39m [39m
2026-07-25 16:18:26,847 - Agent - INFO - [37mTest Epoch 100 step 0 with [31mce_loss_combined : 0.818175 [31mce_loss_c : 0.992971 [31mce_loss_g : 0.773804 [31mkl_synergy_rand_1 : 0.053771 [31mkl_synergy_rand_2 : 0.020496 [31mkl_synergy_1 : 0.056952 [31mkl_synergy_2 : 0.020774 [31mtotal : 0.970167 [31mdiag_kl_1 : 0.531901 [31mdiag_kl_2 : 0.327727 [94mAcc_combined: 74.27 [94mAcc_c: 53.94 [94mAcc_g: 74.56 [92mF1_combined: 73.95 [92mF1_c: 58.15 [92mF1_g: 74.62 [95mCEU_cue_audio: 0.3336 [95mCEU_cue_video: 0.8865 [95mCEU_synergy: 0.1609 [95mCEU_coexistence: 0.9399 [97mS:[93m16.0%[97m([91m1.9c[97m-[94mF1:15.0%) [97mU1:[93m33.3%[97m([91m5.0c[97m) [97mU2:[93m88.6%[97m([91m28.4c[97m) [97mR:[93m94.0%[97m([91m38.8c[97m) [97mS-L: [92m0:[96m29% [92m1:[96m5%[39m [39m
2026-07-25 16:18:27,291 - Agent - INFO - [37mModel saved successfully at: ./artifacts/models/multibench/mosi/vt/SynIB_RMask_U_foldREFABL_mosi_fold2_l0.1_perturbrandom_fillema_pmin0.3_refunimodal_anchor_lr0.0005_wd0.001_bs32.pth.tar[39m
Job finished
