/esat/smcdata/users/kkontras/Image_Dataset/no_backup/envs/synergy_new/lib/python3.10/site-packages/torch/nn/modules/transformer.py:392: UserWarning: enable_nested_tensor is True, but self.use_nested_tensor is False because encoder_layer.norm_first was True
  warnings.warn(
corrupted double-linked list
Traceback (most recent call last):
  File "/esat/smcdata/users/kkontras/Image_Dataset/no_backup/envs/synergy_new/lib/python3.10/site-packages/torch/utils/data/dataloader.py", line 1275, in _try_get_data
    data = self._data_queue.get(timeout=timeout)
  File "/esat/smcdata/users/kkontras/Image_Dataset/no_backup/envs/synergy_new/lib/python3.10/multiprocessing/queues.py", line 113, in get
    if not self._poll(timeout):
  File "/esat/smcdata/users/kkontras/Image_Dataset/no_backup/envs/synergy_new/lib/python3.10/multiprocessing/connection.py", line 257, in poll
    return self._poll(timeout)
  File "/esat/smcdata/users/kkontras/Image_Dataset/no_backup/envs/synergy_new/lib/python3.10/multiprocessing/connection.py", line 424, in _poll
    r = wait([self], timeout)
  File "/esat/smcdata/users/kkontras/Image_Dataset/no_backup/envs/synergy_new/lib/python3.10/multiprocessing/connection.py", line 931, in wait
    ready = selector.select(timeout)
  File "/esat/smcdata/users/kkontras/Image_Dataset/no_backup/envs/synergy_new/lib/python3.10/selectors.py", line 416, in select
    fd_event_list = self._selector.poll(timeout)
  File "/esat/smcdata/users/kkontras/Image_Dataset/no_backup/envs/synergy_new/lib/python3.10/site-packages/torch/utils/data/_utils/signal_handling.py", line 73, in handler
    _error_if_any_worker_fails()
RuntimeError: DataLoader worker (pid 111) is killed by signal: Aborted. 

The above exception was the direct cause of the following exception:

Traceback (most recent call last):
  File "/esat/smcdata/users/kkontras/Image_Dataset/no_backup/envs/synergy_new/lib/python3.10/runpy.py", line 196, in _run_module_as_main
    return _run_code(code, main_globals, None,
  File "/esat/smcdata/users/kkontras/Image_Dataset/no_backup/envs/synergy_new/lib/python3.10/runpy.py", line 86, in _run_code
    exec(code, run_globals)
  File "/esat/smcdata/users/kkontras/Image_Dataset/no_backup/git/SynIB/src/synib/entrypoints/train.py", line 493, in <module>
    cli()
  File "/esat/smcdata/users/kkontras/Image_Dataset/no_backup/git/SynIB/src/synib/entrypoints/train.py", line 489, in cli
    main(config_path=args.config, default_config_path=args.default_config, args=args)
  File "/esat/smcdata/users/kkontras/Image_Dataset/no_backup/git/SynIB/src/synib/entrypoints/train.py", line 335, in main
    agent.run()
  File "/esat/smcdata/users/kkontras/Image_Dataset/no_backup/git/SynIB/src/synib/training/pipeline/agent.py", line 157, in run
    self.trainer.train_steps()
  File "/esat/smcdata/users/kkontras/Image_Dataset/no_backup/git/SynIB/src/synib/training/pipeline/helpers/Trainer.py", line 75, in train_steps
    for batch_idx, served_dict in pbar:
  File "/esat/smcdata/users/kkontras/Image_Dataset/no_backup/envs/synergy_new/lib/python3.10/site-packages/tqdm/std.py", line 1169, in __iter__
    for obj in iterable:
  File "/esat/smcdata/users/kkontras/Image_Dataset/no_backup/envs/synergy_new/lib/python3.10/site-packages/torch/utils/data/dataloader.py", line 732, in __next__
    data = self._next_data()
  File "/esat/smcdata/users/kkontras/Image_Dataset/no_backup/envs/synergy_new/lib/python3.10/site-packages/torch/utils/data/dataloader.py", line 1482, in _next_data
    idx, data = self._get_data()
  File "/esat/smcdata/users/kkontras/Image_Dataset/no_backup/envs/synergy_new/lib/python3.10/site-packages/torch/utils/data/dataloader.py", line 1444, in _get_data
    success, data = self._try_get_data()
  File "/esat/smcdata/users/kkontras/Image_Dataset/no_backup/envs/synergy_new/lib/python3.10/site-packages/torch/utils/data/dataloader.py", line 1288, in _try_get_data
    raise RuntimeError(
RuntimeError: DataLoader worker (pid(s) 111) exited unexpectedly
