Starting SynIB reference-ablation job
Python 3.10.19
/esat/smcdata/users/kkontras/Image_Dataset/no_backup/git/SynIB  (git a2fb4fd)
GPU 0: NVIDIA GeForce RTX 3080 Ti (UUID: GPU-2d5395f5-1e2d-a59b-ed83-f672b78d7137)
Executing: PYTHONPATH=src /esat/smcdata/users/kkontras/Image_Dataset/no_backup/envs/synergy_new/bin/python -m synib.entrypoints.train --config run/configs/rebuttal_ref_ablation/mosi_synib_u.json --default_config run/configs/rebuttal_ref_ablation/mosi_default.json --fold 1 --rmask random --l 0.1 --perturb_pmin 0.3 --perturb_fill ema --lr 0.0005 --wd 0.001 --batch_size 32 --reference_type unimodal_anchor --ref_diag --start_over --tag REFABL_mosi
Namespace(config='run/configs/rebuttal_ref_ablation/mosi_synib_u.json', default_config='run/configs/rebuttal_ref_ablation/mosi_default.json', fold='1', alpha=None, tanh_mode_beta=None, regby=None, batch_size='32', l='0.1', multil=None, lib=None, kmepoch=None, num_samples=None, contrcoeff=None, contr_type=None, shuffle_type=None, validate_with=None, num_classes=None, optim_method=None, ending_epoch=None, load_ongoing=None, recon_weight1=None, recon_weight2=None, recon_epochstages=None, recon_ensemblestages=None, lr='0.0005', wd='0.001', cls=None, ironic_rate=None, perturb='random', perturb_fill='ema', perturb_pmax=None, perturb_pmin='0.3', perturb_lsparse=None, rmask='random', pmin=None, pmax=None, lsparse=None, debug_mask_stats=False, pre=False, frozen=False, tdqm_disable=False, start_over=True, no_model_save=False, num_layers=None, grad_accum=None, init_from=None, init_strict=False, perturb_lsparse_sign=None, l_anneal_epochs=None, perturb_steps=None, perturb_lsparse_warmup=None, perturb_lsparse_schedule=None, persist_ell=False, save_masks=False, penalty_swap=False, disable_ce_random=False, disable_kl_learned=False, masking_only=False, modality_dropout=None, modality_dropout_target=None, l_z1_masked=None, l_z2_masked=None, l_pareto=None, reference_type='unimodal_anchor', ref_diag=True, ref_ema_decay=None, tag='REFABL_mosi')
2026-07-25 16:05:54,226 - Config - INFO - run/configs/rebuttal_ref_ablation/mosi_synib_u.json
2026-07-25 16:05:54,229 - Config - INFO -  THE Configuration of your experiment ..
{'agent': 'Agent',
 'dataset': {'data_roots': './src/synib/mydatasets/Factor_CL_Datasets/prepared/mosi/mosi_data.pkl',
             'data_type': 'mosi',
             'dataloader_class': 'FactorCL_Dataloader',
             'kfold_data_roots': './src/synib/mydatasets/Factor_CL_Datasets/prepared/mosi/mosi_synergy3.pkl'},
 'early_stopping': {'end_of_epoch_check': True,
                    'log_interval': 10,
                    'max_epoch': 100,
                    'n_steps_stop': 30,
                    'n_steps_stop_after': 0,
                    'save_every_step': 3000,
                    'save_every_valstep': 50,
                    'validate_after': 0,
                    'validate_every': 185},
 'exp_name': 'Mosi Experiment',
 'model': {'args': {'bias_infusion': {'l': 0.1, 'method': False},
                    'clip_grad': False,
                    'cls_type': 'mlp',
                    'd_model': 40,
                    'dropout': 0.1,
                    'fc_inner': 64,
                    'hidden_dim': 64,
                    'in_dim': 64,
                    'multi_loss': {'multi_supervised_w': {'c': 1,
                                                          'combined': 1,
                                                          'g': 1}},
                    'norm_decision': False,
                    'num_classes': 2,
                    'synergy_type': 'unimodal_anchor'},
           'ceu': {'test': './artifacts/ceus/mosi/mosi_ceu_test.pkl',
                   'val': './artifacts/ceus/mosi/mosi_ceu_val.pkl'},
           'encoders': [{'args': {'freeze_encoder': False,
                                  'hidden_size': 40,
                                  'modality': 'c',
                                  'n_features': 20,
                                  'num_classes': 2},
                         'model': 'FactorCL_Uni',
                         'pretrainedEncoder': {'dir': 'unimodal_video_fold{}_vldaccuracy_lr0.0005_wd0.00001.pth.tar',
                                               'use': True}},
                        {'args': {'freeze_encoder': False,
                                  'hidden_size': 40,
                                  'modality': 'g',
                                  'n_features': 300,
                                  'num_classes': 2},
                         'model': 'FactorCL_Uni',
                         'pretrainedEncoder': {'dir': 'unimodal_text_fold{}_vldaccuracy_lr0.0005_wd0.0001.pth.tar',
                                               'use': True}},
                        {'args': {'d_model': 40,
                                  'dropout': 0.1,
                                  'fc_inner': 64,
                                  'freeze_encoder': False},
                         'model': 'FusionTrunkLinear',
                         'name': 'enc_2_fusion_trunk',
                         'pretrainedEncoder': {'dir': 'enc_2_fusion_trunk_fold{}.pth.tar',
                                               'use': False},
                         'save_encoder': False},
                        {'args': {'freeze_encoder': False,
                                  'in_dim': 64,
                                  'num_classes': 2},
                         'model': 'LinearHead',
                         'name': 'enc_3_fusion_head',
                         'pretrainedEncoder': {'dir': 'enc_3_fusion_head_fold{}.pth.tar',
                                               'use': False},
                         'save_encoder': False}],
           'load_ongoing': False,
           'model_class': 'FusionIBModel_Mask_U',
           'save_base_dir': './artifacts/models/multibench/mosi/vt',
           'save_dir': 'SynIB_RMask_U_fold{}.pth.tar'},
 'optimizer': {'beta1': 0.9,
               'beta2': 0.999,
               'learning_rate': 0.0001,
               'momentum': 0.9,
               'type': 'Adam',
               'weight_decay': 0.0001},
 'scheduler': {'max_lr': 0.03, 'type': 'cosanneal', 'warm_up_steps': 780},
 'task': 'classification',
 'training_params': {'adversarial_training': {'adv_epsilon': 0.01,
                                              'use': False},
                     'async_loading': True,
                     'batch_size': 32,
                     'cuda': True,
                     'data_loader_workers': 8,
                     'gpu_device': [0],
                     'pin_memory': True,
                     'rec_test': True,
                     'res': True,
                     'seed': 109,
                     'tdqm_disable': False,
                     'test_batch_size': 32,
                     'test_on_bottoms': False,
                     'use_test_set': True,
                     'validation': True,
                     'verbose': True,
                     'wandb_disable': True}}
2026-07-25 16:05:54,231 - Config - INFO -  *************************************** 
2026-07-25 16:05:54,231 - Config - INFO - The experiment name is Mosi Experiment
2026-07-25 16:05:54,231 - Config - INFO -  *************************************** 
2026-07-25 16:05:54,231 - root - INFO - save_dir: SynIB_RMask_U_foldREFABL_mosi_fold1_l0.1_perturbrandom_fillema_pmin0.3_refunimodal_anchor_lr0.0005_wd0.001_bs32.pth.tar
2026-07-25 16:05:54,338 - Cuda Statistics - INFO - __Python VERSION:  3.10.19 (main, Oct 21 2025, 16:43:05) [GCC 11.2.0]
2026-07-25 16:05:54,338 - Cuda Statistics - INFO - __pyTorch VERSION:  2.9.1+cu128
2026-07-25 16:05:54,338 - Cuda Statistics - INFO - __CUDA VERSION
2026-07-25 16:05:54,339 - Cuda Statistics - INFO - __CUDNN VERSION:  91002
2026-07-25 16:05:54,365 - Cuda Statistics - INFO - __Number CUDA Devices:  1
2026-07-25 16:05:54,365 - Cuda Statistics - INFO - __Devices
2026-07-25 16:05:54,365 - Cuda Statistics - INFO - index, name, driver_version, memory.total [MiB], memory.used [MiB], memory.free [MiB]
2026-07-25 16:05:54,365 - Cuda Statistics - INFO - 0, NVIDIA GeForce RTX 3080 Ti, 610.43.03, 12288 MiB, 4 MiB, 11907 MiB
2026-07-25 16:05:54,368 - Cuda Statistics - INFO - Active CUDA Device: GPU 0
2026-07-25 16:05:54,368 - Cuda Statistics - INFO - Available devices  1
2026-07-25 16:05:54,368 - Cuda Statistics - INFO - Current cuda device  0
2026-07-25 16:05:54,492 - Agent - INFO - Device: cuda:0
2026-07-25 16:05:54,492 - Agent - INFO - Total training batches: 41, validate every 185 batches, steps per epoch: 1
2026-07-25 16:05:54,569 - Agent - INFO - Loss Weights are {'total': 1, 'combined': 1, 'c': 1, 'g': 1}
2026-07-25 16:05:54,569 - root - INFO - There is no CEU for train
2026-07-25 16:05:54,622 - root - INFO - Loading enc best model state dict from ./artifacts/models/multibench/mosi/vt/unimodal_video_fold1_vldaccuracy_lr0.0005_wd0.00001.pth.tar
2026-07-25 16:05:54,668 - root - INFO - Loading enc best model state dict from ./artifacts/models/multibench/mosi/vt/unimodal_text_fold1_vldaccuracy_lr0.0005_wd0.0001.pth.tar
2026-07-25 16:05:54,827 - Agent - INFO - Total number of trainable parameters are: 5232226
2026-07-25 16:05:54,835 - Agent - INFO - Total number of trainable parameters are: 1753338
2026-07-25 16:06:01,854 - Evaluator - INFO - New best with loss-accuracy-
2026-07-25 16:06:01,854 - Agent - INFO - [37mVal Epoch 1 step 1 with [31mce_loss_combined : 0.508734 [31mce_loss_c : 0.765402 [31mce_loss_g : 0.445857 [31mkl_synergy_rand_1 : 0.025141 [31mkl_synergy_rand_2 : 0.009370 [31mkl_synergy_1 : 0.025852 [31mkl_synergy_2 : 0.009329 [31mtotal : 0.578426 [31mdiag_kl_1 : 0.246957 [31mdiag_kl_2 : 0.101037 [94mAcc_combined: 77.07 [94mAcc_c: 51.31 [94mAcc_g: 79.26 [92mF1_combined: 76.92 [92mF1_c: 62.14 [92mF1_g: 79.03 [95mCEU_cue_audio: 0.3337 [95mCEU_cue_video: 0.8400 [95mCEU_synergy: 0.0000 [95mCEU_coexistence: 0.9727 [97mS:[93m0.0%[97m([91m0.0c[97m-[94mF1:0.0%) [97mU1:[93m33.3%[97m([91m3.1c[97m) [97mU2:[93m84.0%[97m([91m27.5c[97m) [97mR:[93m97.3%[97m([91m46.7c[97m) [97mS-L: None[39m [39m
2026-07-25 16:06:01,869 - Agent - INFO - [37mTest Epoch 1 step 1 with [31mce_loss_combined : 0.591158 [31mce_loss_c : 0.749312 [31mce_loss_g : 0.578789 [31mkl_synergy_rand_1 : 0.025914 [31mkl_synergy_rand_2 : 0.007941 [31mkl_synergy_1 : 0.028346 [31mkl_synergy_2 : 0.008538 [31mtotal : 0.661896 [31mdiag_kl_1 : 0.258302 [31mdiag_kl_2 : 0.095123 [94mAcc_combined: 73.62 [94mAcc_c: 50.51 [94mAcc_g: 72.81 [92mF1_combined: 73.42 [92mF1_c: 63.51 [92mF1_g: 72.35 [95mCEU_cue_audio: 0.2332 [95mCEU_cue_video: 0.8628 [95mCEU_synergy: 0.0280 [95mCEU_coexistence: 0.9657 [97mS:[93m2.8%[97m([91m0.3c[97m-[94mF1:2.7%) [97mU1:[93m23.3%[97m([91m3.1c[97m) [97mU2:[93m86.3%[97m([91m29.3c[97m) [97mR:[93m96.6%[97m([91m41.1c[97m) [97mS-L: [92m1:[96m6%[39m [39m
2026-07-25 16:06:02,266 - Agent - INFO - [37mModel saved successfully at: ./artifacts/models/multibench/mosi/vt/SynIB_RMask_U_foldREFABL_mosi_fold1_l0.1_perturbrandom_fillema_pmin0.3_refunimodal_anchor_lr0.0005_wd0.001_bs32.pth.tar[39m
2026-07-25 16:06:09,072 - Evaluator - INFO - New best with syn_accuracy-
2026-07-25 16:06:09,072 - Agent - INFO - [37mVal Epoch 2 step 2 with [31mce_loss_combined : 0.526260 [31mce_loss_c : 0.816226 [31mce_loss_g : 0.507229 [31mkl_synergy_rand_1 : 0.023952 [31mkl_synergy_rand_2 : 0.009646 [31mkl_synergy_1 : 0.025216 [31mkl_synergy_2 : 0.010231 [31mtotal : 0.595305 [31mdiag_kl_1 : 0.225421 [31mdiag_kl_2 : 0.124849 [94mAcc_combined: 76.64 [94mAcc_c: 53.93 [94mAcc_g: 77.73 [92mF1_combined: 76.48 [92mF1_c: 61.98 [92mF1_g: 77.33 [95mCEU_cue_audio: 0.3337 [95mCEU_cue_video: 0.8400 [95mCEU_synergy: 0.0438 [95mCEU_coexistence: 0.9546 [97mS:[93m4.3%[97m([91m0.4c[97m-[94mF1:4.2%) [97mU1:[93m33.3%[97m([91m3.1c[97m) [97mU2:[93m84.0%[97m([91m27.5c[97m) [97mR:[93m95.5%[97m([91m45.9c[97m) [97mS-L: [92m1:[96m11%[39m [39m
2026-07-25 16:06:09,092 - Agent - INFO - [37mTest Epoch 2 step 2 with [31mce_loss_combined : 0.653789 [31mce_loss_c : 0.862812 [31mce_loss_g : 0.663236 [31mkl_synergy_rand_1 : 0.025800 [31mkl_synergy_rand_2 : 0.009416 [31mkl_synergy_1 : 0.030237 [31mkl_synergy_2 : 0.009813 [31mtotal : 0.729054 [31mdiag_kl_1 : 0.271343 [31mdiag_kl_2 : 0.136375 [94mAcc_combined: 72.23 [94mAcc_c: 49.05 [94mAcc_g: 74.05 [92mF1_combined: 72.09 [92mF1_c: 61.49 [92mF1_g: 73.78 [95mCEU_cue_audio: 0.1997 [95mCEU_cue_video: 0.8413 [95mCEU_synergy: 0.0986 [95mCEU_coexistence: 0.9417 [97mS:[93m9.9%[97m([91m1.0c[97m-[94mF1:9.4%) [97mU1:[93m20.0%[97m([91m2.6c[97m) [97mU2:[93m84.1%[97m([91m28.6c[97m) [97mR:[93m94.2%[97m([91m40.1c[97m) [97mS-L: [92m0:[96m3% [92m1:[96m18%[39m [39m
2026-07-25 16:06:09,742 - Agent - INFO - [37mModel saved successfully at: ./artifacts/models/multibench/mosi/vt/SynIB_RMask_U_foldREFABL_mosi_fold1_l0.1_perturbrandom_fillema_pmin0.3_refunimodal_anchor_lr0.0005_wd0.001_bs32.pth.tar[39m
2026-07-25 16:06:16,517 - Evaluator - INFO - New best with accuracy-syn_accuracy-
2026-07-25 16:06:16,518 - Agent - INFO - [37mVal Epoch 3 step 3 with [31mce_loss_combined : 0.558459 [31mce_loss_c : 0.810720 [31mce_loss_g : 0.586547 [31mkl_synergy_rand_1 : 0.023896 [31mkl_synergy_rand_2 : 0.008992 [31mkl_synergy_1 : 0.029784 [31mkl_synergy_2 : 0.009580 [31mtotal : 0.630711 [31mdiag_kl_1 : 0.238874 [31mdiag_kl_2 : 0.148348 [94mAcc_combined: 77.29 [94mAcc_c: 53.93 [94mAcc_g: 75.11 [92mF1_combined: 77.19 [92mF1_c: 63.30 [92mF1_g: 74.89 [95mCEU_cue_audio: 0.2857 [95mCEU_cue_video: 0.8934 [95mCEU_synergy: 0.1305 [95mCEU_coexistence: 0.9182 [97mS:[93m13.0%[97m([91m1.3c[97m-[94mF1:12.9%) [97mU1:[93m28.6%[97m([91m2.6c[97m) [97mU2:[93m89.3%[97m([91m29.3c[97m) [97mR:[93m91.8%[97m([91m44.1c[97m) [97mS-L: [92m0:[96m14% [92m1:[96m11%[39m [39m
2026-07-25 16:06:16,532 - Agent - INFO - [37mTest Epoch 3 step 3 with [31mce_loss_combined : 0.649057 [31mce_loss_c : 0.818166 [31mce_loss_g : 0.687012 [31mkl_synergy_rand_1 : 0.029937 [31mkl_synergy_rand_2 : 0.009390 [31mkl_synergy_1 : 0.033058 [31mkl_synergy_2 : 0.010474 [31mtotal : 0.731916 [31mdiag_kl_1 : 0.318218 [31mdiag_kl_2 : 0.160457 [94mAcc_combined: 73.47 [94mAcc_c: 50.80 [94mAcc_g: 73.40 [92mF1_combined: 73.35 [92mF1_c: 63.69 [92mF1_g: 73.06 [95mCEU_cue_audio: 0.2332 [95mCEU_cue_video: 0.8799 [95mCEU_synergy: 0.1266 [95mCEU_coexistence: 0.9213 [97mS:[93m12.7%[97m([91m1.3c[97m-[94mF1:12.7%) [97mU1:[93m23.3%[97m([91m3.1c[97m) [97mU2:[93m88.0%[97m([91m29.9c[97m) [97mR:[93m92.1%[97m([91m39.2c[97m) [97mS-L: [92m0:[96m13% [92m1:[96m12%[39m [39m
2026-07-25 16:06:17,208 - Agent - INFO - [37mModel saved successfully at: ./artifacts/models/multibench/mosi/vt/SynIB_RMask_U_foldREFABL_mosi_fold1_l0.1_perturbrandom_fillema_pmin0.3_refunimodal_anchor_lr0.0005_wd0.001_bs32.pth.tar[39m
2026-07-25 16:06:24,063 - Evaluator - INFO - New best with loss-accuracy-
2026-07-25 16:06:24,063 - Agent - INFO - [37mVal Epoch 4 step 4 with [31mce_loss_combined : 0.458355 [31mce_loss_c : 0.724476 [31mce_loss_g : 0.428988 [31mkl_synergy_rand_1 : 0.019768 [31mkl_synergy_rand_2 : 0.005887 [31mkl_synergy_1 : 0.022314 [31mkl_synergy_2 : 0.006172 [31mtotal : 0.512496 [31mdiag_kl_1 : 0.223584 [31mdiag_kl_2 : 0.097305 [94mAcc_combined: 81.00 [94mAcc_c: 55.24 [94mAcc_g: 80.79 [92mF1_combined: 81.05 [92mF1_c: 63.33 [92mF1_g: 80.44 [95mCEU_cue_audio: 0.4286 [95mCEU_cue_video: 0.9066 [95mCEU_synergy: 0.0867 [95mCEU_coexistence: 0.9727 [97mS:[93m8.7%[97m([91m0.9c[97m-[94mF1:8.0%) [97mU1:[93m42.9%[97m([91m3.9c[97m) [97mU2:[93m90.7%[97m([91m29.7c[97m) [97mR:[93m97.3%[97m([91m46.7c[97m) [97mS-L: [92m1:[96m22%[39m [39m
2026-07-25 16:06:24,078 - Agent - INFO - [37mTest Epoch 4 step 4 with [31mce_loss_combined : 0.563917 [31mce_loss_c : 0.766173 [31mce_loss_g : 0.571277 [31mkl_synergy_rand_1 : 0.021437 [31mkl_synergy_rand_2 : 0.006927 [31mkl_synergy_1 : 0.023007 [31mkl_synergy_2 : 0.007070 [31mtotal : 0.622358 [31mdiag_kl_1 : 0.232427 [31mdiag_kl_2 : 0.106427 [94mAcc_combined: 74.05 [94mAcc_c: 51.46 [94mAcc_g: 74.42 [92mF1_combined: 73.98 [92mF1_c: 62.12 [92mF1_g: 73.63 [95mCEU_cue_audio: 0.2668 [95mCEU_cue_video: 0.8325 [95mCEU_synergy: 0.0986 [95mCEU_coexistence: 0.9624 [97mS:[93m9.9%[97m([91m1.0c[97m-[94mF1:9.8%) [97mU1:[93m26.7%[97m([91m3.5c[97m) [97mU2:[93m83.3%[97m([91m28.3c[97m) [97mR:[93m96.2%[97m([91m41.0c[97m) [97mS-L: [92m0:[96m8% [92m1:[96m12%[39m [39m
2026-07-25 16:06:24,751 - Agent - INFO - [37mModel saved successfully at: ./artifacts/models/multibench/mosi/vt/SynIB_RMask_U_foldREFABL_mosi_fold1_l0.1_perturbrandom_fillema_pmin0.3_refunimodal_anchor_lr0.0005_wd0.001_bs32.pth.tar[39m
2026-07-25 16:06:31,679 - Agent - INFO - [37mVal Epoch 5 step 5 with [31mce_loss_combined : 0.514822 [31mce_loss_c : 0.788985 [31mce_loss_g : 0.509575 [31mkl_synergy_rand_1 : 0.023004 [31mkl_synergy_rand_2 : 0.005041 [31mkl_synergy_1 : 0.026435 [31mkl_synergy_2 : 0.005516 [31mtotal : 0.574818 [31mdiag_kl_1 : 0.223897 [31mdiag_kl_2 : 0.110522 [94mAcc_combined: 78.17 [94mAcc_c: 50.87 [94mAcc_g: 79.04 [92mF1_combined: 78.07 [92mF1_c: 63.53 [92mF1_g: 78.95 [95mCEU_cue_audio: 0.2377 [95mCEU_cue_video: 0.9066 [95mCEU_synergy: 0.0438 [95mCEU_coexistence: 0.9636 [97mS:[93m4.3%[97m([91m0.4c[97m-[94mF1:4.2%) [97mU1:[93m23.8%[97m([91m2.2c[97m) [97mU2:[93m90.7%[97m([91m29.7c[97m) [97mR:[93m96.4%[97m([91m46.3c[97m) [97mS-L: [92m0:[96m7%[39m [39m
2026-07-25 16:06:38,594 - Agent - INFO - [37mVal Epoch 6 step 6 with [31mce_loss_combined : 0.501404 [31mce_loss_c : 0.755738 [31mce_loss_g : 0.528878 [31mkl_synergy_rand_1 : 0.029086 [31mkl_synergy_rand_2 : 0.007358 [31mkl_synergy_1 : 0.030006 [31mkl_synergy_2 : 0.007711 [31mtotal : 0.575564 [31mdiag_kl_1 : 0.301937 [31mdiag_kl_2 : 0.134134 [94mAcc_combined: 79.04 [94mAcc_c: 51.75 [94mAcc_g: 78.82 [92mF1_combined: 78.95 [92mF1_c: 63.71 [92mF1_g: 78.77 [95mCEU_cue_audio: 0.2857 [95mCEU_cue_video: 0.8800 [95mCEU_synergy: 0.1305 [95mCEU_coexistence: 0.9546 [97mS:[93m13.0%[97m([91m1.3c[97m-[94mF1:12.9%) [97mU1:[93m28.6%[97m([91m2.6c[97m) [97mU2:[93m88.0%[97m([91m28.8c[97m) [97mR:[93m95.5%[97m([91m45.9c[97m) [97mS-L: [92m0:[96m14% [92m1:[96m11%[39m [39m
2026-07-25 16:06:45,455 - Evaluator - INFO - New best with loss-
2026-07-25 16:06:45,456 - Agent - INFO - [37mVal Epoch 7 step 7 with [31mce_loss_combined : 0.435146 [31mce_loss_c : 0.729403 [31mce_loss_g : 0.464183 [31mkl_synergy_rand_1 : 0.024620 [31mkl_synergy_rand_2 : 0.006215 [31mkl_synergy_1 : 0.024072 [31mkl_synergy_2 : 0.006576 [31mtotal : 0.496628 [31mdiag_kl_1 : 0.240179 [31mdiag_kl_2 : 0.116830 [94mAcc_combined: 79.91 [94mAcc_c: 57.21 [94mAcc_g: 78.60 [92mF1_combined: 80.00 [92mF1_c: 64.75 [92mF1_g: 78.12 [95mCEU_cue_audio: 0.3337 [95mCEU_cue_video: 0.9200 [95mCEU_synergy: 0.0867 [95mCEU_coexistence: 0.9546 [97mS:[93m8.7%[97m([91m0.9c[97m-[94mF1:8.0%) [97mU1:[93m33.3%[97m([91m3.1c[97m) [97mU2:[93m92.0%[97m([91m30.1c[97m) [97mR:[93m95.5%[97m([91m45.9c[97m) [97mS-L: [92m0:[96m14%[39m [39m
2026-07-25 16:06:45,471 - Agent - INFO - [37mTest Epoch 7 step 7 with [31mce_loss_combined : 0.577570 [31mce_loss_c : 0.785002 [31mce_loss_g : 0.595515 [31mkl_synergy_rand_1 : 0.022663 [31mkl_synergy_rand_2 : 0.008358 [31mkl_synergy_1 : 0.022617 [31mkl_synergy_2 : 0.008975 [31mtotal : 0.640183 [31mdiag_kl_1 : 0.247643 [31mdiag_kl_2 : 0.150345 [94mAcc_combined: 72.59 [94mAcc_c: 50.36 [94mAcc_g: 72.67 [92mF1_combined: 72.63 [92mF1_c: 62.40 [92mF1_g: 72.28 [95mCEU_cue_audio: 0.2553 [95mCEU_cue_video: 0.8283 [95mCEU_synergy: 0.1411 [95mCEU_coexistence: 0.9349 [97mS:[93m14.1%[97m([91m1.5c[97m-[94mF1:14.1%) [97mU1:[93m25.6%[97m([91m3.4c[97m) [97mU2:[93m82.8%[97m([91m28.1c[97m) [97mR:[93m93.5%[97m([91m39.8c[97m) [97mS-L: [92m0:[96m13% [92m1:[96m15%[39m [39m
2026-07-25 16:06:46,509 - Agent - INFO - [37mModel saved successfully at: ./artifacts/models/multibench/mosi/vt/SynIB_RMask_U_foldREFABL_mosi_fold1_l0.1_perturbrandom_fillema_pmin0.3_refunimodal_anchor_lr0.0005_wd0.001_bs32.pth.tar[39m
2026-07-25 16:06:53,445 - Agent - INFO - [37mVal Epoch 8 step 8 with [31mce_loss_combined : 0.492254 [31mce_loss_c : 0.756865 [31mce_loss_g : 0.518024 [31mkl_synergy_rand_1 : 0.023524 [31mkl_synergy_rand_2 : 0.005854 [31mkl_synergy_1 : 0.023272 [31mkl_synergy_2 : 0.006130 [31mtotal : 0.551036 [31mdiag_kl_1 : 0.238340 [31mdiag_kl_2 : 0.110734 [94mAcc_combined: 78.17 [94mAcc_c: 53.49 [94mAcc_g: 76.42 [92mF1_combined: 78.17 [92mF1_c: 63.96 [92mF1_g: 76.21 [95mCEU_cue_audio: 0.2377 [95mCEU_cue_video: 0.9200 [95mCEU_synergy: 0.1305 [95mCEU_coexistence: 0.9273 [97mS:[93m13.0%[97m([91m1.3c[97m-[94mF1:11.5%) [97mU1:[93m23.8%[97m([91m2.2c[97m) [97mU2:[93m92.0%[97m([91m30.1c[97m) [97mR:[93m92.7%[97m([91m44.5c[97m) [97mS-L: [92m0:[96m21%[39m [39m
2026-07-25 16:07:00,307 - Evaluator - INFO - New best with syn_accuracy-
2026-07-25 16:07:00,307 - Agent - INFO - [37mVal Epoch 9 step 9 with [31mce_loss_combined : 0.526197 [31mce_loss_c : 0.707706 [31mce_loss_g : 0.578917 [31mkl_synergy_rand_1 : 0.034475 [31mkl_synergy_rand_2 : 0.009157 [31mkl_synergy_1 : 0.033509 [31mkl_synergy_2 : 0.009425 [31mtotal : 0.612763 [31mdiag_kl_1 : 0.338973 [31mdiag_kl_2 : 0.122148 [94mAcc_combined: 74.67 [94mAcc_c: 52.84 [94mAcc_g: 74.67 [92mF1_combined: 74.67 [92mF1_c: 66.56 [92mF1_g: 74.67 [95mCEU_cue_audio: 0.1429 [95mCEU_cue_video: 0.9466 [95mCEU_synergy: 0.1741 [95mCEU_coexistence: 0.8364 [97mS:[93m17.4%[97m([91m1.7c[97m-[94mF1:14.8%) [97mU1:[93m14.3%[97m([91m1.3c[97m) [97mU2:[93m94.7%[97m([91m31.0c[97m) [97mR:[93m83.6%[97m([91m40.2c[97m) [97mS-L: [92m0:[96m29%[39m [39m
2026-07-25 16:07:00,322 - Agent - INFO - [37mTest Epoch 9 step 9 with [31mce_loss_combined : 0.588536 [31mce_loss_c : 0.736883 [31mce_loss_g : 0.642191 [31mkl_synergy_rand_1 : 0.032791 [31mkl_synergy_rand_2 : 0.013149 [31mkl_synergy_1 : 0.031685 [31mkl_synergy_2 : 0.013742 [31mtotal : 0.679902 [31mdiag_kl_1 : 0.353525 [31mdiag_kl_2 : 0.125055 [94mAcc_combined: 73.18 [94mAcc_c: 51.90 [94mAcc_g: 74.34 [92mF1_combined: 73.06 [92mF1_c: 66.05 [92mF1_g: 74.16 [95mCEU_cue_audio: 0.1669 [95mCEU_cue_video: 0.9055 [95mCEU_synergy: 0.1130 [95mCEU_coexistence: 0.9145 [97mS:[93m11.3%[97m([91m1.2c[97m-[94mF1:10.1%) [97mU1:[93m16.7%[97m([91m2.2c[97m) [97mU2:[93m90.6%[97m([91m30.8c[97m) [97mR:[93m91.4%[97m([91m38.9c[97m) [97mS-L: [92m0:[96m21%[39m [39m
2026-07-25 16:07:01,202 - Agent - INFO - [37mModel saved successfully at: ./artifacts/models/multibench/mosi/vt/SynIB_RMask_U_foldREFABL_mosi_fold1_l0.1_perturbrandom_fillema_pmin0.3_refunimodal_anchor_lr0.0005_wd0.001_bs32.pth.tar[39m
2026-07-25 16:07:08,168 - Agent - INFO - [37mVal Epoch 10 step 10 with [31mce_loss_combined : 0.497381 [31mce_loss_c : 0.743363 [31mce_loss_g : 0.517763 [31mkl_synergy_rand_1 : 0.028439 [31mkl_synergy_rand_2 : 0.007362 [31mkl_synergy_1 : 0.028548 [31mkl_synergy_2 : 0.007539 [31mtotal : 0.569270 [31mdiag_kl_1 : 0.273239 [31mdiag_kl_2 : 0.110179 [94mAcc_combined: 80.13 [94mAcc_c: 53.49 [94mAcc_g: 78.60 [92mF1_combined: 80.17 [92mF1_c: 65.81 [92mF1_g: 78.51 [95mCEU_cue_audio: 0.2857 [95mCEU_cue_video: 0.9200 [95mCEU_synergy: 0.0867 [95mCEU_coexistence: 0.9727 [97mS:[93m8.7%[97m([91m0.9c[97m-[94mF1:8.0%) [97mU1:[93m28.6%[97m([91m2.6c[97m) [97mU2:[93m92.0%[97m([91m30.1c[97m) [97mR:[93m97.3%[97m([91m46.7c[97m) [97mS-L: [92m0:[96m14%[39m [39m
2026-07-25 16:07:15,049 - Agent - INFO - [37mVal Epoch 11 step 11 with [31mce_loss_combined : 0.513066 [31mce_loss_c : 0.749502 [31mce_loss_g : 0.532906 [31mkl_synergy_rand_1 : 0.038588 [31mkl_synergy_rand_2 : 0.007714 [31mkl_synergy_1 : 0.037262 [31mkl_synergy_2 : 0.007587 [31mtotal : 0.604217 [31mdiag_kl_1 : 0.321049 [31mdiag_kl_2 : 0.145054 [94mAcc_combined: 79.91 [94mAcc_c: 55.68 [94mAcc_g: 79.04 [92mF1_combined: 79.91 [92mF1_c: 65.18 [92mF1_g: 79.04 [95mCEU_cue_audio: 0.2377 [95mCEU_cue_video: 0.9334 [95mCEU_synergy: 0.1305 [95mCEU_coexistence: 0.9546 [97mS:[93m13.0%[97m([91m1.3c[97m-[94mF1:12.9%) [97mU1:[93m23.8%[97m([91m2.2c[97m) [97mU2:[93m93.3%[97m([91m30.6c[97m) [97mR:[93m95.5%[97m([91m45.9c[97m) [97mS-L: [92m0:[96m14% [92m1:[96m11%[39m [39m
2026-07-25 16:07:22,004 - Agent - INFO - [37mVal Epoch 12 step 12 with [31mce_loss_combined : 0.516956 [31mce_loss_c : 0.762315 [31mce_loss_g : 0.544837 [31mkl_synergy_rand_1 : 0.027865 [31mkl_synergy_rand_2 : 0.007811 [31mkl_synergy_1 : 0.027844 [31mkl_synergy_2 : 0.008132 [31mtotal : 0.588610 [31mdiag_kl_1 : 0.279388 [31mdiag_kl_2 : 0.160059 [94mAcc_combined: 79.04 [94mAcc_c: 51.09 [94mAcc_g: 78.82 [92mF1_combined: 79.04 [92mF1_c: 64.10 [92mF1_g: 78.87 [95mCEU_cue_audio: 0.3806 [95mCEU_cue_video: 0.8666 [95mCEU_synergy: 0.1741 [95mCEU_coexistence: 0.9455 [97mS:[93m17.4%[97m([91m1.7c[97m-[94mF1:16.8%) [97mU1:[93m38.1%[97m([91m3.5c[97m) [97mU2:[93m86.7%[97m([91m28.4c[97m) [97mR:[93m94.5%[97m([91m45.4c[97m) [97mS-L: [92m0:[96m21% [92m1:[96m11%[39m [39m
2026-07-25 16:07:28,908 - Agent - INFO - [37mVal Epoch 13 step 13 with [31mce_loss_combined : 0.511710 [31mce_loss_c : 0.782591 [31mce_loss_g : 0.515208 [31mkl_synergy_rand_1 : 0.029535 [31mkl_synergy_rand_2 : 0.005876 [31mkl_synergy_1 : 0.029155 [31mkl_synergy_2 : 0.006788 [31mtotal : 0.583063 [31mdiag_kl_1 : 0.288714 [31mdiag_kl_2 : 0.133025 [94mAcc_combined: 79.69 [94mAcc_c: 53.71 [94mAcc_g: 78.38 [92mF1_combined: 79.65 [92mF1_c: 63.95 [92mF1_g: 78.43 [95mCEU_cue_audio: 0.2857 [95mCEU_cue_video: 0.8934 [95mCEU_synergy: 0.0867 [95mCEU_coexistence: 0.9727 [97mS:[93m8.7%[97m([91m0.9c[97m-[94mF1:8.0%) [97mU1:[93m28.6%[97m([91m2.6c[97m) [97mU2:[93m89.3%[97m([91m29.3c[97m) [97mR:[93m97.3%[97m([91m46.7c[97m) [97mS-L: [92m0:[96m14%[39m [39m
2026-07-25 16:07:35,801 - Agent - INFO - [37mVal Epoch 14 step 14 with [31mce_loss_combined : 0.555402 [31mce_loss_c : 0.737469 [31mce_loss_g : 0.579042 [31mkl_synergy_rand_1 : 0.030050 [31mkl_synergy_rand_2 : 0.006363 [31mkl_synergy_1 : 0.030076 [31mkl_synergy_2 : 0.006599 [31mtotal : 0.628491 [31mdiag_kl_1 : 0.263509 [31mdiag_kl_2 : 0.162097 [94mAcc_combined: 77.51 [94mAcc_c: 51.75 [94mAcc_g: 78.17 [92mF1_combined: 77.56 [92mF1_c: 63.95 [92mF1_g: 78.17 [95mCEU_cue_audio: 0.2377 [95mCEU_cue_video: 0.8666 [95mCEU_synergy: 0.1305 [95mCEU_coexistence: 0.9455 [97mS:[93m13.0%[97m([91m1.3c[97m-[94mF1:12.9%) [97mU1:[93m23.8%[97m([91m2.2c[97m) [97mU2:[93m86.7%[97m([91m28.4c[97m) [97mR:[93m94.5%[97m([91m45.4c[97m) [97mS-L: [92m0:[96m14% [92m1:[96m11%[39m [39m
2026-07-25 16:07:42,741 - Agent - INFO - [37mVal Epoch 15 step 15 with [31mce_loss_combined : 0.582040 [31mce_loss_c : 0.814470 [31mce_loss_g : 0.614177 [31mkl_synergy_rand_1 : 0.031036 [31mkl_synergy_rand_2 : 0.006859 [31mkl_synergy_1 : 0.027224 [31mkl_synergy_2 : 0.007029 [31mtotal : 0.654188 [31mdiag_kl_1 : 0.305666 [31mdiag_kl_2 : 0.166738 [94mAcc_combined: 77.73 [94mAcc_c: 50.87 [94mAcc_g: 77.07 [92mF1_combined: 77.73 [92mF1_c: 62.31 [92mF1_g: 77.12 [95mCEU_cue_audio: 0.2857 [95mCEU_cue_video: 0.9066 [95mCEU_synergy: 0.0867 [95mCEU_coexistence: 0.9363 [97mS:[93m8.7%[97m([91m0.9c[97m-[94mF1:8.0%) [97mU1:[93m28.6%[97m([91m2.6c[97m) [97mU2:[93m90.7%[97m([91m29.7c[97m) [97mR:[93m93.6%[97m([91m45.0c[97m) [97mS-L: [92m0:[96m14%[39m [39m
2026-07-25 16:07:49,687 - Agent - INFO - [37mVal Epoch 16 step 16 with [31mce_loss_combined : 0.574587 [31mce_loss_c : 0.788095 [31mce_loss_g : 0.612309 [31mkl_synergy_rand_1 : 0.026733 [31mkl_synergy_rand_2 : 0.009924 [31mkl_synergy_1 : 0.024242 [31mkl_synergy_2 : 0.009997 [31mtotal : 0.645483 [31mdiag_kl_1 : 0.290309 [31mdiag_kl_2 : 0.216099 [94mAcc_combined: 77.07 [94mAcc_c: 50.66 [94mAcc_g: 77.51 [92mF1_combined: 77.12 [92mF1_c: 63.07 [92mF1_g: 77.56 [95mCEU_cue_audio: 0.3806 [95mCEU_cue_video: 0.8400 [95mCEU_synergy: 0.1741 [95mCEU_coexistence: 0.9363 [97mS:[93m17.4%[97m([91m1.7c[97m-[94mF1:17.4%) [97mU1:[93m38.1%[97m([91m3.5c[97m) [97mU2:[93m84.0%[97m([91m27.5c[97m) [97mR:[93m93.6%[97m([91m45.0c[97m) [97mS-L: [92m0:[96m14% [92m1:[96m22%[39m [39m
2026-07-25 16:07:56,599 - Agent - INFO - [37mVal Epoch 17 step 17 with [31mce_loss_combined : 0.621082 [31mce_loss_c : 0.845055 [31mce_loss_g : 0.656429 [31mkl_synergy_rand_1 : 0.028393 [31mkl_synergy_rand_2 : 0.015200 [31mkl_synergy_1 : 0.027167 [31mkl_synergy_2 : 0.016000 [31mtotal : 0.707842 [31mdiag_kl_1 : 0.281947 [31mdiag_kl_2 : 0.237439 [94mAcc_combined: 73.36 [94mAcc_c: 54.80 [94mAcc_g: 74.89 [92mF1_combined: 73.36 [92mF1_c: 61.45 [92mF1_g: 74.95 [95mCEU_cue_audio: 0.3337 [95mCEU_cue_video: 0.8000 [95mCEU_synergy: 0.1741 [95mCEU_coexistence: 0.8818 [97mS:[93m17.4%[97m([91m1.7c[97m-[94mF1:16.8%) [97mU1:[93m33.3%[97m([91m3.1c[97m) [97mU2:[93m80.0%[97m([91m26.2c[97m) [97mR:[93m88.2%[97m([91m42.4c[97m) [97mS-L: [92m0:[96m21% [92m1:[96m11%[39m [39m
2026-07-25 16:08:03,479 - Agent - INFO - [37mVal Epoch 18 step 18 with [31mce_loss_combined : 0.574820 [31mce_loss_c : 0.836490 [31mce_loss_g : 0.574337 [31mkl_synergy_rand_1 : 0.027359 [31mkl_synergy_rand_2 : 0.006111 [31mkl_synergy_1 : 0.025152 [31mkl_synergy_2 : 0.006458 [31mtotal : 0.639900 [31mdiag_kl_1 : 0.294271 [31mdiag_kl_2 : 0.154580 [94mAcc_combined: 75.98 [94mAcc_c: 51.09 [94mAcc_g: 77.07 [92mF1_combined: 75.88 [92mF1_c: 63.40 [92mF1_g: 77.12 [95mCEU_cue_audio: 0.2857 [95mCEU_cue_video: 0.8800 [95mCEU_synergy: 0.1305 [95mCEU_coexistence: 0.9001 [97mS:[93m13.0%[97m([91m1.3c[97m-[94mF1:12.9%) [97mU1:[93m28.6%[97m([91m2.6c[97m) [97mU2:[93m88.0%[97m([91m28.8c[97m) [97mR:[93m90.0%[97m([91m43.2c[97m) [97mS-L: [92m0:[96m14% [92m1:[96m11%[39m [39m
2026-07-25 16:08:10,426 - Agent - INFO - [37mVal Epoch 19 step 19 with [31mce_loss_combined : 0.566995 [31mce_loss_c : 0.761507 [31mce_loss_g : 0.605305 [31mkl_synergy_rand_1 : 0.026721 [31mkl_synergy_rand_2 : 0.009123 [31mkl_synergy_1 : 0.028122 [31mkl_synergy_2 : 0.009206 [31mtotal : 0.640167 [31mdiag_kl_1 : 0.261951 [31mdiag_kl_2 : 0.170585 [94mAcc_combined: 74.89 [94mAcc_c: 55.02 [94mAcc_g: 74.24 [92mF1_combined: 74.95 [92mF1_c: 64.85 [92mF1_g: 74.24 [95mCEU_cue_audio: 0.1908 [95mCEU_cue_video: 0.9066 [95mCEU_synergy: 0.1305 [95mCEU_coexistence: 0.8818 [97mS:[93m13.0%[97m([91m1.3c[97m-[94mF1:11.5%) [97mU1:[93m19.0%[97m([91m1.7c[97m) [97mU2:[93m90.7%[97m([91m29.7c[97m) [97mR:[93m88.2%[97m([91m42.4c[97m) [97mS-L: [92m0:[96m21%[39m [39m
2026-07-25 16:08:17,287 - Agent - INFO - [37mVal Epoch 20 step 20 with [31mce_loss_combined : 0.565334 [31mce_loss_c : 0.817917 [31mce_loss_g : 0.584744 [31mkl_synergy_rand_1 : 0.025322 [31mkl_synergy_rand_2 : 0.006079 [31mkl_synergy_1 : 0.024952 [31mkl_synergy_2 : 0.005688 [31mtotal : 0.627376 [31mdiag_kl_1 : 0.279174 [31mdiag_kl_2 : 0.172034 [94mAcc_combined: 77.29 [94mAcc_c: 55.02 [94mAcc_g: 77.29 [92mF1_combined: 77.29 [92mF1_c: 63.48 [92mF1_g: 77.29 [95mCEU_cue_audio: 0.2377 [95mCEU_cue_video: 0.9334 [95mCEU_synergy: 0.1305 [95mCEU_coexistence: 0.9001 [97mS:[93m13.0%[97m([91m1.3c[97m-[94mF1:11.5%) [97mU1:[93m23.8%[97m([91m2.2c[97m) [97mU2:[93m93.3%[97m([91m30.6c[97m) [97mR:[93m90.0%[97m([91m43.2c[97m) [97mS-L: [92m0:[96m21%[39m [39m
2026-07-25 16:08:24,156 - Agent - INFO - [37mVal Epoch 21 step 21 with [31mce_loss_combined : 0.566818 [31mce_loss_c : 0.811419 [31mce_loss_g : 0.601365 [31mkl_synergy_rand_1 : 0.028844 [31mkl_synergy_rand_2 : 0.004907 [31mkl_synergy_1 : 0.026673 [31mkl_synergy_2 : 0.004657 [31mtotal : 0.631898 [31mdiag_kl_1 : 0.328659 [31mdiag_kl_2 : 0.168885 [94mAcc_combined: 77.73 [94mAcc_c: 55.46 [94mAcc_g: 77.29 [92mF1_combined: 77.73 [92mF1_c: 64.46 [92mF1_g: 77.29 [95mCEU_cue_audio: 0.2377 [95mCEU_cue_video: 0.9334 [95mCEU_synergy: 0.1305 [95mCEU_coexistence: 0.9090 [97mS:[93m13.0%[97m([91m1.3c[97m-[94mF1:11.5%) [97mU1:[93m23.8%[97m([91m2.2c[97m) [97mU2:[93m93.3%[97m([91m30.6c[97m) [97mR:[93m90.9%[97m([91m43.7c[97m) [97mS-L: [92m0:[96m21%[39m [39m
2026-07-25 16:08:31,034 - Agent - INFO - [37mVal Epoch 22 step 22 with [31mce_loss_combined : 0.586500 [31mce_loss_c : 0.818625 [31mce_loss_g : 0.596416 [31mkl_synergy_rand_1 : 0.027361 [31mkl_synergy_rand_2 : 0.004982 [31mkl_synergy_1 : 0.025766 [31mkl_synergy_2 : 0.005362 [31mtotal : 0.649971 [31mdiag_kl_1 : 0.324443 [31mdiag_kl_2 : 0.190439 [94mAcc_combined: 77.07 [94mAcc_c: 53.93 [94mAcc_g: 76.64 [92mF1_combined: 77.12 [92mF1_c: 63.68 [92mF1_g: 76.69 [95mCEU_cue_audio: 0.2377 [95mCEU_cue_video: 0.9066 [95mCEU_synergy: 0.1305 [95mCEU_coexistence: 0.9090 [97mS:[93m13.0%[97m([91m1.3c[97m-[94mF1:11.5%) [97mU1:[93m23.8%[97m([91m2.2c[97m) [97mU2:[93m90.7%[97m([91m29.7c[97m) [97mR:[93m90.9%[97m([91m43.7c[97m) [97mS-L: [92m0:[96m21%[39m [39m
2026-07-25 16:08:37,913 - Agent - INFO - [37mVal Epoch 23 step 23 with [31mce_loss_combined : 0.598966 [31mce_loss_c : 0.837786 [31mce_loss_g : 0.603040 [31mkl_synergy_rand_1 : 0.027631 [31mkl_synergy_rand_2 : 0.004981 [31mkl_synergy_1 : 0.025370 [31mkl_synergy_2 : 0.005161 [31mtotal : 0.662109 [31mdiag_kl_1 : 0.329067 [31mdiag_kl_2 : 0.188053 [94mAcc_combined: 76.86 [94mAcc_c: 54.37 [94mAcc_g: 76.86 [92mF1_combined: 76.86 [92mF1_c: 63.90 [92mF1_g: 76.86 [95mCEU_cue_audio: 0.2377 [95mCEU_cue_video: 0.9066 [95mCEU_synergy: 0.1305 [95mCEU_coexistence: 0.9090 [97mS:[93m13.0%[97m([91m1.3c[97m-[94mF1:11.5%) [97mU1:[93m23.8%[97m([91m2.2c[97m) [97mU2:[93m90.7%[97m([91m29.7c[97m) [97mR:[93m90.9%[97m([91m43.7c[97m) [97mS-L: [92m0:[96m21%[39m [39m
2026-07-25 16:08:44,865 - Agent - INFO - [37mVal Epoch 24 step 24 with [31mce_loss_combined : 0.598158 [31mce_loss_c : 0.836325 [31mce_loss_g : 0.600428 [31mkl_synergy_rand_1 : 0.025117 [31mkl_synergy_rand_2 : 0.004981 [31mkl_synergy_1 : 0.023148 [31mkl_synergy_2 : 0.005407 [31mtotal : 0.656810 [31mdiag_kl_1 : 0.299588 [31mdiag_kl_2 : 0.189607 [94mAcc_combined: 76.86 [94mAcc_c: 53.93 [94mAcc_g: 76.86 [92mF1_combined: 76.86 [92mF1_c: 63.43 [92mF1_g: 76.86 [95mCEU_cue_audio: 0.2377 [95mCEU_cue_video: 0.9066 [95mCEU_synergy: 0.1305 [95mCEU_coexistence: 0.9090 [97mS:[93m13.0%[97m([91m1.3c[97m-[94mF1:11.5%) [97mU1:[93m23.8%[97m([91m2.2c[97m) [97mU2:[93m90.7%[97m([91m29.7c[97m) [97mR:[93m90.9%[97m([91m43.7c[97m) [97mS-L: [92m0:[96m21%[39m [39m
2026-07-25 16:08:51,826 - Agent - INFO - [37mVal Epoch 25 step 25 with [31mce_loss_combined : 0.585498 [31mce_loss_c : 0.853622 [31mce_loss_g : 0.606094 [31mkl_synergy_rand_1 : 0.028152 [31mkl_synergy_rand_2 : 0.006573 [31mkl_synergy_1 : 0.024243 [31mkl_synergy_2 : 0.005575 [31mtotal : 0.650040 [31mdiag_kl_1 : 0.327278 [31mdiag_kl_2 : 0.190252 [94mAcc_combined: 77.29 [94mAcc_c: 55.24 [94mAcc_g: 77.29 [92mF1_combined: 77.29 [92mF1_c: 62.66 [92mF1_g: 77.39 [95mCEU_cue_audio: 0.2377 [95mCEU_cue_video: 0.9066 [95mCEU_synergy: 0.1305 [95mCEU_coexistence: 0.9182 [97mS:[93m13.0%[97m([91m1.3c[97m-[94mF1:11.5%) [97mU1:[93m23.8%[97m([91m2.2c[97m) [97mU2:[93m90.7%[97m([91m29.7c[97m) [97mR:[93m91.8%[97m([91m44.1c[97m) [97mS-L: [92m0:[96m21%[39m [39m
2026-07-25 16:08:58,737 - Agent - INFO - [37mVal Epoch 26 step 26 with [31mce_loss_combined : 0.614089 [31mce_loss_c : 0.772025 [31mce_loss_g : 0.689092 [31mkl_synergy_rand_1 : 0.030593 [31mkl_synergy_rand_2 : 0.013909 [31mkl_synergy_1 : 0.028166 [31mkl_synergy_2 : 0.013562 [31mtotal : 0.700319 [31mdiag_kl_1 : 0.343521 [31mdiag_kl_2 : 0.241071 [94mAcc_combined: 74.89 [94mAcc_c: 57.21 [94mAcc_g: 74.24 [92mF1_combined: 74.84 [92mF1_c: 65.12 [92mF1_g: 74.24 [95mCEU_cue_audio: 0.2377 [95mCEU_cue_video: 0.8534 [95mCEU_synergy: 0.1741 [95mCEU_coexistence: 0.9001 [97mS:[93m17.4%[97m([91m1.7c[97m-[94mF1:17.4%) [97mU1:[93m23.8%[97m([91m2.2c[97m) [97mU2:[93m85.3%[97m([91m27.9c[97m) [97mR:[93m90.0%[97m([91m43.2c[97m) [97mS-L: [92m0:[96m14% [92m1:[96m22%[39m [39m
2026-07-25 16:09:05,639 - Agent - INFO - [37mVal Epoch 27 step 27 with [31mce_loss_combined : 0.591605 [31mce_loss_c : 0.873083 [31mce_loss_g : 0.575646 [31mkl_synergy_rand_1 : 0.023327 [31mkl_synergy_rand_2 : 0.016002 [31mkl_synergy_1 : 0.020862 [31mkl_synergy_2 : 0.015014 [31mtotal : 0.666810 [31mdiag_kl_1 : 0.244081 [31mdiag_kl_2 : 0.164145 [94mAcc_combined: 67.90 [94mAcc_c: 55.02 [94mAcc_g: 73.36 [92mF1_combined: 68.25 [92mF1_c: 61.71 [92mF1_g: 73.59 [95mCEU_cue_audio: 0.6663 [95mCEU_cue_video: 0.4800 [95mCEU_synergy: 0.0000 [95mCEU_coexistence: 0.9546 [97mS:[93m0.0%[97m([91m0.0c[97m-[94mF1:0.0%) [97mU1:[93m66.7%[97m([91m6.1c[97m) [97mU2:[93m48.0%[97m([91m15.7c[97m) [97mR:[93m95.5%[97m([91m45.9c[97m) [97mS-L: None[39m [39m
2026-07-25 16:09:12,611 - Agent - INFO - [37mVal Epoch 28 step 28 with [31mce_loss_combined : 0.564347 [31mce_loss_c : 0.773982 [31mce_loss_g : 0.604303 [31mkl_synergy_rand_1 : 0.025917 [31mkl_synergy_rand_2 : 0.008819 [31mkl_synergy_1 : 0.024313 [31mkl_synergy_2 : 0.009182 [31mtotal : 0.632578 [31mdiag_kl_1 : 0.263100 [31mdiag_kl_2 : 0.162543 [94mAcc_combined: 76.42 [94mAcc_c: 53.28 [94mAcc_g: 74.67 [92mF1_combined: 76.52 [92mF1_c: 62.98 [92mF1_g: 74.67 [95mCEU_cue_audio: 0.3337 [95mCEU_cue_video: 0.8534 [95mCEU_synergy: 0.0867 [95mCEU_coexistence: 0.9363 [97mS:[93m8.7%[97m([91m0.9c[97m-[94mF1:8.0%) [97mU1:[93m33.3%[97m([91m3.1c[97m) [97mU2:[93m85.3%[97m([91m27.9c[97m) [97mR:[93m93.6%[97m([91m45.0c[97m) [97mS-L: [92m0:[96m14%[39m [39m
2026-07-25 16:09:19,509 - Agent - INFO - [37mVal Epoch 29 step 29 with [31mce_loss_combined : 0.594313 [31mce_loss_c : 0.773325 [31mce_loss_g : 0.630498 [31mkl_synergy_rand_1 : 0.029492 [31mkl_synergy_rand_2 : 0.010120 [31mkl_synergy_1 : 0.027006 [31mkl_synergy_2 : 0.010244 [31mtotal : 0.671175 [31mdiag_kl_1 : 0.379104 [31mdiag_kl_2 : 0.169043 [94mAcc_combined: 75.33 [94mAcc_c: 55.02 [94mAcc_g: 75.76 [92mF1_combined: 75.27 [92mF1_c: 63.21 [92mF1_g: 75.82 [95mCEU_cue_audio: 0.1908 [95mCEU_cue_video: 0.9466 [95mCEU_synergy: 0.1305 [95mCEU_coexistence: 0.8636 [97mS:[93m13.0%[97m([91m1.3c[97m-[94mF1:11.5%) [97mU1:[93m19.0%[97m([91m1.7c[97m) [97mU2:[93m94.7%[97m([91m31.0c[97m) [97mR:[93m86.4%[97m([91m41.5c[97m) [97mS-L: [92m0:[96m21%[39m [39m
2026-07-25 16:09:26,469 - Agent - INFO - [37mVal Epoch 30 step 30 with [31mce_loss_combined : 0.579377 [31mce_loss_c : 0.738619 [31mce_loss_g : 0.669925 [31mkl_synergy_rand_1 : 0.030457 [31mkl_synergy_rand_2 : 0.014171 [31mkl_synergy_1 : 0.026352 [31mkl_synergy_2 : 0.015172 [31mtotal : 0.665529 [31mdiag_kl_1 : 0.399689 [31mdiag_kl_2 : 0.228342 [94mAcc_combined: 75.76 [94mAcc_c: 58.52 [94mAcc_g: 77.95 [92mF1_combined: 75.28 [92mF1_c: 66.19 [92mF1_g: 78.00 [95mCEU_cue_audio: 0.4286 [95mCEU_cue_video: 0.7334 [95mCEU_synergy: 0.1741 [95mCEU_coexistence: 0.9455 [97mS:[93m17.4%[97m([91m1.7c[97m-[94mF1:16.8%) [97mU1:[93m42.9%[97m([91m3.9c[97m) [97mU2:[93m73.3%[97m([91m24.0c[97m) [97mR:[93m94.5%[97m([91m45.4c[97m) [97mS-L: [92m0:[96m21% [92m1:[96m11%[39m [39m
2026-07-25 16:09:33,336 - Agent - INFO - [37mVal Epoch 31 step 31 with [31mce_loss_combined : 0.554896 [31mce_loss_c : 0.764535 [31mce_loss_g : 0.671424 [31mkl_synergy_rand_1 : 0.029523 [31mkl_synergy_rand_2 : 0.007208 [31mkl_synergy_1 : 0.024109 [31mkl_synergy_2 : 0.009064 [31mtotal : 0.624800 [31mdiag_kl_1 : 0.380705 [31mdiag_kl_2 : 0.187922 [94mAcc_combined: 77.73 [94mAcc_c: 59.17 [94mAcc_g: 75.55 [92mF1_combined: 77.63 [92mF1_c: 65.81 [92mF1_g: 75.76 [95mCEU_cue_audio: 0.3337 [95mCEU_cue_video: 0.8934 [95mCEU_synergy: 0.1741 [95mCEU_coexistence: 0.9090 [97mS:[93m17.4%[97m([91m1.7c[97m-[94mF1:14.8%) [97mU1:[93m33.3%[97m([91m3.1c[97m) [97mU2:[93m89.3%[97m([91m29.3c[97m) [97mR:[93m90.9%[97m([91m43.7c[97m) [97mS-L: [92m0:[96m29%[39m [39m
2026-07-25 16:09:40,195 - Agent - INFO - [37mVal Epoch 32 step 32 with [31mce_loss_combined : 0.572509 [31mce_loss_c : 0.798413 [31mce_loss_g : 0.642021 [31mkl_synergy_rand_1 : 0.031146 [31mkl_synergy_rand_2 : 0.008637 [31mkl_synergy_1 : 0.028152 [31mkl_synergy_2 : 0.007318 [31mtotal : 0.647761 [31mdiag_kl_1 : 0.338671 [31mdiag_kl_2 : 0.163864 [94mAcc_combined: 76.20 [94mAcc_c: 58.08 [94mAcc_g: 75.55 [92mF1_combined: 76.25 [92mF1_c: 64.58 [92mF1_g: 75.55 [95mCEU_cue_audio: 0.1429 [95mCEU_cue_video: 0.9200 [95mCEU_synergy: 0.1741 [95mCEU_coexistence: 0.9090 [97mS:[93m17.4%[97m([91m1.7c[97m-[94mF1:14.8%) [97mU1:[93m14.3%[97m([91m1.3c[97m) [97mU2:[93m92.0%[97m([91m30.1c[97m) [97mR:[93m90.9%[97m([91m43.7c[97m) [97mS-L: [92m0:[96m29%[39m [39m
2026-07-25 16:09:47,168 - Agent - INFO - [37mVal Epoch 33 step 33 with [31mce_loss_combined : 0.601445 [31mce_loss_c : 0.869157 [31mce_loss_g : 0.647710 [31mkl_synergy_rand_1 : 0.020860 [31mkl_synergy_rand_2 : 0.020775 [31mkl_synergy_1 : 0.018323 [31mkl_synergy_2 : 0.018919 [31mtotal : 0.680321 [31mdiag_kl_1 : 0.309504 [31mdiag_kl_2 : 0.205253 [94mAcc_combined: 70.74 [94mAcc_c: 56.33 [94mAcc_g: 72.71 [92mF1_combined: 70.87 [92mF1_c: 62.12 [92mF1_g: 72.89 [95mCEU_cue_audio: 0.7623 [95mCEU_cue_video: 0.5466 [95mCEU_synergy: 0.0867 [95mCEU_coexistence: 0.9363 [97mS:[93m8.7%[97m([91m0.9c[97m-[94mF1:8.0%) [97mU1:[93m76.2%[97m([91m7.0c[97m) [97mU2:[93m54.7%[97m([91m17.9c[97m) [97mR:[93m93.6%[97m([91m45.0c[97m) [97mS-L: [92m1:[96m22%[39m [39m
2026-07-25 16:09:54,090 - Agent - INFO - [37mVal Epoch 34 step 34 with [31mce_loss_combined : 0.590428 [31mce_loss_c : 0.796608 [31mce_loss_g : 0.667081 [31mkl_synergy_rand_1 : 0.028610 [31mkl_synergy_rand_2 : 0.009673 [31mkl_synergy_1 : 0.023603 [31mkl_synergy_2 : 0.009133 [31mtotal : 0.661448 [31mdiag_kl_1 : 0.403728 [31mdiag_kl_2 : 0.170975 [94mAcc_combined: 72.93 [94mAcc_c: 59.61 [94mAcc_g: 77.07 [92mF1_combined: 73.16 [92mF1_c: 64.90 [92mF1_g: 77.22 [95mCEU_cue_audio: 0.3806 [95mCEU_cue_video: 0.7200 [95mCEU_synergy: 0.1741 [95mCEU_coexistence: 0.9182 [97mS:[93m17.4%[97m([91m1.7c[97m-[94mF1:16.8%) [97mU1:[93m38.1%[97m([91m3.5c[97m) [97mU2:[93m72.0%[97m([91m23.6c[97m) [97mR:[93m91.8%[97m([91m44.1c[97m) [97mS-L: [92m0:[96m21% [92m1:[96m11%[39m [39m
2026-07-25 16:10:01,036 - Agent - INFO - [37mVal Epoch 35 step 35 with [31mce_loss_combined : 0.601507 [31mce_loss_c : 0.805509 [31mce_loss_g : 0.668114 [31mkl_synergy_rand_1 : 0.023632 [31mkl_synergy_rand_2 : 0.014851 [31mkl_synergy_1 : 0.021291 [31mkl_synergy_2 : 0.015202 [31mtotal : 0.676483 [31mdiag_kl_1 : 0.338058 [31mdiag_kl_2 : 0.166881 [94mAcc_combined: 72.71 [94mAcc_c: 56.55 [94mAcc_g: 73.14 [92mF1_combined: 74.12 [92mF1_c: 63.35 [92mF1_g: 73.43 [95mCEU_cue_audio: 0.4286 [95mCEU_cue_video: 0.7334 [95mCEU_synergy: 0.1305 [95mCEU_coexistence: 0.9001 [97mS:[93m13.0%[97m([91m1.3c[97m-[94mF1:12.9%) [97mU1:[93m42.9%[97m([91m3.9c[97m) [97mU2:[93m73.3%[97m([91m24.0c[97m) [97mR:[93m90.0%[97m([91m43.2c[97m) [97mS-L: [92m0:[96m14% [92m1:[96m11%[39m [39m
2026-07-25 16:10:07,987 - Agent - INFO - [37mVal Epoch 36 step 36 with [31mce_loss_combined : 0.595043 [31mce_loss_c : 0.802496 [31mce_loss_g : 0.686748 [31mkl_synergy_rand_1 : 0.036102 [31mkl_synergy_rand_2 : 0.013012 [31mkl_synergy_1 : 0.031680 [31mkl_synergy_2 : 0.011769 [31mtotal : 0.687607 [31mdiag_kl_1 : 0.491459 [31mdiag_kl_2 : 0.184396 [94mAcc_combined: 75.76 [94mAcc_c: 58.95 [94mAcc_g: 74.45 [92mF1_combined: 75.82 [92mF1_c: 63.42 [92mF1_g: 74.51 [95mCEU_cue_audio: 0.0949 [95mCEU_cue_video: 0.9334 [95mCEU_synergy: 0.1305 [95mCEU_coexistence: 0.8818 [97mS:[93m13.0%[97m([91m1.3c[97m-[94mF1:11.5%) [97mU1:[93m9.5%[97m([91m0.9c[97m) [97mU2:[93m93.3%[97m([91m30.6c[97m) [97mR:[93m88.2%[97m([91m42.4c[97m) [97mS-L: [92m0:[96m21%[39m [39m
2026-07-25 16:10:14,871 - Agent - INFO - [37mVal Epoch 37 step 37 with [31mce_loss_combined : 0.672424 [31mce_loss_c : 0.853169 [31mce_loss_g : 0.759756 [31mkl_synergy_rand_1 : 0.028986 [31mkl_synergy_rand_2 : 0.012654 [31mkl_synergy_1 : 0.026252 [31mkl_synergy_2 : 0.012010 [31mtotal : 0.752327 [31mdiag_kl_1 : 0.404707 [31mdiag_kl_2 : 0.268399 [94mAcc_combined: 72.27 [94mAcc_c: 58.95 [94mAcc_g: 75.11 [92mF1_combined: 73.81 [92mF1_c: 63.57 [92mF1_g: 75.22 [95mCEU_cue_audio: 0.4286 [95mCEU_cue_video: 0.6400 [95mCEU_synergy: 0.0867 [95mCEU_coexistence: 0.9182 [97mS:[93m8.7%[97m([91m0.9c[97m-[94mF1:8.7%) [97mU1:[93m42.9%[97m([91m3.9c[97m) [97mU2:[93m64.0%[97m([91m21.0c[97m) [97mR:[93m91.8%[97m([91m44.1c[97m) [97mS-L: [92m0:[96m7% [92m1:[96m11%[39m [39m
2026-07-25 16:10:21,813 - Agent - INFO - [37mVal Epoch 38 step 38 with [31mce_loss_combined : 0.651631 [31mce_loss_c : 0.855912 [31mce_loss_g : 0.741974 [31mkl_synergy_rand_1 : 0.026821 [31mkl_synergy_rand_2 : 0.012183 [31mkl_synergy_1 : 0.022558 [31mkl_synergy_2 : 0.010957 [31mtotal : 0.724149 [31mdiag_kl_1 : 0.377834 [31mdiag_kl_2 : 0.236497 [94mAcc_combined: 75.76 [94mAcc_c: 58.95 [94mAcc_g: 76.20 [92mF1_combined: 76.92 [92mF1_c: 63.28 [92mF1_g: 76.25 [95mCEU_cue_audio: 0.4286 [95mCEU_cue_video: 0.7066 [95mCEU_synergy: 0.1741 [95mCEU_coexistence: 0.9363 [97mS:[93m17.4%[97m([91m1.7c[97m-[94mF1:16.8%) [97mU1:[93m42.9%[97m([91m3.9c[97m) [97mU2:[93m70.7%[97m([91m23.1c[97m) [97mR:[93m93.6%[97m([91m45.0c[97m) [97mS-L: [92m0:[96m21% [92m1:[96m11%[39m [39m
2026-07-25 16:10:22,392 - Agent - INFO - We are in the final state.
2026-07-25 16:10:22,498 - root - INFO - Loaded best model from best_model_accuracy_state_dict
2026-07-25 16:10:23,548 - Agent - INFO - [37mVal Epoch 38 step 0 with [31mce_loss_combined : 0.458355 [31mce_loss_c : 0.724476 [31mce_loss_g : 0.428988 [31mkl_synergy_rand_1 : 0.021178 [31mkl_synergy_rand_2 : 0.005859 [31mkl_synergy_1 : 0.022064 [31mkl_synergy_2 : 0.005901 [31mtotal : 0.513357 [31mdiag_kl_1 : 0.234809 [31mdiag_kl_2 : 0.095134 [94mAcc_combined: 81.00 [94mAcc_c: 55.24 [94mAcc_g: 80.79 [92mF1_combined: 81.05 [92mF1_c: 63.33 [92mF1_g: 80.44 [95mCEU_cue_audio: 0.4286 [95mCEU_cue_video: 0.9066 [95mCEU_synergy: 0.0867 [95mCEU_coexistence: 0.9727 [97mS:[93m8.7%[97m([91m0.9c[97m-[94mF1:8.0%) [97mU1:[93m42.9%[97m([91m3.9c[97m) [97mU2:[93m90.7%[97m([91m29.7c[97m) [97mR:[93m97.3%[97m([91m46.7c[97m) [97mS-L: [92m1:[96m22%[39m [39m
2026-07-25 16:10:25,575 - Agent - INFO - [37mTest Epoch 38 step 0 with [31mce_loss_combined : 0.563917 [31mce_loss_c : 0.766173 [31mce_loss_g : 0.571277 [31mkl_synergy_rand_1 : 0.021378 [31mkl_synergy_rand_2 : 0.006692 [31mkl_synergy_1 : 0.023017 [31mkl_synergy_2 : 0.007328 [31mtotal : 0.622331 [31mdiag_kl_1 : 0.235271 [31mdiag_kl_2 : 0.105104 [94mAcc_combined: 74.05 [94mAcc_c: 51.46 [94mAcc_g: 74.42 [92mF1_combined: 73.98 [92mF1_c: 62.12 [92mF1_g: 73.63 [95mCEU_cue_audio: 0.2668 [95mCEU_cue_video: 0.8325 [95mCEU_synergy: 0.0986 [95mCEU_coexistence: 0.9624 [97mS:[93m9.9%[97m([91m1.0c[97m-[94mF1:9.8%) [97mU1:[93m26.7%[97m([91m3.5c[97m) [97mU2:[93m83.3%[97m([91m28.3c[97m) [97mR:[93m96.2%[97m([91m41.0c[97m) [97mS-L: [92m0:[96m8% [92m1:[96m12%[39m [39m
2026-07-25 16:10:26,462 - Agent - INFO - [37mModel saved successfully at: ./artifacts/models/multibench/mosi/vt/SynIB_RMask_U_foldREFABL_mosi_fold1_l0.1_perturbrandom_fillema_pmin0.3_refunimodal_anchor_lr0.0005_wd0.001_bs32.pth.tar[39m
Job finished
