Starting SynIB reference-ablation job
Python 3.10.19
/esat/smcdata/users/kkontras/Image_Dataset/no_backup/git/SynIB  (git a2fb4fd)
GPU 0: NVIDIA GeForce RTX 2080 Ti (UUID: GPU-80609ff0-d905-c2d8-7c85-30e2d01a3cb8)
Executing: PYTHONPATH=src /esat/smcdata/users/kkontras/Image_Dataset/no_backup/envs/synergy_new/bin/python -m synib.entrypoints.train --config run/configs/rebuttal_ref_ablation/mosi_synib_u.json --default_config run/configs/rebuttal_ref_ablation/mosi_default.json --fold 0 --rmask random --l 0.1 --perturb_pmin 0.3 --perturb_fill ema --lr 0.0005 --wd 0.001 --batch_size 32 --reference_type unimodal_anchor --ref_diag --start_over --tag REFABL_mosi
Namespace(config='run/configs/rebuttal_ref_ablation/mosi_synib_u.json', default_config='run/configs/rebuttal_ref_ablation/mosi_default.json', fold='0', alpha=None, tanh_mode_beta=None, regby=None, batch_size='32', l='0.1', multil=None, lib=None, kmepoch=None, num_samples=None, contrcoeff=None, contr_type=None, shuffle_type=None, validate_with=None, num_classes=None, optim_method=None, ending_epoch=None, load_ongoing=None, recon_weight1=None, recon_weight2=None, recon_epochstages=None, recon_ensemblestages=None, lr='0.0005', wd='0.001', cls=None, ironic_rate=None, perturb='random', perturb_fill='ema', perturb_pmax=None, perturb_pmin='0.3', perturb_lsparse=None, rmask='random', pmin=None, pmax=None, lsparse=None, debug_mask_stats=False, pre=False, frozen=False, tdqm_disable=False, start_over=True, no_model_save=False, num_layers=None, grad_accum=None, init_from=None, init_strict=False, perturb_lsparse_sign=None, l_anneal_epochs=None, perturb_steps=None, perturb_lsparse_warmup=None, perturb_lsparse_schedule=None, persist_ell=False, save_masks=False, penalty_swap=False, disable_ce_random=False, disable_kl_learned=False, masking_only=False, modality_dropout=None, modality_dropout_target=None, l_z1_masked=None, l_z2_masked=None, l_pareto=None, reference_type='unimodal_anchor', ref_diag=True, ref_ema_decay=None, tag='REFABL_mosi')
2026-07-25 16:05:11,548 - Config - INFO - run/configs/rebuttal_ref_ablation/mosi_synib_u.json
2026-07-25 16:05:11,552 - Config - INFO -  THE Configuration of your experiment ..
{'agent': 'Agent',
 'dataset': {'data_roots': './src/synib/mydatasets/Factor_CL_Datasets/prepared/mosi/mosi_data.pkl',
             'data_type': 'mosi',
             'dataloader_class': 'FactorCL_Dataloader',
             'kfold_data_roots': './src/synib/mydatasets/Factor_CL_Datasets/prepared/mosi/mosi_synergy3.pkl'},
 'early_stopping': {'end_of_epoch_check': True,
                    'log_interval': 10,
                    'max_epoch': 100,
                    'n_steps_stop': 30,
                    'n_steps_stop_after': 0,
                    'save_every_step': 3000,
                    'save_every_valstep': 50,
                    'validate_after': 0,
                    'validate_every': 185},
 'exp_name': 'Mosi Experiment',
 'model': {'args': {'bias_infusion': {'l': 0.1, 'method': False},
                    'clip_grad': False,
                    'cls_type': 'mlp',
                    'd_model': 40,
                    'dropout': 0.1,
                    'fc_inner': 64,
                    'hidden_dim': 64,
                    'in_dim': 64,
                    'multi_loss': {'multi_supervised_w': {'c': 1,
                                                          'combined': 1,
                                                          'g': 1}},
                    'norm_decision': False,
                    'num_classes': 2,
                    'synergy_type': 'unimodal_anchor'},
           'ceu': {'test': './artifacts/ceus/mosi/mosi_ceu_test.pkl',
                   'val': './artifacts/ceus/mosi/mosi_ceu_val.pkl'},
           'encoders': [{'args': {'freeze_encoder': False,
                                  'hidden_size': 40,
                                  'modality': 'c',
                                  'n_features': 20,
                                  'num_classes': 2},
                         'model': 'FactorCL_Uni',
                         'pretrainedEncoder': {'dir': 'unimodal_video_fold{}_vldaccuracy_lr0.0005_wd0.00001.pth.tar',
                                               'use': True}},
                        {'args': {'freeze_encoder': False,
                                  'hidden_size': 40,
                                  'modality': 'g',
                                  'n_features': 300,
                                  'num_classes': 2},
                         'model': 'FactorCL_Uni',
                         'pretrainedEncoder': {'dir': 'unimodal_text_fold{}_vldaccuracy_lr0.0005_wd0.0001.pth.tar',
                                               'use': True}},
                        {'args': {'d_model': 40,
                                  'dropout': 0.1,
                                  'fc_inner': 64,
                                  'freeze_encoder': False},
                         'model': 'FusionTrunkLinear',
                         'name': 'enc_2_fusion_trunk',
                         'pretrainedEncoder': {'dir': 'enc_2_fusion_trunk_fold{}.pth.tar',
                                               'use': False},
                         'save_encoder': False},
                        {'args': {'freeze_encoder': False,
                                  'in_dim': 64,
                                  'num_classes': 2},
                         'model': 'LinearHead',
                         'name': 'enc_3_fusion_head',
                         'pretrainedEncoder': {'dir': 'enc_3_fusion_head_fold{}.pth.tar',
                                               'use': False},
                         'save_encoder': False}],
           'load_ongoing': False,
           'model_class': 'FusionIBModel_Mask_U',
           'save_base_dir': './artifacts/models/multibench/mosi/vt',
           'save_dir': 'SynIB_RMask_U_fold{}.pth.tar'},
 'optimizer': {'beta1': 0.9,
               'beta2': 0.999,
               'learning_rate': 0.0001,
               'momentum': 0.9,
               'type': 'Adam',
               'weight_decay': 0.0001},
 'scheduler': {'max_lr': 0.03, 'type': 'cosanneal', 'warm_up_steps': 780},
 'task': 'classification',
 'training_params': {'adversarial_training': {'adv_epsilon': 0.01,
                                              'use': False},
                     'async_loading': True,
                     'batch_size': 32,
                     'cuda': True,
                     'data_loader_workers': 8,
                     'gpu_device': [0],
                     'pin_memory': True,
                     'rec_test': True,
                     'res': True,
                     'seed': 109,
                     'tdqm_disable': False,
                     'test_batch_size': 32,
                     'test_on_bottoms': False,
                     'use_test_set': True,
                     'validation': True,
                     'verbose': True,
                     'wandb_disable': True}}
2026-07-25 16:05:11,554 - Config - INFO -  *************************************** 
2026-07-25 16:05:11,554 - Config - INFO - The experiment name is Mosi Experiment
2026-07-25 16:05:11,554 - Config - INFO -  *************************************** 
2026-07-25 16:05:11,554 - root - INFO - save_dir: SynIB_RMask_U_foldREFABL_mosi_fold0_l0.1_perturbrandom_fillema_pmin0.3_refunimodal_anchor_lr0.0005_wd0.001_bs32.pth.tar
2026-07-25 16:05:11,645 - Cuda Statistics - INFO - __Python VERSION:  3.10.19 (main, Oct 21 2025, 16:43:05) [GCC 11.2.0]
2026-07-25 16:05:11,645 - Cuda Statistics - INFO - __pyTorch VERSION:  2.9.1+cu128
2026-07-25 16:05:11,645 - Cuda Statistics - INFO - __CUDA VERSION
2026-07-25 16:05:11,646 - Cuda Statistics - INFO - __CUDNN VERSION:  91002
2026-07-25 16:05:11,665 - Cuda Statistics - INFO - __Number CUDA Devices:  1
2026-07-25 16:05:11,666 - Cuda Statistics - INFO - __Devices
2026-07-25 16:05:11,666 - Cuda Statistics - INFO - index, name, driver_version, memory.total [MiB], memory.used [MiB], memory.free [MiB]
2026-07-25 16:05:11,666 - Cuda Statistics - INFO - 0, NVIDIA GeForce RTX 2080 Ti, 610.43.03, 11264 MiB, 302 MiB, 10529 MiB
2026-07-25 16:05:11,669 - Cuda Statistics - INFO - Active CUDA Device: GPU 0
2026-07-25 16:05:11,669 - Cuda Statistics - INFO - Available devices  1
2026-07-25 16:05:11,669 - Cuda Statistics - INFO - Current cuda device  0
2026-07-25 16:05:13,929 - Agent - INFO - Device: cuda:0
2026-07-25 16:05:13,929 - Agent - INFO - Total training batches: 41, validate every 185 batches, steps per epoch: 1
2026-07-25 16:05:14,140 - Agent - INFO - Loss Weights are {'total': 1, 'combined': 1, 'c': 1, 'g': 1}
2026-07-25 16:05:14,140 - root - INFO - There is no CEU for train
2026-07-25 16:05:14,333 - root - INFO - Loading enc best model state dict from ./artifacts/models/multibench/mosi/vt/unimodal_video_fold0_vldaccuracy_lr0.0005_wd0.00001.pth.tar
2026-07-25 16:05:14,536 - root - INFO - Loading enc best model state dict from ./artifacts/models/multibench/mosi/vt/unimodal_text_fold0_vldaccuracy_lr0.0005_wd0.0001.pth.tar
2026-07-25 16:05:14,738 - Agent - INFO - Total number of trainable parameters are: 5232226
2026-07-25 16:05:14,747 - Agent - INFO - Total number of trainable parameters are: 1753338
2026-07-25 16:05:23,623 - Evaluator - INFO - New best with loss-accuracy-syn_accuracy-
2026-07-25 16:05:23,623 - Agent - INFO - [37mVal Epoch 1 step 1 with [31mce_loss_combined : 0.524289 [31mce_loss_c : 0.863960 [31mce_loss_g : 0.556794 [31mkl_synergy_rand_1 : 0.022153 [31mkl_synergy_rand_2 : 0.011182 [31mkl_synergy_1 : 0.026601 [31mkl_synergy_2 : 0.011052 [31mtotal : 0.595276 [31mdiag_kl_1 : 0.220187 [31mdiag_kl_2 : 0.116636 [94mAcc_combined: 78.17 [94mAcc_c: 55.68 [94mAcc_g: 75.33 [92mF1_combined: 78.54 [92mF1_c: 52.90 [92mF1_g: 75.38 [95mCEU_cue_audio: 0.1363 [95mCEU_cue_video: 0.9620 [95mCEU_synergy: 0.2610 [95mCEU_coexistence: 0.8857 [97mS:[93m26.1%[97m([91m2.6c[97m-[94mF1:25.5%) [97mU1:[93m13.6%[97m([91m1.3c[97m) [97mU2:[93m96.2%[97m([91m33.2c[97m) [97mR:[93m88.6%[97m([91m40.6c[97m) [97mS-L: [92m0:[96m24% [92m1:[96m33%[39m [39m
2026-07-25 16:05:23,645 - Agent - INFO - [37mTest Epoch 1 step 1 with [31mce_loss_combined : 0.645278 [31mce_loss_c : 0.918382 [31mce_loss_g : 0.653197 [31mkl_synergy_rand_1 : 0.024982 [31mkl_synergy_rand_2 : 0.014504 [31mkl_synergy_1 : 0.028947 [31mkl_synergy_2 : 0.014375 [31mtotal : 0.728086 [31mdiag_kl_1 : 0.253533 [31mdiag_kl_2 : 0.162888 [94mAcc_combined: 71.79 [94mAcc_c: 44.61 [94mAcc_g: 72.89 [92mF1_combined: 72.10 [92mF1_c: 37.40 [92mF1_g: 73.16 [95mCEU_cue_audio: 0.2345 [95mCEU_cue_video: 0.8884 [95mCEU_synergy: 0.1776 [95mCEU_coexistence: 0.8980 [97mS:[93m17.8%[97m([91m2.3c[97m-[94mF1:15.1%) [97mU1:[93m23.5%[97m([91m2.8c[97m) [97mU2:[93m88.8%[97m([91m33.7c[97m) [97mR:[93m89.8%[97m([91m33.4c[97m) [97mS-L: [92m0:[96m24%[39m [39m
2026-07-25 16:05:24,069 - Agent - INFO - [37mModel saved successfully at: ./artifacts/models/multibench/mosi/vt/SynIB_RMask_U_foldREFABL_mosi_fold0_l0.1_perturbrandom_fillema_pmin0.3_refunimodal_anchor_lr0.0005_wd0.001_bs32.pth.tar[39m
2026-07-25 16:05:32,579 - Agent - INFO - [37mVal Epoch 2 step 2 with [31mce_loss_combined : 0.525841 [31mce_loss_c : 0.746531 [31mce_loss_g : 0.530706 [31mkl_synergy_rand_1 : 0.031372 [31mkl_synergy_rand_2 : 0.004824 [31mkl_synergy_1 : 0.040402 [31mkl_synergy_2 : 0.004884 [31mtotal : 0.607323 [31mdiag_kl_1 : 0.350931 [31mdiag_kl_2 : 0.066105 [94mAcc_combined: 76.64 [94mAcc_c: 50.66 [94mAcc_g: 77.73 [92mF1_combined: 77.09 [92mF1_c: 29.37 [92mF1_g: 77.92 [95mCEU_cue_audio: 0.0906 [95mCEU_cue_video: 0.9493 [95mCEU_synergy: 0.0438 [95mCEU_coexistence: 0.9333 [97mS:[93m4.3%[97m([91m0.4c[97m-[94mF1:4.2%) [97mU1:[93m9.1%[97m([91m0.9c[97m) [97mU2:[93m94.9%[97m([91m32.8c[97m) [97mR:[93m93.3%[97m([91m42.8c[97m) [97mS-L: [92m1:[96m17%[39m [39m
2026-07-25 16:05:41,076 - Agent - INFO - [37mVal Epoch 3 step 3 with [31mce_loss_combined : 0.525698 [31mce_loss_c : 0.714782 [31mce_loss_g : 0.560382 [31mkl_synergy_rand_1 : 0.026210 [31mkl_synergy_rand_2 : 0.006817 [31mkl_synergy_1 : 0.031818 [31mkl_synergy_2 : 0.007589 [31mtotal : 0.598132 [31mdiag_kl_1 : 0.289605 [31mdiag_kl_2 : 0.111868 [94mAcc_combined: 77.51 [94mAcc_c: 55.24 [94mAcc_g: 77.51 [92mF1_combined: 77.75 [92mF1_c: 41.26 [92mF1_g: 77.94 [95mCEU_cue_audio: 0.1363 [95mCEU_cue_video: 0.9368 [95mCEU_synergy: 0.1741 [95mCEU_coexistence: 0.9333 [97mS:[93m17.4%[97m([91m1.7c[97m-[94mF1:16.8%) [97mU1:[93m13.6%[97m([91m1.3c[97m) [97mU2:[93m93.7%[97m([91m32.3c[97m) [97mR:[93m93.3%[97m([91m42.8c[97m) [97mS-L: [92m0:[96m18% [92m1:[96m17%[39m [39m
2026-07-25 16:05:49,511 - Agent - INFO - [37mVal Epoch 4 step 4 with [31mce_loss_combined : 0.543789 [31mce_loss_c : 0.721247 [31mce_loss_g : 0.588160 [31mkl_synergy_rand_1 : 0.019546 [31mkl_synergy_rand_2 : 0.004474 [31mkl_synergy_1 : 0.029231 [31mkl_synergy_2 : 0.005068 [31mtotal : 0.602109 [31mdiag_kl_1 : 0.217367 [31mdiag_kl_2 : 0.088840 [94mAcc_combined: 76.42 [94mAcc_c: 54.37 [94mAcc_g: 75.11 [92mF1_combined: 76.62 [92mF1_c: 50.36 [92mF1_g: 75.74 [95mCEU_cue_audio: 0.0458 [95mCEU_cue_video: 0.9620 [95mCEU_synergy: 0.0867 [95mCEU_coexistence: 0.9239 [97mS:[93m8.7%[97m([91m0.9c[97m-[94mF1:8.7%) [97mU1:[93m4.5%[97m([91m0.4c[97m) [97mU2:[93m96.2%[97m([91m33.2c[97m) [97mR:[93m92.4%[97m([91m42.4c[97m) [97mS-L: [92m0:[96m6% [92m1:[96m17%[39m [39m
2026-07-25 16:05:57,859 - Agent - INFO - [37mVal Epoch 5 step 5 with [31mce_loss_combined : 0.640280 [31mce_loss_c : 0.689329 [31mce_loss_g : 0.708791 [31mkl_synergy_rand_1 : 0.029103 [31mkl_synergy_rand_2 : 0.011968 [31mkl_synergy_1 : 0.036007 [31mkl_synergy_2 : 0.013241 [31mtotal : 0.730599 [31mdiag_kl_1 : 0.358952 [31mdiag_kl_2 : 0.175129 [94mAcc_combined: 72.27 [94mAcc_c: 52.40 [94mAcc_g: 71.83 [92mF1_combined: 72.33 [92mF1_c: 29.22 [92mF1_g: 71.90 [95mCEU_cue_audio: 0.0906 [95mCEU_cue_video: 0.9748 [95mCEU_synergy: 0.1305 [95mCEU_coexistence: 0.8000 [97mS:[93m13.0%[97m([91m1.3c[97m-[94mF1:12.9%) [97mU1:[93m9.1%[97m([91m0.9c[97m) [97mU2:[93m97.5%[97m([91m33.6c[97m) [97mR:[93m80.0%[97m([91m36.7c[97m) [97mS-L: [92m0:[96m12% [92m1:[96m17%[39m [39m
2026-07-25 16:06:06,291 - Agent - INFO - [37mVal Epoch 6 step 6 with [31mce_loss_combined : 0.658504 [31mce_loss_c : 0.728798 [31mce_loss_g : 0.753018 [31mkl_synergy_rand_1 : 0.028042 [31mkl_synergy_rand_2 : 0.006391 [31mkl_synergy_1 : 0.039954 [31mkl_synergy_2 : 0.007036 [31mtotal : 0.739927 [31mdiag_kl_1 : 0.325328 [31mdiag_kl_2 : 0.169032 [94mAcc_combined: 75.55 [94mAcc_c: 52.18 [94mAcc_g: 74.67 [92mF1_combined: 75.55 [92mF1_c: 30.03 [92mF1_g: 74.67 [95mCEU_cue_audio: 0.0906 [95mCEU_cue_video: 0.9493 [95mCEU_synergy: 0.1741 [95mCEU_coexistence: 0.8761 [97mS:[93m17.4%[97m([91m1.7c[97m-[94mF1:16.8%) [97mU1:[93m9.1%[97m([91m0.9c[97m) [97mU2:[93m94.9%[97m([91m32.8c[97m) [97mR:[93m87.6%[97m([91m40.2c[97m) [97mS-L: [92m0:[96m18% [92m1:[96m17%[39m [39m
2026-07-25 16:06:14,561 - Agent - INFO - [37mVal Epoch 7 step 7 with [31mce_loss_combined : 0.611593 [31mce_loss_c : 0.700324 [31mce_loss_g : 0.696608 [31mkl_synergy_rand_1 : 0.028889 [31mkl_synergy_rand_2 : 0.005658 [31mkl_synergy_1 : 0.041222 [31mkl_synergy_2 : 0.006041 [31mtotal : 0.693403 [31mdiag_kl_1 : 0.304687 [31mdiag_kl_2 : 0.160458 [94mAcc_combined: 77.29 [94mAcc_c: 56.55 [94mAcc_g: 76.20 [92mF1_combined: 77.39 [92mF1_c: 47.49 [92mF1_g: 76.25 [95mCEU_cue_audio: 0.1363 [95mCEU_cue_video: 0.9493 [95mCEU_synergy: 0.1741 [95mCEU_coexistence: 0.9047 [97mS:[93m17.4%[97m([91m1.7c[97m-[94mF1:17.4%) [97mU1:[93m13.6%[97m([91m1.3c[97m) [97mU2:[93m94.9%[97m([91m32.8c[97m) [97mR:[93m90.5%[97m([91m41.5c[97m) [97mS-L: [92m0:[96m12% [92m1:[96m33%[39m [39m
2026-07-25 16:06:23,055 - Agent - INFO - [37mVal Epoch 8 step 8 with [31mce_loss_combined : 0.582417 [31mce_loss_c : 0.743253 [31mce_loss_g : 0.635263 [31mkl_synergy_rand_1 : 0.029366 [31mkl_synergy_rand_2 : 0.010689 [31mkl_synergy_1 : 0.038567 [31mkl_synergy_2 : 0.010895 [31mtotal : 0.671934 [31mdiag_kl_1 : 0.278866 [31mdiag_kl_2 : 0.110832 [94mAcc_combined: 75.55 [94mAcc_c: 54.59 [94mAcc_g: 75.33 [92mF1_combined: 75.65 [92mF1_c: 52.51 [92mF1_g: 75.38 [95mCEU_cue_audio: 0.0458 [95mCEU_cue_video: 0.9368 [95mCEU_synergy: 0.1305 [95mCEU_coexistence: 0.9047 [97mS:[93m13.0%[97m([91m1.3c[97m-[94mF1:12.9%) [97mU1:[93m4.5%[97m([91m0.4c[97m) [97mU2:[93m93.7%[97m([91m32.3c[97m) [97mR:[93m90.5%[97m([91m41.5c[97m) [97mS-L: [92m0:[96m12% [92m1:[96m17%[39m [39m
2026-07-25 16:06:31,449 - Agent - INFO - [37mVal Epoch 9 step 9 with [31mce_loss_combined : 0.636073 [31mce_loss_c : 0.766405 [31mce_loss_g : 0.714195 [31mkl_synergy_rand_1 : 0.024702 [31mkl_synergy_rand_2 : 0.010914 [31mkl_synergy_1 : 0.031481 [31mkl_synergy_2 : 0.010861 [31mtotal : 0.714030 [31mdiag_kl_1 : 0.241799 [31mdiag_kl_2 : 0.172573 [94mAcc_combined: 74.02 [94mAcc_c: 53.71 [94mAcc_g: 73.80 [92mF1_combined: 74.30 [92mF1_c: 53.51 [92mF1_g: 74.03 [95mCEU_cue_audio: 0.1363 [95mCEU_cue_video: 0.8988 [95mCEU_synergy: 0.1741 [95mCEU_coexistence: 0.8571 [97mS:[93m17.4%[97m([91m1.7c[97m-[94mF1:16.8%) [97mU1:[93m13.6%[97m([91m1.3c[97m) [97mU2:[93m89.9%[97m([91m31.0c[97m) [97mR:[93m85.7%[97m([91m39.3c[97m) [97mS-L: [92m0:[96m18% [92m1:[96m17%[39m [39m
2026-07-25 16:06:39,966 - Agent - INFO - [37mVal Epoch 10 step 10 with [31mce_loss_combined : 0.541757 [31mce_loss_c : 0.736457 [31mce_loss_g : 0.609087 [31mkl_synergy_rand_1 : 0.027552 [31mkl_synergy_rand_2 : 0.006324 [31mkl_synergy_1 : 0.032337 [31mkl_synergy_2 : 0.006823 [31mtotal : 0.614793 [31mdiag_kl_1 : 0.298427 [31mdiag_kl_2 : 0.084193 [94mAcc_combined: 75.55 [94mAcc_c: 54.59 [94mAcc_g: 75.11 [92mF1_combined: 75.65 [92mF1_c: 53.36 [92mF1_g: 75.32 [95mCEU_cue_audio: 0.0458 [95mCEU_cue_video: 0.9748 [95mCEU_synergy: 0.0867 [95mCEU_coexistence: 0.8857 [97mS:[93m8.7%[97m([91m0.9c[97m-[94mF1:8.7%) [97mU1:[93m4.5%[97m([91m0.4c[97m) [97mU2:[93m97.5%[97m([91m33.6c[97m) [97mR:[93m88.6%[97m([91m40.6c[97m) [97mS-L: [92m0:[96m6% [92m1:[96m17%[39m [39m
2026-07-25 16:06:48,339 - Agent - INFO - [37mVal Epoch 11 step 11 with [31mce_loss_combined : 0.586106 [31mce_loss_c : 0.699010 [31mce_loss_g : 0.643774 [31mkl_synergy_rand_1 : 0.028381 [31mkl_synergy_rand_2 : 0.006376 [31mkl_synergy_1 : 0.035061 [31mkl_synergy_2 : 0.006887 [31mtotal : 0.662810 [31mdiag_kl_1 : 0.321089 [31mdiag_kl_2 : 0.112005 [94mAcc_combined: 74.24 [94mAcc_c: 53.71 [94mAcc_g: 74.67 [92mF1_combined: 74.35 [92mF1_c: 52.89 [92mF1_g: 74.89 [95mCEU_cue_audio: 0.1363 [95mCEU_cue_video: 0.8988 [95mCEU_synergy: 0.0867 [95mCEU_coexistence: 0.9047 [97mS:[93m8.7%[97m([91m0.9c[97m-[94mF1:8.7%) [97mU1:[93m13.6%[97m([91m1.3c[97m) [97mU2:[93m89.9%[97m([91m31.0c[97m) [97mR:[93m90.5%[97m([91m41.5c[97m) [97mS-L: [92m0:[96m6% [92m1:[96m17%[39m [39m
2026-07-25 16:06:56,745 - Agent - INFO - [37mVal Epoch 12 step 12 with [31mce_loss_combined : 0.593823 [31mce_loss_c : 0.735937 [31mce_loss_g : 0.705910 [31mkl_synergy_rand_1 : 0.028543 [31mkl_synergy_rand_2 : 0.006890 [31mkl_synergy_1 : 0.034179 [31mkl_synergy_2 : 0.007336 [31mtotal : 0.670771 [31mdiag_kl_1 : 0.316509 [31mdiag_kl_2 : 0.162534 [94mAcc_combined: 75.55 [94mAcc_c: 54.37 [94mAcc_g: 75.76 [92mF1_combined: 75.44 [92mF1_c: 54.47 [92mF1_g: 75.82 [95mCEU_cue_audio: 0.1363 [95mCEU_cue_video: 0.9493 [95mCEU_synergy: 0.2171 [95mCEU_coexistence: 0.8571 [97mS:[93m21.7%[97m([91m2.2c[97m-[94mF1:20.4%) [97mU1:[93m13.6%[97m([91m1.3c[97m) [97mU2:[93m94.9%[97m([91m32.8c[97m) [97mR:[93m85.7%[97m([91m39.3c[97m) [97mS-L: [92m0:[96m24% [92m1:[96m17%[39m [39m
2026-07-25 16:07:05,221 - Agent - INFO - [37mVal Epoch 13 step 13 with [31mce_loss_combined : 0.547053 [31mce_loss_c : 0.780893 [31mce_loss_g : 0.592425 [31mkl_synergy_rand_1 : 0.026035 [31mkl_synergy_rand_2 : 0.013240 [31mkl_synergy_1 : 0.029495 [31mkl_synergy_2 : 0.013447 [31mtotal : 0.629270 [31mdiag_kl_1 : 0.309730 [31mdiag_kl_2 : 0.107546 [94mAcc_combined: 74.45 [94mAcc_c: 53.93 [94mAcc_g: 74.24 [92mF1_combined: 74.62 [92mF1_c: 53.63 [92mF1_g: 74.68 [95mCEU_cue_audio: 0.2271 [95mCEU_cue_video: 0.8733 [95mCEU_synergy: 0.0867 [95mCEU_coexistence: 0.8857 [97mS:[93m8.7%[97m([91m0.9c[97m-[94mF1:8.7%) [97mU1:[93m22.7%[97m([91m2.2c[97m) [97mU2:[93m87.3%[97m([91m30.1c[97m) [97mR:[93m88.6%[97m([91m40.6c[97m) [97mS-L: [92m0:[96m6% [92m1:[96m17%[39m [39m
2026-07-25 16:07:13,710 - Agent - INFO - [37mVal Epoch 14 step 14 with [31mce_loss_combined : 0.534032 [31mce_loss_c : 0.813588 [31mce_loss_g : 0.516205 [31mkl_synergy_rand_1 : 0.017758 [31mkl_synergy_rand_2 : 0.013700 [31mkl_synergy_1 : 0.020222 [31mkl_synergy_2 : 0.013945 [31mtotal : 0.599656 [31mdiag_kl_1 : 0.219197 [31mdiag_kl_2 : 0.135540 [94mAcc_combined: 70.96 [94mAcc_c: 55.02 [94mAcc_g: 75.98 [92mF1_combined: 71.64 [92mF1_c: 55.79 [92mF1_g: 76.19 [95mCEU_cue_audio: 0.2271 [95mCEU_cue_video: 0.7342 [95mCEU_synergy: 0.2171 [95mCEU_coexistence: 0.9239 [97mS:[93m21.7%[97m([91m2.2c[97m-[94mF1:20.4%) [97mU1:[93m22.7%[97m([91m2.2c[97m) [97mU2:[93m73.4%[97m([91m25.3c[97m) [97mR:[93m92.4%[97m([91m42.4c[97m) [97mS-L: [92m0:[96m24% [92m1:[96m17%[39m [39m
2026-07-25 16:07:22,202 - Agent - INFO - [37mVal Epoch 15 step 15 with [31mce_loss_combined : 0.561702 [31mce_loss_c : 0.679490 [31mce_loss_g : 0.658408 [31mkl_synergy_rand_1 : 0.024289 [31mkl_synergy_rand_2 : 0.005692 [31mkl_synergy_1 : 0.028480 [31mkl_synergy_2 : 0.006130 [31mtotal : 0.626293 [31mdiag_kl_1 : 0.286234 [31mdiag_kl_2 : 0.146967 [94mAcc_combined: 75.33 [94mAcc_c: 60.70 [94mAcc_g: 75.55 [92mF1_combined: 75.49 [92mF1_c: 58.72 [92mF1_g: 75.97 [95mCEU_cue_audio: 0.1363 [95mCEU_cue_video: 0.9368 [95mCEU_synergy: 0.2171 [95mCEU_coexistence: 0.8571 [97mS:[93m21.7%[97m([91m2.2c[97m-[94mF1:20.4%) [97mU1:[93m13.6%[97m([91m1.3c[97m) [97mU2:[93m93.7%[97m([91m32.3c[97m) [97mR:[93m85.7%[97m([91m39.3c[97m) [97mS-L: [92m0:[96m24% [92m1:[96m17%[39m [39m
2026-07-25 16:07:30,574 - Agent - INFO - [37mVal Epoch 16 step 16 with [31mce_loss_combined : 0.651780 [31mce_loss_c : 0.769627 [31mce_loss_g : 0.683972 [31mkl_synergy_rand_1 : 0.031347 [31mkl_synergy_rand_2 : 0.015329 [31mkl_synergy_1 : 0.032914 [31mkl_synergy_2 : 0.014286 [31mtotal : 0.745656 [31mdiag_kl_1 : 0.290977 [31mdiag_kl_2 : 0.230045 [94mAcc_combined: 78.17 [94mAcc_c: 58.08 [94mAcc_g: 78.60 [92mF1_combined: 78.45 [92mF1_c: 60.00 [92mF1_g: 78.88 [95mCEU_cue_audio: 0.3184 [95mCEU_cue_video: 0.9113 [95mCEU_synergy: 0.1741 [95mCEU_coexistence: 0.9239 [97mS:[93m17.4%[97m([91m1.7c[97m-[94mF1:17.4%) [97mU1:[93m31.8%[97m([91m3.1c[97m) [97mU2:[93m91.1%[97m([91m31.4c[97m) [97mR:[93m92.4%[97m([91m42.4c[97m) [97mS-L: [92m0:[96m12% [92m1:[96m33%[39m [39m
2026-07-25 16:07:39,081 - Evaluator - INFO - New best with syn_accuracy-
2026-07-25 16:07:39,081 - Agent - INFO - [37mVal Epoch 17 step 17 with [31mce_loss_combined : 0.543268 [31mce_loss_c : 0.694436 [31mce_loss_g : 0.646971 [31mkl_synergy_rand_1 : 0.027950 [31mkl_synergy_rand_2 : 0.010579 [31mkl_synergy_1 : 0.031006 [31mkl_synergy_2 : 0.011282 [31mtotal : 0.624084 [31mdiag_kl_1 : 0.344434 [31mdiag_kl_2 : 0.123731 [94mAcc_combined: 75.76 [94mAcc_c: 58.95 [94mAcc_g: 75.11 [92mF1_combined: 75.82 [92mF1_c: 61.48 [92mF1_g: 75.32 [95mCEU_cue_audio: 0.0000 [95mCEU_cue_video: 0.9748 [95mCEU_synergy: 0.3045 [95mCEU_coexistence: 0.8571 [97mS:[93m30.4%[97m([91m3.1c[97m-[94mF1:27.0%) [97mU1:[93m0.0%[97m([91m0.0c[97m) [97mU2:[93m97.5%[97m([91m33.6c[97m) [97mR:[93m85.7%[97m([91m39.3c[97m) [97mS-L: [92m0:[96m35% [92m1:[96m17%[39m [39m
2026-07-25 16:07:39,102 - Agent - INFO - [37mTest Epoch 17 step 17 with [31mce_loss_combined : 0.599781 [31mce_loss_c : 0.758696 [31mce_loss_g : 0.657416 [31mkl_synergy_rand_1 : 0.031370 [31mkl_synergy_rand_2 : 0.006859 [31mkl_synergy_1 : 0.035528 [31mkl_synergy_2 : 0.006904 [31mtotal : 0.680441 [31mdiag_kl_1 : 0.389243 [31mdiag_kl_2 : 0.164889 [94mAcc_combined: 76.02 [94mAcc_c: 56.27 [94mAcc_g: 76.09 [92mF1_combined: 76.14 [92mF1_c: 58.73 [92mF1_g: 76.33 [95mCEU_cue_audio: 0.1854 [95mCEU_cue_video: 0.9615 [95mCEU_synergy: 0.2553 [95mCEU_coexistence: 0.9099 [97mS:[93m25.6%[97m([91m3.4c[97m-[94mF1:21.3%) [97mU1:[93m18.5%[97m([91m2.2c[97m) [97mU2:[93m96.2%[97m([91m36.4c[97m) [97mR:[93m91.0%[97m([91m33.8c[97m) [97mS-L: [92m0:[96m33% [92m1:[96m4%[39m [39m
2026-07-25 16:07:39,804 - Agent - INFO - [37mModel saved successfully at: ./artifacts/models/multibench/mosi/vt/SynIB_RMask_U_foldREFABL_mosi_fold0_l0.1_perturbrandom_fillema_pmin0.3_refunimodal_anchor_lr0.0005_wd0.001_bs32.pth.tar[39m
2026-07-25 16:07:48,362 - Agent - INFO - [37mVal Epoch 18 step 18 with [31mce_loss_combined : 0.563973 [31mce_loss_c : 0.754718 [31mce_loss_g : 0.587297 [31mkl_synergy_rand_1 : 0.022783 [31mkl_synergy_rand_2 : 0.009193 [31mkl_synergy_1 : 0.024253 [31mkl_synergy_2 : 0.009060 [31mtotal : 0.629262 [31mdiag_kl_1 : 0.276087 [31mdiag_kl_2 : 0.106568 [94mAcc_combined: 76.20 [94mAcc_c: 59.83 [94mAcc_g: 76.20 [92mF1_combined: 76.36 [92mF1_c: 62.14 [92mF1_g: 76.46 [95mCEU_cue_audio: 0.0000 [95mCEU_cue_video: 0.9368 [95mCEU_synergy: 0.2171 [95mCEU_coexistence: 0.9239 [97mS:[93m21.7%[97m([91m2.2c[97m-[94mF1:20.4%) [97mU1:[93m0.0%[97m([91m0.0c[97m) [97mU2:[93m93.7%[97m([91m32.3c[97m) [97mR:[93m92.4%[97m([91m42.4c[97m) [97mS-L: [92m0:[96m24% [92m1:[96m17%[39m [39m
2026-07-25 16:07:56,832 - Agent - INFO - [37mVal Epoch 19 step 19 with [31mce_loss_combined : 0.556598 [31mce_loss_c : 0.728333 [31mce_loss_g : 0.611729 [31mkl_synergy_rand_1 : 0.024103 [31mkl_synergy_rand_2 : 0.005048 [31mkl_synergy_1 : 0.027248 [31mkl_synergy_2 : 0.005431 [31mtotal : 0.618428 [31mdiag_kl_1 : 0.268586 [31mdiag_kl_2 : 0.100607 [94mAcc_combined: 77.51 [94mAcc_c: 53.71 [94mAcc_g: 76.86 [92mF1_combined: 77.56 [92mF1_c: 57.43 [92mF1_g: 77.06 [95mCEU_cue_audio: 0.0906 [95mCEU_cue_video: 0.9368 [95mCEU_synergy: 0.1741 [95mCEU_coexistence: 0.9239 [97mS:[93m17.4%[97m([91m1.7c[97m-[94mF1:16.8%) [97mU1:[93m9.1%[97m([91m0.9c[97m) [97mU2:[93m93.7%[97m([91m32.3c[97m) [97mR:[93m92.4%[97m([91m42.4c[97m) [97mS-L: [92m0:[96m18% [92m1:[96m17%[39m [39m
2026-07-25 16:08:05,357 - Agent - INFO - [37mVal Epoch 20 step 20 with [31mce_loss_combined : 0.628736 [31mce_loss_c : 0.713290 [31mce_loss_g : 0.722301 [31mkl_synergy_rand_1 : 0.028738 [31mkl_synergy_rand_2 : 0.004419 [31mkl_synergy_1 : 0.029994 [31mkl_synergy_2 : 0.004465 [31mtotal : 0.696352 [31mdiag_kl_1 : 0.334425 [31mdiag_kl_2 : 0.150601 [94mAcc_combined: 75.76 [94mAcc_c: 57.86 [94mAcc_g: 75.76 [92mF1_combined: 75.92 [92mF1_c: 62.38 [92mF1_g: 75.92 [95mCEU_cue_audio: 0.0000 [95mCEU_cue_video: 0.9493 [95mCEU_synergy: 0.1741 [95mCEU_coexistence: 0.8953 [97mS:[93m17.4%[97m([91m1.7c[97m-[94mF1:16.8%) [97mU1:[93m0.0%[97m([91m0.0c[97m) [97mU2:[93m94.9%[97m([91m32.8c[97m) [97mR:[93m89.5%[97m([91m41.0c[97m) [97mS-L: [92m0:[96m18% [92m1:[96m17%[39m [39m
2026-07-25 16:08:13,752 - Agent - INFO - [37mVal Epoch 21 step 21 with [31mce_loss_combined : 0.678152 [31mce_loss_c : 0.796220 [31mce_loss_g : 0.750581 [31mkl_synergy_rand_1 : 0.025958 [31mkl_synergy_rand_2 : 0.004019 [31mkl_synergy_1 : 0.029997 [31mkl_synergy_2 : 0.004265 [31mtotal : 0.742391 [31mdiag_kl_1 : 0.305720 [31mdiag_kl_2 : 0.173840 [94mAcc_combined: 76.20 [94mAcc_c: 54.80 [94mAcc_g: 74.89 [92mF1_combined: 76.25 [92mF1_c: 58.85 [92mF1_g: 75.16 [95mCEU_cue_audio: 0.0458 [95mCEU_cue_video: 0.9493 [95mCEU_synergy: 0.1741 [95mCEU_coexistence: 0.9047 [97mS:[93m17.4%[97m([91m1.7c[97m-[94mF1:16.8%) [97mU1:[93m4.5%[97m([91m0.4c[97m) [97mU2:[93m94.9%[97m([91m32.8c[97m) [97mR:[93m90.5%[97m([91m41.5c[97m) [97mS-L: [92m0:[96m18% [92m1:[96m17%[39m [39m
2026-07-25 16:08:22,260 - Agent - INFO - [37mVal Epoch 22 step 22 with [31mce_loss_combined : 0.680301 [31mce_loss_c : 0.777924 [31mce_loss_g : 0.758281 [31mkl_synergy_rand_1 : 0.028801 [31mkl_synergy_rand_2 : 0.003195 [31mkl_synergy_1 : 0.030820 [31mkl_synergy_2 : 0.003603 [31mtotal : 0.746720 [31mdiag_kl_1 : 0.369175 [31mdiag_kl_2 : 0.173252 [94mAcc_combined: 75.11 [94mAcc_c: 55.02 [94mAcc_g: 74.67 [92mF1_combined: 75.11 [92mF1_c: 59.45 [92mF1_g: 74.89 [95mCEU_cue_audio: 0.0000 [95mCEU_cue_video: 0.9368 [95mCEU_synergy: 0.1741 [95mCEU_coexistence: 0.8953 [97mS:[93m17.4%[97m([91m1.7c[97m-[94mF1:16.8%) [97mU1:[93m0.0%[97m([91m0.0c[97m) [97mU2:[93m93.7%[97m([91m32.3c[97m) [97mR:[93m89.5%[97m([91m41.0c[97m) [97mS-L: [92m0:[96m18% [92m1:[96m17%[39m [39m
2026-07-25 16:08:30,716 - Agent - INFO - [37mVal Epoch 23 step 23 with [31mce_loss_combined : 0.689627 [31mce_loss_c : 0.788529 [31mce_loss_g : 0.771237 [31mkl_synergy_rand_1 : 0.029156 [31mkl_synergy_rand_2 : 0.003940 [31mkl_synergy_1 : 0.029424 [31mkl_synergy_2 : 0.004009 [31mtotal : 0.756156 [31mdiag_kl_1 : 0.378749 [31mdiag_kl_2 : 0.185215 [94mAcc_combined: 74.89 [94mAcc_c: 54.80 [94mAcc_g: 74.89 [92mF1_combined: 74.84 [92mF1_c: 58.68 [92mF1_g: 75.05 [95mCEU_cue_audio: 0.0000 [95mCEU_cue_video: 0.9368 [95mCEU_synergy: 0.1741 [95mCEU_coexistence: 0.8953 [97mS:[93m17.4%[97m([91m1.7c[97m-[94mF1:16.8%) [97mU1:[93m0.0%[97m([91m0.0c[97m) [97mU2:[93m93.7%[97m([91m32.3c[97m) [97mR:[93m89.5%[97m([91m41.0c[97m) [97mS-L: [92m0:[96m18% [92m1:[96m17%[39m [39m
2026-07-25 16:08:39,120 - Agent - INFO - [37mVal Epoch 24 step 24 with [31mce_loss_combined : 0.690358 [31mce_loss_c : 0.795039 [31mce_loss_g : 0.769479 [31mkl_synergy_rand_1 : 0.029138 [31mkl_synergy_rand_2 : 0.003684 [31mkl_synergy_1 : 0.029415 [31mkl_synergy_2 : 0.004122 [31mtotal : 0.756717 [31mdiag_kl_1 : 0.381748 [31mdiag_kl_2 : 0.182048 [94mAcc_combined: 75.55 [94mAcc_c: 54.59 [94mAcc_g: 74.89 [92mF1_combined: 75.55 [92mF1_c: 58.57 [92mF1_g: 75.05 [95mCEU_cue_audio: 0.0458 [95mCEU_cue_video: 0.9368 [95mCEU_synergy: 0.1741 [95mCEU_coexistence: 0.8953 [97mS:[93m17.4%[97m([91m1.7c[97m-[94mF1:16.8%) [97mU1:[93m4.5%[97m([91m0.4c[97m) [97mU2:[93m93.7%[97m([91m32.3c[97m) [97mR:[93m89.5%[97m([91m41.0c[97m) [97mS-L: [92m0:[96m18% [92m1:[96m17%[39m [39m
2026-07-25 16:08:47,514 - Agent - INFO - [37mVal Epoch 25 step 25 with [31mce_loss_combined : 0.682488 [31mce_loss_c : 0.807024 [31mce_loss_g : 0.754704 [31mkl_synergy_rand_1 : 0.026689 [31mkl_synergy_rand_2 : 0.004163 [31mkl_synergy_1 : 0.028832 [31mkl_synergy_2 : 0.004384 [31mtotal : 0.746555 [31mdiag_kl_1 : 0.356761 [31mdiag_kl_2 : 0.174214 [94mAcc_combined: 74.67 [94mAcc_c: 54.59 [94mAcc_g: 74.45 [92mF1_combined: 74.78 [92mF1_c: 59.38 [92mF1_g: 74.51 [95mCEU_cue_audio: 0.0000 [95mCEU_cue_video: 0.9493 [95mCEU_synergy: 0.2171 [95mCEU_coexistence: 0.8761 [97mS:[93m21.7%[97m([91m2.2c[97m-[94mF1:20.4%) [97mU1:[93m0.0%[97m([91m0.0c[97m) [97mU2:[93m94.9%[97m([91m32.8c[97m) [97mR:[93m87.6%[97m([91m40.2c[97m) [97mS-L: [92m0:[96m24% [92m1:[96m17%[39m [39m
2026-07-25 16:08:55,950 - Agent - INFO - [37mVal Epoch 26 step 26 with [31mce_loss_combined : 0.680018 [31mce_loss_c : 0.824879 [31mce_loss_g : 0.724423 [31mkl_synergy_rand_1 : 0.037025 [31mkl_synergy_rand_2 : 0.005042 [31mkl_synergy_1 : 0.037465 [31mkl_synergy_2 : 0.005244 [31mtotal : 0.764795 [31mdiag_kl_1 : 0.479232 [31mdiag_kl_2 : 0.189202 [94mAcc_combined: 74.67 [94mAcc_c: 51.75 [94mAcc_g: 75.55 [92mF1_combined: 74.78 [92mF1_c: 56.24 [92mF1_g: 75.65 [95mCEU_cue_audio: 0.0000 [95mCEU_cue_video: 0.9493 [95mCEU_synergy: 0.2610 [95mCEU_coexistence: 0.8571 [97mS:[93m26.1%[97m([91m2.6c[97m-[94mF1:23.8%) [97mU1:[93m0.0%[97m([91m0.0c[97m) [97mU2:[93m94.9%[97m([91m32.8c[97m) [97mR:[93m85.7%[97m([91m39.3c[97m) [97mS-L: [92m0:[96m29% [92m1:[96m17%[39m [39m
2026-07-25 16:09:04,475 - Agent - INFO - [37mVal Epoch 27 step 27 with [31mce_loss_combined : 0.587120 [31mce_loss_c : 0.750076 [31mce_loss_g : 0.641368 [31mkl_synergy_rand_1 : 0.026891 [31mkl_synergy_rand_2 : 0.022932 [31mkl_synergy_1 : 0.028383 [31mkl_synergy_2 : 0.023824 [31mtotal : 0.689149 [31mdiag_kl_1 : 0.390083 [31mdiag_kl_2 : 0.152427 [94mAcc_combined: 72.27 [94mAcc_c: 58.95 [94mAcc_g: 74.89 [92mF1_combined: 71.20 [92mF1_c: 62.70 [92mF1_g: 75.16 [95mCEU_cue_audio: 0.0906 [95mCEU_cue_video: 0.9241 [95mCEU_synergy: 0.2171 [95mCEU_coexistence: 0.8382 [97mS:[93m21.7%[97m([91m2.2c[97m-[94mF1:17.9%) [97mU1:[93m9.1%[97m([91m0.9c[97m) [97mU2:[93m92.4%[97m([91m31.9c[97m) [97mR:[93m83.8%[97m([91m38.4c[97m) [97mS-L: [92m0:[96m29%[39m [39m
2026-07-25 16:09:12,944 - Agent - INFO - [37mVal Epoch 28 step 28 with [31mce_loss_combined : 0.594735 [31mce_loss_c : 0.725316 [31mce_loss_g : 0.695706 [31mkl_synergy_rand_1 : 0.025265 [31mkl_synergy_rand_2 : 0.012108 [31mkl_synergy_1 : 0.026659 [31mkl_synergy_2 : 0.011462 [31mtotal : 0.670230 [31mdiag_kl_1 : 0.297950 [31mdiag_kl_2 : 0.133549 [94mAcc_combined: 74.89 [94mAcc_c: 56.33 [94mAcc_g: 74.89 [92mF1_combined: 74.95 [92mF1_c: 63.90 [92mF1_g: 75.27 [95mCEU_cue_audio: 0.1821 [95mCEU_cue_video: 0.8861 [95mCEU_synergy: 0.0867 [95mCEU_coexistence: 0.9143 [97mS:[93m8.7%[97m([91m0.9c[97m-[94mF1:8.7%) [97mU1:[93m18.2%[97m([91m1.7c[97m) [97mU2:[93m88.6%[97m([91m30.6c[97m) [97mR:[93m91.4%[97m([91m41.9c[97m) [97mS-L: [92m0:[96m6% [92m1:[96m17%[39m [39m
2026-07-25 16:09:21,480 - Agent - INFO - [37mVal Epoch 29 step 29 with [31mce_loss_combined : 0.566750 [31mce_loss_c : 0.788800 [31mce_loss_g : 0.563035 [31mkl_synergy_rand_1 : 0.025760 [31mkl_synergy_rand_2 : 0.010166 [31mkl_synergy_1 : 0.023197 [31mkl_synergy_2 : 0.009387 [31mtotal : 0.635260 [31mdiag_kl_1 : 0.321139 [31mdiag_kl_2 : 0.113455 [94mAcc_combined: 76.86 [94mAcc_c: 53.28 [94mAcc_g: 76.86 [92mF1_combined: 76.65 [92mF1_c: 61.09 [92mF1_g: 76.86 [95mCEU_cue_audio: 0.0458 [95mCEU_cue_video: 0.8988 [95mCEU_synergy: 0.2171 [95mCEU_coexistence: 0.9239 [97mS:[93m21.7%[97m([91m2.2c[97m-[94mF1:21.6%) [97mU1:[93m4.5%[97m([91m0.4c[97m) [97mU2:[93m89.9%[97m([91m31.0c[97m) [97mR:[93m92.4%[97m([91m42.4c[97m) [97mS-L: [92m0:[96m18% [92m1:[96m33%[39m [39m
2026-07-25 16:09:29,913 - Agent - INFO - [37mVal Epoch 30 step 30 with [31mce_loss_combined : 0.649423 [31mce_loss_c : 0.877642 [31mce_loss_g : 0.668105 [31mkl_synergy_rand_1 : 0.029159 [31mkl_synergy_rand_2 : 0.010038 [31mkl_synergy_1 : 0.031119 [31mkl_synergy_2 : 0.009421 [31mtotal : 0.729160 [31mdiag_kl_1 : 0.298818 [31mdiag_kl_2 : 0.181322 [94mAcc_combined: 76.86 [94mAcc_c: 53.06 [94mAcc_g: 76.42 [92mF1_combined: 76.75 [92mF1_c: 56.39 [92mF1_g: 76.42 [95mCEU_cue_audio: 0.1821 [95mCEU_cue_video: 0.9241 [95mCEU_synergy: 0.2171 [95mCEU_coexistence: 0.9047 [97mS:[93m21.7%[97m([91m2.2c[97m-[94mF1:20.4%) [97mU1:[93m18.2%[97m([91m1.7c[97m) [97mU2:[93m92.4%[97m([91m31.9c[97m) [97mR:[93m90.5%[97m([91m41.5c[97m) [97mS-L: [92m0:[96m24% [92m1:[96m17%[39m [39m
2026-07-25 16:09:38,400 - Agent - INFO - [37mVal Epoch 31 step 31 with [31mce_loss_combined : 0.617968 [31mce_loss_c : 0.815836 [31mce_loss_g : 0.673706 [31mkl_synergy_rand_1 : 0.025514 [31mkl_synergy_rand_2 : 0.008952 [31mkl_synergy_1 : 0.024985 [31mkl_synergy_2 : 0.009032 [31mtotal : 0.686452 [31mdiag_kl_1 : 0.279286 [31mdiag_kl_2 : 0.184638 [94mAcc_combined: 77.73 [94mAcc_c: 54.59 [94mAcc_g: 77.95 [92mF1_combined: 77.73 [92mF1_c: 58.23 [92mF1_g: 77.90 [95mCEU_cue_audio: 0.0906 [95mCEU_cue_video: 0.9368 [95mCEU_synergy: 0.3045 [95mCEU_coexistence: 0.9047 [97mS:[93m30.4%[97m([91m3.1c[97m-[94mF1:27.0%) [97mU1:[93m9.1%[97m([91m0.9c[97m) [97mU2:[93m93.7%[97m([91m32.3c[97m) [97mR:[93m90.5%[97m([91m41.5c[97m) [97mS-L: [92m0:[96m35% [92m1:[96m17%[39m [39m
2026-07-25 16:09:46,912 - Agent - INFO - [37mVal Epoch 32 step 32 with [31mce_loss_combined : 0.572114 [31mce_loss_c : 0.713302 [31mce_loss_g : 0.674115 [31mkl_synergy_rand_1 : 0.024998 [31mkl_synergy_rand_2 : 0.006251 [31mkl_synergy_1 : 0.022508 [31mkl_synergy_2 : 0.006913 [31mtotal : 0.632782 [31mdiag_kl_1 : 0.300588 [31mdiag_kl_2 : 0.158745 [94mAcc_combined: 77.29 [94mAcc_c: 57.21 [94mAcc_g: 78.17 [92mF1_combined: 77.29 [92mF1_c: 63.84 [92mF1_g: 78.26 [95mCEU_cue_audio: 0.0906 [95mCEU_cue_video: 0.9368 [95mCEU_synergy: 0.2610 [95mCEU_coexistence: 0.9047 [97mS:[93m26.1%[97m([91m2.6c[97m-[94mF1:23.8%) [97mU1:[93m9.1%[97m([91m0.9c[97m) [97mU2:[93m93.7%[97m([91m32.3c[97m) [97mR:[93m90.5%[97m([91m41.5c[97m) [97mS-L: [92m0:[96m29% [92m1:[96m17%[39m [39m
2026-07-25 16:09:55,403 - Agent - INFO - [37mVal Epoch 33 step 33 with [31mce_loss_combined : 0.611609 [31mce_loss_c : 0.714357 [31mce_loss_g : 0.721213 [31mkl_synergy_rand_1 : 0.030505 [31mkl_synergy_rand_2 : 0.007936 [31mkl_synergy_1 : 0.030052 [31mkl_synergy_2 : 0.007822 [31mtotal : 0.687924 [31mdiag_kl_1 : 0.327861 [31mdiag_kl_2 : 0.180795 [94mAcc_combined: 77.07 [94mAcc_c: 55.90 [94mAcc_g: 77.51 [92mF1_combined: 77.12 [92mF1_c: 64.18 [92mF1_g: 77.56 [95mCEU_cue_audio: 0.1363 [95mCEU_cue_video: 0.8988 [95mCEU_synergy: 0.2610 [95mCEU_coexistence: 0.9143 [97mS:[93m26.1%[97m([91m2.6c[97m-[94mF1:25.5%) [97mU1:[93m13.6%[97m([91m1.3c[97m) [97mU2:[93m89.9%[97m([91m31.0c[97m) [97mR:[93m91.4%[97m([91m41.9c[97m) [97mS-L: [92m0:[96m24% [92m1:[96m33%[39m [39m
2026-07-25 16:10:03,869 - Agent - INFO - [37mVal Epoch 34 step 34 with [31mce_loss_combined : 0.668950 [31mce_loss_c : 0.803397 [31mce_loss_g : 0.735485 [31mkl_synergy_rand_1 : 0.028383 [31mkl_synergy_rand_2 : 0.007760 [31mkl_synergy_1 : 0.030083 [31mkl_synergy_2 : 0.007807 [31mtotal : 0.742982 [31mdiag_kl_1 : 0.351715 [31mdiag_kl_2 : 0.220305 [94mAcc_combined: 76.20 [94mAcc_c: 53.49 [94mAcc_g: 75.55 [92mF1_combined: 76.36 [92mF1_c: 58.96 [92mF1_g: 75.55 [95mCEU_cue_audio: 0.0906 [95mCEU_cue_video: 0.9113 [95mCEU_synergy: 0.2610 [95mCEU_coexistence: 0.8953 [97mS:[93m26.1%[97m([91m2.6c[97m-[94mF1:25.5%) [97mU1:[93m9.1%[97m([91m0.9c[97m) [97mU2:[93m91.1%[97m([91m31.4c[97m) [97mR:[93m89.5%[97m([91m41.0c[97m) [97mS-L: [92m0:[96m24% [92m1:[96m33%[39m [39m
2026-07-25 16:10:12,399 - Agent - INFO - [37mVal Epoch 35 step 35 with [31mce_loss_combined : 0.652589 [31mce_loss_c : 0.789414 [31mce_loss_g : 0.759146 [31mkl_synergy_rand_1 : 0.030288 [31mkl_synergy_rand_2 : 0.006339 [31mkl_synergy_1 : 0.028451 [31mkl_synergy_2 : 0.006790 [31mtotal : 0.724456 [31mdiag_kl_1 : 0.414638 [31mdiag_kl_2 : 0.186597 [94mAcc_combined: 75.98 [94mAcc_c: 56.77 [94mAcc_g: 75.76 [92mF1_combined: 75.98 [92mF1_c: 61.18 [92mF1_g: 75.82 [95mCEU_cue_audio: 0.0000 [95mCEU_cue_video: 0.9368 [95mCEU_synergy: 0.2610 [95mCEU_coexistence: 0.8953 [97mS:[93m26.1%[97m([91m2.6c[97m-[94mF1:23.8%) [97mU1:[93m0.0%[97m([91m0.0c[97m) [97mU2:[93m93.7%[97m([91m32.3c[97m) [97mR:[93m89.5%[97m([91m41.0c[97m) [97mS-L: [92m0:[96m29% [92m1:[96m17%[39m [39m
2026-07-25 16:10:20,897 - Agent - INFO - [37mVal Epoch 36 step 36 with [31mce_loss_combined : 0.571832 [31mce_loss_c : 0.735193 [31mce_loss_g : 0.673575 [31mkl_synergy_rand_1 : 0.031036 [31mkl_synergy_rand_2 : 0.006724 [31mkl_synergy_1 : 0.031117 [31mkl_synergy_2 : 0.006706 [31mtotal : 0.647416 [31mdiag_kl_1 : 0.341651 [31mdiag_kl_2 : 0.135620 [94mAcc_combined: 76.20 [94mAcc_c: 56.99 [94mAcc_g: 76.20 [92mF1_combined: 76.25 [92mF1_c: 62.76 [92mF1_g: 76.15 [95mCEU_cue_audio: 0.0458 [95mCEU_cue_video: 0.9493 [95mCEU_synergy: 0.2610 [95mCEU_coexistence: 0.8857 [97mS:[93m26.1%[97m([91m2.6c[97m-[94mF1:23.8%) [97mU1:[93m4.5%[97m([91m0.4c[97m) [97mU2:[93m94.9%[97m([91m32.8c[97m) [97mR:[93m88.6%[97m([91m40.6c[97m) [97mS-L: [92m0:[96m29% [92m1:[96m17%[39m [39m
2026-07-25 16:10:29,413 - Evaluator - INFO - New best with syn_accuracy-
2026-07-25 16:10:29,414 - Agent - INFO - [37mVal Epoch 37 step 37 with [31mce_loss_combined : 0.552933 [31mce_loss_c : 0.731651 [31mce_loss_g : 0.626529 [31mkl_synergy_rand_1 : 0.023239 [31mkl_synergy_rand_2 : 0.007428 [31mkl_synergy_1 : 0.026602 [31mkl_synergy_2 : 0.008011 [31mtotal : 0.618213 [31mdiag_kl_1 : 0.371204 [31mdiag_kl_2 : 0.143751 [94mAcc_combined: 76.86 [94mAcc_c: 58.08 [94mAcc_g: 77.29 [92mF1_combined: 76.86 [92mF1_c: 63.64 [92mF1_g: 77.49 [95mCEU_cue_audio: 0.0458 [95mCEU_cue_video: 0.9493 [95mCEU_synergy: 0.3476 [95mCEU_coexistence: 0.8857 [97mS:[93m34.8%[97m([91m3.5c[97m-[94mF1:30.0%) [97mU1:[93m4.5%[97m([91m0.4c[97m) [97mU2:[93m94.9%[97m([91m32.8c[97m) [97mR:[93m88.6%[97m([91m40.6c[97m) [97mS-L: [92m0:[96m41% [92m1:[96m17%[39m [39m
2026-07-25 16:10:29,434 - Agent - INFO - [37mTest Epoch 37 step 37 with [31mce_loss_combined : 0.666973 [31mce_loss_c : 0.847083 [31mce_loss_g : 0.680692 [31mkl_synergy_rand_1 : 0.030931 [31mkl_synergy_rand_2 : 0.007703 [31mkl_synergy_1 : 0.029020 [31mkl_synergy_2 : 0.008022 [31mtotal : 0.742649 [31mdiag_kl_1 : 0.446863 [31mdiag_kl_2 : 0.187977 [94mAcc_combined: 74.56 [94mAcc_c: 50.51 [94mAcc_g: 74.93 [92mF1_combined: 74.58 [92mF1_c: 57.85 [92mF1_g: 75.04 [95mCEU_cue_audio: 0.1854 [95mCEU_cue_video: 0.9193 [95mCEU_synergy: 0.3003 [95mCEU_coexistence: 0.9058 [97mS:[93m30.0%[97m([91m3.9c[97m-[94mF1:26.0%) [97mU1:[93m18.5%[97m([91m2.2c[97m) [97mU2:[93m91.9%[97m([91m34.8c[97m) [97mR:[93m90.6%[97m([91m33.7c[97m) [97mS-L: [92m0:[96m36% [92m1:[96m12%[39m [39m
2026-07-25 16:10:30,358 - Agent - INFO - [37mModel saved successfully at: ./artifacts/models/multibench/mosi/vt/SynIB_RMask_U_foldREFABL_mosi_fold0_l0.1_perturbrandom_fillema_pmin0.3_refunimodal_anchor_lr0.0005_wd0.001_bs32.pth.tar[39m
2026-07-25 16:10:38,991 - Agent - INFO - [37mVal Epoch 38 step 38 with [31mce_loss_combined : 0.619489 [31mce_loss_c : 0.798162 [31mce_loss_g : 0.705694 [31mkl_synergy_rand_1 : 0.027537 [31mkl_synergy_rand_2 : 0.006711 [31mkl_synergy_1 : 0.026355 [31mkl_synergy_2 : 0.006709 [31mtotal : 0.686801 [31mdiag_kl_1 : 0.312858 [31mdiag_kl_2 : 0.166747 [94mAcc_combined: 73.58 [94mAcc_c: 56.33 [94mAcc_g: 75.76 [92mF1_combined: 73.29 [92mF1_c: 60.78 [92mF1_g: 75.82 [95mCEU_cue_audio: 0.0458 [95mCEU_cue_video: 0.8988 [95mCEU_synergy: 0.2610 [95mCEU_coexistence: 0.8761 [97mS:[93m26.1%[97m([91m2.6c[97m-[94mF1:23.8%) [97mU1:[93m4.5%[97m([91m0.4c[97m) [97mU2:[93m89.9%[97m([91m31.0c[97m) [97mR:[93m87.6%[97m([91m40.2c[97m) [97mS-L: [92m0:[96m29% [92m1:[96m17%[39m [39m
2026-07-25 16:10:47,490 - Agent - INFO - [37mVal Epoch 39 step 39 with [31mce_loss_combined : 0.603527 [31mce_loss_c : 0.819260 [31mce_loss_g : 0.705520 [31mkl_synergy_rand_1 : 0.025805 [31mkl_synergy_rand_2 : 0.008182 [31mkl_synergy_1 : 0.025405 [31mkl_synergy_2 : 0.008188 [31mtotal : 0.671107 [31mdiag_kl_1 : 0.359485 [31mdiag_kl_2 : 0.173767 [94mAcc_combined: 75.11 [94mAcc_c: 55.90 [94mAcc_g: 77.07 [92mF1_combined: 74.67 [92mF1_c: 59.92 [92mF1_g: 77.12 [95mCEU_cue_audio: 0.0906 [95mCEU_cue_video: 0.9113 [95mCEU_synergy: 0.2610 [95mCEU_coexistence: 0.9143 [97mS:[93m26.1%[97m([91m2.6c[97m-[94mF1:23.8%) [97mU1:[93m9.1%[97m([91m0.9c[97m) [97mU2:[93m91.1%[97m([91m31.4c[97m) [97mR:[93m91.4%[97m([91m41.9c[97m) [97mS-L: [92m0:[96m29% [92m1:[96m17%[39m [39m
2026-07-25 16:10:55,993 - Agent - INFO - [37mVal Epoch 40 step 40 with [31mce_loss_combined : 0.665967 [31mce_loss_c : 0.828624 [31mce_loss_g : 0.740655 [31mkl_synergy_rand_1 : 0.032329 [31mkl_synergy_rand_2 : 0.006589 [31mkl_synergy_1 : 0.028597 [31mkl_synergy_2 : 0.006519 [31mtotal : 0.740000 [31mdiag_kl_1 : 0.380822 [31mdiag_kl_2 : 0.195934 [94mAcc_combined: 74.24 [94mAcc_c: 55.46 [94mAcc_g: 74.89 [92mF1_combined: 74.24 [92mF1_c: 60.62 [92mF1_g: 74.95 [95mCEU_cue_audio: 0.0458 [95mCEU_cue_video: 0.9241 [95mCEU_synergy: 0.2610 [95mCEU_coexistence: 0.8571 [97mS:[93m26.1%[97m([91m2.6c[97m-[94mF1:23.8%) [97mU1:[93m4.5%[97m([91m0.4c[97m) [97mU2:[93m92.4%[97m([91m31.9c[97m) [97mR:[93m85.7%[97m([91m39.3c[97m) [97mS-L: [92m0:[96m29% [92m1:[96m17%[39m [39m
2026-07-25 16:11:04,559 - Agent - INFO - [37mVal Epoch 41 step 41 with [31mce_loss_combined : 0.643089 [31mce_loss_c : 0.813588 [31mce_loss_g : 0.743567 [31mkl_synergy_rand_1 : 0.030275 [31mkl_synergy_rand_2 : 0.007451 [31mkl_synergy_1 : 0.030095 [31mkl_synergy_2 : 0.007469 [31mtotal : 0.718379 [31mdiag_kl_1 : 0.395009 [31mdiag_kl_2 : 0.190779 [94mAcc_combined: 76.42 [94mAcc_c: 54.59 [94mAcc_g: 76.86 [92mF1_combined: 76.42 [92mF1_c: 60.00 [92mF1_g: 76.96 [95mCEU_cue_audio: 0.1363 [95mCEU_cue_video: 0.9113 [95mCEU_synergy: 0.2610 [95mCEU_coexistence: 0.9047 [97mS:[93m26.1%[97m([91m2.6c[97m-[94mF1:23.8%) [97mU1:[93m13.6%[97m([91m1.3c[97m) [97mU2:[93m91.1%[97m([91m31.4c[97m) [97mR:[93m90.5%[97m([91m41.5c[97m) [97mS-L: [92m0:[96m29% [92m1:[96m17%[39m [39m
2026-07-25 16:11:13,072 - Agent - INFO - [37mVal Epoch 42 step 42 with [31mce_loss_combined : 0.691509 [31mce_loss_c : 0.910842 [31mce_loss_g : 0.741788 [31mkl_synergy_rand_1 : 0.030564 [31mkl_synergy_rand_2 : 0.007022 [31mkl_synergy_1 : 0.029642 [31mkl_synergy_2 : 0.007102 [31mtotal : 0.765839 [31mdiag_kl_1 : 0.491666 [31mdiag_kl_2 : 0.200210 [94mAcc_combined: 72.93 [94mAcc_c: 52.40 [94mAcc_g: 75.76 [92mF1_combined: 72.32 [92mF1_c: 55.69 [92mF1_g: 75.82 [95mCEU_cue_audio: 0.0000 [95mCEU_cue_video: 0.9241 [95mCEU_synergy: 0.2610 [95mCEU_coexistence: 0.8761 [97mS:[93m26.1%[97m([91m2.6c[97m-[94mF1:23.8%) [97mU1:[93m0.0%[97m([91m0.0c[97m) [97mU2:[93m92.4%[97m([91m31.9c[97m) [97mR:[93m87.6%[97m([91m40.2c[97m) [97mS-L: [92m0:[96m29% [92m1:[96m17%[39m [39m
2026-07-25 16:11:21,623 - Agent - INFO - [37mVal Epoch 43 step 43 with [31mce_loss_combined : 0.635043 [31mce_loss_c : 0.815257 [31mce_loss_g : 0.715365 [31mkl_synergy_rand_1 : 0.027199 [31mkl_synergy_rand_2 : 0.008313 [31mkl_synergy_1 : 0.027311 [31mkl_synergy_2 : 0.008571 [31mtotal : 0.706437 [31mdiag_kl_1 : 0.392215 [31mdiag_kl_2 : 0.172430 [94mAcc_combined: 73.80 [94mAcc_c: 55.68 [94mAcc_g: 76.20 [92mF1_combined: 72.97 [92mF1_c: 59.80 [92mF1_g: 76.25 [95mCEU_cue_audio: 0.0000 [95mCEU_cue_video: 0.8481 [95mCEU_synergy: 0.2610 [95mCEU_coexistence: 0.8857 [97mS:[93m26.1%[97m([91m2.6c[97m-[94mF1:23.8%) [97mU1:[93m0.0%[97m([91m0.0c[97m) [97mU2:[93m84.8%[97m([91m29.3c[97m) [97mR:[93m88.6%[97m([91m40.6c[97m) [97mS-L: [92m0:[96m29% [92m1:[96m17%[39m [39m
2026-07-25 16:11:30,154 - Agent - INFO - [37mVal Epoch 44 step 44 with [31mce_loss_combined : 0.637956 [31mce_loss_c : 0.825315 [31mce_loss_g : 0.736210 [31mkl_synergy_rand_1 : 0.026240 [31mkl_synergy_rand_2 : 0.006662 [31mkl_synergy_1 : 0.027573 [31mkl_synergy_2 : 0.006646 [31mtotal : 0.705077 [31mdiag_kl_1 : 0.370289 [31mdiag_kl_2 : 0.186402 [94mAcc_combined: 71.62 [94mAcc_c: 55.02 [94mAcc_g: 77.29 [92mF1_combined: 70.85 [92mF1_c: 59.13 [92mF1_g: 77.29 [95mCEU_cue_audio: 0.2726 [95mCEU_cue_video: 0.7342 [95mCEU_synergy: 0.2610 [95mCEU_coexistence: 0.9047 [97mS:[93m26.1%[97m([91m2.6c[97m-[94mF1:23.8%) [97mU1:[93m27.3%[97m([91m2.6c[97m) [97mU2:[93m73.4%[97m([91m25.3c[97m) [97mR:[93m90.5%[97m([91m41.5c[97m) [97mS-L: [92m0:[96m29% [92m1:[96m17%[39m [39m
2026-07-25 16:11:38,703 - Agent - INFO - [37mVal Epoch 45 step 45 with [31mce_loss_combined : 0.648926 [31mce_loss_c : 0.852522 [31mce_loss_g : 0.737569 [31mkl_synergy_rand_1 : 0.029913 [31mkl_synergy_rand_2 : 0.006276 [31mkl_synergy_1 : 0.026762 [31mkl_synergy_2 : 0.007190 [31mtotal : 0.719068 [31mdiag_kl_1 : 0.424159 [31mdiag_kl_2 : 0.190793 [94mAcc_combined: 70.96 [94mAcc_c: 54.15 [94mAcc_g: 77.29 [92mF1_combined: 70.25 [92mF1_c: 58.17 [92mF1_g: 77.29 [95mCEU_cue_audio: 0.2271 [95mCEU_cue_video: 0.7469 [95mCEU_synergy: 0.2610 [95mCEU_coexistence: 0.8953 [97mS:[93m26.1%[97m([91m2.6c[97m-[94mF1:23.8%) [97mU1:[93m22.7%[97m([91m2.2c[97m) [97mU2:[93m74.7%[97m([91m25.8c[97m) [97mR:[93m89.5%[97m([91m41.0c[97m) [97mS-L: [92m0:[96m29% [92m1:[96m17%[39m [39m
2026-07-25 16:11:47,192 - Agent - INFO - [37mVal Epoch 46 step 46 with [31mce_loss_combined : 0.647839 [31mce_loss_c : 0.860521 [31mce_loss_g : 0.723524 [31mkl_synergy_rand_1 : 0.025823 [31mkl_synergy_rand_2 : 0.006464 [31mkl_synergy_1 : 0.026002 [31mkl_synergy_2 : 0.007642 [31mtotal : 0.713772 [31mdiag_kl_1 : 0.437683 [31mdiag_kl_2 : 0.190982 [94mAcc_combined: 69.21 [94mAcc_c: 54.15 [94mAcc_g: 76.86 [92mF1_combined: 68.31 [92mF1_c: 57.66 [92mF1_g: 76.96 [95mCEU_cue_audio: 0.1821 [95mCEU_cue_video: 0.7469 [95mCEU_synergy: 0.2610 [95mCEU_coexistence: 0.8761 [97mS:[93m26.1%[97m([91m2.6c[97m-[94mF1:23.8%) [97mU1:[93m18.2%[97m([91m1.7c[97m) [97mU2:[93m74.7%[97m([91m25.8c[97m) [97mR:[93m87.6%[97m([91m40.2c[97m) [97mS-L: [92m0:[96m29% [92m1:[96m17%[39m [39m
2026-07-25 16:11:55,757 - Agent - INFO - [37mVal Epoch 47 step 47 with [31mce_loss_combined : 0.646991 [31mce_loss_c : 0.860888 [31mce_loss_g : 0.729233 [31mkl_synergy_rand_1 : 0.026375 [31mkl_synergy_rand_2 : 0.006559 [31mkl_synergy_1 : 0.027079 [31mkl_synergy_2 : 0.007486 [31mtotal : 0.714490 [31mdiag_kl_1 : 0.408250 [31mdiag_kl_2 : 0.189144 [94mAcc_combined: 69.87 [94mAcc_c: 54.15 [94mAcc_g: 76.86 [92mF1_combined: 69.06 [92mF1_c: 57.83 [92mF1_g: 76.86 [95mCEU_cue_audio: 0.1821 [95mCEU_cue_video: 0.7214 [95mCEU_synergy: 0.2610 [95mCEU_coexistence: 0.9047 [97mS:[93m26.1%[97m([91m2.6c[97m-[94mF1:23.8%) [97mU1:[93m18.2%[97m([91m1.7c[97m) [97mU2:[93m72.2%[97m([91m24.9c[97m) [97mR:[93m90.5%[97m([91m41.5c[97m) [97mS-L: [92m0:[96m29% [92m1:[96m17%[39m [39m
2026-07-25 16:12:04,320 - Agent - INFO - [37mVal Epoch 48 step 48 with [31mce_loss_combined : 0.645573 [31mce_loss_c : 0.853799 [31mce_loss_g : 0.730862 [31mkl_synergy_rand_1 : 0.025962 [31mkl_synergy_rand_2 : 0.006597 [31mkl_synergy_1 : 0.027020 [31mkl_synergy_2 : 0.007033 [31mtotal : 0.712185 [31mdiag_kl_1 : 0.390236 [31mdiag_kl_2 : 0.181676 [94mAcc_combined: 69.87 [94mAcc_c: 53.71 [94mAcc_g: 76.86 [92mF1_combined: 69.06 [92mF1_c: 57.26 [92mF1_g: 76.86 [95mCEU_cue_audio: 0.1821 [95mCEU_cue_video: 0.7214 [95mCEU_synergy: 0.2610 [95mCEU_coexistence: 0.9047 [97mS:[93m26.1%[97m([91m2.6c[97m-[94mF1:23.8%) [97mU1:[93m18.2%[97m([91m1.7c[97m) [97mU2:[93m72.2%[97m([91m24.9c[97m) [97mR:[93m90.5%[97m([91m41.5c[97m) [97mS-L: [92m0:[96m29% [92m1:[96m17%[39m [39m
2026-07-25 16:12:12,678 - Agent - INFO - [37mVal Epoch 49 step 49 with [31mce_loss_combined : 0.644227 [31mce_loss_c : 0.851419 [31mce_loss_g : 0.731504 [31mkl_synergy_rand_1 : 0.025262 [31mkl_synergy_rand_2 : 0.007064 [31mkl_synergy_1 : 0.026882 [31mkl_synergy_2 : 0.007089 [31mtotal : 0.710523 [31mdiag_kl_1 : 0.393571 [31mdiag_kl_2 : 0.188390 [94mAcc_combined: 70.09 [94mAcc_c: 54.15 [94mAcc_g: 76.86 [92mF1_combined: 69.35 [92mF1_c: 57.66 [92mF1_g: 76.86 [95mCEU_cue_audio: 0.2271 [95mCEU_cue_video: 0.7214 [95mCEU_synergy: 0.2610 [95mCEU_coexistence: 0.9047 [97mS:[93m26.1%[97m([91m2.6c[97m-[94mF1:23.8%) [97mU1:[93m22.7%[97m([91m2.2c[97m) [97mU2:[93m72.2%[97m([91m24.9c[97m) [97mR:[93m90.5%[97m([91m41.5c[97m) [97mS-L: [92m0:[96m29% [92m1:[96m17%[39m [39m
2026-07-25 16:12:21,209 - Agent - INFO - [37mVal Epoch 50 step 50 with [31mce_loss_combined : 0.618223 [31mce_loss_c : 0.802441 [31mce_loss_g : 0.718564 [31mkl_synergy_rand_1 : 0.026804 [31mkl_synergy_rand_2 : 0.007161 [31mkl_synergy_1 : 0.028365 [31mkl_synergy_2 : 0.008283 [31mtotal : 0.688835 [31mdiag_kl_1 : 0.430302 [31mdiag_kl_2 : 0.189825 [94mAcc_combined: 70.31 [94mAcc_c: 57.64 [94mAcc_g: 77.07 [92mF1_combined: 69.91 [92mF1_c: 61.35 [92mF1_g: 77.12 [95mCEU_cue_audio: 0.2271 [95mCEU_cue_video: 0.7089 [95mCEU_synergy: 0.2610 [95mCEU_coexistence: 0.9047 [97mS:[93m26.1%[97m([91m2.6c[97m-[94mF1:23.8%) [97mU1:[93m22.7%[97m([91m2.2c[97m) [97mU2:[93m70.9%[97m([91m24.5c[97m) [97mR:[93m90.5%[97m([91m41.5c[97m) [97mS-L: [92m0:[96m29% [92m1:[96m17%[39m [39m
2026-07-25 16:12:30,756 - Agent - INFO - [37mVal Epoch 51 step 51 with [31mce_loss_combined : 0.708286 [31mce_loss_c : 0.867502 [31mce_loss_g : 0.790450 [31mkl_synergy_rand_1 : 0.034152 [31mkl_synergy_rand_2 : 0.017374 [31mkl_synergy_1 : 0.034548 [31mkl_synergy_2 : 0.016520 [31mtotal : 0.810880 [31mdiag_kl_1 : 0.557335 [31mdiag_kl_2 : 0.237124 [94mAcc_combined: 72.71 [94mAcc_c: 54.80 [94mAcc_g: 72.27 [92mF1_combined: 72.65 [92mF1_c: 59.17 [92mF1_g: 72.21 [95mCEU_cue_audio: 0.0000 [95mCEU_cue_video: 0.9368 [95mCEU_synergy: 0.3045 [95mCEU_coexistence: 0.8190 [97mS:[93m30.4%[97m([91m3.1c[97m-[94mF1:27.0%) [97mU1:[93m0.0%[97m([91m0.0c[97m) [97mU2:[93m93.7%[97m([91m32.3c[97m) [97mR:[93m81.9%[97m([91m37.6c[97m) [97mS-L: [92m0:[96m35% [92m1:[96m17%[39m [39m
2026-07-25 16:12:39,325 - Agent - INFO - [37mVal Epoch 52 step 52 with [31mce_loss_combined : 0.630348 [31mce_loss_c : 0.808763 [31mce_loss_g : 0.708474 [31mkl_synergy_rand_1 : 0.034188 [31mkl_synergy_rand_2 : 0.010579 [31mkl_synergy_1 : 0.033420 [31mkl_synergy_2 : 0.010287 [31mtotal : 0.718822 [31mdiag_kl_1 : 0.326314 [31mdiag_kl_2 : 0.249568 [94mAcc_combined: 72.93 [94mAcc_c: 56.11 [94mAcc_g: 77.73 [92mF1_combined: 72.57 [92mF1_c: 60.36 [92mF1_g: 77.73 [95mCEU_cue_audio: 0.3184 [95mCEU_cue_video: 0.7469 [95mCEU_synergy: 0.2610 [95mCEU_coexistence: 0.9047 [97mS:[93m26.1%[97m([91m2.6c[97m-[94mF1:25.5%) [97mU1:[93m31.8%[97m([91m3.1c[97m) [97mU2:[93m74.7%[97m([91m25.8c[97m) [97mR:[93m90.5%[97m([91m41.5c[97m) [97mS-L: [92m0:[96m24% [92m1:[96m33%[39m [39m
2026-07-25 16:12:47,765 - Agent - INFO - [37mVal Epoch 53 step 53 with [31mce_loss_combined : 0.587500 [31mce_loss_c : 0.758624 [31mce_loss_g : 0.691932 [31mkl_synergy_rand_1 : 0.026217 [31mkl_synergy_rand_2 : 0.009034 [31mkl_synergy_1 : 0.030152 [31mkl_synergy_2 : 0.008899 [31mtotal : 0.661802 [31mdiag_kl_1 : 0.372785 [31mdiag_kl_2 : 0.156528 [94mAcc_combined: 74.02 [94mAcc_c: 57.42 [94mAcc_g: 77.29 [92mF1_combined: 74.07 [92mF1_c: 61.08 [92mF1_g: 77.29 [95mCEU_cue_audio: 0.1363 [95mCEU_cue_video: 0.8228 [95mCEU_synergy: 0.2610 [95mCEU_coexistence: 0.9047 [97mS:[93m26.1%[97m([91m2.6c[97m-[94mF1:23.8%) [97mU1:[93m13.6%[97m([91m1.3c[97m) [97mU2:[93m82.3%[97m([91m28.4c[97m) [97mR:[93m90.5%[97m([91m41.5c[97m) [97mS-L: [92m0:[96m29% [92m1:[96m17%[39m [39m
2026-07-25 16:12:56,278 - Agent - INFO - [37mVal Epoch 54 step 54 with [31mce_loss_combined : 0.635179 [31mce_loss_c : 0.732674 [31mce_loss_g : 0.749325 [31mkl_synergy_rand_1 : 0.037430 [31mkl_synergy_rand_2 : 0.013038 [31mkl_synergy_1 : 0.033454 [31mkl_synergy_2 : 0.012561 [31mtotal : 0.731661 [31mdiag_kl_1 : 0.518384 [31mdiag_kl_2 : 0.212402 [94mAcc_combined: 73.58 [94mAcc_c: 59.83 [94mAcc_g: 72.93 [92mF1_combined: 73.64 [92mF1_c: 64.75 [92mF1_g: 72.93 [95mCEU_cue_audio: 0.0000 [95mCEU_cue_video: 0.9368 [95mCEU_synergy: 0.2610 [95mCEU_coexistence: 0.8475 [97mS:[93m26.1%[97m([91m2.6c[97m-[94mF1:23.8%) [97mU1:[93m0.0%[97m([91m0.0c[97m) [97mU2:[93m93.7%[97m([91m32.3c[97m) [97mR:[93m84.8%[97m([91m38.9c[97m) [97mS-L: [92m0:[96m29% [92m1:[96m17%[39m [39m
2026-07-25 16:13:04,883 - Agent - INFO - [37mVal Epoch 55 step 55 with [31mce_loss_combined : 0.691481 [31mce_loss_c : 0.799686 [31mce_loss_g : 0.814719 [31mkl_synergy_rand_1 : 0.031416 [31mkl_synergy_rand_2 : 0.014060 [31mkl_synergy_1 : 0.031567 [31mkl_synergy_2 : 0.012613 [31mtotal : 0.781139 [31mdiag_kl_1 : 0.348406 [31mdiag_kl_2 : 0.278016 [94mAcc_combined: 74.24 [94mAcc_c: 56.11 [94mAcc_g: 74.45 [92mF1_combined: 73.66 [92mF1_c: 60.04 [92mF1_g: 74.51 [95mCEU_cue_audio: 0.1821 [95mCEU_cue_video: 0.8988 [95mCEU_synergy: 0.2171 [95mCEU_coexistence: 0.8571 [97mS:[93m21.7%[97m([91m2.2c[97m-[94mF1:20.4%) [97mU1:[93m18.2%[97m([91m1.7c[97m) [97mU2:[93m89.9%[97m([91m31.0c[97m) [97mR:[93m85.7%[97m([91m39.3c[97m) [97mS-L: [92m0:[96m24% [92m1:[96m17%[39m [39m
2026-07-25 16:13:13,506 - Agent - INFO - [37mVal Epoch 56 step 56 with [31mce_loss_combined : 0.607859 [31mce_loss_c : 0.810112 [31mce_loss_g : 0.636896 [31mkl_synergy_rand_1 : 0.028779 [31mkl_synergy_rand_2 : 0.023421 [31mkl_synergy_1 : 0.022907 [31mkl_synergy_2 : 0.023139 [31mtotal : 0.706105 [31mdiag_kl_1 : 0.463024 [31mdiag_kl_2 : 0.202778 [94mAcc_combined: 72.27 [94mAcc_c: 55.90 [94mAcc_g: 75.33 [92mF1_combined: 71.20 [92mF1_c: 59.11 [92mF1_g: 75.27 [95mCEU_cue_audio: 0.0458 [95mCEU_cue_video: 0.8228 [95mCEU_synergy: 0.3045 [95mCEU_coexistence: 0.8571 [97mS:[93m30.4%[97m([91m3.1c[97m-[94mF1:27.0%) [97mU1:[93m4.5%[97m([91m0.4c[97m) [97mU2:[93m82.3%[97m([91m28.4c[97m) [97mR:[93m85.7%[97m([91m39.3c[97m) [97mS-L: [92m0:[96m35% [92m1:[96m17%[39m [39m
2026-07-25 16:13:22,106 - Agent - INFO - [37mVal Epoch 57 step 57 with [31mce_loss_combined : 0.614617 [31mce_loss_c : 0.792667 [31mce_loss_g : 0.664887 [31mkl_synergy_rand_1 : 0.030410 [31mkl_synergy_rand_2 : 0.009797 [31mkl_synergy_1 : 0.024452 [31mkl_synergy_2 : 0.009437 [31mtotal : 0.688713 [31mdiag_kl_1 : 0.365566 [31mdiag_kl_2 : 0.193908 [94mAcc_combined: 72.93 [94mAcc_c: 55.90 [94mAcc_g: 75.11 [92mF1_combined: 71.82 [92mF1_c: 59.92 [92mF1_g: 75.00 [95mCEU_cue_audio: 0.2271 [95mCEU_cue_video: 0.7342 [95mCEU_synergy: 0.2610 [95mCEU_coexistence: 0.9143 [97mS:[93m26.1%[97m([91m2.6c[97m-[94mF1:25.5%) [97mU1:[93m22.7%[97m([91m2.2c[97m) [97mU2:[93m73.4%[97m([91m25.3c[97m) [97mR:[93m91.4%[97m([91m41.9c[97m) [97mS-L: [92m0:[96m24% [92m1:[96m33%[39m [39m
2026-07-25 16:13:30,673 - Agent - INFO - [37mVal Epoch 58 step 58 with [31mce_loss_combined : 0.577343 [31mce_loss_c : 0.748216 [31mce_loss_g : 0.613064 [31mkl_synergy_rand_1 : 0.032224 [31mkl_synergy_rand_2 : 0.013770 [31mkl_synergy_1 : 0.026417 [31mkl_synergy_2 : 0.013880 [31mtotal : 0.663634 [31mdiag_kl_1 : 0.456026 [31mdiag_kl_2 : 0.158457 [94mAcc_combined: 76.86 [94mAcc_c: 56.99 [94mAcc_g: 74.45 [92mF1_combined: 76.96 [92mF1_c: 59.38 [92mF1_g: 74.62 [95mCEU_cue_audio: 0.0000 [95mCEU_cue_video: 0.9872 [95mCEU_synergy: 0.3045 [95mCEU_coexistence: 0.8571 [97mS:[93m30.4%[97m([91m3.1c[97m-[94mF1:23.3%) [97mU1:[93m0.0%[97m([91m0.0c[97m) [97mU2:[93m98.7%[97m([91m34.1c[97m) [97mR:[93m85.7%[97m([91m39.3c[97m) [97mS-L: [92m0:[96m41%[39m [39m
2026-07-25 16:13:39,251 - Agent - INFO - [37mVal Epoch 59 step 59 with [31mce_loss_combined : 0.632806 [31mce_loss_c : 0.822394 [31mce_loss_g : 0.715261 [31mkl_synergy_rand_1 : 0.028418 [31mkl_synergy_rand_2 : 0.007224 [31mkl_synergy_1 : 0.026601 [31mkl_synergy_2 : 0.007847 [31mtotal : 0.702896 [31mdiag_kl_1 : 0.438258 [31mdiag_kl_2 : 0.175493 [94mAcc_combined: 75.55 [94mAcc_c: 58.95 [94mAcc_g: 75.76 [92mF1_combined: 75.65 [92mF1_c: 60.50 [92mF1_g: 75.92 [95mCEU_cue_audio: 0.0906 [95mCEU_cue_video: 0.9241 [95mCEU_synergy: 0.2171 [95mCEU_coexistence: 0.8761 [97mS:[93m21.7%[97m([91m2.2c[97m-[94mF1:20.4%) [97mU1:[93m9.1%[97m([91m0.9c[97m) [97mU2:[93m92.4%[97m([91m31.9c[97m) [97mR:[93m87.6%[97m([91m40.2c[97m) [97mS-L: [92m0:[96m24% [92m1:[96m17%[39m [39m
2026-07-25 16:13:47,812 - Agent - INFO - [37mVal Epoch 60 step 60 with [31mce_loss_combined : 0.665647 [31mce_loss_c : 0.887954 [31mce_loss_g : 0.712111 [31mkl_synergy_rand_1 : 0.025295 [31mkl_synergy_rand_2 : 0.008989 [31mkl_synergy_1 : 0.021868 [31mkl_synergy_2 : 0.009795 [31mtotal : 0.731594 [31mdiag_kl_1 : 0.419307 [31mdiag_kl_2 : 0.185122 [94mAcc_combined: 73.58 [94mAcc_c: 56.33 [94mAcc_g: 75.76 [92mF1_combined: 72.93 [92mF1_c: 57.98 [92mF1_g: 75.71 [95mCEU_cue_audio: 0.0000 [95mCEU_cue_video: 0.8733 [95mCEU_synergy: 0.3045 [95mCEU_coexistence: 0.8953 [97mS:[93m30.4%[97m([91m3.1c[97m-[94mF1:27.0%) [97mU1:[93m0.0%[97m([91m0.0c[97m) [97mU2:[93m87.3%[97m([91m30.1c[97m) [97mR:[93m89.5%[97m([91m41.0c[97m) [97mS-L: [92m0:[96m35% [92m1:[96m17%[39m [39m
2026-07-25 16:13:56,370 - Agent - INFO - [37mVal Epoch 61 step 61 with [31mce_loss_combined : 0.646644 [31mce_loss_c : 0.774333 [31mce_loss_g : 0.756401 [31mkl_synergy_rand_1 : 0.030713 [31mkl_synergy_rand_2 : 0.012857 [31mkl_synergy_1 : 0.028287 [31mkl_synergy_2 : 0.012888 [31mtotal : 0.731389 [31mdiag_kl_1 : 0.429905 [31mdiag_kl_2 : 0.230409 [94mAcc_combined: 74.89 [94mAcc_c: 60.26 [94mAcc_g: 77.51 [92mF1_combined: 74.73 [92mF1_c: 61.28 [92mF1_g: 77.56 [95mCEU_cue_audio: 0.2271 [95mCEU_cue_video: 0.8354 [95mCEU_synergy: 0.2610 [95mCEU_coexistence: 0.8953 [97mS:[93m26.1%[97m([91m2.6c[97m-[94mF1:25.5%) [97mU1:[93m22.7%[97m([91m2.2c[97m) [97mU2:[93m83.5%[97m([91m28.8c[97m) [97mR:[93m89.5%[97m([91m41.0c[97m) [97mS-L: [92m0:[96m24% [92m1:[96m33%[39m [39m
2026-07-25 16:14:04,929 - Agent - INFO - [37mVal Epoch 62 step 62 with [31mce_loss_combined : 0.620968 [31mce_loss_c : 0.797928 [31mce_loss_g : 0.736262 [31mkl_synergy_rand_1 : 0.027598 [31mkl_synergy_rand_2 : 0.010941 [31mkl_synergy_1 : 0.027046 [31mkl_synergy_2 : 0.010195 [31mtotal : 0.696748 [31mdiag_kl_1 : 0.348316 [31mdiag_kl_2 : 0.213462 [94mAcc_combined: 72.49 [94mAcc_c: 57.64 [94mAcc_g: 76.86 [92mF1_combined: 71.88 [92mF1_c: 58.19 [92mF1_g: 76.86 [95mCEU_cue_audio: 0.2271 [95mCEU_cue_video: 0.7974 [95mCEU_synergy: 0.2171 [95mCEU_coexistence: 0.8953 [97mS:[93m21.7%[97m([91m2.2c[97m-[94mF1:20.4%) [97mU1:[93m22.7%[97m([91m2.2c[97m) [97mU2:[93m79.7%[97m([91m27.5c[97m) [97mR:[93m89.5%[97m([91m41.0c[97m) [97mS-L: [92m0:[96m24% [92m1:[96m17%[39m [39m
2026-07-25 16:14:13,432 - Agent - INFO - [37mVal Epoch 63 step 63 with [31mce_loss_combined : 0.661771 [31mce_loss_c : 0.842994 [31mce_loss_g : 0.740372 [31mkl_synergy_rand_1 : 0.033342 [31mkl_synergy_rand_2 : 0.009586 [31mkl_synergy_1 : 0.029433 [31mkl_synergy_2 : 0.009001 [31mtotal : 0.743132 [31mdiag_kl_1 : 0.429642 [31mdiag_kl_2 : 0.242720 [94mAcc_combined: 74.02 [94mAcc_c: 56.55 [94mAcc_g: 75.98 [92mF1_combined: 73.14 [92mF1_c: 56.83 [92mF1_g: 75.98 [95mCEU_cue_audio: 0.1363 [95mCEU_cue_video: 0.8354 [95mCEU_synergy: 0.3045 [95mCEU_coexistence: 0.8953 [97mS:[93m30.4%[97m([91m3.1c[97m-[94mF1:27.0%) [97mU1:[93m13.6%[97m([91m1.3c[97m) [97mU2:[93m83.5%[97m([91m28.8c[97m) [97mR:[93m89.5%[97m([91m41.0c[97m) [97mS-L: [92m0:[96m35% [92m1:[96m17%[39m [39m
2026-07-25 16:14:21,965 - Agent - INFO - [37mVal Epoch 64 step 64 with [31mce_loss_combined : 0.669212 [31mce_loss_c : 0.798976 [31mce_loss_g : 0.779679 [31mkl_synergy_rand_1 : 0.031154 [31mkl_synergy_rand_2 : 0.009023 [31mkl_synergy_1 : 0.030277 [31mkl_synergy_2 : 0.008876 [31mtotal : 0.748542 [31mdiag_kl_1 : 0.420492 [31mdiag_kl_2 : 0.268705 [94mAcc_combined: 70.52 [94mAcc_c: 56.11 [94mAcc_g: 75.76 [92mF1_combined: 69.80 [92mF1_c: 57.32 [92mF1_g: 75.82 [95mCEU_cue_audio: 0.2726 [95mCEU_cue_video: 0.7594 [95mCEU_synergy: 0.2171 [95mCEU_coexistence: 0.8571 [97mS:[93m21.7%[97m([91m2.2c[97m-[94mF1:20.4%) [97mU1:[93m27.3%[97m([91m2.6c[97m) [97mU2:[93m75.9%[97m([91m26.2c[97m) [97mR:[93m85.7%[97m([91m39.3c[97m) [97mS-L: [92m0:[96m24% [92m1:[96m17%[39m [39m
2026-07-25 16:14:30,456 - Agent - INFO - [37mVal Epoch 65 step 65 with [31mce_loss_combined : 0.743002 [31mce_loss_c : 0.825395 [31mce_loss_g : 0.765198 [31mkl_synergy_rand_1 : 0.030452 [31mkl_synergy_rand_2 : 0.016047 [31mkl_synergy_1 : 0.025426 [31mkl_synergy_2 : 0.016708 [31mtotal : 0.831634 [31mdiag_kl_1 : 0.427651 [31mdiag_kl_2 : 0.258482 [94mAcc_combined: 68.56 [94mAcc_c: 56.11 [94mAcc_g: 73.36 [92mF1_combined: 68.28 [92mF1_c: 57.32 [92mF1_g: 73.36 [95mCEU_cue_audio: 0.2726 [95mCEU_cue_video: 0.6709 [95mCEU_synergy: 0.1741 [95mCEU_coexistence: 0.8857 [97mS:[93m17.4%[97m([91m1.7c[97m-[94mF1:17.4%) [97mU1:[93m27.3%[97m([91m2.6c[97m) [97mU2:[93m67.1%[97m([91m23.1c[97m) [97mR:[93m88.6%[97m([91m40.6c[97m) [97mS-L: [92m0:[96m12% [92m1:[96m33%[39m [39m
2026-07-25 16:14:39,029 - Agent - INFO - [37mVal Epoch 66 step 66 with [31mce_loss_combined : 0.686276 [31mce_loss_c : 0.856814 [31mce_loss_g : 0.776537 [31mkl_synergy_rand_1 : 0.025745 [31mkl_synergy_rand_2 : 0.015078 [31mkl_synergy_1 : 0.022131 [31mkl_synergy_2 : 0.016636 [31mtotal : 0.765865 [31mdiag_kl_1 : 0.338853 [31mdiag_kl_2 : 0.222207 [94mAcc_combined: 65.50 [94mAcc_c: 58.08 [94mAcc_g: 73.36 [92mF1_combined: 65.04 [92mF1_c: 58.97 [92mF1_g: 73.36 [95mCEU_cue_audio: 0.3184 [95mCEU_cue_video: 0.6455 [95mCEU_synergy: 0.2171 [95mCEU_coexistence: 0.8475 [97mS:[93m21.7%[97m([91m2.2c[97m-[94mF1:20.4%) [97mU1:[93m31.8%[97m([91m3.1c[97m) [97mU2:[93m64.6%[97m([91m22.3c[97m) [97mR:[93m84.8%[97m([91m38.9c[97m) [97mS-L: [92m0:[96m24% [92m1:[96m17%[39m [39m
2026-07-25 16:14:39,435 - Agent - INFO - We are in the final state.
2026-07-25 16:14:39,580 - root - INFO - Loaded best model from best_model_accuracy_state_dict
2026-07-25 16:14:40,665 - Agent - INFO - [37mVal Epoch 66 step 0 with [31mce_loss_combined : 0.524289 [31mce_loss_c : 0.863960 [31mce_loss_g : 0.556794 [31mkl_synergy_rand_1 : 0.023447 [31mkl_synergy_rand_2 : 0.011271 [31mkl_synergy_1 : 0.028915 [31mkl_synergy_2 : 0.011082 [31mtotal : 0.599004 [31mdiag_kl_1 : 0.231985 [31mdiag_kl_2 : 0.117989 [94mAcc_combined: 78.17 [94mAcc_c: 55.68 [94mAcc_g: 75.33 [92mF1_combined: 78.54 [92mF1_c: 52.90 [92mF1_g: 75.38 [95mCEU_cue_audio: 0.1363 [95mCEU_cue_video: 0.9620 [95mCEU_synergy: 0.2610 [95mCEU_coexistence: 0.8857 [97mS:[93m26.1%[97m([91m2.6c[97m-[94mF1:25.5%) [97mU1:[93m13.6%[97m([91m1.3c[97m) [97mU2:[93m96.2%[97m([91m33.2c[97m) [97mR:[93m88.6%[97m([91m40.6c[97m) [97mS-L: [92m0:[96m24% [92m1:[96m33%[39m [39m
2026-07-25 16:14:43,016 - Agent - INFO - [37mTest Epoch 66 step 0 with [31mce_loss_combined : 0.645278 [31mce_loss_c : 0.918382 [31mce_loss_g : 0.653197 [31mkl_synergy_rand_1 : 0.024026 [31mkl_synergy_rand_2 : 0.014443 [31mkl_synergy_1 : 0.030529 [31mkl_synergy_2 : 0.014461 [31mtotal : 0.728737 [31mdiag_kl_1 : 0.243824 [31mdiag_kl_2 : 0.162752 [94mAcc_combined: 71.79 [94mAcc_c: 44.61 [94mAcc_g: 72.89 [92mF1_combined: 72.10 [92mF1_c: 37.40 [92mF1_g: 73.16 [95mCEU_cue_audio: 0.2345 [95mCEU_cue_video: 0.8884 [95mCEU_synergy: 0.1776 [95mCEU_coexistence: 0.8980 [97mS:[93m17.8%[97m([91m2.3c[97m-[94mF1:15.1%) [97mU1:[93m23.5%[97m([91m2.8c[97m) [97mU2:[93m88.8%[97m([91m33.7c[97m) [97mR:[93m89.8%[97m([91m33.4c[97m) [97mS-L: [92m0:[96m24%[39m [39m
2026-07-25 16:14:43,974 - Agent - INFO - [37mModel saved successfully at: ./artifacts/models/multibench/mosi/vt/SynIB_RMask_U_foldREFABL_mosi_fold0_l0.1_perturbrandom_fillema_pmin0.3_refunimodal_anchor_lr0.0005_wd0.001_bs32.pth.tar[39m
Job finished
