Starting SynIB reference-ablation job
Python 3.10.19
/esat/smcdata/users/kkontras/Image_Dataset/no_backup/git/SynIB  (git a2fb4fd)
GPU 0: NVIDIA GeForce RTX 2080 Ti (UUID: GPU-80609ff0-d905-c2d8-7c85-30e2d01a3cb8)
Executing: PYTHONPATH=src /esat/smcdata/users/kkontras/Image_Dataset/no_backup/envs/synergy_new/bin/python -m synib.entrypoints.train --config run/configs/rebuttal_ref_ablation/mustard_synib.json --default_config run/configs/rebuttal_ref_ablation/mustard_default.json --fold 0 --rmask random --l 0.001 --perturb_pmin 0.1 --perturb_fill ema --lr 0.0005 --wd 0.001 --reference_type class_prior --ref_diag --start_over --tag REFABL_mustard
Namespace(config='run/configs/rebuttal_ref_ablation/mustard_synib.json', default_config='run/configs/rebuttal_ref_ablation/mustard_default.json', fold='0', alpha=None, tanh_mode_beta=None, regby=None, batch_size=None, l='0.001', multil=None, lib=None, kmepoch=None, num_samples=None, contrcoeff=None, contr_type=None, shuffle_type=None, validate_with=None, num_classes=None, optim_method=None, ending_epoch=None, load_ongoing=None, recon_weight1=None, recon_weight2=None, recon_epochstages=None, recon_ensemblestages=None, lr='0.0005', wd='0.001', cls=None, ironic_rate=None, perturb='random', perturb_fill='ema', perturb_pmax=None, perturb_pmin='0.1', perturb_lsparse=None, rmask='random', pmin=None, pmax=None, lsparse=None, debug_mask_stats=False, pre=False, frozen=False, tdqm_disable=False, start_over=True, no_model_save=False, num_layers=None, grad_accum=None, init_from=None, init_strict=False, perturb_lsparse_sign=None, l_anneal_epochs=None, perturb_steps=None, perturb_lsparse_warmup=None, perturb_lsparse_schedule=None, persist_ell=False, save_masks=False, penalty_swap=False, disable_ce_random=False, disable_kl_learned=False, masking_only=False, modality_dropout=None, modality_dropout_target=None, l_z1_masked=None, l_z2_masked=None, l_pareto=None, reference_type='class_prior', ref_diag=True, ref_ema_decay=None, tag='REFABL_mustard')
2026-07-25 16:14:56,834 - Config - INFO - run/configs/rebuttal_ref_ablation/mustard_synib.json
2026-07-25 16:14:56,836 - Config - INFO -  THE Configuration of your experiment ..
{'agent': 'Agent',
 'dataset': {'data_roots': './src/synib/mydatasets/Factor_CL_Datasets/prepared/mustard/mustard_data.pkl',
             'data_type': 'sarcasm',
             'dataloader_class': 'FactorCL_MustardFiltered_Dataloader',
             'kfold_data_roots': './src/synib/mydatasets/Factor_CL_Datasets/prepared/mustard/mustard_synergy3.pkl',
             'mustard_video_filter': {'check_aligned_segment': True,
                                      'enabled': True,
                                      'min_aligned_len': 1,
                                      'vision_absmax_threshold': 1000000.0},
             'z_norm': True},
 'early_stopping': {'end_of_epoch_check': True,
                    'log_interval': 10,
                    'max_epoch': 100,
                    'n_steps_stop': 30,
                    'n_steps_stop_after': 0,
                    'save_every_step': 3000,
                    'save_every_valstep': 50,
                    'validate_after': 0,
                    'validate_every': 185},
 'exp_name': 'MUSTARD Experiment',
 'model': {'args': {'bias_infusion': {'method': False},
                    'clip_grad': False,
                    'cls_type': 'mlp',
                    'd_model': 40,
                    'dropout': 0.1,
                    'fc_inner': 64,
                    'multi_loss': {'multi_supervised_w': {'c': 1,
                                                          'combined': 1,
                                                          'g': 1}},
                    'norm_decision': False,
                    'num_classes': 2},
           'ceu': {'test': './artifacts/ceus/mustard/mustard_ceu_test.pkl',
                   'val': './artifacts/ceus/mustard/mustard_ceu_val.pkl'},
           'encoders': [{'args': {'freeze_encoder': False,
                                  'hidden_size': 40,
                                  'modality': 'c',
                                  'n_features': 371,
                                  'num_classes': 2},
                         'model': 'FactorCL_Uni',
                         'pretrainedEncoder': {'dir': 'unimodal_video_fold{}_vldaccuracy_lr0.0005_wd0.00001.pth.tar',
                                               'use': True}},
                        {'args': {'freeze_encoder': False,
                                  'hidden_size': 40,
                                  'modality': 'g',
                                  'n_features': 300,
                                  'num_classes': 2},
                         'model': 'FactorCL_Uni',
                         'pretrainedEncoder': {'dir': 'unimodal_text_fold{}_vldaccuracy_lr0.0005_wd0.0001.pth.tar',
                                               'use': True}},
                        {'args': {'d_model': 40,
                                  'dropout': 0.1,
                                  'fc_inner': 64,
                                  'freeze_encoder': False},
                         'model': 'FusionTrunkLinear',
                         'name': 'enc_2_fusion_trunk',
                         'pretrainedEncoder': {'dir': 'enc_2_fusion_trunk_{}.pth.tar',
                                               'use': False},
                         'save_encoder': False},
                        {'args': {'freeze_encoder': False,
                                  'in_dim': 64,
                                  'num_classes': 2},
                         'model': 'LinearHead',
                         'name': 'enc_3_fusion_head',
                         'pretrainedEncoder': {'dir': 'enc_3_fusion_head_{}.pth.tar',
                                               'use': False},
                         'save_encoder': False}],
           'load_ongoing': False,
           'model_class': 'FusionIBModel_Mask',
           'save_base_dir': './artifacts/models/multibench/mustard/vt',
           'save_dir': 'SynIB_RMask_{}.pth.tar'},
 'optimizer': {'beta1': 0.9,
               'beta2': 0.999,
               'learning_rate': 0.0001,
               'momentum': 0.9,
               'type': 'Adam',
               'weight_decay': 0.0001},
 'scheduler': {'max_lr': 0.03, 'type': 'cosanneal', 'warm_up_steps': 780},
 'task': 'classification',
 'training_params': {'adversarial_training': {'adv_epsilon': 0.01,
                                              'use': False},
                     'async_loading': True,
                     'batch_size': 32,
                     'cuda': True,
                     'data_loader_workers': 8,
                     'gpu_device': [0],
                     'pin_memory': True,
                     'rec_test': True,
                     'res': True,
                     'seed': 109,
                     'tdqm_disable': False,
                     'test_batch_size': 32,
                     'test_on_bottoms': False,
                     'use_test_set': True,
                     'validation': True,
                     'verbose': True,
                     'wandb_disable': True}}
2026-07-25 16:14:56,839 - Config - INFO -  *************************************** 
2026-07-25 16:14:56,839 - Config - INFO - The experiment name is MUSTARD Experiment
2026-07-25 16:14:56,839 - Config - INFO -  *************************************** 
2026-07-25 16:14:56,839 - root - INFO - save_dir: SynIB_RMask_REFABL_mustard_fold0_l0.001_perturbrandom_fillema_pmin0.1_refclass_prior_lr0.0005_wd0.001.pth.tar
2026-07-25 16:14:56,930 - Cuda Statistics - INFO - __Python VERSION:  3.10.19 (main, Oct 21 2025, 16:43:05) [GCC 11.2.0]
2026-07-25 16:14:56,930 - Cuda Statistics - INFO - __pyTorch VERSION:  2.9.1+cu128
2026-07-25 16:14:56,930 - Cuda Statistics - INFO - __CUDA VERSION
2026-07-25 16:14:56,931 - Cuda Statistics - INFO - __CUDNN VERSION:  91002
2026-07-25 16:14:56,950 - Cuda Statistics - INFO - __Number CUDA Devices:  1
2026-07-25 16:14:56,950 - Cuda Statistics - INFO - __Devices
2026-07-25 16:14:56,950 - Cuda Statistics - INFO - index, name, driver_version, memory.total [MiB], memory.used [MiB], memory.free [MiB]
2026-07-25 16:14:56,950 - Cuda Statistics - INFO - 0, NVIDIA GeForce RTX 2080 Ti, 610.43.03, 11264 MiB, 302 MiB, 10529 MiB
2026-07-25 16:14:56,953 - Cuda Statistics - INFO - Active CUDA Device: GPU 0
2026-07-25 16:14:56,953 - Cuda Statistics - INFO - Available devices  1
2026-07-25 16:14:56,953 - Cuda Statistics - INFO - Current cuda device  0
[MustardFilteredDataloader] train: dropped 31/412 samples (vision absmax threshold=1e+06, aligned=True)
[MustardFilteredDataloader] train: first drops -> 3:vision_absmax>1e+06 (2.7e+07), 7:vision_absmax>1e+06 (3.43e+07), 31:vision_absmax>1e+06 (1.29e+07), 45:vision_absmax>1e+06 (9.04e+06), 53:vision_absmax>1e+06 (2.67e+07), 72:vision_absmax>1e+06 (2.67e+07), 85:vision_absmax>1e+06 (3.93e+07), 94:vision_absmax>1e+06 (4.57e+07), 105:vision_absmax>1e+06 (3.62e+07), 122:vision_absmax>1e+06 (3.62e+07), ...
[MustardFilteredDataloader] valid: dropped 3/137 samples (vision absmax threshold=1e+06, aligned=True)
[MustardFilteredDataloader] valid: first drops -> 2:vision_absmax>1e+06 (2.67e+07), 20:vision_absmax>1e+06 (2.67e+07), 105:vision_absmax>1e+06 (4.57e+07)
[MustardFilteredDataloader] test: dropped 4/138 samples (vision absmax threshold=1e+06, aligned=True)
[MustardFilteredDataloader] test: first drops -> 3:vision_absmax>1e+06 (3.43e+07), 8:vision_absmax>1e+06 (2.67e+07), 65:vision_absmax>1e+06 (2.3e+07), 106:vision_absmax>1e+06 (2.67e+07)
2026-07-25 16:14:57,161 - Agent - INFO - Device: cuda:0
2026-07-25 16:14:57,161 - Agent - INFO - Total training batches: 12, validate every 185 batches, steps per epoch: 1
2026-07-25 16:14:57,535 - Agent - INFO - class_prior counts=[201, 180] prior=[0.5276, 0.4724]
2026-07-25 16:14:57,536 - Agent - INFO - Loss Weights are {'total': 1, 'combined': 1, 'c': 1, 'g': 1}
2026-07-25 16:14:57,536 - root - INFO - There is no CEU for train
2026-07-25 16:14:57,595 - root - INFO - Loading enc best model state dict from ./artifacts/models/multibench/mustard/vt/unimodal_video_fold0_vldaccuracy_lr0.0005_wd0.00001.pth.tar
2026-07-25 16:14:57,644 - root - INFO - Loading enc best model state dict from ./artifacts/models/multibench/mustard/vt/unimodal_text_fold0_vldaccuracy_lr0.0005_wd0.0001.pth.tar
2026-07-25 16:14:57,813 - Agent - INFO - Total number of trainable parameters are: 3517920
2026-07-25 16:14:57,819 - Agent - INFO - Total number of trainable parameters are: 1764436
2026-07-25 16:15:01,158 - Evaluator - INFO - New best with loss-accuracy-syn_accuracy-
2026-07-25 16:15:01,158 - Agent - INFO - [37mVal Epoch 1 step 1 with [31mce_loss_combined : 0.682136 [31mce_loss_c : 0.759548 [31mce_loss_g : 1.009783 [31mkl_synergy_rand_1 : 0.000143 [31mkl_synergy_rand_2 : 0.000172 [31mkl_synergy_1 : 0.000127 [31mkl_synergy_2 : 0.000175 [31mtotal : 0.682753 [31mdiag_kl_1 : 0.152188 [31mdiag_kl_2 : 0.247176 [94mAcc_combined: 62.69 [94mAcc_c: 51.87 [94mAcc_g: 63.06 [92mF1_combined: 62.96 [92mF1_c: 22.75 [92mF1_g: 64.52 [95mCEU_cue_audio: 0.4000 [95mCEU_cue_video: 0.5907 [95mCEU_synergy: 0.3702 [95mCEU_coexistence: 0.7858 [97mS:[93m37.0%[97m([91m7.5c[97m-[94mF1:33.8%) [97mU1:[93m40.0%[97m([91m4.5c[97m) [97mU2:[93m59.1%[97m([91m9.7c[97m) [97mR:[93m78.6%[97m([91m41.0c[97m) [97mS-L: [92m0:[96m38% [92m1:[96m33%[39m [39m
2026-07-25 16:15:01,177 - Agent - INFO - [37mTest Epoch 1 step 1 with [31mce_loss_combined : 0.724777 [31mce_loss_c : 0.671817 [31mce_loss_g : 1.174935 [31mkl_synergy_rand_1 : 0.000137 [31mkl_synergy_rand_2 : 0.000160 [31mkl_synergy_1 : 0.000124 [31mkl_synergy_2 : 0.000149 [31mtotal : 0.725348 [31mdiag_kl_1 : 0.130761 [31mdiag_kl_2 : 0.219479 [94mAcc_combined: 56.72 [94mAcc_c: 55.60 [94mAcc_g: 57.46 [92mF1_combined: 57.66 [92mF1_c: 26.99 [92mF1_g: 61.74 [95mCEU_cue_audio: 0.6431 [95mCEU_cue_video: 0.7826 [95mCEU_synergy: 0.4359 [95mCEU_coexistence: 0.5862 [97mS:[93m43.6%[97m([91m12.7c[97m-[94mF1:36.5%) [97mU1:[93m64.3%[97m([91m6.7c[97m) [97mU2:[93m78.3%[97m([91m13.4c[97m) [97mR:[93m58.6%[97m([91m25.4c[97m) [97mS-L: [92m0:[96m43% [92m1:[96m50%[39m [39m
2026-07-25 16:15:01,518 - Agent - INFO - [37mModel saved successfully at: ./artifacts/models/multibench/mustard/vt/SynIB_RMask_REFABL_mustard_fold0_l0.001_perturbrandom_fillema_pmin0.1_refclass_prior_lr0.0005_wd0.001.pth.tar[39m
2026-07-25 16:15:04,717 - Evaluator - INFO - New best with accuracy-
2026-07-25 16:15:04,717 - Agent - INFO - [37mVal Epoch 2 step 2 with [31mce_loss_combined : 0.871244 [31mce_loss_c : 0.767626 [31mce_loss_g : 1.007432 [31mkl_synergy_rand_1 : 0.000516 [31mkl_synergy_rand_2 : 0.000591 [31mkl_synergy_1 : 0.000467 [31mkl_synergy_2 : 0.000573 [31mtotal : 0.873391 [31mdiag_kl_1 : 0.495104 [31mdiag_kl_2 : 0.262032 [94mAcc_combined: 63.43 [94mAcc_c: 50.37 [94mAcc_g: 64.18 [92mF1_combined: 63.43 [92mF1_c: 9.52 [92mF1_g: 64.71 [95mCEU_cue_audio: 0.4000 [95mCEU_cue_video: 0.6364 [95mCEU_synergy: 0.2963 [95mCEU_coexistence: 0.8143 [97mS:[93m29.6%[97m([91m6.0c[97m-[94mF1:28.1%) [97mU1:[93m40.0%[97m([91m4.5c[97m) [97mU2:[93m63.6%[97m([91m10.4c[97m) [97mR:[93m81.4%[97m([91m42.5c[97m) [97mS-L: [92m0:[96m29% [92m1:[96m33%[39m [39m
2026-07-25 16:15:04,736 - Agent - INFO - [37mTest Epoch 2 step 2 with [31mce_loss_combined : 1.022150 [31mce_loss_c : 0.674079 [31mce_loss_g : 1.230221 [31mkl_synergy_rand_1 : 0.000478 [31mkl_synergy_rand_2 : 0.000566 [31mkl_synergy_1 : 0.000455 [31mkl_synergy_2 : 0.000565 [31mtotal : 1.024215 [31mdiag_kl_1 : 0.460102 [31mdiag_kl_2 : 0.181341 [94mAcc_combined: 61.57 [94mAcc_c: 54.48 [94mAcc_g: 59.70 [92mF1_combined: 61.99 [92mF1_c: 18.67 [92mF1_g: 60.87 [95mCEU_cue_audio: 0.6431 [95mCEU_cue_video: 0.8695 [95mCEU_synergy: 0.4359 [95mCEU_coexistence: 0.6379 [97mS:[93m43.6%[97m([91m12.7c[97m-[94mF1:36.5%) [97mU1:[93m64.3%[97m([91m6.7c[97m) [97mU2:[93m87.0%[97m([91m14.9c[97m) [97mR:[93m63.8%[97m([91m27.6c[97m) [97mS-L: [92m0:[96m43% [92m1:[96m50%[39m [39m
2026-07-25 16:15:05,263 - Agent - INFO - [37mModel saved successfully at: ./artifacts/models/multibench/mustard/vt/SynIB_RMask_REFABL_mustard_fold0_l0.001_perturbrandom_fillema_pmin0.1_refclass_prior_lr0.0005_wd0.001.pth.tar[39m
2026-07-25 16:15:08,341 - Evaluator - INFO - New best with accuracy-syn_accuracy-
2026-07-25 16:15:08,341 - Agent - INFO - [37mVal Epoch 3 step 3 with [31mce_loss_combined : 0.997147 [31mce_loss_c : 0.782222 [31mce_loss_g : 1.125046 [31mkl_synergy_rand_1 : 0.000701 [31mkl_synergy_rand_2 : 0.000788 [31mkl_synergy_1 : 0.000683 [31mkl_synergy_2 : 0.000751 [31mtotal : 1.000070 [31mdiag_kl_1 : 0.641145 [31mdiag_kl_2 : 0.213693 [94mAcc_combined: 66.42 [94mAcc_c: 51.49 [94mAcc_g: 66.04 [92mF1_combined: 66.42 [92mF1_c: 21.69 [92mF1_g: 67.15 [95mCEU_cue_audio: 0.5335 [95mCEU_cue_video: 0.6364 [95mCEU_synergy: 0.4074 [95mCEU_coexistence: 0.8000 [97mS:[93m40.7%[97m([91m8.2c[97m-[94mF1:36.5%) [97mU1:[93m53.3%[97m([91m6.0c[97m) [97mU2:[93m63.6%[97m([91m10.4c[97m) [97mR:[93m80.0%[97m([91m41.8c[97m) [97mS-L: [92m0:[96m43% [92m1:[96m33%[39m [39m
2026-07-25 16:15:08,361 - Agent - INFO - [37mTest Epoch 3 step 3 with [31mce_loss_combined : 1.249674 [31mce_loss_c : 0.754410 [31mce_loss_g : 1.446235 [31mkl_synergy_rand_1 : 0.000693 [31mkl_synergy_rand_2 : 0.000787 [31mkl_synergy_1 : 0.000663 [31mkl_synergy_2 : 0.000779 [31mtotal : 1.252595 [31mdiag_kl_1 : 0.638856 [31mdiag_kl_2 : 0.195511 [94mAcc_combined: 58.58 [94mAcc_c: 53.36 [94mAcc_g: 57.46 [92mF1_combined: 58.74 [92mF1_c: 22.36 [92mF1_g: 58.09 [95mCEU_cue_audio: 0.5000 [95mCEU_cue_video: 0.8695 [95mCEU_synergy: 0.4359 [95mCEU_coexistence: 0.6035 [97mS:[93m43.6%[97m([91m12.7c[97m-[94mF1:36.5%) [97mU1:[93m50.0%[97m([91m5.2c[97m) [97mU2:[93m87.0%[97m([91m14.9c[97m) [97mR:[93m60.3%[97m([91m26.1c[97m) [97mS-L: [92m0:[96m43% [92m1:[96m50%[39m [39m
2026-07-25 16:15:08,911 - Agent - INFO - [37mModel saved successfully at: ./artifacts/models/multibench/mustard/vt/SynIB_RMask_REFABL_mustard_fold0_l0.001_perturbrandom_fillema_pmin0.1_refclass_prior_lr0.0005_wd0.001.pth.tar[39m
2026-07-25 16:15:12,025 - Evaluator - INFO - New best with accuracy-
2026-07-25 16:15:12,025 - Agent - INFO - [37mVal Epoch 4 step 4 with [31mce_loss_combined : 0.967462 [31mce_loss_c : 0.922946 [31mce_loss_g : 1.016938 [31mkl_synergy_rand_1 : 0.000815 [31mkl_synergy_rand_2 : 0.000923 [31mkl_synergy_1 : 0.000831 [31mkl_synergy_2 : 0.000888 [31mtotal : 0.970919 [31mdiag_kl_1 : 0.737807 [31mdiag_kl_2 : 0.320278 [94mAcc_combined: 67.54 [94mAcc_c: 46.64 [94mAcc_g: 67.91 [92mF1_combined: 67.90 [92mF1_c: 26.67 [92mF1_g: 69.06 [95mCEU_cue_audio: 0.4665 [95mCEU_cue_video: 0.6364 [95mCEU_synergy: 0.3335 [95mCEU_coexistence: 0.8428 [97mS:[93m33.3%[97m([91m6.7c[97m-[94mF1:31.0%) [97mU1:[93m46.7%[97m([91m5.2c[97m) [97mU2:[93m63.6%[97m([91m10.4c[97m) [97mR:[93m84.3%[97m([91m44.0c[97m) [97mS-L: [92m0:[96m33% [92m1:[96m33%[39m [39m
2026-07-25 16:15:12,044 - Agent - INFO - [37mTest Epoch 4 step 4 with [31mce_loss_combined : 1.361504 [31mce_loss_c : 0.775131 [31mce_loss_g : 1.492266 [31mkl_synergy_rand_1 : 0.000808 [31mkl_synergy_rand_2 : 0.000889 [31mkl_synergy_1 : 0.000755 [31mkl_synergy_2 : 0.000901 [31mtotal : 1.364858 [31mdiag_kl_1 : 0.722686 [31mdiag_kl_2 : 0.242857 [94mAcc_combined: 55.22 [94mAcc_c: 54.85 [94mAcc_g: 57.09 [92mF1_combined: 55.22 [92mF1_c: 38.58 [92mF1_g: 59.07 [95mCEU_cue_audio: 0.5000 [95mCEU_cue_video: 0.7391 [95mCEU_synergy: 0.3333 [95mCEU_coexistence: 0.6379 [97mS:[93m33.3%[97m([91m9.7c[97m-[94mF1:29.6%) [97mU1:[93m50.0%[97m([91m5.2c[97m) [97mU2:[93m73.9%[97m([91m12.7c[97m) [97mR:[93m63.8%[97m([91m27.6c[97m) [97mS-L: [92m0:[96m31% [92m1:[96m50%[39m [39m
2026-07-25 16:15:12,727 - Agent - INFO - [37mModel saved successfully at: ./artifacts/models/multibench/mustard/vt/SynIB_RMask_REFABL_mustard_fold0_l0.001_perturbrandom_fillema_pmin0.1_refclass_prior_lr0.0005_wd0.001.pth.tar[39m
2026-07-25 16:15:15,892 - Agent - INFO - [37mVal Epoch 5 step 5 with [31mce_loss_combined : 1.165132 [31mce_loss_c : 0.678356 [31mce_loss_g : 1.167601 [31mkl_synergy_rand_1 : 0.000850 [31mkl_synergy_rand_2 : 0.000962 [31mkl_synergy_1 : 0.000848 [31mkl_synergy_2 : 0.000956 [31mtotal : 1.168749 [31mdiag_kl_1 : 0.824350 [31mdiag_kl_2 : 0.213810 [94mAcc_combined: 63.81 [94mAcc_c: 51.12 [94mAcc_g: 63.43 [92mF1_combined: 63.94 [92mF1_c: 10.88 [92mF1_g: 65.00 [95mCEU_cue_audio: 0.5335 [95mCEU_cue_video: 0.5907 [95mCEU_synergy: 0.3702 [95mCEU_coexistence: 0.7714 [97mS:[93m37.0%[97m([91m7.5c[97m-[94mF1:33.8%) [97mU1:[93m53.3%[97m([91m6.0c[97m) [97mU2:[93m59.1%[97m([91m9.7c[97m) [97mR:[93m77.1%[97m([91m40.3c[97m) [97mS-L: [92m0:[96m38% [92m1:[96m33%[39m [39m
2026-07-25 16:15:18,951 - Agent - INFO - [37mVal Epoch 6 step 6 with [31mce_loss_combined : 1.261045 [31mce_loss_c : 0.784448 [31mce_loss_g : 1.270631 [31mkl_synergy_rand_1 : 0.000950 [31mkl_synergy_rand_2 : 0.001030 [31mkl_synergy_1 : 0.000920 [31mkl_synergy_2 : 0.001031 [31mtotal : 1.264976 [31mdiag_kl_1 : 0.864128 [31mdiag_kl_2 : 0.275159 [94mAcc_combined: 62.31 [94mAcc_c: 50.75 [94mAcc_g: 62.69 [92mF1_combined: 62.45 [92mF1_c: 23.26 [92mF1_g: 63.24 [95mCEU_cue_audio: 0.5335 [95mCEU_cue_video: 0.5457 [95mCEU_synergy: 0.3335 [95mCEU_coexistence: 0.7714 [97mS:[93m33.3%[97m([91m6.7c[97m-[94mF1:31.0%) [97mU1:[93m53.3%[97m([91m6.0c[97m) [97mU2:[93m54.5%[97m([91m9.0c[97m) [97mR:[93m77.1%[97m([91m40.3c[97m) [97mS-L: [92m0:[96m33% [92m1:[96m33%[39m [39m
2026-07-25 16:15:22,041 - Agent - INFO - [37mVal Epoch 7 step 7 with [31mce_loss_combined : 1.262778 [31mce_loss_c : 0.758757 [31mce_loss_g : 1.274045 [31mkl_synergy_rand_1 : 0.000923 [31mkl_synergy_rand_2 : 0.001037 [31mkl_synergy_1 : 0.000919 [31mkl_synergy_2 : 0.001060 [31mtotal : 1.266717 [31mdiag_kl_1 : 0.829705 [31mdiag_kl_2 : 0.302271 [94mAcc_combined: 63.43 [94mAcc_c: 50.00 [94mAcc_g: 63.81 [92mF1_combined: 63.43 [92mF1_c: 20.24 [92mF1_g: 63.94 [95mCEU_cue_audio: 0.5335 [95mCEU_cue_video: 0.6364 [95mCEU_synergy: 0.3335 [95mCEU_coexistence: 0.7714 [97mS:[93m33.3%[97m([91m6.7c[97m-[94mF1:31.0%) [97mU1:[93m53.3%[97m([91m6.0c[97m) [97mU2:[93m63.6%[97m([91m10.4c[97m) [97mR:[93m77.1%[97m([91m40.3c[97m) [97mS-L: [92m0:[96m33% [92m1:[96m33%[39m [39m
2026-07-25 16:15:25,128 - Agent - INFO - [37mVal Epoch 8 step 8 with [31mce_loss_combined : 1.210539 [31mce_loss_c : 0.727025 [31mce_loss_g : 1.214108 [31mkl_synergy_rand_1 : 0.000875 [31mkl_synergy_rand_2 : 0.000965 [31mkl_synergy_1 : 0.000858 [31mkl_synergy_2 : 0.000975 [31mtotal : 1.214212 [31mdiag_kl_1 : 0.778466 [31mdiag_kl_2 : 0.284935 [94mAcc_combined: 63.81 [94mAcc_c: 52.24 [94mAcc_g: 63.81 [92mF1_combined: 63.94 [92mF1_c: 18.99 [92mF1_g: 64.21 [95mCEU_cue_audio: 0.4665 [95mCEU_cue_video: 0.6819 [95mCEU_synergy: 0.2963 [95mCEU_coexistence: 0.7858 [97mS:[93m29.6%[97m([91m6.0c[97m-[94mF1:28.1%) [97mU1:[93m46.7%[97m([91m5.2c[97m) [97mU2:[93m68.2%[97m([91m11.2c[97m) [97mR:[93m78.6%[97m([91m41.0c[97m) [97mS-L: [92m0:[96m29% [92m1:[96m33%[39m [39m
2026-07-25 16:15:28,211 - Agent - INFO - [37mVal Epoch 9 step 9 with [31mce_loss_combined : 1.175762 [31mce_loss_c : 0.748733 [31mce_loss_g : 1.160555 [31mkl_synergy_rand_1 : 0.000908 [31mkl_synergy_rand_2 : 0.000971 [31mkl_synergy_1 : 0.000872 [31mkl_synergy_2 : 0.000991 [31mtotal : 1.179504 [31mdiag_kl_1 : 0.794935 [31mdiag_kl_2 : 0.186142 [94mAcc_combined: 64.93 [94mAcc_c: 51.12 [94mAcc_g: 64.55 [92mF1_combined: 65.19 [92mF1_c: 19.63 [92mF1_g: 65.45 [95mCEU_cue_audio: 0.4665 [95mCEU_cue_video: 0.6819 [95mCEU_synergy: 0.3335 [95mCEU_coexistence: 0.7858 [97mS:[93m33.3%[97m([91m6.7c[97m-[94mF1:31.0%) [97mU1:[93m46.7%[97m([91m5.2c[97m) [97mU2:[93m68.2%[97m([91m11.2c[97m) [97mR:[93m78.6%[97m([91m41.0c[97m) [97mS-L: [92m0:[96m33% [92m1:[96m33%[39m [39m
2026-07-25 16:15:31,342 - Agent - INFO - [37mVal Epoch 10 step 10 with [31mce_loss_combined : 1.134956 [31mce_loss_c : 0.814553 [31mce_loss_g : 1.181543 [31mkl_synergy_rand_1 : 0.000851 [31mkl_synergy_rand_2 : 0.000982 [31mkl_synergy_1 : 0.000864 [31mkl_synergy_2 : 0.000996 [31mtotal : 1.138648 [31mdiag_kl_1 : 0.762386 [31mdiag_kl_2 : 0.190261 [94mAcc_combined: 66.79 [94mAcc_c: 48.13 [94mAcc_g: 66.79 [92mF1_combined: 66.91 [92mF1_c: 25.67 [92mF1_g: 67.16 [95mCEU_cue_audio: 0.5335 [95mCEU_cue_video: 0.7272 [95mCEU_synergy: 0.3702 [95mCEU_coexistence: 0.7858 [97mS:[93m37.0%[97m([91m7.5c[97m-[94mF1:33.8%) [97mU1:[93m53.3%[97m([91m6.0c[97m) [97mU2:[93m72.7%[97m([91m11.9c[97m) [97mR:[93m78.6%[97m([91m41.0c[97m) [97mS-L: [92m0:[96m38% [92m1:[96m33%[39m [39m
2026-07-25 16:15:34,399 - Agent - INFO - [37mVal Epoch 11 step 11 with [31mce_loss_combined : 1.148622 [31mce_loss_c : 0.834539 [31mce_loss_g : 1.246268 [31mkl_synergy_rand_1 : 0.000989 [31mkl_synergy_rand_2 : 0.001100 [31mkl_synergy_1 : 0.001010 [31mkl_synergy_2 : 0.001094 [31mtotal : 1.152815 [31mdiag_kl_1 : 0.866744 [31mdiag_kl_2 : 0.226270 [94mAcc_combined: 67.16 [94mAcc_c: 50.75 [94mAcc_g: 67.16 [92mF1_combined: 67.16 [92mF1_c: 22.35 [92mF1_g: 67.16 [95mCEU_cue_audio: 0.5335 [95mCEU_cue_video: 0.7272 [95mCEU_synergy: 0.3702 [95mCEU_coexistence: 0.8000 [97mS:[93m37.0%[97m([91m7.5c[97m-[94mF1:33.8%) [97mU1:[93m53.3%[97m([91m6.0c[97m) [97mU2:[93m72.7%[97m([91m11.9c[97m) [97mR:[93m80.0%[97m([91m41.8c[97m) [97mS-L: [92m0:[96m38% [92m1:[96m33%[39m [39m
2026-07-25 16:15:37,489 - Agent - INFO - [37mVal Epoch 12 step 12 with [31mce_loss_combined : 1.275222 [31mce_loss_c : 0.702230 [31mce_loss_g : 1.290304 [31mkl_synergy_rand_1 : 0.001138 [31mkl_synergy_rand_2 : 0.001257 [31mkl_synergy_1 : 0.001142 [31mkl_synergy_2 : 0.001220 [31mtotal : 1.279980 [31mdiag_kl_1 : 1.129452 [31mdiag_kl_2 : 0.557661 [94mAcc_combined: 61.19 [94mAcc_c: 49.25 [94mAcc_g: 62.31 [92mF1_combined: 61.48 [92mF1_c: 5.56 [92mF1_g: 63.00 [95mCEU_cue_audio: 0.4665 [95mCEU_cue_video: 0.5457 [95mCEU_synergy: 0.2223 [95mCEU_coexistence: 0.8143 [97mS:[93m22.2%[97m([91m4.5c[97m-[94mF1:21.8%) [97mU1:[93m46.7%[97m([91m5.2c[97m) [97mU2:[93m54.5%[97m([91m9.0c[97m) [97mR:[93m81.4%[97m([91m42.5c[97m) [97mS-L: [92m0:[96m19% [92m1:[96m33%[39m [39m
2026-07-25 16:15:40,585 - Agent - INFO - [37mVal Epoch 13 step 13 with [31mce_loss_combined : 1.134738 [31mce_loss_c : 0.940616 [31mce_loss_g : 1.104400 [31mkl_synergy_rand_1 : 0.000923 [31mkl_synergy_rand_2 : 0.000968 [31mkl_synergy_1 : 0.000861 [31mkl_synergy_2 : 0.000980 [31mtotal : 1.138470 [31mdiag_kl_1 : 0.843569 [31mdiag_kl_2 : 0.354374 [94mAcc_combined: 64.18 [94mAcc_c: 46.64 [94mAcc_g: 66.04 [92mF1_combined: 64.71 [92mF1_c: 18.29 [92mF1_g: 67.62 [95mCEU_cue_audio: 0.6667 [95mCEU_cue_video: 0.6819 [95mCEU_synergy: 0.3702 [95mCEU_coexistence: 0.7429 [97mS:[93m37.0%[97m([91m7.5c[97m-[94mF1:33.8%) [97mU1:[93m66.7%[97m([91m7.5c[97m) [97mU2:[93m68.2%[97m([91m11.2c[97m) [97mR:[93m74.3%[97m([91m38.8c[97m) [97mS-L: [92m0:[96m38% [92m1:[96m33%[39m [39m
2026-07-25 16:15:43,677 - Agent - INFO - [37mVal Epoch 14 step 14 with [31mce_loss_combined : 1.088511 [31mce_loss_c : 0.942359 [31mce_loss_g : 1.140734 [31mkl_synergy_rand_1 : 0.000898 [31mkl_synergy_rand_2 : 0.001016 [31mkl_synergy_1 : 0.000918 [31mkl_synergy_2 : 0.001032 [31mtotal : 1.092375 [31mdiag_kl_1 : 0.829094 [31mdiag_kl_2 : 0.359229 [94mAcc_combined: 65.30 [94mAcc_c: 47.76 [94mAcc_g: 65.67 [92mF1_combined: 65.68 [92mF1_c: 23.08 [92mF1_g: 66.91 [95mCEU_cue_audio: 0.5335 [95mCEU_cue_video: 0.5907 [95mCEU_synergy: 0.2963 [95mCEU_coexistence: 0.8285 [97mS:[93m29.6%[97m([91m6.0c[97m-[94mF1:28.1%) [97mU1:[93m53.3%[97m([91m6.0c[97m) [97mU2:[93m59.1%[97m([91m9.7c[97m) [97mR:[93m82.9%[97m([91m43.3c[97m) [97mS-L: [92m0:[96m29% [92m1:[96m33%[39m [39m
2026-07-25 16:15:46,762 - Agent - INFO - [37mVal Epoch 15 step 15 with [31mce_loss_combined : 1.155677 [31mce_loss_c : 0.819005 [31mce_loss_g : 1.192226 [31mkl_synergy_rand_1 : 0.001077 [31mkl_synergy_rand_2 : 0.001201 [31mkl_synergy_1 : 0.001046 [31mkl_synergy_2 : 0.001173 [31mtotal : 1.160175 [31mdiag_kl_1 : 0.976511 [31mdiag_kl_2 : 0.476994 [94mAcc_combined: 66.79 [94mAcc_c: 48.88 [94mAcc_g: 66.42 [92mF1_combined: 66.91 [92mF1_c: 16.97 [92mF1_g: 66.91 [95mCEU_cue_audio: 0.5335 [95mCEU_cue_video: 0.5907 [95mCEU_synergy: 0.2963 [95mCEU_coexistence: 0.8714 [97mS:[93m29.6%[97m([91m6.0c[97m-[94mF1:28.1%) [97mU1:[93m53.3%[97m([91m6.0c[97m) [97mU2:[93m59.1%[97m([91m9.7c[97m) [97mR:[93m87.1%[97m([91m45.5c[97m) [97mS-L: [92m0:[96m29% [92m1:[96m33%[39m [39m
2026-07-25 16:15:49,817 - Agent - INFO - [37mVal Epoch 16 step 16 with [31mce_loss_combined : 1.142710 [31mce_loss_c : 0.878398 [31mce_loss_g : 1.146649 [31mkl_synergy_rand_1 : 0.000969 [31mkl_synergy_rand_2 : 0.001086 [31mkl_synergy_1 : 0.000967 [31mkl_synergy_2 : 0.001088 [31mtotal : 1.146820 [31mdiag_kl_1 : 0.872333 [31mdiag_kl_2 : 0.327227 [94mAcc_combined: 63.81 [94mAcc_c: 52.61 [94mAcc_g: 65.67 [92mF1_combined: 63.94 [92mF1_c: 45.96 [92mF1_g: 66.67 [95mCEU_cue_audio: 0.5335 [95mCEU_cue_video: 0.6364 [95mCEU_synergy: 0.3335 [95mCEU_coexistence: 0.7858 [97mS:[93m33.3%[97m([91m6.7c[97m-[94mF1:31.0%) [97mU1:[93m53.3%[97m([91m6.0c[97m) [97mU2:[93m63.6%[97m([91m10.4c[97m) [97mR:[93m78.6%[97m([91m41.0c[97m) [97mS-L: [92m0:[96m33% [92m1:[96m33%[39m [39m
2026-07-25 16:15:52,871 - Agent - INFO - [37mVal Epoch 17 step 17 with [31mce_loss_combined : 1.125853 [31mce_loss_c : 0.885038 [31mce_loss_g : 1.149951 [31mkl_synergy_rand_1 : 0.000986 [31mkl_synergy_rand_2 : 0.001068 [31mkl_synergy_1 : 0.000955 [31mkl_synergy_2 : 0.001067 [31mtotal : 1.129929 [31mdiag_kl_1 : 0.912221 [31mdiag_kl_2 : 0.282843 [94mAcc_combined: 65.67 [94mAcc_c: 48.51 [94mAcc_g: 65.67 [92mF1_combined: 65.93 [92mF1_c: 16.87 [92mF1_g: 66.67 [95mCEU_cue_audio: 0.5335 [95mCEU_cue_video: 0.6364 [95mCEU_synergy: 0.2591 [95mCEU_coexistence: 0.8285 [97mS:[93m25.9%[97m([91m5.2c[97m-[94mF1:25.0%) [97mU1:[93m53.3%[97m([91m6.0c[97m) [97mU2:[93m63.6%[97m([91m10.4c[97m) [97mR:[93m82.9%[97m([91m43.3c[97m) [97mS-L: [92m0:[96m24% [92m1:[96m33%[39m [39m
2026-07-25 16:15:55,924 - Agent - INFO - [37mVal Epoch 18 step 18 with [31mce_loss_combined : 1.332838 [31mce_loss_c : 0.999715 [31mce_loss_g : 1.338374 [31mkl_synergy_rand_1 : 0.000938 [31mkl_synergy_rand_2 : 0.001052 [31mkl_synergy_1 : 0.000944 [31mkl_synergy_2 : 0.001046 [31mtotal : 1.336818 [31mdiag_kl_1 : 0.823070 [31mdiag_kl_2 : 0.235027 [94mAcc_combined: 62.69 [94mAcc_c: 50.00 [94mAcc_g: 63.81 [92mF1_combined: 62.69 [92mF1_c: 46.83 [92mF1_g: 64.47 [95mCEU_cue_audio: 0.5335 [95mCEU_cue_video: 0.6819 [95mCEU_synergy: 0.2963 [95mCEU_coexistence: 0.7571 [97mS:[93m29.6%[97m([91m6.0c[97m-[94mF1:26.0%) [97mU1:[93m53.3%[97m([91m6.0c[97m) [97mU2:[93m68.2%[97m([91m11.2c[97m) [97mR:[93m75.7%[97m([91m39.6c[97m) [97mS-L: [92m0:[96m33% [92m1:[96m17%[39m [39m
2026-07-25 16:15:59,031 - Agent - INFO - [37mVal Epoch 19 step 19 with [31mce_loss_combined : 1.376197 [31mce_loss_c : 0.818064 [31mce_loss_g : 1.438173 [31mkl_synergy_rand_1 : 0.001041 [31mkl_synergy_rand_2 : 0.001146 [31mkl_synergy_1 : 0.001035 [31mkl_synergy_2 : 0.001193 [31mtotal : 1.380612 [31mdiag_kl_1 : 0.930673 [31mdiag_kl_2 : 0.302769 [94mAcc_combined: 63.06 [94mAcc_c: 55.60 [94mAcc_g: 62.69 [92mF1_combined: 63.20 [92mF1_c: 51.03 [92mF1_g: 63.50 [95mCEU_cue_audio: 0.6667 [95mCEU_cue_video: 0.6819 [95mCEU_synergy: 0.3335 [95mCEU_coexistence: 0.7286 [97mS:[93m33.3%[97m([91m6.7c[97m-[94mF1:28.5%) [97mU1:[93m66.7%[97m([91m7.5c[97m) [97mU2:[93m68.2%[97m([91m11.2c[97m) [97mR:[93m72.9%[97m([91m38.1c[97m) [97mS-L: [92m0:[96m38% [92m1:[96m17%[39m [39m
2026-07-25 16:16:02,107 - Evaluator - INFO - New best with accuracy-
2026-07-25 16:16:02,107 - Agent - INFO - [37mVal Epoch 20 step 20 with [31mce_loss_combined : 1.110598 [31mce_loss_c : 0.981296 [31mce_loss_g : 1.171331 [31mkl_synergy_rand_1 : 0.001015 [31mkl_synergy_rand_2 : 0.001131 [31mkl_synergy_1 : 0.001013 [31mkl_synergy_2 : 0.001136 [31mtotal : 1.114892 [31mdiag_kl_1 : 0.927324 [31mdiag_kl_2 : 0.333550 [94mAcc_combined: 67.91 [94mAcc_c: 54.85 [94mAcc_g: 67.54 [92mF1_combined: 68.15 [92mF1_c: 52.55 [92mF1_g: 67.90 [95mCEU_cue_audio: 0.5335 [95mCEU_cue_video: 0.7272 [95mCEU_synergy: 0.3335 [95mCEU_coexistence: 0.8285 [97mS:[93m33.3%[97m([91m6.7c[97m-[94mF1:31.0%) [97mU1:[93m53.3%[97m([91m6.0c[97m) [97mU2:[93m72.7%[97m([91m11.9c[97m) [97mR:[93m82.9%[97m([91m43.3c[97m) [97mS-L: [92m0:[96m33% [92m1:[96m33%[39m [39m
2026-07-25 16:16:02,126 - Agent - INFO - [37mTest Epoch 20 step 20 with [31mce_loss_combined : 1.367251 [31mce_loss_c : 0.960077 [31mce_loss_g : 1.544255 [31mkl_synergy_rand_1 : 0.000855 [31mkl_synergy_rand_2 : 0.000968 [31mkl_synergy_1 : 0.000860 [31mkl_synergy_2 : 0.000993 [31mtotal : 1.370928 [31mdiag_kl_1 : 0.789083 [31mdiag_kl_2 : 0.376868 [94mAcc_combined: 61.57 [94mAcc_c: 52.61 [94mAcc_g: 61.94 [92mF1_combined: 61.71 [92mF1_c: 49.00 [92mF1_g: 63.31 [95mCEU_cue_audio: 0.5713 [95mCEU_cue_video: 0.7391 [95mCEU_synergy: 0.3590 [95mCEU_coexistence: 0.7415 [97mS:[93m35.9%[97m([91m10.4c[97m-[94mF1:31.4%) [97mU1:[93m57.1%[97m([91m6.0c[97m) [97mU2:[93m73.9%[97m([91m12.7c[97m) [97mR:[93m74.1%[97m([91m32.1c[97m) [97mS-L: [92m0:[96m34% [92m1:[96m50%[39m [39m
2026-07-25 16:16:02,830 - Agent - INFO - [37mModel saved successfully at: ./artifacts/models/multibench/mustard/vt/SynIB_RMask_REFABL_mustard_fold0_l0.001_perturbrandom_fillema_pmin0.1_refclass_prior_lr0.0005_wd0.001.pth.tar[39m
2026-07-25 16:16:06,002 - Agent - INFO - [37mVal Epoch 21 step 21 with [31mce_loss_combined : 1.376660 [31mce_loss_c : 1.116281 [31mce_loss_g : 1.454983 [31mkl_synergy_rand_1 : 0.000933 [31mkl_synergy_rand_2 : 0.001074 [31mkl_synergy_1 : 0.000969 [31mkl_synergy_2 : 0.001117 [31mtotal : 1.380753 [31mdiag_kl_1 : 0.830459 [31mdiag_kl_2 : 0.301209 [94mAcc_combined: 62.69 [94mAcc_c: 54.48 [94mAcc_g: 63.81 [92mF1_combined: 63.24 [92mF1_c: 52.71 [92mF1_g: 64.73 [95mCEU_cue_audio: 0.5335 [95mCEU_cue_video: 0.6819 [95mCEU_synergy: 0.3335 [95mCEU_coexistence: 0.7429 [97mS:[93m33.3%[97m([91m6.7c[97m-[94mF1:28.5%) [97mU1:[93m53.3%[97m([91m6.0c[97m) [97mU2:[93m68.2%[97m([91m11.2c[97m) [97mR:[93m74.3%[97m([91m38.8c[97m) [97mS-L: [92m0:[96m38% [92m1:[96m17%[39m [39m
2026-07-25 16:16:09,120 - Agent - INFO - [37mVal Epoch 22 step 22 with [31mce_loss_combined : 1.228630 [31mce_loss_c : 0.950700 [31mce_loss_g : 1.210106 [31mkl_synergy_rand_1 : 0.001120 [31mkl_synergy_rand_2 : 0.001224 [31mkl_synergy_1 : 0.001090 [31mkl_synergy_2 : 0.001203 [31mtotal : 1.233268 [31mdiag_kl_1 : 1.027038 [31mdiag_kl_2 : 0.274878 [94mAcc_combined: 66.42 [94mAcc_c: 57.84 [94mAcc_g: 66.79 [92mF1_combined: 66.42 [92mF1_c: 56.03 [92mF1_g: 67.16 [95mCEU_cue_audio: 0.5335 [95mCEU_cue_video: 0.6819 [95mCEU_synergy: 0.2963 [95mCEU_coexistence: 0.8285 [97mS:[93m29.6%[97m([91m6.0c[97m-[94mF1:28.1%) [97mU1:[93m53.3%[97m([91m6.0c[97m) [97mU2:[93m68.2%[97m([91m11.2c[97m) [97mR:[93m82.9%[97m([91m43.3c[97m) [97mS-L: [92m0:[96m29% [92m1:[96m33%[39m [39m
2026-07-25 16:16:12,266 - Agent - INFO - [37mVal Epoch 23 step 23 with [31mce_loss_combined : 1.313508 [31mce_loss_c : 1.055480 [31mce_loss_g : 1.270158 [31mkl_synergy_rand_1 : 0.001105 [31mkl_synergy_rand_2 : 0.001187 [31mkl_synergy_1 : 0.001084 [31mkl_synergy_2 : 0.001173 [31mtotal : 1.318057 [31mdiag_kl_1 : 0.985449 [31mdiag_kl_2 : 0.234898 [94mAcc_combined: 65.67 [94mAcc_c: 52.24 [94mAcc_g: 66.42 [92mF1_combined: 65.93 [92mF1_c: 49.21 [92mF1_g: 66.91 [95mCEU_cue_audio: 0.5335 [95mCEU_cue_video: 0.6819 [95mCEU_synergy: 0.2963 [95mCEU_coexistence: 0.8000 [97mS:[93m29.6%[97m([91m6.0c[97m-[94mF1:28.1%) [97mU1:[93m53.3%[97m([91m6.0c[97m) [97mU2:[93m68.2%[97m([91m11.2c[97m) [97mR:[93m80.0%[97m([91m41.8c[97m) [97mS-L: [92m0:[96m29% [92m1:[96m33%[39m [39m
2026-07-25 16:16:15,366 - Agent - INFO - [37mVal Epoch 24 step 24 with [31mce_loss_combined : 1.413210 [31mce_loss_c : 1.560336 [31mce_loss_g : 1.446193 [31mkl_synergy_rand_1 : 0.000915 [31mkl_synergy_rand_2 : 0.001031 [31mkl_synergy_1 : 0.000977 [31mkl_synergy_2 : 0.001076 [31mtotal : 1.417208 [31mdiag_kl_1 : 0.815035 [31mdiag_kl_2 : 0.265666 [94mAcc_combined: 60.07 [94mAcc_c: 47.76 [94mAcc_g: 66.79 [92mF1_combined: 62.72 [92mF1_c: 46.15 [92mF1_g: 67.16 [95mCEU_cue_audio: 0.6667 [95mCEU_cue_video: 0.6819 [95mCEU_synergy: 0.3702 [95mCEU_coexistence: 0.7571 [97mS:[93m37.0%[97m([91m7.5c[97m-[94mF1:31.0%) [97mU1:[93m66.7%[97m([91m7.5c[97m) [97mU2:[93m68.2%[97m([91m11.2c[97m) [97mR:[93m75.7%[97m([91m39.6c[97m) [97mS-L: [92m0:[96m43% [92m1:[96m17%[39m [39m
2026-07-25 16:16:18,484 - Agent - INFO - [37mVal Epoch 25 step 25 with [31mce_loss_combined : 1.477082 [31mce_loss_c : 1.025918 [31mce_loss_g : 1.478050 [31mkl_synergy_rand_1 : 0.001183 [31mkl_synergy_rand_2 : 0.001350 [31mkl_synergy_1 : 0.001220 [31mkl_synergy_2 : 0.001360 [31mtotal : 1.482196 [31mdiag_kl_1 : 1.061909 [31mdiag_kl_2 : 0.320897 [94mAcc_combined: 66.04 [94mAcc_c: 57.84 [94mAcc_g: 65.67 [92mF1_combined: 66.42 [92mF1_c: 53.88 [92mF1_g: 66.42 [95mCEU_cue_audio: 0.6667 [95mCEU_cue_video: 0.6819 [95mCEU_synergy: 0.4074 [95mCEU_coexistence: 0.7429 [97mS:[93m40.7%[97m([91m8.2c[97m-[94mF1:36.5%) [97mU1:[93m66.7%[97m([91m7.5c[97m) [97mU2:[93m68.2%[97m([91m11.2c[97m) [97mR:[93m74.3%[97m([91m38.8c[97m) [97mS-L: [92m0:[96m43% [92m1:[96m33%[39m [39m
2026-07-25 16:16:21,591 - Agent - INFO - [37mVal Epoch 26 step 26 with [31mce_loss_combined : 1.425191 [31mce_loss_c : 0.786817 [31mce_loss_g : 1.408631 [31mkl_synergy_rand_1 : 0.001287 [31mkl_synergy_rand_2 : 0.001379 [31mkl_synergy_1 : 0.001299 [31mkl_synergy_2 : 0.001365 [31mtotal : 1.430520 [31mdiag_kl_1 : 1.153652 [31mdiag_kl_2 : 0.253987 [94mAcc_combined: 65.67 [94mAcc_c: 58.21 [94mAcc_g: 66.79 [92mF1_combined: 65.93 [92mF1_c: 51.30 [92mF1_g: 67.40 [95mCEU_cue_audio: 0.5335 [95mCEU_cue_video: 0.7272 [95mCEU_synergy: 0.3335 [95mCEU_coexistence: 0.8000 [97mS:[93m33.3%[97m([91m6.7c[97m-[94mF1:31.0%) [97mU1:[93m53.3%[97m([91m6.0c[97m) [97mU2:[93m72.7%[97m([91m11.9c[97m) [97mR:[93m80.0%[97m([91m41.8c[97m) [97mS-L: [92m0:[96m33% [92m1:[96m33%[39m [39m
2026-07-25 16:16:24,691 - Agent - INFO - [37mVal Epoch 27 step 27 with [31mce_loss_combined : 1.443372 [31mce_loss_c : 0.904312 [31mce_loss_g : 1.452379 [31mkl_synergy_rand_1 : 0.001175 [31mkl_synergy_rand_2 : 0.001304 [31mkl_synergy_1 : 0.001202 [31mkl_synergy_2 : 0.001302 [31mtotal : 1.448356 [31mdiag_kl_1 : 1.069917 [31mdiag_kl_2 : 0.282247 [94mAcc_combined: 67.91 [94mAcc_c: 53.36 [94mAcc_g: 67.16 [92mF1_combined: 67.91 [92mF1_c: 45.41 [92mF1_g: 67.65 [95mCEU_cue_audio: 0.6667 [95mCEU_cue_video: 0.6819 [95mCEU_synergy: 0.4074 [95mCEU_coexistence: 0.7858 [97mS:[93m40.7%[97m([91m8.2c[97m-[94mF1:36.5%) [97mU1:[93m66.7%[97m([91m7.5c[97m) [97mU2:[93m68.2%[97m([91m11.2c[97m) [97mR:[93m78.6%[97m([91m41.0c[97m) [97mS-L: [92m0:[96m43% [92m1:[96m33%[39m [39m
2026-07-25 16:16:27,782 - Agent - INFO - [37mVal Epoch 28 step 28 with [31mce_loss_combined : 1.422080 [31mce_loss_c : 1.139190 [31mce_loss_g : 1.455757 [31mkl_synergy_rand_1 : 0.001108 [31mkl_synergy_rand_2 : 0.001212 [31mkl_synergy_1 : 0.001113 [31mkl_synergy_2 : 0.001220 [31mtotal : 1.426732 [31mdiag_kl_1 : 1.035068 [31mdiag_kl_2 : 0.418450 [94mAcc_combined: 64.55 [94mAcc_c: 55.22 [94mAcc_g: 64.18 [92mF1_combined: 64.68 [92mF1_c: 53.49 [92mF1_g: 64.96 [95mCEU_cue_audio: 0.3333 [95mCEU_cue_video: 0.6819 [95mCEU_synergy: 0.2963 [95mCEU_coexistence: 0.8285 [97mS:[93m29.6%[97m([91m6.0c[97m-[94mF1:28.1%) [97mU1:[93m33.3%[97m([91m3.7c[97m) [97mU2:[93m68.2%[97m([91m11.2c[97m) [97mR:[93m82.9%[97m([91m43.3c[97m) [97mS-L: [92m0:[96m29% [92m1:[96m33%[39m [39m
2026-07-25 16:16:30,924 - Evaluator - INFO - New best with syn_accuracy-
2026-07-25 16:16:30,925 - Agent - INFO - [37mVal Epoch 29 step 29 with [31mce_loss_combined : 1.507731 [31mce_loss_c : 1.128363 [31mce_loss_g : 1.445626 [31mkl_synergy_rand_1 : 0.000919 [31mkl_synergy_rand_2 : 0.001084 [31mkl_synergy_1 : 0.001014 [31mkl_synergy_2 : 0.001066 [31mtotal : 1.511814 [31mdiag_kl_1 : 0.836064 [31mdiag_kl_2 : 0.434072 [94mAcc_combined: 59.33 [94mAcc_c: 50.00 [94mAcc_g: 61.19 [92mF1_combined: 59.48 [92mF1_c: 48.46 [92mF1_g: 62.32 [95mCEU_cue_audio: 0.6000 [95mCEU_cue_video: 0.6364 [95mCEU_synergy: 0.4447 [95mCEU_coexistence: 0.6286 [97mS:[93m44.4%[97m([91m9.0c[97m-[94mF1:35.6%) [97mU1:[93m60.0%[97m([91m6.7c[97m) [97mU2:[93m63.6%[97m([91m10.4c[97m) [97mR:[93m62.9%[97m([91m32.8c[97m) [97mS-L: [92m0:[96m52% [92m1:[96m17%[39m [39m
2026-07-25 16:16:30,944 - Agent - INFO - [37mTest Epoch 29 step 29 with [31mce_loss_combined : 1.331911 [31mce_loss_c : 0.993462 [31mce_loss_g : 1.476055 [31mkl_synergy_rand_1 : 0.000862 [31mkl_synergy_rand_2 : 0.000949 [31mkl_synergy_1 : 0.000837 [31mkl_synergy_2 : 0.000966 [31mtotal : 1.335526 [31mdiag_kl_1 : 0.785827 [31mdiag_kl_2 : 0.676080 [94mAcc_combined: 58.96 [94mAcc_c: 53.36 [94mAcc_g: 61.57 [92mF1_combined: 59.56 [92mF1_c: 50.59 [92mF1_g: 63.35 [95mCEU_cue_audio: 0.5713 [95mCEU_cue_video: 0.6086 [95mCEU_synergy: 0.6155 [95mCEU_coexistence: 0.5690 [97mS:[93m61.5%[97m([91m17.9c[97m-[94mF1:43.6%) [97mU1:[93m57.1%[97m([91m6.0c[97m) [97mU2:[93m60.9%[97m([91m10.4c[97m) [97mR:[93m56.9%[97m([91m24.6c[97m) [97mS-L: [92m0:[96m66% [92m1:[96m25%[39m [39m
2026-07-25 16:16:31,655 - Agent - INFO - [37mModel saved successfully at: ./artifacts/models/multibench/mustard/vt/SynIB_RMask_REFABL_mustard_fold0_l0.001_perturbrandom_fillema_pmin0.1_refclass_prior_lr0.0005_wd0.001.pth.tar[39m
2026-07-25 16:16:34,806 - Agent - INFO - [37mVal Epoch 30 step 30 with [31mce_loss_combined : 1.470031 [31mce_loss_c : 0.991970 [31mce_loss_g : 1.376232 [31mkl_synergy_rand_1 : 0.001100 [31mkl_synergy_rand_2 : 0.001197 [31mkl_synergy_1 : 0.001136 [31mkl_synergy_2 : 0.001168 [31mtotal : 1.474634 [31mdiag_kl_1 : 1.032269 [31mdiag_kl_2 : 0.363662 [94mAcc_combined: 62.31 [94mAcc_c: 54.10 [94mAcc_g: 63.43 [92mF1_combined: 62.73 [92mF1_c: 52.51 [92mF1_g: 65.00 [95mCEU_cue_audio: 0.3333 [95mCEU_cue_video: 0.6364 [95mCEU_synergy: 0.2963 [95mCEU_coexistence: 0.8143 [97mS:[93m29.6%[97m([91m6.0c[97m-[94mF1:28.1%) [97mU1:[93m33.3%[97m([91m3.7c[97m) [97mU2:[93m63.6%[97m([91m10.4c[97m) [97mR:[93m81.4%[97m([91m42.5c[97m) [97mS-L: [92m0:[96m29% [92m1:[96m33%[39m [39m
2026-07-25 16:16:37,879 - Agent - INFO - [37mVal Epoch 31 step 31 with [31mce_loss_combined : 1.534007 [31mce_loss_c : 1.478301 [31mce_loss_g : 1.466050 [31mkl_synergy_rand_1 : 0.000968 [31mkl_synergy_rand_2 : 0.001100 [31mkl_synergy_1 : 0.001010 [31mkl_synergy_2 : 0.001121 [31mtotal : 1.538205 [31mdiag_kl_1 : 0.896706 [31mdiag_kl_2 : 0.384044 [94mAcc_combined: 63.06 [94mAcc_c: 45.52 [94mAcc_g: 62.31 [92mF1_combined: 63.20 [92mF1_c: 45.11 [92mF1_g: 62.73 [95mCEU_cue_audio: 0.6000 [95mCEU_cue_video: 0.6819 [95mCEU_synergy: 0.4074 [95mCEU_coexistence: 0.7000 [97mS:[93m40.7%[97m([91m8.2c[97m-[94mF1:33.3%) [97mU1:[93m60.0%[97m([91m6.7c[97m) [97mU2:[93m68.2%[97m([91m11.2c[97m) [97mR:[93m70.0%[97m([91m36.6c[97m) [97mS-L: [92m0:[96m48% [92m1:[96m17%[39m [39m
2026-07-25 16:16:41,031 - Agent - INFO - [37mVal Epoch 32 step 32 with [31mce_loss_combined : 1.561260 [31mce_loss_c : 1.196084 [31mce_loss_g : 1.457821 [31mkl_synergy_rand_1 : 0.001278 [31mkl_synergy_rand_2 : 0.001453 [31mkl_synergy_1 : 0.001355 [31mkl_synergy_2 : 0.001457 [31mtotal : 1.566803 [31mdiag_kl_1 : 1.155397 [31mdiag_kl_2 : 0.322530 [94mAcc_combined: 64.93 [94mAcc_c: 50.00 [94mAcc_g: 64.55 [92mF1_combined: 64.93 [92mF1_c: 47.24 [92mF1_g: 64.94 [95mCEU_cue_audio: 0.5335 [95mCEU_cue_video: 0.6364 [95mCEU_synergy: 0.4447 [95mCEU_coexistence: 0.7571 [97mS:[93m44.4%[97m([91m9.0c[97m-[94mF1:39.1%) [97mU1:[93m53.3%[97m([91m6.0c[97m) [97mU2:[93m63.6%[97m([91m10.4c[97m) [97mR:[93m75.7%[97m([91m39.6c[97m) [97mS-L: [92m0:[96m48% [92m1:[96m33%[39m [39m
2026-07-25 16:16:44,126 - Agent - INFO - [37mVal Epoch 33 step 33 with [31mce_loss_combined : 1.425143 [31mce_loss_c : 1.306432 [31mce_loss_g : 1.438955 [31mkl_synergy_rand_1 : 0.001242 [31mkl_synergy_rand_2 : 0.001343 [31mkl_synergy_1 : 0.001260 [31mkl_synergy_2 : 0.001345 [31mtotal : 1.430334 [31mdiag_kl_1 : 1.124830 [31mdiag_kl_2 : 0.322987 [94mAcc_combined: 65.67 [94mAcc_c: 51.12 [94mAcc_g: 65.30 [92mF1_combined: 65.67 [92mF1_c: 50.19 [92mF1_g: 65.68 [95mCEU_cue_audio: 0.5335 [95mCEU_cue_video: 0.6819 [95mCEU_synergy: 0.4074 [95mCEU_coexistence: 0.7714 [97mS:[93m40.7%[97m([91m8.2c[97m-[94mF1:33.3%) [97mU1:[93m53.3%[97m([91m6.0c[97m) [97mU2:[93m68.2%[97m([91m11.2c[97m) [97mR:[93m77.1%[97m([91m40.3c[97m) [97mS-L: [92m0:[96m48% [92m1:[96m17%[39m [39m
2026-07-25 16:16:47,233 - Agent - INFO - [37mVal Epoch 34 step 34 with [31mce_loss_combined : 1.331357 [31mce_loss_c : 1.398554 [31mce_loss_g : 1.457731 [31mkl_synergy_rand_1 : 0.001113 [31mkl_synergy_rand_2 : 0.001196 [31mkl_synergy_1 : 0.001147 [31mkl_synergy_2 : 0.001157 [31mtotal : 1.335969 [31mdiag_kl_1 : 1.004488 [31mdiag_kl_2 : 0.350832 [94mAcc_combined: 65.67 [94mAcc_c: 50.37 [94mAcc_g: 65.30 [92mF1_combined: 65.93 [92mF1_c: 49.81 [92mF1_g: 65.93 [95mCEU_cue_audio: 0.5335 [95mCEU_cue_video: 0.7272 [95mCEU_synergy: 0.4074 [95mCEU_coexistence: 0.7571 [97mS:[93m40.7%[97m([91m8.2c[97m-[94mF1:33.3%) [97mU1:[93m53.3%[97m([91m6.0c[97m) [97mU2:[93m72.7%[97m([91m11.9c[97m) [97mR:[93m75.7%[97m([91m39.6c[97m) [97mS-L: [92m0:[96m48% [92m1:[96m17%[39m [39m
2026-07-25 16:16:50,369 - Agent - INFO - [37mVal Epoch 35 step 35 with [31mce_loss_combined : 1.440126 [31mce_loss_c : 1.216697 [31mce_loss_g : 1.457552 [31mkl_synergy_rand_1 : 0.001160 [31mkl_synergy_rand_2 : 0.001276 [31mkl_synergy_1 : 0.001209 [31mkl_synergy_2 : 0.001235 [31mtotal : 1.445005 [31mdiag_kl_1 : 1.053046 [31mdiag_kl_2 : 0.268173 [94mAcc_combined: 65.30 [94mAcc_c: 53.73 [94mAcc_g: 65.30 [92mF1_combined: 65.93 [92mF1_c: 52.67 [92mF1_g: 66.43 [95mCEU_cue_audio: 0.4000 [95mCEU_cue_video: 0.6819 [95mCEU_synergy: 0.4074 [95mCEU_coexistence: 0.7858 [97mS:[93m40.7%[97m([91m8.2c[97m-[94mF1:36.5%) [97mU1:[93m40.0%[97m([91m4.5c[97m) [97mU2:[93m68.2%[97m([91m11.2c[97m) [97mR:[93m78.6%[97m([91m41.0c[97m) [97mS-L: [92m0:[96m43% [92m1:[96m33%[39m [39m
2026-07-25 16:16:53,501 - Agent - INFO - [37mVal Epoch 36 step 36 with [31mce_loss_combined : 1.503018 [31mce_loss_c : 1.313184 [31mce_loss_g : 1.499068 [31mkl_synergy_rand_1 : 0.001143 [31mkl_synergy_rand_2 : 0.001248 [31mkl_synergy_1 : 0.001183 [31mkl_synergy_2 : 0.001257 [31mtotal : 1.507849 [31mdiag_kl_1 : 1.054815 [31mdiag_kl_2 : 0.291219 [94mAcc_combined: 64.55 [94mAcc_c: 50.37 [94mAcc_g: 63.81 [92mF1_combined: 64.94 [92mF1_c: 49.04 [92mF1_g: 64.21 [95mCEU_cue_audio: 0.5335 [95mCEU_cue_video: 0.7272 [95mCEU_synergy: 0.4074 [95mCEU_coexistence: 0.7571 [97mS:[93m40.7%[97m([91m8.2c[97m-[94mF1:33.3%) [97mU1:[93m53.3%[97m([91m6.0c[97m) [97mU2:[93m72.7%[97m([91m11.9c[97m) [97mR:[93m75.7%[97m([91m39.6c[97m) [97mS-L: [92m0:[96m48% [92m1:[96m17%[39m [39m
2026-07-25 16:16:56,649 - Agent - INFO - [37mVal Epoch 37 step 37 with [31mce_loss_combined : 1.365698 [31mce_loss_c : 1.433038 [31mce_loss_g : 1.509939 [31mkl_synergy_rand_1 : 0.001113 [31mkl_synergy_rand_2 : 0.001182 [31mkl_synergy_1 : 0.001141 [31mkl_synergy_2 : 0.001203 [31mtotal : 1.370336 [31mdiag_kl_1 : 1.035235 [31mdiag_kl_2 : 0.269337 [94mAcc_combined: 66.04 [94mAcc_c: 54.10 [94mAcc_g: 64.93 [92mF1_combined: 66.42 [92mF1_c: 53.58 [92mF1_g: 65.69 [95mCEU_cue_audio: 0.4665 [95mCEU_cue_video: 0.7272 [95mCEU_synergy: 0.4447 [95mCEU_coexistence: 0.7858 [97mS:[93m44.4%[97m([91m9.0c[97m-[94mF1:39.1%) [97mU1:[93m46.7%[97m([91m5.2c[97m) [97mU2:[93m72.7%[97m([91m11.9c[97m) [97mR:[93m78.6%[97m([91m41.0c[97m) [97mS-L: [92m0:[96m48% [92m1:[96m33%[39m [39m
2026-07-25 16:16:59,770 - Agent - INFO - [37mVal Epoch 38 step 38 with [31mce_loss_combined : 1.411792 [31mce_loss_c : 1.870092 [31mce_loss_g : 1.434365 [31mkl_synergy_rand_1 : 0.000941 [31mkl_synergy_rand_2 : 0.001063 [31mkl_synergy_1 : 0.001010 [31mkl_synergy_2 : 0.001038 [31mtotal : 1.415844 [31mdiag_kl_1 : 0.850595 [31mdiag_kl_2 : 0.270620 [94mAcc_combined: 65.30 [94mAcc_c: 46.64 [94mAcc_g: 66.42 [92mF1_combined: 65.68 [92mF1_c: 46.44 [92mF1_g: 66.91 [95mCEU_cue_audio: 0.4000 [95mCEU_cue_video: 0.6364 [95mCEU_synergy: 0.4074 [95mCEU_coexistence: 0.7858 [97mS:[93m40.7%[97m([91m8.2c[97m-[94mF1:36.5%) [97mU1:[93m40.0%[97m([91m4.5c[97m) [97mU2:[93m63.6%[97m([91m10.4c[97m) [97mR:[93m78.6%[97m([91m41.0c[97m) [97mS-L: [92m0:[96m43% [92m1:[96m33%[39m [39m
2026-07-25 16:17:02,880 - Agent - INFO - [37mVal Epoch 39 step 39 with [31mce_loss_combined : 1.537911 [31mce_loss_c : 1.388019 [31mce_loss_g : 1.487589 [31mkl_synergy_rand_1 : 0.001222 [31mkl_synergy_rand_2 : 0.001327 [31mkl_synergy_1 : 0.001247 [31mkl_synergy_2 : 0.001275 [31mtotal : 1.542982 [31mdiag_kl_1 : 1.134575 [31mdiag_kl_2 : 0.367221 [94mAcc_combined: 63.81 [94mAcc_c: 51.87 [94mAcc_g: 64.18 [92mF1_combined: 64.21 [92mF1_c: 51.32 [92mF1_g: 64.96 [95mCEU_cue_audio: 0.3333 [95mCEU_cue_video: 0.6819 [95mCEU_synergy: 0.4447 [95mCEU_coexistence: 0.7858 [97mS:[93m44.4%[97m([91m9.0c[97m-[94mF1:39.1%) [97mU1:[93m33.3%[97m([91m3.7c[97m) [97mU2:[93m68.2%[97m([91m11.2c[97m) [97mR:[93m78.6%[97m([91m41.0c[97m) [97mS-L: [92m0:[96m48% [92m1:[96m33%[39m [39m
2026-07-25 16:17:05,961 - Agent - INFO - [37mVal Epoch 40 step 40 with [31mce_loss_combined : 1.592181 [31mce_loss_c : 1.785891 [31mce_loss_g : 1.719229 [31mkl_synergy_rand_1 : 0.001166 [31mkl_synergy_rand_2 : 0.001264 [31mkl_synergy_1 : 0.001221 [31mkl_synergy_2 : 0.001272 [31mtotal : 1.597103 [31mdiag_kl_1 : 1.017202 [31mdiag_kl_2 : 0.417394 [94mAcc_combined: 64.18 [94mAcc_c: 50.75 [94mAcc_g: 63.81 [92mF1_combined: 64.18 [92mF1_c: 50.38 [92mF1_g: 63.94 [95mCEU_cue_audio: 0.6000 [95mCEU_cue_video: 0.6364 [95mCEU_synergy: 0.4074 [95mCEU_coexistence: 0.7429 [97mS:[93m40.7%[97m([91m8.2c[97m-[94mF1:33.3%) [97mU1:[93m60.0%[97m([91m6.7c[97m) [97mU2:[93m63.6%[97m([91m10.4c[97m) [97mR:[93m74.3%[97m([91m38.8c[97m) [97mS-L: [92m0:[96m48% [92m1:[96m17%[39m [39m
2026-07-25 16:17:09,103 - Agent - INFO - [37mVal Epoch 41 step 41 with [31mce_loss_combined : 1.507505 [31mce_loss_c : 1.674966 [31mce_loss_g : 1.668485 [31mkl_synergy_rand_1 : 0.001123 [31mkl_synergy_rand_2 : 0.001208 [31mkl_synergy_1 : 0.001158 [31mkl_synergy_2 : 0.001261 [31mtotal : 1.512254 [31mdiag_kl_1 : 1.023879 [31mdiag_kl_2 : 0.377668 [94mAcc_combined: 64.18 [94mAcc_c: 50.00 [94mAcc_g: 64.55 [92mF1_combined: 64.44 [92mF1_c: 49.24 [92mF1_g: 64.68 [95mCEU_cue_audio: 0.5335 [95mCEU_cue_video: 0.6364 [95mCEU_synergy: 0.4074 [95mCEU_coexistence: 0.7571 [97mS:[93m40.7%[97m([91m8.2c[97m-[94mF1:33.3%) [97mU1:[93m53.3%[97m([91m6.0c[97m) [97mU2:[93m63.6%[97m([91m10.4c[97m) [97mR:[93m75.7%[97m([91m39.6c[97m) [97mS-L: [92m0:[96m48% [92m1:[96m17%[39m [39m
2026-07-25 16:17:12,202 - Agent - INFO - [37mVal Epoch 42 step 42 with [31mce_loss_combined : 1.514631 [31mce_loss_c : 1.554041 [31mce_loss_g : 1.530027 [31mkl_synergy_rand_1 : 0.001241 [31mkl_synergy_rand_2 : 0.001327 [31mkl_synergy_1 : 0.001255 [31mkl_synergy_2 : 0.001342 [31mtotal : 1.519795 [31mdiag_kl_1 : 1.194289 [31mdiag_kl_2 : 0.333317 [94mAcc_combined: 64.93 [94mAcc_c: 48.13 [94mAcc_g: 65.30 [92mF1_combined: 65.19 [92mF1_c: 47.94 [92mF1_g: 65.68 [95mCEU_cue_audio: 0.4000 [95mCEU_cue_video: 0.6819 [95mCEU_synergy: 0.3335 [95mCEU_coexistence: 0.8000 [97mS:[93m33.3%[97m([91m6.7c[97m-[94mF1:31.0%) [97mU1:[93m40.0%[97m([91m4.5c[97m) [97mU2:[93m68.2%[97m([91m11.2c[97m) [97mR:[93m80.0%[97m([91m41.8c[97m) [97mS-L: [92m0:[96m33% [92m1:[96m33%[39m [39m
2026-07-25 16:17:15,238 - Agent - INFO - [37mVal Epoch 43 step 43 with [31mce_loss_combined : 1.797392 [31mce_loss_c : 1.566067 [31mce_loss_g : 1.664205 [31mkl_synergy_rand_1 : 0.001195 [31mkl_synergy_rand_2 : 0.001340 [31mkl_synergy_1 : 0.001223 [31mkl_synergy_2 : 0.001336 [31mtotal : 1.802486 [31mdiag_kl_1 : 1.098215 [31mdiag_kl_2 : 0.520158 [94mAcc_combined: 60.07 [94mAcc_c: 42.54 [94mAcc_g: 63.06 [92mF1_combined: 61.92 [92mF1_c: 40.77 [92mF1_g: 63.74 [95mCEU_cue_audio: 0.6000 [95mCEU_cue_video: 0.5457 [95mCEU_synergy: 0.4074 [95mCEU_coexistence: 0.7571 [97mS:[93m40.7%[97m([91m8.2c[97m-[94mF1:28.9%) [97mU1:[93m60.0%[97m([91m6.7c[97m) [97mU2:[93m54.5%[97m([91m9.0c[97m) [97mR:[93m75.7%[97m([91m39.6c[97m) [97mS-L: [92m0:[96m52%[39m [39m
2026-07-25 16:17:18,398 - Agent - INFO - [37mVal Epoch 44 step 44 with [31mce_loss_combined : 1.516654 [31mce_loss_c : 1.566192 [31mce_loss_g : 1.484186 [31mkl_synergy_rand_1 : 0.001016 [31mkl_synergy_rand_2 : 0.001088 [31mkl_synergy_1 : 0.001073 [31mkl_synergy_2 : 0.001084 [31mtotal : 1.520915 [31mdiag_kl_1 : 0.971468 [31mdiag_kl_2 : 0.376488 [94mAcc_combined: 49.63 [94mAcc_c: 50.00 [94mAcc_g: 61.94 [92mF1_combined: 51.96 [92mF1_c: 48.85 [92mF1_g: 63.04 [95mCEU_cue_audio: 0.4665 [95mCEU_cue_video: 0.5000 [95mCEU_synergy: 0.4074 [95mCEU_coexistence: 0.5572 [97mS:[93m40.7%[97m([91m8.2c[97m-[94mF1:33.3%) [97mU1:[93m46.7%[97m([91m5.2c[97m) [97mU2:[93m50.0%[97m([91m8.2c[97m) [97mR:[93m55.7%[97m([91m29.1c[97m) [97mS-L: [92m0:[96m48% [92m1:[96m17%[39m [39m
2026-07-25 16:17:21,571 - Agent - INFO - [37mVal Epoch 45 step 45 with [31mce_loss_combined : 1.714680 [31mce_loss_c : 1.925992 [31mce_loss_g : 1.491926 [31mkl_synergy_rand_1 : 0.001203 [31mkl_synergy_rand_2 : 0.001223 [31mkl_synergy_1 : 0.001169 [31mkl_synergy_2 : 0.001212 [31mtotal : 1.719486 [31mdiag_kl_1 : 1.069871 [31mdiag_kl_2 : 0.379313 [94mAcc_combined: 52.24 [94mAcc_c: 42.54 [94mAcc_g: 64.93 [92mF1_combined: 54.29 [92mF1_c: 41.22 [92mF1_g: 65.44 [95mCEU_cue_audio: 0.4665 [95mCEU_cue_video: 0.3636 [95mCEU_synergy: 0.3702 [95mCEU_coexistence: 0.6286 [97mS:[93m37.0%[97m([91m7.5c[97m-[94mF1:31.0%) [97mU1:[93m46.7%[97m([91m5.2c[97m) [97mU2:[93m36.4%[97m([91m6.0c[97m) [97mR:[93m62.9%[97m([91m32.8c[97m) [97mS-L: [92m0:[96m43% [92m1:[96m17%[39m [39m
2026-07-25 16:17:24,624 - Agent - INFO - [37mVal Epoch 46 step 46 with [31mce_loss_combined : 1.666629 [31mce_loss_c : 1.753880 [31mce_loss_g : 1.546248 [31mkl_synergy_rand_1 : 0.001248 [31mkl_synergy_rand_2 : 0.001356 [31mkl_synergy_1 : 0.001261 [31mkl_synergy_2 : 0.001285 [31mtotal : 1.671778 [31mdiag_kl_1 : 1.118114 [31mdiag_kl_2 : 0.427719 [94mAcc_combined: 57.84 [94mAcc_c: 47.01 [94mAcc_g: 64.55 [92mF1_combined: 58.91 [92mF1_c: 45.80 [92mF1_g: 64.68 [95mCEU_cue_audio: 0.4665 [95mCEU_cue_video: 0.5000 [95mCEU_synergy: 0.4074 [95mCEU_coexistence: 0.6715 [97mS:[93m40.7%[97m([91m8.2c[97m-[94mF1:33.3%) [97mU1:[93m46.7%[97m([91m5.2c[97m) [97mU2:[93m50.0%[97m([91m8.2c[97m) [97mR:[93m67.1%[97m([91m35.1c[97m) [97mS-L: [92m0:[96m48% [92m1:[96m17%[39m [39m
2026-07-25 16:17:27,701 - Agent - INFO - [37mVal Epoch 47 step 47 with [31mce_loss_combined : 1.541387 [31mce_loss_c : 1.615270 [31mce_loss_g : 1.582186 [31mkl_synergy_rand_1 : 0.001224 [31mkl_synergy_rand_2 : 0.001319 [31mkl_synergy_1 : 0.001252 [31mkl_synergy_2 : 0.001331 [31mtotal : 1.546513 [31mdiag_kl_1 : 1.123585 [31mdiag_kl_2 : 0.417061 [94mAcc_combined: 54.48 [94mAcc_c: 49.25 [94mAcc_g: 64.18 [92mF1_combined: 55.80 [92mF1_c: 48.48 [92mF1_g: 64.44 [95mCEU_cue_audio: 0.4000 [95mCEU_cue_video: 0.5457 [95mCEU_synergy: 0.4074 [95mCEU_coexistence: 0.5999 [97mS:[93m40.7%[97m([91m8.2c[97m-[94mF1:33.3%) [97mU1:[93m40.0%[97m([91m4.5c[97m) [97mU2:[93m54.5%[97m([91m9.0c[97m) [97mR:[93m60.0%[97m([91m31.3c[97m) [97mS-L: [92m0:[96m48% [92m1:[96m17%[39m [39m
2026-07-25 16:17:30,756 - Agent - INFO - [37mVal Epoch 48 step 48 with [31mce_loss_combined : 1.479494 [31mce_loss_c : 1.848329 [31mce_loss_g : 1.459738 [31mkl_synergy_rand_1 : 0.001175 [31mkl_synergy_rand_2 : 0.001244 [31mkl_synergy_1 : 0.001201 [31mkl_synergy_2 : 0.001250 [31mtotal : 1.484365 [31mdiag_kl_1 : 1.076277 [31mdiag_kl_2 : 0.360474 [94mAcc_combined: 54.48 [94mAcc_c: 46.64 [94mAcc_g: 66.04 [92mF1_combined: 55.47 [92mF1_c: 46.44 [92mF1_g: 66.42 [95mCEU_cue_audio: 0.4665 [95mCEU_cue_video: 0.5457 [95mCEU_synergy: 0.4074 [95mCEU_coexistence: 0.5714 [97mS:[93m40.7%[97m([91m8.2c[97m-[94mF1:33.3%) [97mU1:[93m46.7%[97m([91m5.2c[97m) [97mU2:[93m54.5%[97m([91m9.0c[97m) [97mR:[93m57.1%[97m([91m29.9c[97m) [97mS-L: [92m0:[96m48% [92m1:[96m17%[39m [39m
2026-07-25 16:17:33,879 - Agent - INFO - [37mVal Epoch 49 step 49 with [31mce_loss_combined : 1.676791 [31mce_loss_c : 1.828952 [31mce_loss_g : 1.506571 [31mkl_synergy_rand_1 : 0.001288 [31mkl_synergy_rand_2 : 0.001412 [31mkl_synergy_1 : 0.001350 [31mkl_synergy_2 : 0.001382 [31mtotal : 1.682223 [31mdiag_kl_1 : 1.178048 [31mdiag_kl_2 : 0.414922 [94mAcc_combined: 57.09 [94mAcc_c: 45.52 [94mAcc_g: 65.30 [92mF1_combined: 58.18 [92mF1_c: 45.11 [92mF1_g: 65.93 [95mCEU_cue_audio: 0.4000 [95mCEU_cue_video: 0.5000 [95mCEU_synergy: 0.3335 [95mCEU_coexistence: 0.7429 [97mS:[93m33.3%[97m([91m6.7c[97m-[94mF1:28.5%) [97mU1:[93m40.0%[97m([91m4.5c[97m) [97mU2:[93m50.0%[97m([91m8.2c[97m) [97mR:[93m74.3%[97m([91m38.8c[97m) [97mS-L: [92m0:[96m38% [92m1:[96m17%[39m [39m
2026-07-25 16:17:36,985 - Agent - INFO - [37mVal Epoch 50 step 50 with [31mce_loss_combined : 1.406873 [31mce_loss_c : 1.625986 [31mce_loss_g : 1.381237 [31mkl_synergy_rand_1 : 0.001132 [31mkl_synergy_rand_2 : 0.001162 [31mkl_synergy_1 : 0.001154 [31mkl_synergy_2 : 0.001178 [31mtotal : 1.411499 [31mdiag_kl_1 : 1.004616 [31mdiag_kl_2 : 0.393455 [94mAcc_combined: 54.10 [94mAcc_c: 51.12 [94mAcc_g: 65.30 [92mF1_combined: 54.61 [92mF1_c: 50.57 [92mF1_g: 66.18 [95mCEU_cue_audio: 0.4665 [95mCEU_cue_video: 0.5000 [95mCEU_synergy: 0.4447 [95mCEU_coexistence: 0.5999 [97mS:[93m44.4%[97m([91m9.0c[97m-[94mF1:35.6%) [97mU1:[93m46.7%[97m([91m5.2c[97m) [97mU2:[93m50.0%[97m([91m8.2c[97m) [97mR:[93m60.0%[97m([91m31.3c[97m) [97mS-L: [92m0:[96m52% [92m1:[96m17%[39m [39m
2026-07-25 16:17:41,194 - Agent - INFO - [37mVal Epoch 51 step 51 with [31mce_loss_combined : 1.443492 [31mce_loss_c : 1.782078 [31mce_loss_g : 1.396735 [31mkl_synergy_rand_1 : 0.001070 [31mkl_synergy_rand_2 : 0.001160 [31mkl_synergy_1 : 0.001091 [31mkl_synergy_2 : 0.001162 [31mtotal : 1.447975 [31mdiag_kl_1 : 1.015380 [31mdiag_kl_2 : 0.406182 [94mAcc_combined: 47.01 [94mAcc_c: 48.88 [94mAcc_g: 66.79 [92mF1_combined: 48.18 [92mF1_c: 47.51 [92mF1_g: 67.40 [95mCEU_cue_audio: 0.5335 [95mCEU_cue_video: 0.4093 [95mCEU_synergy: 0.4074 [95mCEU_coexistence: 0.5000 [97mS:[93m40.7%[97m([91m8.2c[97m-[94mF1:33.3%) [97mU1:[93m53.3%[97m([91m6.0c[97m) [97mU2:[93m40.9%[97m([91m6.7c[97m) [97mR:[93m50.0%[97m([91m26.1c[97m) [97mS-L: [92m0:[96m48% [92m1:[96m17%[39m [39m
2026-07-25 16:17:44,358 - Agent - INFO - [37mVal Epoch 52 step 52 with [31mce_loss_combined : 1.467401 [31mce_loss_c : 1.690963 [31mce_loss_g : 1.422065 [31mkl_synergy_rand_1 : 0.001209 [31mkl_synergy_rand_2 : 0.001311 [31mkl_synergy_1 : 0.001227 [31mkl_synergy_2 : 0.001285 [31mtotal : 1.472433 [31mdiag_kl_1 : 1.117497 [31mdiag_kl_2 : 0.364699 [94mAcc_combined: 55.97 [94mAcc_c: 50.00 [94mAcc_g: 66.42 [92mF1_combined: 56.93 [92mF1_c: 49.62 [92mF1_g: 67.15 [95mCEU_cue_audio: 0.4665 [95mCEU_cue_video: 0.4543 [95mCEU_synergy: 0.3335 [95mCEU_coexistence: 0.7142 [97mS:[93m33.3%[97m([91m6.7c[97m-[94mF1:28.5%) [97mU1:[93m46.7%[97m([91m5.2c[97m) [97mU2:[93m45.5%[97m([91m7.5c[97m) [97mR:[93m71.4%[97m([91m37.3c[97m) [97mS-L: [92m0:[96m38% [92m1:[96m17%[39m [39m
2026-07-25 16:17:47,533 - Agent - INFO - [37mVal Epoch 53 step 53 with [31mce_loss_combined : 1.448560 [31mce_loss_c : 1.753229 [31mce_loss_g : 1.469833 [31mkl_synergy_rand_1 : 0.001156 [31mkl_synergy_rand_2 : 0.001250 [31mkl_synergy_1 : 0.001209 [31mkl_synergy_2 : 0.001244 [31mtotal : 1.453419 [31mdiag_kl_1 : 1.041060 [31mdiag_kl_2 : 0.407287 [94mAcc_combined: 54.48 [94mAcc_c: 47.76 [94mAcc_g: 64.93 [92mF1_combined: 56.43 [92mF1_c: 47.37 [92mF1_g: 65.69 [95mCEU_cue_audio: 0.4665 [95mCEU_cue_video: 0.5000 [95mCEU_synergy: 0.4074 [95mCEU_coexistence: 0.6286 [97mS:[93m40.7%[97m([91m8.2c[97m-[94mF1:33.3%) [97mU1:[93m46.7%[97m([91m5.2c[97m) [97mU2:[93m50.0%[97m([91m8.2c[97m) [97mR:[93m62.9%[97m([91m32.8c[97m) [97mS-L: [92m0:[96m48% [92m1:[96m17%[39m [39m
2026-07-25 16:17:50,601 - Agent - INFO - [37mVal Epoch 54 step 54 with [31mce_loss_combined : 1.441578 [31mce_loss_c : 1.745696 [31mce_loss_g : 1.548657 [31mkl_synergy_rand_1 : 0.001109 [31mkl_synergy_rand_2 : 0.001171 [31mkl_synergy_1 : 0.001162 [31mkl_synergy_2 : 0.001192 [31mtotal : 1.446213 [31mdiag_kl_1 : 0.997195 [31mdiag_kl_2 : 0.462623 [94mAcc_combined: 52.24 [94mAcc_c: 49.25 [94mAcc_g: 64.18 [92mF1_combined: 53.28 [92mF1_c: 48.48 [92mF1_g: 64.44 [95mCEU_cue_audio: 0.4665 [95mCEU_cue_video: 0.5000 [95mCEU_synergy: 0.4074 [95mCEU_coexistence: 0.5572 [97mS:[93m40.7%[97m([91m8.2c[97m-[94mF1:33.3%) [97mU1:[93m46.7%[97m([91m5.2c[97m) [97mU2:[93m50.0%[97m([91m8.2c[97m) [97mR:[93m55.7%[97m([91m29.1c[97m) [97mS-L: [92m0:[96m48% [92m1:[96m17%[39m [39m
2026-07-25 16:17:53,758 - Agent - INFO - [37mVal Epoch 55 step 55 with [31mce_loss_combined : 1.609851 [31mce_loss_c : 1.812224 [31mce_loss_g : 1.364381 [31mkl_synergy_rand_1 : 0.001190 [31mkl_synergy_rand_2 : 0.001246 [31mkl_synergy_1 : 0.001230 [31mkl_synergy_2 : 0.001255 [31mtotal : 1.614773 [31mdiag_kl_1 : 1.082772 [31mdiag_kl_2 : 0.459892 [94mAcc_combined: 50.75 [94mAcc_c: 45.90 [94mAcc_g: 65.30 [92mF1_combined: 51.47 [92mF1_c: 45.69 [92mF1_g: 66.43 [95mCEU_cue_audio: 0.4665 [95mCEU_cue_video: 0.4093 [95mCEU_synergy: 0.3702 [95mCEU_coexistence: 0.5714 [97mS:[93m37.0%[97m([91m7.5c[97m-[94mF1:31.0%) [97mU1:[93m46.7%[97m([91m5.2c[97m) [97mU2:[93m40.9%[97m([91m6.7c[97m) [97mR:[93m57.1%[97m([91m29.9c[97m) [97mS-L: [92m0:[96m43% [92m1:[96m17%[39m [39m
2026-07-25 16:17:56,872 - Agent - INFO - [37mVal Epoch 56 step 56 with [31mce_loss_combined : 1.527605 [31mce_loss_c : 1.781440 [31mce_loss_g : 1.367005 [31mkl_synergy_rand_1 : 0.001193 [31mkl_synergy_rand_2 : 0.001225 [31mkl_synergy_1 : 0.001177 [31mkl_synergy_2 : 0.001222 [31mtotal : 1.532422 [31mdiag_kl_1 : 1.112581 [31mdiag_kl_2 : 0.380186 [94mAcc_combined: 51.49 [94mAcc_c: 48.88 [94mAcc_g: 64.93 [92mF1_combined: 52.21 [92mF1_c: 48.69 [92mF1_g: 65.94 [95mCEU_cue_audio: 0.5335 [95mCEU_cue_video: 0.4543 [95mCEU_synergy: 0.4074 [95mCEU_coexistence: 0.5714 [97mS:[93m40.7%[97m([91m8.2c[97m-[94mF1:36.5%) [97mU1:[93m53.3%[97m([91m6.0c[97m) [97mU2:[93m45.5%[97m([91m7.5c[97m) [97mR:[93m57.1%[97m([91m29.9c[97m) [97mS-L: [92m0:[96m43% [92m1:[96m33%[39m [39m
2026-07-25 16:18:00,009 - Agent - INFO - [37mVal Epoch 57 step 57 with [31mce_loss_combined : 1.504680 [31mce_loss_c : 1.773415 [31mce_loss_g : 1.427336 [31mkl_synergy_rand_1 : 0.001206 [31mkl_synergy_rand_2 : 0.001305 [31mkl_synergy_1 : 0.001293 [31mkl_synergy_2 : 0.001314 [31mtotal : 1.509797 [31mdiag_kl_1 : 1.138955 [31mdiag_kl_2 : 0.373807 [94mAcc_combined: 52.61 [94mAcc_c: 50.75 [94mAcc_g: 67.16 [92mF1_combined: 52.79 [92mF1_c: 50.38 [92mF1_g: 67.88 [95mCEU_cue_audio: 0.4000 [95mCEU_cue_video: 0.5000 [95mCEU_synergy: 0.3702 [95mCEU_coexistence: 0.6143 [97mS:[93m37.0%[97m([91m7.5c[97m-[94mF1:31.0%) [97mU1:[93m40.0%[97m([91m4.5c[97m) [97mU2:[93m50.0%[97m([91m8.2c[97m) [97mR:[93m61.4%[97m([91m32.1c[97m) [97mS-L: [92m0:[96m43% [92m1:[96m17%[39m [39m
2026-07-25 16:18:03,113 - Evaluator - INFO - New best with syn_accuracy-
2026-07-25 16:18:03,114 - Agent - INFO - [37mVal Epoch 58 step 58 with [31mce_loss_combined : 1.699651 [31mce_loss_c : 1.896002 [31mce_loss_g : 1.451953 [31mkl_synergy_rand_1 : 0.001330 [31mkl_synergy_rand_2 : 0.001353 [31mkl_synergy_1 : 0.001362 [31mkl_synergy_2 : 0.001369 [31mtotal : 1.705066 [31mdiag_kl_1 : 1.220455 [31mdiag_kl_2 : 0.379603 [94mAcc_combined: 52.24 [94mAcc_c: 44.78 [94mAcc_g: 66.42 [92mF1_combined: 53.28 [92mF1_c: 44.78 [92mF1_g: 67.15 [95mCEU_cue_audio: 0.5335 [95mCEU_cue_video: 0.4543 [95mCEU_synergy: 0.4814 [95mCEU_coexistence: 0.5858 [97mS:[93m48.1%[97m([91m9.7c[97m-[94mF1:41.7%) [97mU1:[93m53.3%[97m([91m6.0c[97m) [97mU2:[93m45.5%[97m([91m7.5c[97m) [97mR:[93m58.6%[97m([91m30.6c[97m) [97mS-L: [92m0:[96m52% [92m1:[96m33%[39m [39m
2026-07-25 16:18:03,132 - Agent - INFO - [37mTest Epoch 58 step 58 with [31mce_loss_combined : 1.620407 [31mce_loss_c : 1.336927 [31mce_loss_g : 2.064206 [31mkl_synergy_rand_1 : 0.001208 [31mkl_synergy_rand_2 : 0.001204 [31mkl_synergy_1 : 0.001154 [31mkl_synergy_2 : 0.001219 [31mtotal : 1.625192 [31mdiag_kl_1 : 1.043522 [31mdiag_kl_2 : 0.592134 [94mAcc_combined: 57.09 [94mAcc_c: 57.09 [94mAcc_g: 55.22 [92mF1_combined: 57.56 [92mF1_c: 55.94 [92mF1_g: 56.20 [95mCEU_cue_audio: 0.7139 [95mCEU_cue_video: 0.6521 [95mCEU_synergy: 0.4359 [95mCEU_coexistence: 0.5862 [97mS:[93m43.6%[97m([91m12.7c[97m-[94mF1:33.8%) [97mU1:[93m71.4%[97m([91m7.5c[97m) [97mU2:[93m65.2%[97m([91m11.2c[97m) [97mR:[93m58.6%[97m([91m25.4c[97m) [97mS-L: [92m0:[96m46% [92m1:[96m25%[39m [39m
2026-07-25 16:18:03,878 - Agent - INFO - [37mModel saved successfully at: ./artifacts/models/multibench/mustard/vt/SynIB_RMask_REFABL_mustard_fold0_l0.001_perturbrandom_fillema_pmin0.1_refclass_prior_lr0.0005_wd0.001.pth.tar[39m
2026-07-25 16:18:07,085 - Agent - INFO - [37mVal Epoch 59 step 59 with [31mce_loss_combined : 1.680387 [31mce_loss_c : 1.939768 [31mce_loss_g : 1.468711 [31mkl_synergy_rand_1 : 0.001354 [31mkl_synergy_rand_2 : 0.001360 [31mkl_synergy_1 : 0.001348 [31mkl_synergy_2 : 0.001354 [31mtotal : 1.685803 [31mdiag_kl_1 : 1.266946 [31mdiag_kl_2 : 0.352403 [94mAcc_combined: 52.99 [94mAcc_c: 45.90 [94mAcc_g: 66.79 [92mF1_combined: 54.01 [92mF1_c: 45.69 [92mF1_g: 67.40 [95mCEU_cue_audio: 0.4665 [95mCEU_cue_video: 0.5000 [95mCEU_synergy: 0.3702 [95mCEU_coexistence: 0.5999 [97mS:[93m37.0%[97m([91m7.5c[97m-[94mF1:33.8%) [97mU1:[93m46.7%[97m([91m5.2c[97m) [97mU2:[93m50.0%[97m([91m8.2c[97m) [97mR:[93m60.0%[97m([91m31.3c[97m) [97mS-L: [92m0:[96m38% [92m1:[96m33%[39m [39m
2026-07-25 16:18:10,232 - Agent - INFO - [37mVal Epoch 60 step 60 with [31mce_loss_combined : 1.651391 [31mce_loss_c : 2.022739 [31mce_loss_g : 1.521747 [31mkl_synergy_rand_1 : 0.001263 [31mkl_synergy_rand_2 : 0.001306 [31mkl_synergy_1 : 0.001285 [31mkl_synergy_2 : 0.001313 [31mtotal : 1.656558 [31mdiag_kl_1 : 1.206598 [31mdiag_kl_2 : 0.412436 [94mAcc_combined: 50.37 [94mAcc_c: 47.39 [94mAcc_g: 65.67 [92mF1_combined: 51.28 [92mF1_c: 47.19 [92mF1_g: 66.42 [95mCEU_cue_audio: 0.4665 [95mCEU_cue_video: 0.5000 [95mCEU_synergy: 0.3335 [95mCEU_coexistence: 0.5858 [97mS:[93m33.3%[97m([91m6.7c[97m-[94mF1:31.0%) [97mU1:[93m46.7%[97m([91m5.2c[97m) [97mU2:[93m50.0%[97m([91m8.2c[97m) [97mR:[93m58.6%[97m([91m30.6c[97m) [97mS-L: [92m0:[96m33% [92m1:[96m33%[39m [39m
2026-07-25 16:18:13,353 - Agent - INFO - [37mVal Epoch 61 step 61 with [31mce_loss_combined : 1.528801 [31mce_loss_c : 1.526308 [31mce_loss_g : 1.455805 [31mkl_synergy_rand_1 : 0.001370 [31mkl_synergy_rand_2 : 0.001503 [31mkl_synergy_1 : 0.001406 [31mkl_synergy_2 : 0.001496 [31mtotal : 1.534575 [31mdiag_kl_1 : 1.306766 [31mdiag_kl_2 : 0.388406 [94mAcc_combined: 59.70 [94mAcc_c: 48.51 [94mAcc_g: 67.16 [92mF1_combined: 60.58 [92mF1_c: 47.33 [92mF1_g: 67.41 [95mCEU_cue_audio: 0.5335 [95mCEU_cue_video: 0.5457 [95mCEU_synergy: 0.3702 [95mCEU_coexistence: 0.7429 [97mS:[93m37.0%[97m([91m7.5c[97m-[94mF1:33.8%) [97mU1:[93m53.3%[97m([91m6.0c[97m) [97mU2:[93m54.5%[97m([91m9.0c[97m) [97mR:[93m74.3%[97m([91m38.8c[97m) [97mS-L: [92m0:[96m38% [92m1:[96m33%[39m [39m
2026-07-25 16:18:16,466 - Agent - INFO - [37mVal Epoch 62 step 62 with [31mce_loss_combined : 1.585761 [31mce_loss_c : 1.912528 [31mce_loss_g : 1.572270 [31mkl_synergy_rand_1 : 0.001215 [31mkl_synergy_rand_2 : 0.001313 [31mkl_synergy_1 : 0.001283 [31mkl_synergy_2 : 0.001294 [31mtotal : 1.590866 [31mdiag_kl_1 : 1.140055 [31mdiag_kl_2 : 0.385174 [94mAcc_combined: 49.25 [94mAcc_c: 44.78 [94mAcc_g: 68.66 [92mF1_combined: 50.72 [92mF1_c: 43.51 [92mF1_g: 68.89 [95mCEU_cue_audio: 0.4665 [95mCEU_cue_video: 0.5000 [95mCEU_synergy: 0.4447 [95mCEU_coexistence: 0.5429 [97mS:[93m44.4%[97m([91m9.0c[97m-[94mF1:39.1%) [97mU1:[93m46.7%[97m([91m5.2c[97m) [97mU2:[93m50.0%[97m([91m8.2c[97m) [97mR:[93m54.3%[97m([91m28.4c[97m) [97mS-L: [92m0:[96m48% [92m1:[96m33%[39m [39m
2026-07-25 16:18:19,610 - Agent - INFO - [37mVal Epoch 63 step 63 with [31mce_loss_combined : 1.565136 [31mce_loss_c : 1.791399 [31mce_loss_g : 1.499405 [31mkl_synergy_rand_1 : 0.001404 [31mkl_synergy_rand_2 : 0.001506 [31mkl_synergy_1 : 0.001390 [31mkl_synergy_2 : 0.001497 [31mtotal : 1.570934 [31mdiag_kl_1 : 1.386044 [31mdiag_kl_2 : 0.374173 [94mAcc_combined: 57.46 [94mAcc_c: 49.25 [94mAcc_g: 66.04 [92mF1_combined: 57.78 [92mF1_c: 48.87 [92mF1_g: 66.42 [95mCEU_cue_audio: 0.4665 [95mCEU_cue_video: 0.5457 [95mCEU_synergy: 0.3702 [95mCEU_coexistence: 0.7000 [97mS:[93m37.0%[97m([91m7.5c[97m-[94mF1:33.8%) [97mU1:[93m46.7%[97m([91m5.2c[97m) [97mU2:[93m54.5%[97m([91m9.0c[97m) [97mR:[93m70.0%[97m([91m36.6c[97m) [97mS-L: [92m0:[96m38% [92m1:[96m33%[39m [39m
2026-07-25 16:18:22,756 - Agent - INFO - [37mVal Epoch 64 step 64 with [31mce_loss_combined : 1.629762 [31mce_loss_c : 2.039228 [31mce_loss_g : 1.537145 [31mkl_synergy_rand_1 : 0.001239 [31mkl_synergy_rand_2 : 0.001330 [31mkl_synergy_1 : 0.001284 [31mkl_synergy_2 : 0.001348 [31mtotal : 1.634963 [31mdiag_kl_1 : 1.165590 [31mdiag_kl_2 : 0.426252 [94mAcc_combined: 49.63 [94mAcc_c: 47.39 [94mAcc_g: 65.30 [92mF1_combined: 50.55 [92mF1_c: 47.19 [92mF1_g: 65.68 [95mCEU_cue_audio: 0.4665 [95mCEU_cue_video: 0.4543 [95mCEU_synergy: 0.3702 [95mCEU_coexistence: 0.5714 [97mS:[93m37.0%[97m([91m7.5c[97m-[94mF1:31.0%) [97mU1:[93m46.7%[97m([91m5.2c[97m) [97mU2:[93m45.5%[97m([91m7.5c[97m) [97mR:[93m57.1%[97m([91m29.9c[97m) [97mS-L: [92m0:[96m43% [92m1:[96m17%[39m [39m
2026-07-25 16:18:25,844 - Agent - INFO - [37mVal Epoch 65 step 65 with [31mce_loss_combined : 1.715952 [31mce_loss_c : 1.951680 [31mce_loss_g : 1.508316 [31mkl_synergy_rand_1 : 0.001426 [31mkl_synergy_rand_2 : 0.001466 [31mkl_synergy_1 : 0.001502 [31mkl_synergy_2 : 0.001502 [31mtotal : 1.721848 [31mdiag_kl_1 : 1.315982 [31mdiag_kl_2 : 0.436470 [94mAcc_combined: 52.99 [94mAcc_c: 49.63 [94mAcc_g: 65.30 [92mF1_combined: 53.68 [92mF1_c: 49.06 [92mF1_g: 65.68 [95mCEU_cue_audio: 0.4665 [95mCEU_cue_video: 0.5000 [95mCEU_synergy: 0.3335 [95mCEU_coexistence: 0.6428 [97mS:[93m33.3%[97m([91m6.7c[97m-[94mF1:28.5%) [97mU1:[93m46.7%[97m([91m5.2c[97m) [97mU2:[93m50.0%[97m([91m8.2c[97m) [97mR:[93m64.3%[97m([91m33.6c[97m) [97mS-L: [92m0:[96m38% [92m1:[96m17%[39m [39m
2026-07-25 16:18:29,005 - Agent - INFO - [37mVal Epoch 66 step 66 with [31mce_loss_combined : 1.801678 [31mce_loss_c : 1.975246 [31mce_loss_g : 1.545313 [31mkl_synergy_rand_1 : 0.001488 [31mkl_synergy_rand_2 : 0.001540 [31mkl_synergy_1 : 0.001522 [31mkl_synergy_2 : 0.001522 [31mtotal : 1.807751 [31mdiag_kl_1 : 1.406592 [31mdiag_kl_2 : 0.466608 [94mAcc_combined: 51.49 [94mAcc_c: 47.39 [94mAcc_g: 65.30 [92mF1_combined: 51.85 [92mF1_c: 46.79 [92mF1_g: 65.68 [95mCEU_cue_audio: 0.4000 [95mCEU_cue_video: 0.4543 [95mCEU_synergy: 0.3335 [95mCEU_coexistence: 0.6143 [97mS:[93m33.3%[97m([91m6.7c[97m-[94mF1:28.5%) [97mU1:[93m40.0%[97m([91m4.5c[97m) [97mU2:[93m45.5%[97m([91m7.5c[97m) [97mR:[93m61.4%[97m([91m32.1c[97m) [97mS-L: [92m0:[96m38% [92m1:[96m17%[39m [39m
2026-07-25 16:18:32,141 - Agent - INFO - [37mVal Epoch 67 step 67 with [31mce_loss_combined : 1.591334 [31mce_loss_c : 1.927558 [31mce_loss_g : 1.493214 [31mkl_synergy_rand_1 : 0.001367 [31mkl_synergy_rand_2 : 0.001399 [31mkl_synergy_1 : 0.001371 [31mkl_synergy_2 : 0.001403 [31mtotal : 1.596874 [31mdiag_kl_1 : 1.321937 [31mdiag_kl_2 : 0.375845 [94mAcc_combined: 54.48 [94mAcc_c: 49.63 [94mAcc_g: 65.30 [92mF1_combined: 56.12 [92mF1_c: 49.06 [92mF1_g: 65.68 [95mCEU_cue_audio: 0.4000 [95mCEU_cue_video: 0.5000 [95mCEU_synergy: 0.3335 [95mCEU_coexistence: 0.6572 [97mS:[93m33.3%[97m([91m6.7c[97m-[94mF1:28.5%) [97mU1:[93m40.0%[97m([91m4.5c[97m) [97mU2:[93m50.0%[97m([91m8.2c[97m) [97mR:[93m65.7%[97m([91m34.3c[97m) [97mS-L: [92m0:[96m38% [92m1:[96m17%[39m [39m
2026-07-25 16:18:35,299 - Agent - INFO - [37mVal Epoch 68 step 68 with [31mce_loss_combined : 1.627223 [31mce_loss_c : 1.927253 [31mce_loss_g : 1.493140 [31mkl_synergy_rand_1 : 0.001376 [31mkl_synergy_rand_2 : 0.001409 [31mkl_synergy_1 : 0.001398 [31mkl_synergy_2 : 0.001420 [31mtotal : 1.632826 [31mdiag_kl_1 : 1.318989 [31mdiag_kl_2 : 0.415554 [94mAcc_combined: 51.49 [94mAcc_c: 51.12 [94mAcc_g: 65.30 [92mF1_combined: 52.55 [92mF1_c: 50.94 [92mF1_g: 65.68 [95mCEU_cue_audio: 0.4000 [95mCEU_cue_video: 0.4543 [95mCEU_synergy: 0.3335 [95mCEU_coexistence: 0.5999 [97mS:[93m33.3%[97m([91m6.7c[97m-[94mF1:28.5%) [97mU1:[93m40.0%[97m([91m4.5c[97m) [97mU2:[93m45.5%[97m([91m7.5c[97m) [97mR:[93m60.0%[97m([91m31.3c[97m) [97mS-L: [92m0:[96m38% [92m1:[96m17%[39m [39m
2026-07-25 16:18:38,449 - Agent - INFO - [37mVal Epoch 69 step 69 with [31mce_loss_combined : 1.748661 [31mce_loss_c : 2.002067 [31mce_loss_g : 1.532947 [31mkl_synergy_rand_1 : 0.001463 [31mkl_synergy_rand_2 : 0.001436 [31mkl_synergy_1 : 0.001463 [31mkl_synergy_2 : 0.001512 [31mtotal : 1.754535 [31mdiag_kl_1 : 1.382357 [31mdiag_kl_2 : 0.433723 [94mAcc_combined: 51.49 [94mAcc_c: 50.75 [94mAcc_g: 65.67 [92mF1_combined: 52.21 [92mF1_c: 50.38 [92mF1_g: 65.93 [95mCEU_cue_audio: 0.4000 [95mCEU_cue_video: 0.5000 [95mCEU_synergy: 0.3335 [95mCEU_coexistence: 0.5858 [97mS:[93m33.3%[97m([91m6.7c[97m-[94mF1:28.5%) [97mU1:[93m40.0%[97m([91m4.5c[97m) [97mU2:[93m50.0%[97m([91m8.2c[97m) [97mR:[93m58.6%[97m([91m30.6c[97m) [97mS-L: [92m0:[96m38% [92m1:[96m17%[39m [39m
2026-07-25 16:18:41,576 - Agent - INFO - [37mVal Epoch 70 step 70 with [31mce_loss_combined : 1.712098 [31mce_loss_c : 2.043168 [31mce_loss_g : 1.525681 [31mkl_synergy_rand_1 : 0.001374 [31mkl_synergy_rand_2 : 0.001404 [31mkl_synergy_1 : 0.001422 [31mkl_synergy_2 : 0.001426 [31mtotal : 1.717725 [31mdiag_kl_1 : 1.295968 [31mdiag_kl_2 : 0.449653 [94mAcc_combined: 50.37 [94mAcc_c: 50.37 [94mAcc_g: 65.67 [92mF1_combined: 50.92 [92mF1_c: 49.81 [92mF1_g: 65.93 [95mCEU_cue_audio: 0.4000 [95mCEU_cue_video: 0.4543 [95mCEU_synergy: 0.3335 [95mCEU_coexistence: 0.5999 [97mS:[93m33.3%[97m([91m6.7c[97m-[94mF1:28.5%) [97mU1:[93m40.0%[97m([91m4.5c[97m) [97mU2:[93m45.5%[97m([91m7.5c[97m) [97mR:[93m60.0%[97m([91m31.3c[97m) [97mS-L: [92m0:[96m38% [92m1:[96m17%[39m [39m
2026-07-25 16:18:44,726 - Agent - INFO - [37mVal Epoch 71 step 71 with [31mce_loss_combined : 1.688498 [31mce_loss_c : 2.067633 [31mce_loss_g : 1.493726 [31mkl_synergy_rand_1 : 0.001290 [31mkl_synergy_rand_2 : 0.001361 [31mkl_synergy_1 : 0.001339 [31mkl_synergy_2 : 0.001363 [31mtotal : 1.693851 [31mdiag_kl_1 : 1.236936 [31mdiag_kl_2 : 0.465267 [94mAcc_combined: 49.63 [94mAcc_c: 48.51 [94mAcc_g: 65.67 [92mF1_combined: 50.18 [92mF1_c: 48.12 [92mF1_g: 65.93 [95mCEU_cue_audio: 0.4000 [95mCEU_cue_video: 0.4543 [95mCEU_synergy: 0.4074 [95mCEU_coexistence: 0.5714 [97mS:[93m40.7%[97m([91m8.2c[97m-[94mF1:33.3%) [97mU1:[93m40.0%[97m([91m4.5c[97m) [97mU2:[93m45.5%[97m([91m7.5c[97m) [97mR:[93m57.1%[97m([91m29.9c[97m) [97mS-L: [92m0:[96m48% [92m1:[96m17%[39m [39m
2026-07-25 16:18:47,903 - Agent - INFO - [37mVal Epoch 72 step 72 with [31mce_loss_combined : 1.688335 [31mce_loss_c : 2.075251 [31mce_loss_g : 1.493611 [31mkl_synergy_rand_1 : 0.001351 [31mkl_synergy_rand_2 : 0.001394 [31mkl_synergy_1 : 0.001309 [31mkl_synergy_2 : 0.001346 [31mtotal : 1.693735 [31mdiag_kl_1 : 1.285895 [31mdiag_kl_2 : 0.463310 [94mAcc_combined: 49.63 [94mAcc_c: 48.51 [94mAcc_g: 65.67 [92mF1_combined: 50.55 [92mF1_c: 48.12 [92mF1_g: 65.93 [95mCEU_cue_audio: 0.4000 [95mCEU_cue_video: 0.4543 [95mCEU_synergy: 0.4074 [95mCEU_coexistence: 0.5858 [97mS:[93m40.7%[97m([91m8.2c[97m-[94mF1:33.3%) [97mU1:[93m40.0%[97m([91m4.5c[97m) [97mU2:[93m45.5%[97m([91m7.5c[97m) [97mR:[93m58.6%[97m([91m30.6c[97m) [97mS-L: [92m0:[96m48% [92m1:[96m17%[39m [39m
2026-07-25 16:18:51,051 - Agent - INFO - [37mVal Epoch 73 step 73 with [31mce_loss_combined : 1.702987 [31mce_loss_c : 2.077425 [31mce_loss_g : 1.512545 [31mkl_synergy_rand_1 : 0.001350 [31mkl_synergy_rand_2 : 0.001385 [31mkl_synergy_1 : 0.001359 [31mkl_synergy_2 : 0.001412 [31mtotal : 1.708493 [31mdiag_kl_1 : 1.301929 [31mdiag_kl_2 : 0.434393 [94mAcc_combined: 49.63 [94mAcc_c: 50.00 [94mAcc_g: 65.30 [92mF1_combined: 50.55 [92mF1_c: 49.62 [92mF1_g: 65.43 [95mCEU_cue_audio: 0.4000 [95mCEU_cue_video: 0.4543 [95mCEU_synergy: 0.3335 [95mCEU_coexistence: 0.5714 [97mS:[93m33.3%[97m([91m6.7c[97m-[94mF1:28.5%) [97mU1:[93m40.0%[97m([91m4.5c[97m) [97mU2:[93m45.5%[97m([91m7.5c[97m) [97mR:[93m57.1%[97m([91m29.9c[97m) [97mS-L: [92m0:[96m38% [92m1:[96m17%[39m [39m
2026-07-25 16:18:54,185 - Agent - INFO - [37mVal Epoch 74 step 74 with [31mce_loss_combined : 1.727254 [31mce_loss_c : 2.074191 [31mce_loss_g : 1.524949 [31mkl_synergy_rand_1 : 0.001396 [31mkl_synergy_rand_2 : 0.001425 [31mkl_synergy_1 : 0.001378 [31mkl_synergy_2 : 0.001441 [31mtotal : 1.732894 [31mdiag_kl_1 : 1.329867 [31mdiag_kl_2 : 0.445467 [94mAcc_combined: 49.25 [94mAcc_c: 50.00 [94mAcc_g: 65.30 [92mF1_combined: 50.00 [92mF1_c: 49.62 [92mF1_g: 65.43 [95mCEU_cue_audio: 0.4000 [95mCEU_cue_video: 0.4543 [95mCEU_synergy: 0.3335 [95mCEU_coexistence: 0.5714 [97mS:[93m33.3%[97m([91m6.7c[97m-[94mF1:28.5%) [97mU1:[93m40.0%[97m([91m4.5c[97m) [97mU2:[93m45.5%[97m([91m7.5c[97m) [97mR:[93m57.1%[97m([91m29.9c[97m) [97mS-L: [92m0:[96m38% [92m1:[96m17%[39m [39m
2026-07-25 16:18:57,331 - Agent - INFO - [37mVal Epoch 75 step 75 with [31mce_loss_combined : 1.704050 [31mce_loss_c : 2.063595 [31mce_loss_g : 1.500076 [31mkl_synergy_rand_1 : 0.001355 [31mkl_synergy_rand_2 : 0.001391 [31mkl_synergy_1 : 0.001418 [31mkl_synergy_2 : 0.001415 [31mtotal : 1.709628 [31mdiag_kl_1 : 1.291185 [31mdiag_kl_2 : 0.428068 [94mAcc_combined: 50.00 [94mAcc_c: 49.25 [94mAcc_g: 65.30 [92mF1_combined: 51.09 [92mF1_c: 49.25 [92mF1_g: 65.43 [95mCEU_cue_audio: 0.4000 [95mCEU_cue_video: 0.4543 [95mCEU_synergy: 0.3335 [95mCEU_coexistence: 0.5858 [97mS:[93m33.3%[97m([91m6.7c[97m-[94mF1:28.5%) [97mU1:[93m40.0%[97m([91m4.5c[97m) [97mU2:[93m45.5%[97m([91m7.5c[97m) [97mR:[93m58.6%[97m([91m30.6c[97m) [97mS-L: [92m0:[96m38% [92m1:[96m17%[39m [39m
2026-07-25 16:19:00,526 - Agent - INFO - [37mVal Epoch 76 step 76 with [31mce_loss_combined : 1.711168 [31mce_loss_c : 2.070374 [31mce_loss_g : 1.513008 [31mkl_synergy_rand_1 : 0.001386 [31mkl_synergy_rand_2 : 0.001442 [31mkl_synergy_1 : 0.001392 [31mkl_synergy_2 : 0.001396 [31mtotal : 1.716784 [31mdiag_kl_1 : 1.336928 [31mdiag_kl_2 : 0.463921 [94mAcc_combined: 50.00 [94mAcc_c: 48.88 [94mAcc_g: 65.30 [92mF1_combined: 51.09 [92mF1_c: 48.30 [92mF1_g: 65.43 [95mCEU_cue_audio: 0.4000 [95mCEU_cue_video: 0.4543 [95mCEU_synergy: 0.3335 [95mCEU_coexistence: 0.5714 [97mS:[93m33.3%[97m([91m6.7c[97m-[94mF1:28.5%) [97mU1:[93m40.0%[97m([91m4.5c[97m) [97mU2:[93m45.5%[97m([91m7.5c[97m) [97mR:[93m57.1%[97m([91m29.9c[97m) [97mS-L: [92m0:[96m38% [92m1:[96m17%[39m [39m
2026-07-25 16:19:03,606 - Agent - INFO - [37mVal Epoch 77 step 77 with [31mce_loss_combined : 1.718246 [31mce_loss_c : 2.075792 [31mce_loss_g : 1.510245 [31mkl_synergy_rand_1 : 0.001333 [31mkl_synergy_rand_2 : 0.001422 [31mkl_synergy_1 : 0.001344 [31mkl_synergy_2 : 0.001402 [31mtotal : 1.723747 [31mdiag_kl_1 : 1.280513 [31mdiag_kl_2 : 0.440815 [94mAcc_combined: 49.63 [94mAcc_c: 48.51 [94mAcc_g: 65.30 [92mF1_combined: 50.55 [92mF1_c: 48.51 [92mF1_g: 65.43 [95mCEU_cue_audio: 0.4000 [95mCEU_cue_video: 0.4543 [95mCEU_synergy: 0.3335 [95mCEU_coexistence: 0.5714 [97mS:[93m33.3%[97m([91m6.7c[97m-[94mF1:28.5%) [97mU1:[93m40.0%[97m([91m4.5c[97m) [97mU2:[93m45.5%[97m([91m7.5c[97m) [97mR:[93m57.1%[97m([91m29.9c[97m) [97mS-L: [92m0:[96m38% [92m1:[96m17%[39m [39m
2026-07-25 16:19:06,773 - Agent - INFO - [37mVal Epoch 78 step 78 with [31mce_loss_combined : 1.696795 [31mce_loss_c : 2.068115 [31mce_loss_g : 1.503726 [31mkl_synergy_rand_1 : 0.001364 [31mkl_synergy_rand_2 : 0.001412 [31mkl_synergy_1 : 0.001395 [31mkl_synergy_2 : 0.001381 [31mtotal : 1.702348 [31mdiag_kl_1 : 1.305098 [31mdiag_kl_2 : 0.425978 [94mAcc_combined: 51.49 [94mAcc_c: 50.37 [94mAcc_g: 65.67 [92mF1_combined: 52.55 [92mF1_c: 50.19 [92mF1_g: 65.93 [95mCEU_cue_audio: 0.4000 [95mCEU_cue_video: 0.5457 [95mCEU_synergy: 0.3702 [95mCEU_coexistence: 0.5714 [97mS:[93m37.0%[97m([91m7.5c[97m-[94mF1:33.8%) [97mU1:[93m40.0%[97m([91m4.5c[97m) [97mU2:[93m54.5%[97m([91m9.0c[97m) [97mR:[93m57.1%[97m([91m29.9c[97m) [97mS-L: [92m0:[96m38% [92m1:[96m33%[39m [39m
2026-07-25 16:19:09,925 - Agent - INFO - [37mVal Epoch 79 step 79 with [31mce_loss_combined : 1.698657 [31mce_loss_c : 2.064620 [31mce_loss_g : 1.514539 [31mkl_synergy_rand_1 : 0.001400 [31mkl_synergy_rand_2 : 0.001381 [31mkl_synergy_1 : 0.001367 [31mkl_synergy_2 : 0.001421 [31mtotal : 1.704227 [31mdiag_kl_1 : 1.356950 [31mdiag_kl_2 : 0.446060 [94mAcc_combined: 51.49 [94mAcc_c: 49.25 [94mAcc_g: 65.67 [92mF1_combined: 52.55 [92mF1_c: 48.48 [92mF1_g: 65.93 [95mCEU_cue_audio: 0.4000 [95mCEU_cue_video: 0.5457 [95mCEU_synergy: 0.3702 [95mCEU_coexistence: 0.5714 [97mS:[93m37.0%[97m([91m7.5c[97m-[94mF1:33.8%) [97mU1:[93m40.0%[97m([91m4.5c[97m) [97mU2:[93m54.5%[97m([91m9.0c[97m) [97mR:[93m57.1%[97m([91m29.9c[97m) [97mS-L: [92m0:[96m38% [92m1:[96m33%[39m [39m
2026-07-25 16:19:13,077 - Agent - INFO - [37mVal Epoch 80 step 80 with [31mce_loss_combined : 1.695922 [31mce_loss_c : 2.063218 [31mce_loss_g : 1.512107 [31mkl_synergy_rand_1 : 0.001368 [31mkl_synergy_rand_2 : 0.001393 [31mkl_synergy_1 : 0.001381 [31mkl_synergy_2 : 0.001417 [31mtotal : 1.701482 [31mdiag_kl_1 : 1.318746 [31mdiag_kl_2 : 0.428723 [94mAcc_combined: 51.49 [94mAcc_c: 48.88 [94mAcc_g: 65.67 [92mF1_combined: 52.55 [92mF1_c: 48.30 [92mF1_g: 65.93 [95mCEU_cue_audio: 0.4000 [95mCEU_cue_video: 0.5457 [95mCEU_synergy: 0.3702 [95mCEU_coexistence: 0.5714 [97mS:[93m37.0%[97m([91m7.5c[97m-[94mF1:33.8%) [97mU1:[93m40.0%[97m([91m4.5c[97m) [97mU2:[93m54.5%[97m([91m9.0c[97m) [97mR:[93m57.1%[97m([91m29.9c[97m) [97mS-L: [92m0:[96m38% [92m1:[96m33%[39m [39m
2026-07-25 16:19:16,189 - Agent - INFO - [37mVal Epoch 81 step 81 with [31mce_loss_combined : 1.697411 [31mce_loss_c : 2.063487 [31mce_loss_g : 1.514288 [31mkl_synergy_rand_1 : 0.001346 [31mkl_synergy_rand_2 : 0.001401 [31mkl_synergy_1 : 0.001378 [31mkl_synergy_2 : 0.001411 [31mtotal : 1.702946 [31mdiag_kl_1 : 1.288782 [31mdiag_kl_2 : 0.438005 [94mAcc_combined: 51.49 [94mAcc_c: 48.88 [94mAcc_g: 65.67 [92mF1_combined: 52.55 [92mF1_c: 48.30 [92mF1_g: 65.93 [95mCEU_cue_audio: 0.4000 [95mCEU_cue_video: 0.5457 [95mCEU_synergy: 0.3702 [95mCEU_coexistence: 0.5714 [97mS:[93m37.0%[97m([91m7.5c[97m-[94mF1:33.8%) [97mU1:[93m40.0%[97m([91m4.5c[97m) [97mU2:[93m54.5%[97m([91m9.0c[97m) [97mR:[93m57.1%[97m([91m29.9c[97m) [97mS-L: [92m0:[96m38% [92m1:[96m33%[39m [39m
2026-07-25 16:19:19,304 - Agent - INFO - [37mVal Epoch 82 step 82 with [31mce_loss_combined : 1.699622 [31mce_loss_c : 2.064177 [31mce_loss_g : 1.517825 [31mkl_synergy_rand_1 : 0.001367 [31mkl_synergy_rand_2 : 0.001416 [31mkl_synergy_1 : 0.001368 [31mkl_synergy_2 : 0.001401 [31mtotal : 1.705173 [31mdiag_kl_1 : 1.320065 [31mdiag_kl_2 : 0.432539 [94mAcc_combined: 51.49 [94mAcc_c: 48.88 [94mAcc_g: 65.67 [92mF1_combined: 52.55 [92mF1_c: 48.30 [92mF1_g: 65.93 [95mCEU_cue_audio: 0.4000 [95mCEU_cue_video: 0.5457 [95mCEU_synergy: 0.3702 [95mCEU_coexistence: 0.5714 [97mS:[93m37.0%[97m([91m7.5c[97m-[94mF1:33.8%) [97mU1:[93m40.0%[97m([91m4.5c[97m) [97mU2:[93m54.5%[97m([91m9.0c[97m) [97mR:[93m57.1%[97m([91m29.9c[97m) [97mS-L: [92m0:[96m38% [92m1:[96m33%[39m [39m
2026-07-25 16:19:22,438 - Agent - INFO - [37mVal Epoch 83 step 83 with [31mce_loss_combined : 1.697785 [31mce_loss_c : 2.064404 [31mce_loss_g : 1.517175 [31mkl_synergy_rand_1 : 0.001353 [31mkl_synergy_rand_2 : 0.001413 [31mkl_synergy_1 : 0.001395 [31mkl_synergy_2 : 0.001398 [31mtotal : 1.703344 [31mdiag_kl_1 : 1.301236 [31mdiag_kl_2 : 0.436134 [94mAcc_combined: 51.49 [94mAcc_c: 48.88 [94mAcc_g: 65.67 [92mF1_combined: 52.55 [92mF1_c: 48.30 [92mF1_g: 65.93 [95mCEU_cue_audio: 0.4000 [95mCEU_cue_video: 0.5457 [95mCEU_synergy: 0.3702 [95mCEU_coexistence: 0.5714 [97mS:[93m37.0%[97m([91m7.5c[97m-[94mF1:33.8%) [97mU1:[93m40.0%[97m([91m4.5c[97m) [97mU2:[93m54.5%[97m([91m9.0c[97m) [97mR:[93m57.1%[97m([91m29.9c[97m) [97mS-L: [92m0:[96m38% [92m1:[96m33%[39m [39m
2026-07-25 16:19:25,601 - Agent - INFO - [37mVal Epoch 84 step 84 with [31mce_loss_combined : 1.697087 [31mce_loss_c : 2.064197 [31mce_loss_g : 1.517121 [31mkl_synergy_rand_1 : 0.001382 [31mkl_synergy_rand_2 : 0.001403 [31mkl_synergy_1 : 0.001381 [31mkl_synergy_2 : 0.001434 [31mtotal : 1.702686 [31mdiag_kl_1 : 1.321542 [31mdiag_kl_2 : 0.438858 [94mAcc_combined: 51.49 [94mAcc_c: 49.25 [94mAcc_g: 65.30 [92mF1_combined: 52.55 [92mF1_c: 48.48 [92mF1_g: 65.43 [95mCEU_cue_audio: 0.4000 [95mCEU_cue_video: 0.5457 [95mCEU_synergy: 0.3702 [95mCEU_coexistence: 0.5714 [97mS:[93m37.0%[97m([91m7.5c[97m-[94mF1:33.8%) [97mU1:[93m40.0%[97m([91m4.5c[97m) [97mU2:[93m54.5%[97m([91m9.0c[97m) [97mR:[93m57.1%[97m([91m29.9c[97m) [97mS-L: [92m0:[96m38% [92m1:[96m33%[39m [39m
2026-07-25 16:19:28,777 - Agent - INFO - [37mVal Epoch 85 step 85 with [31mce_loss_combined : 1.697098 [31mce_loss_c : 2.064237 [31mce_loss_g : 1.517173 [31mkl_synergy_rand_1 : 0.001345 [31mkl_synergy_rand_2 : 0.001414 [31mkl_synergy_1 : 0.001368 [31mkl_synergy_2 : 0.001422 [31mtotal : 1.702647 [31mdiag_kl_1 : 1.303779 [31mdiag_kl_2 : 0.434245 [94mAcc_combined: 51.49 [94mAcc_c: 49.25 [94mAcc_g: 65.30 [92mF1_combined: 52.55 [92mF1_c: 48.48 [92mF1_g: 65.43 [95mCEU_cue_audio: 0.4000 [95mCEU_cue_video: 0.5457 [95mCEU_synergy: 0.3702 [95mCEU_coexistence: 0.5714 [97mS:[93m37.0%[97m([91m7.5c[97m-[94mF1:33.8%) [97mU1:[93m40.0%[97m([91m4.5c[97m) [97mU2:[93m54.5%[97m([91m9.0c[97m) [97mR:[93m57.1%[97m([91m29.9c[97m) [97mS-L: [92m0:[96m38% [92m1:[96m33%[39m [39m
2026-07-25 16:19:31,922 - Agent - INFO - [37mVal Epoch 86 step 86 with [31mce_loss_combined : 1.774312 [31mce_loss_c : 1.963966 [31mce_loss_g : 1.553898 [31mkl_synergy_rand_1 : 0.001451 [31mkl_synergy_rand_2 : 0.001491 [31mkl_synergy_1 : 0.001474 [31mkl_synergy_2 : 0.001505 [31mtotal : 1.780232 [31mdiag_kl_1 : 1.404813 [31mdiag_kl_2 : 0.394391 [94mAcc_combined: 51.87 [94mAcc_c: 47.39 [94mAcc_g: 66.42 [92mF1_combined: 52.40 [92mF1_c: 47.19 [92mF1_g: 66.67 [95mCEU_cue_audio: 0.4000 [95mCEU_cue_video: 0.5000 [95mCEU_synergy: 0.3702 [95mCEU_coexistence: 0.6286 [97mS:[93m37.0%[97m([91m7.5c[97m-[94mF1:33.8%) [97mU1:[93m40.0%[97m([91m4.5c[97m) [97mU2:[93m50.0%[97m([91m8.2c[97m) [97mR:[93m62.9%[97m([91m32.8c[97m) [97mS-L: [92m0:[96m38% [92m1:[96m33%[39m [39m
2026-07-25 16:19:35,072 - Agent - INFO - [37mVal Epoch 87 step 87 with [31mce_loss_combined : 1.805709 [31mce_loss_c : 2.143090 [31mce_loss_g : 1.588103 [31mkl_synergy_rand_1 : 0.001381 [31mkl_synergy_rand_2 : 0.001425 [31mkl_synergy_1 : 0.001398 [31mkl_synergy_2 : 0.001409 [31mtotal : 1.811323 [31mdiag_kl_1 : 1.281956 [31mdiag_kl_2 : 0.421724 [94mAcc_combined: 49.25 [94mAcc_c: 46.64 [94mAcc_g: 66.04 [92mF1_combined: 50.36 [92mF1_c: 46.04 [92mF1_g: 66.42 [95mCEU_cue_audio: 0.4000 [95mCEU_cue_video: 0.5000 [95mCEU_synergy: 0.3702 [95mCEU_coexistence: 0.5714 [97mS:[93m37.0%[97m([91m7.5c[97m-[94mF1:31.0%) [97mU1:[93m40.0%[97m([91m4.5c[97m) [97mU2:[93m50.0%[97m([91m8.2c[97m) [97mR:[93m57.1%[97m([91m29.9c[97m) [97mS-L: [92m0:[96m43% [92m1:[96m17%[39m [39m
2026-07-25 16:19:35,510 - Agent - INFO - We are in the final state.
2026-07-25 16:19:35,621 - root - INFO - Loaded best model from best_model_accuracy_state_dict
2026-07-25 16:19:36,393 - Agent - INFO - [37mVal Epoch 87 step 0 with [31mce_loss_combined : 1.110598 [31mce_loss_c : 0.981296 [31mce_loss_g : 1.171331 [31mkl_synergy_rand_1 : 0.000997 [31mkl_synergy_rand_2 : 0.001130 [31mkl_synergy_1 : 0.001005 [31mkl_synergy_2 : 0.001112 [31mtotal : 1.114842 [31mdiag_kl_1 : 0.892721 [31mdiag_kl_2 : 0.331137 [94mAcc_combined: 67.91 [94mAcc_c: 54.85 [94mAcc_g: 67.54 [92mF1_combined: 68.15 [92mF1_c: 52.55 [92mF1_g: 67.90 [95mCEU_cue_audio: 0.5335 [95mCEU_cue_video: 0.7272 [95mCEU_synergy: 0.3335 [95mCEU_coexistence: 0.8285 [97mS:[93m33.3%[97m([91m6.7c[97m-[94mF1:31.0%) [97mU1:[93m53.3%[97m([91m6.0c[97m) [97mU2:[93m72.7%[97m([91m11.9c[97m) [97mR:[93m82.9%[97m([91m43.3c[97m) [97mS-L: [92m0:[96m33% [92m1:[96m33%[39m [39m
2026-07-25 16:19:37,156 - Agent - INFO - [37mTest Epoch 87 step 0 with [31mce_loss_combined : 1.367251 [31mce_loss_c : 0.960077 [31mce_loss_g : 1.544255 [31mkl_synergy_rand_1 : 0.000825 [31mkl_synergy_rand_2 : 0.000971 [31mkl_synergy_1 : 0.000872 [31mkl_synergy_2 : 0.001005 [31mtotal : 1.370924 [31mdiag_kl_1 : 0.756873 [31mdiag_kl_2 : 0.369326 [94mAcc_combined: 61.57 [94mAcc_c: 52.61 [94mAcc_g: 61.94 [92mF1_combined: 61.71 [92mF1_c: 49.00 [92mF1_g: 63.31 [95mCEU_cue_audio: 0.5713 [95mCEU_cue_video: 0.7391 [95mCEU_synergy: 0.3590 [95mCEU_coexistence: 0.7415 [97mS:[93m35.9%[97m([91m10.4c[97m-[94mF1:31.4%) [97mU1:[93m57.1%[97m([91m6.0c[97m) [97mU2:[93m73.9%[97m([91m12.7c[97m) [97mR:[93m74.1%[97m([91m32.1c[97m) [97mS-L: [92m0:[96m34% [92m1:[96m50%[39m [39m
2026-07-25 16:19:37,883 - Agent - INFO - [37mModel saved successfully at: ./artifacts/models/multibench/mustard/vt/SynIB_RMask_REFABL_mustard_fold0_l0.001_perturbrandom_fillema_pmin0.1_refclass_prior_lr0.0005_wd0.001.pth.tar[39m
Job finished
