Starting SynIB reference-ablation job
Python 3.10.19
/esat/smcdata/users/kkontras/Image_Dataset/no_backup/git/SynIB  (git cb39a55)
GPU 0: NVIDIA GeForce RTX 2080 Ti (UUID: GPU-87e1744a-d67f-c235-1181-a8b3a626015d)
Executing: PYTHONPATH=src /esat/smcdata/users/kkontras/Image_Dataset/no_backup/envs/synergy_new/bin/python -m synib.entrypoints.train --config run/configs/rebuttal_ref_ablation/mustard_synib.json --default_config run/configs/rebuttal_ref_ablation/mustard_default.json --fold 1 --rmask random --l 0.001 --perturb_pmin 0.1 --perturb_fill ema --lr 0.0005 --wd 0.001 --reference_type uniform --ref_diag --start_over --tag REFABL_mustard
Namespace(config='run/configs/rebuttal_ref_ablation/mustard_synib.json', default_config='run/configs/rebuttal_ref_ablation/mustard_default.json', fold='1', alpha=None, tanh_mode_beta=None, regby=None, batch_size=None, l='0.001', multil=None, lib=None, kmepoch=None, num_samples=None, contrcoeff=None, contr_type=None, shuffle_type=None, validate_with=None, num_classes=None, optim_method=None, ending_epoch=None, load_ongoing=None, recon_weight1=None, recon_weight2=None, recon_epochstages=None, recon_ensemblestages=None, lr='0.0005', wd='0.001', cls=None, ironic_rate=None, perturb='random', perturb_fill='ema', perturb_pmax=None, perturb_pmin='0.1', perturb_lsparse=None, rmask='random', pmin=None, pmax=None, lsparse=None, debug_mask_stats=False, pre=False, frozen=False, tdqm_disable=False, start_over=True, no_model_save=False, num_layers=None, grad_accum=None, init_from=None, init_strict=False, perturb_lsparse_sign=None, l_anneal_epochs=None, perturb_steps=None, perturb_lsparse_warmup=None, perturb_lsparse_schedule=None, persist_ell=False, save_masks=False, penalty_swap=False, disable_ce_random=False, disable_kl_learned=False, masking_only=False, modality_dropout=None, modality_dropout_target=None, l_z1_masked=None, l_z2_masked=None, l_pareto=None, reference_type='uniform', ref_diag=True, ref_ema_decay=None, tag='REFABL_mustard')
2026-07-25 15:54:07,299 - Config - INFO - run/configs/rebuttal_ref_ablation/mustard_synib.json
2026-07-25 15:54:07,304 - Config - INFO -  THE Configuration of your experiment ..
{'agent': 'Agent',
 'dataset': {'data_roots': './src/synib/mydatasets/Factor_CL_Datasets/prepared/mustard/mustard_data.pkl',
             'data_type': 'sarcasm',
             'dataloader_class': 'FactorCL_MustardFiltered_Dataloader',
             'kfold_data_roots': './src/synib/mydatasets/Factor_CL_Datasets/prepared/mustard/mustard_synergy3.pkl',
             'mustard_video_filter': {'check_aligned_segment': True,
                                      'enabled': True,
                                      'min_aligned_len': 1,
                                      'vision_absmax_threshold': 1000000.0},
             'z_norm': True},
 'early_stopping': {'end_of_epoch_check': True,
                    'log_interval': 10,
                    'max_epoch': 100,
                    'n_steps_stop': 30,
                    'n_steps_stop_after': 0,
                    'save_every_step': 3000,
                    'save_every_valstep': 50,
                    'validate_after': 0,
                    'validate_every': 185},
 'exp_name': 'MUSTARD Experiment',
 'model': {'args': {'bias_infusion': {'method': False},
                    'clip_grad': False,
                    'cls_type': 'mlp',
                    'd_model': 40,
                    'dropout': 0.1,
                    'fc_inner': 64,
                    'multi_loss': {'multi_supervised_w': {'c': 1,
                                                          'combined': 1,
                                                          'g': 1}},
                    'norm_decision': False,
                    'num_classes': 2},
           'ceu': {'test': './artifacts/ceus/mustard/mustard_ceu_test.pkl',
                   'val': './artifacts/ceus/mustard/mustard_ceu_val.pkl'},
           'encoders': [{'args': {'freeze_encoder': False,
                                  'hidden_size': 40,
                                  'modality': 'c',
                                  'n_features': 371,
                                  'num_classes': 2},
                         'model': 'FactorCL_Uni',
                         'pretrainedEncoder': {'dir': 'unimodal_video_fold{}_vldaccuracy_lr0.0005_wd0.00001.pth.tar',
                                               'use': True}},
                        {'args': {'freeze_encoder': False,
                                  'hidden_size': 40,
                                  'modality': 'g',
                                  'n_features': 300,
                                  'num_classes': 2},
                         'model': 'FactorCL_Uni',
                         'pretrainedEncoder': {'dir': 'unimodal_text_fold{}_vldaccuracy_lr0.0005_wd0.0001.pth.tar',
                                               'use': True}},
                        {'args': {'d_model': 40,
                                  'dropout': 0.1,
                                  'fc_inner': 64,
                                  'freeze_encoder': False},
                         'model': 'FusionTrunkLinear',
                         'name': 'enc_2_fusion_trunk',
                         'pretrainedEncoder': {'dir': 'enc_2_fusion_trunk_{}.pth.tar',
                                               'use': False},
                         'save_encoder': False},
                        {'args': {'freeze_encoder': False,
                                  'in_dim': 64,
                                  'num_classes': 2},
                         'model': 'LinearHead',
                         'name': 'enc_3_fusion_head',
                         'pretrainedEncoder': {'dir': 'enc_3_fusion_head_{}.pth.tar',
                                               'use': False},
                         'save_encoder': False}],
           'load_ongoing': False,
           'model_class': 'FusionIBModel_Mask',
           'save_base_dir': './artifacts/models/multibench/mustard/vt',
           'save_dir': 'SynIB_RMask_{}.pth.tar'},
 'optimizer': {'beta1': 0.9,
               'beta2': 0.999,
               'learning_rate': 0.0001,
               'momentum': 0.9,
               'type': 'Adam',
               'weight_decay': 0.0001},
 'scheduler': {'max_lr': 0.03, 'type': 'cosanneal', 'warm_up_steps': 780},
 'task': 'classification',
 'training_params': {'adversarial_training': {'adv_epsilon': 0.01,
                                              'use': False},
                     'async_loading': True,
                     'batch_size': 32,
                     'cuda': True,
                     'data_loader_workers': 8,
                     'gpu_device': [0],
                     'pin_memory': True,
                     'rec_test': True,
                     'res': True,
                     'seed': 109,
                     'tdqm_disable': False,
                     'test_batch_size': 32,
                     'test_on_bottoms': False,
                     'use_test_set': True,
                     'validation': True,
                     'verbose': True,
                     'wandb_disable': True}}
2026-07-25 15:54:07,310 - Config - INFO -  *************************************** 
2026-07-25 15:54:07,310 - Config - INFO - The experiment name is MUSTARD Experiment
2026-07-25 15:54:07,310 - Config - INFO -  *************************************** 
2026-07-25 15:54:07,310 - root - INFO - save_dir: SynIB_RMask_REFABL_mustard_fold1_l0.001_perturbrandom_fillema_pmin0.1_refuniform_lr0.0005_wd0.001.pth.tar
2026-07-25 15:54:07,480 - Cuda Statistics - INFO - __Python VERSION:  3.10.19 (main, Oct 21 2025, 16:43:05) [GCC 11.2.0]
2026-07-25 15:54:07,480 - Cuda Statistics - INFO - __pyTorch VERSION:  2.9.1+cu128
2026-07-25 15:54:07,480 - Cuda Statistics - INFO - __CUDA VERSION
2026-07-25 15:54:07,606 - Cuda Statistics - INFO - __CUDNN VERSION:  91002
2026-07-25 15:54:07,627 - Cuda Statistics - INFO - __Number CUDA Devices:  1
2026-07-25 15:54:07,627 - Cuda Statistics - INFO - __Devices
2026-07-25 15:54:07,627 - Cuda Statistics - INFO - index, name, driver_version, memory.total [MiB], memory.used [MiB], memory.free [MiB]
2026-07-25 15:54:07,627 - Cuda Statistics - INFO - 0, NVIDIA GeForce RTX 2080 Ti, 610.43.03, 11264 MiB, 306 MiB, 10524 MiB
2026-07-25 15:54:07,664 - Cuda Statistics - INFO - Active CUDA Device: GPU 0
2026-07-25 15:54:07,664 - Cuda Statistics - INFO - Available devices  1
2026-07-25 15:54:07,665 - Cuda Statistics - INFO - Current cuda device  0
[MustardFilteredDataloader] train: dropped 31/412 samples (vision absmax threshold=1e+06, aligned=True)
[MustardFilteredDataloader] train: first drops -> 3:vision_absmax>1e+06 (2.7e+07), 7:vision_absmax>1e+06 (3.43e+07), 31:vision_absmax>1e+06 (1.29e+07), 45:vision_absmax>1e+06 (9.04e+06), 53:vision_absmax>1e+06 (2.67e+07), 72:vision_absmax>1e+06 (2.67e+07), 85:vision_absmax>1e+06 (3.93e+07), 94:vision_absmax>1e+06 (4.57e+07), 105:vision_absmax>1e+06 (3.62e+07), 122:vision_absmax>1e+06 (3.62e+07), ...
[MustardFilteredDataloader] valid: dropped 3/137 samples (vision absmax threshold=1e+06, aligned=True)
[MustardFilteredDataloader] valid: first drops -> 2:vision_absmax>1e+06 (2.67e+07), 20:vision_absmax>1e+06 (2.67e+07), 105:vision_absmax>1e+06 (4.57e+07)
[MustardFilteredDataloader] test: dropped 4/138 samples (vision absmax threshold=1e+06, aligned=True)
[MustardFilteredDataloader] test: first drops -> 3:vision_absmax>1e+06 (3.43e+07), 8:vision_absmax>1e+06 (2.67e+07), 65:vision_absmax>1e+06 (2.3e+07), 106:vision_absmax>1e+06 (2.67e+07)
2026-07-25 15:54:09,616 - Agent - INFO - Device: cuda:0
2026-07-25 15:54:09,617 - Agent - INFO - Total training batches: 12, validate every 185 batches, steps per epoch: 1
2026-07-25 15:54:10,667 - Agent - INFO - Loss Weights are {'total': 1, 'combined': 1, 'c': 1, 'g': 1}
2026-07-25 15:54:10,667 - root - INFO - There is no CEU for train
2026-07-25 15:54:11,869 - root - INFO - Loading enc best model state dict from ./artifacts/models/multibench/mustard/vt/unimodal_video_fold1_vldaccuracy_lr0.0005_wd0.00001.pth.tar
2026-07-25 15:54:12,319 - root - INFO - Loading enc best model state dict from ./artifacts/models/multibench/mustard/vt/unimodal_text_fold1_vldaccuracy_lr0.0005_wd0.0001.pth.tar
2026-07-25 15:54:13,014 - Agent - INFO - Total number of trainable parameters are: 3517920
2026-07-25 15:54:13,024 - Agent - INFO - Total number of trainable parameters are: 1764436
2026-07-25 15:54:24,915 - Evaluator - INFO - New best with loss-accuracy-syn_accuracy-
2026-07-25 15:54:24,916 - Agent - INFO - [37mVal Epoch 1 step 1 with [31mce_loss_combined : 0.747708 [31mce_loss_c : 0.842562 [31mce_loss_g : 0.737674 [31mkl_synergy_rand_1 : 0.000026 [31mkl_synergy_rand_2 : 0.000024 [31mkl_synergy_1 : 0.000029 [31mkl_synergy_2 : 0.000018 [31mtotal : 0.747805 [31mdiag_kl_1 : 0.049746 [31mdiag_kl_2 : 0.016979 [94mAcc_combined: 50.75 [94mAcc_c: 50.75 [94mAcc_g: 50.00 [92mF1_combined: 64.52 [92mF1_c: 25.00 [92mF1_g: 66.67 [95mCEU_cue_audio: 0.5000 [95mCEU_cue_video: 0.5000 [95mCEU_synergy: 0.5806 [95mCEU_coexistence: 0.4366 [97mS:[93m58.1%[97m([91m13.4c[97m-[94mF1:42.8%) [97mU1:[93m50.0%[97m([91m5.2c[97m) [97mU2:[93m50.0%[97m([91m6.7c[97m) [97mR:[93m43.7%[97m([91m23.1c[97m) [97mS-L: [92m0:[96m65% [92m1:[96m20%[39m [39m
2026-07-25 15:54:24,944 - Agent - INFO - [37mTest Epoch 1 step 1 with [31mce_loss_combined : 0.650389 [31mce_loss_c : 0.636690 [31mce_loss_g : 0.663523 [31mkl_synergy_rand_1 : 0.000018 [31mkl_synergy_rand_2 : 0.000016 [31mkl_synergy_1 : 0.000018 [31mkl_synergy_2 : 0.000014 [31mtotal : 0.650454 [31mdiag_kl_1 : 0.036555 [31mdiag_kl_2 : 0.008719 [94mAcc_combined: 57.09 [94mAcc_c: 56.72 [94mAcc_g: 50.00 [92mF1_combined: 69.66 [92mF1_c: 31.76 [92mF1_g: 66.67 [95mCEU_cue_audio: 0.6113 [95mCEU_cue_video: 0.6248 [95mCEU_synergy: 0.4666 [95mCEU_coexistence: 0.6000 [97mS:[93m46.7%[97m([91m15.7c[97m-[94mF1:31.8%) [97mU1:[93m61.1%[97m([91m8.2c[97m) [97mU2:[93m62.5%[97m([91m7.5c[97m) [97mR:[93m60.0%[97m([91m24.6c[97m) [97mS-L: [92m0:[96m49%[39m [39m
2026-07-25 15:54:25,324 - Agent - INFO - [37mModel saved successfully at: ./artifacts/models/multibench/mustard/vt/SynIB_RMask_REFABL_mustard_fold1_l0.001_perturbrandom_fillema_pmin0.1_refuniform_lr0.0005_wd0.001.pth.tar[39m
2026-07-25 15:54:28,372 - Evaluator - INFO - New best with syn_accuracy-
2026-07-25 15:54:28,372 - Agent - INFO - [37mVal Epoch 2 step 2 with [31mce_loss_combined : 0.781963 [31mce_loss_c : 0.752614 [31mce_loss_g : 1.018779 [31mkl_synergy_rand_1 : 0.000053 [31mkl_synergy_rand_2 : 0.000050 [31mkl_synergy_1 : 0.000054 [31mkl_synergy_2 : 0.000038 [31mtotal : 0.782157 [31mdiag_kl_1 : 0.070934 [31mdiag_kl_2 : 0.015586 [94mAcc_combined: 50.75 [94mAcc_c: 51.87 [94mAcc_g: 50.75 [92mF1_combined: 64.52 [92mF1_c: 15.69 [92mF1_g: 64.89 [95mCEU_cue_audio: 0.5000 [95mCEU_cue_video: 0.5555 [95mCEU_synergy: 0.6775 [95mCEU_coexistence: 0.3662 [97mS:[93m67.7%[97m([91m15.7c[97m-[94mF1:48.3%) [97mU1:[93m50.0%[97m([91m5.2c[97m) [97mU2:[93m55.6%[97m([91m7.5c[97m) [97mR:[93m36.6%[97m([91m19.4c[97m) [97mS-L: [92m0:[96m77% [92m1:[96m20%[39m [39m
2026-07-25 15:54:28,391 - Agent - INFO - [37mTest Epoch 2 step 2 with [31mce_loss_combined : 0.649849 [31mce_loss_c : 0.654939 [31mce_loss_g : 0.716906 [31mkl_synergy_rand_1 : 0.000037 [31mkl_synergy_rand_2 : 0.000037 [31mkl_synergy_1 : 0.000035 [31mkl_synergy_2 : 0.000029 [31mtotal : 0.649988 [31mdiag_kl_1 : 0.046944 [31mdiag_kl_2 : 0.008856 [94mAcc_combined: 56.34 [94mAcc_c: 54.85 [94mAcc_g: 56.34 [92mF1_combined: 68.46 [92mF1_c: 18.79 [92mF1_g: 69.45 [95mCEU_cue_audio: 0.6113 [95mCEU_cue_video: 0.6248 [95mCEU_synergy: 0.5555 [95mCEU_coexistence: 0.5636 [97mS:[93m55.6%[97m([91m18.7c[97m-[94mF1:35.7%) [97mU1:[93m61.1%[97m([91m8.2c[97m) [97mU2:[93m62.5%[97m([91m7.5c[97m) [97mR:[93m56.4%[97m([91m23.1c[97m) [97mS-L: [92m0:[96m58%[39m [39m
2026-07-25 15:54:28,956 - Agent - INFO - [37mModel saved successfully at: ./artifacts/models/multibench/mustard/vt/SynIB_RMask_REFABL_mustard_fold1_l0.001_perturbrandom_fillema_pmin0.1_refuniform_lr0.0005_wd0.001.pth.tar[39m
2026-07-25 15:54:32,017 - Agent - INFO - [37mVal Epoch 3 step 3 with [31mce_loss_combined : 0.921138 [31mce_loss_c : 0.899009 [31mce_loss_g : 0.860514 [31mkl_synergy_rand_1 : 0.000139 [31mkl_synergy_rand_2 : 0.000128 [31mkl_synergy_1 : 0.000132 [31mkl_synergy_2 : 0.000104 [31mtotal : 0.921641 [31mdiag_kl_1 : 0.175733 [31mdiag_kl_2 : 0.035330 [94mAcc_combined: 50.00 [94mAcc_c: 49.63 [94mAcc_g: 50.37 [92mF1_combined: 61.27 [92mF1_c: 31.47 [92mF1_g: 66.50 [95mCEU_cue_audio: 0.6431 [95mCEU_cue_video: 0.3333 [95mCEU_synergy: 0.3225 [95mCEU_coexistence: 0.5211 [97mS:[93m32.3%[97m([91m7.5c[97m-[94mF1:27.4%) [97mU1:[93m64.3%[97m([91m6.7c[97m) [97mU2:[93m33.3%[97m([91m4.5c[97m) [97mR:[93m52.1%[97m([91m27.6c[97m) [97mS-L: [92m0:[96m35% [92m1:[96m20%[39m [39m
2026-07-25 15:54:35,011 - Agent - INFO - [37mVal Epoch 4 step 4 with [31mce_loss_combined : 0.785183 [31mce_loss_c : 0.730381 [31mce_loss_g : 1.176818 [31mkl_synergy_rand_1 : 0.000045 [31mkl_synergy_rand_2 : 0.000041 [31mkl_synergy_1 : 0.000035 [31mkl_synergy_2 : 0.000035 [31mtotal : 0.785339 [31mdiag_kl_1 : 0.048596 [31mdiag_kl_2 : 0.025021 [94mAcc_combined: 49.63 [94mAcc_c: 50.00 [94mAcc_g: 45.90 [92mF1_combined: 64.75 [92mF1_c: 4.29 [92mF1_g: 56.19 [95mCEU_cue_audio: 0.5000 [95mCEU_cue_video: 0.5000 [95mCEU_synergy: 0.4516 [95mCEU_coexistence: 0.4648 [97mS:[93m45.2%[97m([91m10.4c[97m-[94mF1:35.5%) [97mU1:[93m50.0%[97m([91m5.2c[97m) [97mU2:[93m50.0%[97m([91m6.7c[97m) [97mR:[93m46.5%[97m([91m24.6c[97m) [97mS-L: [92m0:[96m50% [92m1:[96m20%[39m [39m
2026-07-25 15:54:38,027 - Evaluator - INFO - New best with syn_accuracy-
2026-07-25 15:54:38,027 - Agent - INFO - [37mVal Epoch 5 step 5 with [31mce_loss_combined : 1.059774 [31mce_loss_c : 0.883370 [31mce_loss_g : 1.215735 [31mkl_synergy_rand_1 : 0.000214 [31mkl_synergy_rand_2 : 0.000207 [31mkl_synergy_1 : 0.000194 [31mkl_synergy_2 : 0.000179 [31mtotal : 1.060567 [31mdiag_kl_1 : 0.284278 [31mdiag_kl_2 : 0.048871 [94mAcc_combined: 44.78 [94mAcc_c: 49.25 [94mAcc_g: 44.40 [92mF1_combined: 49.66 [92mF1_c: 18.07 [92mF1_g: 50.50 [95mCEU_cue_audio: 0.5000 [95mCEU_cue_video: 0.5000 [95mCEU_synergy: 0.7419 [95mCEU_coexistence: 0.2254 [97mS:[93m74.2%[97m([91m17.2c[97m-[94mF1:52.3%) [97mU1:[93m50.0%[97m([91m5.2c[97m) [97mU2:[93m50.0%[97m([91m6.7c[97m) [97mR:[93m22.5%[97m([91m11.9c[97m) [97mS-L: [92m0:[96m85% [92m1:[96m20%[39m [39m
2026-07-25 15:54:38,047 - Agent - INFO - [37mTest Epoch 5 step 5 with [31mce_loss_combined : 0.732834 [31mce_loss_c : 0.675631 [31mce_loss_g : 0.800236 [31mkl_synergy_rand_1 : 0.000181 [31mkl_synergy_rand_2 : 0.000180 [31mkl_synergy_1 : 0.000175 [31mkl_synergy_2 : 0.000157 [31mtotal : 0.733528 [31mdiag_kl_1 : 0.239681 [31mdiag_kl_2 : 0.061626 [94mAcc_combined: 56.72 [94mAcc_c: 58.58 [94mAcc_g: 56.72 [92mF1_combined: 63.06 [92mF1_c: 34.32 [92mF1_g: 63.75 [95mCEU_cue_audio: 0.6113 [95mCEU_cue_video: 0.7498 [95mCEU_synergy: 0.7778 [95mCEU_coexistence: 0.3454 [97mS:[93m77.8%[97m([91m26.1c[97m-[94mF1:43.8%) [97mU1:[93m61.1%[97m([91m8.2c[97m) [97mU2:[93m75.0%[97m([91m9.0c[97m) [97mR:[93m34.5%[97m([91m14.2c[97m) [97mS-L: [92m0:[96m81%[39m [39m
2026-07-25 15:54:38,600 - Agent - INFO - [37mModel saved successfully at: ./artifacts/models/multibench/mustard/vt/SynIB_RMask_REFABL_mustard_fold1_l0.001_perturbrandom_fillema_pmin0.1_refuniform_lr0.0005_wd0.001.pth.tar[39m
2026-07-25 15:54:41,635 - Agent - INFO - [37mVal Epoch 6 step 6 with [31mce_loss_combined : 0.775576 [31mce_loss_c : 0.730792 [31mce_loss_g : 0.679999 [31mkl_synergy_rand_1 : 0.000061 [31mkl_synergy_rand_2 : 0.000051 [31mkl_synergy_1 : 0.000063 [31mkl_synergy_2 : 0.000035 [31mtotal : 0.775786 [31mdiag_kl_1 : 0.069309 [31mdiag_kl_2 : 0.050616 [94mAcc_combined: 48.51 [94mAcc_c: 58.96 [94mAcc_g: 50.00 [92mF1_combined: 62.70 [92mF1_c: 53.39 [92mF1_g: 66.67 [95mCEU_cue_audio: 0.5000 [95mCEU_cue_video: 0.4445 [95mCEU_synergy: 0.2257 [95mCEU_coexistence: 0.8028 [97mS:[93m22.6%[97m([91m5.2c[97m-[94mF1:20.5%) [97mU1:[93m50.0%[97m([91m5.2c[97m) [97mU2:[93m44.4%[97m([91m6.0c[97m) [97mR:[93m80.3%[97m([91m42.5c[97m) [97mS-L: [92m0:[96m23% [92m1:[96m20%[39m [39m
2026-07-25 15:54:44,622 - Evaluator - INFO - New best with loss-
2026-07-25 15:54:44,622 - Agent - INFO - [37mVal Epoch 7 step 7 with [31mce_loss_combined : 0.733380 [31mce_loss_c : 0.733153 [31mce_loss_g : 0.737791 [31mkl_synergy_rand_1 : 0.000020 [31mkl_synergy_rand_2 : 0.000018 [31mkl_synergy_1 : 0.000022 [31mkl_synergy_2 : 0.000012 [31mtotal : 0.733452 [31mdiag_kl_1 : 0.029914 [31mdiag_kl_2 : 0.039478 [94mAcc_combined: 50.75 [94mAcc_c: 49.63 [94mAcc_g: 41.04 [92mF1_combined: 65.98 [92mF1_c: 5.59 [92mF1_g: 41.04 [95mCEU_cue_audio: 0.5000 [95mCEU_cue_video: 0.5555 [95mCEU_synergy: 0.1292 [95mCEU_coexistence: 0.8028 [97mS:[93m12.9%[97m([91m3.0c[97m-[94mF1:12.9%) [97mU1:[93m50.0%[97m([91m5.2c[97m) [97mU2:[93m55.6%[97m([91m7.5c[97m) [97mR:[93m80.3%[97m([91m42.5c[97m) [97mS-L: [92m0:[96m8% [92m1:[96m40%[39m [39m
2026-07-25 15:54:44,642 - Agent - INFO - [37mTest Epoch 7 step 7 with [31mce_loss_combined : 0.665591 [31mce_loss_c : 0.664488 [31mce_loss_g : 0.685061 [31mkl_synergy_rand_1 : 0.000014 [31mkl_synergy_rand_2 : 0.000012 [31mkl_synergy_1 : 0.000014 [31mkl_synergy_2 : 0.000009 [31mtotal : 0.665639 [31mdiag_kl_1 : 0.020281 [31mdiag_kl_2 : 0.021504 [94mAcc_combined: 54.10 [94mAcc_c: 52.99 [94mAcc_g: 57.46 [92mF1_combined: 68.38 [92mF1_c: 12.50 [92mF1_g: 57.46 [95mCEU_cue_audio: 0.7223 [95mCEU_cue_video: 0.5000 [95mCEU_synergy: 0.1334 [95mCEU_coexistence: 0.8909 [97mS:[93m13.3%[97m([91m4.5c[97m-[94mF1:12.6%) [97mU1:[93m72.2%[97m([91m9.7c[97m) [97mU2:[93m50.0%[97m([91m6.0c[97m) [97mR:[93m89.1%[97m([91m36.6c[97m) [97mS-L: [92m0:[96m12% [92m1:[96m50%[39m [39m
2026-07-25 15:54:45,327 - Agent - INFO - [37mModel saved successfully at: ./artifacts/models/multibench/mustard/vt/SynIB_RMask_REFABL_mustard_fold1_l0.001_perturbrandom_fillema_pmin0.1_refuniform_lr0.0005_wd0.001.pth.tar[39m
2026-07-25 15:54:48,419 - Evaluator - INFO - New best with syn_accuracy-
2026-07-25 15:54:48,419 - Agent - INFO - [37mVal Epoch 8 step 8 with [31mce_loss_combined : 0.783128 [31mce_loss_c : 0.808183 [31mce_loss_g : 0.700320 [31mkl_synergy_rand_1 : 0.000046 [31mkl_synergy_rand_2 : 0.000041 [31mkl_synergy_1 : 0.000049 [31mkl_synergy_2 : 0.000034 [31mtotal : 0.783298 [31mdiag_kl_1 : 0.076267 [31mdiag_kl_2 : 0.018505 [94mAcc_combined: 50.00 [94mAcc_c: 50.75 [94mAcc_g: 50.00 [92mF1_combined: 63.78 [92mF1_c: 23.26 [92mF1_g: 66.67 [95mCEU_cue_audio: 0.5000 [95mCEU_cue_video: 0.5555 [95mCEU_synergy: 0.8387 [95mCEU_coexistence: 0.1691 [97mS:[93m83.9%[97m([91m19.4c[97m-[94mF1:45.6%) [97mU1:[93m50.0%[97m([91m5.2c[97m) [97mU2:[93m55.6%[97m([91m7.5c[97m) [97mR:[93m16.9%[97m([91m9.0c[97m) [97mS-L: [92m0:[96m100%[39m [39m
2026-07-25 15:54:48,440 - Agent - INFO - [37mTest Epoch 8 step 8 with [31mce_loss_combined : 0.648270 [31mce_loss_c : 0.647470 [31mce_loss_g : 0.689987 [31mkl_synergy_rand_1 : 0.000035 [31mkl_synergy_rand_2 : 0.000030 [31mkl_synergy_1 : 0.000033 [31mkl_synergy_2 : 0.000027 [31mtotal : 0.648395 [31mdiag_kl_1 : 0.060798 [31mdiag_kl_2 : 0.008194 [94mAcc_combined: 57.09 [94mAcc_c: 58.96 [94mAcc_g: 50.00 [92mF1_combined: 68.83 [92mF1_c: 36.78 [92mF1_g: 66.67 [95mCEU_cue_audio: 0.6113 [95mCEU_cue_video: 0.7498 [95mCEU_synergy: 0.9556 [95mCEU_coexistence: 0.2000 [97mS:[93m95.6%[97m([91m32.1c[97m-[94mF1:48.9%) [97mU1:[93m61.1%[97m([91m8.2c[97m) [97mU2:[93m75.0%[97m([91m9.0c[97m) [97mR:[93m20.0%[97m([91m8.2c[97m) [97mS-L: [92m0:[96m100%[39m [39m
2026-07-25 15:54:49,151 - Agent - INFO - [37mModel saved successfully at: ./artifacts/models/multibench/mustard/vt/SynIB_RMask_REFABL_mustard_fold1_l0.001_perturbrandom_fillema_pmin0.1_refuniform_lr0.0005_wd0.001.pth.tar[39m
2026-07-25 15:54:52,283 - Agent - INFO - [37mVal Epoch 9 step 9 with [31mce_loss_combined : 0.778742 [31mce_loss_c : 0.813876 [31mce_loss_g : 0.716126 [31mkl_synergy_rand_1 : 0.000056 [31mkl_synergy_rand_2 : 0.000050 [31mkl_synergy_1 : 0.000054 [31mkl_synergy_2 : 0.000038 [31mtotal : 0.778940 [31mdiag_kl_1 : 0.077028 [31mdiag_kl_2 : 0.031307 [94mAcc_combined: 50.37 [94mAcc_c: 55.97 [94mAcc_g: 41.04 [92mF1_combined: 63.96 [92mF1_c: 47.79 [92mF1_g: 41.04 [95mCEU_cue_audio: 0.7139 [95mCEU_cue_video: 0.4445 [95mCEU_synergy: 0.2581 [95mCEU_coexistence: 0.7605 [97mS:[93m25.8%[97m([91m6.0c[97m-[94mF1:22.9%) [97mU1:[93m71.4%[97m([91m7.5c[97m) [97mU2:[93m44.4%[97m([91m6.0c[97m) [97mR:[93m76.1%[97m([91m40.3c[97m) [97mS-L: [92m0:[96m27% [92m1:[96m20%[39m [39m
2026-07-25 15:54:55,353 - Agent - INFO - [37mVal Epoch 10 step 10 with [31mce_loss_combined : 0.736858 [31mce_loss_c : 0.775836 [31mce_loss_g : 0.695968 [31mkl_synergy_rand_1 : 0.000037 [31mkl_synergy_rand_2 : 0.000033 [31mkl_synergy_1 : 0.000036 [31mkl_synergy_2 : 0.000021 [31mtotal : 0.736985 [31mdiag_kl_1 : 0.039067 [31mdiag_kl_2 : 0.050748 [94mAcc_combined: 50.37 [94mAcc_c: 50.75 [94mAcc_g: 50.00 [92mF1_combined: 65.45 [92mF1_c: 13.16 [92mF1_g: 66.67 [95mCEU_cue_audio: 0.5713 [95mCEU_cue_video: 0.5000 [95mCEU_synergy: 0.1292 [95mCEU_coexistence: 0.8028 [97mS:[93m12.9%[97m([91m3.0c[97m-[94mF1:12.9%) [97mU1:[93m57.1%[97m([91m6.0c[97m) [97mU2:[93m50.0%[97m([91m6.7c[97m) [97mR:[93m80.3%[97m([91m42.5c[97m) [97mS-L: [92m0:[96m8% [92m1:[96m40%[39m [39m
2026-07-25 15:54:58,457 - Agent - INFO - [37mVal Epoch 11 step 11 with [31mce_loss_combined : 0.774310 [31mce_loss_c : 0.824688 [31mce_loss_g : 0.721684 [31mkl_synergy_rand_1 : 0.000058 [31mkl_synergy_rand_2 : 0.000048 [31mkl_synergy_1 : 0.000054 [31mkl_synergy_2 : 0.000040 [31mtotal : 0.774510 [31mdiag_kl_1 : 0.075953 [31mdiag_kl_2 : 0.035379 [94mAcc_combined: 49.63 [94mAcc_c: 49.63 [94mAcc_g: 50.00 [92mF1_combined: 63.81 [92mF1_c: 17.18 [92mF1_g: 66.67 [95mCEU_cue_audio: 0.6431 [95mCEU_cue_video: 0.5000 [95mCEU_synergy: 0.3225 [95mCEU_coexistence: 0.7605 [97mS:[93m32.3%[97m([91m7.5c[97m-[94mF1:27.4%) [97mU1:[93m64.3%[97m([91m6.7c[97m) [97mU2:[93m50.0%[97m([91m6.7c[97m) [97mR:[93m76.1%[97m([91m40.3c[97m) [97mS-L: [92m0:[96m35% [92m1:[96m20%[39m [39m
2026-07-25 15:55:01,502 - Evaluator - INFO - New best with accuracy-
2026-07-25 15:55:01,502 - Agent - INFO - [37mVal Epoch 12 step 12 with [31mce_loss_combined : 0.858320 [31mce_loss_c : 0.874192 [31mce_loss_g : 0.707281 [31mkl_synergy_rand_1 : 0.000130 [31mkl_synergy_rand_2 : 0.000117 [31mkl_synergy_1 : 0.000128 [31mkl_synergy_2 : 0.000085 [31mtotal : 0.858780 [31mdiag_kl_1 : 0.158082 [31mdiag_kl_2 : 0.060724 [94mAcc_combined: 51.12 [94mAcc_c: 57.09 [94mAcc_g: 50.00 [92mF1_combined: 63.51 [92mF1_c: 53.44 [92mF1_g: 66.67 [95mCEU_cue_audio: 0.7139 [95mCEU_cue_video: 0.5555 [95mCEU_synergy: 0.2581 [95mCEU_coexistence: 0.7182 [97mS:[93m25.8%[97m([91m6.0c[97m-[94mF1:22.9%) [97mU1:[93m71.4%[97m([91m7.5c[97m) [97mU2:[93m55.6%[97m([91m7.5c[97m) [97mR:[93m71.8%[97m([91m38.1c[97m) [97mS-L: [92m0:[96m27% [92m1:[96m20%[39m [39m
2026-07-25 15:55:01,521 - Agent - INFO - [37mTest Epoch 12 step 12 with [31mce_loss_combined : 0.718600 [31mce_loss_c : 0.729956 [31mce_loss_g : 0.687441 [31mkl_synergy_rand_1 : 0.000110 [31mkl_synergy_rand_2 : 0.000098 [31mkl_synergy_1 : 0.000114 [31mkl_synergy_2 : 0.000080 [31mtotal : 0.719002 [31mdiag_kl_1 : 0.130867 [31mdiag_kl_2 : 0.055128 [94mAcc_combined: 55.60 [94mAcc_c: 54.48 [94mAcc_g: 50.00 [92mF1_combined: 66.29 [92mF1_c: 51.20 [92mF1_g: 66.67 [95mCEU_cue_audio: 0.6113 [95mCEU_cue_video: 0.5000 [95mCEU_synergy: 0.2667 [95mCEU_coexistence: 0.7636 [97mS:[93m26.7%[97m([91m9.0c[97m-[94mF1:22.9%) [97mU1:[93m61.1%[97m([91m8.2c[97m) [97mU2:[93m50.0%[97m([91m6.0c[97m) [97mR:[93m76.4%[97m([91m31.3c[97m) [97mS-L: [92m0:[96m26% [92m1:[96m50%[39m [39m
2026-07-25 15:55:02,239 - Agent - INFO - [37mModel saved successfully at: ./artifacts/models/multibench/mustard/vt/SynIB_RMask_REFABL_mustard_fold1_l0.001_perturbrandom_fillema_pmin0.1_refuniform_lr0.0005_wd0.001.pth.tar[39m
2026-07-25 15:55:05,397 - Agent - INFO - [37mVal Epoch 13 step 13 with [31mce_loss_combined : 0.858552 [31mce_loss_c : 0.846669 [31mce_loss_g : 0.728914 [31mkl_synergy_rand_1 : 0.000108 [31mkl_synergy_rand_2 : 0.000088 [31mkl_synergy_1 : 0.000108 [31mkl_synergy_2 : 0.000079 [31mtotal : 0.858934 [31mdiag_kl_1 : 0.133142 [31mdiag_kl_2 : 0.041348 [94mAcc_combined: 48.13 [94mAcc_c: 55.22 [94mAcc_g: 41.04 [92mF1_combined: 60.62 [92mF1_c: 46.90 [92mF1_g: 41.04 [95mCEU_cue_audio: 0.8574 [95mCEU_cue_video: 0.4445 [95mCEU_synergy: 0.2257 [95mCEU_coexistence: 0.6619 [97mS:[93m22.6%[97m([91m5.2c[97m-[94mF1:20.5%) [97mU1:[93m85.7%[97m([91m9.0c[97m) [97mU2:[93m44.4%[97m([91m6.0c[97m) [97mR:[93m66.2%[97m([91m35.1c[97m) [97mS-L: [92m0:[96m23% [92m1:[96m20%[39m [39m
2026-07-25 15:55:08,538 - Evaluator - INFO - New best with loss-
2026-07-25 15:55:08,538 - Agent - INFO - [37mVal Epoch 14 step 14 with [31mce_loss_combined : 0.726485 [31mce_loss_c : 0.734223 [31mce_loss_g : 0.686351 [31mkl_synergy_rand_1 : 0.000051 [31mkl_synergy_rand_2 : 0.000045 [31mkl_synergy_1 : 0.000046 [31mkl_synergy_2 : 0.000039 [31mtotal : 0.726665 [31mdiag_kl_1 : 0.039189 [31mdiag_kl_2 : 0.083701 [94mAcc_combined: 49.63 [94mAcc_c: 57.46 [94mAcc_g: 48.88 [92mF1_combined: 64.38 [92mF1_c: 53.28 [92mF1_g: 64.96 [95mCEU_cue_audio: 0.5713 [95mCEU_cue_video: 0.5555 [95mCEU_synergy: 0.0644 [95mCEU_coexistence: 0.7888 [97mS:[93m6.5%[97m([91m1.5c[97m-[94mF1:6.5%) [97mU1:[93m57.1%[97m([91m6.0c[97m) [97mU2:[93m55.6%[97m([91m7.5c[97m) [97mR:[93m78.9%[97m([91m41.8c[97m) [97mS-L: [92m0:[96m4% [92m1:[96m20%[39m [39m
2026-07-25 15:55:08,559 - Agent - INFO - [37mTest Epoch 14 step 14 with [31mce_loss_combined : 0.669791 [31mce_loss_c : 0.674438 [31mce_loss_g : 0.695939 [31mkl_synergy_rand_1 : 0.000041 [31mkl_synergy_rand_2 : 0.000034 [31mkl_synergy_1 : 0.000040 [31mkl_synergy_2 : 0.000034 [31mtotal : 0.669939 [31mdiag_kl_1 : 0.022642 [31mdiag_kl_2 : 0.060272 [94mAcc_combined: 55.60 [94mAcc_c: 54.48 [94mAcc_g: 50.00 [92mF1_combined: 68.93 [92mF1_c: 50.81 [92mF1_g: 65.28 [95mCEU_cue_audio: 0.6113 [95mCEU_cue_video: 0.4372 [95mCEU_synergy: 0.1778 [95mCEU_coexistence: 0.9091 [97mS:[93m17.8%[97m([91m6.0c[97m-[94mF1:16.3%) [97mU1:[93m61.1%[97m([91m8.2c[97m) [97mU2:[93m43.8%[97m([91m5.2c[97m) [97mR:[93m90.9%[97m([91m37.3c[97m) [97mS-L: [92m0:[96m16% [92m1:[96m50%[39m [39m
2026-07-25 15:55:09,274 - Agent - INFO - [37mModel saved successfully at: ./artifacts/models/multibench/mustard/vt/SynIB_RMask_REFABL_mustard_fold1_l0.001_perturbrandom_fillema_pmin0.1_refuniform_lr0.0005_wd0.001.pth.tar[39m
2026-07-25 15:55:12,458 - Agent - INFO - [37mVal Epoch 15 step 15 with [31mce_loss_combined : 0.947042 [31mce_loss_c : 0.999994 [31mce_loss_g : 0.765047 [31mkl_synergy_rand_1 : 0.000164 [31mkl_synergy_rand_2 : 0.000147 [31mkl_synergy_1 : 0.000159 [31mkl_synergy_2 : 0.000124 [31mtotal : 0.947636 [31mdiag_kl_1 : 0.208948 [31mdiag_kl_2 : 0.051217 [94mAcc_combined: 47.76 [94mAcc_c: 47.01 [94mAcc_g: 41.04 [92mF1_combined: 58.58 [92mF1_c: 31.07 [92mF1_g: 41.04 [95mCEU_cue_audio: 0.7139 [95mCEU_cue_video: 0.3887 [95mCEU_synergy: 0.3225 [95mCEU_coexistence: 0.5915 [97mS:[93m32.3%[97m([91m7.5c[97m-[94mF1:27.4%) [97mU1:[93m71.4%[97m([91m7.5c[97m) [97mU2:[93m38.9%[97m([91m5.2c[97m) [97mR:[93m59.2%[97m([91m31.3c[97m) [97mS-L: [92m0:[96m35% [92m1:[96m20%[39m [39m
2026-07-25 15:55:15,562 - Evaluator - INFO - New best with accuracy-
2026-07-25 15:55:15,562 - Agent - INFO - [37mVal Epoch 16 step 16 with [31mce_loss_combined : 0.806207 [31mce_loss_c : 0.806746 [31mce_loss_g : 0.737429 [31mkl_synergy_rand_1 : 0.000095 [31mkl_synergy_rand_2 : 0.000086 [31mkl_synergy_1 : 0.000097 [31mkl_synergy_2 : 0.000071 [31mtotal : 0.806557 [31mdiag_kl_1 : 0.113286 [31mdiag_kl_2 : 0.041157 [94mAcc_combined: 51.49 [94mAcc_c: 57.84 [94mAcc_g: 38.81 [92mF1_combined: 63.89 [92mF1_c: 53.88 [92mF1_g: 39.71 [95mCEU_cue_audio: 0.7139 [95mCEU_cue_video: 0.5555 [95mCEU_synergy: 0.2257 [95mCEU_coexistence: 0.7746 [97mS:[93m22.6%[97m([91m5.2c[97m-[94mF1:20.5%) [97mU1:[93m71.4%[97m([91m7.5c[97m) [97mU2:[93m55.6%[97m([91m7.5c[97m) [97mR:[93m77.5%[97m([91m41.0c[97m) [97mS-L: [92m0:[96m23% [92m1:[96m20%[39m [39m
2026-07-25 15:55:15,583 - Agent - INFO - [37mTest Epoch 16 step 16 with [31mce_loss_combined : 0.710727 [31mce_loss_c : 0.707634 [31mce_loss_g : 0.673366 [31mkl_synergy_rand_1 : 0.000080 [31mkl_synergy_rand_2 : 0.000071 [31mkl_synergy_1 : 0.000086 [31mkl_synergy_2 : 0.000067 [31mtotal : 0.711031 [31mdiag_kl_1 : 0.096046 [31mdiag_kl_2 : 0.036714 [94mAcc_combined: 54.85 [94mAcc_c: 55.22 [94mAcc_g: 58.58 [92mF1_combined: 65.72 [92mF1_c: 48.72 [92mF1_g: 59.64 [95mCEU_cue_audio: 0.7775 [95mCEU_cue_video: 0.2502 [95mCEU_synergy: 0.2222 [95mCEU_coexistence: 0.7454 [97mS:[93m22.2%[97m([91m7.5c[97m-[94mF1:18.2%) [97mU1:[93m77.8%[97m([91m10.4c[97m) [97mU2:[93m25.0%[97m([91m3.0c[97m) [97mR:[93m74.5%[97m([91m30.6c[97m) [97mS-L: [92m0:[96m23%[39m [39m
2026-07-25 15:55:16,297 - Agent - INFO - [37mModel saved successfully at: ./artifacts/models/multibench/mustard/vt/SynIB_RMask_REFABL_mustard_fold1_l0.001_perturbrandom_fillema_pmin0.1_refuniform_lr0.0005_wd0.001.pth.tar[39m
2026-07-25 15:55:19,484 - Evaluator - INFO - New best with accuracy-
2026-07-25 15:55:19,484 - Agent - INFO - [37mVal Epoch 17 step 17 with [31mce_loss_combined : 0.754177 [31mce_loss_c : 0.746762 [31mce_loss_g : 0.882316 [31mkl_synergy_rand_1 : 0.000047 [31mkl_synergy_rand_2 : 0.000041 [31mkl_synergy_1 : 0.000038 [31mkl_synergy_2 : 0.000036 [31mtotal : 0.754339 [31mdiag_kl_1 : 0.055836 [31mdiag_kl_2 : 0.033198 [94mAcc_combined: 51.87 [94mAcc_c: 49.63 [94mAcc_g: 50.75 [92mF1_combined: 65.78 [92mF1_c: 6.90 [92mF1_g: 65.80 [95mCEU_cue_audio: 0.7139 [95mCEU_cue_video: 0.5000 [95mCEU_synergy: 0.1292 [95mCEU_coexistence: 0.7888 [97mS:[93m12.9%[97m([91m3.0c[97m-[94mF1:12.5%) [97mU1:[93m71.4%[97m([91m7.5c[97m) [97mU2:[93m50.0%[97m([91m6.7c[97m) [97mR:[93m78.9%[97m([91m41.8c[97m) [97mS-L: [92m0:[96m12% [92m1:[96m20%[39m [39m
2026-07-25 15:55:19,504 - Agent - INFO - [37mTest Epoch 17 step 17 with [31mce_loss_combined : 0.651688 [31mce_loss_c : 0.654743 [31mce_loss_g : 0.676172 [31mkl_synergy_rand_1 : 0.000036 [31mkl_synergy_rand_2 : 0.000031 [31mkl_synergy_1 : 0.000036 [31mkl_synergy_2 : 0.000028 [31mtotal : 0.651820 [31mdiag_kl_1 : 0.040430 [31mdiag_kl_2 : 0.017216 [94mAcc_combined: 56.34 [94mAcc_c: 52.99 [94mAcc_g: 54.10 [92mF1_combined: 68.97 [92mF1_c: 12.50 [92mF1_g: 68.38 [95mCEU_cue_audio: 0.8891 [95mCEU_cue_video: 0.2502 [95mCEU_synergy: 0.1554 [95mCEU_coexistence: 0.8909 [97mS:[93m15.6%[97m([91m5.2c[97m-[94mF1:13.5%) [97mU1:[93m88.9%[97m([91m11.9c[97m) [97mU2:[93m25.0%[97m([91m3.0c[97m) [97mR:[93m89.1%[97m([91m36.6c[97m) [97mS-L: [92m0:[96m16%[39m [39m
2026-07-25 15:55:20,394 - Agent - INFO - [37mModel saved successfully at: ./artifacts/models/multibench/mustard/vt/SynIB_RMask_REFABL_mustard_fold1_l0.001_perturbrandom_fillema_pmin0.1_refuniform_lr0.0005_wd0.001.pth.tar[39m
2026-07-25 15:55:23,609 - Agent - INFO - [37mVal Epoch 18 step 18 with [31mce_loss_combined : 0.882317 [31mce_loss_c : 0.790140 [31mce_loss_g : 1.361328 [31mkl_synergy_rand_1 : 0.000095 [31mkl_synergy_rand_2 : 0.000085 [31mkl_synergy_1 : 0.000079 [31mkl_synergy_2 : 0.000083 [31mtotal : 0.882658 [31mdiag_kl_1 : 0.129355 [31mdiag_kl_2 : 0.012574 [94mAcc_combined: 48.13 [94mAcc_c: 49.63 [94mAcc_g: 43.66 [92mF1_combined: 60.85 [92mF1_c: 11.76 [92mF1_g: 49.16 [95mCEU_cue_audio: 0.5000 [95mCEU_cue_video: 0.5555 [95mCEU_synergy: 0.8387 [95mCEU_coexistence: 0.1691 [97mS:[93m83.9%[97m([91m19.4c[97m-[94mF1:45.6%) [97mU1:[93m50.0%[97m([91m5.2c[97m) [97mU2:[93m55.6%[97m([91m7.5c[97m) [97mR:[93m16.9%[97m([91m9.0c[97m) [97mS-L: [92m0:[96m100%[39m [39m
2026-07-25 15:55:26,801 - Agent - INFO - [37mVal Epoch 19 step 19 with [31mce_loss_combined : 1.171241 [31mce_loss_c : 0.892393 [31mce_loss_g : 1.270097 [31mkl_synergy_rand_1 : 0.000280 [31mkl_synergy_rand_2 : 0.000282 [31mkl_synergy_1 : 0.000247 [31mkl_synergy_2 : 0.000254 [31mtotal : 1.172304 [31mdiag_kl_1 : 0.365698 [31mdiag_kl_2 : 0.089853 [94mAcc_combined: 44.78 [94mAcc_c: 54.10 [94mAcc_g: 44.78 [92mF1_combined: 49.32 [92mF1_c: 45.81 [92mF1_g: 49.66 [95mCEU_cue_audio: 0.5000 [95mCEU_cue_video: 0.5000 [95mCEU_synergy: 0.7096 [95mCEU_coexistence: 0.2254 [97mS:[93m71.0%[97m([91m16.4c[97m-[94mF1:50.3%) [97mU1:[93m50.0%[97m([91m5.2c[97m) [97mU2:[93m50.0%[97m([91m6.7c[97m) [97mR:[93m22.5%[97m([91m11.9c[97m) [97mS-L: [92m0:[96m81% [92m1:[96m20%[39m [39m
2026-07-25 15:55:29,924 - Agent - INFO - [37mVal Epoch 20 step 20 with [31mce_loss_combined : 1.235726 [31mce_loss_c : 1.079259 [31mce_loss_g : 1.010165 [31mkl_synergy_rand_1 : 0.000324 [31mkl_synergy_rand_2 : 0.000323 [31mkl_synergy_1 : 0.000303 [31mkl_synergy_2 : 0.000271 [31mtotal : 1.236947 [31mdiag_kl_1 : 0.400619 [31mdiag_kl_2 : 0.109766 [94mAcc_combined: 44.78 [94mAcc_c: 51.87 [94mAcc_g: 46.64 [92mF1_combined: 52.87 [92mF1_c: 49.01 [92mF1_g: 57.31 [95mCEU_cue_audio: 0.5713 [95mCEU_cue_video: 0.5555 [95mCEU_synergy: 0.6128 [95mCEU_coexistence: 0.4225 [97mS:[93m61.3%[97m([91m14.2c[97m-[94mF1:44.6%) [97mU1:[93m57.1%[97m([91m6.0c[97m) [97mU2:[93m55.6%[97m([91m7.5c[97m) [97mR:[93m42.3%[97m([91m22.4c[97m) [97mS-L: [92m0:[96m69% [92m1:[96m20%[39m [39m
2026-07-25 15:55:33,071 - Agent - INFO - [37mVal Epoch 21 step 21 with [31mce_loss_combined : 0.832104 [31mce_loss_c : 0.869265 [31mce_loss_g : 0.718867 [31mkl_synergy_rand_1 : 0.000113 [31mkl_synergy_rand_2 : 0.000102 [31mkl_synergy_1 : 0.000111 [31mkl_synergy_2 : 0.000089 [31mtotal : 0.832519 [31mdiag_kl_1 : 0.108974 [31mdiag_kl_2 : 0.084076 [94mAcc_combined: 47.39 [94mAcc_c: 52.61 [94mAcc_g: 50.37 [92mF1_combined: 61.37 [92mF1_c: 49.40 [92mF1_g: 66.33 [95mCEU_cue_audio: 0.6431 [95mCEU_cue_video: 0.3887 [95mCEU_synergy: 0.1292 [95mCEU_coexistence: 0.6619 [97mS:[93m12.9%[97m([91m3.0c[97m-[94mF1:12.5%) [97mU1:[93m64.3%[97m([91m6.7c[97m) [97mU2:[93m38.9%[97m([91m5.2c[97m) [97mR:[93m66.2%[97m([91m35.1c[97m) [97mS-L: [92m0:[96m12% [92m1:[96m20%[39m [39m
2026-07-25 15:55:36,205 - Agent - INFO - [37mVal Epoch 22 step 22 with [31mce_loss_combined : 1.294335 [31mce_loss_c : 1.144090 [31mce_loss_g : 1.192725 [31mkl_synergy_rand_1 : 0.000361 [31mkl_synergy_rand_2 : 0.000341 [31mkl_synergy_1 : 0.000357 [31mkl_synergy_2 : 0.000309 [31mtotal : 1.295702 [31mdiag_kl_1 : 0.458803 [31mdiag_kl_2 : 0.137335 [94mAcc_combined: 43.66 [94mAcc_c: 51.49 [94mAcc_g: 45.90 [92mF1_combined: 49.83 [92mF1_c: 49.22 [92mF1_g: 53.07 [95mCEU_cue_audio: 0.5000 [95mCEU_cue_video: 0.5555 [95mCEU_synergy: 0.7096 [95mCEU_coexistence: 0.2818 [97mS:[93m71.0%[97m([91m16.4c[97m-[94mF1:50.3%) [97mU1:[93m50.0%[97m([91m5.2c[97m) [97mU2:[93m55.6%[97m([91m7.5c[97m) [97mR:[93m28.2%[97m([91m14.9c[97m) [97mS-L: [92m0:[96m81% [92m1:[96m20%[39m [39m
2026-07-25 15:55:39,330 - Agent - INFO - [37mVal Epoch 23 step 23 with [31mce_loss_combined : 1.206690 [31mce_loss_c : 1.077399 [31mce_loss_g : 1.102724 [31mkl_synergy_rand_1 : 0.000334 [31mkl_synergy_rand_2 : 0.000315 [31mkl_synergy_1 : 0.000325 [31mkl_synergy_2 : 0.000276 [31mtotal : 1.207939 [31mdiag_kl_1 : 0.401343 [31mdiag_kl_2 : 0.129833 [94mAcc_combined: 48.51 [94mAcc_c: 53.36 [94mAcc_g: 47.76 [92mF1_combined: 54.90 [92mF1_c: 50.59 [92mF1_g: 57.58 [95mCEU_cue_audio: 0.5713 [95mCEU_cue_video: 0.5000 [95mCEU_synergy: 0.4516 [95mCEU_coexistence: 0.4648 [97mS:[93m45.2%[97m([91m10.4c[97m-[94mF1:35.5%) [97mU1:[93m57.1%[97m([91m6.0c[97m) [97mU2:[93m50.0%[97m([91m6.7c[97m) [97mR:[93m46.5%[97m([91m24.6c[97m) [97mS-L: [92m0:[96m50% [92m1:[96m20%[39m [39m
2026-07-25 15:55:42,468 - Agent - INFO - [37mVal Epoch 24 step 24 with [31mce_loss_combined : 1.233426 [31mce_loss_c : 1.167030 [31mce_loss_g : 0.870846 [31mkl_synergy_rand_1 : 0.000321 [31mkl_synergy_rand_2 : 0.000290 [31mkl_synergy_1 : 0.000335 [31mkl_synergy_2 : 0.000276 [31mtotal : 1.234648 [31mdiag_kl_1 : 0.369749 [31mdiag_kl_2 : 0.122129 [94mAcc_combined: 47.76 [94mAcc_c: 47.01 [94mAcc_g: 52.24 [92mF1_combined: 50.70 [92mF1_c: 43.20 [92mF1_g: 64.44 [95mCEU_cue_audio: 0.7856 [95mCEU_cue_video: 0.5555 [95mCEU_synergy: 0.3225 [95mCEU_coexistence: 0.5071 [97mS:[93m32.3%[97m([91m7.5c[97m-[94mF1:27.4%) [97mU1:[93m78.6%[97m([91m8.2c[97m) [97mU2:[93m55.6%[97m([91m7.5c[97m) [97mR:[93m50.7%[97m([91m26.9c[97m) [97mS-L: [92m0:[96m35% [92m1:[96m20%[39m [39m
2026-07-25 15:55:45,630 - Evaluator - INFO - New best with accuracy-
2026-07-25 15:55:45,630 - Agent - INFO - [37mVal Epoch 25 step 25 with [31mce_loss_combined : 0.852058 [31mce_loss_c : 0.820047 [31mce_loss_g : 0.736827 [31mkl_synergy_rand_1 : 0.000120 [31mkl_synergy_rand_2 : 0.000117 [31mkl_synergy_1 : 0.000123 [31mkl_synergy_2 : 0.000110 [31mtotal : 0.852528 [31mdiag_kl_1 : 0.115951 [31mdiag_kl_2 : 0.082059 [94mAcc_combined: 53.36 [94mAcc_c: 54.48 [94mAcc_g: 53.36 [92mF1_combined: 57.34 [92mF1_c: 51.97 [92mF1_g: 67.02 [95mCEU_cue_audio: 0.7139 [95mCEU_cue_video: 0.6113 [95mCEU_synergy: 0.1613 [95mCEU_coexistence: 0.6901 [97mS:[93m16.1%[97m([91m3.7c[97m-[94mF1:15.3%) [97mU1:[93m71.4%[97m([91m7.5c[97m) [97mU2:[93m61.1%[97m([91m8.2c[97m) [97mR:[93m69.0%[97m([91m36.6c[97m) [97mS-L: [92m0:[96m15% [92m1:[96m20%[39m [39m
2026-07-25 15:55:45,650 - Agent - INFO - [37mTest Epoch 25 step 25 with [31mce_loss_combined : 0.652901 [31mce_loss_c : 0.691243 [31mce_loss_g : 0.639745 [31mkl_synergy_rand_1 : 0.000110 [31mkl_synergy_rand_2 : 0.000105 [31mkl_synergy_1 : 0.000098 [31mkl_synergy_2 : 0.000100 [31mtotal : 0.653314 [31mdiag_kl_1 : 0.085055 [31mdiag_kl_2 : 0.071545 [94mAcc_combined: 61.57 [94mAcc_c: 52.99 [94mAcc_g: 55.22 [92mF1_combined: 66.01 [92mF1_c: 51.91 [92mF1_g: 68.42 [95mCEU_cue_audio: 0.8891 [95mCEU_cue_video: 0.6876 [95mCEU_synergy: 0.2445 [95mCEU_coexistence: 0.8182 [97mS:[93m24.4%[97m([91m8.2c[97m-[94mF1:19.6%) [97mU1:[93m88.9%[97m([91m11.9c[97m) [97mU2:[93m68.8%[97m([91m8.2c[97m) [97mR:[93m81.8%[97m([91m33.6c[97m) [97mS-L: [92m0:[96m26%[39m [39m
2026-07-25 15:55:46,367 - Agent - INFO - [37mModel saved successfully at: ./artifacts/models/multibench/mustard/vt/SynIB_RMask_REFABL_mustard_fold1_l0.001_perturbrandom_fillema_pmin0.1_refuniform_lr0.0005_wd0.001.pth.tar[39m
2026-07-25 15:55:49,552 - Agent - INFO - [37mVal Epoch 26 step 26 with [31mce_loss_combined : 1.276602 [31mce_loss_c : 1.269626 [31mce_loss_g : 0.906054 [31mkl_synergy_rand_1 : 0.000334 [31mkl_synergy_rand_2 : 0.000320 [31mkl_synergy_1 : 0.000326 [31mkl_synergy_2 : 0.000274 [31mtotal : 1.277857 [31mdiag_kl_1 : 0.401136 [31mdiag_kl_2 : 0.129215 [94mAcc_combined: 47.01 [94mAcc_c: 46.64 [94mAcc_g: 50.37 [92mF1_combined: 52.98 [92mF1_c: 42.57 [92mF1_g: 62.95 [95mCEU_cue_audio: 0.5713 [95mCEU_cue_video: 0.5000 [95mCEU_synergy: 0.2581 [95mCEU_coexistence: 0.4507 [97mS:[93m25.8%[97m([91m6.0c[97m-[94mF1:20.5%) [97mU1:[93m57.1%[97m([91m6.0c[97m) [97mU2:[93m50.0%[97m([91m6.7c[97m) [97mR:[93m45.1%[97m([91m23.9c[97m) [97mS-L: [92m0:[96m31%[39m [39m
2026-07-25 15:55:52,693 - Agent - INFO - [37mVal Epoch 27 step 27 with [31mce_loss_combined : 1.295337 [31mce_loss_c : 1.279487 [31mce_loss_g : 1.129662 [31mkl_synergy_rand_1 : 0.000337 [31mkl_synergy_rand_2 : 0.000320 [31mkl_synergy_1 : 0.000350 [31mkl_synergy_2 : 0.000310 [31mtotal : 1.296655 [31mdiag_kl_1 : 0.401332 [31mdiag_kl_2 : 0.162263 [94mAcc_combined: 43.66 [94mAcc_c: 42.16 [94mAcc_g: 46.64 [92mF1_combined: 45.09 [92mF1_c: 40.61 [92mF1_g: 58.06 [95mCEU_cue_audio: 0.6431 [95mCEU_cue_video: 0.5000 [95mCEU_synergy: 0.4194 [95mCEU_coexistence: 0.3944 [97mS:[93m41.9%[97m([91m9.7c[97m-[94mF1:29.5%) [97mU1:[93m64.3%[97m([91m6.7c[97m) [97mU2:[93m50.0%[97m([91m6.7c[97m) [97mR:[93m39.4%[97m([91m20.9c[97m) [97mS-L: [92m0:[96m50%[39m [39m
2026-07-25 15:55:55,849 - Agent - INFO - [37mVal Epoch 28 step 28 with [31mce_loss_combined : 1.076487 [31mce_loss_c : 1.111552 [31mce_loss_g : 0.729094 [31mkl_synergy_rand_1 : 0.000266 [31mkl_synergy_rand_2 : 0.000257 [31mkl_synergy_1 : 0.000277 [31mkl_synergy_2 : 0.000241 [31mtotal : 1.077527 [31mdiag_kl_1 : 0.288794 [31mdiag_kl_2 : 0.137046 [94mAcc_combined: 45.90 [94mAcc_c: 46.27 [94mAcc_g: 52.24 [92mF1_combined: 47.65 [92mF1_c: 41.46 [92mF1_g: 66.32 [95mCEU_cue_audio: 0.5000 [95mCEU_cue_video: 0.5000 [95mCEU_synergy: 0.3872 [95mCEU_coexistence: 0.4789 [97mS:[93m38.7%[97m([91m9.0c[97m-[94mF1:31.6%) [97mU1:[93m50.0%[97m([91m5.2c[97m) [97mU2:[93m50.0%[97m([91m6.7c[97m) [97mR:[93m47.9%[97m([91m25.4c[97m) [97mS-L: [92m0:[96m42% [92m1:[96m20%[39m [39m
2026-07-25 15:55:58,990 - Agent - INFO - [37mVal Epoch 29 step 29 with [31mce_loss_combined : 1.048738 [31mce_loss_c : 0.809703 [31mce_loss_g : 1.080732 [31mkl_synergy_rand_1 : 0.000252 [31mkl_synergy_rand_2 : 0.000257 [31mkl_synergy_1 : 0.000241 [31mkl_synergy_2 : 0.000244 [31mtotal : 1.049731 [31mdiag_kl_1 : 0.264274 [31mdiag_kl_2 : 0.145378 [94mAcc_combined: 48.13 [94mAcc_c: 54.85 [94mAcc_g: 48.13 [92mF1_combined: 50.18 [92mF1_c: 49.37 [92mF1_g: 60.17 [95mCEU_cue_audio: 0.5713 [95mCEU_cue_video: 0.5000 [95mCEU_synergy: 0.2904 [95mCEU_coexistence: 0.5352 [97mS:[93m29.0%[97m([91m6.7c[97m-[94mF1:25.2%) [97mU1:[93m57.1%[97m([91m6.0c[97m) [97mU2:[93m50.0%[97m([91m6.7c[97m) [97mR:[93m53.5%[97m([91m28.4c[97m) [97mS-L: [92m0:[96m31% [92m1:[96m20%[39m [39m
2026-07-25 15:56:02,098 - Agent - INFO - [37mVal Epoch 30 step 30 with [31mce_loss_combined : 0.938109 [31mce_loss_c : 0.986228 [31mce_loss_g : 0.820926 [31mkl_synergy_rand_1 : 0.000228 [31mkl_synergy_rand_2 : 0.000220 [31mkl_synergy_1 : 0.000211 [31mkl_synergy_2 : 0.000220 [31mtotal : 0.938988 [31mdiag_kl_1 : 0.231603 [31mdiag_kl_2 : 0.140429 [94mAcc_combined: 51.49 [94mAcc_c: 50.37 [94mAcc_g: 59.70 [92mF1_combined: 53.24 [92mF1_c: 47.43 [92mF1_g: 63.51 [95mCEU_cue_audio: 0.7856 [95mCEU_cue_video: 0.6113 [95mCEU_synergy: 0.2581 [95mCEU_coexistence: 0.5775 [97mS:[93m25.8%[97m([91m6.0c[97m-[94mF1:20.5%) [97mU1:[93m78.6%[97m([91m8.2c[97m) [97mU2:[93m61.1%[97m([91m8.2c[97m) [97mR:[93m57.7%[97m([91m30.6c[97m) [97mS-L: [92m0:[96m31%[39m [39m
2026-07-25 15:56:05,251 - Agent - INFO - [37mVal Epoch 31 step 31 with [31mce_loss_combined : 1.027577 [31mce_loss_c : 0.944475 [31mce_loss_g : 0.958289 [31mkl_synergy_rand_1 : 0.000229 [31mkl_synergy_rand_2 : 0.000231 [31mkl_synergy_1 : 0.000203 [31mkl_synergy_2 : 0.000224 [31mtotal : 1.028464 [31mdiag_kl_1 : 0.241218 [31mdiag_kl_2 : 0.127387 [94mAcc_combined: 50.00 [94mAcc_c: 51.12 [94mAcc_g: 48.88 [92mF1_combined: 52.82 [92mF1_c: 48.22 [92mF1_g: 61.19 [95mCEU_cue_audio: 0.5713 [95mCEU_cue_video: 0.5000 [95mCEU_synergy: 0.2904 [95mCEU_coexistence: 0.5634 [97mS:[93m29.0%[97m([91m6.7c[97m-[94mF1:25.2%) [97mU1:[93m57.1%[97m([91m6.0c[97m) [97mU2:[93m50.0%[97m([91m6.7c[97m) [97mR:[93m56.3%[97m([91m29.9c[97m) [97mS-L: [92m0:[96m31% [92m1:[96m20%[39m [39m
2026-07-25 15:56:08,358 - Agent - INFO - [37mVal Epoch 32 step 32 with [31mce_loss_combined : 1.166359 [31mce_loss_c : 1.287156 [31mce_loss_g : 0.741141 [31mkl_synergy_rand_1 : 0.000322 [31mkl_synergy_rand_2 : 0.000311 [31mkl_synergy_1 : 0.000330 [31mkl_synergy_2 : 0.000287 [31mtotal : 1.167609 [31mdiag_kl_1 : 0.362042 [31mdiag_kl_2 : 0.152415 [94mAcc_combined: 45.90 [94mAcc_c: 42.91 [94mAcc_g: 58.21 [92mF1_combined: 48.40 [92mF1_c: 37.55 [92mF1_g: 66.47 [95mCEU_cue_audio: 0.6431 [95mCEU_cue_video: 0.5555 [95mCEU_synergy: 0.2257 [95mCEU_coexistence: 0.5071 [97mS:[93m22.6%[97m([91m5.2c[97m-[94mF1:18.4%) [97mU1:[93m64.3%[97m([91m6.7c[97m) [97mU2:[93m55.6%[97m([91m7.5c[97m) [97mR:[93m50.7%[97m([91m26.9c[97m) [97mS-L: [92m0:[96m27%[39m [39m
2026-07-25 15:56:11,439 - Evaluator - INFO - New best with accuracy-
2026-07-25 15:56:11,439 - Agent - INFO - [37mVal Epoch 33 step 33 with [31mce_loss_combined : 1.012132 [31mce_loss_c : 1.127742 [31mce_loss_g : 0.724802 [31mkl_synergy_rand_1 : 0.000396 [31mkl_synergy_rand_2 : 0.000373 [31mkl_synergy_1 : 0.000374 [31mkl_synergy_2 : 0.000339 [31mtotal : 1.013614 [31mdiag_kl_1 : 0.334285 [31mdiag_kl_2 : 0.374521 [94mAcc_combined: 54.85 [94mAcc_c: 50.75 [94mAcc_g: 67.54 [92mF1_combined: 55.02 [92mF1_c: 50.38 [92mF1_g: 68.36 [95mCEU_cue_audio: 0.7139 [95mCEU_cue_video: 0.3887 [95mCEU_synergy: 0.1936 [95mCEU_coexistence: 0.7182 [97mS:[93m19.4%[97m([91m4.5c[97m-[94mF1:18.0%) [97mU1:[93m71.4%[97m([91m7.5c[97m) [97mU2:[93m38.9%[97m([91m5.2c[97m) [97mR:[93m71.8%[97m([91m38.1c[97m) [97mS-L: [92m0:[96m19% [92m1:[96m20%[39m [39m
2026-07-25 15:56:11,459 - Agent - INFO - [37mTest Epoch 33 step 33 with [31mce_loss_combined : 0.839262 [31mce_loss_c : 0.855190 [31mce_loss_g : 0.803949 [31mkl_synergy_rand_1 : 0.000369 [31mkl_synergy_rand_2 : 0.000362 [31mkl_synergy_1 : 0.000354 [31mkl_synergy_2 : 0.000333 [31mtotal : 0.840680 [31mdiag_kl_1 : 0.303838 [31mdiag_kl_2 : 0.328286 [94mAcc_combined: 61.19 [94mAcc_c: 54.85 [94mAcc_g: 57.09 [92mF1_combined: 61.48 [92mF1_c: 54.34 [92mF1_g: 58.48 [95mCEU_cue_audio: 0.7223 [95mCEU_cue_video: 0.6248 [95mCEU_synergy: 0.2445 [95mCEU_coexistence: 0.8545 [97mS:[93m24.4%[97m([91m8.2c[97m-[94mF1:19.6%) [97mU1:[93m72.2%[97m([91m9.7c[97m) [97mU2:[93m62.5%[97m([91m7.5c[97m) [97mR:[93m85.5%[97m([91m35.1c[97m) [97mS-L: [92m0:[96m26%[39m [39m
2026-07-25 15:56:12,180 - Agent - INFO - [37mModel saved successfully at: ./artifacts/models/multibench/mustard/vt/SynIB_RMask_REFABL_mustard_fold1_l0.001_perturbrandom_fillema_pmin0.1_refuniform_lr0.0005_wd0.001.pth.tar[39m
2026-07-25 15:56:15,336 - Evaluator - INFO - New best with accuracy-
2026-07-25 15:56:15,337 - Agent - INFO - [37mVal Epoch 34 step 34 with [31mce_loss_combined : 0.783465 [31mce_loss_c : 0.834861 [31mce_loss_g : 0.676680 [31mkl_synergy_rand_1 : 0.000298 [31mkl_synergy_rand_2 : 0.000304 [31mkl_synergy_1 : 0.000276 [31mkl_synergy_2 : 0.000288 [31mtotal : 0.784631 [31mdiag_kl_1 : 0.262917 [31mdiag_kl_2 : 0.299692 [94mAcc_combined: 63.43 [94mAcc_c: 54.48 [94mAcc_g: 67.54 [92mF1_combined: 64.49 [92mF1_c: 53.08 [92mF1_g: 68.82 [95mCEU_cue_audio: 0.7139 [95mCEU_cue_video: 0.6667 [95mCEU_synergy: 0.2904 [95mCEU_coexistence: 0.7465 [97mS:[93m29.0%[97m([91m6.7c[97m-[94mF1:25.2%) [97mU1:[93m71.4%[97m([91m7.5c[97m) [97mU2:[93m66.7%[97m([91m9.0c[97m) [97mR:[93m74.6%[97m([91m39.6c[97m) [97mS-L: [92m0:[96m31% [92m1:[96m20%[39m [39m
2026-07-25 15:56:15,357 - Agent - INFO - [37mTest Epoch 34 step 34 with [31mce_loss_combined : 0.811464 [31mce_loss_c : 0.738694 [31mce_loss_g : 0.829148 [31mkl_synergy_rand_1 : 0.000267 [31mkl_synergy_rand_2 : 0.000267 [31mkl_synergy_1 : 0.000233 [31mkl_synergy_2 : 0.000250 [31mtotal : 0.812481 [31mdiag_kl_1 : 0.226819 [31mdiag_kl_2 : 0.233864 [94mAcc_combined: 57.46 [94mAcc_c: 49.63 [94mAcc_g: 57.84 [92mF1_combined: 58.70 [92mF1_c: 47.88 [92mF1_g: 60.90 [95mCEU_cue_audio: 0.8332 [95mCEU_cue_video: 0.6248 [95mCEU_synergy: 0.2667 [95mCEU_coexistence: 0.7454 [97mS:[93m26.7%[97m([91m9.0c[97m-[94mF1:21.1%) [97mU1:[93m83.3%[97m([91m11.2c[97m) [97mU2:[93m62.5%[97m([91m7.5c[97m) [97mR:[93m74.5%[97m([91m30.6c[97m) [97mS-L: [92m0:[96m28%[39m [39m
2026-07-25 15:56:16,085 - Agent - INFO - [37mModel saved successfully at: ./artifacts/models/multibench/mustard/vt/SynIB_RMask_REFABL_mustard_fold1_l0.001_perturbrandom_fillema_pmin0.1_refuniform_lr0.0005_wd0.001.pth.tar[39m
2026-07-25 15:56:19,237 - Agent - INFO - [37mVal Epoch 35 step 35 with [31mce_loss_combined : 0.799275 [31mce_loss_c : 0.857099 [31mce_loss_g : 0.679739 [31mkl_synergy_rand_1 : 0.000254 [31mkl_synergy_rand_2 : 0.000271 [31mkl_synergy_1 : 0.000236 [31mkl_synergy_2 : 0.000253 [31mtotal : 0.800289 [31mdiag_kl_1 : 0.234822 [31mdiag_kl_2 : 0.241873 [94mAcc_combined: 58.96 [94mAcc_c: 48.88 [94mAcc_g: 62.31 [92mF1_combined: 60.99 [92mF1_c: 24.31 [92mF1_g: 65.53 [95mCEU_cue_audio: 0.5713 [95mCEU_cue_video: 0.5000 [95mCEU_synergy: 0.4194 [95mCEU_coexistence: 0.7324 [97mS:[93m41.9%[97m([91m9.7c[97m-[94mF1:36.6%) [97mU1:[93m57.1%[97m([91m6.0c[97m) [97mU2:[93m50.0%[97m([91m6.7c[97m) [97mR:[93m73.2%[97m([91m38.8c[97m) [97mS-L: [92m0:[96m42% [92m1:[96m40%[39m [39m
2026-07-25 15:56:22,362 - Evaluator - INFO - New best with accuracy-
2026-07-25 15:56:22,362 - Agent - INFO - [37mVal Epoch 36 step 36 with [31mce_loss_combined : 0.853207 [31mce_loss_c : 0.694267 [31mce_loss_g : 0.818528 [31mkl_synergy_rand_1 : 0.000340 [31mkl_synergy_rand_2 : 0.000393 [31mkl_synergy_1 : 0.000323 [31mkl_synergy_2 : 0.000388 [31mtotal : 0.854652 [31mdiag_kl_1 : 0.309153 [31mdiag_kl_2 : 0.365433 [94mAcc_combined: 65.30 [94mAcc_c: 58.96 [94mAcc_g: 66.42 [92mF1_combined: 66.43 [92mF1_c: 55.28 [92mF1_g: 67.15 [95mCEU_cue_audio: 0.8574 [95mCEU_cue_video: 0.6667 [95mCEU_synergy: 0.3225 [95mCEU_coexistence: 0.7746 [97mS:[93m32.3%[97m([91m7.5c[97m-[94mF1:27.4%) [97mU1:[93m85.7%[97m([91m9.0c[97m) [97mU2:[93m66.7%[97m([91m9.0c[97m) [97mR:[93m77.5%[97m([91m41.0c[97m) [97mS-L: [92m0:[96m35% [92m1:[96m20%[39m [39m
2026-07-25 15:56:22,382 - Agent - INFO - [37mTest Epoch 36 step 36 with [31mce_loss_combined : 0.829569 [31mce_loss_c : 0.679120 [31mce_loss_g : 0.910553 [31mkl_synergy_rand_1 : 0.000312 [31mkl_synergy_rand_2 : 0.000347 [31mkl_synergy_1 : 0.000268 [31mkl_synergy_2 : 0.000340 [31mtotal : 0.830836 [31mdiag_kl_1 : 0.278622 [31mdiag_kl_2 : 0.299042 [94mAcc_combined: 59.70 [94mAcc_c: 51.87 [94mAcc_g: 57.84 [92mF1_combined: 60.87 [92mF1_c: 47.77 [92mF1_g: 59.50 [95mCEU_cue_audio: 0.7775 [95mCEU_cue_video: 0.6876 [95mCEU_synergy: 0.2001 [95mCEU_coexistence: 0.8182 [97mS:[93m20.0%[97m([91m6.7c[97m-[94mF1:16.7%) [97mU1:[93m77.8%[97m([91m10.4c[97m) [97mU2:[93m68.8%[97m([91m8.2c[97m) [97mR:[93m81.8%[97m([91m33.6c[97m) [97mS-L: [92m0:[96m21%[39m [39m
2026-07-25 15:56:23,112 - Agent - INFO - [37mModel saved successfully at: ./artifacts/models/multibench/mustard/vt/SynIB_RMask_REFABL_mustard_fold1_l0.001_perturbrandom_fillema_pmin0.1_refuniform_lr0.0005_wd0.001.pth.tar[39m
2026-07-25 15:56:26,358 - Agent - INFO - [37mVal Epoch 37 step 37 with [31mce_loss_combined : 1.010035 [31mce_loss_c : 0.942578 [31mce_loss_g : 0.861231 [31mkl_synergy_rand_1 : 0.000333 [31mkl_synergy_rand_2 : 0.000346 [31mkl_synergy_1 : 0.000312 [31mkl_synergy_2 : 0.000356 [31mtotal : 1.011382 [31mdiag_kl_1 : 0.341542 [31mdiag_kl_2 : 0.254276 [94mAcc_combined: 55.60 [94mAcc_c: 49.63 [94mAcc_g: 59.70 [92mF1_combined: 57.35 [92mF1_c: 45.34 [92mF1_g: 65.16 [95mCEU_cue_audio: 0.7139 [95mCEU_cue_video: 0.6113 [95mCEU_synergy: 0.3872 [95mCEU_coexistence: 0.6197 [97mS:[93m38.7%[97m([91m9.0c[97m-[94mF1:34.3%) [97mU1:[93m71.4%[97m([91m7.5c[97m) [97mU2:[93m61.1%[97m([91m8.2c[97m) [97mR:[93m62.0%[97m([91m32.8c[97m) [97mS-L: [92m0:[96m38% [92m1:[96m40%[39m [39m
2026-07-25 15:56:29,495 - Agent - INFO - [37mVal Epoch 38 step 38 with [31mce_loss_combined : 0.968399 [31mce_loss_c : 0.868883 [31mce_loss_g : 0.930572 [31mkl_synergy_rand_1 : 0.000526 [31mkl_synergy_rand_2 : 0.000563 [31mkl_synergy_1 : 0.000483 [31mkl_synergy_2 : 0.000548 [31mtotal : 0.970519 [31mdiag_kl_1 : 0.438593 [31mdiag_kl_2 : 0.611243 [94mAcc_combined: 62.69 [94mAcc_c: 53.73 [94mAcc_g: 64.55 [92mF1_combined: 63.77 [92mF1_c: 51.56 [92mF1_g: 65.70 [95mCEU_cue_audio: 0.6431 [95mCEU_cue_video: 0.6113 [95mCEU_synergy: 0.2257 [95mCEU_coexistence: 0.8309 [97mS:[93m22.6%[97m([91m5.2c[97m-[94mF1:21.8%) [97mU1:[93m64.3%[97m([91m6.7c[97m) [97mU2:[93m61.1%[97m([91m8.2c[97m) [97mR:[93m83.1%[97m([91m44.0c[97m) [97mS-L: [92m0:[96m19% [92m1:[96m40%[39m [39m
2026-07-25 15:56:32,659 - Agent - INFO - [37mVal Epoch 39 step 39 with [31mce_loss_combined : 0.956657 [31mce_loss_c : 1.136804 [31mce_loss_g : 0.749540 [31mkl_synergy_rand_1 : 0.000419 [31mkl_synergy_rand_2 : 0.000433 [31mkl_synergy_1 : 0.000398 [31mkl_synergy_2 : 0.000402 [31mtotal : 0.958309 [31mdiag_kl_1 : 0.338535 [31mdiag_kl_2 : 0.479390 [94mAcc_combined: 55.60 [94mAcc_c: 45.52 [94mAcc_g: 66.79 [92mF1_combined: 57.35 [92mF1_c: 43.85 [92mF1_g: 68.99 [95mCEU_cue_audio: 0.6431 [95mCEU_cue_video: 0.5000 [95mCEU_synergy: 0.1936 [95mCEU_coexistence: 0.7465 [97mS:[93m19.4%[97m([91m4.5c[97m-[94mF1:18.0%) [97mU1:[93m64.3%[97m([91m6.7c[97m) [97mU2:[93m50.0%[97m([91m6.7c[97m) [97mR:[93m74.6%[97m([91m39.6c[97m) [97mS-L: [92m0:[96m19% [92m1:[96m20%[39m [39m
2026-07-25 15:56:35,807 - Agent - INFO - [37mVal Epoch 40 step 40 with [31mce_loss_combined : 1.004452 [31mce_loss_c : 0.931390 [31mce_loss_g : 0.882627 [31mkl_synergy_rand_1 : 0.000401 [31mkl_synergy_rand_2 : 0.000408 [31mkl_synergy_1 : 0.000367 [31mkl_synergy_2 : 0.000401 [31mtotal : 1.006029 [31mdiag_kl_1 : 0.374433 [31mdiag_kl_2 : 0.366566 [94mAcc_combined: 56.34 [94mAcc_c: 51.12 [94mAcc_g: 55.60 [92mF1_combined: 58.06 [92mF1_c: 50.19 [92mF1_g: 62.46 [95mCEU_cue_audio: 0.8574 [95mCEU_cue_video: 0.6113 [95mCEU_synergy: 0.2581 [95mCEU_coexistence: 0.6761 [97mS:[93m25.8%[97m([91m6.0c[97m-[94mF1:20.5%) [97mU1:[93m85.7%[97m([91m9.0c[97m) [97mU2:[93m61.1%[97m([91m8.2c[97m) [97mR:[93m67.6%[97m([91m35.8c[97m) [97mS-L: [92m0:[96m31%[39m [39m
2026-07-25 15:56:38,943 - Agent - INFO - [37mVal Epoch 41 step 41 with [31mce_loss_combined : 1.158053 [31mce_loss_c : 0.909410 [31mce_loss_g : 1.041924 [31mkl_synergy_rand_1 : 0.000595 [31mkl_synergy_rand_2 : 0.000631 [31mkl_synergy_1 : 0.000542 [31mkl_synergy_2 : 0.000621 [31mtotal : 1.160442 [31mdiag_kl_1 : 0.534777 [31mdiag_kl_2 : 0.598011 [94mAcc_combined: 58.58 [94mAcc_c: 50.75 [94mAcc_g: 61.57 [92mF1_combined: 59.34 [92mF1_c: 48.84 [92mF1_g: 62.55 [95mCEU_cue_audio: 0.6431 [95mCEU_cue_video: 0.6667 [95mCEU_synergy: 0.2581 [95mCEU_coexistence: 0.7042 [97mS:[93m25.8%[97m([91m6.0c[97m-[94mF1:20.5%) [97mU1:[93m64.3%[97m([91m6.7c[97m) [97mU2:[93m66.7%[97m([91m9.0c[97m) [97mR:[93m70.4%[97m([91m37.3c[97m) [97mS-L: [92m0:[96m31%[39m [39m
2026-07-25 15:56:42,077 - Agent - INFO - [37mVal Epoch 42 step 42 with [31mce_loss_combined : 1.198823 [31mce_loss_c : 1.128759 [31mce_loss_g : 0.875518 [31mkl_synergy_rand_1 : 0.000502 [31mkl_synergy_rand_2 : 0.000516 [31mkl_synergy_1 : 0.000474 [31mkl_synergy_2 : 0.000517 [31mtotal : 1.200833 [31mdiag_kl_1 : 0.488419 [31mdiag_kl_2 : 0.447088 [94mAcc_combined: 54.10 [94mAcc_c: 43.28 [94mAcc_g: 60.45 [92mF1_combined: 55.60 [92mF1_c: 39.68 [92mF1_g: 64.19 [95mCEU_cue_audio: 0.6431 [95mCEU_cue_video: 0.5555 [95mCEU_synergy: 0.3548 [95mCEU_coexistence: 0.6056 [97mS:[93m35.5%[97m([91m8.2c[97m-[94mF1:29.5%) [97mU1:[93m64.3%[97m([91m6.7c[97m) [97mU2:[93m55.6%[97m([91m7.5c[97m) [97mR:[93m60.6%[97m([91m32.1c[97m) [97mS-L: [92m0:[96m38% [92m1:[96m20%[39m [39m
2026-07-25 15:56:45,257 - Agent - INFO - [37mVal Epoch 43 step 43 with [31mce_loss_combined : 1.199769 [31mce_loss_c : 1.128423 [31mce_loss_g : 0.954147 [31mkl_synergy_rand_1 : 0.000672 [31mkl_synergy_rand_2 : 0.000702 [31mkl_synergy_1 : 0.000626 [31mkl_synergy_2 : 0.000677 [31mtotal : 1.202446 [31mdiag_kl_1 : 0.566520 [31mdiag_kl_2 : 0.749687 [94mAcc_combined: 60.07 [94mAcc_c: 46.27 [94mAcc_g: 62.69 [92mF1_combined: 60.81 [92mF1_c: 44.19 [92mF1_g: 64.03 [95mCEU_cue_audio: 0.6431 [95mCEU_cue_video: 0.6667 [95mCEU_synergy: 0.1936 [95mCEU_coexistence: 0.7324 [97mS:[93m19.4%[97m([91m4.5c[97m-[94mF1:18.0%) [97mU1:[93m64.3%[97m([91m6.7c[97m) [97mU2:[93m66.7%[97m([91m9.0c[97m) [97mR:[93m73.2%[97m([91m38.8c[97m) [97mS-L: [92m0:[96m19% [92m1:[96m20%[39m [39m
2026-07-25 15:56:48,391 - Agent - INFO - [37mVal Epoch 44 step 44 with [31mce_loss_combined : 1.212095 [31mce_loss_c : 1.086318 [31mce_loss_g : 1.037689 [31mkl_synergy_rand_1 : 0.000833 [31mkl_synergy_rand_2 : 0.000883 [31mkl_synergy_1 : 0.000800 [31mkl_synergy_2 : 0.000859 [31mtotal : 1.215471 [31mdiag_kl_1 : 0.691807 [31mdiag_kl_2 : 1.017230 [94mAcc_combined: 61.94 [94mAcc_c: 50.00 [94mAcc_g: 64.18 [92mF1_combined: 63.04 [92mF1_c: 48.85 [92mF1_g: 64.71 [95mCEU_cue_audio: 0.5713 [95mCEU_cue_video: 0.6113 [95mCEU_synergy: 0.2257 [95mCEU_coexistence: 0.7746 [97mS:[93m22.6%[97m([91m5.2c[97m-[94mF1:20.5%) [97mU1:[93m57.1%[97m([91m6.0c[97m) [97mU2:[93m61.1%[97m([91m8.2c[97m) [97mR:[93m77.5%[97m([91m41.0c[97m) [97mS-L: [92m0:[96m23% [92m1:[96m20%[39m [39m
2026-07-25 15:56:51,553 - Agent - INFO - [37mVal Epoch 45 step 45 with [31mce_loss_combined : 1.236014 [31mce_loss_c : 1.104779 [31mce_loss_g : 1.042229 [31mkl_synergy_rand_1 : 0.000811 [31mkl_synergy_rand_2 : 0.000858 [31mkl_synergy_1 : 0.000741 [31mkl_synergy_2 : 0.000852 [31mtotal : 1.239276 [31mdiag_kl_1 : 0.684076 [31mdiag_kl_2 : 0.991561 [94mAcc_combined: 59.70 [94mAcc_c: 47.39 [94mAcc_g: 62.31 [92mF1_combined: 60.58 [92mF1_c: 44.71 [92mF1_g: 63.54 [95mCEU_cue_audio: 0.5713 [95mCEU_cue_video: 0.5555 [95mCEU_synergy: 0.2581 [95mCEU_coexistence: 0.7605 [97mS:[93m25.8%[97m([91m6.0c[97m-[94mF1:22.9%) [97mU1:[93m57.1%[97m([91m6.0c[97m) [97mU2:[93m55.6%[97m([91m7.5c[97m) [97mR:[93m76.1%[97m([91m40.3c[97m) [97mS-L: [92m0:[96m27% [92m1:[96m20%[39m [39m
2026-07-25 15:56:54,705 - Agent - INFO - [37mVal Epoch 46 step 46 with [31mce_loss_combined : 1.696782 [31mce_loss_c : 1.427731 [31mce_loss_g : 1.289376 [31mkl_synergy_rand_1 : 0.000782 [31mkl_synergy_rand_2 : 0.000834 [31mkl_synergy_1 : 0.000771 [31mkl_synergy_2 : 0.000842 [31mtotal : 1.700011 [31mdiag_kl_1 : 0.761794 [31mdiag_kl_2 : 0.698362 [94mAcc_combined: 53.73 [94mAcc_c: 45.52 [94mAcc_g: 59.33 [92mF1_combined: 54.74 [92mF1_c: 44.70 [92mF1_g: 60.93 [95mCEU_cue_audio: 0.5713 [95mCEU_cue_video: 0.6113 [95mCEU_synergy: 0.3225 [95mCEU_coexistence: 0.6197 [97mS:[93m32.3%[97m([91m7.5c[97m-[94mF1:24.4%) [97mU1:[93m57.1%[97m([91m6.0c[97m) [97mU2:[93m61.1%[97m([91m8.2c[97m) [97mR:[93m62.0%[97m([91m32.8c[97m) [97mS-L: [92m0:[96m38%[39m [39m
2026-07-25 15:56:57,874 - Agent - INFO - [37mVal Epoch 47 step 47 with [31mce_loss_combined : 1.588951 [31mce_loss_c : 1.106938 [31mce_loss_g : 1.401199 [31mkl_synergy_rand_1 : 0.000831 [31mkl_synergy_rand_2 : 0.000874 [31mkl_synergy_1 : 0.000799 [31mkl_synergy_2 : 0.000900 [31mtotal : 1.592355 [31mdiag_kl_1 : 0.781555 [31mdiag_kl_2 : 0.844185 [94mAcc_combined: 54.85 [94mAcc_c: 51.12 [94mAcc_g: 55.60 [92mF1_combined: 56.00 [92mF1_c: 49.81 [92mF1_g: 57.65 [95mCEU_cue_audio: 0.5713 [95mCEU_cue_video: 0.6667 [95mCEU_synergy: 0.2904 [95mCEU_coexistence: 0.6197 [97mS:[93m29.0%[97m([91m6.7c[97m-[94mF1:22.5%) [97mU1:[93m57.1%[97m([91m6.0c[97m) [97mU2:[93m66.7%[97m([91m9.0c[97m) [97mR:[93m62.0%[97m([91m32.8c[97m) [97mS-L: [92m0:[96m35%[39m [39m
2026-07-25 15:57:00,981 - Agent - INFO - [37mVal Epoch 48 step 48 with [31mce_loss_combined : 1.383439 [31mce_loss_c : 1.092747 [31mce_loss_g : 1.063468 [31mkl_synergy_rand_1 : 0.000862 [31mkl_synergy_rand_2 : 0.000909 [31mkl_synergy_1 : 0.000851 [31mkl_synergy_2 : 0.000882 [31mtotal : 1.386944 [31mdiag_kl_1 : 0.726679 [31mdiag_kl_2 : 1.044143 [94mAcc_combined: 57.46 [94mAcc_c: 48.88 [94mAcc_g: 60.07 [92mF1_combined: 58.39 [92mF1_c: 48.30 [92mF1_g: 62.19 [95mCEU_cue_audio: 0.7139 [95mCEU_cue_video: 0.5555 [95mCEU_synergy: 0.1613 [95mCEU_coexistence: 0.7182 [97mS:[93m16.1%[97m([91m3.7c[97m-[94mF1:13.9%) [97mU1:[93m71.4%[97m([91m7.5c[97m) [97mU2:[93m55.6%[97m([91m7.5c[97m) [97mR:[93m71.8%[97m([91m38.1c[97m) [97mS-L: [92m0:[96m19%[39m [39m
2026-07-25 15:57:04,148 - Agent - INFO - [37mVal Epoch 49 step 49 with [31mce_loss_combined : 1.598427 [31mce_loss_c : 1.066524 [31mce_loss_g : 1.274777 [31mkl_synergy_rand_1 : 0.001134 [31mkl_synergy_rand_2 : 0.001189 [31mkl_synergy_1 : 0.001089 [31mkl_synergy_2 : 0.001129 [31mtotal : 1.602969 [31mdiag_kl_1 : 0.934972 [31mdiag_kl_2 : 1.337875 [94mAcc_combined: 58.21 [94mAcc_c: 49.63 [94mAcc_g: 61.19 [92mF1_combined: 58.82 [92mF1_c: 49.06 [92mF1_g: 62.04 [95mCEU_cue_audio: 0.5000 [95mCEU_cue_video: 0.6113 [95mCEU_synergy: 0.1292 [95mCEU_coexistence: 0.8169 [97mS:[93m12.9%[97m([91m3.0c[97m-[94mF1:12.5%) [97mU1:[93m50.0%[97m([91m5.2c[97m) [97mU2:[93m61.1%[97m([91m8.2c[97m) [97mR:[93m81.7%[97m([91m43.3c[97m) [97mS-L: [92m0:[96m12% [92m1:[96m20%[39m [39m
2026-07-25 15:57:07,315 - Agent - INFO - [37mVal Epoch 50 step 50 with [31mce_loss_combined : 1.875815 [31mce_loss_c : 1.201918 [31mce_loss_g : 1.555900 [31mkl_synergy_rand_1 : 0.001017 [31mkl_synergy_rand_2 : 0.001085 [31mkl_synergy_1 : 0.001024 [31mkl_synergy_2 : 0.001092 [31mtotal : 1.880033 [31mdiag_kl_1 : 0.966936 [31mdiag_kl_2 : 0.980987 [94mAcc_combined: 51.87 [94mAcc_c: 47.01 [94mAcc_g: 54.10 [92mF1_combined: 52.40 [92mF1_c: 45.38 [92mF1_g: 55.91 [95mCEU_cue_audio: 0.5713 [95mCEU_cue_video: 0.5555 [95mCEU_synergy: 0.2581 [95mCEU_coexistence: 0.6056 [97mS:[93m25.8%[97m([91m6.0c[97m-[94mF1:20.5%) [97mU1:[93m57.1%[97m([91m6.0c[97m) [97mU2:[93m55.6%[97m([91m7.5c[97m) [97mR:[93m60.6%[97m([91m32.1c[97m) [97mS-L: [92m0:[96m31%[39m [39m
2026-07-25 15:57:11,314 - Agent - INFO - [37mVal Epoch 51 step 51 with [31mce_loss_combined : 1.755838 [31mce_loss_c : 1.177424 [31mce_loss_g : 1.533316 [31mkl_synergy_rand_1 : 0.000939 [31mkl_synergy_rand_2 : 0.000985 [31mkl_synergy_1 : 0.000910 [31mkl_synergy_2 : 0.000987 [31mtotal : 1.759659 [31mdiag_kl_1 : 0.899151 [31mdiag_kl_2 : 0.925274 [94mAcc_combined: 51.49 [94mAcc_c: 48.88 [94mAcc_g: 54.85 [92mF1_combined: 52.90 [92mF1_c: 47.51 [92mF1_g: 57.24 [95mCEU_cue_audio: 0.5000 [95mCEU_cue_video: 0.4445 [95mCEU_synergy: 0.3548 [95mCEU_coexistence: 0.5915 [97mS:[93m35.5%[97m([91m8.2c[97m-[94mF1:26.2%) [97mU1:[93m50.0%[97m([91m5.2c[97m) [97mU2:[93m44.4%[97m([91m6.0c[97m) [97mR:[93m59.2%[97m([91m31.3c[97m) [97mS-L: [92m0:[96m42%[39m [39m
2026-07-25 15:57:14,481 - Agent - INFO - [37mVal Epoch 52 step 52 with [31mce_loss_combined : 1.686000 [31mce_loss_c : 1.186728 [31mce_loss_g : 1.433098 [31mkl_synergy_rand_1 : 0.001103 [31mkl_synergy_rand_2 : 0.001156 [31mkl_synergy_1 : 0.001062 [31mkl_synergy_2 : 0.001145 [31mtotal : 1.690467 [31mdiag_kl_1 : 0.985440 [31mdiag_kl_2 : 1.211253 [94mAcc_combined: 54.85 [94mAcc_c: 48.88 [94mAcc_g: 58.58 [92mF1_combined: 55.68 [92mF1_c: 47.91 [92mF1_g: 60.22 [95mCEU_cue_audio: 0.6431 [95mCEU_cue_video: 0.5555 [95mCEU_synergy: 0.2257 [95mCEU_coexistence: 0.6619 [97mS:[93m22.6%[97m([91m5.2c[97m-[94mF1:18.4%) [97mU1:[93m64.3%[97m([91m6.7c[97m) [97mU2:[93m55.6%[97m([91m7.5c[97m) [97mR:[93m66.2%[97m([91m35.1c[97m) [97mS-L: [92m0:[96m27%[39m [39m
2026-07-25 15:57:17,652 - Agent - INFO - [37mVal Epoch 53 step 53 with [31mce_loss_combined : 1.876294 [31mce_loss_c : 1.370211 [31mce_loss_g : 1.574787 [31mkl_synergy_rand_1 : 0.001084 [31mkl_synergy_rand_2 : 0.001100 [31mkl_synergy_1 : 0.001038 [31mkl_synergy_2 : 0.001121 [31mtotal : 1.880638 [31mdiag_kl_1 : 1.006046 [31mdiag_kl_2 : 1.063449 [94mAcc_combined: 54.85 [94mAcc_c: 45.52 [94mAcc_g: 54.85 [92mF1_combined: 56.00 [92mF1_c: 44.70 [92mF1_g: 56.32 [95mCEU_cue_audio: 0.5713 [95mCEU_cue_video: 0.6113 [95mCEU_synergy: 0.2904 [95mCEU_coexistence: 0.6479 [97mS:[93m29.0%[97m([91m6.7c[97m-[94mF1:22.5%) [97mU1:[93m57.1%[97m([91m6.0c[97m) [97mU2:[93m61.1%[97m([91m8.2c[97m) [97mR:[93m64.8%[97m([91m34.3c[97m) [97mS-L: [92m0:[96m35%[39m [39m
2026-07-25 15:57:20,784 - Agent - INFO - [37mVal Epoch 54 step 54 with [31mce_loss_combined : 1.985891 [31mce_loss_c : 1.315762 [31mce_loss_g : 1.734937 [31mkl_synergy_rand_1 : 0.001171 [31mkl_synergy_rand_2 : 0.001248 [31mkl_synergy_1 : 0.001183 [31mkl_synergy_2 : 0.001231 [31mtotal : 1.990724 [31mdiag_kl_1 : 1.094307 [31mdiag_kl_2 : 1.142340 [94mAcc_combined: 54.48 [94mAcc_c: 45.90 [94mAcc_g: 55.60 [92mF1_combined: 54.81 [92mF1_c: 44.44 [92mF1_g: 56.41 [95mCEU_cue_audio: 0.5000 [95mCEU_cue_video: 0.6667 [95mCEU_synergy: 0.2581 [95mCEU_coexistence: 0.6479 [97mS:[93m25.8%[97m([91m6.0c[97m-[94mF1:20.5%) [97mU1:[93m50.0%[97m([91m5.2c[97m) [97mU2:[93m66.7%[97m([91m9.0c[97m) [97mR:[93m64.8%[97m([91m34.3c[97m) [97mS-L: [92m0:[96m31%[39m [39m
2026-07-25 15:57:23,909 - Agent - INFO - [37mVal Epoch 55 step 55 with [31mce_loss_combined : 1.806973 [31mce_loss_c : 1.094729 [31mce_loss_g : 1.536942 [31mkl_synergy_rand_1 : 0.001318 [31mkl_synergy_rand_2 : 0.001416 [31mkl_synergy_1 : 0.001258 [31mkl_synergy_2 : 0.001326 [31mtotal : 1.812291 [31mdiag_kl_1 : 1.160120 [31mdiag_kl_2 : 1.514683 [94mAcc_combined: 58.96 [94mAcc_c: 52.99 [94mAcc_g: 57.84 [92mF1_combined: 59.85 [92mF1_c: 52.27 [92mF1_g: 59.21 [95mCEU_cue_audio: 0.5713 [95mCEU_cue_video: 0.7775 [95mCEU_synergy: 0.2581 [95mCEU_coexistence: 0.6901 [97mS:[93m25.8%[97m([91m6.0c[97m-[94mF1:22.9%) [97mU1:[93m57.1%[97m([91m6.0c[97m) [97mU2:[93m77.8%[97m([91m10.4c[97m) [97mR:[93m69.0%[97m([91m36.6c[97m) [97mS-L: [92m0:[96m27% [92m1:[96m20%[39m [39m
2026-07-25 15:57:27,048 - Agent - INFO - [37mVal Epoch 56 step 56 with [31mce_loss_combined : 1.717774 [31mce_loss_c : 1.377633 [31mce_loss_g : 1.494738 [31mkl_synergy_rand_1 : 0.001069 [31mkl_synergy_rand_2 : 0.001135 [31mkl_synergy_1 : 0.001066 [31mkl_synergy_2 : 0.001107 [31mtotal : 1.722151 [31mdiag_kl_1 : 0.994618 [31mdiag_kl_2 : 1.169989 [94mAcc_combined: 53.73 [94mAcc_c: 47.76 [94mAcc_g: 55.97 [92mF1_combined: 54.74 [92mF1_c: 46.97 [92mF1_g: 57.55 [95mCEU_cue_audio: 0.5713 [95mCEU_cue_video: 0.6667 [95mCEU_synergy: 0.3225 [95mCEU_coexistence: 0.6056 [97mS:[93m32.3%[97m([91m7.5c[97m-[94mF1:24.4%) [97mU1:[93m57.1%[97m([91m6.0c[97m) [97mU2:[93m66.7%[97m([91m9.0c[97m) [97mR:[93m60.6%[97m([91m32.1c[97m) [97mS-L: [92m0:[96m38%[39m [39m
2026-07-25 15:57:30,228 - Agent - INFO - [37mVal Epoch 57 step 57 with [31mce_loss_combined : 1.785982 [31mce_loss_c : 1.311903 [31mce_loss_g : 1.594604 [31mkl_synergy_rand_1 : 0.001285 [31mkl_synergy_rand_2 : 0.001414 [31mkl_synergy_1 : 0.001298 [31mkl_synergy_2 : 0.001344 [31mtotal : 1.791322 [31mdiag_kl_1 : 1.138804 [31mdiag_kl_2 : 1.528540 [94mAcc_combined: 57.84 [94mAcc_c: 50.00 [94mAcc_g: 60.07 [92mF1_combined: 57.99 [92mF1_c: 49.24 [92mF1_g: 61.09 [95mCEU_cue_audio: 0.5000 [95mCEU_cue_video: 0.7223 [95mCEU_synergy: 0.2581 [95mCEU_coexistence: 0.6901 [97mS:[93m25.8%[97m([91m6.0c[97m-[94mF1:22.9%) [97mU1:[93m50.0%[97m([91m5.2c[97m) [97mU2:[93m72.2%[97m([91m9.7c[97m) [97mR:[93m69.0%[97m([91m36.6c[97m) [97mS-L: [92m0:[96m27% [92m1:[96m20%[39m [39m
2026-07-25 15:57:33,410 - Agent - INFO - [37mVal Epoch 58 step 58 with [31mce_loss_combined : 2.040844 [31mce_loss_c : 1.117494 [31mce_loss_g : 1.878596 [31mkl_synergy_rand_1 : 0.001415 [31mkl_synergy_rand_2 : 0.001539 [31mkl_synergy_1 : 0.001450 [31mkl_synergy_2 : 0.001501 [31mtotal : 2.046750 [31mdiag_kl_1 : 1.309656 [31mdiag_kl_2 : 1.499323 [94mAcc_combined: 58.21 [94mAcc_c: 50.37 [94mAcc_g: 57.46 [92mF1_combined: 58.52 [92mF1_c: 48.25 [92mF1_g: 57.78 [95mCEU_cue_audio: 0.5000 [95mCEU_cue_video: 0.6667 [95mCEU_synergy: 0.3225 [95mCEU_coexistence: 0.6761 [97mS:[93m32.3%[97m([91m7.5c[97m-[94mF1:27.4%) [97mU1:[93m50.0%[97m([91m5.2c[97m) [97mU2:[93m66.7%[97m([91m9.0c[97m) [97mR:[93m67.6%[97m([91m35.8c[97m) [97mS-L: [92m0:[96m35% [92m1:[96m20%[39m [39m
2026-07-25 15:57:36,592 - Agent - INFO - [37mVal Epoch 59 step 59 with [31mce_loss_combined : 1.974259 [31mce_loss_c : 1.351458 [31mce_loss_g : 1.885763 [31mkl_synergy_rand_1 : 0.001237 [31mkl_synergy_rand_2 : 0.001355 [31mkl_synergy_1 : 0.001259 [31mkl_synergy_2 : 0.001330 [31mtotal : 1.979439 [31mdiag_kl_1 : 1.160572 [31mdiag_kl_2 : 1.312179 [94mAcc_combined: 56.72 [94mAcc_c: 47.76 [94mAcc_g: 54.85 [92mF1_combined: 56.72 [92mF1_c: 46.15 [92mF1_g: 55.68 [95mCEU_cue_audio: 0.5713 [95mCEU_cue_video: 0.6667 [95mCEU_synergy: 0.3548 [95mCEU_coexistence: 0.6338 [97mS:[93m35.5%[97m([91m8.2c[97m-[94mF1:29.5%) [97mU1:[93m57.1%[97m([91m6.0c[97m) [97mU2:[93m66.7%[97m([91m9.0c[97m) [97mR:[93m63.4%[97m([91m33.6c[97m) [97mS-L: [92m0:[96m38% [92m1:[96m20%[39m [39m
2026-07-25 15:57:39,733 - Agent - INFO - [37mVal Epoch 60 step 60 with [31mce_loss_combined : 1.853634 [31mce_loss_c : 1.330207 [31mce_loss_g : 1.766583 [31mkl_synergy_rand_1 : 0.001370 [31mkl_synergy_rand_2 : 0.001502 [31mkl_synergy_1 : 0.001426 [31mkl_synergy_2 : 0.001482 [31mtotal : 1.859413 [31mdiag_kl_1 : 1.182224 [31mdiag_kl_2 : 1.681857 [94mAcc_combined: 57.46 [94mAcc_c: 48.51 [94mAcc_g: 58.21 [92mF1_combined: 57.78 [92mF1_c: 46.92 [92mF1_g: 58.52 [95mCEU_cue_audio: 0.5000 [95mCEU_cue_video: 0.6667 [95mCEU_synergy: 0.1613 [95mCEU_coexistence: 0.7465 [97mS:[93m16.1%[97m([91m3.7c[97m-[94mF1:15.3%) [97mU1:[93m50.0%[97m([91m5.2c[97m) [97mU2:[93m66.7%[97m([91m9.0c[97m) [97mR:[93m74.6%[97m([91m39.6c[97m) [97mS-L: [92m0:[96m15% [92m1:[96m20%[39m [39m
2026-07-25 15:57:42,926 - Agent - INFO - [37mVal Epoch 61 step 61 with [31mce_loss_combined : 1.875585 [31mce_loss_c : 1.207818 [31mce_loss_g : 1.629903 [31mkl_synergy_rand_1 : 0.001385 [31mkl_synergy_rand_2 : 0.001493 [31mkl_synergy_1 : 0.001382 [31mkl_synergy_2 : 0.001436 [31mtotal : 1.881280 [31mdiag_kl_1 : 1.202643 [31mdiag_kl_2 : 1.682840 [94mAcc_combined: 57.09 [94mAcc_c: 51.12 [94mAcc_g: 58.58 [92mF1_combined: 57.56 [92mF1_c: 49.81 [92mF1_g: 59.34 [95mCEU_cue_audio: 0.6431 [95mCEU_cue_video: 0.6113 [95mCEU_synergy: 0.2904 [95mCEU_coexistence: 0.6761 [97mS:[93m29.0%[97m([91m6.7c[97m-[94mF1:25.2%) [97mU1:[93m64.3%[97m([91m6.7c[97m) [97mU2:[93m61.1%[97m([91m8.2c[97m) [97mR:[93m67.6%[97m([91m35.8c[97m) [97mS-L: [92m0:[96m31% [92m1:[96m20%[39m [39m
2026-07-25 15:57:46,081 - Agent - INFO - [37mVal Epoch 62 step 62 with [31mce_loss_combined : 1.804264 [31mce_loss_c : 1.373912 [31mce_loss_g : 1.650542 [31mkl_synergy_rand_1 : 0.001189 [31mkl_synergy_rand_2 : 0.001295 [31mkl_synergy_1 : 0.001218 [31mkl_synergy_2 : 0.001256 [31mtotal : 1.809223 [31mdiag_kl_1 : 1.084756 [31mdiag_kl_2 : 1.352465 [94mAcc_combined: 58.96 [94mAcc_c: 49.25 [94mAcc_g: 57.84 [92mF1_combined: 59.85 [92mF1_c: 48.09 [92mF1_g: 60.07 [95mCEU_cue_audio: 0.6431 [95mCEU_cue_video: 0.6667 [95mCEU_synergy: 0.2581 [95mCEU_coexistence: 0.6901 [97mS:[93m25.8%[97m([91m6.0c[97m-[94mF1:20.5%) [97mU1:[93m64.3%[97m([91m6.7c[97m) [97mU2:[93m66.7%[97m([91m9.0c[97m) [97mR:[93m69.0%[97m([91m36.6c[97m) [97mS-L: [92m0:[96m31%[39m [39m
2026-07-25 15:57:49,285 - Agent - INFO - [37mVal Epoch 63 step 63 with [31mce_loss_combined : 1.841523 [31mce_loss_c : 1.221965 [31mce_loss_g : 1.882004 [31mkl_synergy_rand_1 : 0.001135 [31mkl_synergy_rand_2 : 0.001210 [31mkl_synergy_1 : 0.001142 [31mkl_synergy_2 : 0.001201 [31mtotal : 1.846211 [31mdiag_kl_1 : 1.079836 [31mdiag_kl_2 : 1.228992 [94mAcc_combined: 56.34 [94mAcc_c: 50.00 [94mAcc_g: 53.73 [92mF1_combined: 57.45 [92mF1_c: 47.24 [92mF1_g: 55.40 [95mCEU_cue_audio: 0.5713 [95mCEU_cue_video: 0.6667 [95mCEU_synergy: 0.3225 [95mCEU_coexistence: 0.6338 [97mS:[93m32.3%[97m([91m7.5c[97m-[94mF1:24.4%) [97mU1:[93m57.1%[97m([91m6.0c[97m) [97mU2:[93m66.7%[97m([91m9.0c[97m) [97mR:[93m63.4%[97m([91m33.6c[97m) [97mS-L: [92m0:[96m38%[39m [39m
2026-07-25 15:57:52,443 - Agent - INFO - [37mVal Epoch 64 step 64 with [31mce_loss_combined : 1.918924 [31mce_loss_c : 1.369591 [31mce_loss_g : 1.973348 [31mkl_synergy_rand_1 : 0.001343 [31mkl_synergy_rand_2 : 0.001411 [31mkl_synergy_1 : 0.001330 [31mkl_synergy_2 : 0.001419 [31mtotal : 1.924427 [31mdiag_kl_1 : 1.198391 [31mdiag_kl_2 : 1.483772 [94mAcc_combined: 57.46 [94mAcc_c: 50.37 [94mAcc_g: 58.58 [92mF1_combined: 57.78 [92mF1_c: 48.25 [92mF1_g: 59.34 [95mCEU_cue_audio: 0.5000 [95mCEU_cue_video: 0.7223 [95mCEU_synergy: 0.2581 [95mCEU_coexistence: 0.6761 [97mS:[93m25.8%[97m([91m6.0c[97m-[94mF1:22.9%) [97mU1:[93m50.0%[97m([91m5.2c[97m) [97mU2:[93m72.2%[97m([91m9.7c[97m) [97mR:[93m67.6%[97m([91m35.8c[97m) [97mS-L: [92m0:[96m27% [92m1:[96m20%[39m [39m
2026-07-25 15:57:55,594 - Agent - INFO - [37mVal Epoch 65 step 65 with [31mce_loss_combined : 1.943823 [31mce_loss_c : 1.463599 [31mce_loss_g : 1.923821 [31mkl_synergy_rand_1 : 0.001250 [31mkl_synergy_rand_2 : 0.001341 [31mkl_synergy_1 : 0.001227 [31mkl_synergy_2 : 0.001343 [31mtotal : 1.948984 [31mdiag_kl_1 : 1.157023 [31mdiag_kl_2 : 1.311939 [94mAcc_combined: 57.46 [94mAcc_c: 48.13 [94mAcc_g: 57.84 [92mF1_combined: 58.09 [92mF1_c: 46.74 [92mF1_g: 58.91 [95mCEU_cue_audio: 0.5713 [95mCEU_cue_video: 0.6667 [95mCEU_synergy: 0.2904 [95mCEU_coexistence: 0.6761 [97mS:[93m29.0%[97m([91m6.7c[97m-[94mF1:25.2%) [97mU1:[93m57.1%[97m([91m6.0c[97m) [97mU2:[93m66.7%[97m([91m9.0c[97m) [97mR:[93m67.6%[97m([91m35.8c[97m) [97mS-L: [92m0:[96m31% [92m1:[96m20%[39m [39m
2026-07-25 15:57:56,049 - Agent - INFO - We are in the final state.
2026-07-25 15:57:56,184 - root - INFO - Loaded best model from best_model_accuracy_state_dict
2026-07-25 15:57:56,985 - Agent - INFO - [37mVal Epoch 65 step 0 with [31mce_loss_combined : 0.853207 [31mce_loss_c : 0.694267 [31mce_loss_g : 0.818528 [31mkl_synergy_rand_1 : 0.000360 [31mkl_synergy_rand_2 : 0.000397 [31mkl_synergy_1 : 0.000313 [31mkl_synergy_2 : 0.000397 [31mtotal : 0.854675 [31mdiag_kl_1 : 0.335804 [31mdiag_kl_2 : 0.368071 [94mAcc_combined: 65.30 [94mAcc_c: 58.96 [94mAcc_g: 66.42 [92mF1_combined: 66.43 [92mF1_c: 55.28 [92mF1_g: 67.15 [95mCEU_cue_audio: 0.8574 [95mCEU_cue_video: 0.6667 [95mCEU_synergy: 0.3225 [95mCEU_coexistence: 0.7746 [97mS:[93m32.3%[97m([91m7.5c[97m-[94mF1:27.4%) [97mU1:[93m85.7%[97m([91m9.0c[97m) [97mU2:[93m66.7%[97m([91m9.0c[97m) [97mR:[93m77.5%[97m([91m41.0c[97m) [97mS-L: [92m0:[96m35% [92m1:[96m20%[39m [39m
2026-07-25 15:57:57,749 - Agent - INFO - [37mTest Epoch 65 step 0 with [31mce_loss_combined : 0.829569 [31mce_loss_c : 0.679120 [31mce_loss_g : 0.910553 [31mkl_synergy_rand_1 : 0.000311 [31mkl_synergy_rand_2 : 0.000341 [31mkl_synergy_1 : 0.000274 [31mkl_synergy_2 : 0.000338 [31mtotal : 0.830834 [31mdiag_kl_1 : 0.279737 [31mdiag_kl_2 : 0.291032 [94mAcc_combined: 59.70 [94mAcc_c: 51.87 [94mAcc_g: 57.84 [92mF1_combined: 60.87 [92mF1_c: 47.77 [92mF1_g: 59.50 [95mCEU_cue_audio: 0.7775 [95mCEU_cue_video: 0.6876 [95mCEU_synergy: 0.2001 [95mCEU_coexistence: 0.8182 [97mS:[93m20.0%[97m([91m6.7c[97m-[94mF1:16.7%) [97mU1:[93m77.8%[97m([91m10.4c[97m) [97mU2:[93m68.8%[97m([91m8.2c[97m) [97mR:[93m81.8%[97m([91m33.6c[97m) [97mS-L: [92m0:[96m21%[39m [39m
2026-07-25 15:57:58,806 - Agent - INFO - [37mModel saved successfully at: ./artifacts/models/multibench/mustard/vt/SynIB_RMask_REFABL_mustard_fold1_l0.001_perturbrandom_fillema_pmin0.1_refuniform_lr0.0005_wd0.001.pth.tar[39m
Job finished
