Starting SynIB reference-ablation job
Python 3.10.19
/esat/smcdata/users/kkontras/Image_Dataset/no_backup/git/SynIB  (git cb39a55)
GPU 0: NVIDIA GeForce RTX 3090 Ti (UUID: GPU-5d8e6215-b7c7-b778-8d5e-f71e0522dcb2)
Executing: PYTHONPATH=src /esat/smcdata/users/kkontras/Image_Dataset/no_backup/envs/synergy_new/bin/python -m synib.entrypoints.train --config run/configs/rebuttal_ref_ablation/urfunny_synib.json --default_config run/configs/rebuttal_ref_ablation/urfunny_default.json --fold 0 --rmask random --l 0.001 --perturb_pmin 0.7 --perturb_fill ema --lr 0.001 --wd 0.001 --reference_type uniform --ref_diag --start_over --tag REFABL_urfunny
Namespace(config='run/configs/rebuttal_ref_ablation/urfunny_synib.json', default_config='run/configs/rebuttal_ref_ablation/urfunny_default.json', fold='0', alpha=None, tanh_mode_beta=None, regby=None, batch_size=None, l='0.001', multil=None, lib=None, kmepoch=None, num_samples=None, contrcoeff=None, contr_type=None, shuffle_type=None, validate_with=None, num_classes=None, optim_method=None, ending_epoch=None, load_ongoing=None, recon_weight1=None, recon_weight2=None, recon_epochstages=None, recon_ensemblestages=None, lr='0.001', wd='0.001', cls=None, ironic_rate=None, perturb='random', perturb_fill='ema', perturb_pmax=None, perturb_pmin='0.7', perturb_lsparse=None, rmask='random', pmin=None, pmax=None, lsparse=None, debug_mask_stats=False, pre=False, frozen=False, tdqm_disable=False, start_over=True, no_model_save=False, num_layers=None, grad_accum=None, init_from=None, init_strict=False, perturb_lsparse_sign=None, l_anneal_epochs=None, perturb_steps=None, perturb_lsparse_warmup=None, perturb_lsparse_schedule=None, persist_ell=False, save_masks=False, penalty_swap=False, disable_ce_random=False, disable_kl_learned=False, masking_only=False, modality_dropout=None, modality_dropout_target=None, l_z1_masked=None, l_z2_masked=None, l_pareto=None, reference_type='uniform', ref_diag=True, ref_ema_decay=None, tag='REFABL_urfunny')
2026-07-25 15:53:28,368 - Config - INFO - run/configs/rebuttal_ref_ablation/urfunny_synib.json
2026-07-25 15:53:28,382 - Config - INFO -  THE Configuration of your experiment ..
{'agent': 'Agent',
 'dataset': {'data_roots': './src/synib/mydatasets/Factor_CL_Datasets/prepared/ur_funny/ur_funny_data.pkl',
             'data_type': 'humor',
             'dataloader_class': 'FactorCL_Dataloader',
             'kfold_data_roots': './src/synib/mydatasets/Factor_CL_Datasets/prepared/ur_funny/ur_funny_synergy3.pkl'},
 'early_stopping': {'end_of_epoch_check': True,
                    'log_interval': 10,
                    'max_epoch': 100,
                    'n_steps_stop': 30,
                    'n_steps_stop_after': 0,
                    'save_every_step': 3000,
                    'save_every_valstep': 50,
                    'validate_after': 0,
                    'validate_every': 185},
 'exp_name': 'UR-FUNNY Experiment',
 'model': {'args': {'bias_infusion': {'method': False},
                    'clip_grad': False,
                    'cls_type': 'mlp',
                    'd_model': 40,
                    'dropout': 0.1,
                    'fc_inner': 64,
                    'hidden_dim': 64,
                    'in_dim': 64,
                    'multi_loss': {'multi_supervised_w': {'c': 1,
                                                          'combined': 1,
                                                          'g': 1}},
                    'norm_decision': False,
                    'num_classes': 2},
           'ceu': {'test': './artifacts/ceus/ur_funny/ur_funny_ceu_test.pkl',
                   'val': './artifacts/ceus/ur_funny/ur_funny_ceu_val.pkl'},
           'encoders': [{'args': {'freeze_encoder': False,
                                  'hidden_size': 40,
                                  'modality': 'c',
                                  'n_features': 371,
                                  'num_classes': 2},
                         'model': 'FactorCL_Uni',
                         'pretrainedEncoder': {'dir': 'unimodal_video_fold{}_vldaccuracy_lr0.001_wd0.0001.pth.tar',
                                               'use': True}},
                        {'args': {'freeze_encoder': False,
                                  'hidden_size': 40,
                                  'modality': 'g',
                                  'n_features': 300,
                                  'num_classes': 2},
                         'model': 'FactorCL_Uni',
                         'pretrainedEncoder': {'dir': 'unimodal_text_fold{}_vldaccuracy_lr0.001_wd0.001.pth.tar',
                                               'use': True}}],
           'load_ongoing': False,
           'model_class': 'FusionIBModel_Mask',
           'save_base_dir': './artifacts/models/multibench/ur_funny/vt',
           'save_dir': 'SynIB_RMask_{}.pth.tar'},
 'optimizer': {'beta1': 0.9,
               'beta2': 0.999,
               'learning_rate': 0.0001,
               'momentum': 0.9,
               'type': 'Adam',
               'weight_decay': 0.0001},
 'scheduler': {'max_lr': 0.03, 'type': 'cosanneal', 'warm_up_steps': 780},
 'task': 'classification',
 'training_params': {'adversarial_training': {'adv_epsilon': 0.01,
                                              'use': False},
                     'async_loading': True,
                     'batch_size': 32,
                     'cuda': True,
                     'data_loader_workers': 8,
                     'gpu_device': [0],
                     'pin_memory': True,
                     'rec_test': True,
                     'res': True,
                     'seed': 109,
                     'tdqm_disable': False,
                     'test_batch_size': 32,
                     'test_on_bottoms': False,
                     'use_test_set': True,
                     'validation': True,
                     'verbose': True,
                     'wandb_disable': True}}
2026-07-25 15:53:28,384 - Config - INFO -  *************************************** 
2026-07-25 15:53:28,384 - Config - INFO - The experiment name is UR-FUNNY Experiment
2026-07-25 15:53:28,384 - Config - INFO -  *************************************** 
2026-07-25 15:53:28,384 - root - INFO - save_dir: SynIB_RMask_REFABL_urfunny_fold0_l0.001_perturbrandom_fillema_pmin0.7_refuniform_lr0.001_wd0.001.pth.tar
2026-07-25 15:53:28,531 - Cuda Statistics - INFO - __Python VERSION:  3.10.19 (main, Oct 21 2025, 16:43:05) [GCC 11.2.0]
2026-07-25 15:53:28,531 - Cuda Statistics - INFO - __pyTorch VERSION:  2.9.1+cu128
2026-07-25 15:53:28,531 - Cuda Statistics - INFO - __CUDA VERSION
2026-07-25 15:53:28,542 - Cuda Statistics - INFO - __CUDNN VERSION:  91002
2026-07-25 15:53:28,568 - Cuda Statistics - INFO - __Number CUDA Devices:  1
2026-07-25 15:53:28,568 - Cuda Statistics - INFO - __Devices
2026-07-25 15:53:28,568 - Cuda Statistics - INFO - index, name, driver_version, memory.total [MiB], memory.used [MiB], memory.free [MiB]
2026-07-25 15:53:28,568 - Cuda Statistics - INFO - 0, NVIDIA GeForce RTX 3090 Ti, 610.43.03, 24564 MiB, 20 MiB, 24089 MiB
2026-07-25 15:53:28,572 - Cuda Statistics - INFO - Active CUDA Device: GPU 0
2026-07-25 15:53:28,572 - Cuda Statistics - INFO - Available devices  1
2026-07-25 15:53:28,572 - Cuda Statistics - INFO - Current cuda device  0
2026-07-25 15:53:35,823 - Agent - INFO - Device: cuda:0
2026-07-25 15:53:35,824 - Agent - INFO - Total training batches: 253, validate every 185 batches, steps per epoch: 2
2026-07-25 15:53:35,902 - Agent - INFO - Loss Weights are {'total': 1, 'combined': 1, 'c': 1, 'g': 1}
2026-07-25 15:53:35,902 - root - INFO - There is no CEU for train
2026-07-25 15:53:36,307 - root - INFO - Loading enc best model state dict from ./artifacts/models/multibench/ur_funny/vt/unimodal_video_fold0_vldaccuracy_lr0.001_wd0.0001.pth.tar
2026-07-25 15:53:36,659 - root - INFO - Loading enc best model state dict from ./artifacts/models/multibench/ur_funny/vt/unimodal_text_fold0_vldaccuracy_lr0.001_wd0.001.pth.tar
2026-07-25 15:53:36,885 - Agent - INFO - Total number of trainable parameters are: 3520992
2026-07-25 15:53:36,891 - Agent - INFO - Total number of trainable parameters are: 1767508
2026-07-25 15:54:04,144 - Evaluator - INFO - New best with loss-accuracy-syn_accuracy-
2026-07-25 15:54:04,145 - Agent - INFO - [37mVal Epoch 1 step 1 with [31mce_loss_combined : 0.678661 [31mce_loss_c : 0.696103 [31mce_loss_g : 0.683177 [31mkl_synergy_rand_1 : 0.000075 [31mkl_synergy_rand_2 : 0.000087 [31mkl_synergy_1 : 0.000055 [31mkl_synergy_2 : 0.000089 [31mtotal : 0.678966 [31mdiag_kl_1 : 0.070741 [31mdiag_kl_2 : 0.020919 [94mAcc_combined: 61.03 [94mAcc_c: 50.29 [94mAcc_g: 61.94 [92mF1_combined: 55.81 [92mF1_c: 5.69 [92mF1_g: 60.71 [95mCEU_cue_audio: 0.3061 [95mCEU_cue_video: 0.7575 [95mCEU_synergy: 0.0218 [95mCEU_coexistence: 0.9846 [97mS:[93m2.2%[97m([91m0.4c[97m-[94mF1:2.1%) [97mU1:[93m30.6%[97m([91m5.8c[97m) [97mU2:[93m75.8%[97m([91m24.2c[97m) [97mR:[93m98.5%[97m([91m30.8c[97m) [97mS-L: [92m0:[96m8%[39m [39m
2026-07-25 15:54:04,161 - Agent - INFO - [37mTest Epoch 1 step 1 with [31mce_loss_combined : 0.640128 [31mce_loss_c : 0.686427 [31mce_loss_g : 0.645662 [31mkl_synergy_rand_1 : 0.000081 [31mkl_synergy_rand_2 : 0.000093 [31mkl_synergy_1 : 0.000048 [31mkl_synergy_2 : 0.000098 [31mtotal : 0.640448 [31mdiag_kl_1 : 0.074360 [31mdiag_kl_2 : 0.022587 [94mAcc_combined: 62.19 [94mAcc_c: 50.99 [94mAcc_g: 61.63 [92mF1_combined: 57.31 [92mF1_c: 7.16 [92mF1_g: 60.27 [95mCEU_cue_audio: 0.2306 [95mCEU_cue_video: 0.7877 [95mCEU_synergy: 0.0444 [95mCEU_coexistence: 0.9830 [97mS:[93m4.4%[97m([91m0.8c[97m-[94mF1:4.2%) [97mU1:[93m23.0%[97m([91m4.7c[97m) [97mU2:[93m78.8%[97m([91m22.8c[97m) [97mR:[93m98.3%[97m([91m32.9c[97m) [97mS-L: [92m0:[96m14%[39m [39m
2026-07-25 15:54:04,284 - Agent - INFO - [37mModel saved successfully at: ./artifacts/models/multibench/ur_funny/vt/SynIB_RMask_REFABL_urfunny_fold0_l0.001_perturbrandom_fillema_pmin0.7_refuniform_lr0.001_wd0.001.pth.tar[39m
2026-07-25 15:54:30,910 - Evaluator - INFO - New best with syn_accuracy-
2026-07-25 15:54:30,910 - Agent - INFO - [37mVal Epoch 2 step 2 with [31mce_loss_combined : 0.699174 [31mce_loss_c : 0.700254 [31mce_loss_g : 0.684969 [31mkl_synergy_rand_1 : 0.000097 [31mkl_synergy_rand_2 : 0.000114 [31mkl_synergy_1 : 0.000072 [31mkl_synergy_2 : 0.000113 [31mtotal : 0.699569 [31mdiag_kl_1 : 0.102886 [31mdiag_kl_2 : 0.040286 [94mAcc_combined: 59.14 [94mAcc_c: 50.29 [94mAcc_g: 61.65 [92mF1_combined: 57.08 [92mF1_c: 18.28 [92mF1_g: 60.45 [95mCEU_cue_audio: 0.1631 [95mCEU_cue_video: 0.8546 [95mCEU_synergy: 0.2756 [95mCEU_coexistence: 0.7894 [97mS:[93m27.6%[97m([91m4.9c[97m-[94mF1:21.6%) [97mU1:[93m16.3%[97m([91m3.1c[97m) [97mU2:[93m85.5%[97m([91m27.3c[97m) [97mR:[93m78.9%[97m([91m24.7c[97m) [97mS-L: [92m1:[96m39%[39m [39m
2026-07-25 15:54:30,926 - Agent - INFO - [37mTest Epoch 2 step 2 with [31mce_loss_combined : 0.650193 [31mce_loss_c : 0.686849 [31mce_loss_g : 0.640904 [31mkl_synergy_rand_1 : 0.000098 [31mkl_synergy_rand_2 : 0.000116 [31mkl_synergy_1 : 0.000066 [31mkl_synergy_2 : 0.000115 [31mtotal : 0.650588 [31mdiag_kl_1 : 0.103836 [31mdiag_kl_2 : 0.041025 [94mAcc_combined: 61.29 [94mAcc_c: 51.70 [94mAcc_g: 63.99 [92mF1_combined: 59.35 [92mF1_c: 21.75 [92mF1_g: 62.97 [95mCEU_cue_audio: 0.2350 [95mCEU_cue_video: 0.8431 [95mCEU_synergy: 0.3094 [95mCEU_coexistence: 0.8503 [97mS:[93m30.9%[97m([91m5.3c[97m-[94mF1:23.6%) [97mU1:[93m23.5%[97m([91m4.8c[97m) [97mU2:[93m84.3%[97m([91m24.4c[97m) [97mR:[93m85.0%[97m([91m28.4c[97m) [97mS-L: [92m1:[96m46%[39m [39m
2026-07-25 15:54:31,129 - Agent - INFO - [37mModel saved successfully at: ./artifacts/models/multibench/ur_funny/vt/SynIB_RMask_REFABL_urfunny_fold0_l0.001_perturbrandom_fillema_pmin0.7_refuniform_lr0.001_wd0.001.pth.tar[39m
2026-07-25 15:54:57,754 - Evaluator - INFO - New best with loss-accuracy-
2026-07-25 15:54:57,754 - Agent - INFO - [37mVal Epoch 3 step 3 with [31mce_loss_combined : 0.670145 [31mce_loss_c : 0.695073 [31mce_loss_g : 0.672366 [31mkl_synergy_rand_1 : 0.000093 [31mkl_synergy_rand_2 : 0.000108 [31mkl_synergy_1 : 0.000060 [31mkl_synergy_2 : 0.000109 [31mtotal : 0.670515 [31mdiag_kl_1 : 0.094432 [31mdiag_kl_2 : 0.013846 [94mAcc_combined: 63.10 [94mAcc_c: 50.29 [94mAcc_g: 61.41 [92mF1_combined: 59.82 [92mF1_c: 5.69 [92mF1_g: 60.06 [95mCEU_cue_audio: 0.1325 [95mCEU_cue_video: 0.8728 [95mCEU_synergy: 0.0866 [95mCEU_coexistence: 0.9382 [97mS:[93m8.6%[97m([91m1.5c[97m-[94mF1:8.4%) [97mU1:[93m13.3%[97m([91m2.5c[97m) [97mU2:[93m87.3%[97m([91m27.9c[97m) [97mR:[93m93.8%[97m([91m29.3c[97m) [97mS-L: [92m0:[96m6% [92m1:[96m10%[39m [39m
2026-07-25 15:54:57,788 - Agent - INFO - [37mTest Epoch 3 step 3 with [31mce_loss_combined : 0.642129 [31mce_loss_c : 0.685330 [31mce_loss_g : 0.645839 [31mkl_synergy_rand_1 : 0.000096 [31mkl_synergy_rand_2 : 0.000113 [31mkl_synergy_1 : 0.000055 [31mkl_synergy_2 : 0.000115 [31mtotal : 0.642509 [31mdiag_kl_1 : 0.098154 [31mdiag_kl_2 : 0.014977 [94mAcc_combined: 62.48 [94mAcc_c: 50.99 [94mAcc_g: 61.77 [92mF1_combined: 59.37 [92mF1_c: 7.16 [92mF1_g: 60.67 [95mCEU_cue_audio: 0.1472 [95mCEU_cue_video: 0.8987 [95mCEU_synergy: 0.0772 [95mCEU_coexistence: 0.9662 [97mS:[93m7.7%[97m([91m1.3c[97m-[94mF1:7.7%) [97mU1:[93m14.7%[97m([91m3.0c[97m) [97mU2:[93m89.9%[97m([91m26.0c[97m) [97mR:[93m96.6%[97m([91m32.3c[97m) [97mS-L: [92m0:[96m9% [92m1:[96m7%[39m [39m
2026-07-25 15:54:58,007 - Agent - INFO - [37mModel saved successfully at: ./artifacts/models/multibench/ur_funny/vt/SynIB_RMask_REFABL_urfunny_fold0_l0.001_perturbrandom_fillema_pmin0.7_refuniform_lr0.001_wd0.001.pth.tar[39m
2026-07-25 15:55:24,672 - Agent - INFO - [37mVal Epoch 4 step 4 with [31mce_loss_combined : 0.693443 [31mce_loss_c : 0.697692 [31mce_loss_g : 0.692678 [31mkl_synergy_rand_1 : 0.000126 [31mkl_synergy_rand_2 : 0.000148 [31mkl_synergy_1 : 0.000082 [31mkl_synergy_2 : 0.000148 [31mtotal : 0.693946 [31mdiag_kl_1 : 0.124131 [31mdiag_kl_2 : 0.016949 [94mAcc_combined: 62.43 [94mAcc_c: 50.29 [94mAcc_g: 62.43 [92mF1_combined: 59.68 [92mF1_c: 5.69 [92mF1_g: 61.09 [95mCEU_cue_audio: 0.1735 [95mCEU_cue_video: 0.8728 [95mCEU_synergy: 0.0486 [95mCEU_coexistence: 0.9753 [97mS:[93m4.9%[97m([91m0.9c[97m-[94mF1:4.7%) [97mU1:[93m17.3%[97m([91m3.3c[97m) [97mU2:[93m87.3%[97m([91m27.9c[97m) [97mR:[93m97.5%[97m([91m30.5c[97m) [97mS-L: [92m0:[96m2% [92m1:[96m6%[39m [39m
2026-07-25 15:55:51,073 - Agent - INFO - [37mVal Epoch 5 step 5 with [31mce_loss_combined : 0.672621 [31mce_loss_c : 0.701735 [31mce_loss_g : 0.671136 [31mkl_synergy_rand_1 : 0.000044 [31mkl_synergy_rand_2 : 0.000057 [31mkl_synergy_1 : 0.000034 [31mkl_synergy_2 : 0.000057 [31mtotal : 0.672813 [31mdiag_kl_1 : 0.044804 [31mdiag_kl_2 : 0.026026 [94mAcc_combined: 61.03 [94mAcc_c: 50.19 [94mAcc_g: 61.70 [92mF1_combined: 58.28 [92mF1_c: 18.64 [92mF1_g: 59.76 [95mCEU_cue_audio: 0.2653 [95mCEU_cue_video: 0.8061 [95mCEU_synergy: 0.0486 [95mCEU_coexistence: 0.9504 [97mS:[93m4.9%[97m([91m0.9c[97m-[94mF1:4.8%) [97mU1:[93m26.5%[97m([91m5.0c[97m) [97mU2:[93m80.6%[97m([91m25.7c[97m) [97mR:[93m95.0%[97m([91m29.7c[97m) [97mS-L: [92m0:[96m4% [92m1:[96m5%[39m [39m
2026-07-25 15:56:18,268 - Agent - INFO - [37mVal Epoch 6 step 6 with [31mce_loss_combined : 0.694183 [31mce_loss_c : 0.699281 [31mce_loss_g : 0.687820 [31mkl_synergy_rand_1 : 0.000110 [31mkl_synergy_rand_2 : 0.000127 [31mkl_synergy_1 : 0.000067 [31mkl_synergy_2 : 0.000131 [31mtotal : 0.694618 [31mdiag_kl_1 : 0.103271 [31mdiag_kl_2 : 0.018705 [94mAcc_combined: 61.03 [94mAcc_c: 50.48 [94mAcc_g: 62.48 [92mF1_combined: 57.93 [92mF1_c: 12.78 [92mF1_g: 60.93 [95mCEU_cue_audio: 0.1683 [95mCEU_cue_video: 0.8606 [95mCEU_synergy: 0.1191 [95mCEU_coexistence: 0.9225 [97mS:[93m11.9%[97m([91m2.1c[97m-[94mF1:10.6%) [97mU1:[93m16.8%[97m([91m3.2c[97m) [97mU2:[93m86.1%[97m([91m27.5c[97m) [97mR:[93m92.3%[97m([91m28.8c[97m) [97mS-L: [92m1:[96m17%[39m [39m
2026-07-25 15:56:45,317 - Agent - INFO - [37mVal Epoch 7 step 7 with [31mce_loss_combined : 0.699797 [31mce_loss_c : 0.698286 [31mce_loss_g : 0.695290 [31mkl_synergy_rand_1 : 0.000133 [31mkl_synergy_rand_2 : 0.000155 [31mkl_synergy_1 : 0.000077 [31mkl_synergy_2 : 0.000156 [31mtotal : 0.700316 [31mdiag_kl_1 : 0.127007 [31mdiag_kl_2 : 0.018467 [94mAcc_combined: 62.52 [94mAcc_c: 50.29 [94mAcc_g: 62.52 [92mF1_combined: 59.66 [92mF1_c: 5.69 [92mF1_g: 61.42 [95mCEU_cue_audio: 0.2094 [95mCEU_cue_video: 0.8484 [95mCEU_synergy: 0.0486 [95mCEU_coexistence: 0.9753 [97mS:[93m4.9%[97m([91m0.9c[97m-[94mF1:4.8%) [97mU1:[93m20.9%[97m([91m4.0c[97m) [97mU2:[93m84.8%[97m([91m27.1c[97m) [97mR:[93m97.5%[97m([91m30.5c[97m) [97mS-L: [92m0:[96m4% [92m1:[96m5%[39m [39m
2026-07-25 15:57:12,099 - Agent - INFO - [37mVal Epoch 8 step 8 with [31mce_loss_combined : 0.711761 [31mce_loss_c : 0.698487 [31mce_loss_g : 0.704236 [31mkl_synergy_rand_1 : 0.000150 [31mkl_synergy_rand_2 : 0.000173 [31mkl_synergy_1 : 0.000097 [31mkl_synergy_2 : 0.000175 [31mtotal : 0.712356 [31mdiag_kl_1 : 0.143986 [31mdiag_kl_2 : 0.024564 [94mAcc_combined: 62.23 [94mAcc_c: 50.58 [94mAcc_g: 61.94 [92mF1_combined: 59.64 [92mF1_c: 11.74 [92mF1_g: 60.63 [95mCEU_cue_audio: 0.1989 [95mCEU_cue_video: 0.8515 [95mCEU_synergy: 0.0542 [95mCEU_coexistence: 0.9629 [97mS:[93m5.4%[97m([91m1.0c[97m-[94mF1:5.2%) [97mU1:[93m19.9%[97m([91m3.8c[97m) [97mU2:[93m85.2%[97m([91m27.2c[97m) [97mR:[93m96.3%[97m([91m30.1c[97m) [97mS-L: [92m0:[96m2% [92m1:[96m7%[39m [39m
2026-07-25 15:57:38,797 - Agent - INFO - [37mVal Epoch 9 step 9 with [31mce_loss_combined : 0.706846 [31mce_loss_c : 0.697391 [31mce_loss_g : 0.698018 [31mkl_synergy_rand_1 : 0.000128 [31mkl_synergy_rand_2 : 0.000148 [31mkl_synergy_1 : 0.000083 [31mkl_synergy_2 : 0.000149 [31mtotal : 0.707355 [31mdiag_kl_1 : 0.119777 [31mdiag_kl_2 : 0.024978 [94mAcc_combined: 61.80 [94mAcc_c: 50.29 [94mAcc_g: 62.72 [92mF1_combined: 58.98 [92mF1_c: 5.69 [92mF1_g: 61.16 [95mCEU_cue_audio: 0.2247 [95mCEU_cue_video: 0.8455 [95mCEU_synergy: 0.0324 [95mCEU_coexistence: 0.9782 [97mS:[93m3.2%[97m([91m0.6c[97m-[94mF1:3.2%) [97mU1:[93m22.4%[97m([91m4.3c[97m) [97mU2:[93m84.5%[97m([91m27.0c[97m) [97mR:[93m97.8%[97m([91m30.6c[97m) [97mS-L: [92m0:[96m6% [92m1:[96m2%[39m [39m
2026-07-25 15:58:05,757 - Agent - INFO - [37mVal Epoch 10 step 10 with [31mce_loss_combined : 0.695237 [31mce_loss_c : 0.696647 [31mce_loss_g : 0.694318 [31mkl_synergy_rand_1 : 0.000118 [31mkl_synergy_rand_2 : 0.000134 [31mkl_synergy_1 : 0.000067 [31mkl_synergy_2 : 0.000131 [31mtotal : 0.695687 [31mdiag_kl_1 : 0.116728 [31mdiag_kl_2 : 0.037838 [94mAcc_combined: 60.35 [94mAcc_c: 50.00 [94mAcc_g: 60.83 [92mF1_combined: 56.71 [92mF1_c: 9.77 [92mF1_g: 59.82 [95mCEU_cue_audio: 0.1123 [95mCEU_cue_video: 0.8878 [95mCEU_synergy: 0.1783 [95mCEU_coexistence: 0.8608 [97mS:[93m17.8%[97m([91m3.2c[97m-[94mF1:15.5%) [97mU1:[93m11.2%[97m([91m2.1c[97m) [97mU2:[93m88.8%[97m([91m28.3c[97m) [97mR:[93m86.1%[97m([91m26.9c[97m) [97mS-L: [92m0:[96m2% [92m1:[96m24%[39m [39m
2026-07-25 15:58:32,375 - Agent - INFO - [37mVal Epoch 11 step 11 with [31mce_loss_combined : 0.687767 [31mce_loss_c : 0.696538 [31mce_loss_g : 0.682192 [31mkl_synergy_rand_1 : 0.000108 [31mkl_synergy_rand_2 : 0.000125 [31mkl_synergy_1 : 0.000072 [31mkl_synergy_2 : 0.000125 [31mtotal : 0.688197 [31mdiag_kl_1 : 0.099036 [31mdiag_kl_2 : 0.021477 [94mAcc_combined: 63.01 [94mAcc_c: 50.29 [94mAcc_g: 63.73 [92mF1_combined: 60.34 [92mF1_c: 5.69 [92mF1_g: 62.39 [95mCEU_cue_audio: 0.3571 [95mCEU_cue_video: 0.7910 [95mCEU_synergy: 0.0755 [95mCEU_coexistence: 0.9597 [97mS:[93m7.6%[97m([91m1.4c[97m-[94mF1:7.5%) [97mU1:[93m35.7%[97m([91m6.8c[97m) [97mU2:[93m79.1%[97m([91m25.2c[97m) [97mR:[93m96.0%[97m([91m30.0c[97m) [97mS-L: [92m0:[96m17% [92m1:[96m4%[39m [39m
2026-07-25 15:58:59,203 - Agent - INFO - [37mVal Epoch 12 step 12 with [31mce_loss_combined : 0.716157 [31mce_loss_c : 0.694802 [31mce_loss_g : 0.707121 [31mkl_synergy_rand_1 : 0.000137 [31mkl_synergy_rand_2 : 0.000155 [31mkl_synergy_1 : 0.000086 [31mkl_synergy_2 : 0.000160 [31mtotal : 0.716696 [31mdiag_kl_1 : 0.128823 [31mdiag_kl_2 : 0.027571 [94mAcc_combined: 62.43 [94mAcc_c: 50.29 [94mAcc_g: 63.30 [92mF1_combined: 59.13 [92mF1_c: 5.69 [92mF1_g: 62.26 [95mCEU_cue_audio: 0.3112 [95mCEU_cue_video: 0.8242 [95mCEU_synergy: 0.0648 [95mCEU_coexistence: 0.9350 [97mS:[93m6.5%[97m([91m1.2c[97m-[94mF1:6.5%) [97mU1:[93m31.1%[97m([91m5.9c[97m) [97mU2:[93m82.4%[97m([91m26.3c[97m) [97mR:[93m93.5%[97m([91m29.2c[97m) [97mS-L: [92m0:[96m13% [92m1:[96m4%[39m [39m
2026-07-25 15:59:25,857 - Agent - INFO - [37mVal Epoch 13 step 13 with [31mce_loss_combined : 0.716800 [31mce_loss_c : 0.697636 [31mce_loss_g : 0.707009 [31mkl_synergy_rand_1 : 0.000144 [31mkl_synergy_rand_2 : 0.000154 [31mkl_synergy_1 : 0.000090 [31mkl_synergy_2 : 0.000157 [31mtotal : 0.717345 [31mdiag_kl_1 : 0.132774 [31mdiag_kl_2 : 0.026580 [94mAcc_combined: 61.75 [94mAcc_c: 50.29 [94mAcc_g: 62.81 [92mF1_combined: 58.91 [92mF1_c: 5.69 [92mF1_g: 61.53 [95mCEU_cue_audio: 0.2959 [95mCEU_cue_video: 0.8061 [95mCEU_synergy: 0.0755 [95mCEU_coexistence: 0.9443 [97mS:[93m7.6%[97m([91m1.4c[97m-[94mF1:7.5%) [97mU1:[93m29.6%[97m([91m5.6c[97m) [97mU2:[93m80.6%[97m([91m25.7c[97m) [97mR:[93m94.4%[97m([91m29.5c[97m) [97mS-L: [92m0:[96m8% [92m1:[96m8%[39m [39m
2026-07-25 15:59:52,603 - Agent - INFO - [37mVal Epoch 14 step 14 with [31mce_loss_combined : 0.729049 [31mce_loss_c : 0.696693 [31mce_loss_g : 0.715316 [31mkl_synergy_rand_1 : 0.000162 [31mkl_synergy_rand_2 : 0.000193 [31mkl_synergy_1 : 0.000103 [31mkl_synergy_2 : 0.000191 [31mtotal : 0.729698 [31mdiag_kl_1 : 0.153892 [31mdiag_kl_2 : 0.037070 [94mAcc_combined: 61.99 [94mAcc_c: 50.29 [94mAcc_g: 62.81 [92mF1_combined: 59.77 [92mF1_c: 5.69 [92mF1_g: 61.91 [95mCEU_cue_audio: 0.3112 [95mCEU_cue_video: 0.8211 [95mCEU_synergy: 0.0866 [95mCEU_coexistence: 0.9475 [97mS:[93m8.6%[97m([91m1.5c[97m-[94mF1:8.5%) [97mU1:[93m31.1%[97m([91m5.9c[97m) [97mU2:[93m82.1%[97m([91m26.2c[97m) [97mR:[93m94.7%[97m([91m29.6c[97m) [97mS-L: [92m0:[96m8% [92m1:[96m9%[39m [39m
2026-07-25 16:00:11,178 - Agent - INFO - [37mModel saved successfully at: ./artifacts/models/multibench/ur_funny/vt/SynIB_RMask_REFABL_urfunny_fold0_l0.001_perturbrandom_fillema_pmin0.7_refuniform_lr0.001_wd0.001.pth.tar[39m
2026-07-25 16:00:19,774 - Agent - INFO - [37mVal Epoch 15 step 15 with [31mce_loss_combined : 0.729194 [31mce_loss_c : 0.696930 [31mce_loss_g : 0.713126 [31mkl_synergy_rand_1 : 0.000173 [31mkl_synergy_rand_2 : 0.000190 [31mkl_synergy_1 : 0.000105 [31mkl_synergy_2 : 0.000190 [31mtotal : 0.729852 [31mdiag_kl_1 : 0.157874 [31mdiag_kl_2 : 0.038197 [94mAcc_combined: 62.04 [94mAcc_c: 50.29 [94mAcc_g: 63.30 [92mF1_combined: 59.89 [92mF1_c: 5.69 [92mF1_g: 62.22 [95mCEU_cue_audio: 0.3623 [95mCEU_cue_video: 0.7728 [95mCEU_synergy: 0.0811 [95mCEU_coexistence: 0.9411 [97mS:[93m8.1%[97m([91m1.5c[97m-[94mF1:8.0%) [97mU1:[93m36.2%[97m([91m6.9c[97m) [97mU2:[93m77.3%[97m([91m24.7c[97m) [97mR:[93m94.1%[97m([91m29.4c[97m) [97mS-L: [92m0:[96m8% [92m1:[96m8%[39m [39m
2026-07-25 16:00:46,643 - Agent - INFO - [37mVal Epoch 16 step 16 with [31mce_loss_combined : 0.745275 [31mce_loss_c : 0.697306 [31mce_loss_g : 0.725860 [31mkl_synergy_rand_1 : 0.000193 [31mkl_synergy_rand_2 : 0.000218 [31mkl_synergy_1 : 0.000115 [31mkl_synergy_2 : 0.000219 [31mtotal : 0.746020 [31mdiag_kl_1 : 0.178591 [31mdiag_kl_2 : 0.046203 [94mAcc_combined: 62.04 [94mAcc_c: 50.29 [94mAcc_g: 62.86 [92mF1_combined: 60.01 [92mF1_c: 5.69 [92mF1_g: 62.02 [95mCEU_cue_audio: 0.3012 [95mCEU_cue_video: 0.8152 [95mCEU_synergy: 0.1029 [95mCEU_coexistence: 0.9411 [97mS:[93m10.3%[97m([91m1.8c[97m-[94mF1:9.8%) [97mU1:[93m30.1%[97m([91m5.7c[97m) [97mU2:[93m81.5%[97m([91m26.0c[97m) [97mR:[93m94.1%[97m([91m29.4c[97m) [97mS-L: [92m0:[96m6% [92m1:[96m12%[39m [39m
2026-07-25 16:01:13,433 - Agent - INFO - [37mVal Epoch 17 step 17 with [31mce_loss_combined : 0.724863 [31mce_loss_c : 0.700025 [31mce_loss_g : 0.711500 [31mkl_synergy_rand_1 : 0.000158 [31mkl_synergy_rand_2 : 0.000178 [31mkl_synergy_1 : 0.000095 [31mkl_synergy_2 : 0.000178 [31mtotal : 0.725472 [31mdiag_kl_1 : 0.145738 [31mdiag_kl_2 : 0.032541 [94mAcc_combined: 61.51 [94mAcc_c: 50.73 [94mAcc_g: 61.32 [92mF1_combined: 60.12 [92mF1_c: 14.15 [92mF1_g: 60.36 [95mCEU_cue_audio: 0.2859 [95mCEU_cue_video: 0.8029 [95mCEU_synergy: 0.1029 [95mCEU_coexistence: 0.9318 [97mS:[93m10.3%[97m([91m1.8c[97m-[94mF1:9.5%) [97mU1:[93m28.6%[97m([91m5.4c[97m) [97mU2:[93m80.3%[97m([91m25.6c[97m) [97mR:[93m93.2%[97m([91m29.1c[97m) [97mS-L: [92m0:[96m2% [92m1:[96m14%[39m [39m
2026-07-25 16:01:40,162 - Agent - INFO - [37mVal Epoch 18 step 18 with [31mce_loss_combined : 0.682503 [31mce_loss_c : 0.697095 [31mce_loss_g : 0.684068 [31mkl_synergy_rand_1 : 0.000072 [31mkl_synergy_rand_2 : 0.000085 [31mkl_synergy_1 : 0.000045 [31mkl_synergy_2 : 0.000086 [31mtotal : 0.682791 [31mdiag_kl_1 : 0.075617 [31mdiag_kl_2 : 0.027448 [94mAcc_combined: 60.69 [94mAcc_c: 50.29 [94mAcc_g: 61.27 [92mF1_combined: 59.45 [92mF1_c: 5.69 [92mF1_g: 59.85 [95mCEU_cue_audio: 0.1784 [95mCEU_cue_video: 0.8728 [95mCEU_synergy: 0.1191 [95mCEU_coexistence: 0.8918 [97mS:[93m11.9%[97m([91m2.1c[97m-[94mF1:10.8%) [97mU1:[93m17.9%[97m([91m3.4c[97m) [97mU2:[93m87.3%[97m([91m27.9c[97m) [97mR:[93m89.2%[97m([91m27.9c[97m) [97mS-L: [92m0:[96m2% [92m1:[96m16%[39m [39m
2026-07-25 16:02:07,100 - Agent - INFO - [37mVal Epoch 19 step 19 with [31mce_loss_combined : 0.751436 [31mce_loss_c : 0.710164 [31mce_loss_g : 0.740608 [31mkl_synergy_rand_1 : 0.000186 [31mkl_synergy_rand_2 : 0.000202 [31mkl_synergy_1 : 0.000110 [31mkl_synergy_2 : 0.000200 [31mtotal : 0.752134 [31mdiag_kl_1 : 0.181696 [31mdiag_kl_2 : 0.065118 [94mAcc_combined: 60.25 [94mAcc_c: 49.90 [94mAcc_g: 61.61 [92mF1_combined: 59.51 [92mF1_c: 22.92 [92mF1_g: 60.96 [95mCEU_cue_audio: 0.2347 [95mCEU_cue_video: 0.8152 [95mCEU_synergy: 0.2107 [95mCEU_coexistence: 0.8390 [97mS:[93m21.1%[97m([91m3.8c[97m-[94mF1:17.4%) [97mU1:[93m23.5%[97m([91m4.4c[97m) [97mU2:[93m81.5%[97m([91m26.0c[97m) [97mR:[93m83.9%[97m([91m26.2c[97m) [97mS-L: [92m1:[96m30%[39m [39m
2026-07-25 16:02:34,343 - Agent - INFO - [37mVal Epoch 20 step 20 with [31mce_loss_combined : 0.710394 [31mce_loss_c : 0.695330 [31mce_loss_g : 0.714248 [31mkl_synergy_rand_1 : 0.000126 [31mkl_synergy_rand_2 : 0.000148 [31mkl_synergy_1 : 0.000078 [31mkl_synergy_2 : 0.000148 [31mtotal : 0.710894 [31mdiag_kl_1 : 0.123501 [31mdiag_kl_2 : 0.031344 [94mAcc_combined: 61.51 [94mAcc_c: 50.29 [94mAcc_g: 61.61 [92mF1_combined: 59.63 [92mF1_c: 5.69 [92mF1_g: 61.00 [95mCEU_cue_audio: 0.2247 [95mCEU_cue_video: 0.8302 [95mCEU_synergy: 0.1079 [95mCEU_coexistence: 0.9225 [97mS:[93m10.8%[97m([91m1.9c[97m-[94mF1:10.5%) [97mU1:[93m22.4%[97m([91m4.3c[97m) [97mU2:[93m83.0%[97m([91m26.5c[97m) [97mR:[93m92.3%[97m([91m28.8c[97m) [97mS-L: [92m0:[96m9% [92m1:[96m11%[39m [39m
2026-07-25 16:03:01,211 - Agent - INFO - [37mVal Epoch 21 step 21 with [31mce_loss_combined : 0.696125 [31mce_loss_c : 0.695855 [31mce_loss_g : 0.700899 [31mkl_synergy_rand_1 : 0.000108 [31mkl_synergy_rand_2 : 0.000125 [31mkl_synergy_1 : 0.000065 [31mkl_synergy_2 : 0.000121 [31mtotal : 0.696545 [31mdiag_kl_1 : 0.105868 [31mdiag_kl_2 : 0.030359 [94mAcc_combined: 61.46 [94mAcc_c: 50.29 [94mAcc_g: 61.80 [92mF1_combined: 59.23 [92mF1_c: 5.69 [92mF1_g: 60.62 [95mCEU_cue_audio: 0.2908 [95mCEU_cue_video: 0.7970 [95mCEU_synergy: 0.1515 [95mCEU_coexistence: 0.9040 [97mS:[93m15.1%[97m([91m2.7c[97m-[94mF1:14.6%) [97mU1:[93m29.1%[97m([91m5.5c[97m) [97mU2:[93m79.7%[97m([91m25.4c[97m) [97mR:[93m90.4%[97m([91m28.2c[97m) [97mS-L: [92m0:[96m13% [92m1:[96m16%[39m [39m
2026-07-25 16:03:28,119 - Agent - INFO - [37mVal Epoch 22 step 22 with [31mce_loss_combined : 0.714366 [31mce_loss_c : 0.695798 [31mce_loss_g : 0.710773 [31mkl_synergy_rand_1 : 0.000147 [31mkl_synergy_rand_2 : 0.000165 [31mkl_synergy_1 : 0.000084 [31mkl_synergy_2 : 0.000166 [31mtotal : 0.714929 [31mdiag_kl_1 : 0.144430 [31mdiag_kl_2 : 0.033970 [94mAcc_combined: 62.23 [94mAcc_c: 50.29 [94mAcc_g: 62.23 [92mF1_combined: 60.01 [92mF1_c: 5.69 [92mF1_g: 60.93 [95mCEU_cue_audio: 0.2859 [95mCEU_cue_video: 0.8424 [95mCEU_synergy: 0.1839 [95mCEU_coexistence: 0.8761 [97mS:[93m18.4%[97m([91m3.3c[97m-[94mF1:18.3%) [97mU1:[93m28.6%[97m([91m5.4c[97m) [97mU2:[93m84.2%[97m([91m26.9c[97m) [97mR:[93m87.6%[97m([91m27.4c[97m) [97mS-L: [92m0:[96m28% [92m1:[96m14%[39m [39m
2026-07-25 16:03:55,603 - Agent - INFO - [37mVal Epoch 23 step 23 with [31mce_loss_combined : 0.779967 [31mce_loss_c : 0.696920 [31mce_loss_g : 0.774756 [31mkl_synergy_rand_1 : 0.000213 [31mkl_synergy_rand_2 : 0.000253 [31mkl_synergy_1 : 0.000130 [31mkl_synergy_2 : 0.000255 [31mtotal : 0.780818 [31mdiag_kl_1 : 0.208393 [31mdiag_kl_2 : 0.076401 [94mAcc_combined: 60.11 [94mAcc_c: 50.48 [94mAcc_g: 60.78 [92mF1_combined: 59.38 [92mF1_c: 11.88 [92mF1_g: 59.91 [95mCEU_cue_audio: 0.1836 [95mCEU_cue_video: 0.8424 [95mCEU_synergy: 0.1621 [95mCEU_coexistence: 0.8576 [97mS:[93m16.2%[97m([91m2.9c[97m-[94mF1:14.3%) [97mU1:[93m18.4%[97m([91m3.5c[97m) [97mU2:[93m84.2%[97m([91m26.9c[97m) [97mR:[93m85.8%[97m([91m26.8c[97m) [97mS-L: [92m0:[96m2% [92m1:[96m22%[39m [39m
2026-07-25 16:04:22,468 - Agent - INFO - [37mVal Epoch 24 step 24 with [31mce_loss_combined : 0.748124 [31mce_loss_c : 0.696355 [31mce_loss_g : 0.751443 [31mkl_synergy_rand_1 : 0.000187 [31mkl_synergy_rand_2 : 0.000214 [31mkl_synergy_1 : 0.000112 [31mkl_synergy_2 : 0.000213 [31mtotal : 0.748850 [31mdiag_kl_1 : 0.182701 [31mdiag_kl_2 : 0.052245 [94mAcc_combined: 61.56 [94mAcc_c: 50.29 [94mAcc_g: 61.75 [92mF1_combined: 60.62 [92mF1_c: 5.69 [92mF1_g: 60.78 [95mCEU_cue_audio: 0.2449 [95mCEU_cue_video: 0.8273 [95mCEU_synergy: 0.1515 [95mCEU_coexistence: 0.8886 [97mS:[93m15.1%[97m([91m2.7c[97m-[94mF1:14.1%) [97mU1:[93m24.5%[97m([91m4.6c[97m) [97mU2:[93m82.7%[97m([91m26.4c[97m) [97mR:[93m88.9%[97m([91m27.8c[97m) [97mS-L: [92m0:[96m8% [92m1:[96m18%[39m [39m
2026-07-25 16:04:49,600 - Agent - INFO - [37mVal Epoch 25 step 25 with [31mce_loss_combined : 0.757852 [31mce_loss_c : 0.697624 [31mce_loss_g : 0.762770 [31mkl_synergy_rand_1 : 0.000208 [31mkl_synergy_rand_2 : 0.000232 [31mkl_synergy_1 : 0.000122 [31mkl_synergy_2 : 0.000232 [31mtotal : 0.758646 [31mdiag_kl_1 : 0.207235 [31mdiag_kl_2 : 0.067669 [94mAcc_combined: 61.41 [94mAcc_c: 50.73 [94mAcc_g: 61.94 [92mF1_combined: 60.18 [92mF1_c: 17.62 [92mF1_g: 60.90 [95mCEU_cue_audio: 0.2500 [95mCEU_cue_video: 0.8424 [95mCEU_synergy: 0.1677 [95mCEU_coexistence: 0.8668 [97mS:[93m16.8%[97m([91m3.0c[97m-[94mF1:15.9%) [97mU1:[93m25.0%[97m([91m4.7c[97m) [97mU2:[93m84.2%[97m([91m26.9c[97m) [97mR:[93m86.7%[97m([91m27.1c[97m) [97mS-L: [92m0:[96m11% [92m1:[96m19%[39m [39m
2026-07-25 16:05:16,908 - Agent - INFO - [37mVal Epoch 26 step 26 with [31mce_loss_combined : 0.776600 [31mce_loss_c : 0.699579 [31mce_loss_g : 0.770959 [31mkl_synergy_rand_1 : 0.000203 [31mkl_synergy_rand_2 : 0.000250 [31mkl_synergy_1 : 0.000140 [31mkl_synergy_2 : 0.000253 [31mtotal : 0.777447 [31mdiag_kl_1 : 0.198404 [31mdiag_kl_2 : 0.073954 [94mAcc_combined: 61.12 [94mAcc_c: 50.53 [94mAcc_g: 61.70 [92mF1_combined: 60.36 [92mF1_c: 18.23 [92mF1_g: 60.83 [95mCEU_cue_audio: 0.3112 [95mCEU_cue_video: 0.7697 [95mCEU_synergy: 0.1297 [95mCEU_coexistence: 0.9040 [97mS:[93m13.0%[97m([91m2.3c[97m-[94mF1:12.3%) [97mU1:[93m31.1%[97m([91m5.9c[97m) [97mU2:[93m77.0%[97m([91m24.6c[97m) [97mR:[93m90.4%[97m([91m28.2c[97m) [97mS-L: [92m0:[96m8% [92m1:[96m15%[39m [39m
2026-07-25 16:05:32,816 - Agent - INFO - [37mModel saved successfully at: ./artifacts/models/multibench/ur_funny/vt/SynIB_RMask_REFABL_urfunny_fold0_l0.001_perturbrandom_fillema_pmin0.7_refuniform_lr0.001_wd0.001.pth.tar[39m
2026-07-25 16:05:44,373 - Agent - INFO - [37mVal Epoch 27 step 27 with [31mce_loss_combined : 0.787475 [31mce_loss_c : 0.697163 [31mce_loss_g : 0.781677 [31mkl_synergy_rand_1 : 0.000226 [31mkl_synergy_rand_2 : 0.000269 [31mkl_synergy_1 : 0.000151 [31mkl_synergy_2 : 0.000270 [31mtotal : 0.788391 [31mdiag_kl_1 : 0.215674 [31mdiag_kl_2 : 0.080651 [94mAcc_combined: 62.04 [94mAcc_c: 50.29 [94mAcc_g: 63.01 [92mF1_combined: 61.08 [92mF1_c: 5.69 [92mF1_g: 62.30 [95mCEU_cue_audio: 0.3724 [95mCEU_cue_video: 0.7515 [95mCEU_synergy: 0.1403 [95mCEU_coexistence: 0.9072 [97mS:[93m14.1%[97m([91m2.5c[97m-[94mF1:14.0%) [97mU1:[93m37.2%[97m([91m7.1c[97m) [97mU2:[93m75.2%[97m([91m24.0c[97m) [97mR:[93m90.7%[97m([91m28.3c[97m) [97mS-L: [92m0:[96m26% [92m1:[96m9%[39m [39m
2026-07-25 16:06:11,304 - Agent - INFO - [37mVal Epoch 28 step 28 with [31mce_loss_combined : 0.780378 [31mce_loss_c : 0.698730 [31mce_loss_g : 0.776792 [31mkl_synergy_rand_1 : 0.000211 [31mkl_synergy_rand_2 : 0.000243 [31mkl_synergy_1 : 0.000131 [31mkl_synergy_2 : 0.000246 [31mtotal : 0.781208 [31mdiag_kl_1 : 0.204171 [31mdiag_kl_2 : 0.078161 [94mAcc_combined: 60.78 [94mAcc_c: 50.44 [94mAcc_g: 61.46 [92mF1_combined: 59.95 [92mF1_c: 18.46 [92mF1_g: 60.53 [95mCEU_cue_audio: 0.2959 [95mCEU_cue_video: 0.7819 [95mCEU_synergy: 0.1515 [95mCEU_coexistence: 0.8886 [97mS:[93m15.1%[97m([91m2.7c[97m-[94mF1:14.5%) [97mU1:[93m29.6%[97m([91m5.6c[97m) [97mU2:[93m78.2%[97m([91m25.0c[97m) [97mR:[93m88.9%[97m([91m27.8c[97m) [97mS-L: [92m0:[96m11% [92m1:[96m17%[39m [39m
2026-07-25 16:06:38,367 - Agent - INFO - [37mVal Epoch 29 step 29 with [31mce_loss_combined : 0.791937 [31mce_loss_c : 0.699127 [31mce_loss_g : 0.784404 [31mkl_synergy_rand_1 : 0.000231 [31mkl_synergy_rand_2 : 0.000265 [31mkl_synergy_1 : 0.000142 [31mkl_synergy_2 : 0.000263 [31mtotal : 0.792837 [31mdiag_kl_1 : 0.224863 [31mdiag_kl_2 : 0.087340 [94mAcc_combined: 61.12 [94mAcc_c: 50.29 [94mAcc_g: 61.65 [92mF1_combined: 60.12 [92mF1_c: 18.67 [92mF1_g: 60.49 [95mCEU_cue_audio: 0.3367 [95mCEU_cue_video: 0.7788 [95mCEU_synergy: 0.1403 [95mCEU_coexistence: 0.8918 [97mS:[93m14.1%[97m([91m2.5c[97m-[94mF1:13.2%) [97mU1:[93m33.7%[97m([91m6.4c[97m) [97mU2:[93m77.9%[97m([91m24.9c[97m) [97mR:[93m89.2%[97m([91m27.9c[97m) [97mS-L: [92m0:[96m8% [92m1:[96m17%[39m [39m
2026-07-25 16:07:05,564 - Agent - INFO - [37mVal Epoch 30 step 30 with [31mce_loss_combined : 0.802082 [31mce_loss_c : 0.698418 [31mce_loss_g : 0.789530 [31mkl_synergy_rand_1 : 0.000236 [31mkl_synergy_rand_2 : 0.000277 [31mkl_synergy_1 : 0.000160 [31mkl_synergy_2 : 0.000273 [31mtotal : 0.803028 [31mdiag_kl_1 : 0.221358 [31mdiag_kl_2 : 0.093038 [94mAcc_combined: 60.78 [94mAcc_c: 50.44 [94mAcc_g: 61.70 [92mF1_combined: 59.39 [92mF1_c: 12.77 [92mF1_g: 60.91 [95mCEU_cue_audio: 0.3571 [95mCEU_cue_video: 0.7364 [95mCEU_synergy: 0.1353 [95mCEU_coexistence: 0.8918 [97mS:[93m13.5%[97m([91m2.4c[97m-[94mF1:13.3%) [97mU1:[93m35.7%[97m([91m6.8c[97m) [97mU2:[93m73.6%[97m([91m23.5c[97m) [97mR:[93m89.2%[97m([91m27.9c[97m) [97mS-L: [92m0:[96m15% [92m1:[96m13%[39m [39m
2026-07-25 16:07:32,883 - Agent - INFO - [37mVal Epoch 31 step 31 with [31mce_loss_combined : 0.814372 [31mce_loss_c : 0.698266 [31mce_loss_g : 0.800818 [31mkl_synergy_rand_1 : 0.000250 [31mkl_synergy_rand_2 : 0.000294 [31mkl_synergy_1 : 0.000161 [31mkl_synergy_2 : 0.000301 [31mtotal : 0.815378 [31mdiag_kl_1 : 0.241571 [31mdiag_kl_2 : 0.103756 [94mAcc_combined: 61.12 [94mAcc_c: 50.48 [94mAcc_g: 61.61 [92mF1_combined: 59.88 [92mF1_c: 12.33 [92mF1_g: 60.89 [95mCEU_cue_audio: 0.3418 [95mCEU_cue_video: 0.7455 [95mCEU_synergy: 0.1353 [95mCEU_coexistence: 0.8761 [97mS:[93m13.5%[97m([91m2.4c[97m-[94mF1:13.5%) [97mU1:[93m34.2%[97m([91m6.5c[97m) [97mU2:[93m74.5%[97m([91m23.8c[97m) [97mR:[93m87.6%[97m([91m27.4c[97m) [97mS-L: [92m0:[96m19% [92m1:[96m11%[39m [39m
2026-07-25 16:08:00,105 - Agent - INFO - [37mVal Epoch 32 step 32 with [31mce_loss_combined : 0.814801 [31mce_loss_c : 0.698247 [31mce_loss_g : 0.801360 [31mkl_synergy_rand_1 : 0.000253 [31mkl_synergy_rand_2 : 0.000295 [31mkl_synergy_1 : 0.000158 [31mkl_synergy_2 : 0.000295 [31mtotal : 0.815802 [31mdiag_kl_1 : 0.244580 [31mdiag_kl_2 : 0.102428 [94mAcc_combined: 61.17 [94mAcc_c: 50.58 [94mAcc_g: 61.61 [92mF1_combined: 60.03 [92mF1_c: 12.65 [92mF1_g: 60.77 [95mCEU_cue_audio: 0.3418 [95mCEU_cue_video: 0.7424 [95mCEU_synergy: 0.1353 [95mCEU_coexistence: 0.8854 [97mS:[93m13.5%[97m([91m2.4c[97m-[94mF1:13.5%) [97mU1:[93m34.2%[97m([91m6.5c[97m) [97mU2:[93m74.2%[97m([91m23.7c[97m) [97mR:[93m88.5%[97m([91m27.7c[97m) [97mS-L: [92m0:[96m19% [92m1:[96m11%[39m [39m
2026-07-25 16:08:00,788 - Agent - INFO - We are in the final state.
2026-07-25 16:08:00,867 - root - INFO - Loaded best model from best_model_accuracy_state_dict
2026-07-25 16:08:03,673 - Agent - INFO - [37mVal Epoch 32 step 0 with [31mce_loss_combined : 0.670145 [31mce_loss_c : 0.695073 [31mce_loss_g : 0.672366 [31mkl_synergy_rand_1 : 0.000092 [31mkl_synergy_rand_2 : 0.000106 [31mkl_synergy_1 : 0.000059 [31mkl_synergy_2 : 0.000106 [31mtotal : 0.670510 [31mdiag_kl_1 : 0.094961 [31mdiag_kl_2 : 0.013938 [94mAcc_combined: 63.10 [94mAcc_c: 50.29 [94mAcc_g: 61.41 [92mF1_combined: 59.82 [92mF1_c: 5.69 [92mF1_g: 60.06 [95mCEU_cue_audio: 0.1325 [95mCEU_cue_video: 0.8728 [95mCEU_synergy: 0.0866 [95mCEU_coexistence: 0.9382 [97mS:[93m8.6%[97m([91m1.5c[97m-[94mF1:8.4%) [97mU1:[93m13.3%[97m([91m2.5c[97m) [97mU2:[93m87.3%[97m([91m27.9c[97m) [97mR:[93m93.8%[97m([91m29.3c[97m) [97mS-L: [92m0:[96m6% [92m1:[96m10%[39m [39m
2026-07-25 16:08:06,523 - Agent - INFO - [37mTest Epoch 32 step 0 with [31mce_loss_combined : 0.642129 [31mce_loss_c : 0.685330 [31mce_loss_g : 0.645839 [31mkl_synergy_rand_1 : 0.000097 [31mkl_synergy_rand_2 : 0.000112 [31mkl_synergy_1 : 0.000057 [31mkl_synergy_2 : 0.000116 [31mtotal : 0.642512 [31mdiag_kl_1 : 0.096928 [31mdiag_kl_2 : 0.015353 [94mAcc_combined: 62.48 [94mAcc_c: 50.99 [94mAcc_g: 61.77 [92mF1_combined: 59.37 [92mF1_c: 7.16 [92mF1_g: 60.67 [95mCEU_cue_audio: 0.1472 [95mCEU_cue_video: 0.8987 [95mCEU_synergy: 0.0772 [95mCEU_coexistence: 0.9662 [97mS:[93m7.7%[97m([91m1.3c[97m-[94mF1:7.7%) [97mU1:[93m14.7%[97m([91m3.0c[97m) [97mU2:[93m89.9%[97m([91m26.0c[97m) [97mR:[93m96.6%[97m([91m32.3c[97m) [97mS-L: [92m0:[96m9% [92m1:[96m7%[39m [39m
2026-07-25 16:08:06,789 - Agent - INFO - [37mModel saved successfully at: ./artifacts/models/multibench/ur_funny/vt/SynIB_RMask_REFABL_urfunny_fold0_l0.001_perturbrandom_fillema_pmin0.7_refuniform_lr0.001_wd0.001.pth.tar[39m
Job finished
