Starting SynIB reference-ablation job
Python 3.12.12
/esat/smcdata/users/kkontras/Image_Dataset/no_backup/git/SynIB  (git a2fb4fd)
GPU 0: NVIDIA GeForce RTX 3060 (UUID: GPU-fd9ec5df-3910-8a45-7600-335143d149cf)
Executing: PYTHONPATH=src /esat/smcdata/users/kkontras/Image_Dataset/no_backup/envs/synergy/bin/python -m synib.entrypoints.train --config run/configs/rebuttal_ref_ablation/cremad_synib_u.json --default_config run/configs/rebuttal_ref_ablation/cremad_default.json --fold 0 --ironic_rate 0.5 --rmask random --l 1.0 --perturb_pmin 0.20 --perturb_fill ema --reference_type uniform --ref_diag --start_over --tag REFABL_cremad
Namespace(config='run/configs/rebuttal_ref_ablation/cremad_synib_u.json', default_config='run/configs/rebuttal_ref_ablation/cremad_default.json', fold='0', alpha=None, tanh_mode_beta=None, regby=None, batch_size=None, l='1.0', multil=None, lib=None, kmepoch=None, num_samples=None, contrcoeff=None, contr_type=None, shuffle_type=None, validate_with=None, num_classes=None, optim_method=None, ending_epoch=None, load_ongoing=None, recon_weight1=None, recon_weight2=None, recon_epochstages=None, recon_ensemblestages=None, lr=None, wd=None, cls=None, ironic_rate='0.5', perturb='random', perturb_fill='ema', perturb_pmax=None, perturb_pmin='0.20', perturb_lsparse=None, rmask='random', pmin=None, pmax=None, lsparse=None, debug_mask_stats=False, pre=False, frozen=False, tdqm_disable=False, start_over=True, no_model_save=False, num_layers=None, grad_accum=None, init_from=None, init_strict=False, perturb_lsparse_sign=None, l_anneal_epochs=None, perturb_steps=None, perturb_lsparse_warmup=None, perturb_lsparse_schedule=None, persist_ell=False, save_masks=False, penalty_swap=False, disable_ce_random=False, disable_kl_learned=False, masking_only=False, modality_dropout=None, modality_dropout_target=None, l_z1_masked=None, l_z2_masked=None, l_pareto=None, reference_type='uniform', ref_diag=True, ref_ema_decay=None, tag='REFABL_cremad')
2026-07-25 17:00:21,008 - Config - INFO - run/configs/rebuttal_ref_ablation/cremad_synib_u.json
2026-07-25 17:00:21,024 - Config - INFO -  THE Configuration of your experiment ..
{'agent': 'Agent',
 'dataset': {'data_roots': './data/CremaD/CREMA-D',
             'data_split': {'fold': 0, 'method': 'non_inclusive'},
             'dataloader_class': 'IronyCremadDataloader',
             'fps': 1,
             'ironic_label_name': 'SARCASM',
             'ironic_modes': ['train', 'val', 'test'],
             'ironic_rate': 1.0,
             'norm': False,
             'norm_face_path': './src/synib/mydatasets/Irony_Cremad/assets/norms/norm_face_path_fold{}.pkl',
             'norm_wav_path': './src/synib/mydatasets/Irony_Cremad/assets/norms/wav_norm_22050_fold{}.pkl',
             'num_frame': 3,
             'return_data': {'audio': False,
                             'face': False,
                             'spectrogram': True,
                             'video': True},
             'sampling_rate': 22050},
 'early_stopping': {'end_of_epoch_check': True,
                    'log_interval': 10,
                    'max_epoch': 1500,
                    'n_steps_stop': 30,
                    'n_steps_stop_after': 0,
                    'save_every_step': 3000,
                    'save_every_valstep': 10,
                    'validate_after': 0,
                    'validate_every': 25,
                    'validate_with': 'accuracy'},
 'exp_name': 'CREMAD Experiment',
 'model': {'args': {'bias_infusion': {'contrcoeff': 0.0, 'l': 1.0},
                    'cls_type': 'mlp',
                    'd_model': 512,
                    'dropout': 0.1,
                    'fc_inner': 64,
                    'in_dim': 64,
                    'multi_loss': {'multi_supervised_w': {'c': 1,
                                                          'combined': 1,
                                                          'g': 1}},
                    'norm_decision': False,
                    'num_classes': 7,
                    'synergy_type': 'unimodal_anchor'},
           'ceu': {'test': './artifacts/ceus/cremad/cremadplus_ceu_test_res_{}.pkl',
                   'val': './artifacts/ceus/cremad/cremadplus_ceu_val_res_{}.pkl'},
           'encoders': [{'args': {'d_model': 512,
                                  'dropout': 0.1,
                                  'fc_inner': 64,
                                  'freeze_encoder': False,
                                  'num_classes': 7},
                         'model': 'Audio_ResNet',
                         'name': 'enc_0_modality1_encoder',
                         'pretrainedEncoder': {'dir': 'unimodal_audio_fold{}_ir1.0_lr0.001_wd0.0001_clsmlp_bs64.pth.tar',
                                               'use': True},
                         'save_encoder': False},
                        {'args': {'d_model': 512,
                                  'dropout': 0.1,
                                  'fc_inner': 64,
                                  'freeze_encoder': False,
                                  'num_classes': 7},
                         'model': 'Video_ResNet',
                         'name': 'enc_1_modality2_encoder',
                         'pretrainedEncoder': {'dir': 'unimodal_video_fold{}_ir1.0_lr0.0001_wd0.0001_clsmlp_bs64.pth.tar',
                                               'use': True},
                         'save_encoder': False},
                        {'args': {'d_model': 512,
                                  'dropout': 0.1,
                                  'fc_inner': 64,
                                  'freeze_encoder': False},
                         'model': 'FusionTrunkLinear',
                         'name': 'enc_2_fusion_trunk',
                         'pretrainedEncoder': {'dir': 'enc_2_fusion_trunk_fold{}.pth.tar',
                                               'use': False},
                         'save_encoder': False},
                        {'args': {'freeze_encoder': False,
                                  'in_dim': 64,
                                  'num_classes': 7},
                         'model': 'LinearHead',
                         'name': 'enc_3_fusion_head',
                         'pretrainedEncoder': {'dir': 'enc_3_fusion_head_fold{}.pth.tar',
                                               'use': False},
                         'save_encoder': False},
                        {'args': {'dropout': 0.1,
                                  'freeze_encoder': False,
                                  'hidden_dim': 64,
                                  'in_dim': 512,
                                  'num_classes': 7},
                         'model': 'MLPHead',
                         'name': 'enc_4_unimodal_head_1',
                         'pretrainedEncoder': {'dir': 'enc_4_unimodal1_fold{}.pth.tar',
                                               'use': False},
                         'save_encoder': False},
                        {'args': {'dropout': 0.1,
                                  'freeze_encoder': False,
                                  'hidden_dim': 64,
                                  'in_dim': 512,
                                  'num_classes': 7},
                         'model': 'MLPHead',
                         'name': 'enc_5_unimodal_head_2',
                         'pretrainedEncoder': {'dir': 'enc_5_unimodal2_fold{}.pth.tar',
                                               'use': False},
                         'save_encoder': False}],
           'load_ongoing': False,
           'model_class': 'FusionIBModel_Mask_U',
           'save_base_dir': './data/data/2025_data/synergy/CremadPlus/v2',
           'save_dir': 'SynIB_RMask_U_{}.pth.tar'},
 'optimizer': {'beta1': 0.9,
               'beta2': 0.999,
               'learning_rate': 1e-05,
               'momentum': 0.9,
               'type': 'Adam',
               'weight_decay': 1e-05},
 'scheduler': {'max_lr': 0.03, 'type': 'cosanneal', 'warm_up_steps': 780},
 'training_params': {'async_loading': True,
                     'batch_size': 128,
                     'cuda': True,
                     'data_loader_workers': 8,
                     'gpu_device': [0],
                     'pin_memory': False,
                     'rec_test': True,
                     'res': True,
                     'seed': 109,
                     'tdqm_disable': False,
                     'test_batch_size': 128,
                     'test_on_bottoms': True,
                     'use_test_set': True,
                     'validation': True,
                     'verbose': True,
                     'wandb_disable': False}}
2026-07-25 17:00:21,026 - Config - INFO -  *************************************** 
2026-07-25 17:00:21,026 - Config - INFO - The experiment name is CREMAD Experiment
2026-07-25 17:00:21,026 - Config - INFO -  *************************************** 
2026-07-25 17:00:21,027 - root - INFO - save_dir: SynIB_RMask_U_REFABL_cremad_fold0_l1.0_ir0.5_perturbrandom_fillema_pmin0.20_refuniform.pth.tar
2026-07-25 17:00:21,103 - Cuda Statistics - INFO - __Python VERSION:  3.12.12 | packaged by Anaconda, Inc. | (main, Oct 21 2025, 20:16:04) [GCC 11.2.0]
2026-07-25 17:00:21,103 - Cuda Statistics - INFO - __pyTorch VERSION:  2.7.1+cu118
2026-07-25 17:00:21,103 - Cuda Statistics - INFO - __CUDA VERSION
2026-07-25 17:00:21,125 - Cuda Statistics - INFO - __CUDNN VERSION:  90100
2026-07-25 17:00:21,141 - Cuda Statistics - INFO - __Number CUDA Devices:  1
2026-07-25 17:00:21,141 - Cuda Statistics - INFO - __Devices
2026-07-25 17:00:21,141 - Cuda Statistics - INFO - index, name, driver_version, memory.total [MiB], memory.used [MiB], memory.free [MiB]
2026-07-25 17:00:21,141 - Cuda Statistics - INFO - 0, NVIDIA GeForce RTX 3060, 580.159.04, 12288 MiB, 12 MiB, 11899 MiB
2026-07-25 17:00:21,147 - Cuda Statistics - INFO - Active CUDA Device: GPU 0
2026-07-25 17:00:21,147 - Cuda Statistics - INFO - Available devices  1
2026-07-25 17:00:21,147 - Cuda Statistics - INFO - Current cuda device  0
2026-07-25 17:00:22,588 - IronyCremadDataset - INFO - Loaded wav norm from ./src/synib/mydatasets/Irony_Cremad/assets/norms/wav_norm_22050_fold0.pkl
2026-07-25 17:00:22,960 - IronyCremadDataset - INFO - Loaded wav norm from ./src/synib/mydatasets/Irony_Cremad/assets/norms/wav_norm_22050_fold0.pkl
2026-07-25 17:00:23,289 - IronyCremadDataset - INFO - Loaded wav norm from ./src/synib/mydatasets/Irony_Cremad/assets/norms/wav_norm_22050_fold0.pkl
2026-07-25 17:00:23,294 - Agent - INFO - Device: cuda:0
2026-07-25 17:00:23,294 - Agent - INFO - Total training batches: 32, validate every 25 batches, steps per epoch: 2
2026-07-25 17:00:23,404 - Agent - INFO - Loss Weights are {'total': 1, 'combined': 1, 'c': 1, 'g': 1}
2026-07-25 17:00:23,404 - root - INFO - There is no CEU for train
2026-07-25 17:00:23,406 - root - INFO - There is no CEU for val
2026-07-25 17:00:23,406 - root - INFO - There is no CEU for test
{'d_model': 512, 'num_classes': 7, 'fc_inner': 64, 'dropout': 0.1, 'freeze_encoder': False}
2026-07-25 17:00:23,649 - root - INFO - Loading enc best model state dict from ./data/data/2025_data/synergy/CremadPlus/v2/unimodal_audio_fold0_ir0.5_lr0.001_wd0.0001_clsmlp_bs64.pth.tar
2026-07-25 17:00:23,888 - root - INFO - Loading enc best model state dict from ./data/data/2025_data/synergy/CremadPlus/v2/unimodal_video_fold0_ir0.5_lr0.0001_wd0.0001_clsmlp_bs64.pth.tar
2026-07-25 17:00:24,101 - Agent - INFO - Total number of trainable parameters are: 44840497
2026-07-25 17:00:24,106 - Agent - INFO - Total number of trainable parameters are: 22486563
2026-07-25 17:02:35,900 - Evaluator - INFO - New best with loss-accuracy-
2026-07-25 17:02:35,901 - Agent - INFO - [37mVal Epoch 1 step 1 with [31mce_loss_combined : 1.791705 [31mce_loss_c : 1.972377 [31mce_loss_g : 2.692815 [31mkl_synergy_rand_1 : 0.020950 [31mkl_synergy_rand_2 : 0.022700 [31mkl_synergy_1 : 0.021121 [31mkl_synergy_2 : 0.024005 [31mtotal : 1.880482 [31mdiag_kl_1 : 1.353312 [31mdiag_kl_2 : 1.205243 [94mAcc_combined: 45.44 [94mAcc_c: 56.72 [94mAcc_g: 44.87 [92mF1_combined: 37.70 [92mF1_c: 52.66 [92mF1_g: 37.59 [39m
2026-07-25 17:02:35,919 - Agent - INFO - [37mTest Epoch 1 step 1 with [31mce_loss_combined : 1.820461 [31mce_loss_c : 2.558081 [31mce_loss_g : 2.671555 [31mkl_synergy_rand_1 : 0.019992 [31mkl_synergy_rand_2 : 0.020842 [31mkl_synergy_1 : 0.019850 [31mkl_synergy_2 : 0.021675 [31mtotal : 1.902820 [31mdiag_kl_1 : 1.368902 [31mdiag_kl_2 : 1.157320 [94mAcc_combined: 47.72 [94mAcc_c: 48.39 [94mAcc_g: 48.61 [92mF1_combined: 38.84 [92mF1_c: 43.85 [92mF1_g: 39.22 [39m
2026-07-25 17:02:39,423 - Agent - INFO - [37mModel saved successfully at: ./data/data/2025_data/synergy/CremadPlus/v2/SynIB_RMask_U_REFABL_cremad_fold0_l1.0_ir0.5_perturbrandom_fillema_pmin0.20_refuniform.pth.tar[39m
2026-07-25 17:04:38,696 - Evaluator - INFO - New best with loss-accuracy-
2026-07-25 17:04:38,696 - Agent - INFO - [37mVal Epoch 2 step 2 with [31mce_loss_combined : 1.644361 [31mce_loss_c : 1.982476 [31mce_loss_g : 2.465621 [31mkl_synergy_rand_1 : 0.035861 [31mkl_synergy_rand_2 : 0.038713 [31mkl_synergy_1 : 0.035396 [31mkl_synergy_2 : 0.042647 [31mtotal : 1.796978 [31mdiag_kl_1 : 1.229698 [31mdiag_kl_2 : 1.089807 [94mAcc_combined: 59.45 [94mAcc_c: 56.15 [94mAcc_g: 44.65 [92mF1_combined: 50.26 [92mF1_c: 52.54 [92mF1_g: 37.47 [39m
2026-07-25 17:04:38,712 - Agent - INFO - [37mTest Epoch 2 step 2 with [31mce_loss_combined : 1.687274 [31mce_loss_c : 2.569083 [31mce_loss_g : 2.454087 [31mkl_synergy_rand_1 : 0.034248 [31mkl_synergy_rand_2 : 0.037945 [31mkl_synergy_1 : 0.035191 [31mkl_synergy_2 : 0.039430 [31mtotal : 1.834088 [31mdiag_kl_1 : 1.234581 [31mdiag_kl_2 : 1.026891 [94mAcc_combined: 57.06 [94mAcc_c: 48.94 [94mAcc_g: 48.61 [92mF1_combined: 47.61 [92mF1_c: 44.81 [92mF1_g: 39.84 [39m
2026-07-25 17:04:44,103 - Agent - INFO - [37mModel saved successfully at: ./data/data/2025_data/synergy/CremadPlus/v2/SynIB_RMask_U_REFABL_cremad_fold0_l1.0_ir0.5_perturbrandom_fillema_pmin0.20_refuniform.pth.tar[39m
2026-07-25 17:06:43,831 - Evaluator - INFO - New best with loss-accuracy-
2026-07-25 17:06:43,832 - Agent - INFO - [37mVal Epoch 3 step 3 with [31mce_loss_combined : 1.555015 [31mce_loss_c : 1.958811 [31mce_loss_g : 2.386730 [31mkl_synergy_rand_1 : 0.047717 [31mkl_synergy_rand_2 : 0.051350 [31mkl_synergy_1 : 0.049113 [31mkl_synergy_2 : 0.055333 [31mtotal : 1.758528 [31mdiag_kl_1 : 1.155327 [31mdiag_kl_2 : 1.027923 [94mAcc_combined: 62.64 [94mAcc_c: 55.47 [94mAcc_g: 44.99 [92mF1_combined: 53.98 [92mF1_c: 51.95 [92mF1_g: 37.29 [39m
2026-07-25 17:06:43,847 - Agent - INFO - [37mTest Epoch 3 step 3 with [31mce_loss_combined : 1.619539 [31mce_loss_c : 2.544101 [31mce_loss_g : 2.469548 [31mkl_synergy_rand_1 : 0.048438 [31mkl_synergy_rand_2 : 0.052181 [31mkl_synergy_1 : 0.047276 [31mkl_synergy_2 : 0.055396 [31mtotal : 1.822829 [31mdiag_kl_1 : 1.154877 [31mdiag_kl_2 : 0.954759 [94mAcc_combined: 59.73 [94mAcc_c: 48.72 [94mAcc_g: 49.05 [92mF1_combined: 50.87 [92mF1_c: 44.56 [92mF1_g: 39.93 [39m
2026-07-25 17:06:49,503 - Agent - INFO - [37mModel saved successfully at: ./data/data/2025_data/synergy/CremadPlus/v2/SynIB_RMask_U_REFABL_cremad_fold0_l1.0_ir0.5_perturbrandom_fillema_pmin0.20_refuniform.pth.tar[39m
2026-07-25 17:08:48,750 - Evaluator - INFO - New best with loss-accuracy-
2026-07-25 17:08:48,751 - Agent - INFO - [37mVal Epoch 4 step 4 with [31mce_loss_combined : 1.518640 [31mce_loss_c : 1.960248 [31mce_loss_g : 2.378916 [31mkl_synergy_rand_1 : 0.053344 [31mkl_synergy_rand_2 : 0.057462 [31mkl_synergy_1 : 0.056067 [31mkl_synergy_2 : 0.063277 [31mtotal : 1.748791 [31mdiag_kl_1 : 1.128456 [31mdiag_kl_2 : 0.999966 [94mAcc_combined: 64.58 [94mAcc_c: 55.01 [94mAcc_g: 46.13 [92mF1_combined: 57.53 [92mF1_c: 51.33 [92mF1_g: 38.49 [39m
2026-07-25 17:08:48,766 - Agent - INFO - [37mTest Epoch 4 step 4 with [31mce_loss_combined : 1.588952 [31mce_loss_c : 2.568148 [31mce_loss_g : 2.445691 [31mkl_synergy_rand_1 : 0.053287 [31mkl_synergy_rand_2 : 0.060879 [31mkl_synergy_1 : 0.057966 [31mkl_synergy_2 : 0.063496 [31mtotal : 1.824580 [31mdiag_kl_1 : 1.130476 [31mdiag_kl_2 : 0.922730 [94mAcc_combined: 60.73 [94mAcc_c: 48.50 [94mAcc_g: 48.83 [92mF1_combined: 52.87 [92mF1_c: 44.51 [92mF1_g: 39.49 [39m
2026-07-25 17:08:54,251 - Agent - INFO - [37mModel saved successfully at: ./data/data/2025_data/synergy/CremadPlus/v2/SynIB_RMask_U_REFABL_cremad_fold0_l1.0_ir0.5_perturbrandom_fillema_pmin0.20_refuniform.pth.tar[39m
