Starting SynIB reference-ablation job
Python 3.10.19
/esat/smcdata/users/kkontras/Image_Dataset/no_backup/git/SynIB  (git a2fb4fd)
GPU 0: NVIDIA GeForce RTX 2080 Ti (UUID: GPU-e71ba9d1-9b71-990f-0874-ced77df5bd35)
Executing: PYTHONPATH=src /esat/smcdata/users/kkontras/Image_Dataset/no_backup/envs/synergy_new/bin/python -m synib.entrypoints.train --config run/configs/rebuttal_ref_ablation/mosi_synib_u.json --default_config run/configs/rebuttal_ref_ablation/mosi_default.json --fold 1 --rmask random --l 0.1 --perturb_pmin 0.3 --perturb_fill ema --lr 0.0005 --wd 0.001 --batch_size 32 --reference_type class_prior --ref_diag --start_over --tag REFABL_mosi
Namespace(config='run/configs/rebuttal_ref_ablation/mosi_synib_u.json', default_config='run/configs/rebuttal_ref_ablation/mosi_default.json', fold='1', alpha=None, tanh_mode_beta=None, regby=None, batch_size='32', l='0.1', multil=None, lib=None, kmepoch=None, num_samples=None, contrcoeff=None, contr_type=None, shuffle_type=None, validate_with=None, num_classes=None, optim_method=None, ending_epoch=None, load_ongoing=None, recon_weight1=None, recon_weight2=None, recon_epochstages=None, recon_ensemblestages=None, lr='0.0005', wd='0.001', cls=None, ironic_rate=None, perturb='random', perturb_fill='ema', perturb_pmax=None, perturb_pmin='0.3', perturb_lsparse=None, rmask='random', pmin=None, pmax=None, lsparse=None, debug_mask_stats=False, pre=False, frozen=False, tdqm_disable=False, start_over=True, no_model_save=False, num_layers=None, grad_accum=None, init_from=None, init_strict=False, perturb_lsparse_sign=None, l_anneal_epochs=None, perturb_steps=None, perturb_lsparse_warmup=None, perturb_lsparse_schedule=None, persist_ell=False, save_masks=False, penalty_swap=False, disable_ce_random=False, disable_kl_learned=False, masking_only=False, modality_dropout=None, modality_dropout_target=None, l_z1_masked=None, l_z2_masked=None, l_pareto=None, reference_type='class_prior', ref_diag=True, ref_ema_decay=None, tag='REFABL_mosi')
2026-07-25 16:47:50,102 - Config - INFO - run/configs/rebuttal_ref_ablation/mosi_synib_u.json
2026-07-25 16:47:50,108 - Config - INFO -  THE Configuration of your experiment ..
{'agent': 'Agent',
 'dataset': {'data_roots': './src/synib/mydatasets/Factor_CL_Datasets/prepared/mosi/mosi_data.pkl',
             'data_type': 'mosi',
             'dataloader_class': 'FactorCL_Dataloader',
             'kfold_data_roots': './src/synib/mydatasets/Factor_CL_Datasets/prepared/mosi/mosi_synergy3.pkl'},
 'early_stopping': {'end_of_epoch_check': True,
                    'log_interval': 10,
                    'max_epoch': 100,
                    'n_steps_stop': 30,
                    'n_steps_stop_after': 0,
                    'save_every_step': 3000,
                    'save_every_valstep': 50,
                    'validate_after': 0,
                    'validate_every': 185},
 'exp_name': 'Mosi Experiment',
 'model': {'args': {'bias_infusion': {'l': 0.1, 'method': False},
                    'clip_grad': False,
                    'cls_type': 'mlp',
                    'd_model': 40,
                    'dropout': 0.1,
                    'fc_inner': 64,
                    'hidden_dim': 64,
                    'in_dim': 64,
                    'multi_loss': {'multi_supervised_w': {'c': 1,
                                                          'combined': 1,
                                                          'g': 1}},
                    'norm_decision': False,
                    'num_classes': 2,
                    'synergy_type': 'unimodal_anchor'},
           'ceu': {'test': './artifacts/ceus/mosi/mosi_ceu_test.pkl',
                   'val': './artifacts/ceus/mosi/mosi_ceu_val.pkl'},
           'encoders': [{'args': {'freeze_encoder': False,
                                  'hidden_size': 40,
                                  'modality': 'c',
                                  'n_features': 20,
                                  'num_classes': 2},
                         'model': 'FactorCL_Uni',
                         'pretrainedEncoder': {'dir': 'unimodal_video_fold{}_vldaccuracy_lr0.0005_wd0.00001.pth.tar',
                                               'use': True}},
                        {'args': {'freeze_encoder': False,
                                  'hidden_size': 40,
                                  'modality': 'g',
                                  'n_features': 300,
                                  'num_classes': 2},
                         'model': 'FactorCL_Uni',
                         'pretrainedEncoder': {'dir': 'unimodal_text_fold{}_vldaccuracy_lr0.0005_wd0.0001.pth.tar',
                                               'use': True}},
                        {'args': {'d_model': 40,
                                  'dropout': 0.1,
                                  'fc_inner': 64,
                                  'freeze_encoder': False},
                         'model': 'FusionTrunkLinear',
                         'name': 'enc_2_fusion_trunk',
                         'pretrainedEncoder': {'dir': 'enc_2_fusion_trunk_fold{}.pth.tar',
                                               'use': False},
                         'save_encoder': False},
                        {'args': {'freeze_encoder': False,
                                  'in_dim': 64,
                                  'num_classes': 2},
                         'model': 'LinearHead',
                         'name': 'enc_3_fusion_head',
                         'pretrainedEncoder': {'dir': 'enc_3_fusion_head_fold{}.pth.tar',
                                               'use': False},
                         'save_encoder': False}],
           'load_ongoing': False,
           'model_class': 'FusionIBModel_Mask_U',
           'save_base_dir': './artifacts/models/multibench/mosi/vt',
           'save_dir': 'SynIB_RMask_U_fold{}.pth.tar'},
 'optimizer': {'beta1': 0.9,
               'beta2': 0.999,
               'learning_rate': 0.0001,
               'momentum': 0.9,
               'type': 'Adam',
               'weight_decay': 0.0001},
 'scheduler': {'max_lr': 0.03, 'type': 'cosanneal', 'warm_up_steps': 780},
 'task': 'classification',
 'training_params': {'adversarial_training': {'adv_epsilon': 0.01,
                                              'use': False},
                     'async_loading': True,
                     'batch_size': 32,
                     'cuda': True,
                     'data_loader_workers': 8,
                     'gpu_device': [0],
                     'pin_memory': True,
                     'rec_test': True,
                     'res': True,
                     'seed': 109,
                     'tdqm_disable': False,
                     'test_batch_size': 32,
                     'test_on_bottoms': False,
                     'use_test_set': True,
                     'validation': True,
                     'verbose': True,
                     'wandb_disable': True}}
2026-07-25 16:47:50,116 - Config - INFO -  *************************************** 
2026-07-25 16:47:50,116 - Config - INFO - The experiment name is Mosi Experiment
2026-07-25 16:47:50,116 - Config - INFO -  *************************************** 
2026-07-25 16:47:50,116 - root - INFO - save_dir: SynIB_RMask_U_foldREFABL_mosi_fold1_l0.1_perturbrandom_fillema_pmin0.3_refclass_prior_lr0.0005_wd0.001_bs32.pth.tar
2026-07-25 16:47:50,315 - Cuda Statistics - INFO - __Python VERSION:  3.10.19 (main, Oct 21 2025, 16:43:05) [GCC 11.2.0]
2026-07-25 16:47:50,315 - Cuda Statistics - INFO - __pyTorch VERSION:  2.9.1+cu128
2026-07-25 16:47:50,315 - Cuda Statistics - INFO - __CUDA VERSION
2026-07-25 16:47:50,391 - Cuda Statistics - INFO - __CUDNN VERSION:  91002
2026-07-25 16:47:50,449 - Cuda Statistics - INFO - __Number CUDA Devices:  1
2026-07-25 16:47:50,449 - Cuda Statistics - INFO - __Devices
2026-07-25 16:47:50,450 - Cuda Statistics - INFO - index, name, driver_version, memory.total [MiB], memory.used [MiB], memory.free [MiB]
2026-07-25 16:47:50,450 - Cuda Statistics - INFO - 0, NVIDIA GeForce RTX 2080 Ti, 610.43.03, 11264 MiB, 69 MiB, 10762 MiB
2026-07-25 16:47:50,476 - Cuda Statistics - INFO - Active CUDA Device: GPU 0
2026-07-25 16:47:50,476 - Cuda Statistics - INFO - Available devices  1
2026-07-25 16:47:50,476 - Cuda Statistics - INFO - Current cuda device  0
2026-07-25 16:47:51,873 - Agent - INFO - Device: cuda:0
2026-07-25 16:47:51,873 - Agent - INFO - Total training batches: 41, validate every 185 batches, steps per epoch: 1
2026-07-25 16:47:54,171 - Agent - INFO - class_prior counts=[605, 679] prior=[0.4712, 0.5288]
2026-07-25 16:47:54,172 - Agent - INFO - Loss Weights are {'total': 1, 'combined': 1, 'c': 1, 'g': 1}
2026-07-25 16:47:54,172 - root - INFO - There is no CEU for train
2026-07-25 16:47:54,650 - root - INFO - Loading enc best model state dict from ./artifacts/models/multibench/mosi/vt/unimodal_video_fold1_vldaccuracy_lr0.0005_wd0.00001.pth.tar
2026-07-25 16:47:55,006 - root - INFO - Loading enc best model state dict from ./artifacts/models/multibench/mosi/vt/unimodal_text_fold1_vldaccuracy_lr0.0005_wd0.0001.pth.tar
2026-07-25 16:47:55,447 - Agent - INFO - Total number of trainable parameters are: 3492782
2026-07-25 16:47:55,464 - Agent - INFO - Total number of trainable parameters are: 1753338
2026-07-25 16:48:10,462 - Evaluator - INFO - New best with loss-accuracy-syn_accuracy-
2026-07-25 16:48:10,463 - Agent - INFO - [37mVal Epoch 1 step 1 with [31mce_loss_combined : 0.481364 [31mce_loss_c : 0.782727 [31mce_loss_g : 0.471113 [31mkl_synergy_rand_1 : 0.019800 [31mkl_synergy_rand_2 : 0.026146 [31mkl_synergy_1 : 0.021231 [31mkl_synergy_2 : 0.025143 [31mtotal : 0.573684 [31mdiag_kl_1 : 0.190383 [31mdiag_kl_2 : 0.091224 [94mAcc_combined: 76.42 [94mAcc_c: 50.44 [94mAcc_g: 78.82 [92mF1_combined: 76.21 [92mF1_c: 63.45 [92mF1_g: 78.20 [95mCEU_cue_audio: 0.2377 [95mCEU_cue_video: 0.9066 [95mCEU_synergy: 0.0867 [95mCEU_coexistence: 0.9090 [97mS:[93m8.7%[97m([91m0.9c[97m-[94mF1:8.0%) [97mU1:[93m23.8%[97m([91m2.2c[97m) [97mU2:[93m90.7%[97m([91m29.7c[97m) [97mR:[93m90.9%[97m([91m43.7c[97m) [97mS-L: [92m0:[96m14%[39m [39m
2026-07-25 16:48:10,491 - Agent - INFO - [37mTest Epoch 1 step 1 with [31mce_loss_combined : 0.559251 [31mce_loss_c : 0.725859 [31mce_loss_g : 0.627227 [31mkl_synergy_rand_1 : 0.017503 [31mkl_synergy_rand_2 : 0.024528 [31mkl_synergy_1 : 0.019323 [31mkl_synergy_2 : 0.024604 [31mtotal : 0.645209 [31mdiag_kl_1 : 0.204733 [31mdiag_kl_2 : 0.095470 [94mAcc_combined: 73.62 [94mAcc_c: 51.68 [94mAcc_g: 73.91 [92mF1_combined: 73.46 [92mF1_c: 65.09 [92mF1_g: 73.20 [95mCEU_cue_audio: 0.1776 [95mCEU_cue_video: 0.8755 [95mCEU_synergy: 0.0986 [95mCEU_coexistence: 0.9554 [97mS:[93m9.9%[97m([91m1.0c[97m-[94mF1:9.7%) [97mU1:[93m17.8%[97m([91m2.3c[97m) [97mU2:[93m87.6%[97m([91m29.7c[97m) [97mR:[93m95.5%[97m([91m40.7c[97m) [97mS-L: [92m0:[96m5% [92m1:[96m15%[39m [39m
2026-07-25 16:48:10,869 - Agent - INFO - [37mModel saved successfully at: ./artifacts/models/multibench/mosi/vt/SynIB_RMask_U_foldREFABL_mosi_fold1_l0.1_perturbrandom_fillema_pmin0.3_refclass_prior_lr0.0005_wd0.001_bs32.pth.tar[39m
2026-07-25 16:48:19,180 - Evaluator - INFO - New best with accuracy-syn_accuracy-
2026-07-25 16:48:19,180 - Agent - INFO - [37mVal Epoch 2 step 2 with [31mce_loss_combined : 0.494489 [31mce_loss_c : 0.879677 [31mce_loss_g : 0.475344 [31mkl_synergy_rand_1 : 0.016362 [31mkl_synergy_rand_2 : 0.018846 [31mkl_synergy_1 : 0.016372 [31mkl_synergy_2 : 0.018730 [31mtotal : 0.564799 [31mdiag_kl_1 : 0.132981 [31mdiag_kl_2 : 0.159715 [94mAcc_combined: 76.64 [94mAcc_c: 54.59 [94mAcc_g: 77.51 [92mF1_combined: 75.06 [92mF1_c: 61.76 [92mF1_g: 77.16 [95mCEU_cue_audio: 0.6663 [95mCEU_cue_video: 0.5466 [95mCEU_synergy: 0.1741 [95mCEU_coexistence: 0.9727 [97mS:[93m17.4%[97m([91m1.7c[97m-[94mF1:17.4%) [97mU1:[93m66.7%[97m([91m6.1c[97m) [97mU2:[93m54.7%[97m([91m17.9c[97m) [97mR:[93m97.3%[97m([91m46.7c[97m) [97mS-L: [92m0:[96m14% [92m1:[96m22%[39m [39m
2026-07-25 16:48:19,202 - Agent - INFO - [37mTest Epoch 2 step 2 with [31mce_loss_combined : 0.608974 [31mce_loss_c : 0.965090 [31mce_loss_g : 0.582609 [31mkl_synergy_rand_1 : 0.013711 [31mkl_synergy_rand_2 : 0.015985 [31mkl_synergy_1 : 0.013831 [31mkl_synergy_2 : 0.017053 [31mtotal : 0.669554 [31mdiag_kl_1 : 0.184544 [31mdiag_kl_2 : 0.166463 [94mAcc_combined: 68.00 [94mAcc_c: 49.20 [94mAcc_g: 73.25 [92mF1_combined: 66.36 [92mF1_c: 59.69 [92mF1_g: 72.71 [95mCEU_cue_audio: 0.3887 [95mCEU_cue_video: 0.6094 [95mCEU_synergy: 0.1546 [95mCEU_coexistence: 0.8905 [97mS:[93m15.5%[97m([91m1.6c[97m-[94mF1:15.3%) [97mU1:[93m38.9%[97m([91m5.1c[97m) [97mU2:[93m60.9%[97m([91m20.7c[97m) [97mR:[93m89.0%[97m([91m37.9c[97m) [97mS-L: [92m0:[96m18% [92m1:[96m12%[39m [39m
2026-07-25 16:48:19,749 - Agent - INFO - [37mModel saved successfully at: ./artifacts/models/multibench/mosi/vt/SynIB_RMask_U_foldREFABL_mosi_fold1_l0.1_perturbrandom_fillema_pmin0.3_refclass_prior_lr0.0005_wd0.001_bs32.pth.tar[39m
2026-07-25 16:48:28,449 - Agent - INFO - [37mVal Epoch 3 step 3 with [31mce_loss_combined : 0.508844 [31mce_loss_c : 0.795543 [31mce_loss_g : 0.530312 [31mkl_synergy_rand_1 : 0.019508 [31mkl_synergy_rand_2 : 0.025688 [31mkl_synergy_1 : 0.021803 [31mkl_synergy_2 : 0.025439 [31mtotal : 0.601282 [31mdiag_kl_1 : 0.154779 [31mdiag_kl_2 : 0.146340 [94mAcc_combined: 73.36 [94mAcc_c: 50.66 [94mAcc_g: 78.82 [92mF1_combined: 72.40 [92mF1_c: 62.71 [92mF1_g: 78.77 [95mCEU_cue_audio: 0.3806 [95mCEU_cue_video: 0.8000 [95mCEU_synergy: 0.0867 [95mCEU_coexistence: 0.9363 [97mS:[93m8.7%[97m([91m0.9c[97m-[94mF1:8.0%) [97mU1:[93m38.1%[97m([91m3.5c[97m) [97mU2:[93m80.0%[97m([91m26.2c[97m) [97mR:[93m93.6%[97m([91m45.0c[97m) [97mS-L: [92m1:[96m22%[39m [39m
2026-07-25 16:48:36,828 - Evaluator - INFO - New best with loss-accuracy-
2026-07-25 16:48:36,828 - Agent - INFO - [37mVal Epoch 4 step 4 with [31mce_loss_combined : 0.475113 [31mce_loss_c : 0.797490 [31mce_loss_g : 0.451417 [31mkl_synergy_rand_1 : 0.017039 [31mkl_synergy_rand_2 : 0.021285 [31mkl_synergy_1 : 0.016767 [31mkl_synergy_2 : 0.020654 [31mtotal : 0.550857 [31mdiag_kl_1 : 0.150415 [31mdiag_kl_2 : 0.123334 [94mAcc_combined: 77.07 [94mAcc_c: 51.97 [94mAcc_g: 79.91 [92mF1_combined: 76.30 [92mF1_c: 63.58 [92mF1_g: 79.91 [95mCEU_cue_audio: 0.4286 [95mCEU_cue_video: 0.7200 [95mCEU_synergy: 0.0867 [95mCEU_coexistence: 0.9636 [97mS:[93m8.7%[97m([91m0.9c[97m-[94mF1:8.7%) [97mU1:[93m42.9%[97m([91m3.9c[97m) [97mU2:[93m72.0%[97m([91m23.6c[97m) [97mR:[93m96.4%[97m([91m46.3c[97m) [97mS-L: [92m0:[96m7% [92m1:[96m11%[39m [39m
2026-07-25 16:48:36,850 - Agent - INFO - [37mTest Epoch 4 step 4 with [31mce_loss_combined : 0.570291 [31mce_loss_c : 0.784159 [31mce_loss_g : 0.591602 [31mkl_synergy_rand_1 : 0.014762 [31mkl_synergy_rand_2 : 0.019423 [31mkl_synergy_1 : 0.015015 [31mkl_synergy_2 : 0.019846 [31mtotal : 0.639337 [31mdiag_kl_1 : 0.182061 [31mdiag_kl_2 : 0.132080 [94mAcc_combined: 70.55 [94mAcc_c: 51.90 [94mAcc_g: 74.27 [92mF1_combined: 69.99 [92mF1_c: 64.93 [92mF1_g: 74.25 [95mCEU_cue_audio: 0.2774 [95mCEU_cue_video: 0.7554 [95mCEU_synergy: 0.1411 [95mCEU_coexistence: 0.9314 [97mS:[93m14.1%[97m([91m1.5c[97m-[94mF1:13.5%) [97mU1:[93m27.8%[97m([91m3.6c[97m) [97mU2:[93m75.5%[97m([91m25.7c[97m) [97mR:[93m93.2%[97m([91m39.7c[97m) [97mS-L: [92m0:[96m5% [92m1:[96m24%[39m [39m
2026-07-25 16:48:37,393 - Agent - INFO - [37mModel saved successfully at: ./artifacts/models/multibench/mosi/vt/SynIB_RMask_U_foldREFABL_mosi_fold1_l0.1_perturbrandom_fillema_pmin0.3_refclass_prior_lr0.0005_wd0.001_bs32.pth.tar[39m
2026-07-25 16:48:46,057 - Agent - INFO - [37mVal Epoch 5 step 5 with [31mce_loss_combined : 0.503503 [31mce_loss_c : 0.840225 [31mce_loss_g : 0.501435 [31mkl_synergy_rand_1 : 0.019800 [31mkl_synergy_rand_2 : 0.024753 [31mkl_synergy_1 : 0.020457 [31mkl_synergy_2 : 0.024788 [31mtotal : 0.593300 [31mdiag_kl_1 : 0.127858 [31mdiag_kl_2 : 0.153448 [94mAcc_combined: 72.71 [94mAcc_c: 53.28 [94mAcc_g: 79.48 [92mF1_combined: 71.13 [92mF1_c: 62.19 [92mF1_g: 79.57 [95mCEU_cue_audio: 0.5714 [95mCEU_cue_video: 0.5334 [95mCEU_synergy: 0.0867 [95mCEU_coexistence: 0.9727 [97mS:[93m8.7%[97m([91m0.9c[97m-[94mF1:8.0%) [97mU1:[93m57.1%[97m([91m5.2c[97m) [97mU2:[93m53.3%[97m([91m17.5c[97m) [97mR:[93m97.3%[97m([91m46.7c[97m) [97mS-L: [92m1:[96m22%[39m [39m
2026-07-25 16:48:54,398 - Evaluator - INFO - New best with loss-accuracy-
2026-07-25 16:48:54,399 - Agent - INFO - [37mVal Epoch 6 step 6 with [31mce_loss_combined : 0.457156 [31mce_loss_c : 0.715431 [31mce_loss_g : 0.486186 [31mkl_synergy_rand_1 : 0.016785 [31mkl_synergy_rand_2 : 0.023764 [31mkl_synergy_1 : 0.017047 [31mkl_synergy_2 : 0.024068 [31mtotal : 0.538821 [31mdiag_kl_1 : 0.188054 [31mdiag_kl_2 : 0.106719 [94mAcc_combined: 78.82 [94mAcc_c: 53.49 [94mAcc_g: 78.60 [92mF1_combined: 78.87 [92mF1_c: 65.48 [92mF1_g: 78.60 [95mCEU_cue_audio: 0.3806 [95mCEU_cue_video: 0.9066 [95mCEU_synergy: 0.1305 [95mCEU_coexistence: 0.9273 [97mS:[93m13.0%[97m([91m1.3c[97m-[94mF1:12.9%) [97mU1:[93m38.1%[97m([91m3.5c[97m) [97mU2:[93m90.7%[97m([91m29.7c[97m) [97mR:[93m92.7%[97m([91m44.5c[97m) [97mS-L: [92m0:[96m14% [92m1:[96m11%[39m [39m
2026-07-25 16:48:54,421 - Agent - INFO - [37mTest Epoch 6 step 6 with [31mce_loss_combined : 0.582027 [31mce_loss_c : 0.748938 [31mce_loss_g : 0.682527 [31mkl_synergy_rand_1 : 0.016723 [31mkl_synergy_rand_2 : 0.022638 [31mkl_synergy_1 : 0.016565 [31mkl_synergy_2 : 0.022885 [31mtotal : 0.660838 [31mdiag_kl_1 : 0.200801 [31mdiag_kl_2 : 0.120196 [94mAcc_combined: 72.08 [94mAcc_c: 52.62 [94mAcc_g: 71.79 [92mF1_combined: 72.27 [92mF1_c: 65.31 [92mF1_g: 71.77 [95mCEU_cue_audio: 0.2111 [95mCEU_cue_video: 0.8413 [95mCEU_synergy: 0.1411 [95mCEU_coexistence: 0.9281 [97mS:[93m14.1%[97m([91m1.5c[97m-[94mF1:14.0%) [97mU1:[93m21.1%[97m([91m2.8c[97m) [97mU2:[93m84.1%[97m([91m28.6c[97m) [97mR:[93m92.8%[97m([91m39.5c[97m) [97mS-L: [92m0:[96m11% [92m1:[96m18%[39m [39m
2026-07-25 16:48:54,963 - Agent - INFO - [37mModel saved successfully at: ./artifacts/models/multibench/mosi/vt/SynIB_RMask_U_foldREFABL_mosi_fold1_l0.1_perturbrandom_fillema_pmin0.3_refclass_prior_lr0.0005_wd0.001_bs32.pth.tar[39m
2026-07-25 16:49:03,677 - Agent - INFO - [37mVal Epoch 7 step 7 with [31mce_loss_combined : 0.487939 [31mce_loss_c : 0.792525 [31mce_loss_g : 0.554592 [31mkl_synergy_rand_1 : 0.018762 [31mkl_synergy_rand_2 : 0.025221 [31mkl_synergy_1 : 0.018594 [31mkl_synergy_2 : 0.025746 [31mtotal : 0.576262 [31mdiag_kl_1 : 0.175282 [31mdiag_kl_2 : 0.119650 [94mAcc_combined: 77.29 [94mAcc_c: 54.15 [94mAcc_g: 76.86 [92mF1_combined: 77.39 [92mF1_c: 63.67 [92mF1_g: 76.86 [95mCEU_cue_audio: 0.1908 [95mCEU_cue_video: 0.9200 [95mCEU_synergy: 0.1305 [95mCEU_coexistence: 0.9182 [97mS:[93m13.0%[97m([91m1.3c[97m-[94mF1:11.5%) [97mU1:[93m19.0%[97m([91m1.7c[97m) [97mU2:[93m92.0%[97m([91m30.1c[97m) [97mR:[93m91.8%[97m([91m44.1c[97m) [97mS-L: [92m0:[96m21%[39m [39m
2026-07-25 16:49:12,183 - Evaluator - INFO - New best with accuracy-
2026-07-25 16:49:12,183 - Agent - INFO - [37mVal Epoch 8 step 8 with [31mce_loss_combined : 0.481823 [31mce_loss_c : 0.801593 [31mce_loss_g : 0.514839 [31mkl_synergy_rand_1 : 0.019426 [31mkl_synergy_rand_2 : 0.025060 [31mkl_synergy_1 : 0.018742 [31mkl_synergy_2 : 0.025414 [31mtotal : 0.570465 [31mdiag_kl_1 : 0.158681 [31mdiag_kl_2 : 0.142077 [94mAcc_combined: 79.26 [94mAcc_c: 56.55 [94mAcc_g: 77.29 [92mF1_combined: 79.12 [92mF1_c: 63.22 [92mF1_g: 77.29 [95mCEU_cue_audio: 0.3806 [95mCEU_cue_video: 0.8534 [95mCEU_synergy: 0.0867 [95mCEU_coexistence: 0.9636 [97mS:[93m8.7%[97m([91m0.9c[97m-[94mF1:8.7%) [97mU1:[93m38.1%[97m([91m3.5c[97m) [97mU2:[93m85.3%[97m([91m27.9c[97m) [97mR:[93m96.4%[97m([91m46.3c[97m) [97mS-L: [92m0:[96m7% [92m1:[96m11%[39m [39m
2026-07-25 16:49:12,204 - Agent - INFO - [37mTest Epoch 8 step 8 with [31mce_loss_combined : 0.584825 [31mce_loss_c : 0.851715 [31mce_loss_g : 0.657668 [31mkl_synergy_rand_1 : 0.017751 [31mkl_synergy_rand_2 : 0.023551 [31mkl_synergy_1 : 0.017837 [31mkl_synergy_2 : 0.023219 [31mtotal : 0.667183 [31mdiag_kl_1 : 0.180580 [31mdiag_kl_2 : 0.142072 [94mAcc_combined: 73.76 [94mAcc_c: 51.90 [94mAcc_g: 74.42 [92mF1_combined: 73.76 [92mF1_c: 62.33 [92mF1_g: 74.36 [95mCEU_cue_audio: 0.2332 [95mCEU_cue_video: 0.8628 [95mCEU_synergy: 0.1266 [95mCEU_coexistence: 0.9384 [97mS:[93m12.7%[97m([91m1.3c[97m-[94mF1:12.5%) [97mU1:[93m23.3%[97m([91m3.1c[97m) [97mU2:[93m86.3%[97m([91m29.3c[97m) [97mR:[93m93.8%[97m([91m39.9c[97m) [97mS-L: [92m0:[96m8% [92m1:[96m18%[39m [39m
2026-07-25 16:49:12,874 - Agent - INFO - [37mModel saved successfully at: ./artifacts/models/multibench/mosi/vt/SynIB_RMask_U_foldREFABL_mosi_fold1_l0.1_perturbrandom_fillema_pmin0.3_refclass_prior_lr0.0005_wd0.001_bs32.pth.tar[39m
2026-07-25 16:49:20,998 - Agent - INFO - [37mVal Epoch 9 step 9 with [31mce_loss_combined : 0.478020 [31mce_loss_c : 0.828134 [31mce_loss_g : 0.496908 [31mkl_synergy_rand_1 : 0.019606 [31mkl_synergy_rand_2 : 0.023928 [31mkl_synergy_1 : 0.017024 [31mkl_synergy_2 : 0.023723 [31mtotal : 0.562302 [31mdiag_kl_1 : 0.163674 [31mdiag_kl_2 : 0.120847 [94mAcc_combined: 78.38 [94mAcc_c: 53.71 [94mAcc_g: 78.82 [92mF1_combined: 77.75 [92mF1_c: 62.94 [92mF1_g: 78.77 [95mCEU_cue_audio: 0.3337 [95mCEU_cue_video: 0.9066 [95mCEU_synergy: 0.0867 [95mCEU_coexistence: 0.9546 [97mS:[93m8.7%[97m([91m0.9c[97m-[94mF1:8.7%) [97mU1:[93m33.3%[97m([91m3.1c[97m) [97mU2:[93m90.7%[97m([91m29.7c[97m) [97mR:[93m95.5%[97m([91m45.9c[97m) [97mS-L: [92m0:[96m7% [92m1:[96m11%[39m [39m
2026-07-25 16:49:29,516 - Agent - INFO - [37mVal Epoch 10 step 10 with [31mce_loss_combined : 0.477160 [31mce_loss_c : 0.848191 [31mce_loss_g : 0.536979 [31mkl_synergy_rand_1 : 0.020465 [31mkl_synergy_rand_2 : 0.025412 [31mkl_synergy_1 : 0.019493 [31mkl_synergy_2 : 0.024663 [31mtotal : 0.567193 [31mdiag_kl_1 : 0.161759 [31mdiag_kl_2 : 0.145476 [94mAcc_combined: 77.07 [94mAcc_c: 54.80 [94mAcc_g: 79.91 [92mF1_combined: 75.29 [92mF1_c: 63.62 [92mF1_g: 79.91 [95mCEU_cue_audio: 0.3806 [95mCEU_cue_video: 0.8800 [95mCEU_synergy: 0.1741 [95mCEU_coexistence: 0.9819 [97mS:[93m17.4%[97m([91m1.7c[97m-[94mF1:16.8%) [97mU1:[93m38.1%[97m([91m3.5c[97m) [97mU2:[93m88.0%[97m([91m28.8c[97m) [97mR:[93m98.2%[97m([91m47.2c[97m) [97mS-L: [92m0:[96m7% [92m1:[96m33%[39m [39m
2026-07-25 16:49:37,847 - Evaluator - INFO - New best with loss-
2026-07-25 16:49:37,847 - Agent - INFO - [37mVal Epoch 11 step 11 with [31mce_loss_combined : 0.455826 [31mce_loss_c : 0.802408 [31mce_loss_g : 0.520239 [31mkl_synergy_rand_1 : 0.022931 [31mkl_synergy_rand_2 : 0.026708 [31mkl_synergy_1 : 0.019821 [31mkl_synergy_2 : 0.024515 [31mtotal : 0.549801 [31mdiag_kl_1 : 0.178982 [31mdiag_kl_2 : 0.124162 [94mAcc_combined: 74.45 [94mAcc_c: 56.77 [94mAcc_g: 80.57 [92mF1_combined: 71.11 [92mF1_c: 63.47 [92mF1_g: 80.53 [95mCEU_cue_audio: 0.2377 [95mCEU_cue_video: 0.8934 [95mCEU_synergy: 0.1305 [95mCEU_coexistence: 0.9727 [97mS:[93m13.0%[97m([91m1.3c[97m-[94mF1:11.5%) [97mU1:[93m23.8%[97m([91m2.2c[97m) [97mU2:[93m89.3%[97m([91m29.3c[97m) [97mR:[93m97.3%[97m([91m46.7c[97m) [97mS-L: [92m1:[96m33%[39m [39m
2026-07-25 16:49:37,868 - Agent - INFO - [37mTest Epoch 11 step 11 with [31mce_loss_combined : 0.589430 [31mce_loss_c : 0.909833 [31mce_loss_g : 0.707892 [31mkl_synergy_rand_1 : 0.018365 [31mkl_synergy_rand_2 : 0.024536 [31mkl_synergy_1 : 0.017433 [31mkl_synergy_2 : 0.024305 [31mtotal : 0.674069 [31mdiag_kl_1 : 0.218345 [31mdiag_kl_2 : 0.148280 [94mAcc_combined: 69.97 [94mAcc_c: 50.22 [94mAcc_g: 75.36 [92mF1_combined: 66.83 [92mF1_c: 60.68 [92mF1_g: 75.36 [95mCEU_cue_audio: 0.2226 [95mCEU_cue_video: 0.8928 [95mCEU_synergy: 0.2251 [95mCEU_coexistence: 0.9281 [97mS:[93m22.5%[97m([91m2.3c[97m-[94mF1:22.0%) [97mU1:[93m22.2%[97m([91m2.9c[97m) [97mU2:[93m89.3%[97m([91m30.3c[97m) [97mR:[93m92.8%[97m([91m39.5c[97m) [97mS-L: [92m0:[96m13% [92m1:[96m33%[39m [39m
2026-07-25 16:49:38,557 - Agent - INFO - [37mModel saved successfully at: ./artifacts/models/multibench/mosi/vt/SynIB_RMask_U_foldREFABL_mosi_fold1_l0.1_perturbrandom_fillema_pmin0.3_refclass_prior_lr0.0005_wd0.001_bs32.pth.tar[39m
2026-07-25 16:49:47,075 - Agent - INFO - [37mVal Epoch 12 step 12 with [31mce_loss_combined : 0.501281 [31mce_loss_c : 0.776266 [31mce_loss_g : 0.608913 [31mkl_synergy_rand_1 : 0.020118 [31mkl_synergy_rand_2 : 0.027140 [31mkl_synergy_1 : 0.018505 [31mkl_synergy_2 : 0.027176 [31mtotal : 0.594220 [31mdiag_kl_1 : 0.212058 [31mdiag_kl_2 : 0.126499 [94mAcc_combined: 75.76 [94mAcc_c: 51.75 [94mAcc_g: 75.98 [92mF1_combined: 75.71 [92mF1_c: 62.09 [92mF1_g: 75.98 [95mCEU_cue_audio: 0.1908 [95mCEU_cue_video: 0.9334 [95mCEU_synergy: 0.0867 [95mCEU_coexistence: 0.8909 [97mS:[93m8.7%[97m([91m0.9c[97m-[94mF1:8.0%) [97mU1:[93m19.0%[97m([91m1.7c[97m) [97mU2:[93m93.3%[97m([91m30.6c[97m) [97mR:[93m89.1%[97m([91m42.8c[97m) [97mS-L: [92m0:[96m14%[39m [39m
2026-07-25 16:49:55,446 - Evaluator - INFO - New best with loss-
2026-07-25 16:49:55,446 - Agent - INFO - [37mVal Epoch 13 step 13 with [31mce_loss_combined : 0.441718 [31mce_loss_c : 0.719480 [31mce_loss_g : 0.521151 [31mkl_synergy_rand_1 : 0.021711 [31mkl_synergy_rand_2 : 0.027840 [31mkl_synergy_1 : 0.017497 [31mkl_synergy_2 : 0.026746 [31mtotal : 0.535511 [31mdiag_kl_1 : 0.209061 [31mdiag_kl_2 : 0.110807 [94mAcc_combined: 79.04 [94mAcc_c: 53.71 [94mAcc_g: 79.04 [92mF1_combined: 78.28 [92mF1_c: 65.25 [92mF1_g: 79.13 [95mCEU_cue_audio: 0.2377 [95mCEU_cue_video: 0.8934 [95mCEU_synergy: 0.1305 [95mCEU_coexistence: 0.9546 [97mS:[93m13.0%[97m([91m1.3c[97m-[94mF1:12.9%) [97mU1:[93m23.8%[97m([91m2.2c[97m) [97mU2:[93m89.3%[97m([91m29.3c[97m) [97mR:[93m95.5%[97m([91m45.9c[97m) [97mS-L: [92m0:[96m14% [92m1:[96m11%[39m [39m
2026-07-25 16:49:55,468 - Agent - INFO - [37mTest Epoch 13 step 13 with [31mce_loss_combined : 0.577155 [31mce_loss_c : 0.739050 [31mce_loss_g : 0.719552 [31mkl_synergy_rand_1 : 0.020323 [31mkl_synergy_rand_2 : 0.028159 [31mkl_synergy_1 : 0.017601 [31mkl_synergy_2 : 0.027453 [31mtotal : 0.670691 [31mdiag_kl_1 : 0.245469 [31mdiag_kl_2 : 0.119746 [94mAcc_combined: 73.69 [94mAcc_c: 51.82 [94mAcc_g: 74.56 [92mF1_combined: 73.28 [92mF1_c: 65.52 [92mF1_g: 74.62 [95mCEU_cue_audio: 0.2447 [95mCEU_cue_video: 0.8628 [95mCEU_synergy: 0.1266 [95mCEU_coexistence: 0.9554 [97mS:[93m12.7%[97m([91m1.3c[97m-[94mF1:12.5%) [97mU1:[93m24.4%[97m([91m3.2c[97m) [97mU2:[93m86.3%[97m([91m29.3c[97m) [97mR:[93m95.5%[97m([91m40.7c[97m) [97mS-L: [92m0:[96m8% [92m1:[96m18%[39m [39m
2026-07-25 16:49:56,703 - Agent - INFO - [37mModel saved successfully at: ./artifacts/models/multibench/mosi/vt/SynIB_RMask_U_foldREFABL_mosi_fold1_l0.1_perturbrandom_fillema_pmin0.3_refclass_prior_lr0.0005_wd0.001_bs32.pth.tar[39m
2026-07-25 16:50:04,626 - Agent - INFO - [37mVal Epoch 14 step 14 with [31mce_loss_combined : 0.488404 [31mce_loss_c : 0.788192 [31mce_loss_g : 0.560877 [31mkl_synergy_rand_1 : 0.018903 [31mkl_synergy_rand_2 : 0.024750 [31mkl_synergy_1 : 0.016519 [31mkl_synergy_2 : 0.023366 [31mtotal : 0.571943 [31mdiag_kl_1 : 0.164265 [31mdiag_kl_2 : 0.137915 [94mAcc_combined: 74.02 [94mAcc_c: 56.33 [94mAcc_g: 77.29 [92mF1_combined: 73.26 [92mF1_c: 64.54 [92mF1_g: 77.49 [95mCEU_cue_audio: 0.2857 [95mCEU_cue_video: 0.8400 [95mCEU_synergy: 0.0867 [95mCEU_coexistence: 0.9546 [97mS:[93m8.7%[97m([91m0.9c[97m-[94mF1:8.7%) [97mU1:[93m28.6%[97m([91m2.6c[97m) [97mU2:[93m84.0%[97m([91m27.5c[97m) [97mR:[93m95.5%[97m([91m45.9c[97m) [97mS-L: [92m0:[96m7% [92m1:[96m11%[39m [39m
2026-07-25 16:50:13,217 - Agent - INFO - [37mVal Epoch 15 step 15 with [31mce_loss_combined : 0.483902 [31mce_loss_c : 0.767045 [31mce_loss_g : 0.586231 [31mkl_synergy_rand_1 : 0.021942 [31mkl_synergy_rand_2 : 0.026577 [31mkl_synergy_1 : 0.016221 [31mkl_synergy_2 : 0.025498 [31mtotal : 0.574140 [31mdiag_kl_1 : 0.194571 [31mdiag_kl_2 : 0.123737 [94mAcc_combined: 77.51 [94mAcc_c: 55.02 [94mAcc_g: 76.20 [92mF1_combined: 77.56 [92mF1_c: 64.24 [92mF1_g: 76.46 [95mCEU_cue_audio: 0.2377 [95mCEU_cue_video: 0.8800 [95mCEU_synergy: 0.1305 [95mCEU_coexistence: 0.9363 [97mS:[93m13.0%[97m([91m1.3c[97m-[94mF1:12.9%) [97mU1:[93m23.8%[97m([91m2.2c[97m) [97mU2:[93m88.0%[97m([91m28.8c[97m) [97mR:[93m93.6%[97m([91m45.0c[97m) [97mS-L: [92m0:[96m7% [92m1:[96m22%[39m [39m
2026-07-25 16:50:21,286 - Agent - INFO - [37mVal Epoch 16 step 16 with [31mce_loss_combined : 0.481960 [31mce_loss_c : 0.807082 [31mce_loss_g : 0.542736 [31mkl_synergy_rand_1 : 0.021755 [31mkl_synergy_rand_2 : 0.027198 [31mkl_synergy_1 : 0.015746 [31mkl_synergy_2 : 0.025686 [31mtotal : 0.572345 [31mdiag_kl_1 : 0.189387 [31mdiag_kl_2 : 0.132528 [94mAcc_combined: 77.07 [94mAcc_c: 51.75 [94mAcc_g: 79.48 [92mF1_combined: 76.51 [92mF1_c: 63.35 [92mF1_g: 79.57 [95mCEU_cue_audio: 0.2857 [95mCEU_cue_video: 0.8666 [95mCEU_synergy: 0.1305 [95mCEU_coexistence: 0.9546 [97mS:[93m13.0%[97m([91m1.3c[97m-[94mF1:12.9%) [97mU1:[93m28.6%[97m([91m2.6c[97m) [97mU2:[93m86.7%[97m([91m28.4c[97m) [97mR:[93m95.5%[97m([91m45.9c[97m) [97mS-L: [92m0:[96m14% [92m1:[96m11%[39m [39m
2026-07-25 16:50:29,952 - Agent - INFO - [37mVal Epoch 17 step 17 with [31mce_loss_combined : 0.504687 [31mce_loss_c : 0.837971 [31mce_loss_g : 0.573566 [31mkl_synergy_rand_1 : 0.023768 [31mkl_synergy_rand_2 : 0.029151 [31mkl_synergy_1 : 0.017551 [31mkl_synergy_2 : 0.025981 [31mtotal : 0.601137 [31mdiag_kl_1 : 0.187015 [31mdiag_kl_2 : 0.166808 [94mAcc_combined: 72.27 [94mAcc_c: 55.68 [94mAcc_g: 76.86 [92mF1_combined: 70.53 [92mF1_c: 62.48 [92mF1_g: 76.86 [95mCEU_cue_audio: 0.3337 [95mCEU_cue_video: 0.8000 [95mCEU_synergy: 0.1741 [95mCEU_coexistence: 0.9363 [97mS:[93m17.4%[97m([91m1.7c[97m-[94mF1:17.4%) [97mU1:[93m33.3%[97m([91m3.1c[97m) [97mU2:[93m80.0%[97m([91m26.2c[97m) [97mR:[93m93.6%[97m([91m45.0c[97m) [97mS-L: [92m0:[96m14% [92m1:[96m22%[39m [39m
2026-07-25 16:50:38,041 - Agent - INFO - [37mVal Epoch 18 step 18 with [31mce_loss_combined : 0.472074 [31mce_loss_c : 0.804258 [31mce_loss_g : 0.569968 [31mkl_synergy_rand_1 : 0.023706 [31mkl_synergy_rand_2 : 0.031407 [31mkl_synergy_1 : 0.016697 [31mkl_synergy_2 : 0.028974 [31mtotal : 0.572858 [31mdiag_kl_1 : 0.240031 [31mdiag_kl_2 : 0.120056 [94mAcc_combined: 78.60 [94mAcc_c: 53.71 [94mAcc_g: 78.60 [92mF1_combined: 78.03 [92mF1_c: 63.95 [92mF1_g: 78.60 [95mCEU_cue_audio: 0.1908 [95mCEU_cue_video: 0.9334 [95mCEU_synergy: 0.1741 [95mCEU_coexistence: 0.9363 [97mS:[93m17.4%[97m([91m1.7c[97m-[94mF1:14.8%) [97mU1:[93m19.0%[97m([91m1.7c[97m) [97mU2:[93m93.3%[97m([91m30.6c[97m) [97mR:[93m93.6%[97m([91m45.0c[97m) [97mS-L: [92m0:[96m29%[39m [39m
2026-07-25 16:50:46,456 - Agent - INFO - [37mVal Epoch 19 step 19 with [31mce_loss_combined : 0.488901 [31mce_loss_c : 0.776833 [31mce_loss_g : 0.547012 [31mkl_synergy_rand_1 : 0.020532 [31mkl_synergy_rand_2 : 0.026989 [31mkl_synergy_1 : 0.015518 [31mkl_synergy_2 : 0.024232 [31mtotal : 0.576173 [31mdiag_kl_1 : 0.161410 [31mdiag_kl_2 : 0.142265 [94mAcc_combined: 75.33 [94mAcc_c: 55.24 [94mAcc_g: 78.17 [92mF1_combined: 74.26 [92mF1_c: 64.47 [92mF1_g: 78.35 [95mCEU_cue_audio: 0.3337 [95mCEU_cue_video: 0.8266 [95mCEU_synergy: 0.0867 [95mCEU_coexistence: 0.9546 [97mS:[93m8.7%[97m([91m0.9c[97m-[94mF1:8.7%) [97mU1:[93m33.3%[97m([91m3.1c[97m) [97mU2:[93m82.7%[97m([91m27.1c[97m) [97mR:[93m95.5%[97m([91m45.9c[97m) [97mS-L: [92m0:[96m7% [92m1:[96m11%[39m [39m
2026-07-25 16:50:54,949 - Agent - INFO - [37mVal Epoch 20 step 20 with [31mce_loss_combined : 0.485955 [31mce_loss_c : 0.811400 [31mce_loss_g : 0.557994 [31mkl_synergy_rand_1 : 0.024043 [31mkl_synergy_rand_2 : 0.028766 [31mkl_synergy_1 : 0.016548 [31mkl_synergy_2 : 0.025690 [31mtotal : 0.581002 [31mdiag_kl_1 : 0.183649 [31mdiag_kl_2 : 0.151898 [94mAcc_combined: 74.89 [94mAcc_c: 54.80 [94mAcc_g: 78.38 [92mF1_combined: 73.32 [92mF1_c: 63.10 [92mF1_g: 78.43 [95mCEU_cue_audio: 0.2857 [95mCEU_cue_video: 0.8400 [95mCEU_synergy: 0.1741 [95mCEU_coexistence: 0.9546 [97mS:[93m17.4%[97m([91m1.7c[97m-[94mF1:17.4%) [97mU1:[93m28.6%[97m([91m2.6c[97m) [97mU2:[93m84.0%[97m([91m27.5c[97m) [97mR:[93m95.5%[97m([91m45.9c[97m) [97mS-L: [92m0:[96m14% [92m1:[96m22%[39m [39m
2026-07-25 16:51:03,182 - Evaluator - INFO - New best with syn_accuracy-
2026-07-25 16:51:03,182 - Agent - INFO - [37mVal Epoch 21 step 21 with [31mce_loss_combined : 0.478464 [31mce_loss_c : 0.849925 [31mce_loss_g : 0.570491 [31mkl_synergy_rand_1 : 0.023390 [31mkl_synergy_rand_2 : 0.028264 [31mkl_synergy_1 : 0.017019 [31mkl_synergy_2 : 0.025322 [31mtotal : 0.572459 [31mdiag_kl_1 : 0.189137 [31mdiag_kl_2 : 0.134858 [94mAcc_combined: 76.86 [94mAcc_c: 54.80 [94mAcc_g: 79.04 [92mF1_combined: 74.88 [92mF1_c: 62.43 [92mF1_g: 79.13 [95mCEU_cue_audio: 0.1908 [95mCEU_cue_video: 0.9066 [95mCEU_synergy: 0.2610 [95mCEU_coexistence: 0.9546 [97mS:[93m26.1%[97m([91m2.6c[97m-[94mF1:25.5%) [97mU1:[93m19.0%[97m([91m1.7c[97m) [97mU2:[93m90.7%[97m([91m29.7c[97m) [97mR:[93m95.5%[97m([91m45.9c[97m) [97mS-L: [92m0:[96m29% [92m1:[96m22%[39m [39m
2026-07-25 16:51:03,203 - Agent - INFO - [37mTest Epoch 21 step 21 with [31mce_loss_combined : 0.613900 [31mce_loss_c : 0.852502 [31mce_loss_g : 0.809465 [31mkl_synergy_rand_1 : 0.021762 [31mkl_synergy_rand_2 : 0.027573 [31mkl_synergy_1 : 0.015642 [31mkl_synergy_2 : 0.026623 [31mtotal : 0.705499 [31mdiag_kl_1 : 0.249255 [31mdiag_kl_2 : 0.159314 [94mAcc_combined: 71.28 [94mAcc_c: 51.17 [94mAcc_g: 72.59 [92mF1_combined: 69.97 [92mF1_c: 62.74 [92mF1_g: 72.67 [95mCEU_cue_audio: 0.2111 [95mCEU_cue_video: 0.8799 [95mCEU_synergy: 0.1411 [95mCEU_coexistence: 0.9006 [97mS:[93m14.1%[97m([91m1.5c[97m-[94mF1:13.8%) [97mU1:[93m21.1%[97m([91m2.8c[97m) [97mU2:[93m88.0%[97m([91m29.9c[97m) [97mR:[93m90.1%[97m([91m38.3c[97m) [97mS-L: [92m0:[96m8% [92m1:[96m21%[39m [39m
2026-07-25 16:51:04,079 - Agent - INFO - [37mModel saved successfully at: ./artifacts/models/multibench/mosi/vt/SynIB_RMask_U_foldREFABL_mosi_fold1_l0.1_perturbrandom_fillema_pmin0.3_refclass_prior_lr0.0005_wd0.001_bs32.pth.tar[39m
2026-07-25 16:51:12,313 - Agent - INFO - [37mVal Epoch 22 step 22 with [31mce_loss_combined : 0.478788 [31mce_loss_c : 0.858571 [31mce_loss_g : 0.571687 [31mkl_synergy_rand_1 : 0.022830 [31mkl_synergy_rand_2 : 0.028396 [31mkl_synergy_1 : 0.016051 [31mkl_synergy_2 : 0.025127 [31mtotal : 0.571192 [31mdiag_kl_1 : 0.200858 [31mdiag_kl_2 : 0.137860 [94mAcc_combined: 76.86 [94mAcc_c: 55.90 [94mAcc_g: 78.82 [92mF1_combined: 75.12 [92mF1_c: 62.73 [92mF1_g: 78.87 [95mCEU_cue_audio: 0.2377 [95mCEU_cue_video: 0.9066 [95mCEU_synergy: 0.2610 [95mCEU_coexistence: 0.9455 [97mS:[93m26.1%[97m([91m2.6c[97m-[94mF1:25.5%) [97mU1:[93m23.8%[97m([91m2.2c[97m) [97mU2:[93m90.7%[97m([91m29.7c[97m) [97mR:[93m94.5%[97m([91m45.4c[97m) [97mS-L: [92m0:[96m29% [92m1:[96m22%[39m [39m
2026-07-25 16:51:20,397 - Agent - INFO - [37mVal Epoch 23 step 23 with [31mce_loss_combined : 0.478107 [31mce_loss_c : 0.864571 [31mce_loss_g : 0.576238 [31mkl_synergy_rand_1 : 0.024113 [31mkl_synergy_rand_2 : 0.028011 [31mkl_synergy_1 : 0.015778 [31mkl_synergy_2 : 0.025288 [31mtotal : 0.571297 [31mdiag_kl_1 : 0.191286 [31mdiag_kl_2 : 0.135907 [94mAcc_combined: 76.20 [94mAcc_c: 56.11 [94mAcc_g: 78.60 [92mF1_combined: 74.23 [92mF1_c: 62.00 [92mF1_g: 78.60 [95mCEU_cue_audio: 0.2377 [95mCEU_cue_video: 0.9066 [95mCEU_synergy: 0.2610 [95mCEU_coexistence: 0.9455 [97mS:[93m26.1%[97m([91m2.6c[97m-[94mF1:25.5%) [97mU1:[93m23.8%[97m([91m2.2c[97m) [97mU2:[93m90.7%[97m([91m29.7c[97m) [97mR:[93m94.5%[97m([91m45.4c[97m) [97mS-L: [92m0:[96m29% [92m1:[96m22%[39m [39m
2026-07-25 16:51:28,644 - Agent - INFO - [37mVal Epoch 24 step 24 with [31mce_loss_combined : 0.479278 [31mce_loss_c : 0.863714 [31mce_loss_g : 0.574243 [31mkl_synergy_rand_1 : 0.024299 [31mkl_synergy_rand_2 : 0.029208 [31mkl_synergy_1 : 0.016433 [31mkl_synergy_2 : 0.025189 [31mtotal : 0.574407 [31mdiag_kl_1 : 0.181150 [31mdiag_kl_2 : 0.136340 [94mAcc_combined: 76.86 [94mAcc_c: 55.90 [94mAcc_g: 78.60 [92mF1_combined: 75.12 [92mF1_c: 61.89 [92mF1_g: 78.60 [95mCEU_cue_audio: 0.2377 [95mCEU_cue_video: 0.9066 [95mCEU_synergy: 0.2610 [95mCEU_coexistence: 0.9455 [97mS:[93m26.1%[97m([91m2.6c[97m-[94mF1:25.5%) [97mU1:[93m23.8%[97m([91m2.2c[97m) [97mU2:[93m90.7%[97m([91m29.7c[97m) [97mR:[93m94.5%[97m([91m45.4c[97m) [97mS-L: [92m0:[96m29% [92m1:[96m22%[39m [39m
2026-07-25 16:51:36,513 - Agent - INFO - [37mVal Epoch 25 step 25 with [31mce_loss_combined : 0.484856 [31mce_loss_c : 0.869539 [31mce_loss_g : 0.589484 [31mkl_synergy_rand_1 : 0.023825 [31mkl_synergy_rand_2 : 0.028567 [31mkl_synergy_1 : 0.017649 [31mkl_synergy_2 : 0.025047 [31mtotal : 0.579945 [31mdiag_kl_1 : 0.187023 [31mdiag_kl_2 : 0.145914 [94mAcc_combined: 75.76 [94mAcc_c: 55.68 [94mAcc_g: 77.73 [92mF1_combined: 73.76 [92mF1_c: 61.77 [92mF1_g: 77.73 [95mCEU_cue_audio: 0.2857 [95mCEU_cue_video: 0.8934 [95mCEU_synergy: 0.2610 [95mCEU_coexistence: 0.9455 [97mS:[93m26.1%[97m([91m2.6c[97m-[94mF1:25.5%) [97mU1:[93m28.6%[97m([91m2.6c[97m) [97mU2:[93m89.3%[97m([91m29.3c[97m) [97mR:[93m94.5%[97m([91m45.4c[97m) [97mS-L: [92m0:[96m29% [92m1:[96m22%[39m [39m
2026-07-25 16:51:44,525 - Agent - INFO - [37mVal Epoch 26 step 26 with [31mce_loss_combined : 0.524614 [31mce_loss_c : 0.834047 [31mce_loss_g : 0.610619 [31mkl_synergy_rand_1 : 0.022119 [31mkl_synergy_rand_2 : 0.026110 [31mkl_synergy_1 : 0.016402 [31mkl_synergy_2 : 0.021926 [31mtotal : 0.611171 [31mdiag_kl_1 : 0.176912 [31mdiag_kl_2 : 0.176765 [94mAcc_combined: 72.49 [94mAcc_c: 56.99 [94mAcc_g: 75.76 [92mF1_combined: 70.14 [92mF1_c: 62.33 [92mF1_g: 75.92 [95mCEU_cue_audio: 0.4286 [95mCEU_cue_video: 0.8134 [95mCEU_synergy: 0.1305 [95mCEU_coexistence: 0.9090 [97mS:[93m13.0%[97m([91m1.3c[97m-[94mF1:12.9%) [97mU1:[93m42.9%[97m([91m3.9c[97m) [97mU2:[93m81.3%[97m([91m26.6c[97m) [97mR:[93m90.9%[97m([91m43.7c[97m) [97mS-L: [92m0:[96m7% [92m1:[96m22%[39m [39m
2026-07-25 16:51:53,197 - Agent - INFO - [37mVal Epoch 27 step 27 with [31mce_loss_combined : 0.469969 [31mce_loss_c : 0.727983 [31mce_loss_g : 0.552133 [31mkl_synergy_rand_1 : 0.023332 [31mkl_synergy_rand_2 : 0.027825 [31mkl_synergy_1 : 0.014619 [31mkl_synergy_2 : 0.025555 [31mtotal : 0.561300 [31mdiag_kl_1 : 0.235050 [31mdiag_kl_2 : 0.111527 [94mAcc_combined: 76.64 [94mAcc_c: 53.06 [94mAcc_g: 78.82 [92mF1_combined: 75.51 [92mF1_c: 64.46 [92mF1_g: 78.96 [95mCEU_cue_audio: 0.2377 [95mCEU_cue_video: 0.9066 [95mCEU_synergy: 0.1741 [95mCEU_coexistence: 0.9455 [97mS:[93m17.4%[97m([91m1.7c[97m-[94mF1:17.4%) [97mU1:[93m23.8%[97m([91m2.2c[97m) [97mU2:[93m90.7%[97m([91m29.7c[97m) [97mR:[93m94.5%[97m([91m45.4c[97m) [97mS-L: [92m0:[96m14% [92m1:[96m22%[39m [39m
2026-07-25 16:52:01,529 - Agent - INFO - [37mVal Epoch 28 step 28 with [31mce_loss_combined : 0.535053 [31mce_loss_c : 0.785388 [31mce_loss_g : 0.624572 [31mkl_synergy_rand_1 : 0.022486 [31mkl_synergy_rand_2 : 0.025039 [31mkl_synergy_1 : 0.016462 [31mkl_synergy_2 : 0.021788 [31mtotal : 0.620827 [31mdiag_kl_1 : 0.170269 [31mdiag_kl_2 : 0.204316 [94mAcc_combined: 74.02 [94mAcc_c: 54.59 [94mAcc_g: 76.86 [92mF1_combined: 72.39 [92mF1_c: 63.25 [92mF1_g: 77.16 [95mCEU_cue_audio: 0.5714 [95mCEU_cue_video: 0.5734 [95mCEU_synergy: 0.2171 [95mCEU_coexistence: 0.9546 [97mS:[93m21.7%[97m([91m2.2c[97m-[94mF1:17.9%) [97mU1:[93m57.1%[97m([91m5.2c[97m) [97mU2:[93m57.3%[97m([91m18.8c[97m) [97mR:[93m95.5%[97m([91m45.9c[97m) [97mS-L: [92m1:[96m56%[39m [39m
2026-07-25 16:52:09,786 - Agent - INFO - [37mVal Epoch 29 step 29 with [31mce_loss_combined : 0.494884 [31mce_loss_c : 0.860337 [31mce_loss_g : 0.544941 [31mkl_synergy_rand_1 : 0.023195 [31mkl_synergy_rand_2 : 0.026980 [31mkl_synergy_1 : 0.016028 [31mkl_synergy_2 : 0.021420 [31mtotal : 0.582506 [31mdiag_kl_1 : 0.160461 [31mdiag_kl_2 : 0.133870 [94mAcc_combined: 74.02 [94mAcc_c: 55.68 [94mAcc_g: 78.38 [92mF1_combined: 71.05 [92mF1_c: 61.91 [92mF1_g: 78.43 [95mCEU_cue_audio: 0.5714 [95mCEU_cue_video: 0.5866 [95mCEU_synergy: 0.1305 [95mCEU_coexistence: 0.9636 [97mS:[93m13.0%[97m([91m1.3c[97m-[94mF1:12.9%) [97mU1:[93m57.1%[97m([91m5.2c[97m) [97mU2:[93m58.7%[97m([91m19.2c[97m) [97mR:[93m96.4%[97m([91m46.3c[97m) [97mS-L: [92m0:[96m7% [92m1:[96m22%[39m [39m
2026-07-25 16:52:18,073 - Agent - INFO - [37mVal Epoch 30 step 30 with [31mce_loss_combined : 0.459297 [31mce_loss_c : 0.744355 [31mce_loss_g : 0.574326 [31mkl_synergy_rand_1 : 0.021618 [31mkl_synergy_rand_2 : 0.026442 [31mkl_synergy_1 : 0.013428 [31mkl_synergy_2 : 0.021830 [31mtotal : 0.542615 [31mdiag_kl_1 : 0.230518 [31mdiag_kl_2 : 0.116579 [94mAcc_combined: 75.33 [94mAcc_c: 57.64 [94mAcc_g: 76.64 [92mF1_combined: 72.64 [92mF1_c: 65.11 [92mF1_g: 76.69 [95mCEU_cue_audio: 0.1429 [95mCEU_cue_video: 0.9734 [95mCEU_synergy: 0.1305 [95mCEU_coexistence: 0.8728 [97mS:[93m13.0%[97m([91m1.3c[97m-[94mF1:11.5%) [97mU1:[93m14.3%[97m([91m1.3c[97m) [97mU2:[93m97.3%[97m([91m31.9c[97m) [97mR:[93m87.3%[97m([91m41.9c[97m) [97mS-L: [92m0:[96m21%[39m [39m
2026-07-25 16:52:26,018 - Agent - INFO - [37mVal Epoch 31 step 31 with [31mce_loss_combined : 0.492562 [31mce_loss_c : 0.798856 [31mce_loss_g : 0.568151 [31mkl_synergy_rand_1 : 0.023086 [31mkl_synergy_rand_2 : 0.029367 [31mkl_synergy_1 : 0.015322 [31mkl_synergy_2 : 0.025100 [31mtotal : 0.585437 [31mdiag_kl_1 : 0.206444 [31mdiag_kl_2 : 0.130852 [94mAcc_combined: 74.02 [94mAcc_c: 54.37 [94mAcc_g: 78.17 [92mF1_combined: 72.13 [92mF1_c: 62.75 [92mF1_g: 78.26 [95mCEU_cue_audio: 0.2377 [95mCEU_cue_video: 0.9066 [95mCEU_synergy: 0.1305 [95mCEU_coexistence: 0.9273 [97mS:[93m13.0%[97m([91m1.3c[97m-[94mF1:11.5%) [97mU1:[93m23.8%[97m([91m2.2c[97m) [97mU2:[93m90.7%[97m([91m29.7c[97m) [97mR:[93m92.7%[97m([91m44.5c[97m) [97mS-L: [92m0:[96m21%[39m [39m
2026-07-25 16:52:34,453 - Agent - INFO - [37mVal Epoch 32 step 32 with [31mce_loss_combined : 0.519841 [31mce_loss_c : 0.835752 [31mce_loss_g : 0.590433 [31mkl_synergy_rand_1 : 0.025826 [31mkl_synergy_rand_2 : 0.029374 [31mkl_synergy_1 : 0.018013 [31mkl_synergy_2 : 0.023028 [31mtotal : 0.616081 [31mdiag_kl_1 : 0.184112 [31mdiag_kl_2 : 0.144777 [94mAcc_combined: 73.58 [94mAcc_c: 58.52 [94mAcc_g: 76.42 [92mF1_combined: 71.39 [92mF1_c: 63.74 [92mF1_g: 76.42 [95mCEU_cue_audio: 0.2377 [95mCEU_cue_video: 0.8800 [95mCEU_synergy: 0.0438 [95mCEU_coexistence: 0.9363 [97mS:[93m4.3%[97m([91m0.4c[97m-[94mF1:4.2%) [97mU1:[93m23.8%[97m([91m2.2c[97m) [97mU2:[93m88.0%[97m([91m28.8c[97m) [97mR:[93m93.6%[97m([91m45.0c[97m) [97mS-L: [92m1:[96m11%[39m [39m
2026-07-25 16:52:42,797 - Agent - INFO - [37mVal Epoch 33 step 33 with [31mce_loss_combined : 0.510119 [31mce_loss_c : 0.829412 [31mce_loss_g : 0.582893 [31mkl_synergy_rand_1 : 0.025658 [31mkl_synergy_rand_2 : 0.027760 [31mkl_synergy_1 : 0.017146 [31mkl_synergy_2 : 0.023113 [31mtotal : 0.603795 [31mdiag_kl_1 : 0.184326 [31mdiag_kl_2 : 0.174278 [94mAcc_combined: 74.89 [94mAcc_c: 59.39 [94mAcc_g: 77.07 [92mF1_combined: 72.81 [92mF1_c: 63.24 [92mF1_g: 77.12 [95mCEU_cue_audio: 0.5714 [95mCEU_cue_video: 0.6266 [95mCEU_synergy: 0.1305 [95mCEU_coexistence: 0.9455 [97mS:[93m13.0%[97m([91m1.3c[97m-[94mF1:11.5%) [97mU1:[93m57.1%[97m([91m5.2c[97m) [97mU2:[93m62.7%[97m([91m20.5c[97m) [97mR:[93m94.5%[97m([91m45.4c[97m) [97mS-L: [92m1:[96m33%[39m [39m
2026-07-25 16:52:51,253 - Agent - INFO - [37mVal Epoch 34 step 34 with [31mce_loss_combined : 0.500439 [31mce_loss_c : 0.839332 [31mce_loss_g : 0.610690 [31mkl_synergy_rand_1 : 0.025444 [31mkl_synergy_rand_2 : 0.030078 [31mkl_synergy_1 : 0.016724 [31mkl_synergy_2 : 0.024964 [31mtotal : 0.597648 [31mdiag_kl_1 : 0.191903 [31mdiag_kl_2 : 0.151355 [94mAcc_combined: 74.89 [94mAcc_c: 58.30 [94mAcc_g: 77.95 [92mF1_combined: 72.68 [92mF1_c: 63.20 [92mF1_g: 78.00 [95mCEU_cue_audio: 0.5234 [95mCEU_cue_video: 0.6400 [95mCEU_synergy: 0.1305 [95mCEU_coexistence: 0.9546 [97mS:[93m13.0%[97m([91m1.3c[97m-[94mF1:11.5%) [97mU1:[93m52.4%[97m([91m4.8c[97m) [97mU2:[93m64.0%[97m([91m21.0c[97m) [97mR:[93m95.5%[97m([91m45.9c[97m) [97mS-L: [92m1:[96m33%[39m [39m
2026-07-25 16:52:59,602 - Agent - INFO - [37mVal Epoch 35 step 35 with [31mce_loss_combined : 0.497004 [31mce_loss_c : 0.866835 [31mce_loss_g : 0.595153 [31mkl_synergy_rand_1 : 0.022859 [31mkl_synergy_rand_2 : 0.028549 [31mkl_synergy_1 : 0.017034 [31mkl_synergy_2 : 0.025070 [31mtotal : 0.590516 [31mdiag_kl_1 : 0.196379 [31mdiag_kl_2 : 0.132680 [94mAcc_combined: 74.67 [94mAcc_c: 57.42 [94mAcc_g: 78.38 [92mF1_combined: 72.38 [92mF1_c: 62.14 [92mF1_g: 78.43 [95mCEU_cue_audio: 0.2377 [95mCEU_cue_video: 0.8800 [95mCEU_synergy: 0.0867 [95mCEU_coexistence: 0.9636 [97mS:[93m8.7%[97m([91m0.9c[97m-[94mF1:8.0%) [97mU1:[93m23.8%[97m([91m2.2c[97m) [97mU2:[93m88.0%[97m([91m28.8c[97m) [97mR:[93m96.4%[97m([91m46.3c[97m) [97mS-L: [92m0:[96m14%[39m [39m
2026-07-25 16:53:07,956 - Agent - INFO - [37mVal Epoch 36 step 36 with [31mce_loss_combined : 0.494031 [31mce_loss_c : 0.866864 [31mce_loss_g : 0.610419 [31mkl_synergy_rand_1 : 0.025218 [31mkl_synergy_rand_2 : 0.029046 [31mkl_synergy_1 : 0.015172 [31mkl_synergy_2 : 0.023616 [31mtotal : 0.587083 [31mdiag_kl_1 : 0.217950 [31mdiag_kl_2 : 0.135264 [94mAcc_combined: 74.89 [94mAcc_c: 56.99 [94mAcc_g: 77.95 [92mF1_combined: 72.55 [92mF1_c: 60.36 [92mF1_g: 78.09 [95mCEU_cue_audio: 0.2377 [95mCEU_cue_video: 0.8934 [95mCEU_synergy: 0.0867 [95mCEU_coexistence: 0.9363 [97mS:[93m8.7%[97m([91m0.9c[97m-[94mF1:8.0%) [97mU1:[93m23.8%[97m([91m2.2c[97m) [97mU2:[93m89.3%[97m([91m29.3c[97m) [97mR:[93m93.6%[97m([91m45.0c[97m) [97mS-L: [92m0:[96m14%[39m [39m
2026-07-25 16:53:16,645 - Agent - INFO - [37mVal Epoch 37 step 37 with [31mce_loss_combined : 0.491514 [31mce_loss_c : 0.849557 [31mce_loss_g : 0.630179 [31mkl_synergy_rand_1 : 0.023232 [31mkl_synergy_rand_2 : 0.026743 [31mkl_synergy_1 : 0.015189 [31mkl_synergy_2 : 0.023577 [31mtotal : 0.580255 [31mdiag_kl_1 : 0.219888 [31mdiag_kl_2 : 0.150311 [94mAcc_combined: 75.55 [94mAcc_c: 57.86 [94mAcc_g: 76.86 [92mF1_combined: 73.21 [92mF1_c: 62.52 [92mF1_g: 76.96 [95mCEU_cue_audio: 0.2857 [95mCEU_cue_video: 0.8666 [95mCEU_synergy: 0.2610 [95mCEU_coexistence: 0.9273 [97mS:[93m26.1%[97m([91m2.6c[97m-[94mF1:25.5%) [97mU1:[93m28.6%[97m([91m2.6c[97m) [97mU2:[93m86.7%[97m([91m28.4c[97m) [97mR:[93m92.7%[97m([91m44.5c[97m) [97mS-L: [92m0:[96m29% [92m1:[96m22%[39m [39m
2026-07-25 16:53:25,206 - Agent - INFO - [37mVal Epoch 38 step 38 with [31mce_loss_combined : 0.508802 [31mce_loss_c : 0.886075 [31mce_loss_g : 0.645341 [31mkl_synergy_rand_1 : 0.024446 [31mkl_synergy_rand_2 : 0.029096 [31mkl_synergy_1 : 0.016501 [31mkl_synergy_2 : 0.022906 [31mtotal : 0.601751 [31mdiag_kl_1 : 0.201041 [31mdiag_kl_2 : 0.146575 [94mAcc_combined: 74.45 [94mAcc_c: 59.39 [94mAcc_g: 77.29 [92mF1_combined: 71.94 [92mF1_c: 63.10 [92mF1_g: 77.29 [95mCEU_cue_audio: 0.5234 [95mCEU_cue_video: 0.6800 [95mCEU_synergy: 0.0867 [95mCEU_coexistence: 0.9546 [97mS:[93m8.7%[97m([91m0.9c[97m-[94mF1:8.0%) [97mU1:[93m52.4%[97m([91m4.8c[97m) [97mU2:[93m68.0%[97m([91m22.3c[97m) [97mR:[93m95.5%[97m([91m45.9c[97m) [97mS-L: [92m1:[96m22%[39m [39m
2026-07-25 16:53:33,216 - Agent - INFO - [37mVal Epoch 39 step 39 with [31mce_loss_combined : 0.515648 [31mce_loss_c : 0.903120 [31mce_loss_g : 0.638014 [31mkl_synergy_rand_1 : 0.026572 [31mkl_synergy_rand_2 : 0.030655 [31mkl_synergy_1 : 0.017245 [31mkl_synergy_2 : 0.024725 [31mtotal : 0.614845 [31mdiag_kl_1 : 0.232996 [31mdiag_kl_2 : 0.142190 [94mAcc_combined: 75.11 [94mAcc_c: 56.55 [94mAcc_g: 76.20 [92mF1_combined: 73.24 [92mF1_c: 61.06 [92mF1_g: 76.25 [95mCEU_cue_audio: 0.4766 [95mCEU_cue_video: 0.7066 [95mCEU_synergy: 0.1305 [95mCEU_coexistence: 0.9455 [97mS:[93m13.0%[97m([91m1.3c[97m-[94mF1:12.9%) [97mU1:[93m47.6%[97m([91m4.4c[97m) [97mU2:[93m70.7%[97m([91m23.1c[97m) [97mR:[93m94.5%[97m([91m45.4c[97m) [97mS-L: [92m0:[96m7% [92m1:[96m22%[39m [39m
2026-07-25 16:53:41,251 - Agent - INFO - [37mVal Epoch 40 step 40 with [31mce_loss_combined : 0.510048 [31mce_loss_c : 0.874675 [31mce_loss_g : 0.644049 [31mkl_synergy_rand_1 : 0.025622 [31mkl_synergy_rand_2 : 0.029460 [31mkl_synergy_1 : 0.016188 [31mkl_synergy_2 : 0.024162 [31mtotal : 0.605481 [31mdiag_kl_1 : 0.221945 [31mdiag_kl_2 : 0.159514 [94mAcc_combined: 74.45 [94mAcc_c: 58.52 [94mAcc_g: 76.86 [92mF1_combined: 72.34 [92mF1_c: 62.15 [92mF1_g: 76.86 [95mCEU_cue_audio: 0.4766 [95mCEU_cue_video: 0.6400 [95mCEU_synergy: 0.0867 [95mCEU_coexistence: 0.9636 [97mS:[93m8.7%[97m([91m0.9c[97m-[94mF1:8.0%) [97mU1:[93m47.6%[97m([91m4.4c[97m) [97mU2:[93m64.0%[97m([91m21.0c[97m) [97mR:[93m96.4%[97m([91m46.3c[97m) [97mS-L: [92m1:[96m22%[39m [39m
2026-07-25 16:53:49,683 - Agent - INFO - [37mVal Epoch 41 step 41 with [31mce_loss_combined : 0.505465 [31mce_loss_c : 0.899465 [31mce_loss_g : 0.645473 [31mkl_synergy_rand_1 : 0.026708 [31mkl_synergy_rand_2 : 0.029891 [31mkl_synergy_1 : 0.017183 [31mkl_synergy_2 : 0.023895 [31mtotal : 0.603141 [31mdiag_kl_1 : 0.213595 [31mdiag_kl_2 : 0.152202 [94mAcc_combined: 74.89 [94mAcc_c: 59.39 [94mAcc_g: 76.86 [92mF1_combined: 72.42 [92mF1_c: 62.04 [92mF1_g: 76.86 [95mCEU_cue_audio: 0.4766 [95mCEU_cue_video: 0.6400 [95mCEU_synergy: 0.1305 [95mCEU_coexistence: 0.9546 [97mS:[93m13.0%[97m([91m1.3c[97m-[94mF1:12.9%) [97mU1:[93m47.6%[97m([91m4.4c[97m) [97mU2:[93m64.0%[97m([91m21.0c[97m) [97mR:[93m95.5%[97m([91m45.9c[97m) [97mS-L: [92m0:[96m7% [92m1:[96m22%[39m [39m
2026-07-25 16:53:57,994 - Agent - INFO - [37mVal Epoch 42 step 42 with [31mce_loss_combined : 0.500616 [31mce_loss_c : 0.891555 [31mce_loss_g : 0.631296 [31mkl_synergy_rand_1 : 0.026516 [31mkl_synergy_rand_2 : 0.028658 [31mkl_synergy_1 : 0.017155 [31mkl_synergy_2 : 0.023394 [31mtotal : 0.596339 [31mdiag_kl_1 : 0.223293 [31mdiag_kl_2 : 0.150433 [94mAcc_combined: 74.89 [94mAcc_c: 59.83 [94mAcc_g: 77.51 [92mF1_combined: 72.42 [92mF1_c: 62.30 [92mF1_g: 77.56 [95mCEU_cue_audio: 0.4766 [95mCEU_cue_video: 0.6666 [95mCEU_synergy: 0.0867 [95mCEU_coexistence: 0.9546 [97mS:[93m8.7%[97m([91m0.9c[97m-[94mF1:8.0%) [97mU1:[93m47.6%[97m([91m4.4c[97m) [97mU2:[93m66.7%[97m([91m21.8c[97m) [97mR:[93m95.5%[97m([91m45.9c[97m) [97mS-L: [92m1:[96m22%[39m [39m
2026-07-25 16:54:06,339 - Agent - INFO - [37mVal Epoch 43 step 43 with [31mce_loss_combined : 0.531120 [31mce_loss_c : 0.895770 [31mce_loss_g : 0.679206 [31mkl_synergy_rand_1 : 0.027531 [31mkl_synergy_rand_2 : 0.029927 [31mkl_synergy_1 : 0.018773 [31mkl_synergy_2 : 0.022613 [31mtotal : 0.629964 [31mdiag_kl_1 : 0.184929 [31mdiag_kl_2 : 0.184277 [94mAcc_combined: 74.02 [94mAcc_c: 59.39 [94mAcc_g: 76.42 [92mF1_combined: 71.87 [92mF1_c: 61.89 [92mF1_g: 76.42 [95mCEU_cue_audio: 0.5234 [95mCEU_cue_video: 0.6000 [95mCEU_synergy: 0.0867 [95mCEU_coexistence: 0.9636 [97mS:[93m8.7%[97m([91m0.9c[97m-[94mF1:8.0%) [97mU1:[93m52.4%[97m([91m4.8c[97m) [97mU2:[93m60.0%[97m([91m19.7c[97m) [97mR:[93m96.4%[97m([91m46.3c[97m) [97mS-L: [92m1:[96m22%[39m [39m
2026-07-25 16:54:14,570 - Agent - INFO - [37mVal Epoch 44 step 44 with [31mce_loss_combined : 0.520303 [31mce_loss_c : 0.924069 [31mce_loss_g : 0.642462 [31mkl_synergy_rand_1 : 0.027170 [31mkl_synergy_rand_2 : 0.029368 [31mkl_synergy_1 : 0.017137 [31mkl_synergy_2 : 0.020786 [31mtotal : 0.614764 [31mdiag_kl_1 : 0.207903 [31mdiag_kl_2 : 0.172214 [94mAcc_combined: 74.89 [94mAcc_c: 59.61 [94mAcc_g: 77.07 [92mF1_combined: 72.42 [92mF1_c: 62.17 [92mF1_g: 77.12 [95mCEU_cue_audio: 0.5234 [95mCEU_cue_video: 0.5734 [95mCEU_synergy: 0.1305 [95mCEU_coexistence: 0.9636 [97mS:[93m13.0%[97m([91m1.3c[97m-[94mF1:12.9%) [97mU1:[93m52.4%[97m([91m4.8c[97m) [97mU2:[93m57.3%[97m([91m18.8c[97m) [97mR:[93m96.4%[97m([91m46.3c[97m) [97mS-L: [92m0:[96m7% [92m1:[96m22%[39m [39m
2026-07-25 16:54:23,020 - Agent - INFO - [37mVal Epoch 45 step 45 with [31mce_loss_combined : 0.516031 [31mce_loss_c : 0.921374 [31mce_loss_g : 0.647966 [31mkl_synergy_rand_1 : 0.024574 [31mkl_synergy_rand_2 : 0.029569 [31mkl_synergy_1 : 0.017125 [31mkl_synergy_2 : 0.021998 [31mtotal : 0.609299 [31mdiag_kl_1 : 0.206053 [31mdiag_kl_2 : 0.159998 [94mAcc_combined: 74.67 [94mAcc_c: 58.73 [94mAcc_g: 76.86 [92mF1_combined: 72.38 [92mF1_c: 61.03 [92mF1_g: 76.86 [95mCEU_cue_audio: 0.4766 [95mCEU_cue_video: 0.6534 [95mCEU_synergy: 0.0867 [95mCEU_coexistence: 0.9636 [97mS:[93m8.7%[97m([91m0.9c[97m-[94mF1:8.0%) [97mU1:[93m47.6%[97m([91m4.4c[97m) [97mU2:[93m65.3%[97m([91m21.4c[97m) [97mR:[93m96.4%[97m([91m46.3c[97m) [97mS-L: [92m1:[96m22%[39m [39m
2026-07-25 16:54:31,404 - Agent - INFO - [37mVal Epoch 46 step 46 with [31mce_loss_combined : 0.523031 [31mce_loss_c : 0.929151 [31mce_loss_g : 0.658746 [31mkl_synergy_rand_1 : 0.026985 [31mkl_synergy_rand_2 : 0.030222 [31mkl_synergy_1 : 0.017943 [31mkl_synergy_2 : 0.023577 [31mtotal : 0.621758 [31mdiag_kl_1 : 0.208502 [31mdiag_kl_2 : 0.157484 [94mAcc_combined: 74.02 [94mAcc_c: 58.73 [94mAcc_g: 76.64 [92mF1_combined: 71.60 [92mF1_c: 60.71 [92mF1_g: 76.69 [95mCEU_cue_audio: 0.4766 [95mCEU_cue_video: 0.6266 [95mCEU_synergy: 0.0867 [95mCEU_coexistence: 0.9546 [97mS:[93m8.7%[97m([91m0.9c[97m-[94mF1:8.0%) [97mU1:[93m47.6%[97m([91m4.4c[97m) [97mU2:[93m62.7%[97m([91m20.5c[97m) [97mR:[93m95.5%[97m([91m45.9c[97m) [97mS-L: [92m1:[96m22%[39m [39m
2026-07-25 16:54:39,533 - Agent - INFO - [37mVal Epoch 47 step 47 with [31mce_loss_combined : 0.522400 [31mce_loss_c : 0.937895 [31mce_loss_g : 0.658681 [31mkl_synergy_rand_1 : 0.024328 [31mkl_synergy_rand_2 : 0.029907 [31mkl_synergy_1 : 0.018471 [31mkl_synergy_2 : 0.022441 [31mtotal : 0.617547 [31mdiag_kl_1 : 0.190874 [31mdiag_kl_2 : 0.169943 [94mAcc_combined: 73.36 [94mAcc_c: 59.17 [94mAcc_g: 76.86 [92mF1_combined: 70.67 [92mF1_c: 61.12 [92mF1_g: 76.86 [95mCEU_cue_audio: 0.4766 [95mCEU_cue_video: 0.6134 [95mCEU_synergy: 0.0867 [95mCEU_coexistence: 0.9546 [97mS:[93m8.7%[97m([91m0.9c[97m-[94mF1:8.0%) [97mU1:[93m47.6%[97m([91m4.4c[97m) [97mU2:[93m61.3%[97m([91m20.1c[97m) [97mR:[93m95.5%[97m([91m45.9c[97m) [97mS-L: [92m1:[96m22%[39m [39m
2026-07-25 16:54:48,045 - Agent - INFO - [37mVal Epoch 48 step 48 with [31mce_loss_combined : 0.521466 [31mce_loss_c : 0.936527 [31mce_loss_g : 0.660474 [31mkl_synergy_rand_1 : 0.026453 [31mkl_synergy_rand_2 : 0.030383 [31mkl_synergy_1 : 0.017716 [31mkl_synergy_2 : 0.023906 [31mtotal : 0.619924 [31mdiag_kl_1 : 0.202037 [31mdiag_kl_2 : 0.159720 [94mAcc_combined: 73.58 [94mAcc_c: 59.17 [94mAcc_g: 76.64 [92mF1_combined: 70.84 [92mF1_c: 60.96 [92mF1_g: 76.69 [95mCEU_cue_audio: 0.4766 [95mCEU_cue_video: 0.6134 [95mCEU_synergy: 0.0867 [95mCEU_coexistence: 0.9546 [97mS:[93m8.7%[97m([91m0.9c[97m-[94mF1:8.0%) [97mU1:[93m47.6%[97m([91m4.4c[97m) [97mU2:[93m61.3%[97m([91m20.1c[97m) [97mR:[93m95.5%[97m([91m45.9c[97m) [97mS-L: [92m1:[96m22%[39m [39m
2026-07-25 16:54:56,644 - Agent - INFO - [37mVal Epoch 49 step 49 with [31mce_loss_combined : 0.522704 [31mce_loss_c : 0.936753 [31mce_loss_g : 0.660702 [31mkl_synergy_rand_1 : 0.026087 [31mkl_synergy_rand_2 : 0.030108 [31mkl_synergy_1 : 0.018746 [31mkl_synergy_2 : 0.020763 [31mtotal : 0.618408 [31mdiag_kl_1 : 0.192652 [31mdiag_kl_2 : 0.168456 [94mAcc_combined: 73.58 [94mAcc_c: 59.39 [94mAcc_g: 76.64 [92mF1_combined: 70.84 [92mF1_c: 61.09 [92mF1_g: 76.69 [95mCEU_cue_audio: 0.4766 [95mCEU_cue_video: 0.6134 [95mCEU_synergy: 0.0867 [95mCEU_coexistence: 0.9546 [97mS:[93m8.7%[97m([91m0.9c[97m-[94mF1:8.0%) [97mU1:[93m47.6%[97m([91m4.4c[97m) [97mU2:[93m61.3%[97m([91m20.1c[97m) [97mR:[93m95.5%[97m([91m45.9c[97m) [97mS-L: [92m1:[96m22%[39m [39m
2026-07-25 16:55:05,137 - Agent - INFO - [37mVal Epoch 50 step 50 with [31mce_loss_combined : 0.521176 [31mce_loss_c : 0.946709 [31mce_loss_g : 0.667590 [31mkl_synergy_rand_1 : 0.024362 [31mkl_synergy_rand_2 : 0.027541 [31mkl_synergy_1 : 0.018507 [31mkl_synergy_2 : 0.020202 [31mtotal : 0.611788 [31mdiag_kl_1 : 0.215276 [31mdiag_kl_2 : 0.180823 [94mAcc_combined: 74.24 [94mAcc_c: 57.21 [94mAcc_g: 76.64 [92mF1_combined: 71.90 [92mF1_c: 59.00 [92mF1_g: 76.69 [95mCEU_cue_audio: 0.5234 [95mCEU_cue_video: 0.6000 [95mCEU_synergy: 0.1305 [95mCEU_coexistence: 0.9546 [97mS:[93m13.0%[97m([91m1.3c[97m-[94mF1:11.5%) [97mU1:[93m52.4%[97m([91m4.8c[97m) [97mU2:[93m60.0%[97m([91m19.7c[97m) [97mR:[93m95.5%[97m([91m45.9c[97m) [97mS-L: [92m1:[96m33%[39m [39m
2026-07-25 16:55:06,444 - Agent - INFO - We are in the final state.
2026-07-25 16:55:06,568 - root - INFO - Loaded best model from best_model_accuracy_state_dict
2026-07-25 16:55:07,576 - Agent - INFO - [37mVal Epoch 50 step 0 with [31mce_loss_combined : 0.481823 [31mce_loss_c : 0.801593 [31mce_loss_g : 0.514839 [31mkl_synergy_rand_1 : 0.019376 [31mkl_synergy_rand_2 : 0.025473 [31mkl_synergy_1 : 0.019106 [31mkl_synergy_2 : 0.024518 [31mtotal : 0.570296 [31mdiag_kl_1 : 0.149017 [31mdiag_kl_2 : 0.143044 [94mAcc_combined: 79.26 [94mAcc_c: 56.55 [94mAcc_g: 77.29 [92mF1_combined: 79.12 [92mF1_c: 63.22 [92mF1_g: 77.29 [95mCEU_cue_audio: 0.3806 [95mCEU_cue_video: 0.8534 [95mCEU_synergy: 0.0867 [95mCEU_coexistence: 0.9636 [97mS:[93m8.7%[97m([91m0.9c[97m-[94mF1:8.7%) [97mU1:[93m38.1%[97m([91m3.5c[97m) [97mU2:[93m85.3%[97m([91m27.9c[97m) [97mR:[93m96.4%[97m([91m46.3c[97m) [97mS-L: [92m0:[96m7% [92m1:[96m11%[39m [39m
2026-07-25 16:55:09,830 - Agent - INFO - [37mTest Epoch 50 step 0 with [31mce_loss_combined : 0.584825 [31mce_loss_c : 0.851715 [31mce_loss_g : 0.657668 [31mkl_synergy_rand_1 : 0.017923 [31mkl_synergy_rand_2 : 0.023023 [31mkl_synergy_1 : 0.018175 [31mkl_synergy_2 : 0.022848 [31mtotal : 0.666794 [31mdiag_kl_1 : 0.174221 [31mdiag_kl_2 : 0.142314 [94mAcc_combined: 73.76 [94mAcc_c: 51.90 [94mAcc_g: 74.42 [92mF1_combined: 73.76 [92mF1_c: 62.33 [92mF1_g: 74.36 [95mCEU_cue_audio: 0.2332 [95mCEU_cue_video: 0.8628 [95mCEU_synergy: 0.1266 [95mCEU_coexistence: 0.9384 [97mS:[93m12.7%[97m([91m1.3c[97m-[94mF1:12.5%) [97mU1:[93m23.3%[97m([91m3.1c[97m) [97mU2:[93m86.3%[97m([91m29.3c[97m) [97mR:[93m93.8%[97m([91m39.9c[97m) [97mS-L: [92m0:[96m8% [92m1:[96m18%[39m [39m
2026-07-25 16:55:10,694 - Agent - INFO - [37mModel saved successfully at: ./artifacts/models/multibench/mosi/vt/SynIB_RMask_U_foldREFABL_mosi_fold1_l0.1_perturbrandom_fillema_pmin0.3_refclass_prior_lr0.0005_wd0.001_bs32.pth.tar[39m
Job finished
