Starting SynIB reference-ablation job
Python 3.10.19
/esat/smcdata/users/kkontras/Image_Dataset/no_backup/git/SynIB  (git a2fb4fd)
GPU 0: NVIDIA GeForce RTX 3090 Ti (UUID: GPU-5d8e6215-b7c7-b778-8d5e-f71e0522dcb2)
Executing: PYTHONPATH=src /esat/smcdata/users/kkontras/Image_Dataset/no_backup/envs/synergy_new/bin/python -m synib.entrypoints.train --config run/configs/rebuttal_ref_ablation/urfunny_synib.json --default_config run/configs/rebuttal_ref_ablation/urfunny_default.json --fold 1 --rmask random --l 0.001 --perturb_pmin 0.7 --perturb_fill ema --lr 0.001 --wd 0.001 --reference_type unimodal_anchor --ref_diag --start_over --tag REFABL_urfunny
Namespace(config='run/configs/rebuttal_ref_ablation/urfunny_synib.json', default_config='run/configs/rebuttal_ref_ablation/urfunny_default.json', fold='1', alpha=None, tanh_mode_beta=None, regby=None, batch_size=None, l='0.001', multil=None, lib=None, kmepoch=None, num_samples=None, contrcoeff=None, contr_type=None, shuffle_type=None, validate_with=None, num_classes=None, optim_method=None, ending_epoch=None, load_ongoing=None, recon_weight1=None, recon_weight2=None, recon_epochstages=None, recon_ensemblestages=None, lr='0.001', wd='0.001', cls=None, ironic_rate=None, perturb='random', perturb_fill='ema', perturb_pmax=None, perturb_pmin='0.7', perturb_lsparse=None, rmask='random', pmin=None, pmax=None, lsparse=None, debug_mask_stats=False, pre=False, frozen=False, tdqm_disable=False, start_over=True, no_model_save=False, num_layers=None, grad_accum=None, init_from=None, init_strict=False, perturb_lsparse_sign=None, l_anneal_epochs=None, perturb_steps=None, perturb_lsparse_warmup=None, perturb_lsparse_schedule=None, persist_ell=False, save_masks=False, penalty_swap=False, disable_ce_random=False, disable_kl_learned=False, masking_only=False, modality_dropout=None, modality_dropout_target=None, l_z1_masked=None, l_z2_masked=None, l_pareto=None, reference_type='unimodal_anchor', ref_diag=True, ref_ema_decay=None, tag='REFABL_urfunny')
2026-07-25 16:08:17,740 - Config - INFO - run/configs/rebuttal_ref_ablation/urfunny_synib.json
2026-07-25 16:08:17,742 - Config - INFO -  THE Configuration of your experiment ..
{'agent': 'Agent',
 'dataset': {'data_roots': './src/synib/mydatasets/Factor_CL_Datasets/prepared/ur_funny/ur_funny_data.pkl',
             'data_type': 'humor',
             'dataloader_class': 'FactorCL_Dataloader',
             'kfold_data_roots': './src/synib/mydatasets/Factor_CL_Datasets/prepared/ur_funny/ur_funny_synergy3.pkl'},
 'early_stopping': {'end_of_epoch_check': True,
                    'log_interval': 10,
                    'max_epoch': 100,
                    'n_steps_stop': 30,
                    'n_steps_stop_after': 0,
                    'save_every_step': 3000,
                    'save_every_valstep': 50,
                    'validate_after': 0,
                    'validate_every': 185},
 'exp_name': 'UR-FUNNY Experiment',
 'model': {'args': {'bias_infusion': {'method': False},
                    'clip_grad': False,
                    'cls_type': 'mlp',
                    'd_model': 40,
                    'dropout': 0.1,
                    'fc_inner': 64,
                    'hidden_dim': 64,
                    'in_dim': 64,
                    'multi_loss': {'multi_supervised_w': {'c': 1,
                                                          'combined': 1,
                                                          'g': 1}},
                    'norm_decision': False,
                    'num_classes': 2},
           'ceu': {'test': './artifacts/ceus/ur_funny/ur_funny_ceu_test.pkl',
                   'val': './artifacts/ceus/ur_funny/ur_funny_ceu_val.pkl'},
           'encoders': [{'args': {'freeze_encoder': False,
                                  'hidden_size': 40,
                                  'modality': 'c',
                                  'n_features': 371,
                                  'num_classes': 2},
                         'model': 'FactorCL_Uni',
                         'pretrainedEncoder': {'dir': 'unimodal_video_fold{}_vldaccuracy_lr0.001_wd0.0001.pth.tar',
                                               'use': True}},
                        {'args': {'freeze_encoder': False,
                                  'hidden_size': 40,
                                  'modality': 'g',
                                  'n_features': 300,
                                  'num_classes': 2},
                         'model': 'FactorCL_Uni',
                         'pretrainedEncoder': {'dir': 'unimodal_text_fold{}_vldaccuracy_lr0.001_wd0.001.pth.tar',
                                               'use': True}}],
           'load_ongoing': False,
           'model_class': 'FusionIBModel_Mask',
           'save_base_dir': './artifacts/models/multibench/ur_funny/vt',
           'save_dir': 'SynIB_RMask_{}.pth.tar'},
 'optimizer': {'beta1': 0.9,
               'beta2': 0.999,
               'learning_rate': 0.0001,
               'momentum': 0.9,
               'type': 'Adam',
               'weight_decay': 0.0001},
 'scheduler': {'max_lr': 0.03, 'type': 'cosanneal', 'warm_up_steps': 780},
 'task': 'classification',
 'training_params': {'adversarial_training': {'adv_epsilon': 0.01,
                                              'use': False},
                     'async_loading': True,
                     'batch_size': 32,
                     'cuda': True,
                     'data_loader_workers': 8,
                     'gpu_device': [0],
                     'pin_memory': True,
                     'rec_test': True,
                     'res': True,
                     'seed': 109,
                     'tdqm_disable': False,
                     'test_batch_size': 32,
                     'test_on_bottoms': False,
                     'use_test_set': True,
                     'validation': True,
                     'verbose': True,
                     'wandb_disable': True}}
2026-07-25 16:08:17,744 - Config - INFO -  *************************************** 
2026-07-25 16:08:17,744 - Config - INFO - The experiment name is UR-FUNNY Experiment
2026-07-25 16:08:17,744 - Config - INFO -  *************************************** 
2026-07-25 16:08:17,744 - root - INFO - save_dir: SynIB_RMask_REFABL_urfunny_fold1_l0.001_perturbrandom_fillema_pmin0.7_refunimodal_anchor_lr0.001_wd0.001.pth.tar
2026-07-25 16:08:17,853 - Cuda Statistics - INFO - __Python VERSION:  3.10.19 (main, Oct 21 2025, 16:43:05) [GCC 11.2.0]
2026-07-25 16:08:17,853 - Cuda Statistics - INFO - __pyTorch VERSION:  2.9.1+cu128
2026-07-25 16:08:17,853 - Cuda Statistics - INFO - __CUDA VERSION
2026-07-25 16:08:17,854 - Cuda Statistics - INFO - __CUDNN VERSION:  91002
2026-07-25 16:08:17,879 - Cuda Statistics - INFO - __Number CUDA Devices:  1
2026-07-25 16:08:17,879 - Cuda Statistics - INFO - __Devices
2026-07-25 16:08:17,879 - Cuda Statistics - INFO - index, name, driver_version, memory.total [MiB], memory.used [MiB], memory.free [MiB]
2026-07-25 16:08:17,879 - Cuda Statistics - INFO - 0, NVIDIA GeForce RTX 3090 Ti, 610.43.03, 24564 MiB, 20 MiB, 24089 MiB
2026-07-25 16:08:17,883 - Cuda Statistics - INFO - Active CUDA Device: GPU 0
2026-07-25 16:08:17,883 - Cuda Statistics - INFO - Available devices  1
2026-07-25 16:08:17,883 - Cuda Statistics - INFO - Current cuda device  0
2026-07-25 16:08:18,824 - Agent - INFO - Device: cuda:0
2026-07-25 16:08:18,824 - Agent - INFO - Total training batches: 253, validate every 185 batches, steps per epoch: 2
2026-07-25 16:08:18,886 - Agent - INFO - Loss Weights are {'total': 1, 'combined': 1, 'c': 1, 'g': 1}
2026-07-25 16:08:18,887 - root - INFO - There is no CEU for train
2026-07-25 16:08:18,961 - root - INFO - Loading enc best model state dict from ./artifacts/models/multibench/ur_funny/vt/unimodal_video_fold1_vldaccuracy_lr0.001_wd0.0001.pth.tar
2026-07-25 16:08:19,032 - root - INFO - Loading enc best model state dict from ./artifacts/models/multibench/ur_funny/vt/unimodal_text_fold1_vldaccuracy_lr0.001_wd0.001.pth.tar
2026-07-25 16:08:19,164 - Agent - INFO - Total number of trainable parameters are: 5274476
2026-07-25 16:08:19,172 - Agent - INFO - Total number of trainable parameters are: 1767508
2026-07-25 16:08:48,512 - Evaluator - INFO - New best with loss-accuracy-syn_accuracy-
2026-07-25 16:08:48,512 - Agent - INFO - [37mVal Epoch 1 step 1 with [31mce_loss_combined : 0.666899 [31mce_loss_c : 0.700835 [31mce_loss_g : 0.662172 [31mkl_synergy_rand_1 : 0.000040 [31mkl_synergy_rand_2 : 0.000013 [31mkl_synergy_1 : 0.000036 [31mkl_synergy_2 : 0.000011 [31mtotal : 0.667000 [31mdiag_kl_1 : 0.041993 [31mdiag_kl_2 : 0.027410 [94mAcc_combined: 60.30 [94mAcc_c: 49.18 [94mAcc_g: 60.59 [92mF1_combined: 64.41 [92mF1_c: 37.77 [92mF1_g: 66.53 [95mCEU_cue_audio: 0.2371 [95mCEU_cue_video: 0.8244 [95mCEU_synergy: 0.2168 [95mCEU_coexistence: 0.8661 [97mS:[93m21.7%[97m([91m4.7c[97m-[94mF1:17.8%) [97mU1:[93m23.7%[97m([91m4.1c[97m) [97mU2:[93m82.5%[97m([91m24.1c[97m) [97mR:[93m86.6%[97m([91m27.6c[97m) [97mS-L: [92m1:[96m39%[39m [39m
2026-07-25 16:08:48,529 - Agent - INFO - [37mTest Epoch 1 step 1 with [31mce_loss_combined : 0.628058 [31mce_loss_c : 0.691751 [31mce_loss_g : 0.631154 [31mkl_synergy_rand_1 : 0.000044 [31mkl_synergy_rand_2 : 0.000013 [31mkl_synergy_1 : 0.000034 [31mkl_synergy_2 : 0.000012 [31mtotal : 0.628161 [31mdiag_kl_1 : 0.044616 [31mdiag_kl_2 : 0.027742 [94mAcc_combined: 62.43 [94mAcc_c: 51.70 [94mAcc_g: 60.73 [92mF1_combined: 66.07 [92mF1_c: 40.23 [92mF1_g: 66.34 [95mCEU_cue_audio: 0.2431 [95mCEU_cue_video: 0.8083 [95mCEU_synergy: 0.2213 [95mCEU_coexistence: 0.9084 [97mS:[93m22.1%[97m([91m4.3c[97m-[94mF1:18.1%) [97mU1:[93m24.3%[97m([91m4.3c[97m) [97mU2:[93m80.8%[97m([91m19.9c[97m) [97mR:[93m90.8%[97m([91m34.7c[97m) [97mS-L: [92m1:[96m38%[39m [39m
2026-07-25 16:08:48,689 - Agent - INFO - [37mModel saved successfully at: ./artifacts/models/multibench/ur_funny/vt/SynIB_RMask_REFABL_urfunny_fold1_l0.001_perturbrandom_fillema_pmin0.7_refunimodal_anchor_lr0.001_wd0.001.pth.tar[39m
2026-07-25 16:09:17,475 - Evaluator - INFO - New best with loss-accuracy-
2026-07-25 16:09:17,475 - Agent - INFO - [37mVal Epoch 2 step 2 with [31mce_loss_combined : 0.661757 [31mce_loss_c : 0.696724 [31mce_loss_g : 0.662837 [31mkl_synergy_rand_1 : 0.000059 [31mkl_synergy_rand_2 : 0.000005 [31mkl_synergy_1 : 0.000044 [31mkl_synergy_2 : 0.000006 [31mtotal : 0.661870 [31mdiag_kl_1 : 0.059974 [31mdiag_kl_2 : 0.009813 [94mAcc_combined: 62.04 [94mAcc_c: 51.16 [94mAcc_g: 61.41 [92mF1_combined: 65.00 [92mF1_c: 32.76 [92mF1_g: 66.13 [95mCEU_cue_audio: 0.0905 [95mCEU_cue_video: 0.9504 [95mCEU_synergy: 0.1281 [95mCEU_coexistence: 0.8937 [97mS:[93m12.8%[97m([91m2.8c[97m-[94mF1:11.4%) [97mU1:[93m9.0%[97m([91m1.5c[97m) [97mU2:[93m95.0%[97m([91m27.8c[97m) [97mR:[93m89.4%[97m([91m28.4c[97m) [97mS-L: [92m1:[96m23%[39m [39m
2026-07-25 16:09:17,491 - Agent - INFO - [37mTest Epoch 2 step 2 with [31mce_loss_combined : 0.628852 [31mce_loss_c : 0.682245 [31mce_loss_g : 0.630338 [31mkl_synergy_rand_1 : 0.000070 [31mkl_synergy_rand_2 : 0.000005 [31mkl_synergy_1 : 0.000046 [31mkl_synergy_2 : 0.000006 [31mtotal : 0.628979 [31mdiag_kl_1 : 0.070562 [31mdiag_kl_2 : 0.009078 [94mAcc_combined: 63.19 [94mAcc_c: 52.55 [94mAcc_g: 61.34 [92mF1_combined: 65.79 [92mF1_c: 37.48 [92mF1_g: 66.09 [95mCEU_cue_audio: 0.0973 [95mCEU_cue_video: 0.9197 [95mCEU_synergy: 0.1633 [95mCEU_coexistence: 0.9406 [97mS:[93m16.3%[97m([91m3.2c[97m-[94mF1:14.0%) [97mU1:[93m9.7%[97m([91m1.7c[97m) [97mU2:[93m92.0%[97m([91m22.7c[97m) [97mR:[93m94.1%[97m([91m35.9c[97m) [97mS-L: [92m1:[96m28%[39m [39m
2026-07-25 16:09:17,786 - Agent - INFO - [37mModel saved successfully at: ./artifacts/models/multibench/ur_funny/vt/SynIB_RMask_REFABL_urfunny_fold1_l0.001_perturbrandom_fillema_pmin0.7_refunimodal_anchor_lr0.001_wd0.001.pth.tar[39m
2026-07-25 16:09:46,684 - Agent - INFO - [37mVal Epoch 3 step 3 with [31mce_loss_combined : 0.669778 [31mce_loss_c : 0.700997 [31mce_loss_g : 0.663146 [31mkl_synergy_rand_1 : 0.000046 [31mkl_synergy_rand_2 : 0.000018 [31mkl_synergy_1 : 0.000034 [31mkl_synergy_2 : 0.000014 [31mtotal : 0.669890 [31mdiag_kl_1 : 0.047505 [31mdiag_kl_2 : 0.035003 [94mAcc_combined: 60.44 [94mAcc_c: 49.08 [94mAcc_g: 59.86 [92mF1_combined: 62.37 [92mF1_c: 30.13 [92mF1_g: 65.82 [95mCEU_cue_audio: 0.2488 [95mCEU_cue_video: 0.8377 [95mCEU_synergy: 0.1459 [95mCEU_coexistence: 0.8937 [97mS:[93m14.6%[97m([91m3.2c[97m-[94mF1:12.7%) [97mU1:[93m24.9%[97m([91m4.3c[97m) [97mU2:[93m83.8%[97m([91m24.5c[97m) [97mR:[93m89.4%[97m([91m28.4c[97m) [97mS-L: [92m1:[96m26%[39m [39m
2026-07-25 16:10:15,607 - Agent - INFO - [37mVal Epoch 4 step 4 with [31mce_loss_combined : 0.670745 [31mce_loss_c : 0.697797 [31mce_loss_g : 0.665715 [31mkl_synergy_rand_1 : 0.000072 [31mkl_synergy_rand_2 : 0.000005 [31mkl_synergy_1 : 0.000050 [31mkl_synergy_2 : 0.000004 [31mtotal : 0.670876 [31mdiag_kl_1 : 0.072403 [31mdiag_kl_2 : 0.016186 [94mAcc_combined: 61.75 [94mAcc_c: 50.19 [94mAcc_g: 61.90 [92mF1_combined: 62.99 [92mF1_c: 22.90 [92mF1_g: 67.41 [95mCEU_cue_audio: 0.1922 [95mCEU_cue_video: 0.9305 [95mCEU_synergy: 0.1016 [95mCEU_coexistence: 0.9393 [97mS:[93m10.2%[97m([91m2.2c[97m-[94mF1:9.4%) [97mU1:[93m19.2%[97m([91m3.3c[97m) [97mU2:[93m93.0%[97m([91m27.2c[97m) [97mR:[93m93.9%[97m([91m29.9c[97m) [97mS-L: [92m0:[96m1% [92m1:[96m17%[39m [39m
2026-07-25 16:10:45,290 - Agent - INFO - [37mVal Epoch 5 step 5 with [31mce_loss_combined : 0.665061 [31mce_loss_c : 0.696931 [31mce_loss_g : 0.663147 [31mkl_synergy_rand_1 : 0.000058 [31mkl_synergy_rand_2 : 0.000006 [31mkl_synergy_1 : 0.000039 [31mkl_synergy_2 : 0.000006 [31mtotal : 0.665171 [31mdiag_kl_1 : 0.058882 [31mdiag_kl_2 : 0.010452 [94mAcc_combined: 61.70 [94mAcc_c: 49.66 [94mAcc_g: 61.65 [92mF1_combined: 62.11 [92mF1_c: 39.23 [92mF1_g: 67.57 [95mCEU_cue_audio: 0.1297 [95mCEU_cue_video: 0.9404 [95mCEU_synergy: 0.0618 [95mCEU_coexistence: 0.9695 [97mS:[93m6.2%[97m([91m1.4c[97m-[94mF1:6.2%) [97mU1:[93m13.0%[97m([91m2.2c[97m) [97mU2:[93m94.0%[97m([91m27.5c[97m) [97mR:[93m97.0%[97m([91m30.9c[97m) [97mS-L: [92m0:[96m5% [92m1:[96m7%[39m [39m
2026-07-25 16:11:14,115 - Agent - INFO - [37mVal Epoch 6 step 6 with [31mce_loss_combined : 0.667380 [31mce_loss_c : 0.699653 [31mce_loss_g : 0.662232 [31mkl_synergy_rand_1 : 0.000063 [31mkl_synergy_rand_2 : 0.000011 [31mkl_synergy_1 : 0.000039 [31mkl_synergy_2 : 0.000009 [31mtotal : 0.667502 [31mdiag_kl_1 : 0.064106 [31mdiag_kl_2 : 0.025202 [94mAcc_combined: 61.36 [94mAcc_c: 50.92 [94mAcc_g: 60.59 [92mF1_combined: 62.58 [92mF1_c: 32.47 [92mF1_g: 66.31 [95mCEU_cue_audio: 0.1694 [95mCEU_cue_video: 0.9140 [95mCEU_synergy: 0.1016 [95mCEU_coexistence: 0.9239 [97mS:[93m10.2%[97m([91m2.2c[97m-[94mF1:9.4%) [97mU1:[93m16.9%[97m([91m2.9c[97m) [97mU2:[93m91.4%[97m([91m26.7c[97m) [97mR:[93m92.4%[97m([91m29.4c[97m) [97mS-L: [92m0:[96m1% [92m1:[96m17%[39m [39m
2026-07-25 16:11:43,257 - Evaluator - INFO - New best with accuracy-
2026-07-25 16:11:43,257 - Agent - INFO - [37mVal Epoch 7 step 7 with [31mce_loss_combined : 0.682803 [31mce_loss_c : 0.697064 [31mce_loss_g : 0.677294 [31mkl_synergy_rand_1 : 0.000088 [31mkl_synergy_rand_2 : 0.000007 [31mkl_synergy_1 : 0.000061 [31mkl_synergy_2 : 0.000006 [31mtotal : 0.682963 [31mdiag_kl_1 : 0.087177 [31mdiag_kl_2 : 0.020866 [94mAcc_combined: 62.23 [94mAcc_c: 50.48 [94mAcc_g: 62.43 [92mF1_combined: 63.45 [92mF1_c: 29.28 [92mF1_g: 67.37 [95mCEU_cue_audio: 0.1525 [95mCEU_cue_video: 0.9339 [95mCEU_synergy: 0.0883 [95mCEU_coexistence: 0.9484 [97mS:[93m8.8%[97m([91m1.9c[97m-[94mF1:8.7%) [97mU1:[93m15.3%[97m([91m2.6c[97m) [97mU2:[93m93.4%[97m([91m27.3c[97m) [97mR:[93m94.8%[97m([91m30.2c[97m) [97mS-L: [92m0:[96m5% [92m1:[96m12%[39m [39m
2026-07-25 16:11:43,273 - Agent - INFO - [37mTest Epoch 7 step 7 with [31mce_loss_combined : 0.645653 [31mce_loss_c : 0.684554 [31mce_loss_g : 0.644211 [31mkl_synergy_rand_1 : 0.000102 [31mkl_synergy_rand_2 : 0.000007 [31mkl_synergy_1 : 0.000059 [31mkl_synergy_2 : 0.000006 [31mtotal : 0.645827 [31mdiag_kl_1 : 0.101677 [31mdiag_kl_2 : 0.023114 [94mAcc_combined: 62.85 [94mAcc_c: 52.36 [94mAcc_g: 61.67 [92mF1_combined: 64.14 [92mF1_c: 33.51 [92mF1_g: 66.39 [95mCEU_cue_audio: 0.1298 [95mCEU_cue_video: 0.9197 [95mCEU_synergy: 0.1058 [95mCEU_coexistence: 0.9332 [97mS:[93m10.6%[97m([91m2.1c[97m-[94mF1:10.3%) [97mU1:[93m13.0%[97m([91m2.3c[97m) [97mU2:[93m92.0%[97m([91m22.7c[97m) [97mR:[93m93.3%[97m([91m35.6c[97m) [97mS-L: [92m0:[96m6% [92m1:[96m14%[39m [39m
2026-07-25 16:11:43,827 - Agent - INFO - [37mModel saved successfully at: ./artifacts/models/multibench/ur_funny/vt/SynIB_RMask_REFABL_urfunny_fold1_l0.001_perturbrandom_fillema_pmin0.7_refunimodal_anchor_lr0.001_wd0.001.pth.tar[39m
2026-07-25 16:12:12,714 - Evaluator - INFO - New best with accuracy-
2026-07-25 16:12:12,714 - Agent - INFO - [37mVal Epoch 8 step 8 with [31mce_loss_combined : 0.683039 [31mce_loss_c : 0.696809 [31mce_loss_g : 0.677442 [31mkl_synergy_rand_1 : 0.000085 [31mkl_synergy_rand_2 : 0.000005 [31mkl_synergy_1 : 0.000058 [31mkl_synergy_2 : 0.000005 [31mtotal : 0.683192 [31mdiag_kl_1 : 0.084436 [31mdiag_kl_2 : 0.020108 [94mAcc_combined: 62.52 [94mAcc_c: 50.53 [94mAcc_g: 61.85 [92mF1_combined: 63.73 [92mF1_c: 28.91 [92mF1_g: 67.19 [95mCEU_cue_audio: 0.1355 [95mCEU_cue_video: 0.9305 [95mCEU_synergy: 0.1149 [95mCEU_coexistence: 0.9484 [97mS:[93m11.5%[97m([91m2.5c[97m-[94mF1:11.5%) [97mU1:[93m13.6%[97m([91m2.3c[97m) [97mU2:[93m93.0%[97m([91m27.2c[97m) [97mR:[93m94.8%[97m([91m30.2c[97m) [97mS-L: [92m0:[96m13% [92m1:[96m10%[39m [39m
2026-07-25 16:12:12,730 - Agent - INFO - [37mTest Epoch 8 step 8 with [31mce_loss_combined : 0.647659 [31mce_loss_c : 0.683876 [31mce_loss_g : 0.645738 [31mkl_synergy_rand_1 : 0.000099 [31mkl_synergy_rand_2 : 0.000005 [31mkl_synergy_1 : 0.000058 [31mkl_synergy_2 : 0.000005 [31mtotal : 0.647826 [31mdiag_kl_1 : 0.098316 [31mdiag_kl_2 : 0.023217 [94mAcc_combined: 62.24 [94mAcc_c: 52.17 [94mAcc_g: 61.15 [92mF1_combined: 63.57 [92mF1_c: 32.89 [92mF1_g: 66.28 [95mCEU_cue_audio: 0.1189 [95mCEU_cue_video: 0.9197 [95mCEU_synergy: 0.0916 [95mCEU_coexistence: 0.9332 [97mS:[93m9.1%[97m([91m1.8c[97m-[94mF1:9.0%) [97mU1:[93m11.9%[97m([91m2.1c[97m) [97mU2:[93m92.0%[97m([91m22.7c[97m) [97mR:[93m93.3%[97m([91m35.6c[97m) [97mS-L: [92m0:[96m7% [92m1:[96m11%[39m [39m
2026-07-25 16:12:13,095 - Agent - INFO - [37mModel saved successfully at: ./artifacts/models/multibench/ur_funny/vt/SynIB_RMask_REFABL_urfunny_fold1_l0.001_perturbrandom_fillema_pmin0.7_refunimodal_anchor_lr0.001_wd0.001.pth.tar[39m
2026-07-25 16:12:42,854 - Agent - INFO - [37mVal Epoch 9 step 9 with [31mce_loss_combined : 0.670807 [31mce_loss_c : 0.697899 [31mce_loss_g : 0.667105 [31mkl_synergy_rand_1 : 0.000072 [31mkl_synergy_rand_2 : 0.000009 [31mkl_synergy_1 : 0.000046 [31mkl_synergy_2 : 0.000009 [31mtotal : 0.670942 [31mdiag_kl_1 : 0.072826 [31mdiag_kl_2 : 0.017031 [94mAcc_combined: 61.46 [94mAcc_c: 51.02 [94mAcc_g: 61.90 [92mF1_combined: 63.12 [92mF1_c: 32.51 [92mF1_g: 66.50 [95mCEU_cue_audio: 0.1863 [95mCEU_cue_video: 0.9240 [95mCEU_synergy: 0.0576 [95mCEU_coexistence: 0.9635 [97mS:[93m5.8%[97m([91m1.3c[97m-[94mF1:5.7%) [97mU1:[93m18.6%[97m([91m3.2c[97m) [97mU2:[93m92.4%[97m([91m27.0c[97m) [97mR:[93m96.4%[97m([91m30.7c[97m) [97mS-L: [92m0:[96m5% [92m1:[96m6%[39m [39m
2026-07-25 16:13:11,808 - Agent - INFO - [37mVal Epoch 10 step 10 with [31mce_loss_combined : 0.673607 [31mce_loss_c : 0.697315 [31mce_loss_g : 0.671952 [31mkl_synergy_rand_1 : 0.000055 [31mkl_synergy_rand_2 : 0.000010 [31mkl_synergy_1 : 0.000038 [31mkl_synergy_2 : 0.000010 [31mtotal : 0.673720 [31mdiag_kl_1 : 0.055765 [31mdiag_kl_2 : 0.014541 [94mAcc_combined: 61.03 [94mAcc_c: 49.13 [94mAcc_g: 61.41 [92mF1_combined: 63.40 [92mF1_c: 30.05 [92mF1_g: 66.24 [95mCEU_cue_audio: 0.1863 [95mCEU_cue_video: 0.9438 [95mCEU_synergy: 0.1061 [95mCEU_coexistence: 0.9148 [97mS:[93m10.6%[97m([91m2.3c[97m-[94mF1:10.6%) [97mU1:[93m18.6%[97m([91m3.2c[97m) [97mU2:[93m94.4%[97m([91m27.6c[97m) [97mR:[93m91.5%[97m([91m29.1c[97m) [97mS-L: [92m0:[96m10% [92m1:[96m11%[39m [39m
2026-07-25 16:13:41,137 - Agent - INFO - [37mVal Epoch 11 step 11 with [31mce_loss_combined : 0.685686 [31mce_loss_c : 0.697435 [31mce_loss_g : 0.676485 [31mkl_synergy_rand_1 : 0.000067 [31mkl_synergy_rand_2 : 0.000027 [31mkl_synergy_1 : 0.000041 [31mkl_synergy_2 : 0.000028 [31mtotal : 0.685849 [31mdiag_kl_1 : 0.064748 [31mdiag_kl_2 : 0.023727 [94mAcc_combined: 60.15 [94mAcc_c: 49.95 [94mAcc_g: 59.04 [92mF1_combined: 62.51 [92mF1_c: 56.71 [92mF1_g: 66.64 [95mCEU_cue_audio: 0.3446 [95mCEU_cue_video: 0.7583 [95mCEU_synergy: 0.1903 [95mCEU_coexistence: 0.9057 [97mS:[93m19.0%[97m([91m4.2c[97m-[94mF1:16.5%) [97mU1:[93m34.5%[97m([91m5.9c[97m) [97mU2:[93m75.8%[97m([91m22.1c[97m) [97mR:[93m90.6%[97m([91m28.8c[97m) [97mS-L: [92m0:[96m41% [92m1:[96m2%[39m [39m
2026-07-25 16:14:10,439 - Agent - INFO - [37mVal Epoch 12 step 12 with [31mce_loss_combined : 0.664452 [31mce_loss_c : 0.698176 [31mce_loss_g : 0.658925 [31mkl_synergy_rand_1 : 0.000047 [31mkl_synergy_rand_2 : 0.000013 [31mkl_synergy_1 : 0.000030 [31mkl_synergy_2 : 0.000013 [31mtotal : 0.664555 [31mdiag_kl_1 : 0.047205 [31mdiag_kl_2 : 0.022646 [94mAcc_combined: 61.85 [94mAcc_c: 49.76 [94mAcc_g: 61.03 [92mF1_combined: 63.32 [92mF1_c: 56.91 [92mF1_g: 67.32 [95mCEU_cue_audio: 0.2488 [95mCEU_cue_video: 0.8641 [95mCEU_synergy: 0.0883 [95mCEU_coexistence: 0.9513 [97mS:[93m8.8%[97m([91m1.9c[97m-[94mF1:8.8%) [97mU1:[93m24.9%[97m([91m4.3c[97m) [97mU2:[93m86.4%[97m([91m25.2c[97m) [97mR:[93m95.1%[97m([91m30.3c[97m) [97mS-L: [92m0:[96m13% [92m1:[96m6%[39m [39m
2026-07-25 16:14:40,504 - Agent - INFO - [37mVal Epoch 13 step 13 with [31mce_loss_combined : 0.688860 [31mce_loss_c : 0.696759 [31mce_loss_g : 0.683716 [31mkl_synergy_rand_1 : 0.000097 [31mkl_synergy_rand_2 : 0.000007 [31mkl_synergy_1 : 0.000063 [31mkl_synergy_2 : 0.000006 [31mtotal : 0.689033 [31mdiag_kl_1 : 0.096955 [31mdiag_kl_2 : 0.029011 [94mAcc_combined: 62.14 [94mAcc_c: 49.56 [94mAcc_g: 62.33 [92mF1_combined: 63.29 [92mF1_c: 46.43 [92mF1_g: 66.75 [95mCEU_cue_audio: 0.1975 [95mCEU_cue_video: 0.9072 [95mCEU_synergy: 0.1327 [95mCEU_coexistence: 0.9271 [97mS:[93m13.3%[97m([91m2.9c[97m-[94mF1:13.3%) [97mU1:[93m19.8%[97m([91m3.4c[97m) [97mU2:[93m90.7%[97m([91m26.5c[97m) [97mR:[93m92.7%[97m([91m29.5c[97m) [97mS-L: [92m0:[96m15% [92m1:[96m12%[39m [39m
2026-07-25 16:15:09,596 - Agent - INFO - [37mVal Epoch 14 step 14 with [31mce_loss_combined : 0.695038 [31mce_loss_c : 0.697219 [31mce_loss_g : 0.683985 [31mkl_synergy_rand_1 : 0.000103 [31mkl_synergy_rand_2 : 0.000009 [31mkl_synergy_1 : 0.000069 [31mkl_synergy_2 : 0.000006 [31mtotal : 0.695226 [31mdiag_kl_1 : 0.103662 [31mdiag_kl_2 : 0.036790 [94mAcc_combined: 61.90 [94mAcc_c: 49.81 [94mAcc_g: 61.61 [92mF1_combined: 62.87 [92mF1_c: 56.35 [92mF1_g: 66.21 [95mCEU_cue_audio: 0.2033 [95mCEU_cue_video: 0.9072 [95mCEU_synergy: 0.1107 [95mCEU_coexistence: 0.9271 [97mS:[93m11.1%[97m([91m2.4c[97m-[94mF1:11.0%) [97mU1:[93m20.3%[97m([91m3.5c[97m) [97mU2:[93m90.7%[97m([91m26.5c[97m) [97mR:[93m92.7%[97m([91m29.5c[97m) [97mS-L: [92m0:[96m11% [92m1:[96m11%[39m [39m
2026-07-25 16:15:38,873 - Agent - INFO - [37mVal Epoch 15 step 15 with [31mce_loss_combined : 0.703008 [31mce_loss_c : 0.697692 [31mce_loss_g : 0.692772 [31mkl_synergy_rand_1 : 0.000120 [31mkl_synergy_rand_2 : 0.000007 [31mkl_synergy_1 : 0.000072 [31mkl_synergy_2 : 0.000005 [31mtotal : 0.703211 [31mdiag_kl_1 : 0.119897 [31mdiag_kl_2 : 0.038034 [94mAcc_combined: 61.99 [94mAcc_c: 48.60 [94mAcc_g: 61.65 [92mF1_combined: 62.89 [92mF1_c: 53.60 [92mF1_g: 66.27 [95mCEU_cue_audio: 0.2371 [95mCEU_cue_video: 0.8842 [95mCEU_synergy: 0.0929 [95mCEU_coexistence: 0.9331 [97mS:[93m9.3%[97m([91m2.0c[97m-[94mF1:9.3%) [97mU1:[93m23.7%[97m([91m4.1c[97m) [97mU2:[93m88.4%[97m([91m25.8c[97m) [97mR:[93m93.3%[97m([91m29.7c[97m) [97mS-L: [92m0:[96m11% [92m1:[96m8%[39m [39m
2026-07-25 16:16:08,178 - Agent - INFO - [37mVal Epoch 16 step 16 with [31mce_loss_combined : 0.703647 [31mce_loss_c : 0.697868 [31mce_loss_g : 0.693002 [31mkl_synergy_rand_1 : 0.000110 [31mkl_synergy_rand_2 : 0.000007 [31mkl_synergy_1 : 0.000069 [31mkl_synergy_2 : 0.000006 [31mtotal : 0.703838 [31mdiag_kl_1 : 0.109831 [31mdiag_kl_2 : 0.039595 [94mAcc_combined: 61.70 [94mAcc_c: 48.84 [94mAcc_g: 61.56 [92mF1_combined: 62.64 [92mF1_c: 54.51 [92mF1_g: 66.24 [95mCEU_cue_audio: 0.2371 [95mCEU_cue_video: 0.8842 [95mCEU_synergy: 0.0929 [95mCEU_coexistence: 0.9331 [97mS:[93m9.3%[97m([91m2.0c[97m-[94mF1:9.3%) [97mU1:[93m23.7%[97m([91m4.1c[97m) [97mU2:[93m88.4%[97m([91m25.8c[97m) [97mR:[93m93.3%[97m([91m29.7c[97m) [97mS-L: [92m0:[96m11% [92m1:[96m8%[39m [39m
2026-07-25 16:16:37,332 - Agent - INFO - [37mVal Epoch 17 step 17 with [31mce_loss_combined : 0.669160 [31mce_loss_c : 0.695074 [31mce_loss_g : 0.668022 [31mkl_synergy_rand_1 : 0.000065 [31mkl_synergy_rand_2 : 0.000007 [31mkl_synergy_1 : 0.000042 [31mkl_synergy_2 : 0.000007 [31mtotal : 0.669282 [31mdiag_kl_1 : 0.065757 [31mdiag_kl_2 : 0.020097 [94mAcc_combined: 61.32 [94mAcc_c: 49.56 [94mAcc_g: 61.27 [92mF1_combined: 61.83 [92mF1_c: 53.38 [92mF1_g: 66.86 [95mCEU_cue_audio: 0.1355 [95mCEU_cue_video: 0.9438 [95mCEU_synergy: 0.1505 [95mCEU_coexistence: 0.9057 [97mS:[93m15.0%[97m([91m3.3c[97m-[94mF1:13.5%) [97mU1:[93m13.6%[97m([91m2.3c[97m) [97mU2:[93m94.4%[97m([91m27.6c[97m) [97mR:[93m90.6%[97m([91m28.8c[97m) [97mS-L: [92m0:[96m2% [92m1:[96m25%[39m [39m
2026-07-25 16:17:06,545 - Agent - INFO - [37mVal Epoch 18 step 18 with [31mce_loss_combined : 0.701863 [31mce_loss_c : 0.694996 [31mce_loss_g : 0.704413 [31mkl_synergy_rand_1 : 0.000130 [31mkl_synergy_rand_2 : 0.000023 [31mkl_synergy_1 : 0.000075 [31mkl_synergy_2 : 0.000022 [31mtotal : 0.702112 [31mdiag_kl_1 : 0.128303 [31mdiag_kl_2 : 0.049655 [94mAcc_combined: 60.78 [94mAcc_c: 49.08 [94mAcc_g: 60.49 [92mF1_combined: 61.10 [92mF1_c: 28.51 [92mF1_g: 63.35 [95mCEU_cue_audio: 0.1863 [95mCEU_cue_video: 0.8874 [95mCEU_synergy: 0.1903 [95mCEU_coexistence: 0.8693 [97mS:[93m19.0%[97m([91m4.2c[97m-[94mF1:16.3%) [97mU1:[93m18.6%[97m([91m3.2c[97m) [97mU2:[93m88.7%[97m([91m25.9c[97m) [97mR:[93m86.9%[97m([91m27.7c[97m) [97mS-L: [92m0:[96m1% [92m1:[96m33%[39m [39m
2026-07-25 16:17:35,737 - Agent - INFO - [37mVal Epoch 19 step 19 with [31mce_loss_combined : 0.701641 [31mce_loss_c : 0.697786 [31mce_loss_g : 0.689871 [31mkl_synergy_rand_1 : 0.000116 [31mkl_synergy_rand_2 : 0.000020 [31mkl_synergy_1 : 0.000071 [31mkl_synergy_2 : 0.000019 [31mtotal : 0.701868 [31mdiag_kl_1 : 0.116552 [31mdiag_kl_2 : 0.050698 [94mAcc_combined: 60.83 [94mAcc_c: 49.32 [94mAcc_g: 61.61 [92mF1_combined: 61.24 [92mF1_c: 32.73 [92mF1_g: 65.30 [95mCEU_cue_audio: 0.2202 [95mCEU_cue_video: 0.8740 [95mCEU_synergy: 0.1016 [95mCEU_coexistence: 0.9239 [97mS:[93m10.2%[97m([91m2.2c[97m-[94mF1:9.8%) [97mU1:[93m22.0%[97m([91m3.8c[97m) [97mU2:[93m87.4%[97m([91m25.5c[97m) [97mR:[93m92.4%[97m([91m29.4c[97m) [97mS-L: [92m0:[96m4% [92m1:[96m15%[39m [39m
2026-07-25 16:17:56,276 - Agent - INFO - [37mModel saved successfully at: ./artifacts/models/multibench/ur_funny/vt/SynIB_RMask_REFABL_urfunny_fold1_l0.001_perturbrandom_fillema_pmin0.7_refunimodal_anchor_lr0.001_wd0.001.pth.tar[39m
2026-07-25 16:18:05,728 - Agent - INFO - [37mVal Epoch 20 step 20 with [31mce_loss_combined : 0.708708 [31mce_loss_c : 0.697915 [31mce_loss_g : 0.700250 [31mkl_synergy_rand_1 : 0.000126 [31mkl_synergy_rand_2 : 0.000026 [31mkl_synergy_1 : 0.000081 [31mkl_synergy_2 : 0.000025 [31mtotal : 0.708967 [31mdiag_kl_1 : 0.127989 [31mdiag_kl_2 : 0.058925 [94mAcc_combined: 60.54 [94mAcc_c: 49.27 [94mAcc_g: 60.20 [92mF1_combined: 60.62 [92mF1_c: 40.63 [92mF1_g: 63.60 [95mCEU_cue_audio: 0.1806 [95mCEU_cue_video: 0.8908 [95mCEU_synergy: 0.1816 [95mCEU_coexistence: 0.8693 [97mS:[93m18.1%[97m([91m4.0c[97m-[94mF1:15.9%) [97mU1:[93m18.1%[97m([91m3.1c[97m) [97mU2:[93m89.1%[97m([91m26.0c[97m) [97mR:[93m86.9%[97m([91m27.7c[97m) [97mS-L: [92m0:[96m2% [92m1:[96m31%[39m [39m
2026-07-25 16:18:35,119 - Agent - INFO - [37mVal Epoch 21 step 21 with [31mce_loss_combined : 0.710059 [31mce_loss_c : 0.703325 [31mce_loss_g : 0.697294 [31mkl_synergy_rand_1 : 0.000117 [31mkl_synergy_rand_2 : 0.000029 [31mkl_synergy_1 : 0.000078 [31mkl_synergy_2 : 0.000025 [31mtotal : 0.710309 [31mdiag_kl_1 : 0.119212 [31mdiag_kl_2 : 0.062959 [94mAcc_combined: 60.11 [94mAcc_c: 49.32 [94mAcc_g: 60.25 [92mF1_combined: 59.85 [92mF1_c: 33.33 [92mF1_g: 63.63 [95mCEU_cue_audio: 0.2488 [95mCEU_cue_video: 0.8312 [95mCEU_synergy: 0.1991 [95mCEU_coexistence: 0.8633 [97mS:[93m19.9%[97m([91m4.4c[97m-[94mF1:16.6%) [97mU1:[93m24.9%[97m([91m4.3c[97m) [97mU2:[93m83.1%[97m([91m24.3c[97m) [97mR:[93m86.3%[97m([91m27.5c[97m) [97mS-L: [92m1:[96m36%[39m [39m
2026-07-25 16:19:04,627 - Agent - INFO - [37mVal Epoch 22 step 22 with [31mce_loss_combined : 0.720256 [31mce_loss_c : 0.698303 [31mce_loss_g : 0.714078 [31mkl_synergy_rand_1 : 0.000109 [31mkl_synergy_rand_2 : 0.000009 [31mkl_synergy_1 : 0.000070 [31mkl_synergy_2 : 0.000009 [31mtotal : 0.720453 [31mdiag_kl_1 : 0.109404 [31mdiag_kl_2 : 0.039321 [94mAcc_combined: 60.88 [94mAcc_c: 49.42 [94mAcc_g: 60.83 [92mF1_combined: 60.56 [92mF1_c: 36.45 [92mF1_g: 65.18 [95mCEU_cue_audio: 0.2033 [95mCEU_cue_video: 0.8908 [95mCEU_synergy: 0.1149 [95mCEU_coexistence: 0.8997 [97mS:[93m11.5%[97m([91m2.5c[97m-[94mF1:11.2%) [97mU1:[93m20.3%[97m([91m3.5c[97m) [97mU2:[93m89.1%[97m([91m26.0c[97m) [97mR:[93m90.0%[97m([91m28.6c[97m) [97mS-L: [92m0:[96m6% [92m1:[96m16%[39m [39m
2026-07-25 16:19:34,535 - Agent - INFO - [37mVal Epoch 23 step 23 with [31mce_loss_combined : 0.722164 [31mce_loss_c : 0.698793 [31mce_loss_g : 0.704623 [31mkl_synergy_rand_1 : 0.000106 [31mkl_synergy_rand_2 : 0.000015 [31mkl_synergy_1 : 0.000070 [31mkl_synergy_2 : 0.000013 [31mtotal : 0.722368 [31mdiag_kl_1 : 0.106541 [31mdiag_kl_2 : 0.044222 [94mAcc_combined: 60.59 [94mAcc_c: 50.00 [94mAcc_g: 60.15 [92mF1_combined: 60.57 [92mF1_c: 51.86 [92mF1_g: 65.06 [95mCEU_cue_audio: 0.2261 [95mCEU_cue_video: 0.8908 [95mCEU_synergy: 0.1107 [95mCEU_coexistence: 0.8937 [97mS:[93m11.1%[97m([91m2.4c[97m-[94mF1:10.7%) [97mU1:[93m22.6%[97m([91m3.9c[97m) [97mU2:[93m89.1%[97m([91m26.0c[97m) [97mR:[93m89.4%[97m([91m28.4c[97m) [97mS-L: [92m0:[96m5% [92m1:[96m16%[39m [39m
2026-07-25 16:20:03,708 - Agent - INFO - [37mVal Epoch 24 step 24 with [31mce_loss_combined : 0.704390 [31mce_loss_c : 0.696869 [31mce_loss_g : 0.698425 [31mkl_synergy_rand_1 : 0.000096 [31mkl_synergy_rand_2 : 0.000010 [31mkl_synergy_1 : 0.000060 [31mkl_synergy_2 : 0.000008 [31mtotal : 0.704564 [31mdiag_kl_1 : 0.096250 [31mdiag_kl_2 : 0.041887 [94mAcc_combined: 61.75 [94mAcc_c: 49.61 [94mAcc_g: 60.88 [92mF1_combined: 61.95 [92mF1_c: 34.71 [92mF1_g: 66.05 [95mCEU_cue_audio: 0.2033 [95mCEU_cue_video: 0.9072 [95mCEU_synergy: 0.1240 [95mCEU_coexistence: 0.9089 [97mS:[93m12.4%[97m([91m2.7c[97m-[94mF1:11.6%) [97mU1:[93m20.3%[97m([91m3.5c[97m) [97mU2:[93m90.7%[97m([91m26.5c[97m) [97mR:[93m90.9%[97m([91m28.9c[97m) [97mS-L: [92m0:[96m3% [92m1:[96m20%[39m [39m
2026-07-25 16:20:32,623 - Agent - INFO - [37mVal Epoch 25 step 25 with [31mce_loss_combined : 0.727974 [31mce_loss_c : 0.696188 [31mce_loss_g : 0.717277 [31mkl_synergy_rand_1 : 0.000128 [31mkl_synergy_rand_2 : 0.000012 [31mkl_synergy_1 : 0.000079 [31mkl_synergy_2 : 0.000012 [31mtotal : 0.728205 [31mdiag_kl_1 : 0.126525 [31mdiag_kl_2 : 0.051200 [94mAcc_combined: 61.65 [94mAcc_c: 51.11 [94mAcc_g: 61.90 [92mF1_combined: 61.71 [92mF1_c: 26.58 [92mF1_g: 66.95 [95mCEU_cue_audio: 0.2150 [95mCEU_cue_video: 0.8510 [95mCEU_synergy: 0.1949 [95mCEU_coexistence: 0.9120 [97mS:[93m19.5%[97m([91m4.3c[97m-[94mF1:18.7%) [97mU1:[93m21.5%[97m([91m3.7c[97m) [97mU2:[93m85.1%[97m([91m24.9c[97m) [97mR:[93m91.2%[97m([91m29.0c[97m) [97mS-L: [92m0:[96m33% [92m1:[96m9%[39m [39m
2026-07-25 16:21:01,919 - Evaluator - INFO - New best with accuracy-
2026-07-25 16:21:01,920 - Agent - INFO - [37mVal Epoch 26 step 26 with [31mce_loss_combined : 0.722248 [31mce_loss_c : 0.695267 [31mce_loss_g : 0.709638 [31mkl_synergy_rand_1 : 0.000117 [31mkl_synergy_rand_2 : 0.000009 [31mkl_synergy_1 : 0.000082 [31mkl_synergy_2 : 0.000008 [31mtotal : 0.722463 [31mdiag_kl_1 : 0.117005 [31mdiag_kl_2 : 0.062501 [94mAcc_combined: 62.81 [94mAcc_c: 51.31 [94mAcc_g: 61.56 [92mF1_combined: 63.15 [92mF1_c: 28.93 [92mF1_g: 66.97 [95mCEU_cue_audio: 0.2261 [95mCEU_cue_video: 0.8942 [95mCEU_synergy: 0.2081 [95mCEU_coexistence: 0.8937 [97mS:[93m20.8%[97m([91m4.5c[97m-[94mF1:20.8%) [97mU1:[93m22.6%[97m([91m3.9c[97m) [97mU2:[93m89.4%[97m([91m26.1c[97m) [97mR:[93m89.4%[97m([91m28.4c[97m) [97mS-L: [92m0:[96m26% [92m1:[96m17%[39m [39m
2026-07-25 16:21:01,936 - Agent - INFO - [37mTest Epoch 26 step 26 with [31mce_loss_combined : 0.684594 [31mce_loss_c : 0.684226 [31mce_loss_g : 0.672441 [31mkl_synergy_rand_1 : 0.000134 [31mkl_synergy_rand_2 : 0.000009 [31mkl_synergy_1 : 0.000080 [31mkl_synergy_2 : 0.000009 [31mtotal : 0.684826 [31mdiag_kl_1 : 0.134603 [31mdiag_kl_2 : 0.070819 [94mAcc_combined: 62.67 [94mAcc_c: 52.88 [94mAcc_g: 61.67 [92mF1_combined: 62.84 [92mF1_c: 33.93 [92mF1_g: 66.88 [95mCEU_cue_audio: 0.1675 [95mCEU_cue_video: 0.8926 [95mCEU_synergy: 0.2309 [95mCEU_coexistence: 0.8714 [97mS:[93m23.1%[97m([91m4.5c[97m-[94mF1:22.9%) [97mU1:[93m16.8%[97m([91m2.9c[97m) [97mU2:[93m89.3%[97m([91m22.0c[97m) [97mR:[93m87.1%[97m([91m33.3c[97m) [97mS-L: [92m0:[96m22% [92m1:[96m24%[39m [39m
2026-07-25 16:21:02,322 - Agent - INFO - [37mModel saved successfully at: ./artifacts/models/multibench/ur_funny/vt/SynIB_RMask_REFABL_urfunny_fold1_l0.001_perturbrandom_fillema_pmin0.7_refunimodal_anchor_lr0.001_wd0.001.pth.tar[39m
2026-07-25 16:21:31,849 - Agent - INFO - [37mVal Epoch 27 step 27 with [31mce_loss_combined : 0.760605 [31mce_loss_c : 0.697658 [31mce_loss_g : 0.739628 [31mkl_synergy_rand_1 : 0.000160 [31mkl_synergy_rand_2 : 0.000016 [31mkl_synergy_1 : 0.000115 [31mkl_synergy_2 : 0.000014 [31mtotal : 0.760909 [31mdiag_kl_1 : 0.160613 [31mdiag_kl_2 : 0.085433 [94mAcc_combined: 61.80 [94mAcc_c: 49.08 [94mAcc_g: 61.07 [92mF1_combined: 62.13 [92mF1_c: 38.74 [92mF1_g: 65.29 [95mCEU_cue_audio: 0.2319 [95mCEU_cue_video: 0.8809 [95mCEU_synergy: 0.1725 [95mCEU_coexistence: 0.8875 [97mS:[93m17.3%[97m([91m3.8c[97m-[94mF1:16.1%) [97mU1:[93m23.2%[97m([91m4.0c[97m) [97mU2:[93m88.1%[97m([91m25.7c[97m) [97mR:[93m88.8%[97m([91m28.2c[97m) [97mS-L: [92m0:[96m6% [92m1:[96m26%[39m [39m
2026-07-25 16:22:01,027 - Agent - INFO - [37mVal Epoch 28 step 28 with [31mce_loss_combined : 0.734888 [31mce_loss_c : 0.699144 [31mce_loss_g : 0.725161 [31mkl_synergy_rand_1 : 0.000135 [31mkl_synergy_rand_2 : 0.000011 [31mkl_synergy_1 : 0.000089 [31mkl_synergy_2 : 0.000010 [31mtotal : 0.735134 [31mdiag_kl_1 : 0.134371 [31mdiag_kl_2 : 0.066091 [94mAcc_combined: 61.75 [94mAcc_c: 50.63 [94mAcc_g: 61.61 [92mF1_combined: 61.73 [92mF1_c: 37.93 [92mF1_g: 66.83 [95mCEU_cue_audio: 0.2658 [95mCEU_cue_video: 0.8477 [95mCEU_synergy: 0.1194 [95mCEU_coexistence: 0.9393 [97mS:[93m11.9%[97m([91m2.6c[97m-[94mF1:11.9%) [97mU1:[93m26.6%[97m([91m4.5c[97m) [97mU2:[93m84.8%[97m([91m24.8c[97m) [97mR:[93m93.9%[97m([91m29.9c[97m) [97mS-L: [92m0:[96m11% [92m1:[96m13%[39m [39m
2026-07-25 16:22:30,439 - Agent - INFO - [37mVal Epoch 29 step 29 with [31mce_loss_combined : 0.757658 [31mce_loss_c : 0.697639 [31mce_loss_g : 0.743055 [31mkl_synergy_rand_1 : 0.000158 [31mkl_synergy_rand_2 : 0.000007 [31mkl_synergy_1 : 0.000109 [31mkl_synergy_2 : 0.000006 [31mtotal : 0.757939 [31mdiag_kl_1 : 0.156160 [31mdiag_kl_2 : 0.076260 [94mAcc_combined: 62.57 [94mAcc_c: 49.95 [94mAcc_g: 61.94 [92mF1_combined: 62.86 [92mF1_c: 36.85 [92mF1_g: 66.78 [95mCEU_cue_audio: 0.2488 [95mCEU_cue_video: 0.8576 [95mCEU_synergy: 0.1683 [95mCEU_coexistence: 0.9180 [97mS:[93m16.8%[97m([91m3.7c[97m-[94mF1:16.8%) [97mU1:[93m24.9%[97m([91m4.3c[97m) [97mU2:[93m85.8%[97m([91m25.0c[97m) [97mR:[93m91.8%[97m([91m29.2c[97m) [97mS-L: [92m0:[96m20% [92m1:[96m14%[39m [39m
2026-07-25 16:22:59,499 - Agent - INFO - [37mVal Epoch 30 step 30 with [31mce_loss_combined : 0.772164 [31mce_loss_c : 0.697437 [31mce_loss_g : 0.751895 [31mkl_synergy_rand_1 : 0.000171 [31mkl_synergy_rand_2 : 0.000007 [31mkl_synergy_1 : 0.000119 [31mkl_synergy_2 : 0.000006 [31mtotal : 0.772468 [31mdiag_kl_1 : 0.172750 [31mdiag_kl_2 : 0.090647 [94mAcc_combined: 62.23 [94mAcc_c: 50.00 [94mAcc_g: 61.56 [92mF1_combined: 62.51 [92mF1_c: 36.72 [92mF1_g: 66.47 [95mCEU_cue_audio: 0.2541 [95mCEU_cue_video: 0.8709 [95mCEU_synergy: 0.1725 [95mCEU_coexistence: 0.9089 [97mS:[93m17.3%[97m([91m3.8c[97m-[94mF1:17.3%) [97mU1:[93m25.4%[97m([91m4.4c[97m) [97mU2:[93m87.1%[97m([91m25.4c[97m) [97mR:[93m90.9%[97m([91m28.9c[97m) [97mS-L: [92m0:[96m19% [92m1:[96m16%[39m [39m
2026-07-25 16:23:29,089 - Agent - INFO - [37mVal Epoch 31 step 31 with [31mce_loss_combined : 0.772065 [31mce_loss_c : 0.697524 [31mce_loss_g : 0.750614 [31mkl_synergy_rand_1 : 0.000171 [31mkl_synergy_rand_2 : 0.000007 [31mkl_synergy_1 : 0.000116 [31mkl_synergy_2 : 0.000006 [31mtotal : 0.772365 [31mdiag_kl_1 : 0.171038 [31mdiag_kl_2 : 0.090767 [94mAcc_combined: 62.38 [94mAcc_c: 50.44 [94mAcc_g: 61.61 [92mF1_combined: 62.60 [92mF1_c: 35.49 [92mF1_g: 66.58 [95mCEU_cue_audio: 0.2541 [95mCEU_cue_video: 0.8542 [95mCEU_synergy: 0.1816 [95mCEU_coexistence: 0.9120 [97mS:[93m18.1%[97m([91m4.0c[97m-[94mF1:18.1%) [97mU1:[93m25.4%[97m([91m4.4c[97m) [97mU2:[93m85.4%[97m([91m25.0c[97m) [97mR:[93m91.2%[97m([91m29.0c[97m) [97mS-L: [92m0:[96m21% [92m1:[96m16%[39m [39m
2026-07-25 16:23:58,583 - Agent - INFO - [37mVal Epoch 32 step 32 with [31mce_loss_combined : 0.769512 [31mce_loss_c : 0.697511 [31mce_loss_g : 0.748568 [31mkl_synergy_rand_1 : 0.000171 [31mkl_synergy_rand_2 : 0.000007 [31mkl_synergy_1 : 0.000118 [31mkl_synergy_2 : 0.000006 [31mtotal : 0.769813 [31mdiag_kl_1 : 0.170861 [31mdiag_kl_2 : 0.088700 [94mAcc_combined: 62.23 [94mAcc_c: 50.44 [94mAcc_g: 61.61 [92mF1_combined: 62.47 [92mF1_c: 35.49 [92mF1_g: 66.67 [95mCEU_cue_audio: 0.2541 [95mCEU_cue_video: 0.8610 [95mCEU_synergy: 0.1725 [95mCEU_coexistence: 0.9089 [97mS:[93m17.3%[97m([91m3.8c[97m-[94mF1:17.3%) [97mU1:[93m25.4%[97m([91m4.4c[97m) [97mU2:[93m86.1%[97m([91m25.1c[97m) [97mR:[93m90.9%[97m([91m28.9c[97m) [97mS-L: [92m0:[96m19% [92m1:[96m16%[39m [39m
2026-07-25 16:24:27,941 - Evaluator - INFO - New best with syn_accuracy-
2026-07-25 16:24:27,941 - Agent - INFO - [37mVal Epoch 33 step 33 with [31mce_loss_combined : 0.680476 [31mce_loss_c : 0.697479 [31mce_loss_g : 0.683439 [31mkl_synergy_rand_1 : 0.000047 [31mkl_synergy_rand_2 : 0.000035 [31mkl_synergy_1 : 0.000031 [31mkl_synergy_2 : 0.000035 [31mtotal : 0.680625 [31mdiag_kl_1 : 0.048372 [31mdiag_kl_2 : 0.041309 [94mAcc_combined: 60.35 [94mAcc_c: 50.05 [94mAcc_g: 59.28 [92mF1_combined: 61.25 [92mF1_c: 38.25 [92mF1_g: 65.26 [95mCEU_cue_audio: 0.2599 [95mCEU_cue_video: 0.8278 [95mCEU_synergy: 0.2612 [95mCEU_coexistence: 0.8328 [97mS:[93m26.1%[97m([91m5.7c[97m-[94mF1:21.8%) [97mU1:[93m26.0%[97m([91m4.4c[97m) [97mU2:[93m82.8%[97m([91m24.2c[97m) [97mR:[93m83.3%[97m([91m26.5c[97m) [97mS-L: [92m0:[96m3% [92m1:[96m44%[39m [39m
2026-07-25 16:24:27,958 - Agent - INFO - [37mTest Epoch 33 step 33 with [31mce_loss_combined : 0.635491 [31mce_loss_c : 0.685057 [31mce_loss_g : 0.644253 [31mkl_synergy_rand_1 : 0.000046 [31mkl_synergy_rand_2 : 0.000037 [31mkl_synergy_1 : 0.000025 [31mkl_synergy_2 : 0.000037 [31mtotal : 0.635635 [31mdiag_kl_1 : 0.046583 [31mdiag_kl_2 : 0.044861 [94mAcc_combined: 63.23 [94mAcc_c: 53.69 [94mAcc_g: 59.69 [92mF1_combined: 64.05 [92mF1_c: 44.63 [92mF1_g: 65.95 [95mCEU_cue_audio: 0.2649 [95mCEU_cue_video: 0.8009 [95mCEU_synergy: 0.2548 [95mCEU_coexistence: 0.8811 [97mS:[93m25.5%[97m([91m5.0c[97m-[94mF1:20.7%) [97mU1:[93m26.5%[97m([91m4.6c[97m) [97mU2:[93m80.1%[97m([91m19.8c[97m) [97mR:[93m88.1%[97m([91m33.6c[97m) [97mS-L: [92m0:[96m1% [92m1:[96m43%[39m [39m
2026-07-25 16:24:28,327 - Agent - INFO - [37mModel saved successfully at: ./artifacts/models/multibench/ur_funny/vt/SynIB_RMask_REFABL_urfunny_fold1_l0.001_perturbrandom_fillema_pmin0.7_refunimodal_anchor_lr0.001_wd0.001.pth.tar[39m
2026-07-25 16:24:57,555 - Evaluator - INFO - New best with syn_accuracy-
2026-07-25 16:24:57,555 - Agent - INFO - [37mVal Epoch 34 step 34 with [31mce_loss_combined : 0.705711 [31mce_loss_c : 0.698571 [31mce_loss_g : 0.701056 [31mkl_synergy_rand_1 : 0.000097 [31mkl_synergy_rand_2 : 0.000032 [31mkl_synergy_1 : 0.000067 [31mkl_synergy_2 : 0.000032 [31mtotal : 0.705940 [31mdiag_kl_1 : 0.096141 [31mdiag_kl_2 : 0.048761 [94mAcc_combined: 60.06 [94mAcc_c: 50.29 [94mAcc_g: 59.72 [92mF1_combined: 61.37 [92mF1_c: 54.19 [92mF1_g: 66.91 [95mCEU_cue_audio: 0.3557 [95mCEU_cue_video: 0.7616 [95mCEU_synergy: 0.3275 [95mCEU_coexistence: 0.7659 [97mS:[93m32.7%[97m([91m7.2c[97m-[94mF1:27.3%) [97mU1:[93m35.6%[97m([91m6.1c[97m) [97mU2:[93m76.2%[97m([91m22.2c[97m) [97mR:[93m76.6%[97m([91m24.4c[97m) [97mS-L: [92m0:[96m68% [92m1:[96m5%[39m [39m
2026-07-25 16:24:57,572 - Agent - INFO - [37mTest Epoch 34 step 34 with [31mce_loss_combined : 0.656709 [31mce_loss_c : 0.684139 [31mce_loss_g : 0.657701 [31mkl_synergy_rand_1 : 0.000114 [31mkl_synergy_rand_2 : 0.000030 [31mkl_synergy_1 : 0.000066 [31mkl_synergy_2 : 0.000032 [31mtotal : 0.656951 [31mdiag_kl_1 : 0.113458 [31mdiag_kl_2 : 0.052491 [94mAcc_combined: 60.21 [94mAcc_c: 53.31 [94mAcc_g: 59.69 [92mF1_combined: 61.38 [92mF1_c: 57.38 [92mF1_g: 66.56 [95mCEU_cue_audio: 0.3299 [95mCEU_cue_video: 0.8046 [95mCEU_synergy: 0.3555 [95mCEU_coexistence: 0.7376 [97mS:[93m35.6%[97m([91m7.0c[97m-[94mF1:33.8%) [97mU1:[93m33.0%[97m([91m5.8c[97m) [97mU2:[93m80.5%[97m([91m19.8c[97m) [97mR:[93m73.8%[97m([91m28.2c[97m) [97mS-L: [92m0:[96m61% [92m1:[96m17%[39m [39m
2026-07-25 16:24:58,105 - Agent - INFO - [37mModel saved successfully at: ./artifacts/models/multibench/ur_funny/vt/SynIB_RMask_REFABL_urfunny_fold1_l0.001_perturbrandom_fillema_pmin0.7_refunimodal_anchor_lr0.001_wd0.001.pth.tar[39m
2026-07-25 16:25:27,246 - Evaluator - INFO - New best with accuracy-
2026-07-25 16:25:27,246 - Agent - INFO - [37mVal Epoch 35 step 35 with [31mce_loss_combined : 0.673050 [31mce_loss_c : 0.693399 [31mce_loss_g : 0.675716 [31mkl_synergy_rand_1 : 0.000069 [31mkl_synergy_rand_2 : 0.000005 [31mkl_synergy_1 : 0.000046 [31mkl_synergy_2 : 0.000006 [31mtotal : 0.673176 [31mdiag_kl_1 : 0.072080 [31mdiag_kl_2 : 0.028502 [94mAcc_combined: 63.59 [94mAcc_c: 50.97 [94mAcc_g: 60.59 [92mF1_combined: 64.90 [92mF1_c: 15.50 [92mF1_g: 67.31 [95mCEU_cue_audio: 0.1075 [95mCEU_cue_video: 0.9702 [95mCEU_synergy: 0.2256 [95mCEU_coexistence: 0.8937 [97mS:[93m22.6%[97m([91m4.9c[97m-[94mF1:22.5%) [97mU1:[93m10.7%[97m([91m1.8c[97m) [97mU2:[93m97.0%[97m([91m28.3c[97m) [97mR:[93m89.4%[97m([91m28.4c[97m) [97mS-L: [92m0:[96m23% [92m1:[96m22%[39m [39m
2026-07-25 16:25:27,263 - Agent - INFO - [37mTest Epoch 35 step 35 with [31mce_loss_combined : 0.636347 [31mce_loss_c : 0.689983 [31mce_loss_g : 0.640044 [31mkl_synergy_rand_1 : 0.000075 [31mkl_synergy_rand_2 : 0.000006 [31mkl_synergy_1 : 0.000045 [31mkl_synergy_2 : 0.000007 [31mtotal : 0.636479 [31mdiag_kl_1 : 0.078503 [31mdiag_kl_2 : 0.031267 [94mAcc_combined: 63.23 [94mAcc_c: 51.32 [94mAcc_g: 61.58 [92mF1_combined: 64.80 [92mF1_c: 16.80 [92mF1_g: 68.00 [95mCEU_cue_audio: 0.0973 [95mCEU_cue_video: 0.9424 [95mCEU_synergy: 0.2452 [95mCEU_coexistence: 0.8787 [97mS:[93m24.5%[97m([91m4.8c[97m-[94mF1:24.0%) [97mU1:[93m9.7%[97m([91m1.7c[97m) [97mU2:[93m94.3%[97m([91m23.3c[97m) [97mR:[93m87.9%[97m([91m33.6c[97m) [97mS-L: [92m0:[96m19% [92m1:[96m28%[39m [39m
2026-07-25 16:25:27,633 - Agent - INFO - [37mModel saved successfully at: ./artifacts/models/multibench/ur_funny/vt/SynIB_RMask_REFABL_urfunny_fold1_l0.001_perturbrandom_fillema_pmin0.7_refunimodal_anchor_lr0.001_wd0.001.pth.tar[39m
2026-07-25 16:25:57,137 - Agent - INFO - [37mVal Epoch 36 step 36 with [31mce_loss_combined : 0.699167 [31mce_loss_c : 0.699611 [31mce_loss_g : 0.695325 [31mkl_synergy_rand_1 : 0.000090 [31mkl_synergy_rand_2 : 0.000016 [31mkl_synergy_1 : 0.000059 [31mkl_synergy_2 : 0.000013 [31mtotal : 0.699346 [31mdiag_kl_1 : 0.092018 [31mdiag_kl_2 : 0.048442 [94mAcc_combined: 61.22 [94mAcc_c: 48.74 [94mAcc_g: 61.03 [92mF1_combined: 62.63 [92mF1_c: 34.73 [92mF1_g: 66.05 [95mCEU_cue_audio: 0.2202 [95mCEU_cue_video: 0.8842 [95mCEU_synergy: 0.1770 [95mCEU_coexistence: 0.8693 [97mS:[93m17.7%[97m([91m3.9c[97m-[94mF1:16.4%) [97mU1:[93m22.0%[97m([91m3.8c[97m) [97mU2:[93m88.4%[97m([91m25.8c[97m) [97mR:[93m86.9%[97m([91m27.7c[97m) [97mS-L: [92m0:[96m6% [92m1:[96m27%[39m [39m
2026-07-25 16:26:26,768 - Agent - INFO - [37mVal Epoch 37 step 37 with [31mce_loss_combined : 0.730294 [31mce_loss_c : 0.710966 [31mce_loss_g : 0.717686 [31mkl_synergy_rand_1 : 0.000125 [31mkl_synergy_rand_2 : 0.000021 [31mkl_synergy_1 : 0.000079 [31mkl_synergy_2 : 0.000019 [31mtotal : 0.730538 [31mdiag_kl_1 : 0.125949 [31mdiag_kl_2 : 0.075038 [94mAcc_combined: 60.59 [94mAcc_c: 51.02 [94mAcc_g: 61.61 [92mF1_combined: 62.00 [92mF1_c: 54.39 [92mF1_g: 67.00 [95mCEU_cue_audio: 0.2996 [95mCEU_cue_video: 0.7914 [95mCEU_synergy: 0.1770 [95mCEU_coexistence: 0.8724 [97mS:[93m17.7%[97m([91m3.9c[97m-[94mF1:15.0%) [97mU1:[93m29.9%[97m([91m5.1c[97m) [97mU2:[93m79.1%[97m([91m23.1c[97m) [97mR:[93m87.2%[97m([91m27.8c[97m) [97mS-L: [92m1:[96m32%[39m [39m
2026-07-25 16:26:56,512 - Agent - INFO - [37mVal Epoch 38 step 38 with [31mce_loss_combined : 0.698410 [31mce_loss_c : 0.694976 [31mce_loss_g : 0.705815 [31mkl_synergy_rand_1 : 0.000093 [31mkl_synergy_rand_2 : 0.000013 [31mkl_synergy_1 : 0.000064 [31mkl_synergy_2 : 0.000012 [31mtotal : 0.698592 [31mdiag_kl_1 : 0.093343 [31mdiag_kl_2 : 0.043487 [94mAcc_combined: 62.62 [94mAcc_c: 49.18 [94mAcc_g: 60.20 [92mF1_combined: 63.93 [92mF1_c: 45.91 [92mF1_g: 66.34 [95mCEU_cue_audio: 0.2202 [95mCEU_cue_video: 0.8774 [95mCEU_synergy: 0.2566 [95mCEU_coexistence: 0.8661 [97mS:[93m25.7%[97m([91m5.6c[97m-[94mF1:25.6%) [97mU1:[93m22.0%[97m([91m3.8c[97m) [97mU2:[93m87.7%[97m([91m25.6c[97m) [97mR:[93m86.6%[97m([91m27.6c[97m) [97mS-L: [92m0:[96m32% [92m1:[96m21%[39m [39m
2026-07-25 16:27:25,722 - Agent - INFO - [37mVal Epoch 39 step 39 with [31mce_loss_combined : 0.724000 [31mce_loss_c : 0.699182 [31mce_loss_g : 0.716287 [31mkl_synergy_rand_1 : 0.000126 [31mkl_synergy_rand_2 : 0.000015 [31mkl_synergy_1 : 0.000080 [31mkl_synergy_2 : 0.000014 [31mtotal : 0.724234 [31mdiag_kl_1 : 0.126875 [31mdiag_kl_2 : 0.061103 [94mAcc_combined: 61.03 [94mAcc_c: 50.82 [94mAcc_g: 60.40 [92mF1_combined: 61.91 [92mF1_c: 34.60 [92mF1_g: 65.37 [95mCEU_cue_audio: 0.2488 [95mCEU_cue_video: 0.8411 [95mCEU_synergy: 0.1903 [95mCEU_coexistence: 0.8906 [97mS:[93m19.0%[97m([91m4.2c[97m-[94mF1:18.3%) [97mU1:[93m24.9%[97m([91m4.3c[97m) [97mU2:[93m84.1%[97m([91m24.6c[97m) [97mR:[93m89.1%[97m([91m28.3c[97m) [97mS-L: [92m0:[96m11% [92m1:[96m25%[39m [39m
2026-07-25 16:27:55,434 - Agent - INFO - [37mVal Epoch 40 step 40 with [31mce_loss_combined : 0.732754 [31mce_loss_c : 0.696265 [31mce_loss_g : 0.724717 [31mkl_synergy_rand_1 : 0.000138 [31mkl_synergy_rand_2 : 0.000013 [31mkl_synergy_1 : 0.000091 [31mkl_synergy_2 : 0.000012 [31mtotal : 0.733008 [31mdiag_kl_1 : 0.139618 [31mdiag_kl_2 : 0.054695 [94mAcc_combined: 62.43 [94mAcc_c: 50.29 [94mAcc_g: 60.88 [92mF1_combined: 62.95 [92mF1_c: 23.05 [92mF1_g: 66.02 [95mCEU_cue_audio: 0.2202 [95mCEU_cue_video: 0.8774 [95mCEU_synergy: 0.2124 [95mCEU_coexistence: 0.8906 [97mS:[93m21.2%[97m([91m4.6c[97m-[94mF1:21.1%) [97mU1:[93m22.0%[97m([91m3.8c[97m) [97mU2:[93m87.7%[97m([91m25.6c[97m) [97mR:[93m89.1%[97m([91m28.3c[97m) [97mS-L: [92m0:[96m29% [92m1:[96m15%[39m [39m
2026-07-25 16:28:24,990 - Agent - INFO - [37mVal Epoch 41 step 41 with [31mce_loss_combined : 0.735967 [31mce_loss_c : 0.704622 [31mce_loss_g : 0.712224 [31mkl_synergy_rand_1 : 0.000119 [31mkl_synergy_rand_2 : 0.000042 [31mkl_synergy_1 : 0.000080 [31mkl_synergy_2 : 0.000036 [31mtotal : 0.736243 [31mdiag_kl_1 : 0.120038 [31mdiag_kl_2 : 0.090220 [94mAcc_combined: 60.30 [94mAcc_c: 49.90 [94mAcc_g: 60.49 [92mF1_combined: 61.22 [92mF1_c: 38.92 [92mF1_g: 66.28 [95mCEU_cue_audio: 0.2827 [95mCEU_cue_video: 0.8144 [95mCEU_synergy: 0.1816 [95mCEU_coexistence: 0.8724 [97mS:[93m18.1%[97m([91m4.0c[97m-[94mF1:17.0%) [97mU1:[93m28.2%[97m([91m4.8c[97m) [97mU2:[93m81.5%[97m([91m23.8c[97m) [97mR:[93m87.2%[97m([91m27.8c[97m) [97mS-L: [92m0:[96m7% [92m1:[96m27%[39m [39m
2026-07-25 16:28:54,301 - Agent - INFO - [37mVal Epoch 42 step 42 with [31mce_loss_combined : 0.718894 [31mce_loss_c : 0.696601 [31mce_loss_g : 0.713183 [31mkl_synergy_rand_1 : 0.000097 [31mkl_synergy_rand_2 : 0.000014 [31mkl_synergy_1 : 0.000072 [31mkl_synergy_2 : 0.000015 [31mtotal : 0.719092 [31mdiag_kl_1 : 0.096492 [31mdiag_kl_2 : 0.052653 [94mAcc_combined: 61.70 [94mAcc_c: 49.47 [94mAcc_g: 60.15 [92mF1_combined: 63.20 [92mF1_c: 44.62 [92mF1_g: 66.59 [95mCEU_cue_audio: 0.2150 [95mCEU_cue_video: 0.8709 [95mCEU_synergy: 0.2389 [95mCEU_coexistence: 0.8843 [97mS:[93m23.9%[97m([91m5.2c[97m-[94mF1:23.9%) [97mU1:[93m21.5%[97m([91m3.7c[97m) [97mU2:[93m87.1%[97m([91m25.4c[97m) [97mR:[93m88.4%[97m([91m28.1c[97m) [97mS-L: [92m0:[96m29% [92m1:[96m20%[39m [39m
2026-07-25 16:29:23,703 - Agent - INFO - [37mVal Epoch 43 step 43 with [31mce_loss_combined : 0.777507 [31mce_loss_c : 0.697597 [31mce_loss_g : 0.766583 [31mkl_synergy_rand_1 : 0.000185 [31mkl_synergy_rand_2 : 0.000023 [31mkl_synergy_1 : 0.000115 [31mkl_synergy_2 : 0.000022 [31mtotal : 0.777854 [31mdiag_kl_1 : 0.185179 [31mdiag_kl_2 : 0.100387 [94mAcc_combined: 60.44 [94mAcc_c: 49.23 [94mAcc_g: 60.83 [92mF1_combined: 61.05 [92mF1_c: 40.81 [92mF1_g: 64.63 [95mCEU_cue_audio: 0.2319 [95mCEU_cue_video: 0.8411 [95mCEU_synergy: 0.2347 [95mCEU_coexistence: 0.8479 [97mS:[93m23.5%[97m([91m5.1c[97m-[94mF1:21.3%) [97mU1:[93m23.2%[97m([91m4.0c[97m) [97mU2:[93m84.1%[97m([91m24.6c[97m) [97mR:[93m84.8%[97m([91m27.0c[97m) [97mS-L: [92m0:[96m8% [92m1:[96m36%[39m [39m
2026-07-25 16:29:53,005 - Agent - INFO - [37mVal Epoch 44 step 44 with [31mce_loss_combined : 0.739165 [31mce_loss_c : 0.696302 [31mce_loss_g : 0.735766 [31mkl_synergy_rand_1 : 0.000148 [31mkl_synergy_rand_2 : 0.000013 [31mkl_synergy_1 : 0.000097 [31mkl_synergy_2 : 0.000014 [31mtotal : 0.739436 [31mdiag_kl_1 : 0.146741 [31mdiag_kl_2 : 0.069840 [94mAcc_combined: 61.99 [94mAcc_c: 49.47 [94mAcc_g: 60.25 [92mF1_combined: 62.99 [92mF1_c: 44.62 [92mF1_g: 65.95 [95mCEU_cue_audio: 0.2430 [95mCEU_cue_video: 0.8675 [95mCEU_synergy: 0.2347 [95mCEU_coexistence: 0.8661 [97mS:[93m23.5%[97m([91m5.1c[97m-[94mF1:23.4%) [97mU1:[93m24.3%[97m([91m4.2c[97m) [97mU2:[93m86.8%[97m([91m25.3c[97m) [97mR:[93m86.6%[97m([91m27.6c[97m) [97mS-L: [92m0:[96m30% [92m1:[96m18%[39m [39m
2026-07-25 16:30:22,665 - Agent - INFO - [37mVal Epoch 45 step 45 with [31mce_loss_combined : 0.787835 [31mce_loss_c : 0.697643 [31mce_loss_g : 0.768325 [31mkl_synergy_rand_1 : 0.000242 [31mkl_synergy_rand_2 : 0.000027 [31mkl_synergy_1 : 0.000149 [31mkl_synergy_2 : 0.000024 [31mtotal : 0.788277 [31mdiag_kl_1 : 0.241700 [31mdiag_kl_2 : 0.136061 [94mAcc_combined: 62.43 [94mAcc_c: 49.95 [94mAcc_g: 61.27 [92mF1_combined: 62.84 [92mF1_c: 48.12 [92mF1_g: 65.52 [95mCEU_cue_audio: 0.2541 [95mCEU_cue_video: 0.8740 [95mCEU_synergy: 0.2389 [95mCEU_coexistence: 0.8693 [97mS:[93m23.9%[97m([91m5.2c[97m-[94mF1:23.9%) [97mU1:[93m25.4%[97m([91m4.4c[97m) [97mU2:[93m87.4%[97m([91m25.5c[97m) [97mR:[93m86.9%[97m([91m27.7c[97m) [97mS-L: [92m0:[96m25% [92m1:[96m23%[39m [39m
2026-07-25 16:30:52,002 - Agent - INFO - [37mVal Epoch 46 step 46 with [31mce_loss_combined : 0.809958 [31mce_loss_c : 0.698198 [31mce_loss_g : 0.780264 [31mkl_synergy_rand_1 : 0.000255 [31mkl_synergy_rand_2 : 0.000048 [31mkl_synergy_1 : 0.000167 [31mkl_synergy_2 : 0.000048 [31mtotal : 0.810477 [31mdiag_kl_1 : 0.252491 [31mdiag_kl_2 : 0.134460 [94mAcc_combined: 61.90 [94mAcc_c: 50.68 [94mAcc_g: 61.22 [92mF1_combined: 62.12 [92mF1_c: 35.28 [92mF1_g: 65.31 [95mCEU_cue_audio: 0.2880 [95mCEU_cue_video: 0.8212 [95mCEU_synergy: 0.2434 [95mCEU_coexistence: 0.8724 [97mS:[93m24.3%[97m([91m5.3c[97m-[94mF1:23.4%) [97mU1:[93m28.8%[97m([91m4.9c[97m) [97mU2:[93m82.1%[97m([91m24.0c[97m) [97mR:[93m87.2%[97m([91m27.8c[97m) [97mS-L: [92m0:[96m40% [92m1:[96m12%[39m [39m
2026-07-25 16:31:12,411 - Agent - INFO - [37mModel saved successfully at: ./artifacts/models/multibench/ur_funny/vt/SynIB_RMask_REFABL_urfunny_fold1_l0.001_perturbrandom_fillema_pmin0.7_refunimodal_anchor_lr0.001_wd0.001.pth.tar[39m
2026-07-25 16:31:21,892 - Agent - INFO - [37mVal Epoch 47 step 47 with [31mce_loss_combined : 0.792126 [31mce_loss_c : 0.696199 [31mce_loss_g : 0.771539 [31mkl_synergy_rand_1 : 0.000207 [31mkl_synergy_rand_2 : 0.000018 [31mkl_synergy_1 : 0.000138 [31mkl_synergy_2 : 0.000018 [31mtotal : 0.792508 [31mdiag_kl_1 : 0.207276 [31mdiag_kl_2 : 0.127348 [94mAcc_combined: 61.32 [94mAcc_c: 49.95 [94mAcc_g: 60.78 [92mF1_combined: 61.90 [92mF1_c: 48.12 [92mF1_g: 65.53 [95mCEU_cue_audio: 0.2541 [95mCEU_cue_video: 0.8477 [95mCEU_synergy: 0.2347 [95mCEU_coexistence: 0.8602 [97mS:[93m23.5%[97m([91m5.1c[97m-[94mF1:23.4%) [97mU1:[93m25.4%[97m([91m4.4c[97m) [97mU2:[93m84.8%[97m([91m24.8c[97m) [97mR:[93m86.0%[97m([91m27.4c[97m) [97mS-L: [92m0:[96m26% [92m1:[96m21%[39m [39m
2026-07-25 16:31:51,664 - Agent - INFO - [37mVal Epoch 48 step 48 with [31mce_loss_combined : 0.809729 [31mce_loss_c : 0.695688 [31mce_loss_g : 0.791458 [31mkl_synergy_rand_1 : 0.000229 [31mkl_synergy_rand_2 : 0.000028 [31mkl_synergy_1 : 0.000150 [31mkl_synergy_2 : 0.000027 [31mtotal : 0.810164 [31mdiag_kl_1 : 0.229751 [31mdiag_kl_2 : 0.145975 [94mAcc_combined: 61.22 [94mAcc_c: 49.47 [94mAcc_g: 60.35 [92mF1_combined: 61.74 [92mF1_c: 44.62 [92mF1_g: 64.96 [95mCEU_cue_audio: 0.2319 [95mCEU_cue_video: 0.8641 [95mCEU_synergy: 0.2787 [95mCEU_coexistence: 0.8146 [97mS:[93m27.9%[97m([91m6.1c[97m-[94mF1:27.5%) [97mU1:[93m23.2%[97m([91m4.0c[97m) [97mU2:[93m86.4%[97m([91m25.2c[97m) [97mR:[93m81.5%[97m([91m25.9c[97m) [97mS-L: [92m0:[96m23% [92m1:[96m32%[39m [39m
2026-07-25 16:32:20,736 - Agent - INFO - [37mVal Epoch 49 step 49 with [31mce_loss_combined : 0.764026 [31mce_loss_c : 0.700289 [31mce_loss_g : 0.746867 [31mkl_synergy_rand_1 : 0.000180 [31mkl_synergy_rand_2 : 0.000030 [31mkl_synergy_1 : 0.000129 [31mkl_synergy_2 : 0.000029 [31mtotal : 0.764394 [31mdiag_kl_1 : 0.180179 [31mdiag_kl_2 : 0.105679 [94mAcc_combined: 61.94 [94mAcc_c: 49.23 [94mAcc_g: 60.54 [92mF1_combined: 62.61 [92mF1_c: 45.99 [92mF1_g: 66.42 [95mCEU_cue_audio: 0.3505 [95mCEU_cue_video: 0.7914 [95mCEU_synergy: 0.2214 [95mCEU_coexistence: 0.8784 [97mS:[93m22.1%[97m([91m4.8c[97m-[94mF1:21.8%) [97mU1:[93m35.0%[97m([91m6.0c[97m) [97mU2:[93m79.1%[97m([91m23.1c[97m) [97mR:[93m87.8%[97m([91m27.9c[97m) [97mS-L: [92m0:[96m32% [92m1:[96m14%[39m [39m
2026-07-25 16:32:50,009 - Agent - INFO - [37mVal Epoch 50 step 50 with [31mce_loss_combined : 0.782968 [31mce_loss_c : 0.698436 [31mce_loss_g : 0.768514 [31mkl_synergy_rand_1 : 0.000186 [31mkl_synergy_rand_2 : 0.000020 [31mkl_synergy_1 : 0.000135 [31mkl_synergy_2 : 0.000019 [31mtotal : 0.783329 [31mdiag_kl_1 : 0.186279 [31mdiag_kl_2 : 0.119925 [94mAcc_combined: 61.07 [94mAcc_c: 49.18 [94mAcc_g: 61.07 [92mF1_combined: 61.54 [92mF1_c: 46.57 [92mF1_g: 66.36 [95mCEU_cue_audio: 0.3446 [95mCEU_cue_video: 0.7782 [95mCEU_synergy: 0.1991 [95mCEU_coexistence: 0.8815 [97mS:[93m19.9%[97m([91m4.4c[97m-[94mF1:19.8%) [97mU1:[93m34.5%[97m([91m5.9c[97m) [97mU2:[93m77.8%[97m([91m22.7c[97m) [97mR:[93m88.1%[97m([91m28.0c[97m) [97mS-L: [92m0:[96m18% [92m1:[96m21%[39m [39m
2026-07-25 16:33:19,517 - Agent - INFO - [37mVal Epoch 51 step 51 with [31mce_loss_combined : 0.783747 [31mce_loss_c : 0.699246 [31mce_loss_g : 0.770109 [31mkl_synergy_rand_1 : 0.000181 [31mkl_synergy_rand_2 : 0.000017 [31mkl_synergy_1 : 0.000130 [31mkl_synergy_2 : 0.000014 [31mtotal : 0.784090 [31mdiag_kl_1 : 0.181206 [31mdiag_kl_2 : 0.129636 [94mAcc_combined: 60.69 [94mAcc_c: 48.55 [94mAcc_g: 60.49 [92mF1_combined: 61.19 [92mF1_c: 41.79 [92mF1_g: 65.63 [95mCEU_cue_audio: 0.3218 [95mCEU_cue_video: 0.7914 [95mCEU_synergy: 0.2036 [95mCEU_coexistence: 0.8633 [97mS:[93m20.4%[97m([91m4.4c[97m-[94mF1:20.1%) [97mU1:[93m32.2%[97m([91m5.5c[97m) [97mU2:[93m79.1%[97m([91m23.1c[97m) [97mR:[93m86.3%[97m([91m27.5c[97m) [97mS-L: [92m0:[96m17% [92m1:[96m23%[39m [39m
2026-07-25 16:33:48,860 - Agent - INFO - [37mVal Epoch 52 step 52 with [31mce_loss_combined : 0.814143 [31mce_loss_c : 0.696872 [31mce_loss_g : 0.796828 [31mkl_synergy_rand_1 : 0.000236 [31mkl_synergy_rand_2 : 0.000011 [31mkl_synergy_1 : 0.000168 [31mkl_synergy_2 : 0.000009 [31mtotal : 0.814566 [31mdiag_kl_1 : 0.234844 [31mdiag_kl_2 : 0.154834 [94mAcc_combined: 62.14 [94mAcc_c: 49.52 [94mAcc_g: 61.41 [92mF1_combined: 62.30 [92mF1_c: 45.05 [92mF1_g: 65.90 [95mCEU_cue_audio: 0.2938 [95mCEU_cue_video: 0.8411 [95mCEU_synergy: 0.2479 [95mCEU_coexistence: 0.8570 [97mS:[93m24.8%[97m([91m5.4c[97m-[94mF1:24.6%) [97mU1:[93m29.4%[97m([91m5.0c[97m) [97mU2:[93m84.1%[97m([91m24.6c[97m) [97mR:[93m85.7%[97m([91m27.3c[97m) [97mS-L: [92m0:[96m23% [92m1:[96m26%[39m [39m
2026-07-25 16:34:18,049 - Agent - INFO - [37mVal Epoch 53 step 53 with [31mce_loss_combined : 0.815185 [31mce_loss_c : 0.697720 [31mce_loss_g : 0.807203 [31mkl_synergy_rand_1 : 0.000228 [31mkl_synergy_rand_2 : 0.000014 [31mkl_synergy_1 : 0.000170 [31mkl_synergy_2 : 0.000013 [31mtotal : 0.815610 [31mdiag_kl_1 : 0.227177 [31mdiag_kl_2 : 0.155457 [94mAcc_combined: 61.51 [94mAcc_c: 49.23 [94mAcc_g: 61.56 [92mF1_combined: 61.73 [92mF1_c: 46.43 [92mF1_g: 66.01 [95mCEU_cue_audio: 0.2827 [95mCEU_cue_video: 0.8212 [95mCEU_synergy: 0.2301 [95mCEU_coexistence: 0.8724 [97mS:[93m23.0%[97m([91m5.0c[97m-[94mF1:22.8%) [97mU1:[93m28.2%[97m([91m4.8c[97m) [97mU2:[93m82.1%[97m([91m24.0c[97m) [97mR:[93m87.2%[97m([91m27.8c[97m) [97mS-L: [92m0:[96m20% [92m1:[96m25%[39m [39m
2026-07-25 16:34:47,667 - Agent - INFO - [37mVal Epoch 54 step 54 with [31mce_loss_combined : 0.885436 [31mce_loss_c : 0.698788 [31mce_loss_g : 0.858404 [31mkl_synergy_rand_1 : 0.000298 [31mkl_synergy_rand_2 : 0.000020 [31mkl_synergy_1 : 0.000221 [31mkl_synergy_2 : 0.000018 [31mtotal : 0.885994 [31mdiag_kl_1 : 0.298146 [31mdiag_kl_2 : 0.211663 [94mAcc_combined: 60.49 [94mAcc_c: 49.56 [94mAcc_g: 60.88 [92mF1_combined: 60.66 [92mF1_c: 44.96 [92mF1_g: 65.08 [95mCEU_cue_audio: 0.2658 [95mCEU_cue_video: 0.8278 [95mCEU_synergy: 0.2347 [95mCEU_coexistence: 0.8388 [97mS:[93m23.5%[97m([91m5.1c[97m-[94mF1:23.1%) [97mU1:[93m26.6%[97m([91m4.5c[97m) [97mU2:[93m82.8%[97m([91m24.2c[97m) [97mR:[93m83.9%[97m([91m26.7c[97m) [97mS-L: [92m0:[96m19% [92m1:[96m27%[39m [39m
2026-07-25 16:35:17,182 - Agent - INFO - [37mVal Epoch 55 step 55 with [31mce_loss_combined : 0.798987 [31mce_loss_c : 0.697378 [31mce_loss_g : 0.784531 [31mkl_synergy_rand_1 : 0.000208 [31mkl_synergy_rand_2 : 0.000021 [31mkl_synergy_1 : 0.000161 [31mkl_synergy_2 : 0.000020 [31mtotal : 0.799396 [31mdiag_kl_1 : 0.207062 [31mdiag_kl_2 : 0.145380 [94mAcc_combined: 62.14 [94mAcc_c: 49.37 [94mAcc_g: 60.74 [92mF1_combined: 62.08 [92mF1_c: 43.98 [92mF1_g: 65.71 [95mCEU_cue_audio: 0.3107 [95mCEU_cue_video: 0.8377 [95mCEU_synergy: 0.2699 [95mCEU_coexistence: 0.8328 [97mS:[93m27.0%[97m([91m5.9c[97m-[94mF1:27.0%) [97mU1:[93m31.1%[97m([91m5.3c[97m) [97mU2:[93m83.8%[97m([91m24.5c[97m) [97mR:[93m83.3%[97m([91m26.5c[97m) [97mS-L: [92m0:[96m30% [92m1:[96m25%[39m [39m
2026-07-25 16:35:46,661 - Agent - INFO - [37mVal Epoch 56 step 56 with [31mce_loss_combined : 0.852536 [31mce_loss_c : 0.697436 [31mce_loss_g : 0.828618 [31mkl_synergy_rand_1 : 0.000286 [31mkl_synergy_rand_2 : 0.000014 [31mkl_synergy_1 : 0.000204 [31mkl_synergy_2 : 0.000012 [31mtotal : 0.853051 [31mdiag_kl_1 : 0.285406 [31mdiag_kl_2 : 0.194424 [94mAcc_combined: 62.04 [94mAcc_c: 49.23 [94mAcc_g: 61.27 [92mF1_combined: 62.24 [92mF1_c: 46.43 [92mF1_g: 65.67 [95mCEU_cue_audio: 0.3166 [95mCEU_cue_video: 0.8312 [95mCEU_synergy: 0.2745 [95mCEU_coexistence: 0.8328 [97mS:[93m27.4%[97m([91m6.0c[97m-[94mF1:27.4%) [97mU1:[93m31.6%[97m([91m5.4c[97m) [97mU2:[93m83.1%[97m([91m24.3c[97m) [97mR:[93m83.3%[97m([91m26.5c[97m) [97mS-L: [92m0:[96m28% [92m1:[96m27%[39m [39m
2026-07-25 16:36:15,974 - Agent - INFO - [37mVal Epoch 57 step 57 with [31mce_loss_combined : 0.894994 [31mce_loss_c : 0.697578 [31mce_loss_g : 0.867391 [31mkl_synergy_rand_1 : 0.000340 [31mkl_synergy_rand_2 : 0.000011 [31mkl_synergy_1 : 0.000237 [31mkl_synergy_2 : 0.000010 [31mtotal : 0.895592 [31mdiag_kl_1 : 0.339804 [31mdiag_kl_2 : 0.232727 [94mAcc_combined: 61.80 [94mAcc_c: 49.23 [94mAcc_g: 60.78 [92mF1_combined: 62.02 [92mF1_c: 46.43 [92mF1_g: 64.82 [95mCEU_cue_audio: 0.3049 [95mCEU_cue_video: 0.8411 [95mCEU_synergy: 0.2566 [95mCEU_coexistence: 0.8268 [97mS:[93m25.7%[97m([91m5.6c[97m-[94mF1:25.6%) [97mU1:[93m30.5%[97m([91m5.2c[97m) [97mU2:[93m84.1%[97m([91m24.6c[97m) [97mR:[93m82.7%[97m([91m26.3c[97m) [97mS-L: [92m0:[96m27% [92m1:[96m25%[39m [39m
2026-07-25 16:36:45,445 - Agent - INFO - [37mVal Epoch 58 step 58 with [31mce_loss_combined : 0.867738 [31mce_loss_c : 0.698169 [31mce_loss_g : 0.846875 [31mkl_synergy_rand_1 : 0.000286 [31mkl_synergy_rand_2 : 0.000010 [31mkl_synergy_1 : 0.000219 [31mkl_synergy_2 : 0.000009 [31mtotal : 0.868261 [31mdiag_kl_1 : 0.283185 [31mdiag_kl_2 : 0.213139 [94mAcc_combined: 61.51 [94mAcc_c: 49.47 [94mAcc_g: 61.17 [92mF1_combined: 61.69 [92mF1_c: 44.97 [92mF1_g: 65.31 [95mCEU_cue_audio: 0.3049 [95mCEU_cue_video: 0.8244 [95mCEU_synergy: 0.2654 [95mCEU_coexistence: 0.8360 [97mS:[93m26.5%[97m([91m5.8c[97m-[94mF1:26.5%) [97mU1:[93m30.5%[97m([91m5.2c[97m) [97mU2:[93m82.5%[97m([91m24.1c[97m) [97mR:[93m83.6%[97m([91m26.6c[97m) [97mS-L: [92m0:[96m26% [92m1:[96m27%[39m [39m
2026-07-25 16:37:14,573 - Agent - INFO - [37mVal Epoch 59 step 59 with [31mce_loss_combined : 0.886018 [31mce_loss_c : 0.698118 [31mce_loss_g : 0.862090 [31mkl_synergy_rand_1 : 0.000315 [31mkl_synergy_rand_2 : 0.000011 [31mkl_synergy_1 : 0.000231 [31mkl_synergy_2 : 0.000009 [31mtotal : 0.886584 [31mdiag_kl_1 : 0.314940 [31mdiag_kl_2 : 0.225852 [94mAcc_combined: 61.51 [94mAcc_c: 49.47 [94mAcc_g: 61.03 [92mF1_combined: 61.73 [92mF1_c: 45.09 [92mF1_g: 65.02 [95mCEU_cue_audio: 0.2996 [95mCEU_cue_video: 0.8179 [95mCEU_synergy: 0.2612 [95mCEU_coexistence: 0.8451 [97mS:[93m26.1%[97m([91m5.7c[97m-[94mF1:26.0%) [97mU1:[93m29.9%[97m([91m5.1c[97m) [97mU2:[93m81.8%[97m([91m23.9c[97m) [97mR:[93m84.5%[97m([91m26.9c[97m) [97mS-L: [92m0:[96m25% [92m1:[96m27%[39m [39m
2026-07-25 16:37:44,682 - Agent - INFO - [37mVal Epoch 60 step 60 with [31mce_loss_combined : 0.904119 [31mce_loss_c : 0.698252 [31mce_loss_g : 0.876885 [31mkl_synergy_rand_1 : 0.000323 [31mkl_synergy_rand_2 : 0.000011 [31mkl_synergy_1 : 0.000248 [31mkl_synergy_2 : 0.000008 [31mtotal : 0.904708 [31mdiag_kl_1 : 0.322805 [31mdiag_kl_2 : 0.249247 [94mAcc_combined: 61.36 [94mAcc_c: 49.18 [94mAcc_g: 61.36 [92mF1_combined: 61.75 [92mF1_c: 46.78 [92mF1_g: 65.25 [95mCEU_cue_audio: 0.2827 [95mCEU_cue_video: 0.8212 [95mCEU_synergy: 0.2566 [95mCEU_coexistence: 0.8388 [97mS:[93m25.7%[97m([91m5.6c[97m-[94mF1:25.5%) [97mU1:[93m28.2%[97m([91m4.8c[97m) [97mU2:[93m82.1%[97m([91m24.0c[97m) [97mR:[93m83.9%[97m([91m26.7c[97m) [97mS-L: [92m0:[96m23% [92m1:[96m28%[39m [39m
2026-07-25 16:38:13,934 - Agent - INFO - [37mVal Epoch 61 step 61 with [31mce_loss_combined : 0.916928 [31mce_loss_c : 0.698103 [31mce_loss_g : 0.886144 [31mkl_synergy_rand_1 : 0.000329 [31mkl_synergy_rand_2 : 0.000011 [31mkl_synergy_1 : 0.000259 [31mkl_synergy_2 : 0.000008 [31mtotal : 0.917535 [31mdiag_kl_1 : 0.327022 [31mdiag_kl_2 : 0.257431 [94mAcc_combined: 61.17 [94mAcc_c: 49.27 [94mAcc_g: 61.22 [92mF1_combined: 61.45 [92mF1_c: 46.83 [92mF1_g: 65.01 [95mCEU_cue_audio: 0.3107 [95mCEU_cue_video: 0.8179 [95mCEU_synergy: 0.2612 [95mCEU_coexistence: 0.8297 [97mS:[93m26.1%[97m([91m5.7c[97m-[94mF1:26.0%) [97mU1:[93m31.1%[97m([91m5.3c[97m) [97mU2:[93m81.8%[97m([91m23.9c[97m) [97mR:[93m83.0%[97m([91m26.4c[97m) [97mS-L: [92m0:[96m25% [92m1:[96m27%[39m [39m
2026-07-25 16:38:34,205 - Agent - INFO - [37mModel saved successfully at: ./artifacts/models/multibench/ur_funny/vt/SynIB_RMask_REFABL_urfunny_fold1_l0.001_perturbrandom_fillema_pmin0.7_refunimodal_anchor_lr0.001_wd0.001.pth.tar[39m
2026-07-25 16:38:43,837 - Agent - INFO - [37mVal Epoch 62 step 62 with [31mce_loss_combined : 0.919146 [31mce_loss_c : 0.698067 [31mce_loss_g : 0.886817 [31mkl_synergy_rand_1 : 0.000335 [31mkl_synergy_rand_2 : 0.000010 [31mkl_synergy_1 : 0.000261 [31mkl_synergy_2 : 0.000008 [31mtotal : 0.919759 [31mdiag_kl_1 : 0.336756 [31mdiag_kl_2 : 0.262216 [94mAcc_combined: 60.93 [94mAcc_c: 49.27 [94mAcc_g: 60.25 [92mF1_combined: 61.19 [92mF1_c: 46.72 [92mF1_g: 64.32 [95mCEU_cue_audio: 0.3049 [95mCEU_cue_video: 0.8144 [95mCEU_synergy: 0.2699 [95mCEU_coexistence: 0.8237 [97mS:[93m27.0%[97m([91m5.9c[97m-[94mF1:26.7%) [97mU1:[93m30.5%[97m([91m5.2c[97m) [97mU2:[93m81.5%[97m([91m23.8c[97m) [97mR:[93m82.4%[97m([91m26.2c[97m) [97mS-L: [92m0:[96m24% [92m1:[96m29%[39m [39m
2026-07-25 16:39:13,242 - Agent - INFO - [37mVal Epoch 63 step 63 with [31mce_loss_combined : 0.922507 [31mce_loss_c : 0.698038 [31mce_loss_g : 0.890304 [31mkl_synergy_rand_1 : 0.000339 [31mkl_synergy_rand_2 : 0.000011 [31mkl_synergy_1 : 0.000265 [31mkl_synergy_2 : 0.000007 [31mtotal : 0.923130 [31mdiag_kl_1 : 0.341014 [31mdiag_kl_2 : 0.258400 [94mAcc_combined: 61.27 [94mAcc_c: 49.32 [94mAcc_g: 60.49 [92mF1_combined: 61.55 [92mF1_c: 46.75 [92mF1_g: 64.43 [95mCEU_cue_audio: 0.3049 [95mCEU_cue_video: 0.8179 [95mCEU_synergy: 0.2654 [95mCEU_coexistence: 0.8297 [97mS:[93m26.5%[97m([91m5.8c[97m-[94mF1:26.3%) [97mU1:[93m30.5%[97m([91m5.2c[97m) [97mU2:[93m81.8%[97m([91m23.9c[97m) [97mR:[93m83.0%[97m([91m26.4c[97m) [97mS-L: [92m0:[96m24% [92m1:[96m29%[39m [39m
2026-07-25 16:39:42,558 - Agent - INFO - [37mVal Epoch 64 step 64 with [31mce_loss_combined : 0.921823 [31mce_loss_c : 0.698021 [31mce_loss_g : 0.889971 [31mkl_synergy_rand_1 : 0.000334 [31mkl_synergy_rand_2 : 0.000010 [31mkl_synergy_1 : 0.000270 [31mkl_synergy_2 : 0.000008 [31mtotal : 0.922446 [31mdiag_kl_1 : 0.334051 [31mdiag_kl_2 : 0.264027 [94mAcc_combined: 61.41 [94mAcc_c: 49.27 [94mAcc_g: 60.98 [92mF1_combined: 61.67 [92mF1_c: 46.67 [92mF1_g: 64.81 [95mCEU_cue_audio: 0.3107 [95mCEU_cue_video: 0.8179 [95mCEU_synergy: 0.2612 [95mCEU_coexistence: 0.8328 [97mS:[93m26.1%[97m([91m5.7c[97m-[94mF1:25.9%) [97mU1:[93m31.1%[97m([91m5.3c[97m) [97mU2:[93m81.8%[97m([91m23.9c[97m) [97mR:[93m83.3%[97m([91m26.5c[97m) [97mS-L: [92m0:[96m24% [92m1:[96m28%[39m [39m
2026-07-25 16:39:43,283 - Agent - INFO - We are in the final state.
2026-07-25 16:39:43,405 - root - INFO - Loaded best model from best_model_accuracy_state_dict
2026-07-25 16:39:46,454 - Agent - INFO - [37mVal Epoch 64 step 0 with [31mce_loss_combined : 0.673050 [31mce_loss_c : 0.693399 [31mce_loss_g : 0.675716 [31mkl_synergy_rand_1 : 0.000066 [31mkl_synergy_rand_2 : 0.000005 [31mkl_synergy_1 : 0.000044 [31mkl_synergy_2 : 0.000006 [31mtotal : 0.673171 [31mdiag_kl_1 : 0.069555 [31mdiag_kl_2 : 0.028652 [94mAcc_combined: 63.59 [94mAcc_c: 50.97 [94mAcc_g: 60.59 [92mF1_combined: 64.90 [92mF1_c: 15.50 [92mF1_g: 67.31 [95mCEU_cue_audio: 0.1075 [95mCEU_cue_video: 0.9702 [95mCEU_synergy: 0.2256 [95mCEU_coexistence: 0.8937 [97mS:[93m22.6%[97m([91m4.9c[97m-[94mF1:22.5%) [97mU1:[93m10.7%[97m([91m1.8c[97m) [97mU2:[93m97.0%[97m([91m28.3c[97m) [97mR:[93m89.4%[97m([91m28.4c[97m) [97mS-L: [92m0:[96m23% [92m1:[96m22%[39m [39m
2026-07-25 16:39:49,577 - Agent - INFO - [37mTest Epoch 64 step 0 with [31mce_loss_combined : 0.636347 [31mce_loss_c : 0.689983 [31mce_loss_g : 0.640044 [31mkl_synergy_rand_1 : 0.000073 [31mkl_synergy_rand_2 : 0.000006 [31mkl_synergy_1 : 0.000042 [31mkl_synergy_2 : 0.000006 [31mtotal : 0.636474 [31mdiag_kl_1 : 0.076855 [31mdiag_kl_2 : 0.031481 [94mAcc_combined: 63.23 [94mAcc_c: 51.32 [94mAcc_g: 61.58 [92mF1_combined: 64.80 [92mF1_c: 16.80 [92mF1_g: 68.00 [95mCEU_cue_audio: 0.0973 [95mCEU_cue_video: 0.9424 [95mCEU_synergy: 0.2452 [95mCEU_coexistence: 0.8787 [97mS:[93m24.5%[97m([91m4.8c[97m-[94mF1:24.0%) [97mU1:[93m9.7%[97m([91m1.7c[97m) [97mU2:[93m94.3%[97m([91m23.3c[97m) [97mR:[93m87.9%[97m([91m33.6c[97m) [97mS-L: [92m0:[96m19% [92m1:[96m28%[39m [39m
2026-07-25 16:39:50,016 - Agent - INFO - [37mModel saved successfully at: ./artifacts/models/multibench/ur_funny/vt/SynIB_RMask_REFABL_urfunny_fold1_l0.001_perturbrandom_fillema_pmin0.7_refunimodal_anchor_lr0.001_wd0.001.pth.tar[39m
Job finished
