Starting SynIB reference-ablation job
Python 3.10.19
/esat/smcdata/users/kkontras/Image_Dataset/no_backup/git/SynIB  (git a2fb4fd)
GPU 0: NVIDIA GeForce RTX 2080 Ti (UUID: GPU-80609ff0-d905-c2d8-7c85-30e2d01a3cb8)
Executing: PYTHONPATH=src /esat/smcdata/users/kkontras/Image_Dataset/no_backup/envs/synergy_new/bin/python -m synib.entrypoints.train --config run/configs/rebuttal_ref_ablation/mustard_synib.json --default_config run/configs/rebuttal_ref_ablation/mustard_default.json --fold 2 --rmask random --l 0.001 --perturb_pmin 0.1 --perturb_fill ema --lr 0.0005 --wd 0.001 --reference_type class_prior --ref_diag --start_over --tag REFABL_mustard
Namespace(config='run/configs/rebuttal_ref_ablation/mustard_synib.json', default_config='run/configs/rebuttal_ref_ablation/mustard_default.json', fold='2', alpha=None, tanh_mode_beta=None, regby=None, batch_size=None, l='0.001', multil=None, lib=None, kmepoch=None, num_samples=None, contrcoeff=None, contr_type=None, shuffle_type=None, validate_with=None, num_classes=None, optim_method=None, ending_epoch=None, load_ongoing=None, recon_weight1=None, recon_weight2=None, recon_epochstages=None, recon_ensemblestages=None, lr='0.0005', wd='0.001', cls=None, ironic_rate=None, perturb='random', perturb_fill='ema', perturb_pmax=None, perturb_pmin='0.1', perturb_lsparse=None, rmask='random', pmin=None, pmax=None, lsparse=None, debug_mask_stats=False, pre=False, frozen=False, tdqm_disable=False, start_over=True, no_model_save=False, num_layers=None, grad_accum=None, init_from=None, init_strict=False, perturb_lsparse_sign=None, l_anneal_epochs=None, perturb_steps=None, perturb_lsparse_warmup=None, perturb_lsparse_schedule=None, persist_ell=False, save_masks=False, penalty_swap=False, disable_ce_random=False, disable_kl_learned=False, masking_only=False, modality_dropout=None, modality_dropout_target=None, l_z1_masked=None, l_z2_masked=None, l_pareto=None, reference_type='class_prior', ref_diag=True, ref_ema_decay=None, tag='REFABL_mustard')
2026-07-25 16:19:51,307 - Config - INFO - run/configs/rebuttal_ref_ablation/mustard_synib.json
2026-07-25 16:19:51,310 - Config - INFO -  THE Configuration of your experiment ..
{'agent': 'Agent',
 'dataset': {'data_roots': './src/synib/mydatasets/Factor_CL_Datasets/prepared/mustard/mustard_data.pkl',
             'data_type': 'sarcasm',
             'dataloader_class': 'FactorCL_MustardFiltered_Dataloader',
             'kfold_data_roots': './src/synib/mydatasets/Factor_CL_Datasets/prepared/mustard/mustard_synergy3.pkl',
             'mustard_video_filter': {'check_aligned_segment': True,
                                      'enabled': True,
                                      'min_aligned_len': 1,
                                      'vision_absmax_threshold': 1000000.0},
             'z_norm': True},
 'early_stopping': {'end_of_epoch_check': True,
                    'log_interval': 10,
                    'max_epoch': 100,
                    'n_steps_stop': 30,
                    'n_steps_stop_after': 0,
                    'save_every_step': 3000,
                    'save_every_valstep': 50,
                    'validate_after': 0,
                    'validate_every': 185},
 'exp_name': 'MUSTARD Experiment',
 'model': {'args': {'bias_infusion': {'method': False},
                    'clip_grad': False,
                    'cls_type': 'mlp',
                    'd_model': 40,
                    'dropout': 0.1,
                    'fc_inner': 64,
                    'multi_loss': {'multi_supervised_w': {'c': 1,
                                                          'combined': 1,
                                                          'g': 1}},
                    'norm_decision': False,
                    'num_classes': 2},
           'ceu': {'test': './artifacts/ceus/mustard/mustard_ceu_test.pkl',
                   'val': './artifacts/ceus/mustard/mustard_ceu_val.pkl'},
           'encoders': [{'args': {'freeze_encoder': False,
                                  'hidden_size': 40,
                                  'modality': 'c',
                                  'n_features': 371,
                                  'num_classes': 2},
                         'model': 'FactorCL_Uni',
                         'pretrainedEncoder': {'dir': 'unimodal_video_fold{}_vldaccuracy_lr0.0005_wd0.00001.pth.tar',
                                               'use': True}},
                        {'args': {'freeze_encoder': False,
                                  'hidden_size': 40,
                                  'modality': 'g',
                                  'n_features': 300,
                                  'num_classes': 2},
                         'model': 'FactorCL_Uni',
                         'pretrainedEncoder': {'dir': 'unimodal_text_fold{}_vldaccuracy_lr0.0005_wd0.0001.pth.tar',
                                               'use': True}},
                        {'args': {'d_model': 40,
                                  'dropout': 0.1,
                                  'fc_inner': 64,
                                  'freeze_encoder': False},
                         'model': 'FusionTrunkLinear',
                         'name': 'enc_2_fusion_trunk',
                         'pretrainedEncoder': {'dir': 'enc_2_fusion_trunk_{}.pth.tar',
                                               'use': False},
                         'save_encoder': False},
                        {'args': {'freeze_encoder': False,
                                  'in_dim': 64,
                                  'num_classes': 2},
                         'model': 'LinearHead',
                         'name': 'enc_3_fusion_head',
                         'pretrainedEncoder': {'dir': 'enc_3_fusion_head_{}.pth.tar',
                                               'use': False},
                         'save_encoder': False}],
           'load_ongoing': False,
           'model_class': 'FusionIBModel_Mask',
           'save_base_dir': './artifacts/models/multibench/mustard/vt',
           'save_dir': 'SynIB_RMask_{}.pth.tar'},
 'optimizer': {'beta1': 0.9,
               'beta2': 0.999,
               'learning_rate': 0.0001,
               'momentum': 0.9,
               'type': 'Adam',
               'weight_decay': 0.0001},
 'scheduler': {'max_lr': 0.03, 'type': 'cosanneal', 'warm_up_steps': 780},
 'task': 'classification',
 'training_params': {'adversarial_training': {'adv_epsilon': 0.01,
                                              'use': False},
                     'async_loading': True,
                     'batch_size': 32,
                     'cuda': True,
                     'data_loader_workers': 8,
                     'gpu_device': [0],
                     'pin_memory': True,
                     'rec_test': True,
                     'res': True,
                     'seed': 109,
                     'tdqm_disable': False,
                     'test_batch_size': 32,
                     'test_on_bottoms': False,
                     'use_test_set': True,
                     'validation': True,
                     'verbose': True,
                     'wandb_disable': True}}
2026-07-25 16:19:51,312 - Config - INFO -  *************************************** 
2026-07-25 16:19:51,312 - Config - INFO - The experiment name is MUSTARD Experiment
2026-07-25 16:19:51,312 - Config - INFO -  *************************************** 
2026-07-25 16:19:51,312 - root - INFO - save_dir: SynIB_RMask_REFABL_mustard_fold2_l0.001_perturbrandom_fillema_pmin0.1_refclass_prior_lr0.0005_wd0.001.pth.tar
2026-07-25 16:19:51,403 - Cuda Statistics - INFO - __Python VERSION:  3.10.19 (main, Oct 21 2025, 16:43:05) [GCC 11.2.0]
2026-07-25 16:19:51,403 - Cuda Statistics - INFO - __pyTorch VERSION:  2.9.1+cu128
2026-07-25 16:19:51,403 - Cuda Statistics - INFO - __CUDA VERSION
2026-07-25 16:19:51,405 - Cuda Statistics - INFO - __CUDNN VERSION:  91002
2026-07-25 16:19:51,424 - Cuda Statistics - INFO - __Number CUDA Devices:  1
2026-07-25 16:19:51,424 - Cuda Statistics - INFO - __Devices
2026-07-25 16:19:51,424 - Cuda Statistics - INFO - index, name, driver_version, memory.total [MiB], memory.used [MiB], memory.free [MiB]
2026-07-25 16:19:51,424 - Cuda Statistics - INFO - 0, NVIDIA GeForce RTX 2080 Ti, 610.43.03, 11264 MiB, 302 MiB, 10529 MiB
2026-07-25 16:19:51,427 - Cuda Statistics - INFO - Active CUDA Device: GPU 0
2026-07-25 16:19:51,427 - Cuda Statistics - INFO - Available devices  1
2026-07-25 16:19:51,427 - Cuda Statistics - INFO - Current cuda device  0
[MustardFilteredDataloader] train: dropped 31/412 samples (vision absmax threshold=1e+06, aligned=True)
[MustardFilteredDataloader] train: first drops -> 3:vision_absmax>1e+06 (2.7e+07), 7:vision_absmax>1e+06 (3.43e+07), 31:vision_absmax>1e+06 (1.29e+07), 45:vision_absmax>1e+06 (9.04e+06), 53:vision_absmax>1e+06 (2.67e+07), 72:vision_absmax>1e+06 (2.67e+07), 85:vision_absmax>1e+06 (3.93e+07), 94:vision_absmax>1e+06 (4.57e+07), 105:vision_absmax>1e+06 (3.62e+07), 122:vision_absmax>1e+06 (3.62e+07), ...
[MustardFilteredDataloader] valid: dropped 3/137 samples (vision absmax threshold=1e+06, aligned=True)
[MustardFilteredDataloader] valid: first drops -> 2:vision_absmax>1e+06 (2.67e+07), 20:vision_absmax>1e+06 (2.67e+07), 105:vision_absmax>1e+06 (4.57e+07)
[MustardFilteredDataloader] test: dropped 4/138 samples (vision absmax threshold=1e+06, aligned=True)
[MustardFilteredDataloader] test: first drops -> 3:vision_absmax>1e+06 (3.43e+07), 8:vision_absmax>1e+06 (2.67e+07), 65:vision_absmax>1e+06 (2.3e+07), 106:vision_absmax>1e+06 (2.67e+07)
2026-07-25 16:19:51,632 - Agent - INFO - Device: cuda:0
2026-07-25 16:19:51,633 - Agent - INFO - Total training batches: 12, validate every 185 batches, steps per epoch: 1
2026-07-25 16:19:51,962 - Agent - INFO - class_prior counts=[201, 180] prior=[0.5276, 0.4724]
2026-07-25 16:19:51,963 - Agent - INFO - Loss Weights are {'total': 1, 'combined': 1, 'c': 1, 'g': 1}
2026-07-25 16:19:51,963 - root - INFO - There is no CEU for train
2026-07-25 16:19:52,022 - root - INFO - Loading enc best model state dict from ./artifacts/models/multibench/mustard/vt/unimodal_video_fold2_vldaccuracy_lr0.0005_wd0.00001.pth.tar
2026-07-25 16:19:52,073 - root - INFO - Loading enc best model state dict from ./artifacts/models/multibench/mustard/vt/unimodal_text_fold2_vldaccuracy_lr0.0005_wd0.0001.pth.tar
2026-07-25 16:19:52,250 - Agent - INFO - Total number of trainable parameters are: 3517920
2026-07-25 16:19:52,257 - Agent - INFO - Total number of trainable parameters are: 1764436
2026-07-25 16:19:55,611 - Evaluator - INFO - New best with loss-accuracy-syn_accuracy-
2026-07-25 16:19:55,611 - Agent - INFO - [37mVal Epoch 1 step 1 with [31mce_loss_combined : 0.775710 [31mce_loss_c : 1.208843 [31mce_loss_g : 1.153857 [31mkl_synergy_rand_1 : 0.000193 [31mkl_synergy_rand_2 : 0.000216 [31mkl_synergy_1 : 0.000201 [31mkl_synergy_2 : 0.000209 [31mtotal : 0.776529 [31mdiag_kl_1 : 0.195005 [31mdiag_kl_2 : 0.192728 [94mAcc_combined: 59.70 [94mAcc_c: 50.75 [94mAcc_g: 64.18 [92mF1_combined: 62.76 [92mF1_c: 54.79 [92mF1_g: 64.18 [95mCEU_cue_audio: 0.6001 [95mCEU_cue_video: 0.6801 [95mCEU_synergy: 0.4000 [95mCEU_coexistence: 0.7031 [97mS:[93m40.0%[97m([91m7.5c[97m-[94mF1:36.3%) [97mU1:[93m60.0%[97m([91m9.0c[97m) [97mU2:[93m68.0%[97m([91m12.7c[97m) [97mR:[93m70.3%[97m([91m33.6c[97m) [97mS-L: [92m0:[96m40% [92m1:[96m40%[39m [39m
2026-07-25 16:19:55,630 - Agent - INFO - [37mTest Epoch 1 step 1 with [31mce_loss_combined : 0.712359 [31mce_loss_c : 1.068530 [31mce_loss_g : 1.152991 [31mkl_synergy_rand_1 : 0.000169 [31mkl_synergy_rand_2 : 0.000182 [31mkl_synergy_1 : 0.000174 [31mkl_synergy_2 : 0.000173 [31mtotal : 0.713056 [31mdiag_kl_1 : 0.253351 [31mdiag_kl_2 : 0.262157 [94mAcc_combined: 62.69 [94mAcc_c: 56.72 [94mAcc_g: 62.69 [92mF1_combined: 64.79 [92mF1_c: 60.00 [92mF1_g: 63.24 [95mCEU_cue_audio: 0.4165 [95mCEU_cue_video: 0.6668 [95mCEU_synergy: 0.6362 [95mCEU_coexistence: 0.6595 [97mS:[93m63.6%[97m([91m15.7c[97m-[94mF1:38.9%) [97mU1:[93m41.7%[97m([91m7.5c[97m) [97mU2:[93m66.7%[97m([91m14.9c[97m) [97mR:[93m66.0%[97m([91m23.1c[97m) [97mS-L: [92m0:[96m68%[39m [39m
2026-07-25 16:19:55,972 - Agent - INFO - [37mModel saved successfully at: ./artifacts/models/multibench/mustard/vt/SynIB_RMask_REFABL_mustard_fold2_l0.001_perturbrandom_fillema_pmin0.1_refclass_prior_lr0.0005_wd0.001.pth.tar[39m
2026-07-25 16:19:59,100 - Agent - INFO - [37mVal Epoch 2 step 2 with [31mce_loss_combined : 1.123977 [31mce_loss_c : 1.835751 [31mce_loss_g : 1.245568 [31mkl_synergy_rand_1 : 0.000493 [31mkl_synergy_rand_2 : 0.000495 [31mkl_synergy_1 : 0.000486 [31mkl_synergy_2 : 0.000503 [31mtotal : 1.125955 [31mdiag_kl_1 : 0.410296 [31mdiag_kl_2 : 0.260676 [94mAcc_combined: 56.72 [94mAcc_c: 47.39 [94mAcc_g: 64.18 [92mF1_combined: 62.34 [92mF1_c: 47.97 [92mF1_g: 64.44 [95mCEU_cue_audio: 0.3999 [95mCEU_cue_video: 0.7201 [95mCEU_synergy: 0.4000 [95mCEU_coexistence: 0.5000 [97mS:[93m40.0%[97m([91m7.5c[97m-[94mF1:28.6%) [97mU1:[93m40.0%[97m([91m6.0c[97m) [97mU2:[93m72.0%[97m([91m13.4c[97m) [97mR:[93m50.0%[97m([91m23.9c[97m) [97mS-L: [92m0:[96m50%[39m [39m
2026-07-25 16:20:02,180 - Evaluator - INFO - New best with syn_accuracy-
2026-07-25 16:20:02,180 - Agent - INFO - [37mVal Epoch 3 step 3 with [31mce_loss_combined : 1.394264 [31mce_loss_c : 2.190850 [31mce_loss_g : 1.296395 [31mkl_synergy_rand_1 : 0.000518 [31mkl_synergy_rand_2 : 0.000508 [31mkl_synergy_1 : 0.000522 [31mkl_synergy_2 : 0.000488 [31mtotal : 1.396300 [31mdiag_kl_1 : 0.549209 [31mdiag_kl_2 : 0.391092 [94mAcc_combined: 44.03 [94mAcc_c: 41.42 [94mAcc_g: 60.45 [92mF1_combined: 43.61 [92mF1_c: 41.64 [92mF1_g: 60.45 [95mCEU_cue_audio: 0.1500 [95mCEU_cue_video: 0.8001 [95mCEU_synergy: 0.5600 [95mCEU_coexistence: 0.3593 [97mS:[93m56.0%[97m([91m10.4c[97m-[94mF1:42.8%) [97mU1:[93m15.0%[97m([91m2.2c[97m) [97mU2:[93m80.0%[97m([91m14.9c[97m) [97mR:[93m35.9%[97m([91m17.2c[97m) [97mS-L: [92m0:[96m65% [92m1:[96m20%[39m [39m
2026-07-25 16:20:02,200 - Agent - INFO - [37mTest Epoch 3 step 3 with [31mce_loss_combined : 0.914120 [31mce_loss_c : 1.418760 [31mce_loss_g : 1.128066 [31mkl_synergy_rand_1 : 0.000534 [31mkl_synergy_rand_2 : 0.000530 [31mkl_synergy_1 : 0.000539 [31mkl_synergy_2 : 0.000532 [31mtotal : 0.916254 [31mdiag_kl_1 : 0.524998 [31mdiag_kl_2 : 0.278386 [94mAcc_combined: 60.45 [94mAcc_c: 57.46 [94mAcc_g: 62.69 [92mF1_combined: 60.15 [92mF1_c: 57.78 [92mF1_g: 63.24 [95mCEU_cue_audio: 0.3752 [95mCEU_cue_video: 0.7334 [95mCEU_synergy: 0.7880 [95mCEU_coexistence: 0.5107 [97mS:[93m78.8%[97m([91m19.4c[97m-[94mF1:44.1%) [97mU1:[93m37.5%[97m([91m6.7c[97m) [97mU2:[93m73.3%[97m([91m16.4c[97m) [97mR:[93m51.1%[97m([91m17.9c[97m) [97mS-L: [92m0:[96m84%[39m [39m
2026-07-25 16:20:02,729 - Agent - INFO - [37mModel saved successfully at: ./artifacts/models/multibench/mustard/vt/SynIB_RMask_REFABL_mustard_fold2_l0.001_perturbrandom_fillema_pmin0.1_refclass_prior_lr0.0005_wd0.001.pth.tar[39m
2026-07-25 16:20:05,889 - Agent - INFO - [37mVal Epoch 4 step 4 with [31mce_loss_combined : 1.384138 [31mce_loss_c : 1.424051 [31mce_loss_g : 1.431187 [31mkl_synergy_rand_1 : 0.000691 [31mkl_synergy_rand_2 : 0.000724 [31mkl_synergy_1 : 0.000706 [31mkl_synergy_2 : 0.000735 [31mtotal : 1.386992 [31mdiag_kl_1 : 0.570629 [31mdiag_kl_2 : 0.331321 [94mAcc_combined: 55.60 [94mAcc_c: 46.27 [94mAcc_g: 58.58 [92mF1_combined: 56.73 [92mF1_c: 48.94 [92mF1_g: 58.74 [95mCEU_cue_audio: 0.4501 [95mCEU_cue_video: 0.6399 [95mCEU_synergy: 0.4400 [95mCEU_coexistence: 0.6407 [97mS:[93m44.0%[97m([91m8.2c[97m-[94mF1:39.2%) [97mU1:[93m45.0%[97m([91m6.7c[97m) [97mU2:[93m64.0%[97m([91m11.9c[97m) [97mR:[93m64.1%[97m([91m30.6c[97m) [97mS-L: [92m0:[96m45% [92m1:[96m40%[39m [39m
2026-07-25 16:20:08,979 - Evaluator - INFO - New best with accuracy-
2026-07-25 16:20:08,979 - Agent - INFO - [37mVal Epoch 5 step 5 with [31mce_loss_combined : 1.407832 [31mce_loss_c : 1.828011 [31mce_loss_g : 1.362466 [31mkl_synergy_rand_1 : 0.000708 [31mkl_synergy_rand_2 : 0.000737 [31mkl_synergy_1 : 0.000683 [31mkl_synergy_2 : 0.000720 [31mtotal : 1.410681 [31mdiag_kl_1 : 0.501140 [31mdiag_kl_2 : 0.255033 [94mAcc_combined: 63.06 [94mAcc_c: 43.28 [94mAcc_g: 63.43 [92mF1_combined: 64.26 [92mF1_c: 44.93 [92mF1_g: 63.43 [95mCEU_cue_audio: 0.6999 [95mCEU_cue_video: 0.5600 [95mCEU_synergy: 0.2799 [95mCEU_coexistence: 0.8124 [97mS:[93m28.0%[97m([91m5.2c[97m-[94mF1:26.9%) [97mU1:[93m70.0%[97m([91m10.4c[97m) [97mU2:[93m56.0%[97m([91m10.4c[97m) [97mR:[93m81.2%[97m([91m38.8c[97m) [97mS-L: [92m0:[96m25% [92m1:[96m40%[39m [39m
2026-07-25 16:20:08,999 - Agent - INFO - [37mTest Epoch 5 step 5 with [31mce_loss_combined : 0.939390 [31mce_loss_c : 1.104771 [31mce_loss_g : 1.268312 [31mkl_synergy_rand_1 : 0.000727 [31mkl_synergy_rand_2 : 0.000759 [31mkl_synergy_1 : 0.000725 [31mkl_synergy_2 : 0.000761 [31mtotal : 0.942361 [31mdiag_kl_1 : 0.642032 [31mdiag_kl_2 : 0.204926 [94mAcc_combined: 62.69 [94mAcc_c: 58.58 [94mAcc_g: 63.06 [92mF1_combined: 63.24 [92mF1_c: 60.50 [92mF1_g: 63.20 [95mCEU_cue_audio: 0.5000 [95mCEU_cue_video: 0.5998 [95mCEU_synergy: 0.5152 [95mCEU_coexistence: 0.7873 [97mS:[93m51.5%[97m([91m12.7c[97m-[94mF1:34.0%) [97mU1:[93m50.0%[97m([91m9.0c[97m) [97mU2:[93m60.0%[97m([91m13.4c[97m) [97mR:[93m78.7%[97m([91m27.6c[97m) [97mS-L: [92m0:[96m55%[39m [39m
2026-07-25 16:20:09,696 - Agent - INFO - [37mModel saved successfully at: ./artifacts/models/multibench/mustard/vt/SynIB_RMask_REFABL_mustard_fold2_l0.001_perturbrandom_fillema_pmin0.1_refclass_prior_lr0.0005_wd0.001.pth.tar[39m
2026-07-25 16:20:12,878 - Agent - INFO - [37mVal Epoch 6 step 6 with [31mce_loss_combined : 1.367833 [31mce_loss_c : 1.890693 [31mce_loss_g : 1.218498 [31mkl_synergy_rand_1 : 0.000585 [31mkl_synergy_rand_2 : 0.000603 [31mkl_synergy_1 : 0.000609 [31mkl_synergy_2 : 0.000622 [31mtotal : 1.370252 [31mdiag_kl_1 : 0.596552 [31mdiag_kl_2 : 0.369182 [94mAcc_combined: 48.13 [94mAcc_c: 44.78 [94mAcc_g: 65.30 [92mF1_combined: 48.33 [92mF1_c: 48.61 [92mF1_g: 65.68 [95mCEU_cue_audio: 0.2500 [95mCEU_cue_video: 0.7599 [95mCEU_synergy: 0.4802 [95mCEU_coexistence: 0.4531 [97mS:[93m48.0%[97m([91m9.0c[97m-[94mF1:38.1%) [97mU1:[93m25.0%[97m([91m3.7c[97m) [97mU2:[93m76.0%[97m([91m14.2c[97m) [97mR:[93m45.3%[97m([91m21.6c[97m) [97mS-L: [92m0:[96m55% [92m1:[96m20%[39m [39m
2026-07-25 16:20:15,995 - Agent - INFO - [37mVal Epoch 7 step 7 with [31mce_loss_combined : 1.328426 [31mce_loss_c : 1.829585 [31mce_loss_g : 1.196215 [31mkl_synergy_rand_1 : 0.000691 [31mkl_synergy_rand_2 : 0.000712 [31mkl_synergy_1 : 0.000700 [31mkl_synergy_2 : 0.000705 [31mtotal : 1.331234 [31mdiag_kl_1 : 0.502482 [31mdiag_kl_2 : 0.358583 [94mAcc_combined: 52.61 [94mAcc_c: 49.25 [94mAcc_g: 66.04 [92mF1_combined: 52.79 [92mF1_c: 51.77 [92mF1_g: 66.17 [95mCEU_cue_audio: 0.3999 [95mCEU_cue_video: 0.7201 [95mCEU_synergy: 0.4802 [95mCEU_coexistence: 0.5000 [97mS:[93m48.0%[97m([91m9.0c[97m-[94mF1:38.1%) [97mU1:[93m40.0%[97m([91m6.0c[97m) [97mU2:[93m72.0%[97m([91m13.4c[97m) [97mR:[93m50.0%[97m([91m23.9c[97m) [97mS-L: [92m0:[96m55% [92m1:[96m20%[39m [39m
2026-07-25 16:20:19,085 - Agent - INFO - [37mVal Epoch 8 step 8 with [31mce_loss_combined : 1.364184 [31mce_loss_c : 1.910325 [31mce_loss_g : 1.257549 [31mkl_synergy_rand_1 : 0.000624 [31mkl_synergy_rand_2 : 0.000623 [31mkl_synergy_1 : 0.000637 [31mkl_synergy_2 : 0.000641 [31mtotal : 1.366708 [31mdiag_kl_1 : 0.561077 [31mdiag_kl_2 : 0.352446 [94mAcc_combined: 50.00 [94mAcc_c: 45.52 [94mAcc_g: 63.43 [92mF1_combined: 50.00 [92mF1_c: 51.01 [92mF1_g: 63.43 [95mCEU_cue_audio: 0.3999 [95mCEU_cue_video: 0.6801 [95mCEU_synergy: 0.4802 [95mCEU_coexistence: 0.4688 [97mS:[93m48.0%[97m([91m9.0c[97m-[94mF1:38.1%) [97mU1:[93m40.0%[97m([91m6.0c[97m) [97mU2:[93m68.0%[97m([91m12.7c[97m) [97mR:[93m46.9%[97m([91m22.4c[97m) [97mS-L: [92m0:[96m55% [92m1:[96m20%[39m [39m
2026-07-25 16:20:22,213 - Agent - INFO - [37mVal Epoch 9 step 9 with [31mce_loss_combined : 1.653835 [31mce_loss_c : 2.108545 [31mce_loss_g : 1.560923 [31mkl_synergy_rand_1 : 0.000794 [31mkl_synergy_rand_2 : 0.000812 [31mkl_synergy_1 : 0.000794 [31mkl_synergy_2 : 0.000803 [31mtotal : 1.657039 [31mdiag_kl_1 : 0.856164 [31mdiag_kl_2 : 0.564696 [94mAcc_combined: 48.13 [94mAcc_c: 45.15 [94mAcc_g: 61.94 [92mF1_combined: 48.33 [92mF1_c: 48.78 [92mF1_g: 62.22 [95mCEU_cue_audio: 0.2003 [95mCEU_cue_video: 0.7599 [95mCEU_synergy: 0.5198 [95mCEU_coexistence: 0.4375 [97mS:[93m52.0%[97m([91m9.7c[97m-[94mF1:40.5%) [97mU1:[93m20.0%[97m([91m3.0c[97m) [97mU2:[93m76.0%[97m([91m14.2c[97m) [97mR:[93m43.8%[97m([91m20.9c[97m) [97mS-L: [92m0:[96m60% [92m1:[96m20%[39m [39m
2026-07-25 16:20:25,339 - Evaluator - INFO - New best with syn_accuracy-
2026-07-25 16:20:25,339 - Agent - INFO - [37mVal Epoch 10 step 10 with [31mce_loss_combined : 1.624399 [31mce_loss_c : 2.260430 [31mce_loss_g : 1.454963 [31mkl_synergy_rand_1 : 0.000722 [31mkl_synergy_rand_2 : 0.000753 [31mkl_synergy_1 : 0.000738 [31mkl_synergy_2 : 0.000726 [31mtotal : 1.627339 [31mdiag_kl_1 : 0.921329 [31mdiag_kl_2 : 0.657500 [94mAcc_combined: 47.76 [94mAcc_c: 45.15 [94mAcc_g: 64.55 [92mF1_combined: 47.76 [92mF1_c: 48.78 [92mF1_g: 64.68 [95mCEU_cue_audio: 0.1500 [95mCEU_cue_video: 0.8800 [95mCEU_synergy: 0.6000 [95mCEU_coexistence: 0.3750 [97mS:[93m60.0%[97m([91m11.2c[97m-[94mF1:45.2%) [97mU1:[93m15.0%[97m([91m2.2c[97m) [97mU2:[93m88.0%[97m([91m16.4c[97m) [97mR:[93m37.5%[97m([91m17.9c[97m) [97mS-L: [92m0:[96m70% [92m1:[96m20%[39m [39m
2026-07-25 16:20:25,359 - Agent - INFO - [37mTest Epoch 10 step 10 with [31mce_loss_combined : 1.082562 [31mce_loss_c : 1.453037 [31mce_loss_g : 1.366778 [31mkl_synergy_rand_1 : 0.000809 [31mkl_synergy_rand_2 : 0.000798 [31mkl_synergy_1 : 0.000825 [31mkl_synergy_2 : 0.000791 [31mtotal : 1.085786 [31mdiag_kl_1 : 0.956988 [31mdiag_kl_2 : 0.489973 [94mAcc_combined: 63.43 [94mAcc_c: 59.70 [94mAcc_g: 62.31 [92mF1_combined: 63.43 [92mF1_c: 60.87 [92mF1_g: 62.45 [95mCEU_cue_audio: 0.2915 [95mCEU_cue_video: 0.8665 [95mCEU_synergy: 0.7880 [95mCEU_coexistence: 0.5532 [97mS:[93m78.8%[97m([91m19.4c[97m-[94mF1:44.1%) [97mU1:[93m29.2%[97m([91m5.2c[97m) [97mU2:[93m86.7%[97m([91m19.4c[97m) [97mR:[93m55.3%[97m([91m19.4c[97m) [97mS-L: [92m0:[96m84%[39m [39m
2026-07-25 16:20:26,058 - Agent - INFO - [37mModel saved successfully at: ./artifacts/models/multibench/mustard/vt/SynIB_RMask_REFABL_mustard_fold2_l0.001_perturbrandom_fillema_pmin0.1_refclass_prior_lr0.0005_wd0.001.pth.tar[39m
2026-07-25 16:20:29,272 - Agent - INFO - [37mVal Epoch 11 step 11 with [31mce_loss_combined : 1.477635 [31mce_loss_c : 2.138626 [31mce_loss_g : 1.243792 [31mkl_synergy_rand_1 : 0.000777 [31mkl_synergy_rand_2 : 0.000783 [31mkl_synergy_1 : 0.000794 [31mkl_synergy_2 : 0.000761 [31mtotal : 1.480751 [31mdiag_kl_1 : 0.502179 [31mdiag_kl_2 : 0.498734 [94mAcc_combined: 50.00 [94mAcc_c: 43.28 [94mAcc_g: 65.67 [92mF1_combined: 50.37 [92mF1_c: 47.95 [92mF1_g: 65.67 [95mCEU_cue_audio: 0.3499 [95mCEU_cue_video: 0.7201 [95mCEU_synergy: 0.4400 [95mCEU_coexistence: 0.4843 [97mS:[93m44.0%[97m([91m8.2c[97m-[94mF1:35.7%) [97mU1:[93m35.0%[97m([91m5.2c[97m) [97mU2:[93m72.0%[97m([91m13.4c[97m) [97mR:[93m48.4%[97m([91m23.1c[97m) [97mS-L: [92m0:[96m50% [92m1:[96m20%[39m [39m
2026-07-25 16:20:32,385 - Agent - INFO - [37mVal Epoch 12 step 12 with [31mce_loss_combined : 1.717741 [31mce_loss_c : 2.182215 [31mce_loss_g : 1.450251 [31mkl_synergy_rand_1 : 0.000846 [31mkl_synergy_rand_2 : 0.000801 [31mkl_synergy_1 : 0.000837 [31mkl_synergy_2 : 0.000816 [31mtotal : 1.721042 [31mdiag_kl_1 : 0.830795 [31mdiag_kl_2 : 0.637065 [94mAcc_combined: 49.63 [94mAcc_c: 46.27 [94mAcc_g: 63.81 [92mF1_combined: 49.81 [92mF1_c: 50.34 [92mF1_g: 63.94 [95mCEU_cue_audio: 0.2500 [95mCEU_cue_video: 0.8001 [95mCEU_synergy: 0.4802 [95mCEU_coexistence: 0.4688 [97mS:[93m48.0%[97m([91m9.0c[97m-[94mF1:38.1%) [97mU1:[93m25.0%[97m([91m3.7c[97m) [97mU2:[93m80.0%[97m([91m14.9c[97m) [97mR:[93m46.9%[97m([91m22.4c[97m) [97mS-L: [92m0:[96m55% [92m1:[96m20%[39m [39m
2026-07-25 16:20:35,511 - Agent - INFO - [37mVal Epoch 13 step 13 with [31mce_loss_combined : 1.656215 [31mce_loss_c : 1.913411 [31mce_loss_g : 1.161748 [31mkl_synergy_rand_1 : 0.000908 [31mkl_synergy_rand_2 : 0.000882 [31mkl_synergy_1 : 0.000906 [31mkl_synergy_2 : 0.000874 [31mtotal : 1.659784 [31mdiag_kl_1 : 0.634028 [31mdiag_kl_2 : 0.737802 [94mAcc_combined: 50.00 [94mAcc_c: 47.01 [94mAcc_g: 63.43 [92mF1_combined: 50.00 [92mF1_c: 49.65 [92mF1_g: 63.43 [95mCEU_cue_audio: 0.3001 [95mCEU_cue_video: 0.6801 [95mCEU_synergy: 0.3601 [95mCEU_coexistence: 0.5312 [97mS:[93m36.0%[97m([91m6.7c[97m-[94mF1:30.6%) [97mU1:[93m30.0%[97m([91m4.5c[97m) [97mU2:[93m68.0%[97m([91m12.7c[97m) [97mR:[93m53.1%[97m([91m25.4c[97m) [97mS-L: [92m0:[96m40% [92m1:[96m20%[39m [39m
2026-07-25 16:20:38,589 - Agent - INFO - [37mVal Epoch 14 step 14 with [31mce_loss_combined : 1.619138 [31mce_loss_c : 2.040182 [31mce_loss_g : 1.237842 [31mkl_synergy_rand_1 : 0.000999 [31mkl_synergy_rand_2 : 0.000947 [31mkl_synergy_1 : 0.000999 [31mkl_synergy_2 : 0.000940 [31mtotal : 1.623022 [31mdiag_kl_1 : 0.633474 [31mdiag_kl_2 : 0.685711 [94mAcc_combined: 50.37 [94mAcc_c: 46.27 [94mAcc_g: 67.16 [92mF1_combined: 50.56 [92mF1_c: 47.06 [92mF1_g: 67.16 [95mCEU_cue_audio: 0.2500 [95mCEU_cue_video: 0.7201 [95mCEU_synergy: 0.4000 [95mCEU_coexistence: 0.5312 [97mS:[93m40.0%[97m([91m7.5c[97m-[94mF1:33.2%) [97mU1:[93m25.0%[97m([91m3.7c[97m) [97mU2:[93m72.0%[97m([91m13.4c[97m) [97mR:[93m53.1%[97m([91m25.4c[97m) [97mS-L: [92m0:[96m45% [92m1:[96m20%[39m [39m
2026-07-25 16:20:41,810 - Agent - INFO - [37mVal Epoch 15 step 15 with [31mce_loss_combined : 1.890731 [31mce_loss_c : 2.360264 [31mce_loss_g : 1.361193 [31mkl_synergy_rand_1 : 0.000964 [31mkl_synergy_rand_2 : 0.000940 [31mkl_synergy_1 : 0.000992 [31mkl_synergy_2 : 0.000921 [31mtotal : 1.894549 [31mdiag_kl_1 : 1.045320 [31mdiag_kl_2 : 0.920659 [94mAcc_combined: 42.91 [94mAcc_c: 42.54 [94mAcc_g: 66.79 [92mF1_combined: 43.12 [92mF1_c: 43.80 [92mF1_g: 66.67 [95mCEU_cue_audio: 0.1500 [95mCEU_cue_video: 0.8001 [95mCEU_synergy: 0.4000 [95mCEU_coexistence: 0.3750 [97mS:[93m40.0%[97m([91m7.5c[97m-[94mF1:28.6%) [97mU1:[93m15.0%[97m([91m2.2c[97m) [97mU2:[93m80.0%[97m([91m14.9c[97m) [97mR:[93m37.5%[97m([91m17.9c[97m) [97mS-L: [92m0:[96m50%[39m [39m
2026-07-25 16:20:44,937 - Agent - INFO - [37mVal Epoch 16 step 16 with [31mce_loss_combined : 1.779800 [31mce_loss_c : 2.108947 [31mce_loss_g : 1.396877 [31mkl_synergy_rand_1 : 0.000948 [31mkl_synergy_rand_2 : 0.000919 [31mkl_synergy_1 : 0.000907 [31mkl_synergy_2 : 0.000884 [31mtotal : 1.783458 [31mdiag_kl_1 : 1.081415 [31mdiag_kl_2 : 0.844861 [94mAcc_combined: 50.00 [94mAcc_c: 45.90 [94mAcc_g: 61.94 [92mF1_combined: 50.74 [92mF1_c: 48.03 [92mF1_g: 61.94 [95mCEU_cue_audio: 0.2003 [95mCEU_cue_video: 0.8398 [95mCEU_synergy: 0.5600 [95mCEU_coexistence: 0.4375 [97mS:[93m56.0%[97m([91m10.4c[97m-[94mF1:42.8%) [97mU1:[93m20.0%[97m([91m3.0c[97m) [97mU2:[93m84.0%[97m([91m15.7c[97m) [97mR:[93m43.8%[97m([91m20.9c[97m) [97mS-L: [92m0:[96m65% [92m1:[96m20%[39m [39m
2026-07-25 16:20:48,105 - Agent - INFO - [37mVal Epoch 17 step 17 with [31mce_loss_combined : 1.508200 [31mce_loss_c : 1.882000 [31mce_loss_g : 1.106120 [31mkl_synergy_rand_1 : 0.000941 [31mkl_synergy_rand_2 : 0.000913 [31mkl_synergy_1 : 0.000919 [31mkl_synergy_2 : 0.000855 [31mtotal : 1.511827 [31mdiag_kl_1 : 0.584494 [31mdiag_kl_2 : 0.695816 [94mAcc_combined: 50.75 [94mAcc_c: 47.01 [94mAcc_g: 67.16 [92mF1_combined: 50.75 [92mF1_c: 50.69 [92mF1_g: 67.16 [95mCEU_cue_audio: 0.3999 [95mCEU_cue_video: 0.7201 [95mCEU_synergy: 0.3601 [95mCEU_coexistence: 0.5157 [97mS:[93m36.0%[97m([91m6.7c[97m-[94mF1:30.6%) [97mU1:[93m40.0%[97m([91m6.0c[97m) [97mU2:[93m72.0%[97m([91m13.4c[97m) [97mR:[93m51.6%[97m([91m24.6c[97m) [97mS-L: [92m0:[96m40% [92m1:[96m20%[39m [39m
2026-07-25 16:20:51,239 - Evaluator - INFO - New best with syn_accuracy-
2026-07-25 16:20:51,239 - Agent - INFO - [37mVal Epoch 18 step 18 with [31mce_loss_combined : 1.777937 [31mce_loss_c : 2.253871 [31mce_loss_g : 1.343065 [31mkl_synergy_rand_1 : 0.000828 [31mkl_synergy_rand_2 : 0.000849 [31mkl_synergy_1 : 0.000850 [31mkl_synergy_2 : 0.000827 [31mtotal : 1.781292 [31mdiag_kl_1 : 1.074330 [31mdiag_kl_2 : 0.937057 [94mAcc_combined: 46.64 [94mAcc_c: 42.54 [94mAcc_g: 62.69 [92mF1_combined: 46.84 [92mF1_c: 45.00 [92mF1_g: 62.69 [95mCEU_cue_audio: 0.2500 [95mCEU_cue_video: 0.8398 [95mCEU_synergy: 0.6399 [95mCEU_coexistence: 0.3125 [97mS:[93m64.0%[97m([91m11.9c[97m-[94mF1:47.6%) [97mU1:[93m25.0%[97m([91m3.7c[97m) [97mU2:[93m84.0%[97m([91m15.7c[97m) [97mR:[93m31.2%[97m([91m14.9c[97m) [97mS-L: [92m0:[96m75% [92m1:[96m20%[39m [39m
2026-07-25 16:20:51,259 - Agent - INFO - [37mTest Epoch 18 step 18 with [31mce_loss_combined : 1.210596 [31mce_loss_c : 1.511606 [31mce_loss_g : 1.327389 [31mkl_synergy_rand_1 : 0.000918 [31mkl_synergy_rand_2 : 0.000917 [31mkl_synergy_1 : 0.000926 [31mkl_synergy_2 : 0.000904 [31mtotal : 1.214262 [31mdiag_kl_1 : 1.137553 [31mdiag_kl_2 : 0.805096 [94mAcc_combined: 60.45 [94mAcc_c: 57.84 [94mAcc_g: 64.93 [92mF1_combined: 61.03 [92mF1_c: 60.07 [92mF1_g: 64.93 [95mCEU_cue_audio: 0.3752 [95mCEU_cue_video: 0.7999 [95mCEU_synergy: 0.8181 [95mCEU_coexistence: 0.4681 [97mS:[93m81.8%[97m([91m20.1c[97m-[94mF1:45.0%) [97mU1:[93m37.5%[97m([91m6.7c[97m) [97mU2:[93m80.0%[97m([91m17.9c[97m) [97mR:[93m46.8%[97m([91m16.4c[97m) [97mS-L: [92m0:[96m87%[39m [39m
2026-07-25 16:20:51,964 - Agent - INFO - [37mModel saved successfully at: ./artifacts/models/multibench/mustard/vt/SynIB_RMask_REFABL_mustard_fold2_l0.001_perturbrandom_fillema_pmin0.1_refclass_prior_lr0.0005_wd0.001.pth.tar[39m
2026-07-25 16:20:55,185 - Agent - INFO - [37mVal Epoch 19 step 19 with [31mce_loss_combined : 1.584131 [31mce_loss_c : 2.218776 [31mce_loss_g : 1.132632 [31mkl_synergy_rand_1 : 0.000835 [31mkl_synergy_rand_2 : 0.000809 [31mkl_synergy_1 : 0.000838 [31mkl_synergy_2 : 0.000772 [31mtotal : 1.587385 [31mdiag_kl_1 : 0.762199 [31mdiag_kl_2 : 0.826789 [94mAcc_combined: 49.63 [94mAcc_c: 44.78 [94mAcc_g: 64.93 [92mF1_combined: 49.81 [92mF1_c: 47.14 [92mF1_g: 64.93 [95mCEU_cue_audio: 0.3499 [95mCEU_cue_video: 0.8001 [95mCEU_synergy: 0.5600 [95mCEU_coexistence: 0.3907 [97mS:[93m56.0%[97m([91m10.4c[97m-[94mF1:42.8%) [97mU1:[93m35.0%[97m([91m5.2c[97m) [97mU2:[93m80.0%[97m([91m14.9c[97m) [97mR:[93m39.1%[97m([91m18.7c[97m) [97mS-L: [92m0:[96m65% [92m1:[96m20%[39m [39m
2026-07-25 16:20:58,381 - Agent - INFO - [37mVal Epoch 20 step 20 with [31mce_loss_combined : 1.715945 [31mce_loss_c : 2.017487 [31mce_loss_g : 1.254420 [31mkl_synergy_rand_1 : 0.000949 [31mkl_synergy_rand_2 : 0.000934 [31mkl_synergy_1 : 0.000946 [31mkl_synergy_2 : 0.000919 [31mtotal : 1.719693 [31mdiag_kl_1 : 0.936868 [31mdiag_kl_2 : 0.780674 [94mAcc_combined: 50.00 [94mAcc_c: 42.91 [94mAcc_g: 66.42 [92mF1_combined: 50.37 [92mF1_c: 48.83 [92mF1_g: 66.67 [95mCEU_cue_audio: 0.3001 [95mCEU_cue_video: 0.7201 [95mCEU_synergy: 0.5198 [95mCEU_coexistence: 0.4531 [97mS:[93m52.0%[97m([91m9.7c[97m-[94mF1:40.5%) [97mU1:[93m30.0%[97m([91m4.5c[97m) [97mU2:[93m72.0%[97m([91m13.4c[97m) [97mR:[93m45.3%[97m([91m21.6c[97m) [97mS-L: [92m0:[96m60% [92m1:[96m20%[39m [39m
2026-07-25 16:21:01,554 - Agent - INFO - [37mVal Epoch 21 step 21 with [31mce_loss_combined : 1.591109 [31mce_loss_c : 1.821491 [31mce_loss_g : 1.313101 [31mkl_synergy_rand_1 : 0.001083 [31mkl_synergy_rand_2 : 0.001074 [31mkl_synergy_1 : 0.001083 [31mkl_synergy_2 : 0.001027 [31mtotal : 1.595374 [31mdiag_kl_1 : 0.673218 [31mdiag_kl_2 : 0.743078 [94mAcc_combined: 54.85 [94mAcc_c: 50.00 [94mAcc_g: 63.81 [92mF1_combined: 55.35 [92mF1_c: 52.48 [92mF1_g: 63.94 [95mCEU_cue_audio: 0.3499 [95mCEU_cue_video: 0.7201 [95mCEU_synergy: 0.4400 [95mCEU_coexistence: 0.5781 [97mS:[93m44.0%[97m([91m8.2c[97m-[94mF1:35.7%) [97mU1:[93m35.0%[97m([91m5.2c[97m) [97mU2:[93m72.0%[97m([91m13.4c[97m) [97mR:[93m57.8%[97m([91m27.6c[97m) [97mS-L: [92m0:[96m50% [92m1:[96m20%[39m [39m
2026-07-25 16:21:04,682 - Agent - INFO - [37mVal Epoch 22 step 22 with [31mce_loss_combined : 1.900604 [31mce_loss_c : 2.189683 [31mce_loss_g : 1.277308 [31mkl_synergy_rand_1 : 0.001182 [31mkl_synergy_rand_2 : 0.001108 [31mkl_synergy_1 : 0.001172 [31mkl_synergy_2 : 0.001070 [31mtotal : 1.905137 [31mdiag_kl_1 : 0.691827 [31mdiag_kl_2 : 1.050522 [94mAcc_combined: 50.00 [94mAcc_c: 47.39 [94mAcc_g: 63.81 [92mF1_combined: 50.37 [92mF1_c: 48.35 [92mF1_g: 63.94 [95mCEU_cue_audio: 0.3499 [95mCEU_cue_video: 0.7599 [95mCEU_synergy: 0.3601 [95mCEU_coexistence: 0.5000 [97mS:[93m36.0%[97m([91m6.7c[97m-[94mF1:30.6%) [97mU1:[93m35.0%[97m([91m5.2c[97m) [97mU2:[93m76.0%[97m([91m14.2c[97m) [97mR:[93m50.0%[97m([91m23.9c[97m) [97mS-L: [92m0:[96m40% [92m1:[96m20%[39m [39m
2026-07-25 16:21:07,846 - Agent - INFO - [37mVal Epoch 23 step 23 with [31mce_loss_combined : 1.633407 [31mce_loss_c : 1.706247 [31mce_loss_g : 1.297413 [31mkl_synergy_rand_1 : 0.001169 [31mkl_synergy_rand_2 : 0.001129 [31mkl_synergy_1 : 0.001125 [31mkl_synergy_2 : 0.001114 [31mtotal : 1.637944 [31mdiag_kl_1 : 0.631826 [31mdiag_kl_2 : 0.728819 [94mAcc_combined: 53.36 [94mAcc_c: 49.25 [94mAcc_g: 63.81 [92mF1_combined: 53.87 [92mF1_c: 52.45 [92mF1_g: 63.94 [95mCEU_cue_audio: 0.3999 [95mCEU_cue_video: 0.6801 [95mCEU_synergy: 0.4000 [95mCEU_coexistence: 0.5469 [97mS:[93m40.0%[97m([91m7.5c[97m-[94mF1:33.2%) [97mU1:[93m40.0%[97m([91m6.0c[97m) [97mU2:[93m68.0%[97m([91m12.7c[97m) [97mR:[93m54.7%[97m([91m26.1c[97m) [97mS-L: [92m0:[96m45% [92m1:[96m20%[39m [39m
2026-07-25 16:21:11,041 - Agent - INFO - [37mVal Epoch 24 step 24 with [31mce_loss_combined : 1.869255 [31mce_loss_c : 1.840351 [31mce_loss_g : 1.297385 [31mkl_synergy_rand_1 : 0.001211 [31mkl_synergy_rand_2 : 0.001201 [31mkl_synergy_1 : 0.001227 [31mkl_synergy_2 : 0.001168 [31mtotal : 1.874063 [31mdiag_kl_1 : 1.007804 [31mdiag_kl_2 : 0.876685 [94mAcc_combined: 49.63 [94mAcc_c: 45.15 [94mAcc_g: 63.43 [92mF1_combined: 49.81 [92mF1_c: 48.06 [92mF1_g: 63.70 [95mCEU_cue_audio: 0.3001 [95mCEU_cue_video: 0.7201 [95mCEU_synergy: 0.4400 [95mCEU_coexistence: 0.5000 [97mS:[93m44.0%[97m([91m8.2c[97m-[94mF1:35.7%) [97mU1:[93m30.0%[97m([91m4.5c[97m) [97mU2:[93m72.0%[97m([91m13.4c[97m) [97mR:[93m50.0%[97m([91m23.9c[97m) [97mS-L: [92m0:[96m50% [92m1:[96m20%[39m [39m
2026-07-25 16:21:14,201 - Agent - INFO - [37mVal Epoch 25 step 25 with [31mce_loss_combined : 2.016217 [31mce_loss_c : 2.100171 [31mce_loss_g : 1.368329 [31mkl_synergy_rand_1 : 0.001210 [31mkl_synergy_rand_2 : 0.001211 [31mkl_synergy_1 : 0.001200 [31mkl_synergy_2 : 0.001151 [31mtotal : 2.020989 [31mdiag_kl_1 : 1.371145 [31mdiag_kl_2 : 1.168534 [94mAcc_combined: 49.25 [94mAcc_c: 45.90 [94mAcc_g: 66.42 [92mF1_combined: 49.25 [92mF1_c: 48.76 [92mF1_g: 66.42 [95mCEU_cue_audio: 0.3999 [95mCEU_cue_video: 0.8001 [95mCEU_synergy: 0.5600 [95mCEU_coexistence: 0.3750 [97mS:[93m56.0%[97m([91m10.4c[97m-[94mF1:42.8%) [97mU1:[93m40.0%[97m([91m6.0c[97m) [97mU2:[93m80.0%[97m([91m14.9c[97m) [97mR:[93m37.5%[97m([91m17.9c[97m) [97mS-L: [92m0:[96m65% [92m1:[96m20%[39m [39m
2026-07-25 16:21:17,408 - Agent - INFO - [37mVal Epoch 26 step 26 with [31mce_loss_combined : 1.832443 [31mce_loss_c : 2.008610 [31mce_loss_g : 1.373690 [31mkl_synergy_rand_1 : 0.001212 [31mkl_synergy_rand_2 : 0.001186 [31mkl_synergy_1 : 0.001194 [31mkl_synergy_2 : 0.001202 [31mtotal : 1.837236 [31mdiag_kl_1 : 1.053395 [31mdiag_kl_2 : 0.923446 [94mAcc_combined: 48.51 [94mAcc_c: 46.27 [94mAcc_g: 64.18 [92mF1_combined: 48.51 [92mF1_c: 48.20 [92mF1_g: 64.18 [95mCEU_cue_audio: 0.3499 [95mCEU_cue_video: 0.6801 [95mCEU_synergy: 0.4000 [95mCEU_coexistence: 0.4843 [97mS:[93m40.0%[97m([91m7.5c[97m-[94mF1:28.6%) [97mU1:[93m35.0%[97m([91m5.2c[97m) [97mU2:[93m68.0%[97m([91m12.7c[97m) [97mR:[93m48.4%[97m([91m23.1c[97m) [97mS-L: [92m0:[96m50%[39m [39m
2026-07-25 16:21:20,547 - Agent - INFO - [37mVal Epoch 27 step 27 with [31mce_loss_combined : 2.021050 [31mce_loss_c : 1.969349 [31mce_loss_g : 1.299749 [31mkl_synergy_rand_1 : 0.001296 [31mkl_synergy_rand_2 : 0.001297 [31mkl_synergy_1 : 0.001287 [31mkl_synergy_2 : 0.001288 [31mtotal : 2.026218 [31mdiag_kl_1 : 0.764483 [31mdiag_kl_2 : 1.091745 [94mAcc_combined: 51.12 [94mAcc_c: 44.78 [94mAcc_g: 63.81 [92mF1_combined: 51.30 [92mF1_c: 47.89 [92mF1_g: 63.67 [95mCEU_cue_audio: 0.3999 [95mCEU_cue_video: 0.6801 [95mCEU_synergy: 0.3601 [95mCEU_coexistence: 0.5469 [97mS:[93m36.0%[97m([91m6.7c[97m-[94mF1:30.6%) [97mU1:[93m40.0%[97m([91m6.0c[97m) [97mU2:[93m68.0%[97m([91m12.7c[97m) [97mR:[93m54.7%[97m([91m26.1c[97m) [97mS-L: [92m0:[96m40% [92m1:[96m20%[39m [39m
2026-07-25 16:21:23,652 - Agent - INFO - [37mVal Epoch 28 step 28 with [31mce_loss_combined : 2.083812 [31mce_loss_c : 1.994347 [31mce_loss_g : 1.221118 [31mkl_synergy_rand_1 : 0.001456 [31mkl_synergy_rand_2 : 0.001446 [31mkl_synergy_1 : 0.001430 [31mkl_synergy_2 : 0.001410 [31mtotal : 2.089554 [31mdiag_kl_1 : 0.804988 [31mdiag_kl_2 : 1.485050 [94mAcc_combined: 52.24 [94mAcc_c: 45.52 [94mAcc_g: 64.18 [92mF1_combined: 52.24 [92mF1_c: 48.23 [92mF1_g: 64.18 [95mCEU_cue_audio: 0.3499 [95mCEU_cue_video: 0.7201 [95mCEU_synergy: 0.4000 [95mCEU_coexistence: 0.5469 [97mS:[93m40.0%[97m([91m7.5c[97m-[94mF1:33.2%) [97mU1:[93m35.0%[97m([91m5.2c[97m) [97mU2:[93m72.0%[97m([91m13.4c[97m) [97mR:[93m54.7%[97m([91m26.1c[97m) [97mS-L: [92m0:[96m45% [92m1:[96m20%[39m [39m
2026-07-25 16:21:26,805 - Agent - INFO - [37mVal Epoch 29 step 29 with [31mce_loss_combined : 2.461546 [31mce_loss_c : 2.304147 [31mce_loss_g : 1.437855 [31mkl_synergy_rand_1 : 0.001313 [31mkl_synergy_rand_2 : 0.001242 [31mkl_synergy_1 : 0.001299 [31mkl_synergy_2 : 0.001277 [31mtotal : 2.466678 [31mdiag_kl_1 : 1.386319 [31mdiag_kl_2 : 1.431434 [94mAcc_combined: 44.40 [94mAcc_c: 42.16 [94mAcc_g: 60.07 [92mF1_combined: 44.61 [92mF1_c: 45.61 [92mF1_g: 59.93 [95mCEU_cue_audio: 0.2003 [95mCEU_cue_video: 0.8800 [95mCEU_synergy: 0.4400 [95mCEU_coexistence: 0.3438 [97mS:[93m44.0%[97m([91m8.2c[97m-[94mF1:35.7%) [97mU1:[93m20.0%[97m([91m3.0c[97m) [97mU2:[93m88.0%[97m([91m16.4c[97m) [97mR:[93m34.4%[97m([91m16.4c[97m) [97mS-L: [92m0:[96m50% [92m1:[96m20%[39m [39m
2026-07-25 16:21:29,956 - Agent - INFO - [37mVal Epoch 30 step 30 with [31mce_loss_combined : 2.150642 [31mce_loss_c : 2.273589 [31mce_loss_g : 1.190863 [31mkl_synergy_rand_1 : 0.001364 [31mkl_synergy_rand_2 : 0.001314 [31mkl_synergy_1 : 0.001361 [31mkl_synergy_2 : 0.001321 [31mtotal : 2.156003 [31mdiag_kl_1 : 0.942548 [31mdiag_kl_2 : 1.209490 [94mAcc_combined: 46.27 [94mAcc_c: 42.54 [94mAcc_g: 67.16 [92mF1_combined: 47.06 [92mF1_c: 44.60 [92mF1_g: 67.16 [95mCEU_cue_audio: 0.2500 [95mCEU_cue_video: 0.7201 [95mCEU_synergy: 0.4400 [95mCEU_coexistence: 0.4375 [97mS:[93m44.0%[97m([91m8.2c[97m-[94mF1:35.7%) [97mU1:[93m25.0%[97m([91m3.7c[97m) [97mU2:[93m72.0%[97m([91m13.4c[97m) [97mR:[93m43.8%[97m([91m20.9c[97m) [97mS-L: [92m0:[96m50% [92m1:[96m20%[39m [39m
2026-07-25 16:21:33,080 - Agent - INFO - [37mVal Epoch 31 step 31 with [31mce_loss_combined : 2.171928 [31mce_loss_c : 2.275676 [31mce_loss_g : 1.227520 [31mkl_synergy_rand_1 : 0.001523 [31mkl_synergy_rand_2 : 0.001445 [31mkl_synergy_1 : 0.001470 [31mkl_synergy_2 : 0.001487 [31mtotal : 2.177855 [31mdiag_kl_1 : 0.872602 [31mdiag_kl_2 : 1.324176 [94mAcc_combined: 47.76 [94mAcc_c: 44.40 [94mAcc_g: 65.30 [92mF1_combined: 47.76 [92mF1_c: 46.21 [92mF1_g: 65.17 [95mCEU_cue_audio: 0.3499 [95mCEU_cue_video: 0.6399 [95mCEU_synergy: 0.4000 [95mCEU_coexistence: 0.4843 [97mS:[93m40.0%[97m([91m7.5c[97m-[94mF1:33.2%) [97mU1:[93m35.0%[97m([91m5.2c[97m) [97mU2:[93m64.0%[97m([91m11.9c[97m) [97mR:[93m48.4%[97m([91m23.1c[97m) [97mS-L: [92m0:[96m45% [92m1:[96m20%[39m [39m
2026-07-25 16:21:36,263 - Agent - INFO - [37mVal Epoch 32 step 32 with [31mce_loss_combined : 2.198122 [31mce_loss_c : 2.210414 [31mce_loss_g : 1.470852 [31mkl_synergy_rand_1 : 0.001338 [31mkl_synergy_rand_2 : 0.001329 [31mkl_synergy_1 : 0.001350 [31mkl_synergy_2 : 0.001338 [31mtotal : 2.203478 [31mdiag_kl_1 : 1.051991 [31mdiag_kl_2 : 1.044300 [94mAcc_combined: 50.37 [94mAcc_c: 44.78 [94mAcc_g: 62.69 [92mF1_combined: 50.56 [92mF1_c: 46.38 [92mF1_g: 62.69 [95mCEU_cue_audio: 0.3001 [95mCEU_cue_video: 0.7599 [95mCEU_synergy: 0.5198 [95mCEU_coexistence: 0.4688 [97mS:[93m52.0%[97m([91m9.7c[97m-[94mF1:40.5%) [97mU1:[93m30.0%[97m([91m4.5c[97m) [97mU2:[93m76.0%[97m([91m14.2c[97m) [97mR:[93m46.9%[97m([91m22.4c[97m) [97mS-L: [92m0:[96m60% [92m1:[96m20%[39m [39m
2026-07-25 16:21:39,429 - Agent - INFO - [37mVal Epoch 33 step 33 with [31mce_loss_combined : 1.964723 [31mce_loss_c : 2.587143 [31mce_loss_g : 1.191646 [31mkl_synergy_rand_1 : 0.001137 [31mkl_synergy_rand_2 : 0.001104 [31mkl_synergy_1 : 0.001155 [31mkl_synergy_2 : 0.001112 [31mtotal : 1.969230 [31mdiag_kl_1 : 0.759942 [31mdiag_kl_2 : 1.056701 [94mAcc_combined: 48.51 [94mAcc_c: 43.66 [94mAcc_g: 65.67 [92mF1_combined: 48.89 [92mF1_c: 45.88 [92mF1_g: 65.67 [95mCEU_cue_audio: 0.3499 [95mCEU_cue_video: 0.8001 [95mCEU_synergy: 0.4802 [95mCEU_coexistence: 0.4219 [97mS:[93m48.0%[97m([91m9.0c[97m-[94mF1:38.1%) [97mU1:[93m35.0%[97m([91m5.2c[97m) [97mU2:[93m80.0%[97m([91m14.9c[97m) [97mR:[93m42.2%[97m([91m20.1c[97m) [97mS-L: [92m0:[96m55% [92m1:[96m20%[39m [39m
2026-07-25 16:21:42,529 - Agent - INFO - [37mVal Epoch 34 step 34 with [31mce_loss_combined : 2.293064 [31mce_loss_c : 2.361451 [31mce_loss_g : 1.464167 [31mkl_synergy_rand_1 : 0.001415 [31mkl_synergy_rand_2 : 0.001401 [31mkl_synergy_1 : 0.001470 [31mkl_synergy_2 : 0.001420 [31mtotal : 2.298769 [31mdiag_kl_1 : 1.180035 [31mdiag_kl_2 : 1.014652 [94mAcc_combined: 48.13 [94mAcc_c: 44.78 [94mAcc_g: 61.19 [92mF1_combined: 48.71 [92mF1_c: 46.38 [92mF1_g: 61.19 [95mCEU_cue_audio: 0.3001 [95mCEU_cue_video: 0.7201 [95mCEU_synergy: 0.5198 [95mCEU_coexistence: 0.4375 [97mS:[93m52.0%[97m([91m9.7c[97m-[94mF1:40.5%) [97mU1:[93m30.0%[97m([91m4.5c[97m) [97mU2:[93m72.0%[97m([91m13.4c[97m) [97mR:[93m43.8%[97m([91m20.9c[97m) [97mS-L: [92m0:[96m60% [92m1:[96m20%[39m [39m
2026-07-25 16:21:45,691 - Agent - INFO - [37mVal Epoch 35 step 35 with [31mce_loss_combined : 2.551006 [31mce_loss_c : 2.481795 [31mce_loss_g : 1.463214 [31mkl_synergy_rand_1 : 0.001506 [31mkl_synergy_rand_2 : 0.001490 [31mkl_synergy_1 : 0.001527 [31mkl_synergy_2 : 0.001474 [31mtotal : 2.557003 [31mdiag_kl_1 : 1.250867 [31mdiag_kl_2 : 1.236912 [94mAcc_combined: 48.13 [94mAcc_c: 43.28 [94mAcc_g: 64.18 [92mF1_combined: 48.71 [92mF1_c: 44.12 [92mF1_g: 64.18 [95mCEU_cue_audio: 0.3001 [95mCEU_cue_video: 0.7599 [95mCEU_synergy: 0.4802 [95mCEU_coexistence: 0.4219 [97mS:[93m48.0%[97m([91m9.0c[97m-[94mF1:38.1%) [97mU1:[93m30.0%[97m([91m4.5c[97m) [97mU2:[93m76.0%[97m([91m14.2c[97m) [97mR:[93m42.2%[97m([91m20.1c[97m) [97mS-L: [92m0:[96m55% [92m1:[96m20%[39m [39m
2026-07-25 16:21:48,885 - Agent - INFO - [37mVal Epoch 36 step 36 with [31mce_loss_combined : 2.291170 [31mce_loss_c : 2.351965 [31mce_loss_g : 1.335415 [31mkl_synergy_rand_1 : 0.001608 [31mkl_synergy_rand_2 : 0.001483 [31mkl_synergy_1 : 0.001597 [31mkl_synergy_2 : 0.001544 [31mtotal : 2.297402 [31mdiag_kl_1 : 0.958916 [31mdiag_kl_2 : 1.119843 [94mAcc_combined: 50.75 [94mAcc_c: 46.27 [94mAcc_g: 66.42 [92mF1_combined: 51.11 [92mF1_c: 47.06 [92mF1_g: 66.42 [95mCEU_cue_audio: 0.3499 [95mCEU_cue_video: 0.7201 [95mCEU_synergy: 0.4000 [95mCEU_coexistence: 0.5000 [97mS:[93m40.0%[97m([91m7.5c[97m-[94mF1:33.2%) [97mU1:[93m35.0%[97m([91m5.2c[97m) [97mU2:[93m72.0%[97m([91m13.4c[97m) [97mR:[93m50.0%[97m([91m23.9c[97m) [97mS-L: [92m0:[96m45% [92m1:[96m20%[39m [39m
2026-07-25 16:21:52,020 - Agent - INFO - [37mVal Epoch 37 step 37 with [31mce_loss_combined : 2.718430 [31mce_loss_c : 2.529263 [31mce_loss_g : 1.632508 [31mkl_synergy_rand_1 : 0.001624 [31mkl_synergy_rand_2 : 0.001590 [31mkl_synergy_1 : 0.001594 [31mkl_synergy_2 : 0.001616 [31mtotal : 2.724854 [31mdiag_kl_1 : 1.319364 [31mdiag_kl_2 : 1.245045 [94mAcc_combined: 47.39 [94mAcc_c: 42.54 [94mAcc_g: 62.31 [92mF1_combined: 47.97 [92mF1_c: 43.80 [92mF1_g: 62.17 [95mCEU_cue_audio: 0.2500 [95mCEU_cue_video: 0.7201 [95mCEU_synergy: 0.4802 [95mCEU_coexistence: 0.4375 [97mS:[93m48.0%[97m([91m9.0c[97m-[94mF1:38.1%) [97mU1:[93m25.0%[97m([91m3.7c[97m) [97mU2:[93m72.0%[97m([91m13.4c[97m) [97mR:[93m43.8%[97m([91m20.9c[97m) [97mS-L: [92m0:[96m55% [92m1:[96m20%[39m [39m
2026-07-25 16:21:55,185 - Agent - INFO - [37mVal Epoch 38 step 38 with [31mce_loss_combined : 2.724439 [31mce_loss_c : 2.430571 [31mce_loss_g : 1.634233 [31mkl_synergy_rand_1 : 0.001565 [31mkl_synergy_rand_2 : 0.001452 [31mkl_synergy_1 : 0.001593 [31mkl_synergy_2 : 0.001493 [31mtotal : 2.730542 [31mdiag_kl_1 : 1.364447 [31mdiag_kl_2 : 1.257359 [94mAcc_combined: 45.52 [94mAcc_c: 42.16 [94mAcc_g: 62.31 [92mF1_combined: 45.52 [92mF1_c: 44.84 [92mF1_g: 62.17 [95mCEU_cue_audio: 0.2500 [95mCEU_cue_video: 0.7599 [95mCEU_synergy: 0.4802 [95mCEU_coexistence: 0.3907 [97mS:[93m48.0%[97m([91m9.0c[97m-[94mF1:38.1%) [97mU1:[93m25.0%[97m([91m3.7c[97m) [97mU2:[93m76.0%[97m([91m14.2c[97m) [97mR:[93m39.1%[97m([91m18.7c[97m) [97mS-L: [92m0:[96m55% [92m1:[96m20%[39m [39m
2026-07-25 16:21:58,304 - Agent - INFO - [37mVal Epoch 39 step 39 with [31mce_loss_combined : 2.433335 [31mce_loss_c : 2.055382 [31mce_loss_g : 1.779122 [31mkl_synergy_rand_1 : 0.001591 [31mkl_synergy_rand_2 : 0.001554 [31mkl_synergy_1 : 0.001547 [31mkl_synergy_2 : 0.001556 [31mtotal : 2.439583 [31mdiag_kl_1 : 1.079143 [31mdiag_kl_2 : 1.005325 [94mAcc_combined: 50.75 [94mAcc_c: 46.27 [94mAcc_g: 61.94 [92mF1_combined: 50.75 [92mF1_c: 48.94 [92mF1_g: 61.94 [95mCEU_cue_audio: 0.3499 [95mCEU_cue_video: 0.7599 [95mCEU_synergy: 0.3199 [95mCEU_coexistence: 0.5312 [97mS:[93m32.0%[97m([91m6.0c[97m-[94mF1:27.8%) [97mU1:[93m35.0%[97m([91m5.2c[97m) [97mU2:[93m76.0%[97m([91m14.2c[97m) [97mR:[93m53.1%[97m([91m25.4c[97m) [97mS-L: [92m0:[96m35% [92m1:[96m20%[39m [39m
2026-07-25 16:22:01,485 - Agent - INFO - [37mVal Epoch 40 step 40 with [31mce_loss_combined : 2.752679 [31mce_loss_c : 2.464830 [31mce_loss_g : 1.803474 [31mkl_synergy_rand_1 : 0.001569 [31mkl_synergy_rand_2 : 0.001581 [31mkl_synergy_1 : 0.001626 [31mkl_synergy_2 : 0.001546 [31mtotal : 2.759001 [31mdiag_kl_1 : 1.456086 [31mdiag_kl_2 : 1.220701 [94mAcc_combined: 45.52 [94mAcc_c: 42.91 [94mAcc_g: 62.69 [92mF1_combined: 45.93 [92mF1_c: 45.55 [92mF1_g: 62.69 [95mCEU_cue_audio: 0.2003 [95mCEU_cue_video: 0.7599 [95mCEU_synergy: 0.4802 [95mCEU_coexistence: 0.3907 [97mS:[93m48.0%[97m([91m9.0c[97m-[94mF1:38.1%) [97mU1:[93m20.0%[97m([91m3.0c[97m) [97mU2:[93m76.0%[97m([91m14.2c[97m) [97mR:[93m39.1%[97m([91m18.7c[97m) [97mS-L: [92m0:[96m55% [92m1:[96m20%[39m [39m
2026-07-25 16:22:04,687 - Agent - INFO - [37mVal Epoch 41 step 41 with [31mce_loss_combined : 2.478367 [31mce_loss_c : 2.111266 [31mce_loss_g : 1.814822 [31mkl_synergy_rand_1 : 0.001601 [31mkl_synergy_rand_2 : 0.001602 [31mkl_synergy_1 : 0.001629 [31mkl_synergy_2 : 0.001631 [31mtotal : 2.484830 [31mdiag_kl_1 : 1.120055 [31mdiag_kl_2 : 0.973365 [94mAcc_combined: 51.87 [94mAcc_c: 45.90 [94mAcc_g: 63.06 [92mF1_combined: 52.04 [92mF1_c: 46.49 [92mF1_g: 62.92 [95mCEU_cue_audio: 0.3001 [95mCEU_cue_video: 0.7599 [95mCEU_synergy: 0.4400 [95mCEU_coexistence: 0.5312 [97mS:[93m44.0%[97m([91m8.2c[97m-[94mF1:35.7%) [97mU1:[93m30.0%[97m([91m4.5c[97m) [97mU2:[93m76.0%[97m([91m14.2c[97m) [97mR:[93m53.1%[97m([91m25.4c[97m) [97mS-L: [92m0:[96m50% [92m1:[96m20%[39m [39m
2026-07-25 16:22:07,779 - Agent - INFO - [37mVal Epoch 42 step 42 with [31mce_loss_combined : 2.821764 [31mce_loss_c : 2.405576 [31mce_loss_g : 1.763194 [31mkl_synergy_rand_1 : 0.001576 [31mkl_synergy_rand_2 : 0.001563 [31mkl_synergy_1 : 0.001660 [31mkl_synergy_2 : 0.001627 [31mtotal : 2.828191 [31mdiag_kl_1 : 1.577921 [31mdiag_kl_2 : 1.378046 [94mAcc_combined: 45.90 [94mAcc_c: 41.04 [94mAcc_g: 63.43 [92mF1_combined: 46.10 [92mF1_c: 42.75 [92mF1_g: 63.43 [95mCEU_cue_audio: 0.2500 [95mCEU_cue_video: 0.8001 [95mCEU_synergy: 0.5198 [95mCEU_coexistence: 0.3593 [97mS:[93m52.0%[97m([91m9.7c[97m-[94mF1:40.5%) [97mU1:[93m25.0%[97m([91m3.7c[97m) [97mU2:[93m80.0%[97m([91m14.9c[97m) [97mR:[93m35.9%[97m([91m17.2c[97m) [97mS-L: [92m0:[96m60% [92m1:[96m20%[39m [39m
2026-07-25 16:22:10,940 - Agent - INFO - [37mVal Epoch 43 step 43 with [31mce_loss_combined : 2.720044 [31mce_loss_c : 2.270171 [31mce_loss_g : 1.790105 [31mkl_synergy_rand_1 : 0.001610 [31mkl_synergy_rand_2 : 0.001650 [31mkl_synergy_1 : 0.001644 [31mkl_synergy_2 : 0.001602 [31mtotal : 2.726551 [31mdiag_kl_1 : 1.269780 [31mdiag_kl_2 : 1.283944 [94mAcc_combined: 49.63 [94mAcc_c: 44.40 [94mAcc_g: 61.94 [92mF1_combined: 49.81 [92mF1_c: 46.98 [92mF1_g: 61.94 [95mCEU_cue_audio: 0.3999 [95mCEU_cue_video: 0.7599 [95mCEU_synergy: 0.4400 [95mCEU_coexistence: 0.4531 [97mS:[93m44.0%[97m([91m8.2c[97m-[94mF1:35.7%) [97mU1:[93m40.0%[97m([91m6.0c[97m) [97mU2:[93m76.0%[97m([91m14.2c[97m) [97mR:[93m45.3%[97m([91m21.6c[97m) [97mS-L: [92m0:[96m50% [92m1:[96m20%[39m [39m
2026-07-25 16:22:14,100 - Agent - INFO - [37mVal Epoch 44 step 44 with [31mce_loss_combined : 2.414448 [31mce_loss_c : 1.827624 [31mce_loss_g : 1.847019 [31mkl_synergy_rand_1 : 0.001741 [31mkl_synergy_rand_2 : 0.001800 [31mkl_synergy_1 : 0.001756 [31mkl_synergy_2 : 0.001715 [31mtotal : 2.421460 [31mdiag_kl_1 : 1.129238 [31mdiag_kl_2 : 0.857601 [94mAcc_combined: 54.85 [94mAcc_c: 50.37 [94mAcc_g: 62.69 [92mF1_combined: 55.02 [92mF1_c: 53.33 [92mF1_g: 62.69 [95mCEU_cue_audio: 0.5000 [95mCEU_cue_video: 0.7201 [95mCEU_synergy: 0.2401 [95mCEU_coexistence: 0.6093 [97mS:[93m24.0%[97m([91m4.5c[97m-[94mF1:22.0%) [97mU1:[93m50.0%[97m([91m7.5c[97m) [97mU2:[93m72.0%[97m([91m13.4c[97m) [97mR:[93m60.9%[97m([91m29.1c[97m) [97mS-L: [92m0:[96m25% [92m1:[96m20%[39m [39m
2026-07-25 16:22:17,298 - Agent - INFO - [37mVal Epoch 45 step 45 with [31mce_loss_combined : 2.467777 [31mce_loss_c : 1.947366 [31mce_loss_g : 1.927528 [31mkl_synergy_rand_1 : 0.001735 [31mkl_synergy_rand_2 : 0.001759 [31mkl_synergy_1 : 0.001741 [31mkl_synergy_2 : 0.001732 [31mtotal : 2.474745 [31mdiag_kl_1 : 1.136256 [31mdiag_kl_2 : 1.112573 [94mAcc_combined: 56.72 [94mAcc_c: 50.75 [94mAcc_g: 61.94 [92mF1_combined: 56.72 [92mF1_c: 52.52 [92mF1_g: 61.94 [95mCEU_cue_audio: 0.3999 [95mCEU_cue_video: 0.7599 [95mCEU_synergy: 0.4000 [95mCEU_coexistence: 0.6093 [97mS:[93m40.0%[97m([91m7.5c[97m-[94mF1:33.2%) [97mU1:[93m40.0%[97m([91m6.0c[97m) [97mU2:[93m76.0%[97m([91m14.2c[97m) [97mR:[93m60.9%[97m([91m29.1c[97m) [97mS-L: [92m0:[96m45% [92m1:[96m20%[39m [39m
2026-07-25 16:22:20,455 - Agent - INFO - [37mVal Epoch 46 step 46 with [31mce_loss_combined : 2.544745 [31mce_loss_c : 2.006374 [31mce_loss_g : 1.957456 [31mkl_synergy_rand_1 : 0.001635 [31mkl_synergy_rand_2 : 0.001648 [31mkl_synergy_1 : 0.001712 [31mkl_synergy_2 : 0.001652 [31mtotal : 2.551392 [31mdiag_kl_1 : 1.167845 [31mdiag_kl_2 : 1.229884 [94mAcc_combined: 52.24 [94mAcc_c: 50.37 [94mAcc_g: 61.19 [92mF1_combined: 52.59 [92mF1_c: 51.99 [92mF1_g: 61.19 [95mCEU_cue_audio: 0.3999 [95mCEU_cue_video: 0.7599 [95mCEU_synergy: 0.4400 [95mCEU_coexistence: 0.4843 [97mS:[93m44.0%[97m([91m8.2c[97m-[94mF1:35.7%) [97mU1:[93m40.0%[97m([91m6.0c[97m) [97mU2:[93m76.0%[97m([91m14.2c[97m) [97mR:[93m48.4%[97m([91m23.1c[97m) [97mS-L: [92m0:[96m50% [92m1:[96m20%[39m [39m
2026-07-25 16:22:23,608 - Agent - INFO - [37mVal Epoch 47 step 47 with [31mce_loss_combined : 2.913908 [31mce_loss_c : 2.200803 [31mce_loss_g : 1.981354 [31mkl_synergy_rand_1 : 0.001593 [31mkl_synergy_rand_2 : 0.001568 [31mkl_synergy_1 : 0.001610 [31mkl_synergy_2 : 0.001585 [31mtotal : 2.920264 [31mdiag_kl_1 : 1.537746 [31mdiag_kl_2 : 1.519115 [94mAcc_combined: 47.01 [94mAcc_c: 43.28 [94mAcc_g: 60.45 [92mF1_combined: 47.01 [92mF1_c: 46.10 [92mF1_g: 60.45 [95mCEU_cue_audio: 0.3499 [95mCEU_cue_video: 0.7599 [95mCEU_synergy: 0.5198 [95mCEU_coexistence: 0.3750 [97mS:[93m52.0%[97m([91m9.7c[97m-[94mF1:40.5%) [97mU1:[93m35.0%[97m([91m5.2c[97m) [97mU2:[93m76.0%[97m([91m14.2c[97m) [97mR:[93m37.5%[97m([91m17.9c[97m) [97mS-L: [92m0:[96m60% [92m1:[96m20%[39m [39m
2026-07-25 16:22:24,053 - Agent - INFO - We are in the final state.
2026-07-25 16:22:24,151 - root - INFO - Loaded best model from best_model_accuracy_state_dict
2026-07-25 16:22:24,931 - Agent - INFO - [37mVal Epoch 47 step 0 with [31mce_loss_combined : 1.407832 [31mce_loss_c : 1.828011 [31mce_loss_g : 1.362466 [31mkl_synergy_rand_1 : 0.000698 [31mkl_synergy_rand_2 : 0.000734 [31mkl_synergy_1 : 0.000697 [31mkl_synergy_2 : 0.000701 [31mtotal : 1.410662 [31mdiag_kl_1 : 0.494541 [31mdiag_kl_2 : 0.270061 [94mAcc_combined: 63.06 [94mAcc_c: 43.28 [94mAcc_g: 63.43 [92mF1_combined: 64.26 [92mF1_c: 44.93 [92mF1_g: 63.43 [95mCEU_cue_audio: 0.6999 [95mCEU_cue_video: 0.5600 [95mCEU_synergy: 0.2799 [95mCEU_coexistence: 0.8124 [97mS:[93m28.0%[97m([91m5.2c[97m-[94mF1:26.9%) [97mU1:[93m70.0%[97m([91m10.4c[97m) [97mU2:[93m56.0%[97m([91m10.4c[97m) [97mR:[93m81.2%[97m([91m38.8c[97m) [97mS-L: [92m0:[96m25% [92m1:[96m40%[39m [39m
2026-07-25 16:22:25,696 - Agent - INFO - [37mTest Epoch 47 step 0 with [31mce_loss_combined : 0.939390 [31mce_loss_c : 1.104771 [31mce_loss_g : 1.268312 [31mkl_synergy_rand_1 : 0.000736 [31mkl_synergy_rand_2 : 0.000752 [31mkl_synergy_1 : 0.000738 [31mkl_synergy_2 : 0.000754 [31mtotal : 0.942370 [31mdiag_kl_1 : 0.653750 [31mdiag_kl_2 : 0.212965 [94mAcc_combined: 62.69 [94mAcc_c: 58.58 [94mAcc_g: 63.06 [92mF1_combined: 63.24 [92mF1_c: 60.50 [92mF1_g: 63.20 [95mCEU_cue_audio: 0.5000 [95mCEU_cue_video: 0.5998 [95mCEU_synergy: 0.5152 [95mCEU_coexistence: 0.7873 [97mS:[93m51.5%[97m([91m12.7c[97m-[94mF1:34.0%) [97mU1:[93m50.0%[97m([91m9.0c[97m) [97mU2:[93m60.0%[97m([91m13.4c[97m) [97mR:[93m78.7%[97m([91m27.6c[97m) [97mS-L: [92m0:[96m55%[39m [39m
2026-07-25 16:22:26,392 - Agent - INFO - [37mModel saved successfully at: ./artifacts/models/multibench/mustard/vt/SynIB_RMask_REFABL_mustard_fold2_l0.001_perturbrandom_fillema_pmin0.1_refclass_prior_lr0.0005_wd0.001.pth.tar[39m
Job finished
