Starting SynIB reference-ablation job
Python 3.10.19
/esat/smcdata/users/kkontras/Image_Dataset/no_backup/git/SynIB  (git a2fb4fd)
GPU 0: NVIDIA GeForce RTX 3080 Ti (UUID: GPU-2d5395f5-1e2d-a59b-ed83-f672b78d7137)
Executing: PYTHONPATH=src /esat/smcdata/users/kkontras/Image_Dataset/no_backup/envs/synergy_new/bin/python -m synib.entrypoints.train --config run/configs/rebuttal_ref_ablation/mosi_synib_u.json --default_config run/configs/rebuttal_ref_ablation/mosi_default.json --fold 2 --rmask random --l 0.1 --perturb_pmin 0.3 --perturb_fill ema --lr 0.0005 --wd 0.001 --batch_size 32 --reference_type class_prior --ref_diag --start_over --tag REFABL_mosi
Namespace(config='run/configs/rebuttal_ref_ablation/mosi_synib_u.json', default_config='run/configs/rebuttal_ref_ablation/mosi_default.json', fold='2', alpha=None, tanh_mode_beta=None, regby=None, batch_size='32', l='0.1', multil=None, lib=None, kmepoch=None, num_samples=None, contrcoeff=None, contr_type=None, shuffle_type=None, validate_with=None, num_classes=None, optim_method=None, ending_epoch=None, load_ongoing=None, recon_weight1=None, recon_weight2=None, recon_epochstages=None, recon_ensemblestages=None, lr='0.0005', wd='0.001', cls=None, ironic_rate=None, perturb='random', perturb_fill='ema', perturb_pmax=None, perturb_pmin='0.3', perturb_lsparse=None, rmask='random', pmin=None, pmax=None, lsparse=None, debug_mask_stats=False, pre=False, frozen=False, tdqm_disable=False, start_over=True, no_model_save=False, num_layers=None, grad_accum=None, init_from=None, init_strict=False, perturb_lsparse_sign=None, l_anneal_epochs=None, perturb_steps=None, perturb_lsparse_warmup=None, perturb_lsparse_schedule=None, persist_ell=False, save_masks=False, penalty_swap=False, disable_ce_random=False, disable_kl_learned=False, masking_only=False, modality_dropout=None, modality_dropout_target=None, l_z1_masked=None, l_z2_masked=None, l_pareto=None, reference_type='class_prior', ref_diag=True, ref_ema_decay=None, tag='REFABL_mosi')
2026-07-25 16:51:51,011 - Config - INFO - run/configs/rebuttal_ref_ablation/mosi_synib_u.json
2026-07-25 16:51:51,013 - Config - INFO -  THE Configuration of your experiment ..
{'agent': 'Agent',
 'dataset': {'data_roots': './src/synib/mydatasets/Factor_CL_Datasets/prepared/mosi/mosi_data.pkl',
             'data_type': 'mosi',
             'dataloader_class': 'FactorCL_Dataloader',
             'kfold_data_roots': './src/synib/mydatasets/Factor_CL_Datasets/prepared/mosi/mosi_synergy3.pkl'},
 'early_stopping': {'end_of_epoch_check': True,
                    'log_interval': 10,
                    'max_epoch': 100,
                    'n_steps_stop': 30,
                    'n_steps_stop_after': 0,
                    'save_every_step': 3000,
                    'save_every_valstep': 50,
                    'validate_after': 0,
                    'validate_every': 185},
 'exp_name': 'Mosi Experiment',
 'model': {'args': {'bias_infusion': {'l': 0.1, 'method': False},
                    'clip_grad': False,
                    'cls_type': 'mlp',
                    'd_model': 40,
                    'dropout': 0.1,
                    'fc_inner': 64,
                    'hidden_dim': 64,
                    'in_dim': 64,
                    'multi_loss': {'multi_supervised_w': {'c': 1,
                                                          'combined': 1,
                                                          'g': 1}},
                    'norm_decision': False,
                    'num_classes': 2,
                    'synergy_type': 'unimodal_anchor'},
           'ceu': {'test': './artifacts/ceus/mosi/mosi_ceu_test.pkl',
                   'val': './artifacts/ceus/mosi/mosi_ceu_val.pkl'},
           'encoders': [{'args': {'freeze_encoder': False,
                                  'hidden_size': 40,
                                  'modality': 'c',
                                  'n_features': 20,
                                  'num_classes': 2},
                         'model': 'FactorCL_Uni',
                         'pretrainedEncoder': {'dir': 'unimodal_video_fold{}_vldaccuracy_lr0.0005_wd0.00001.pth.tar',
                                               'use': True}},
                        {'args': {'freeze_encoder': False,
                                  'hidden_size': 40,
                                  'modality': 'g',
                                  'n_features': 300,
                                  'num_classes': 2},
                         'model': 'FactorCL_Uni',
                         'pretrainedEncoder': {'dir': 'unimodal_text_fold{}_vldaccuracy_lr0.0005_wd0.0001.pth.tar',
                                               'use': True}},
                        {'args': {'d_model': 40,
                                  'dropout': 0.1,
                                  'fc_inner': 64,
                                  'freeze_encoder': False},
                         'model': 'FusionTrunkLinear',
                         'name': 'enc_2_fusion_trunk',
                         'pretrainedEncoder': {'dir': 'enc_2_fusion_trunk_fold{}.pth.tar',
                                               'use': False},
                         'save_encoder': False},
                        {'args': {'freeze_encoder': False,
                                  'in_dim': 64,
                                  'num_classes': 2},
                         'model': 'LinearHead',
                         'name': 'enc_3_fusion_head',
                         'pretrainedEncoder': {'dir': 'enc_3_fusion_head_fold{}.pth.tar',
                                               'use': False},
                         'save_encoder': False}],
           'load_ongoing': False,
           'model_class': 'FusionIBModel_Mask_U',
           'save_base_dir': './artifacts/models/multibench/mosi/vt',
           'save_dir': 'SynIB_RMask_U_fold{}.pth.tar'},
 'optimizer': {'beta1': 0.9,
               'beta2': 0.999,
               'learning_rate': 0.0001,
               'momentum': 0.9,
               'type': 'Adam',
               'weight_decay': 0.0001},
 'scheduler': {'max_lr': 0.03, 'type': 'cosanneal', 'warm_up_steps': 780},
 'task': 'classification',
 'training_params': {'adversarial_training': {'adv_epsilon': 0.01,
                                              'use': False},
                     'async_loading': True,
                     'batch_size': 32,
                     'cuda': True,
                     'data_loader_workers': 8,
                     'gpu_device': [0],
                     'pin_memory': True,
                     'rec_test': True,
                     'res': True,
                     'seed': 109,
                     'tdqm_disable': False,
                     'test_batch_size': 32,
                     'test_on_bottoms': False,
                     'use_test_set': True,
                     'validation': True,
                     'verbose': True,
                     'wandb_disable': True}}
2026-07-25 16:51:51,016 - Config - INFO -  *************************************** 
2026-07-25 16:51:51,016 - Config - INFO - The experiment name is Mosi Experiment
2026-07-25 16:51:51,016 - Config - INFO -  *************************************** 
2026-07-25 16:51:51,016 - root - INFO - save_dir: SynIB_RMask_U_foldREFABL_mosi_fold2_l0.1_perturbrandom_fillema_pmin0.3_refclass_prior_lr0.0005_wd0.001_bs32.pth.tar
2026-07-25 16:51:51,122 - Cuda Statistics - INFO - __Python VERSION:  3.10.19 (main, Oct 21 2025, 16:43:05) [GCC 11.2.0]
2026-07-25 16:51:51,122 - Cuda Statistics - INFO - __pyTorch VERSION:  2.9.1+cu128
2026-07-25 16:51:51,122 - Cuda Statistics - INFO - __CUDA VERSION
2026-07-25 16:51:51,123 - Cuda Statistics - INFO - __CUDNN VERSION:  91002
2026-07-25 16:51:51,148 - Cuda Statistics - INFO - __Number CUDA Devices:  1
2026-07-25 16:51:51,148 - Cuda Statistics - INFO - __Devices
2026-07-25 16:51:51,148 - Cuda Statistics - INFO - index, name, driver_version, memory.total [MiB], memory.used [MiB], memory.free [MiB]
2026-07-25 16:51:51,148 - Cuda Statistics - INFO - 0, NVIDIA GeForce RTX 3080 Ti, 610.43.03, 12288 MiB, 4 MiB, 11907 MiB
2026-07-25 16:51:51,152 - Cuda Statistics - INFO - Active CUDA Device: GPU 0
2026-07-25 16:51:51,152 - Cuda Statistics - INFO - Available devices  1
2026-07-25 16:51:51,152 - Cuda Statistics - INFO - Current cuda device  0
2026-07-25 16:51:51,275 - Agent - INFO - Device: cuda:0
2026-07-25 16:51:51,275 - Agent - INFO - Total training batches: 41, validate every 185 batches, steps per epoch: 1
2026-07-25 16:51:51,862 - Agent - INFO - class_prior counts=[605, 679] prior=[0.4712, 0.5288]
2026-07-25 16:51:51,863 - Agent - INFO - Loss Weights are {'total': 1, 'combined': 1, 'c': 1, 'g': 1}
2026-07-25 16:51:51,863 - root - INFO - There is no CEU for train
2026-07-25 16:51:52,094 - root - INFO - Loading enc best model state dict from ./artifacts/models/multibench/mosi/vt/unimodal_video_fold2_vldaccuracy_lr0.0005_wd0.00001.pth.tar
2026-07-25 16:51:52,368 - root - INFO - Loading enc best model state dict from ./artifacts/models/multibench/mosi/vt/unimodal_text_fold2_vldaccuracy_lr0.0005_wd0.0001.pth.tar
2026-07-25 16:51:52,673 - Agent - INFO - Total number of trainable parameters are: 3492782
2026-07-25 16:51:52,679 - Agent - INFO - Total number of trainable parameters are: 1753338
2026-07-25 16:51:59,390 - Evaluator - INFO - New best with loss-accuracy-
2026-07-25 16:51:59,390 - Agent - INFO - [37mVal Epoch 1 step 1 with [31mce_loss_combined : 0.475770 [31mce_loss_c : 0.803362 [31mce_loss_g : 0.543431 [31mkl_synergy_rand_1 : 0.021679 [31mkl_synergy_rand_2 : 0.024186 [31mkl_synergy_1 : 0.023702 [31mkl_synergy_2 : 0.026147 [31mtotal : 0.571484 [31mdiag_kl_1 : 0.183270 [31mdiag_kl_2 : 0.145804 [94mAcc_combined: 71.62 [94mAcc_c: 60.48 [94mAcc_g: 75.33 [92mF1_combined: 73.14 [92mF1_c: 62.99 [92mF1_g: 76.80 [95mCEU_cue_audio: 0.3791 [95mCEU_cue_video: 0.7921 [95mCEU_synergy: 0.0000 [95mCEU_coexistence: 0.9182 [97mS:[93m0.0%[97m([91m0.0c[97m-[94mF1:0.0%) [97mU1:[93m37.9%[97m([91m4.8c[97m) [97mU2:[93m79.2%[97m([91m26.6c[97m) [97mR:[93m91.8%[97m([91m44.1c[97m) [97mS-L: None[39m [39m
2026-07-25 16:51:59,405 - Agent - INFO - [37mTest Epoch 1 step 1 with [31mce_loss_combined : 0.602695 [31mce_loss_c : 0.949705 [31mce_loss_g : 0.680774 [31mkl_synergy_rand_1 : 0.023901 [31mkl_synergy_rand_2 : 0.026047 [31mkl_synergy_1 : 0.024689 [31mkl_synergy_2 : 0.026975 [31mtotal : 0.704308 [31mdiag_kl_1 : 0.193827 [31mdiag_kl_2 : 0.178812 [94mAcc_combined: 69.31 [94mAcc_c: 55.32 [94mAcc_g: 71.65 [92mF1_combined: 69.60 [92mF1_c: 59.11 [92mF1_g: 72.97 [95mCEU_cue_audio: 0.3336 [95mCEU_cue_video: 0.8410 [95mCEU_synergy: 0.1236 [95mCEU_coexistence: 0.9682 [97mS:[93m12.3%[97m([91m1.5c[97m-[94mF1:11.5%) [97mU1:[93m33.3%[97m([91m5.0c[97m) [97mU2:[93m84.1%[97m([91m27.0c[97m) [97mR:[93m96.8%[97m([91m39.9c[97m) [97mS-L: [92m0:[96m24% [92m1:[96m2%[39m [39m
2026-07-25 16:51:59,721 - Agent - INFO - [37mModel saved successfully at: ./artifacts/models/multibench/mosi/vt/SynIB_RMask_U_foldREFABL_mosi_fold2_l0.1_perturbrandom_fillema_pmin0.3_refclass_prior_lr0.0005_wd0.001_bs32.pth.tar[39m
2026-07-25 16:52:06,097 - Evaluator - INFO - New best with loss-accuracy-syn_accuracy-
2026-07-25 16:52:06,097 - Agent - INFO - [37mVal Epoch 2 step 2 with [31mce_loss_combined : 0.475178 [31mce_loss_c : 0.836622 [31mce_loss_g : 0.532178 [31mkl_synergy_rand_1 : 0.022530 [31mkl_synergy_rand_2 : 0.025245 [31mkl_synergy_1 : 0.023411 [31mkl_synergy_2 : 0.025473 [31mtotal : 0.571838 [31mdiag_kl_1 : 0.196012 [31mdiag_kl_2 : 0.154520 [94mAcc_combined: 72.49 [94mAcc_c: 59.39 [94mAcc_g: 76.64 [92mF1_combined: 73.75 [92mF1_c: 62.35 [92mF1_g: 77.85 [95mCEU_cue_audio: 0.4139 [95mCEU_cue_video: 0.8572 [95mCEU_synergy: 0.0775 [95mCEU_coexistence: 0.9363 [97mS:[93m7.7%[97m([91m0.4c[97m-[94mF1:7.1%) [97mU1:[93m41.4%[97m([91m5.2c[97m) [97mU2:[93m85.7%[97m([91m28.8c[97m) [97mR:[93m93.6%[97m([91m45.0c[97m) [97mS-L: [92m0:[96m14%[39m [39m
2026-07-25 16:52:06,112 - Agent - INFO - [37mTest Epoch 2 step 2 with [31mce_loss_combined : 0.582054 [31mce_loss_c : 0.889086 [31mce_loss_g : 0.660223 [31mkl_synergy_rand_1 : 0.020350 [31mkl_synergy_rand_2 : 0.024590 [31mkl_synergy_1 : 0.023056 [31mkl_synergy_2 : 0.025356 [31mtotal : 0.675406 [31mdiag_kl_1 : 0.198164 [31mdiag_kl_2 : 0.161888 [94mAcc_combined: 69.53 [94mAcc_c: 57.00 [94mAcc_g: 73.10 [92mF1_combined: 69.88 [92mF1_c: 60.93 [92mF1_g: 74.43 [95mCEU_cue_audio: 0.2845 [95mCEU_cue_video: 0.8637 [95mCEU_synergy: 0.1482 [95mCEU_coexistence: 0.9646 [97mS:[93m14.8%[97m([91m1.7c[97m-[94mF1:14.0%) [97mU1:[93m28.4%[97m([91m4.2c[97m) [97mU2:[93m86.4%[97m([91m27.7c[97m) [97mR:[93m96.5%[97m([91m39.8c[97m) [97mS-L: [92m0:[96m26% [92m1:[96m5%[39m [39m
2026-07-25 16:52:06,489 - Agent - INFO - [37mModel saved successfully at: ./artifacts/models/multibench/mosi/vt/SynIB_RMask_U_foldREFABL_mosi_fold2_l0.1_perturbrandom_fillema_pmin0.3_refclass_prior_lr0.0005_wd0.001_bs32.pth.tar[39m
2026-07-25 16:52:12,953 - Agent - INFO - [37mVal Epoch 3 step 3 with [31mce_loss_combined : 0.503187 [31mce_loss_c : 0.884544 [31mce_loss_g : 0.512587 [31mkl_synergy_rand_1 : 0.018483 [31mkl_synergy_rand_2 : 0.021338 [31mkl_synergy_1 : 0.021060 [31mkl_synergy_2 : 0.022683 [31mtotal : 0.586752 [31mdiag_kl_1 : 0.174183 [31mdiag_kl_2 : 0.157217 [94mAcc_combined: 70.09 [94mAcc_c: 58.73 [94mAcc_g: 74.67 [92mF1_combined: 72.32 [92mF1_c: 59.87 [92mF1_g: 76.52 [95mCEU_cue_audio: 0.4139 [95mCEU_cue_video: 0.8311 [95mCEU_synergy: 0.0000 [95mCEU_coexistence: 0.9363 [97mS:[93m0.0%[97m([91m0.0c[97m-[94mF1:0.0%) [97mU1:[93m41.4%[97m([91m5.2c[97m) [97mU2:[93m83.1%[97m([91m27.9c[97m) [97mR:[93m93.6%[97m([91m45.0c[97m) [97mS-L: None[39m [39m
2026-07-25 16:52:19,364 - Agent - INFO - [37mVal Epoch 4 step 4 with [31mce_loss_combined : 0.502976 [31mce_loss_c : 0.886790 [31mce_loss_g : 0.482821 [31mkl_synergy_rand_1 : 0.018630 [31mkl_synergy_rand_2 : 0.022509 [31mkl_synergy_1 : 0.020966 [31mkl_synergy_2 : 0.022026 [31mtotal : 0.587107 [31mdiag_kl_1 : 0.170500 [31mdiag_kl_2 : 0.157361 [94mAcc_combined: 69.87 [94mAcc_c: 59.39 [94mAcc_g: 78.82 [92mF1_combined: 70.00 [92mF1_c: 60.92 [92mF1_g: 79.23 [95mCEU_cue_audio: 0.5174 [95mCEU_cue_video: 0.5195 [95mCEU_synergy: 0.0775 [95mCEU_coexistence: 0.9819 [97mS:[93m7.7%[97m([91m0.4c[97m-[94mF1:7.1%) [97mU1:[93m51.7%[97m([91m6.6c[97m) [97mU2:[93m51.9%[97m([91m17.5c[97m) [97mR:[93m98.2%[97m([91m47.2c[97m) [97mS-L: [92m0:[96m14%[39m [39m
2026-07-25 16:52:25,738 - Evaluator - INFO - New best with loss-syn_accuracy-
2026-07-25 16:52:25,738 - Agent - INFO - [37mVal Epoch 5 step 5 with [31mce_loss_combined : 0.474124 [31mce_loss_c : 0.805430 [31mce_loss_g : 0.503724 [31mkl_synergy_rand_1 : 0.019946 [31mkl_synergy_rand_2 : 0.022633 [31mkl_synergy_1 : 0.019160 [31mkl_synergy_2 : 0.023048 [31mtotal : 0.558912 [31mdiag_kl_1 : 0.213350 [31mdiag_kl_2 : 0.139789 [94mAcc_combined: 72.27 [94mAcc_c: 58.52 [94mAcc_g: 78.17 [92mF1_combined: 73.81 [92mF1_c: 61.38 [92mF1_g: 79.17 [95mCEU_cue_audio: 0.3104 [95mCEU_cue_video: 0.8831 [95mCEU_synergy: 0.1534 [95mCEU_coexistence: 0.9182 [97mS:[93m15.4%[97m([91m0.9c[97m-[94mF1:15.4%) [97mU1:[93m31.0%[97m([91m3.9c[97m) [97mU2:[93m88.3%[97m([91m29.7c[97m) [97mR:[93m91.8%[97m([91m44.1c[97m) [97mS-L: [92m0:[96m14% [92m1:[96m17%[39m [39m
2026-07-25 16:52:25,762 - Agent - INFO - [37mTest Epoch 5 step 5 with [31mce_loss_combined : 0.595872 [31mce_loss_c : 0.891683 [31mce_loss_g : 0.679609 [31mkl_synergy_rand_1 : 0.017359 [31mkl_synergy_rand_2 : 0.021317 [31mkl_synergy_1 : 0.017886 [31mkl_synergy_2 : 0.021763 [31mtotal : 0.674197 [31mdiag_kl_1 : 0.208376 [31mdiag_kl_2 : 0.139371 [94mAcc_combined: 69.02 [94mAcc_c: 55.32 [94mAcc_g: 71.57 [92mF1_combined: 68.91 [92mF1_c: 59.64 [92mF1_g: 72.77 [95mCEU_cue_audio: 0.2159 [95mCEU_cue_video: 0.8728 [95mCEU_synergy: 0.0991 [95mCEU_coexistence: 0.9505 [97mS:[93m9.9%[97m([91m1.2c[97m-[94mF1:9.8%) [97mU1:[93m21.6%[97m([91m3.2c[97m) [97mU2:[93m87.3%[97m([91m28.0c[97m) [97mR:[93m95.1%[97m([91m39.2c[97m) [97mS-L: [92m0:[96m13% [92m1:[96m7%[39m [39m
2026-07-25 16:52:26,253 - Agent - INFO - [37mModel saved successfully at: ./artifacts/models/multibench/mosi/vt/SynIB_RMask_U_foldREFABL_mosi_fold2_l0.1_perturbrandom_fillema_pmin0.3_refclass_prior_lr0.0005_wd0.001_bs32.pth.tar[39m
2026-07-25 16:52:32,679 - Agent - INFO - [37mVal Epoch 6 step 6 with [31mce_loss_combined : 0.500775 [31mce_loss_c : 0.869957 [31mce_loss_g : 0.505501 [31mkl_synergy_rand_1 : 0.021006 [31mkl_synergy_rand_2 : 0.023614 [31mkl_synergy_1 : 0.021325 [31mkl_synergy_2 : 0.022840 [31mtotal : 0.589559 [31mdiag_kl_1 : 0.179602 [31mdiag_kl_2 : 0.151782 [94mAcc_combined: 71.40 [94mAcc_c: 60.04 [94mAcc_g: 77.95 [92mF1_combined: 73.21 [92mF1_c: 60.65 [92mF1_g: 78.83 [95mCEU_cue_audio: 0.4826 [95mCEU_cue_video: 0.5714 [95mCEU_synergy: 0.0775 [95mCEU_coexistence: 0.9363 [97mS:[93m7.7%[97m([91m0.4c[97m-[94mF1:7.1%) [97mU1:[93m48.3%[97m([91m6.1c[97m) [97mU2:[93m57.1%[97m([91m19.2c[97m) [97mR:[93m93.6%[97m([91m45.0c[97m) [97mS-L: [92m1:[96m17%[39m [39m
2026-07-25 16:52:39,043 - Agent - INFO - [37mVal Epoch 7 step 7 with [31mce_loss_combined : 0.524071 [31mce_loss_c : 0.891083 [31mce_loss_g : 0.625896 [31mkl_synergy_rand_1 : 0.020913 [31mkl_synergy_rand_2 : 0.027564 [31mkl_synergy_1 : 0.023573 [31mkl_synergy_2 : 0.027064 [31mtotal : 0.623184 [31mdiag_kl_1 : 0.229815 [31mdiag_kl_2 : 0.162945 [94mAcc_combined: 70.52 [94mAcc_c: 57.86 [94mAcc_g: 74.24 [92mF1_combined: 70.97 [92mF1_c: 59.54 [92mF1_g: 75.00 [95mCEU_cue_audio: 0.2757 [95mCEU_cue_video: 0.8701 [95mCEU_synergy: 0.0775 [95mCEU_coexistence: 0.8909 [97mS:[93m7.7%[97m([91m0.4c[97m-[94mF1:7.1%) [97mU1:[93m27.6%[97m([91m3.5c[97m) [97mU2:[93m87.0%[97m([91m29.3c[97m) [97mR:[93m89.1%[97m([91m42.8c[97m) [97mS-L: [92m0:[96m14%[39m [39m
2026-07-25 16:52:45,444 - Agent - INFO - [37mVal Epoch 8 step 8 with [31mce_loss_combined : 0.522867 [31mce_loss_c : 0.963777 [31mce_loss_g : 0.535313 [31mkl_synergy_rand_1 : 0.018405 [31mkl_synergy_rand_2 : 0.020660 [31mkl_synergy_1 : 0.016825 [31mkl_synergy_2 : 0.019783 [31mtotal : 0.598541 [31mdiag_kl_1 : 0.207437 [31mdiag_kl_2 : 0.172036 [94mAcc_combined: 69.87 [94mAcc_c: 56.11 [94mAcc_g: 75.55 [92mF1_combined: 71.95 [92mF1_c: 57.14 [92mF1_g: 76.67 [95mCEU_cue_audio: 0.3104 [95mCEU_cue_video: 0.7403 [95mCEU_synergy: 0.0775 [95mCEU_coexistence: 0.9001 [97mS:[93m7.7%[97m([91m0.4c[97m-[94mF1:7.1%) [97mU1:[93m31.0%[97m([91m3.9c[97m) [97mU2:[93m74.0%[97m([91m24.9c[97m) [97mR:[93m90.0%[97m([91m43.2c[97m) [97mS-L: [92m0:[96m14%[39m [39m
2026-07-25 16:52:51,895 - Agent - INFO - [37mVal Epoch 9 step 9 with [31mce_loss_combined : 0.529657 [31mce_loss_c : 0.898344 [31mce_loss_g : 0.584172 [31mkl_synergy_rand_1 : 0.021819 [31mkl_synergy_rand_2 : 0.024618 [31mkl_synergy_1 : 0.019462 [31mkl_synergy_2 : 0.021947 [31mtotal : 0.617502 [31mdiag_kl_1 : 0.195729 [31mdiag_kl_2 : 0.168513 [94mAcc_combined: 69.43 [94mAcc_c: 57.86 [94mAcc_g: 75.11 [92mF1_combined: 70.46 [92mF1_c: 59.54 [92mF1_g: 75.43 [95mCEU_cue_audio: 0.3449 [95mCEU_cue_video: 0.7403 [95mCEU_synergy: 0.0000 [95mCEU_coexistence: 0.8909 [97mS:[93m0.0%[97m([91m0.0c[97m-[94mF1:0.0%) [97mU1:[93m34.5%[97m([91m4.4c[97m) [97mU2:[93m74.0%[97m([91m24.9c[97m) [97mR:[93m89.1%[97m([91m42.8c[97m) [97mS-L: None[39m [39m
2026-07-25 16:52:58,306 - Agent - INFO - [37mVal Epoch 10 step 10 with [31mce_loss_combined : 0.538751 [31mce_loss_c : 0.963547 [31mce_loss_g : 0.578647 [31mkl_synergy_rand_1 : 0.019579 [31mkl_synergy_rand_2 : 0.021930 [31mkl_synergy_1 : 0.018138 [31mkl_synergy_2 : 0.020815 [31mtotal : 0.619214 [31mdiag_kl_1 : 0.196994 [31mdiag_kl_2 : 0.157719 [94mAcc_combined: 65.72 [94mAcc_c: 55.68 [94mAcc_g: 73.80 [92mF1_combined: 67.63 [92mF1_c: 56.53 [92mF1_g: 74.68 [95mCEU_cue_audio: 0.5174 [95mCEU_cue_video: 0.4676 [95mCEU_synergy: 0.0000 [95mCEU_coexistence: 0.8818 [97mS:[93m0.0%[97m([91m0.0c[97m-[94mF1:0.0%) [97mU1:[93m51.7%[97m([91m6.6c[97m) [97mU2:[93m46.8%[97m([91m15.7c[97m) [97mR:[93m88.2%[97m([91m42.4c[97m) [97mS-L: None[39m [39m
2026-07-25 16:53:04,639 - Agent - INFO - [37mVal Epoch 11 step 11 with [31mce_loss_combined : 0.522124 [31mce_loss_c : 0.882765 [31mce_loss_g : 0.622326 [31mkl_synergy_rand_1 : 0.021077 [31mkl_synergy_rand_2 : 0.024216 [31mkl_synergy_1 : 0.019957 [31mkl_synergy_2 : 0.023054 [31mtotal : 0.610428 [31mdiag_kl_1 : 0.213781 [31mdiag_kl_2 : 0.156584 [94mAcc_combined: 69.87 [94mAcc_c: 57.86 [94mAcc_g: 75.76 [92mF1_combined: 70.13 [92mF1_c: 60.53 [92mF1_g: 76.13 [95mCEU_cue_audio: 0.4139 [95mCEU_cue_video: 0.6493 [95mCEU_synergy: 0.0000 [95mCEU_coexistence: 0.8818 [97mS:[93m0.0%[97m([91m0.0c[97m-[94mF1:0.0%) [97mU1:[93m41.4%[97m([91m5.2c[97m) [97mU2:[93m64.9%[97m([91m21.8c[97m) [97mR:[93m88.2%[97m([91m42.4c[97m) [97mS-L: None[39m [39m
2026-07-25 16:53:11,074 - Agent - INFO - [37mVal Epoch 12 step 12 with [31mce_loss_combined : 0.505010 [31mce_loss_c : 0.855201 [31mce_loss_g : 0.492260 [31mkl_synergy_rand_1 : 0.018812 [31mkl_synergy_rand_2 : 0.022003 [31mkl_synergy_1 : 0.015929 [31mkl_synergy_2 : 0.019016 [31mtotal : 0.580770 [31mdiag_kl_1 : 0.205438 [31mdiag_kl_2 : 0.161156 [94mAcc_combined: 70.74 [94mAcc_c: 59.39 [94mAcc_g: 78.38 [92mF1_combined: 70.22 [92mF1_c: 61.89 [92mF1_g: 78.89 [95mCEU_cue_audio: 0.4826 [95mCEU_cue_video: 0.5845 [95mCEU_synergy: 0.1534 [95mCEU_coexistence: 0.9455 [97mS:[93m15.4%[97m([91m0.9c[97m-[94mF1:15.4%) [97mU1:[93m48.3%[97m([91m6.1c[97m) [97mU2:[93m58.4%[97m([91m19.7c[97m) [97mR:[93m94.5%[97m([91m45.4c[97m) [97mS-L: [92m0:[96m14% [92m1:[96m17%[39m [39m
2026-07-25 16:53:17,480 - Agent - INFO - [37mVal Epoch 13 step 13 with [31mce_loss_combined : 0.571900 [31mce_loss_c : 0.955528 [31mce_loss_g : 0.603160 [31mkl_synergy_rand_1 : 0.024312 [31mkl_synergy_rand_2 : 0.026240 [31mkl_synergy_1 : 0.020548 [31mkl_synergy_2 : 0.021241 [31mtotal : 0.664240 [31mdiag_kl_1 : 0.208418 [31mdiag_kl_2 : 0.203563 [94mAcc_combined: 59.61 [94mAcc_c: 58.52 [94mAcc_g: 74.24 [92mF1_combined: 59.16 [92mF1_c: 59.05 [92mF1_g: 75.11 [95mCEU_cue_audio: 0.5861 [95mCEU_cue_video: 0.3507 [95mCEU_synergy: 0.1534 [95mCEU_coexistence: 0.8455 [97mS:[93m15.4%[97m([91m0.9c[97m-[94mF1:13.3%) [97mU1:[93m58.6%[97m([91m7.4c[97m) [97mU2:[93m35.1%[97m([91m11.8c[97m) [97mR:[93m84.5%[97m([91m40.6c[97m) [97mS-L: [92m1:[96m33%[39m [39m
2026-07-25 16:53:23,849 - Evaluator - INFO - New best with accuracy-
2026-07-25 16:53:23,850 - Agent - INFO - [37mVal Epoch 14 step 14 with [31mce_loss_combined : 0.559780 [31mce_loss_c : 0.939038 [31mce_loss_g : 0.639698 [31mkl_synergy_rand_1 : 0.023639 [31mkl_synergy_rand_2 : 0.026412 [31mkl_synergy_1 : 0.019626 [31mkl_synergy_2 : 0.022820 [31mtotal : 0.652276 [31mdiag_kl_1 : 0.223815 [31mdiag_kl_2 : 0.180769 [94mAcc_combined: 72.93 [94mAcc_c: 57.21 [94mAcc_g: 73.14 [92mF1_combined: 73.16 [92mF1_c: 57.76 [92mF1_g: 73.32 [95mCEU_cue_audio: 0.2757 [95mCEU_cue_video: 0.8052 [95mCEU_synergy: 0.0775 [95mCEU_coexistence: 0.8545 [97mS:[93m7.7%[97m([91m0.4c[97m-[94mF1:7.1%) [97mU1:[93m27.6%[97m([91m3.5c[97m) [97mU2:[93m80.5%[97m([91m27.1c[97m) [97mR:[93m85.5%[97m([91m41.0c[97m) [97mS-L: [92m1:[96m17%[39m [39m
2026-07-25 16:53:23,887 - Agent - INFO - [37mTest Epoch 14 step 14 with [31mce_loss_combined : 0.683880 [31mce_loss_c : 1.078952 [31mce_loss_g : 0.815220 [31mkl_synergy_rand_1 : 0.018502 [31mkl_synergy_rand_2 : 0.022026 [31mkl_synergy_1 : 0.016783 [31mkl_synergy_2 : 0.021020 [31mtotal : 0.762210 [31mdiag_kl_1 : 0.278536 [31mdiag_kl_2 : 0.162207 [94mAcc_combined: 68.22 [94mAcc_c: 49.85 [94mAcc_g: 69.83 [92mF1_combined: 67.80 [92mF1_c: 52.42 [92mF1_g: 69.96 [95mCEU_cue_audio: 0.2354 [95mCEU_cue_video: 0.8453 [95mCEU_synergy: 0.1236 [95mCEU_coexistence: 0.8764 [97mS:[93m12.3%[97m([91m1.5c[97m-[94mF1:11.9%) [97mU1:[93m23.5%[97m([91m3.5c[97m) [97mU2:[93m84.5%[97m([91m27.1c[97m) [97mR:[93m87.6%[97m([91m36.2c[97m) [97mS-L: [92m0:[96m5% [92m1:[96m19%[39m [39m
2026-07-25 16:53:24,399 - Agent - INFO - [37mModel saved successfully at: ./artifacts/models/multibench/mosi/vt/SynIB_RMask_U_foldREFABL_mosi_fold2_l0.1_perturbrandom_fillema_pmin0.3_refclass_prior_lr0.0005_wd0.001_bs32.pth.tar[39m
2026-07-25 16:53:30,859 - Evaluator - INFO - New best with accuracy-
2026-07-25 16:53:30,859 - Agent - INFO - [37mVal Epoch 15 step 15 with [31mce_loss_combined : 0.531431 [31mce_loss_c : 0.927073 [31mce_loss_g : 0.640830 [31mkl_synergy_rand_1 : 0.023511 [31mkl_synergy_rand_2 : 0.028598 [31mkl_synergy_1 : 0.020250 [31mkl_synergy_2 : 0.023052 [31mtotal : 0.626843 [31mdiag_kl_1 : 0.243621 [31mdiag_kl_2 : 0.157364 [94mAcc_combined: 74.67 [94mAcc_c: 56.33 [94mAcc_g: 75.33 [92mF1_combined: 74.45 [92mF1_c: 57.63 [92mF1_g: 75.49 [95mCEU_cue_audio: 0.2070 [95mCEU_cue_video: 0.8831 [95mCEU_synergy: 0.0000 [95mCEU_coexistence: 0.9001 [97mS:[93m0.0%[97m([91m0.0c[97m-[94mF1:0.0%) [97mU1:[93m20.7%[97m([91m2.6c[97m) [97mU2:[93m88.3%[97m([91m29.7c[97m) [97mR:[93m90.0%[97m([91m43.2c[97m) [97mS-L: None[39m [39m
2026-07-25 16:53:30,874 - Agent - INFO - [37mTest Epoch 15 step 15 with [31mce_loss_combined : 0.616002 [31mce_loss_c : 0.978202 [31mce_loss_g : 0.769521 [31mkl_synergy_rand_1 : 0.023060 [31mkl_synergy_rand_2 : 0.027064 [31mkl_synergy_1 : 0.019605 [31mkl_synergy_2 : 0.024536 [31mtotal : 0.710267 [31mdiag_kl_1 : 0.239235 [31mdiag_kl_2 : 0.175394 [94mAcc_combined: 71.94 [94mAcc_c: 55.47 [94mAcc_g: 72.23 [92mF1_combined: 71.63 [92mF1_c: 57.89 [92mF1_g: 72.41 [95mCEU_cue_audio: 0.2549 [95mCEU_cue_video: 0.8728 [95mCEU_synergy: 0.1356 [95mCEU_coexistence: 0.9399 [97mS:[93m13.6%[97m([91m1.6c[97m-[94mF1:13.6%) [97mU1:[93m25.5%[97m([91m3.8c[97m) [97mU2:[93m87.3%[97m([91m28.0c[97m) [97mR:[93m94.0%[97m([91m38.8c[97m) [97mS-L: [92m0:[96m16% [92m1:[96m12%[39m [39m
2026-07-25 16:53:31,383 - Agent - INFO - [37mModel saved successfully at: ./artifacts/models/multibench/mosi/vt/SynIB_RMask_U_foldREFABL_mosi_fold2_l0.1_perturbrandom_fillema_pmin0.3_refclass_prior_lr0.0005_wd0.001_bs32.pth.tar[39m
2026-07-25 16:53:37,830 - Agent - INFO - [37mVal Epoch 16 step 16 with [31mce_loss_combined : 0.563727 [31mce_loss_c : 1.049754 [31mce_loss_g : 0.618366 [31mkl_synergy_rand_1 : 0.021291 [31mkl_synergy_rand_2 : 0.024691 [31mkl_synergy_1 : 0.016941 [31mkl_synergy_2 : 0.017313 [31mtotal : 0.643963 [31mdiag_kl_1 : 0.204355 [31mdiag_kl_2 : 0.191346 [94mAcc_combined: 65.94 [94mAcc_c: 54.37 [94mAcc_g: 73.58 [92mF1_combined: 65.18 [92mF1_c: 55.63 [92mF1_g: 73.75 [95mCEU_cue_audio: 0.4139 [95mCEU_cue_video: 0.5455 [95mCEU_synergy: 0.0000 [95mCEU_coexistence: 0.8636 [97mS:[93m0.0%[97m([91m0.0c[97m-[94mF1:0.0%) [97mU1:[93m41.4%[97m([91m5.2c[97m) [97mU2:[93m54.5%[97m([91m18.3c[97m) [97mR:[93m86.4%[97m([91m41.5c[97m) [97mS-L: None[39m [39m
2026-07-25 16:53:44,377 - Agent - INFO - [37mVal Epoch 17 step 17 with [31mce_loss_combined : 0.550477 [31mce_loss_c : 0.949641 [31mce_loss_g : 0.596300 [31mkl_synergy_rand_1 : 0.025272 [31mkl_synergy_rand_2 : 0.026197 [31mkl_synergy_1 : 0.020856 [31mkl_synergy_2 : 0.020125 [31mtotal : 0.642927 [31mdiag_kl_1 : 0.195010 [31mdiag_kl_2 : 0.208610 [94mAcc_combined: 63.32 [94mAcc_c: 59.83 [94mAcc_g: 76.42 [92mF1_combined: 62.67 [92mF1_c: 60.85 [92mF1_g: 76.52 [95mCEU_cue_audio: 0.6209 [95mCEU_cue_video: 0.4155 [95mCEU_synergy: 0.0775 [95mCEU_coexistence: 0.8545 [97mS:[93m7.7%[97m([91m0.4c[97m-[94mF1:7.1%) [97mU1:[93m62.1%[97m([91m7.9c[97m) [97mU2:[93m41.6%[97m([91m14.0c[97m) [97mR:[93m85.5%[97m([91m41.0c[97m) [97mS-L: [92m1:[96m17%[39m [39m
2026-07-25 16:53:50,867 - Agent - INFO - [37mVal Epoch 18 step 18 with [31mce_loss_combined : 0.534693 [31mce_loss_c : 0.974149 [31mce_loss_g : 0.625170 [31mkl_synergy_rand_1 : 0.024787 [31mkl_synergy_rand_2 : 0.025536 [31mkl_synergy_1 : 0.019120 [31mkl_synergy_2 : 0.019451 [31mtotal : 0.623587 [31mdiag_kl_1 : 0.217702 [31mdiag_kl_2 : 0.184415 [94mAcc_combined: 67.25 [94mAcc_c: 58.08 [94mAcc_g: 76.64 [92mF1_combined: 66.96 [92mF1_c: 60.00 [92mF1_g: 76.69 [95mCEU_cue_audio: 0.5861 [95mCEU_cue_video: 0.5065 [95mCEU_synergy: 0.0775 [95mCEU_coexistence: 0.8728 [97mS:[93m7.7%[97m([91m0.4c[97m-[94mF1:7.1%) [97mU1:[93m58.6%[97m([91m7.4c[97m) [97mU2:[93m50.6%[97m([91m17.0c[97m) [97mR:[93m87.3%[97m([91m41.9c[97m) [97mS-L: [92m1:[96m17%[39m [39m
2026-07-25 16:53:57,378 - Evaluator - INFO - New best with accuracy-
2026-07-25 16:53:57,379 - Agent - INFO - [37mVal Epoch 19 step 19 with [31mce_loss_combined : 0.475463 [31mce_loss_c : 0.893639 [31mce_loss_g : 0.596588 [31mkl_synergy_rand_1 : 0.023185 [31mkl_synergy_rand_2 : 0.026194 [31mkl_synergy_1 : 0.015670 [31mkl_synergy_2 : 0.020962 [31mtotal : 0.561474 [31mdiag_kl_1 : 0.236924 [31mdiag_kl_2 : 0.154975 [94mAcc_combined: 79.69 [94mAcc_c: 58.95 [94mAcc_g: 76.86 [92mF1_combined: 79.56 [92mF1_c: 60.17 [92mF1_g: 76.86 [95mCEU_cue_audio: 0.2757 [95mCEU_cue_video: 0.9352 [95mCEU_synergy: 0.0000 [95mCEU_coexistence: 0.9273 [97mS:[93m0.0%[97m([91m0.0c[97m-[94mF1:0.0%) [97mU1:[93m27.6%[97m([91m3.5c[97m) [97mU2:[93m93.5%[97m([91m31.4c[97m) [97mR:[93m92.7%[97m([91m44.5c[97m) [97mS-L: None[39m [39m
2026-07-25 16:53:57,394 - Agent - INFO - [37mTest Epoch 19 step 19 with [31mce_loss_combined : 0.612294 [31mce_loss_c : 1.009979 [31mce_loss_g : 0.744168 [31mkl_synergy_rand_1 : 0.023456 [31mkl_synergy_rand_2 : 0.026249 [31mkl_synergy_1 : 0.017005 [31mkl_synergy_2 : 0.023054 [31mtotal : 0.702058 [31mdiag_kl_1 : 0.248101 [31mdiag_kl_2 : 0.177827 [94mAcc_combined: 72.45 [94mAcc_c: 55.61 [94mAcc_g: 74.05 [92mF1_combined: 72.25 [92mF1_c: 57.68 [92mF1_g: 74.17 [95mCEU_cue_audio: 0.2549 [95mCEU_cue_video: 0.8728 [95mCEU_synergy: 0.1482 [95mCEU_coexistence: 0.9435 [97mS:[93m14.8%[97m([91m1.7c[97m-[94mF1:14.3%) [97mU1:[93m25.5%[97m([91m3.8c[97m) [97mU2:[93m87.3%[97m([91m28.0c[97m) [97mR:[93m94.3%[97m([91m38.9c[97m) [97mS-L: [92m0:[96m24% [92m1:[96m7%[39m [39m
2026-07-25 16:53:57,906 - Agent - INFO - [37mModel saved successfully at: ./artifacts/models/multibench/mosi/vt/SynIB_RMask_U_foldREFABL_mosi_fold2_l0.1_perturbrandom_fillema_pmin0.3_refclass_prior_lr0.0005_wd0.001_bs32.pth.tar[39m
2026-07-25 16:54:04,432 - Agent - INFO - [37mVal Epoch 20 step 20 with [31mce_loss_combined : 0.486789 [31mce_loss_c : 0.929284 [31mce_loss_g : 0.582555 [31mkl_synergy_rand_1 : 0.023328 [31mkl_synergy_rand_2 : 0.026388 [31mkl_synergy_1 : 0.018244 [31mkl_synergy_2 : 0.018849 [31mtotal : 0.573598 [31mdiag_kl_1 : 0.211935 [31mdiag_kl_2 : 0.160614 [94mAcc_combined: 73.14 [94mAcc_c: 60.04 [94mAcc_g: 77.51 [92mF1_combined: 71.85 [92mF1_c: 60.81 [92mF1_g: 77.56 [95mCEU_cue_audio: 0.4826 [95mCEU_cue_video: 0.6624 [95mCEU_synergy: 0.0775 [95mCEU_coexistence: 0.9273 [97mS:[93m7.7%[97m([91m0.4c[97m-[94mF1:7.1%) [97mU1:[93m48.3%[97m([91m6.1c[97m) [97mU2:[93m66.2%[97m([91m22.3c[97m) [97mR:[93m92.7%[97m([91m44.5c[97m) [97mS-L: [92m1:[96m17%[39m [39m
2026-07-25 16:54:11,007 - Agent - INFO - [37mVal Epoch 21 step 21 with [31mce_loss_combined : 0.529946 [31mce_loss_c : 1.047338 [31mce_loss_g : 0.589253 [31mkl_synergy_rand_1 : 0.025906 [31mkl_synergy_rand_2 : 0.025609 [31mkl_synergy_1 : 0.018030 [31mkl_synergy_2 : 0.017775 [31mtotal : 0.617267 [31mdiag_kl_1 : 0.198107 [31mdiag_kl_2 : 0.185091 [94mAcc_combined: 64.19 [94mAcc_c: 56.33 [94mAcc_g: 77.95 [92mF1_combined: 63.39 [92mF1_c: 56.52 [92mF1_g: 78.00 [95mCEU_cue_audio: 0.5517 [95mCEU_cue_video: 0.4286 [95mCEU_synergy: 0.0000 [95mCEU_coexistence: 0.8909 [97mS:[93m0.0%[97m([91m0.0c[97m-[94mF1:0.0%) [97mU1:[93m55.2%[97m([91m7.0c[97m) [97mU2:[93m42.9%[97m([91m14.4c[97m) [97mR:[93m89.1%[97m([91m42.8c[97m) [97mS-L: None[39m [39m
2026-07-25 16:54:17,477 - Agent - INFO - [37mVal Epoch 22 step 22 with [31mce_loss_combined : 0.537056 [31mce_loss_c : 1.047376 [31mce_loss_g : 0.593706 [31mkl_synergy_rand_1 : 0.023707 [31mkl_synergy_rand_2 : 0.025792 [31mkl_synergy_1 : 0.018226 [31mkl_synergy_2 : 0.018166 [31mtotal : 0.622947 [31mdiag_kl_1 : 0.188647 [31mdiag_kl_2 : 0.186710 [94mAcc_combined: 63.54 [94mAcc_c: 57.42 [94mAcc_g: 78.38 [92mF1_combined: 62.97 [92mF1_c: 58.06 [92mF1_g: 78.52 [95mCEU_cue_audio: 0.5517 [95mCEU_cue_video: 0.4416 [95mCEU_synergy: 0.0000 [95mCEU_coexistence: 0.8728 [97mS:[93m0.0%[97m([91m0.0c[97m-[94mF1:0.0%) [97mU1:[93m55.2%[97m([91m7.0c[97m) [97mU2:[93m44.2%[97m([91m14.8c[97m) [97mR:[93m87.3%[97m([91m41.9c[97m) [97mS-L: None[39m [39m
2026-07-25 16:54:23,931 - Agent - INFO - [37mVal Epoch 23 step 23 with [31mce_loss_combined : 0.536074 [31mce_loss_c : 1.046636 [31mce_loss_g : 0.599717 [31mkl_synergy_rand_1 : 0.024671 [31mkl_synergy_rand_2 : 0.026322 [31mkl_synergy_1 : 0.017510 [31mkl_synergy_2 : 0.016986 [31mtotal : 0.621563 [31mdiag_kl_1 : 0.196140 [31mdiag_kl_2 : 0.187376 [94mAcc_combined: 63.54 [94mAcc_c: 56.99 [94mAcc_g: 78.17 [92mF1_combined: 62.97 [92mF1_c: 57.45 [92mF1_g: 78.17 [95mCEU_cue_audio: 0.5517 [95mCEU_cue_video: 0.4286 [95mCEU_synergy: 0.0000 [95mCEU_coexistence: 0.8818 [97mS:[93m0.0%[97m([91m0.0c[97m-[94mF1:0.0%) [97mU1:[93m55.2%[97m([91m7.0c[97m) [97mU2:[93m42.9%[97m([91m14.4c[97m) [97mR:[93m88.2%[97m([91m42.4c[97m) [97mS-L: None[39m [39m
2026-07-25 16:54:30,493 - Agent - INFO - [37mVal Epoch 24 step 24 with [31mce_loss_combined : 0.534660 [31mce_loss_c : 1.046542 [31mce_loss_g : 0.595611 [31mkl_synergy_rand_1 : 0.024383 [31mkl_synergy_rand_2 : 0.026107 [31mkl_synergy_1 : 0.018473 [31mkl_synergy_2 : 0.019983 [31mtotal : 0.623606 [31mdiag_kl_1 : 0.186489 [31mdiag_kl_2 : 0.192733 [94mAcc_combined: 64.19 [94mAcc_c: 56.99 [94mAcc_g: 78.38 [92mF1_combined: 63.72 [92mF1_c: 57.45 [92mF1_g: 78.34 [95mCEU_cue_audio: 0.5517 [95mCEU_cue_video: 0.4545 [95mCEU_synergy: 0.0000 [95mCEU_coexistence: 0.8818 [97mS:[93m0.0%[97m([91m0.0c[97m-[94mF1:0.0%) [97mU1:[93m55.2%[97m([91m7.0c[97m) [97mU2:[93m45.5%[97m([91m15.3c[97m) [97mR:[93m88.2%[97m([91m42.4c[97m) [97mS-L: None[39m [39m
2026-07-25 16:54:36,947 - Agent - INFO - [37mVal Epoch 25 step 25 with [31mce_loss_combined : 0.536667 [31mce_loss_c : 1.057980 [31mce_loss_g : 0.618789 [31mkl_synergy_rand_1 : 0.024661 [31mkl_synergy_rand_2 : 0.026076 [31mkl_synergy_1 : 0.018905 [31mkl_synergy_2 : 0.019313 [31mtotal : 0.625623 [31mdiag_kl_1 : 0.188799 [31mdiag_kl_2 : 0.202530 [94mAcc_combined: 63.10 [94mAcc_c: 57.64 [94mAcc_g: 75.98 [92mF1_combined: 62.19 [92mF1_c: 58.01 [92mF1_g: 75.98 [95mCEU_cue_audio: 0.5861 [95mCEU_cue_video: 0.4026 [95mCEU_synergy: 0.0000 [95mCEU_coexistence: 0.8818 [97mS:[93m0.0%[97m([91m0.0c[97m-[94mF1:0.0%) [97mU1:[93m58.6%[97m([91m7.4c[97m) [97mU2:[93m40.3%[97m([91m13.5c[97m) [97mR:[93m88.2%[97m([91m42.4c[97m) [97mS-L: None[39m [39m
2026-07-25 16:54:43,546 - Agent - INFO - [37mVal Epoch 26 step 26 with [31mce_loss_combined : 0.527766 [31mce_loss_c : 0.919973 [31mce_loss_g : 0.642744 [31mkl_synergy_rand_1 : 0.021824 [31mkl_synergy_rand_2 : 0.028920 [31mkl_synergy_1 : 0.016735 [31mkl_synergy_2 : 0.022736 [31mtotal : 0.617982 [31mdiag_kl_1 : 0.249721 [31mdiag_kl_2 : 0.170143 [94mAcc_combined: 74.89 [94mAcc_c: 58.52 [94mAcc_g: 75.55 [92mF1_combined: 74.95 [92mF1_c: 59.92 [92mF1_g: 75.65 [95mCEU_cue_audio: 0.2757 [95mCEU_cue_video: 0.8962 [95mCEU_synergy: 0.0000 [95mCEU_coexistence: 0.8636 [97mS:[93m0.0%[97m([91m0.0c[97m-[94mF1:0.0%) [97mU1:[93m27.6%[97m([91m3.5c[97m) [97mU2:[93m89.6%[97m([91m30.1c[97m) [97mR:[93m86.4%[97m([91m41.5c[97m) [97mS-L: None[39m [39m
2026-07-25 16:54:49,972 - Agent - INFO - [37mVal Epoch 27 step 27 with [31mce_loss_combined : 0.520830 [31mce_loss_c : 0.971878 [31mce_loss_g : 0.649468 [31mkl_synergy_rand_1 : 0.023014 [31mkl_synergy_rand_2 : 0.026568 [31mkl_synergy_1 : 0.017915 [31mkl_synergy_2 : 0.019268 [31mtotal : 0.607595 [31mdiag_kl_1 : 0.217057 [31mdiag_kl_2 : 0.189030 [94mAcc_combined: 71.62 [94mAcc_c: 59.17 [94mAcc_g: 75.76 [92mF1_combined: 71.98 [92mF1_c: 60.30 [92mF1_g: 75.82 [95mCEU_cue_audio: 0.4483 [95mCEU_cue_video: 0.6883 [95mCEU_synergy: 0.0775 [95mCEU_coexistence: 0.8909 [97mS:[93m7.7%[97m([91m0.4c[97m-[94mF1:7.1%) [97mU1:[93m44.8%[97m([91m5.7c[97m) [97mU2:[93m68.8%[97m([91m23.1c[97m) [97mR:[93m89.1%[97m([91m42.8c[97m) [97mS-L: [92m1:[96m17%[39m [39m
2026-07-25 16:54:56,518 - Agent - INFO - [37mVal Epoch 28 step 28 with [31mce_loss_combined : 0.547882 [31mce_loss_c : 0.998956 [31mce_loss_g : 0.624871 [31mkl_synergy_rand_1 : 0.021156 [31mkl_synergy_rand_2 : 0.023927 [31mkl_synergy_1 : 0.016852 [31mkl_synergy_2 : 0.016854 [31mtotal : 0.626671 [31mdiag_kl_1 : 0.208146 [31mdiag_kl_2 : 0.198913 [94mAcc_combined: 70.74 [94mAcc_c: 57.42 [94mAcc_g: 71.40 [92mF1_combined: 68.69 [92mF1_c: 58.60 [92mF1_g: 71.21 [95mCEU_cue_audio: 0.4483 [95mCEU_cue_video: 0.5714 [95mCEU_synergy: 0.0000 [95mCEU_coexistence: 0.9001 [97mS:[93m0.0%[97m([91m0.0c[97m-[94mF1:0.0%) [97mU1:[93m44.8%[97m([91m5.7c[97m) [97mU2:[93m57.1%[97m([91m19.2c[97m) [97mR:[93m90.0%[97m([91m43.2c[97m) [97mS-L: None[39m [39m
2026-07-25 16:55:03,010 - Agent - INFO - [37mVal Epoch 29 step 29 with [31mce_loss_combined : 0.510200 [31mce_loss_c : 0.897906 [31mce_loss_g : 0.584910 [31mkl_synergy_rand_1 : 0.023176 [31mkl_synergy_rand_2 : 0.028545 [31mkl_synergy_1 : 0.016180 [31mkl_synergy_2 : 0.023458 [31mtotal : 0.601559 [31mdiag_kl_1 : 0.257528 [31mdiag_kl_2 : 0.164732 [94mAcc_combined: 76.86 [94mAcc_c: 56.33 [94mAcc_g: 77.29 [92mF1_combined: 76.75 [92mF1_c: 59.02 [92mF1_g: 77.19 [95mCEU_cue_audio: 0.2757 [95mCEU_cue_video: 0.8831 [95mCEU_synergy: 0.0775 [95mCEU_coexistence: 0.9001 [97mS:[93m7.7%[97m([91m0.4c[97m-[94mF1:7.1%) [97mU1:[93m27.6%[97m([91m3.5c[97m) [97mU2:[93m88.3%[97m([91m29.7c[97m) [97mR:[93m90.0%[97m([91m43.2c[97m) [97mS-L: [92m0:[96m14%[39m [39m
2026-07-25 16:55:09,548 - Evaluator - INFO - New best with loss-
2026-07-25 16:55:09,548 - Agent - INFO - [37mVal Epoch 30 step 30 with [31mce_loss_combined : 0.471049 [31mce_loss_c : 0.896561 [31mce_loss_g : 0.567922 [31mkl_synergy_rand_1 : 0.023319 [31mkl_synergy_rand_2 : 0.026923 [31mkl_synergy_1 : 0.014623 [31mkl_synergy_2 : 0.020179 [31mtotal : 0.556093 [31mdiag_kl_1 : 0.237028 [31mdiag_kl_2 : 0.146837 [94mAcc_combined: 79.04 [94mAcc_c: 59.61 [94mAcc_g: 77.73 [92mF1_combined: 78.67 [92mF1_c: 60.89 [92mF1_g: 77.83 [95mCEU_cue_audio: 0.3104 [95mCEU_cue_video: 0.9480 [95mCEU_synergy: 0.0775 [95mCEU_coexistence: 0.9001 [97mS:[93m7.7%[97m([91m0.4c[97m-[94mF1:7.1%) [97mU1:[93m31.0%[97m([91m3.9c[97m) [97mU2:[93m94.8%[97m([91m31.9c[97m) [97mR:[93m90.0%[97m([91m43.2c[97m) [97mS-L: [92m0:[96m14%[39m [39m
2026-07-25 16:55:09,564 - Agent - INFO - [37mTest Epoch 30 step 30 with [31mce_loss_combined : 0.590906 [31mce_loss_c : 1.044304 [31mce_loss_g : 0.712021 [31mkl_synergy_rand_1 : 0.023050 [31mkl_synergy_rand_2 : 0.024793 [31mkl_synergy_1 : 0.016166 [31mkl_synergy_2 : 0.021839 [31mtotal : 0.676752 [31mdiag_kl_1 : 0.257951 [31mdiag_kl_2 : 0.180317 [94mAcc_combined: 73.62 [94mAcc_c: 56.20 [94mAcc_g: 74.42 [92mF1_combined: 73.03 [92mF1_c: 57.94 [92mF1_g: 74.40 [95mCEU_cue_audio: 0.2744 [95mCEU_cue_video: 0.8999 [95mCEU_synergy: 0.1973 [95mCEU_coexistence: 0.9435 [97mS:[93m19.8%[97m([91m2.3c[97m-[94mF1:18.5%) [97mU1:[93m27.5%[97m([91m4.1c[97m) [97mU2:[93m90.0%[97m([91m28.9c[97m) [97mR:[93m94.3%[97m([91m38.9c[97m) [97mS-L: [92m0:[96m34% [92m1:[96m7%[39m [39m
2026-07-25 16:55:10,374 - Agent - INFO - [37mModel saved successfully at: ./artifacts/models/multibench/mosi/vt/SynIB_RMask_U_foldREFABL_mosi_fold2_l0.1_perturbrandom_fillema_pmin0.3_refclass_prior_lr0.0005_wd0.001_bs32.pth.tar[39m
2026-07-25 16:55:16,868 - Agent - INFO - [37mVal Epoch 31 step 31 with [31mce_loss_combined : 0.514390 [31mce_loss_c : 0.954491 [31mce_loss_g : 0.559935 [31mkl_synergy_rand_1 : 0.023029 [31mkl_synergy_rand_2 : 0.026646 [31mkl_synergy_1 : 0.017226 [31mkl_synergy_2 : 0.019873 [31mtotal : 0.601164 [31mdiag_kl_1 : 0.196737 [31mdiag_kl_2 : 0.174400 [94mAcc_combined: 70.96 [94mAcc_c: 59.83 [94mAcc_g: 76.42 [92mF1_combined: 70.38 [92mF1_c: 60.68 [92mF1_g: 76.32 [95mCEU_cue_audio: 0.4483 [95mCEU_cue_video: 0.6624 [95mCEU_synergy: 0.0000 [95mCEU_coexistence: 0.9546 [97mS:[93m0.0%[97m([91m0.0c[97m-[94mF1:0.0%) [97mU1:[93m44.8%[97m([91m5.7c[97m) [97mU2:[93m66.2%[97m([91m22.3c[97m) [97mR:[93m95.5%[97m([91m45.9c[97m) [97mS-L: None[39m [39m
2026-07-25 16:55:23,422 - Agent - INFO - [37mVal Epoch 32 step 32 with [31mce_loss_combined : 0.559573 [31mce_loss_c : 1.076678 [31mce_loss_g : 0.589973 [31mkl_synergy_rand_1 : 0.024744 [31mkl_synergy_rand_2 : 0.025755 [31mkl_synergy_1 : 0.016748 [31mkl_synergy_2 : 0.017443 [31mtotal : 0.644262 [31mdiag_kl_1 : 0.214801 [31mdiag_kl_2 : 0.231504 [94mAcc_combined: 62.01 [94mAcc_c: 57.42 [94mAcc_g: 77.95 [92mF1_combined: 61.67 [92mF1_c: 58.24 [92mF1_g: 78.00 [95mCEU_cue_audio: 0.6551 [95mCEU_cue_video: 0.3766 [95mCEU_synergy: 0.1534 [95mCEU_coexistence: 0.8545 [97mS:[93m15.4%[97m([91m0.9c[97m-[94mF1:13.3%) [97mU1:[93m65.5%[97m([91m8.3c[97m) [97mU2:[93m37.7%[97m([91m12.7c[97m) [97mR:[93m85.5%[97m([91m41.0c[97m) [97mS-L: [92m1:[96m33%[39m [39m
2026-07-25 16:55:29,928 - Agent - INFO - [37mVal Epoch 33 step 33 with [31mce_loss_combined : 0.527383 [31mce_loss_c : 1.023558 [31mce_loss_g : 0.603693 [31mkl_synergy_rand_1 : 0.024612 [31mkl_synergy_rand_2 : 0.027646 [31mkl_synergy_1 : 0.016460 [31mkl_synergy_2 : 0.018182 [31mtotal : 0.614283 [31mdiag_kl_1 : 0.182402 [31mdiag_kl_2 : 0.195332 [94mAcc_combined: 65.07 [94mAcc_c: 58.95 [94mAcc_g: 77.07 [92mF1_combined: 64.13 [92mF1_c: 59.83 [92mF1_g: 77.12 [95mCEU_cue_audio: 0.5517 [95mCEU_cue_video: 0.4286 [95mCEU_synergy: 0.0000 [95mCEU_coexistence: 0.9273 [97mS:[93m0.0%[97m([91m0.0c[97m-[94mF1:0.0%) [97mU1:[93m55.2%[97m([91m7.0c[97m) [97mU2:[93m42.9%[97m([91m14.4c[97m) [97mR:[93m92.7%[97m([91m44.5c[97m) [97mS-L: None[39m [39m
2026-07-25 16:55:36,394 - Agent - INFO - [37mVal Epoch 34 step 34 with [31mce_loss_combined : 0.540077 [31mce_loss_c : 1.010181 [31mce_loss_g : 0.607037 [31mkl_synergy_rand_1 : 0.025908 [31mkl_synergy_rand_2 : 0.026704 [31mkl_synergy_1 : 0.017471 [31mkl_synergy_2 : 0.018229 [31mtotal : 0.628389 [31mdiag_kl_1 : 0.193167 [31mdiag_kl_2 : 0.204311 [94mAcc_combined: 65.28 [94mAcc_c: 59.61 [94mAcc_g: 76.20 [92mF1_combined: 64.90 [92mF1_c: 60.89 [92mF1_g: 76.36 [95mCEU_cue_audio: 0.5861 [95mCEU_cue_video: 0.4416 [95mCEU_synergy: 0.0775 [95mCEU_coexistence: 0.8818 [97mS:[93m7.7%[97m([91m0.4c[97m-[94mF1:7.1%) [97mU1:[93m58.6%[97m([91m7.4c[97m) [97mU2:[93m44.2%[97m([91m14.8c[97m) [97mR:[93m88.2%[97m([91m42.4c[97m) [97mS-L: [92m0:[96m14%[39m [39m
2026-07-25 16:55:42,867 - Agent - INFO - [37mVal Epoch 35 step 35 with [31mce_loss_combined : 0.493160 [31mce_loss_c : 0.919865 [31mce_loss_g : 0.610702 [31mkl_synergy_rand_1 : 0.025748 [31mkl_synergy_rand_2 : 0.027068 [31mkl_synergy_1 : 0.016731 [31mkl_synergy_2 : 0.020307 [31mtotal : 0.583013 [31mdiag_kl_1 : 0.236527 [31mdiag_kl_2 : 0.163682 [94mAcc_combined: 75.33 [94mAcc_c: 59.83 [94mAcc_g: 77.07 [92mF1_combined: 74.26 [92mF1_c: 61.02 [92mF1_g: 77.22 [95mCEU_cue_audio: 0.3104 [95mCEU_cue_video: 0.8962 [95mCEU_synergy: 0.0000 [95mCEU_coexistence: 0.8909 [97mS:[93m0.0%[97m([91m0.0c[97m-[94mF1:0.0%) [97mU1:[93m31.0%[97m([91m3.9c[97m) [97mU2:[93m89.6%[97m([91m30.1c[97m) [97mR:[93m89.1%[97m([91m42.8c[97m) [97mS-L: None[39m [39m
2026-07-25 16:55:49,350 - Agent - INFO - [37mVal Epoch 36 step 36 with [31mce_loss_combined : 0.543725 [31mce_loss_c : 1.095234 [31mce_loss_g : 0.558918 [31mkl_synergy_rand_1 : 0.025701 [31mkl_synergy_rand_2 : 0.027396 [31mkl_synergy_1 : 0.017315 [31mkl_synergy_2 : 0.018197 [31mtotal : 0.632335 [31mdiag_kl_1 : 0.196554 [31mdiag_kl_2 : 0.206702 [94mAcc_combined: 61.79 [94mAcc_c: 57.64 [94mAcc_g: 79.48 [92mF1_combined: 60.67 [92mF1_c: 58.01 [92mF1_g: 79.48 [95mCEU_cue_audio: 0.5517 [95mCEU_cue_video: 0.4286 [95mCEU_synergy: 0.0775 [95mCEU_coexistence: 0.8636 [97mS:[93m7.7%[97m([91m0.4c[97m-[94mF1:7.1%) [97mU1:[93m55.2%[97m([91m7.0c[97m) [97mU2:[93m42.9%[97m([91m14.4c[97m) [97mR:[93m86.4%[97m([91m41.5c[97m) [97mS-L: [92m1:[96m17%[39m [39m
2026-07-25 16:55:55,815 - Agent - INFO - [37mVal Epoch 37 step 37 with [31mce_loss_combined : 0.524561 [31mce_loss_c : 1.030830 [31mce_loss_g : 0.572828 [31mkl_synergy_rand_1 : 0.025166 [31mkl_synergy_rand_2 : 0.028164 [31mkl_synergy_1 : 0.017907 [31mkl_synergy_2 : 0.018393 [31mtotal : 0.614191 [31mdiag_kl_1 : 0.207478 [31mdiag_kl_2 : 0.199753 [94mAcc_combined: 64.19 [94mAcc_c: 58.95 [94mAcc_g: 79.69 [92mF1_combined: 64.04 [92mF1_c: 59.66 [92mF1_g: 79.74 [95mCEU_cue_audio: 0.5517 [95mCEU_cue_video: 0.4416 [95mCEU_synergy: 0.0775 [95mCEU_coexistence: 0.8818 [97mS:[93m7.7%[97m([91m0.4c[97m-[94mF1:7.1%) [97mU1:[93m55.2%[97m([91m7.0c[97m) [97mU2:[93m44.2%[97m([91m14.8c[97m) [97mR:[93m88.2%[97m([91m42.4c[97m) [97mS-L: [92m1:[96m17%[39m [39m
2026-07-25 16:56:02,247 - Agent - INFO - [37mVal Epoch 38 step 38 with [31mce_loss_combined : 0.554555 [31mce_loss_c : 1.108914 [31mce_loss_g : 0.620319 [31mkl_synergy_rand_1 : 0.023038 [31mkl_synergy_rand_2 : 0.025653 [31mkl_synergy_1 : 0.016739 [31mkl_synergy_2 : 0.016654 [31mtotal : 0.636639 [31mdiag_kl_1 : 0.209164 [31mdiag_kl_2 : 0.208426 [94mAcc_combined: 70.09 [94mAcc_c: 55.90 [94mAcc_g: 76.86 [92mF1_combined: 68.51 [92mF1_c: 56.65 [92mF1_g: 76.75 [95mCEU_cue_audio: 0.5174 [95mCEU_cue_video: 0.5845 [95mCEU_synergy: 0.0775 [95mCEU_coexistence: 0.8909 [97mS:[93m7.7%[97m([91m0.4c[97m-[94mF1:7.1%) [97mU1:[93m51.7%[97m([91m6.6c[97m) [97mU2:[93m58.4%[97m([91m19.7c[97m) [97mR:[93m89.1%[97m([91m42.8c[97m) [97mS-L: [92m1:[96m17%[39m [39m
2026-07-25 16:56:08,696 - Agent - INFO - [37mVal Epoch 39 step 39 with [31mce_loss_combined : 0.537698 [31mce_loss_c : 1.130649 [31mce_loss_g : 0.603144 [31mkl_synergy_rand_1 : 0.023216 [31mkl_synergy_rand_2 : 0.026069 [31mkl_synergy_1 : 0.016687 [31mkl_synergy_2 : 0.017057 [31mtotal : 0.620727 [31mdiag_kl_1 : 0.195819 [31mdiag_kl_2 : 0.195654 [94mAcc_combined: 63.97 [94mAcc_c: 57.21 [94mAcc_g: 77.95 [92mF1_combined: 62.75 [92mF1_c: 58.30 [92mF1_g: 77.90 [95mCEU_cue_audio: 0.5174 [95mCEU_cue_video: 0.4545 [95mCEU_synergy: 0.0775 [95mCEU_coexistence: 0.8728 [97mS:[93m7.7%[97m([91m0.4c[97m-[94mF1:7.1%) [97mU1:[93m51.7%[97m([91m6.6c[97m) [97mU2:[93m45.5%[97m([91m15.3c[97m) [97mR:[93m87.3%[97m([91m41.9c[97m) [97mS-L: [92m1:[96m17%[39m [39m
2026-07-25 16:56:15,178 - Agent - INFO - [37mVal Epoch 40 step 40 with [31mce_loss_combined : 0.541343 [31mce_loss_c : 1.141283 [31mce_loss_g : 0.620721 [31mkl_synergy_rand_1 : 0.022876 [31mkl_synergy_rand_2 : 0.026601 [31mkl_synergy_1 : 0.017592 [31mkl_synergy_2 : 0.018474 [31mtotal : 0.626886 [31mdiag_kl_1 : 0.207492 [31mdiag_kl_2 : 0.204400 [94mAcc_combined: 61.35 [94mAcc_c: 56.11 [94mAcc_g: 77.51 [92mF1_combined: 59.50 [92mF1_c: 56.77 [92mF1_g: 77.46 [95mCEU_cue_audio: 0.5517 [95mCEU_cue_video: 0.4286 [95mCEU_synergy: 0.0775 [95mCEU_coexistence: 0.8818 [97mS:[93m7.7%[97m([91m0.4c[97m-[94mF1:7.1%) [97mU1:[93m55.2%[97m([91m7.0c[97m) [97mU2:[93m42.9%[97m([91m14.4c[97m) [97mR:[93m88.2%[97m([91m42.4c[97m) [97mS-L: [92m1:[96m17%[39m [39m
2026-07-25 16:56:21,688 - Agent - INFO - [37mVal Epoch 41 step 41 with [31mce_loss_combined : 0.550592 [31mce_loss_c : 1.115062 [31mce_loss_g : 0.620181 [31mkl_synergy_rand_1 : 0.025648 [31mkl_synergy_rand_2 : 0.027627 [31mkl_synergy_1 : 0.018338 [31mkl_synergy_2 : 0.018029 [31mtotal : 0.640234 [31mdiag_kl_1 : 0.199367 [31mdiag_kl_2 : 0.215321 [94mAcc_combined: 62.66 [94mAcc_c: 58.73 [94mAcc_g: 77.51 [92mF1_combined: 60.87 [92mF1_c: 59.53 [92mF1_g: 77.46 [95mCEU_cue_audio: 0.5174 [95mCEU_cue_video: 0.4286 [95mCEU_synergy: 0.0775 [95mCEU_coexistence: 0.8818 [97mS:[93m7.7%[97m([91m0.4c[97m-[94mF1:7.1%) [97mU1:[93m51.7%[97m([91m6.6c[97m) [97mU2:[93m42.9%[97m([91m14.4c[97m) [97mR:[93m88.2%[97m([91m42.4c[97m) [97mS-L: [92m1:[96m17%[39m [39m
2026-07-25 16:56:28,144 - Agent - INFO - [37mVal Epoch 42 step 42 with [31mce_loss_combined : 0.544044 [31mce_loss_c : 1.138289 [31mce_loss_g : 0.629131 [31mkl_synergy_rand_1 : 0.024731 [31mkl_synergy_rand_2 : 0.027726 [31mkl_synergy_1 : 0.019104 [31mkl_synergy_2 : 0.017014 [31mtotal : 0.632618 [31mdiag_kl_1 : 0.195104 [31mdiag_kl_2 : 0.201387 [94mAcc_combined: 63.32 [94mAcc_c: 57.21 [94mAcc_g: 77.29 [92mF1_combined: 61.47 [92mF1_c: 58.30 [92mF1_g: 77.29 [95mCEU_cue_audio: 0.5517 [95mCEU_cue_video: 0.4286 [95mCEU_synergy: 0.0775 [95mCEU_coexistence: 0.9001 [97mS:[93m7.7%[97m([91m0.4c[97m-[94mF1:7.1%) [97mU1:[93m55.2%[97m([91m7.0c[97m) [97mU2:[93m42.9%[97m([91m14.4c[97m) [97mR:[93m90.0%[97m([91m43.2c[97m) [97mS-L: [92m1:[96m17%[39m [39m
2026-07-25 16:56:34,633 - Agent - INFO - [37mVal Epoch 43 step 43 with [31mce_loss_combined : 0.571857 [31mce_loss_c : 1.204296 [31mce_loss_g : 0.632514 [31mkl_synergy_rand_1 : 0.024213 [31mkl_synergy_rand_2 : 0.027210 [31mkl_synergy_1 : 0.018548 [31mkl_synergy_2 : 0.017746 [31mtotal : 0.659575 [31mdiag_kl_1 : 0.186131 [31mdiag_kl_2 : 0.223891 [94mAcc_combined: 61.14 [94mAcc_c: 55.90 [94mAcc_g: 77.73 [92mF1_combined: 58.80 [92mF1_c: 56.47 [92mF1_g: 77.73 [95mCEU_cue_audio: 0.5174 [95mCEU_cue_video: 0.3637 [95mCEU_synergy: 0.0775 [95mCEU_coexistence: 0.8818 [97mS:[93m7.7%[97m([91m0.4c[97m-[94mF1:7.1%) [97mU1:[93m51.7%[97m([91m6.6c[97m) [97mU2:[93m36.4%[97m([91m12.2c[97m) [97mR:[93m88.2%[97m([91m42.4c[97m) [97mS-L: [92m1:[96m17%[39m [39m
2026-07-25 16:56:41,115 - Agent - INFO - [37mVal Epoch 44 step 44 with [31mce_loss_combined : 0.564459 [31mce_loss_c : 1.217199 [31mce_loss_g : 0.622044 [31mkl_synergy_rand_1 : 0.025878 [31mkl_synergy_rand_2 : 0.026549 [31mkl_synergy_1 : 0.018779 [31mkl_synergy_2 : 0.016924 [31mtotal : 0.652589 [31mdiag_kl_1 : 0.179099 [31mdiag_kl_2 : 0.221921 [94mAcc_combined: 60.04 [94mAcc_c: 57.42 [94mAcc_g: 78.38 [92mF1_combined: 57.93 [92mF1_c: 58.24 [92mF1_g: 78.43 [95mCEU_cue_audio: 0.5517 [95mCEU_cue_video: 0.3507 [95mCEU_synergy: 0.0775 [95mCEU_coexistence: 0.8909 [97mS:[93m7.7%[97m([91m0.4c[97m-[94mF1:7.1%) [97mU1:[93m55.2%[97m([91m7.0c[97m) [97mU2:[93m35.1%[97m([91m11.8c[97m) [97mR:[93m89.1%[97m([91m42.8c[97m) [97mS-L: [92m1:[96m17%[39m [39m
2026-07-25 16:56:47,593 - Agent - INFO - [37mVal Epoch 45 step 45 with [31mce_loss_combined : 0.561816 [31mce_loss_c : 1.195693 [31mce_loss_g : 0.635842 [31mkl_synergy_rand_1 : 0.024645 [31mkl_synergy_rand_2 : 0.027906 [31mkl_synergy_1 : 0.019003 [31mkl_synergy_2 : 0.018643 [31mtotal : 0.652013 [31mdiag_kl_1 : 0.193940 [31mdiag_kl_2 : 0.209748 [94mAcc_combined: 60.70 [94mAcc_c: 58.08 [94mAcc_g: 78.17 [92mF1_combined: 58.72 [92mF1_c: 58.62 [92mF1_g: 78.26 [95mCEU_cue_audio: 0.5174 [95mCEU_cue_video: 0.3637 [95mCEU_synergy: 0.0775 [95mCEU_coexistence: 0.8909 [97mS:[93m7.7%[97m([91m0.4c[97m-[94mF1:7.1%) [97mU1:[93m51.7%[97m([91m6.6c[97m) [97mU2:[93m36.4%[97m([91m12.2c[97m) [97mR:[93m89.1%[97m([91m42.8c[97m) [97mS-L: [92m1:[96m17%[39m [39m
2026-07-25 16:56:54,051 - Agent - INFO - [37mVal Epoch 46 step 46 with [31mce_loss_combined : 0.556737 [31mce_loss_c : 1.194628 [31mce_loss_g : 0.621325 [31mkl_synergy_rand_1 : 0.024437 [31mkl_synergy_rand_2 : 0.027405 [31mkl_synergy_1 : 0.019328 [31mkl_synergy_2 : 0.018095 [31mtotal : 0.646002 [31mdiag_kl_1 : 0.186603 [31mdiag_kl_2 : 0.213407 [94mAcc_combined: 61.35 [94mAcc_c: 57.64 [94mAcc_g: 78.60 [92mF1_combined: 59.68 [92mF1_c: 58.37 [92mF1_g: 78.70 [95mCEU_cue_audio: 0.5174 [95mCEU_cue_video: 0.3637 [95mCEU_synergy: 0.0775 [95mCEU_coexistence: 0.9001 [97mS:[93m7.7%[97m([91m0.4c[97m-[94mF1:7.1%) [97mU1:[93m51.7%[97m([91m6.6c[97m) [97mU2:[93m36.4%[97m([91m12.2c[97m) [97mR:[93m90.0%[97m([91m43.2c[97m) [97mS-L: [92m1:[96m17%[39m [39m
2026-07-25 16:57:00,531 - Agent - INFO - [37mVal Epoch 47 step 47 with [31mce_loss_combined : 0.561214 [31mce_loss_c : 1.197659 [31mce_loss_g : 0.634877 [31mkl_synergy_rand_1 : 0.023486 [31mkl_synergy_rand_2 : 0.026004 [31mkl_synergy_1 : 0.018380 [31mkl_synergy_2 : 0.016984 [31mtotal : 0.646068 [31mdiag_kl_1 : 0.184364 [31mdiag_kl_2 : 0.221215 [94mAcc_combined: 61.14 [94mAcc_c: 57.64 [94mAcc_g: 77.95 [92mF1_combined: 59.17 [92mF1_c: 58.37 [92mF1_g: 78.00 [95mCEU_cue_audio: 0.5174 [95mCEU_cue_video: 0.3637 [95mCEU_synergy: 0.0775 [95mCEU_coexistence: 0.8909 [97mS:[93m7.7%[97m([91m0.4c[97m-[94mF1:7.1%) [97mU1:[93m51.7%[97m([91m6.6c[97m) [97mU2:[93m36.4%[97m([91m12.2c[97m) [97mR:[93m89.1%[97m([91m42.8c[97m) [97mS-L: [92m1:[96m17%[39m [39m
2026-07-25 16:57:07,061 - Agent - INFO - [37mVal Epoch 48 step 48 with [31mce_loss_combined : 0.564859 [31mce_loss_c : 1.199885 [31mce_loss_g : 0.645546 [31mkl_synergy_rand_1 : 0.024255 [31mkl_synergy_rand_2 : 0.026343 [31mkl_synergy_1 : 0.018836 [31mkl_synergy_2 : 0.018266 [31mtotal : 0.652558 [31mdiag_kl_1 : 0.188624 [31mdiag_kl_2 : 0.226257 [94mAcc_combined: 60.70 [94mAcc_c: 57.42 [94mAcc_g: 76.86 [92mF1_combined: 58.72 [92mF1_c: 58.24 [92mF1_g: 76.86 [95mCEU_cue_audio: 0.5174 [95mCEU_cue_video: 0.3637 [95mCEU_synergy: 0.0775 [95mCEU_coexistence: 0.8818 [97mS:[93m7.7%[97m([91m0.4c[97m-[94mF1:7.1%) [97mU1:[93m51.7%[97m([91m6.6c[97m) [97mU2:[93m36.4%[97m([91m12.2c[97m) [97mR:[93m88.2%[97m([91m42.4c[97m) [97mS-L: [92m1:[96m17%[39m [39m
2026-07-25 16:57:13,597 - Agent - INFO - [37mVal Epoch 49 step 49 with [31mce_loss_combined : 0.563843 [31mce_loss_c : 1.199785 [31mce_loss_g : 0.642876 [31mkl_synergy_rand_1 : 0.024298 [31mkl_synergy_rand_2 : 0.027005 [31mkl_synergy_1 : 0.017332 [31mkl_synergy_2 : 0.017248 [31mtotal : 0.649726 [31mdiag_kl_1 : 0.182764 [31mdiag_kl_2 : 0.211382 [94mAcc_combined: 60.04 [94mAcc_c: 57.42 [94mAcc_g: 77.29 [92mF1_combined: 58.12 [92mF1_c: 58.24 [92mF1_g: 77.39 [95mCEU_cue_audio: 0.5174 [95mCEU_cue_video: 0.3637 [95mCEU_synergy: 0.0775 [95mCEU_coexistence: 0.8909 [97mS:[93m7.7%[97m([91m0.4c[97m-[94mF1:7.1%) [97mU1:[93m51.7%[97m([91m6.6c[97m) [97mU2:[93m36.4%[97m([91m12.2c[97m) [97mR:[93m89.1%[97m([91m42.8c[97m) [97mS-L: [92m1:[96m17%[39m [39m
2026-07-25 16:57:20,251 - Agent - INFO - [37mVal Epoch 50 step 50 with [31mce_loss_combined : 0.565877 [31mce_loss_c : 1.202839 [31mce_loss_g : 0.639439 [31mkl_synergy_rand_1 : 0.025842 [31mkl_synergy_rand_2 : 0.027673 [31mkl_synergy_1 : 0.017580 [31mkl_synergy_2 : 0.017072 [31mtotal : 0.654044 [31mdiag_kl_1 : 0.193905 [31mdiag_kl_2 : 0.239757 [94mAcc_combined: 61.57 [94mAcc_c: 58.52 [94mAcc_g: 76.86 [92mF1_combined: 60.00 [92mF1_c: 58.70 [92mF1_g: 76.96 [95mCEU_cue_audio: 0.6551 [95mCEU_cue_video: 0.3507 [95mCEU_synergy: 0.1534 [95mCEU_coexistence: 0.8728 [97mS:[93m15.4%[97m([91m0.9c[97m-[94mF1:13.3%) [97mU1:[93m65.5%[97m([91m8.3c[97m) [97mU2:[93m35.1%[97m([91m11.8c[97m) [97mR:[93m87.3%[97m([91m41.9c[97m) [97mS-L: [92m1:[96m33%[39m [39m
2026-07-25 16:57:27,542 - Agent - INFO - [37mVal Epoch 51 step 51 with [31mce_loss_combined : 0.508479 [31mce_loss_c : 0.869143 [31mce_loss_g : 0.668011 [31mkl_synergy_rand_1 : 0.023936 [31mkl_synergy_rand_2 : 0.029392 [31mkl_synergy_1 : 0.016182 [31mkl_synergy_2 : 0.023663 [31mtotal : 0.601652 [31mdiag_kl_1 : 0.258619 [31mdiag_kl_2 : 0.162234 [94mAcc_combined: 73.80 [94mAcc_c: 57.86 [94mAcc_g: 76.42 [92mF1_combined: 72.85 [92mF1_c: 60.37 [92mF1_g: 76.42 [95mCEU_cue_audio: 0.3791 [95mCEU_cue_video: 0.7272 [95mCEU_synergy: 0.0775 [95mCEU_coexistence: 0.9090 [97mS:[93m7.7%[97m([91m0.4c[97m-[94mF1:7.1%) [97mU1:[93m37.9%[97m([91m4.8c[97m) [97mU2:[93m72.7%[97m([91m24.5c[97m) [97mR:[93m90.9%[97m([91m43.7c[97m) [97mS-L: [92m1:[96m17%[39m [39m
2026-07-25 16:57:34,075 - Agent - INFO - [37mVal Epoch 52 step 52 with [31mce_loss_combined : 0.509633 [31mce_loss_c : 0.948577 [31mce_loss_g : 0.606190 [31mkl_synergy_rand_1 : 0.023628 [31mkl_synergy_rand_2 : 0.027216 [31mkl_synergy_1 : 0.015741 [31mkl_synergy_2 : 0.020331 [31mtotal : 0.596549 [31mdiag_kl_1 : 0.246425 [31mdiag_kl_2 : 0.183415 [94mAcc_combined: 75.11 [94mAcc_c: 60.48 [94mAcc_g: 76.20 [92mF1_combined: 74.32 [92mF1_c: 61.73 [92mF1_g: 75.94 [95mCEU_cue_audio: 0.3791 [95mCEU_cue_video: 0.8311 [95mCEU_synergy: 0.0775 [95mCEU_coexistence: 0.8818 [97mS:[93m7.7%[97m([91m0.4c[97m-[94mF1:7.1%) [97mU1:[93m37.9%[97m([91m4.8c[97m) [97mU2:[93m83.1%[97m([91m27.9c[97m) [97mR:[93m88.2%[97m([91m42.4c[97m) [97mS-L: [92m1:[96m17%[39m [39m
2026-07-25 16:57:40,558 - Agent - INFO - [37mVal Epoch 53 step 53 with [31mce_loss_combined : 0.497541 [31mce_loss_c : 0.884657 [31mce_loss_g : 0.611291 [31mkl_synergy_rand_1 : 0.025976 [31mkl_synergy_rand_2 : 0.028992 [31mkl_synergy_1 : 0.017555 [31mkl_synergy_2 : 0.020799 [31mtotal : 0.590863 [31mdiag_kl_1 : 0.249854 [31mdiag_kl_2 : 0.185148 [94mAcc_combined: 74.89 [94mAcc_c: 61.14 [94mAcc_g: 75.33 [92mF1_combined: 73.32 [92mF1_c: 63.22 [92mF1_g: 75.27 [95mCEU_cue_audio: 0.4483 [95mCEU_cue_video: 0.7662 [95mCEU_synergy: 0.0775 [95mCEU_coexistence: 0.9001 [97mS:[93m7.7%[97m([91m0.4c[97m-[94mF1:7.1%) [97mU1:[93m44.8%[97m([91m5.7c[97m) [97mU2:[93m76.6%[97m([91m25.8c[97m) [97mR:[93m90.0%[97m([91m43.2c[97m) [97mS-L: [92m1:[96m17%[39m [39m
2026-07-25 16:57:47,116 - Agent - INFO - [37mVal Epoch 54 step 54 with [31mce_loss_combined : 0.524072 [31mce_loss_c : 0.952839 [31mce_loss_g : 0.616985 [31mkl_synergy_rand_1 : 0.023008 [31mkl_synergy_rand_2 : 0.025747 [31mkl_synergy_1 : 0.016060 [31mkl_synergy_2 : 0.017336 [31mtotal : 0.606222 [31mdiag_kl_1 : 0.218099 [31mdiag_kl_2 : 0.193695 [94mAcc_combined: 71.40 [94mAcc_c: 60.26 [94mAcc_g: 76.20 [92mF1_combined: 67.97 [92mF1_c: 61.28 [92mF1_g: 75.94 [95mCEU_cue_audio: 0.4139 [95mCEU_cue_video: 0.7662 [95mCEU_synergy: 0.0775 [95mCEU_coexistence: 0.8909 [97mS:[93m7.7%[97m([91m0.4c[97m-[94mF1:7.1%) [97mU1:[93m41.4%[97m([91m5.2c[97m) [97mU2:[93m76.6%[97m([91m25.8c[97m) [97mR:[93m89.1%[97m([91m42.8c[97m) [97mS-L: [92m1:[96m17%[39m [39m
2026-07-25 16:57:53,819 - Agent - INFO - [37mVal Epoch 55 step 55 with [31mce_loss_combined : 0.555195 [31mce_loss_c : 1.088981 [31mce_loss_g : 0.638249 [31mkl_synergy_rand_1 : 0.023435 [31mkl_synergy_rand_2 : 0.025918 [31mkl_synergy_1 : 0.017089 [31mkl_synergy_2 : 0.018313 [31mtotal : 0.639950 [31mdiag_kl_1 : 0.214955 [31mdiag_kl_2 : 0.218524 [94mAcc_combined: 63.32 [94mAcc_c: 57.21 [94mAcc_g: 76.42 [92mF1_combined: 62.83 [92mF1_c: 57.76 [92mF1_g: 76.42 [95mCEU_cue_audio: 0.6209 [95mCEU_cue_video: 0.4286 [95mCEU_synergy: 0.0775 [95mCEU_coexistence: 0.8455 [97mS:[93m7.7%[97m([91m0.4c[97m-[94mF1:7.1%) [97mU1:[93m62.1%[97m([91m7.9c[97m) [97mU2:[93m42.9%[97m([91m14.4c[97m) [97mR:[93m84.5%[97m([91m40.6c[97m) [97mS-L: [92m1:[96m17%[39m [39m
2026-07-25 16:58:00,384 - Agent - INFO - [37mVal Epoch 56 step 56 with [31mce_loss_combined : 0.503203 [31mce_loss_c : 1.030107 [31mce_loss_g : 0.609161 [31mkl_synergy_rand_1 : 0.023683 [31mkl_synergy_rand_2 : 0.025748 [31mkl_synergy_1 : 0.014964 [31mkl_synergy_2 : 0.015831 [31mtotal : 0.583430 [31mdiag_kl_1 : 0.185460 [31mdiag_kl_2 : 0.184127 [94mAcc_combined: 68.34 [94mAcc_c: 57.86 [94mAcc_g: 78.17 [92mF1_combined: 64.89 [92mF1_c: 58.49 [92mF1_g: 78.17 [95mCEU_cue_audio: 0.5517 [95mCEU_cue_video: 0.5324 [95mCEU_synergy: 0.1534 [95mCEU_coexistence: 0.9273 [97mS:[93m15.4%[97m([91m0.9c[97m-[94mF1:15.4%) [97mU1:[93m55.2%[97m([91m7.0c[97m) [97mU2:[93m53.2%[97m([91m17.9c[97m) [97mR:[93m92.7%[97m([91m44.5c[97m) [97mS-L: [92m0:[96m14% [92m1:[96m17%[39m [39m
2026-07-25 16:58:06,899 - Agent - INFO - [37mVal Epoch 57 step 57 with [31mce_loss_combined : 0.575514 [31mce_loss_c : 1.088109 [31mce_loss_g : 0.587512 [31mkl_synergy_rand_1 : 0.026765 [31mkl_synergy_rand_2 : 0.028471 [31mkl_synergy_1 : 0.018488 [31mkl_synergy_2 : 0.018981 [31mtotal : 0.668219 [31mdiag_kl_1 : 0.203415 [31mdiag_kl_2 : 0.205957 [94mAcc_combined: 61.35 [94mAcc_c: 57.42 [94mAcc_g: 77.07 [92mF1_combined: 60.05 [92mF1_c: 58.06 [92mF1_g: 76.92 [95mCEU_cue_audio: 0.5517 [95mCEU_cue_video: 0.4026 [95mCEU_synergy: 0.1534 [95mCEU_coexistence: 0.8455 [97mS:[93m15.4%[97m([91m0.9c[97m-[94mF1:13.3%) [97mU1:[93m55.2%[97m([91m7.0c[97m) [97mU2:[93m40.3%[97m([91m13.5c[97m) [97mR:[93m84.5%[97m([91m40.6c[97m) [97mS-L: [92m1:[96m33%[39m [39m
2026-07-25 16:58:13,364 - Agent - INFO - [37mVal Epoch 58 step 58 with [31mce_loss_combined : 0.537739 [31mce_loss_c : 1.030196 [31mce_loss_g : 0.655148 [31mkl_synergy_rand_1 : 0.023071 [31mkl_synergy_rand_2 : 0.026623 [31mkl_synergy_1 : 0.016097 [31mkl_synergy_2 : 0.021718 [31mtotal : 0.625247 [31mdiag_kl_1 : 0.246510 [31mdiag_kl_2 : 0.184667 [94mAcc_combined: 69.43 [94mAcc_c: 55.02 [94mAcc_g: 76.42 [92mF1_combined: 68.33 [92mF1_c: 57.26 [92mF1_g: 76.11 [95mCEU_cue_audio: 0.3104 [95mCEU_cue_video: 0.6883 [95mCEU_synergy: 0.1534 [95mCEU_coexistence: 0.8909 [97mS:[93m15.4%[97m([91m0.9c[97m-[94mF1:13.3%) [97mU1:[93m31.0%[97m([91m3.9c[97m) [97mU2:[93m68.8%[97m([91m23.1c[97m) [97mR:[93m89.1%[97m([91m42.8c[97m) [97mS-L: [92m1:[96m33%[39m [39m
2026-07-25 16:58:19,893 - Agent - INFO - [37mVal Epoch 59 step 59 with [31mce_loss_combined : 0.553804 [31mce_loss_c : 1.009997 [31mce_loss_g : 0.702973 [31mkl_synergy_rand_1 : 0.024904 [31mkl_synergy_rand_2 : 0.024897 [31mkl_synergy_1 : 0.017291 [31mkl_synergy_2 : 0.017320 [31mtotal : 0.638217 [31mdiag_kl_1 : 0.216032 [31mdiag_kl_2 : 0.196271 [94mAcc_combined: 67.47 [94mAcc_c: 57.64 [94mAcc_g: 72.71 [92mF1_combined: 66.52 [92mF1_c: 59.24 [92mF1_g: 72.53 [95mCEU_cue_audio: 0.5517 [95mCEU_cue_video: 0.5324 [95mCEU_synergy: 0.0775 [95mCEU_coexistence: 0.9090 [97mS:[93m7.7%[97m([91m0.4c[97m-[94mF1:7.1%) [97mU1:[93m55.2%[97m([91m7.0c[97m) [97mU2:[93m53.2%[97m([91m17.9c[97m) [97mR:[93m90.9%[97m([91m43.7c[97m) [97mS-L: [92m0:[96m14%[39m [39m
2026-07-25 16:58:20,472 - Agent - INFO - We are in the final state.
2026-07-25 16:58:20,575 - root - INFO - Loaded best model from best_model_accuracy_state_dict
2026-07-25 16:58:21,590 - Agent - INFO - [37mVal Epoch 59 step 0 with [31mce_loss_combined : 0.475463 [31mce_loss_c : 0.893639 [31mce_loss_g : 0.596588 [31mkl_synergy_rand_1 : 0.024566 [31mkl_synergy_rand_2 : 0.025864 [31mkl_synergy_1 : 0.015917 [31mkl_synergy_2 : 0.021849 [31mtotal : 0.563659 [31mdiag_kl_1 : 0.231996 [31mdiag_kl_2 : 0.146636 [94mAcc_combined: 79.69 [94mAcc_c: 58.95 [94mAcc_g: 76.86 [92mF1_combined: 79.56 [92mF1_c: 60.17 [92mF1_g: 76.86 [95mCEU_cue_audio: 0.2757 [95mCEU_cue_video: 0.9352 [95mCEU_synergy: 0.0000 [95mCEU_coexistence: 0.9273 [97mS:[93m0.0%[97m([91m0.0c[97m-[94mF1:0.0%) [97mU1:[93m27.6%[97m([91m3.5c[97m) [97mU2:[93m93.5%[97m([91m31.4c[97m) [97mR:[93m92.7%[97m([91m44.5c[97m) [97mS-L: None[39m [39m
2026-07-25 16:58:23,485 - Agent - INFO - [37mTest Epoch 59 step 0 with [31mce_loss_combined : 0.612294 [31mce_loss_c : 1.009979 [31mce_loss_g : 0.744168 [31mkl_synergy_rand_1 : 0.022165 [31mkl_synergy_rand_2 : 0.026073 [31mkl_synergy_1 : 0.017176 [31mkl_synergy_2 : 0.022946 [31mtotal : 0.700655 [31mdiag_kl_1 : 0.245059 [31mdiag_kl_2 : 0.174710 [94mAcc_combined: 72.45 [94mAcc_c: 55.61 [94mAcc_g: 74.05 [92mF1_combined: 72.25 [92mF1_c: 57.68 [92mF1_g: 74.17 [95mCEU_cue_audio: 0.2549 [95mCEU_cue_video: 0.8728 [95mCEU_synergy: 0.1482 [95mCEU_coexistence: 0.9435 [97mS:[93m14.8%[97m([91m1.7c[97m-[94mF1:14.3%) [97mU1:[93m25.5%[97m([91m3.8c[97m) [97mU2:[93m87.3%[97m([91m28.0c[97m) [97mR:[93m94.3%[97m([91m38.9c[97m) [97mS-L: [92m0:[96m24% [92m1:[96m7%[39m [39m
2026-07-25 16:58:24,295 - Agent - INFO - [37mModel saved successfully at: ./artifacts/models/multibench/mosi/vt/SynIB_RMask_U_foldREFABL_mosi_fold2_l0.1_perturbrandom_fillema_pmin0.3_refclass_prior_lr0.0005_wd0.001_bs32.pth.tar[39m
Job finished
