Starting SynIB reference-ablation job
Python 3.10.19
/esat/smcdata/users/kkontras/Image_Dataset/no_backup/git/SynIB  (git a2fb4fd)
GPU 0: NVIDIA GeForce RTX 3080 Ti (UUID: GPU-2d5395f5-1e2d-a59b-ed83-f672b78d7137)
Executing: PYTHONPATH=src /esat/smcdata/users/kkontras/Image_Dataset/no_backup/envs/synergy_new/bin/python -m synib.entrypoints.train --config run/configs/rebuttal_ref_ablation/urfunny_synib.json --default_config run/configs/rebuttal_ref_ablation/urfunny_default.json --fold 1 --rmask random --l 0.001 --perturb_pmin 0.7 --perturb_fill ema --lr 0.001 --wd 0.001 --reference_type class_prior --ref_diag --start_over --tag REFABL_urfunny
Namespace(config='run/configs/rebuttal_ref_ablation/urfunny_synib.json', default_config='run/configs/rebuttal_ref_ablation/urfunny_default.json', fold='1', alpha=None, tanh_mode_beta=None, regby=None, batch_size=None, l='0.001', multil=None, lib=None, kmepoch=None, num_samples=None, contrcoeff=None, contr_type=None, shuffle_type=None, validate_with=None, num_classes=None, optim_method=None, ending_epoch=None, load_ongoing=None, recon_weight1=None, recon_weight2=None, recon_epochstages=None, recon_ensemblestages=None, lr='0.001', wd='0.001', cls=None, ironic_rate=None, perturb='random', perturb_fill='ema', perturb_pmax=None, perturb_pmin='0.7', perturb_lsparse=None, rmask='random', pmin=None, pmax=None, lsparse=None, debug_mask_stats=False, pre=False, frozen=False, tdqm_disable=False, start_over=True, no_model_save=False, num_layers=None, grad_accum=None, init_from=None, init_strict=False, perturb_lsparse_sign=None, l_anneal_epochs=None, perturb_steps=None, perturb_lsparse_warmup=None, perturb_lsparse_schedule=None, persist_ell=False, save_masks=False, penalty_swap=False, disable_ce_random=False, disable_kl_learned=False, masking_only=False, modality_dropout=None, modality_dropout_target=None, l_z1_masked=None, l_z2_masked=None, l_pareto=None, reference_type='class_prior', ref_diag=True, ref_ema_decay=None, tag='REFABL_urfunny')
2026-07-25 16:58:35,599 - Config - INFO - run/configs/rebuttal_ref_ablation/urfunny_synib.json
2026-07-25 16:58:35,602 - Config - INFO -  THE Configuration of your experiment ..
{'agent': 'Agent',
 'dataset': {'data_roots': './src/synib/mydatasets/Factor_CL_Datasets/prepared/ur_funny/ur_funny_data.pkl',
             'data_type': 'humor',
             'dataloader_class': 'FactorCL_Dataloader',
             'kfold_data_roots': './src/synib/mydatasets/Factor_CL_Datasets/prepared/ur_funny/ur_funny_synergy3.pkl'},
 'early_stopping': {'end_of_epoch_check': True,
                    'log_interval': 10,
                    'max_epoch': 100,
                    'n_steps_stop': 30,
                    'n_steps_stop_after': 0,
                    'save_every_step': 3000,
                    'save_every_valstep': 50,
                    'validate_after': 0,
                    'validate_every': 185},
 'exp_name': 'UR-FUNNY Experiment',
 'model': {'args': {'bias_infusion': {'method': False},
                    'clip_grad': False,
                    'cls_type': 'mlp',
                    'd_model': 40,
                    'dropout': 0.1,
                    'fc_inner': 64,
                    'hidden_dim': 64,
                    'in_dim': 64,
                    'multi_loss': {'multi_supervised_w': {'c': 1,
                                                          'combined': 1,
                                                          'g': 1}},
                    'norm_decision': False,
                    'num_classes': 2},
           'ceu': {'test': './artifacts/ceus/ur_funny/ur_funny_ceu_test.pkl',
                   'val': './artifacts/ceus/ur_funny/ur_funny_ceu_val.pkl'},
           'encoders': [{'args': {'freeze_encoder': False,
                                  'hidden_size': 40,
                                  'modality': 'c',
                                  'n_features': 371,
                                  'num_classes': 2},
                         'model': 'FactorCL_Uni',
                         'pretrainedEncoder': {'dir': 'unimodal_video_fold{}_vldaccuracy_lr0.001_wd0.0001.pth.tar',
                                               'use': True}},
                        {'args': {'freeze_encoder': False,
                                  'hidden_size': 40,
                                  'modality': 'g',
                                  'n_features': 300,
                                  'num_classes': 2},
                         'model': 'FactorCL_Uni',
                         'pretrainedEncoder': {'dir': 'unimodal_text_fold{}_vldaccuracy_lr0.001_wd0.001.pth.tar',
                                               'use': True}}],
           'load_ongoing': False,
           'model_class': 'FusionIBModel_Mask',
           'save_base_dir': './artifacts/models/multibench/ur_funny/vt',
           'save_dir': 'SynIB_RMask_{}.pth.tar'},
 'optimizer': {'beta1': 0.9,
               'beta2': 0.999,
               'learning_rate': 0.0001,
               'momentum': 0.9,
               'type': 'Adam',
               'weight_decay': 0.0001},
 'scheduler': {'max_lr': 0.03, 'type': 'cosanneal', 'warm_up_steps': 780},
 'task': 'classification',
 'training_params': {'adversarial_training': {'adv_epsilon': 0.01,
                                              'use': False},
                     'async_loading': True,
                     'batch_size': 32,
                     'cuda': True,
                     'data_loader_workers': 8,
                     'gpu_device': [0],
                     'pin_memory': True,
                     'rec_test': True,
                     'res': True,
                     'seed': 109,
                     'tdqm_disable': False,
                     'test_batch_size': 32,
                     'test_on_bottoms': False,
                     'use_test_set': True,
                     'validation': True,
                     'verbose': True,
                     'wandb_disable': True}}
2026-07-25 16:58:35,604 - Config - INFO -  *************************************** 
2026-07-25 16:58:35,604 - Config - INFO - The experiment name is UR-FUNNY Experiment
2026-07-25 16:58:35,604 - Config - INFO -  *************************************** 
2026-07-25 16:58:35,604 - root - INFO - save_dir: SynIB_RMask_REFABL_urfunny_fold1_l0.001_perturbrandom_fillema_pmin0.7_refclass_prior_lr0.001_wd0.001.pth.tar
2026-07-25 16:58:35,710 - Cuda Statistics - INFO - __Python VERSION:  3.10.19 (main, Oct 21 2025, 16:43:05) [GCC 11.2.0]
2026-07-25 16:58:35,711 - Cuda Statistics - INFO - __pyTorch VERSION:  2.9.1+cu128
2026-07-25 16:58:35,711 - Cuda Statistics - INFO - __CUDA VERSION
2026-07-25 16:58:35,712 - Cuda Statistics - INFO - __CUDNN VERSION:  91002
2026-07-25 16:58:35,737 - Cuda Statistics - INFO - __Number CUDA Devices:  1
2026-07-25 16:58:35,737 - Cuda Statistics - INFO - __Devices
2026-07-25 16:58:35,737 - Cuda Statistics - INFO - index, name, driver_version, memory.total [MiB], memory.used [MiB], memory.free [MiB]
2026-07-25 16:58:35,737 - Cuda Statistics - INFO - 0, NVIDIA GeForce RTX 3080 Ti, 610.43.03, 12288 MiB, 4 MiB, 11907 MiB
2026-07-25 16:58:35,741 - Cuda Statistics - INFO - Active CUDA Device: GPU 0
2026-07-25 16:58:35,741 - Cuda Statistics - INFO - Available devices  1
2026-07-25 16:58:35,741 - Cuda Statistics - INFO - Current cuda device  0
2026-07-25 16:58:36,706 - Agent - INFO - Device: cuda:0
2026-07-25 16:58:36,707 - Agent - INFO - Total training batches: 253, validate every 185 batches, steps per epoch: 2
2026-07-25 16:58:40,286 - Agent - INFO - class_prior counts=[4032, 4042] prior=[0.4994, 0.5006]
2026-07-25 16:58:40,287 - Agent - INFO - Loss Weights are {'total': 1, 'combined': 1, 'c': 1, 'g': 1}
2026-07-25 16:58:40,287 - root - INFO - There is no CEU for train
2026-07-25 16:58:40,541 - root - INFO - Loading enc best model state dict from ./artifacts/models/multibench/ur_funny/vt/unimodal_video_fold1_vldaccuracy_lr0.001_wd0.0001.pth.tar
2026-07-25 16:58:40,797 - root - INFO - Loading enc best model state dict from ./artifacts/models/multibench/ur_funny/vt/unimodal_text_fold1_vldaccuracy_lr0.001_wd0.001.pth.tar
2026-07-25 16:58:40,998 - Agent - INFO - Total number of trainable parameters are: 3520992
2026-07-25 16:58:41,004 - Agent - INFO - Total number of trainable parameters are: 1767508
2026-07-25 16:59:08,007 - Evaluator - INFO - New best with loss-accuracy-syn_accuracy-
2026-07-25 16:59:08,007 - Agent - INFO - [37mVal Epoch 1 step 1 with [31mce_loss_combined : 0.666507 [31mce_loss_c : 0.699453 [31mce_loss_g : 0.662478 [31mkl_synergy_rand_1 : 0.000045 [31mkl_synergy_rand_2 : 0.000062 [31mkl_synergy_1 : 0.000042 [31mkl_synergy_2 : 0.000062 [31mtotal : 0.666719 [31mdiag_kl_1 : 0.043430 [31mdiag_kl_2 : 0.027366 [94mAcc_combined: 60.01 [94mAcc_c: 49.52 [94mAcc_g: 60.30 [92mF1_combined: 65.09 [92mF1_c: 35.56 [92mF1_g: 66.28 [95mCEU_cue_audio: 0.2488 [95mCEU_cue_video: 0.8244 [95mCEU_synergy: 0.2256 [95mCEU_coexistence: 0.8479 [97mS:[93m22.6%[97m([91m4.9c[97m-[94mF1:18.4%) [97mU1:[93m24.9%[97m([91m4.3c[97m) [97mU2:[93m82.5%[97m([91m24.1c[97m) [97mR:[93m84.8%[97m([91m27.0c[97m) [97mS-L: [92m1:[96m40%[39m [39m
2026-07-25 16:59:08,023 - Agent - INFO - [37mTest Epoch 1 step 1 with [31mce_loss_combined : 0.627275 [31mce_loss_c : 0.690818 [31mce_loss_g : 0.630658 [31mkl_synergy_rand_1 : 0.000051 [31mkl_synergy_rand_2 : 0.000073 [31mkl_synergy_1 : 0.000042 [31mkl_synergy_2 : 0.000068 [31mtotal : 0.627509 [31mdiag_kl_1 : 0.046591 [31mdiag_kl_2 : 0.027928 [94mAcc_combined: 61.44 [94mAcc_c: 51.75 [94mAcc_g: 60.92 [92mF1_combined: 66.20 [92mF1_c: 38.68 [92mF1_g: 66.59 [95mCEU_cue_audio: 0.2431 [95mCEU_cue_video: 0.8083 [95mCEU_synergy: 0.2309 [95mCEU_coexistence: 0.8984 [97mS:[93m23.1%[97m([91m4.5c[97m-[94mF1:18.8%) [97mU1:[93m24.3%[97m([91m4.3c[97m) [97mU2:[93m80.8%[97m([91m19.9c[97m) [97mR:[93m89.9%[97m([91m34.3c[97m) [97mS-L: [92m1:[96m40%[39m [39m
2026-07-25 16:59:08,340 - Agent - INFO - [37mModel saved successfully at: ./artifacts/models/multibench/ur_funny/vt/SynIB_RMask_REFABL_urfunny_fold1_l0.001_perturbrandom_fillema_pmin0.7_refclass_prior_lr0.001_wd0.001.pth.tar[39m
2026-07-25 16:59:35,043 - Evaluator - INFO - New best with loss-accuracy-
2026-07-25 16:59:35,043 - Agent - INFO - [37mVal Epoch 2 step 2 with [31mce_loss_combined : 0.661509 [31mce_loss_c : 0.697548 [31mce_loss_g : 0.661971 [31mkl_synergy_rand_1 : 0.000059 [31mkl_synergy_rand_2 : 0.000085 [31mkl_synergy_1 : 0.000048 [31mkl_synergy_2 : 0.000085 [31mtotal : 0.661785 [31mdiag_kl_1 : 0.060592 [31mdiag_kl_2 : 0.007774 [94mAcc_combined: 62.38 [94mAcc_c: 50.29 [94mAcc_g: 61.80 [92mF1_combined: 66.00 [92mF1_c: 36.78 [92mF1_g: 66.55 [95mCEU_cue_audio: 0.1016 [95mCEU_cue_video: 0.9603 [95mCEU_synergy: 0.0883 [95mCEU_coexistence: 0.9362 [97mS:[93m8.8%[97m([91m1.9c[97m-[94mF1:8.3%) [97mU1:[93m10.2%[97m([91m1.7c[97m) [97mU2:[93m96.0%[97m([91m28.0c[97m) [97mR:[93m93.6%[97m([91m29.8c[97m) [97mS-L: [92m0:[96m1% [92m1:[96m15%[39m [39m
2026-07-25 16:59:35,060 - Agent - INFO - [37mTest Epoch 2 step 2 with [31mce_loss_combined : 0.628028 [31mce_loss_c : 0.681908 [31mce_loss_g : 0.628473 [31mkl_synergy_rand_1 : 0.000075 [31mkl_synergy_rand_2 : 0.000097 [31mkl_synergy_1 : 0.000052 [31mkl_synergy_2 : 0.000097 [31mtotal : 0.628348 [31mdiag_kl_1 : 0.071503 [31mdiag_kl_2 : 0.007391 [94mAcc_combined: 62.76 [94mAcc_c: 53.02 [94mAcc_g: 61.53 [92mF1_combined: 66.50 [92mF1_c: 41.87 [92mF1_g: 66.34 [95mCEU_cue_audio: 0.1133 [95mCEU_cue_video: 0.9197 [95mCEU_synergy: 0.1394 [95mCEU_coexistence: 0.9529 [97mS:[93m13.9%[97m([91m2.7c[97m-[94mF1:13.1%) [97mU1:[93m11.4%[97m([91m2.0c[97m) [97mU2:[93m92.0%[97m([91m22.7c[97m) [97mR:[93m95.3%[97m([91m36.4c[97m) [97mS-L: [92m0:[96m5% [92m1:[96m21%[39m [39m
2026-07-25 16:59:35,560 - Agent - INFO - [37mModel saved successfully at: ./artifacts/models/multibench/ur_funny/vt/SynIB_RMask_REFABL_urfunny_fold1_l0.001_perturbrandom_fillema_pmin0.7_refclass_prior_lr0.001_wd0.001.pth.tar[39m
2026-07-25 17:00:02,131 - Agent - INFO - [37mVal Epoch 3 step 3 with [31mce_loss_combined : 0.671122 [31mce_loss_c : 0.700290 [31mce_loss_g : 0.667104 [31mkl_synergy_rand_1 : 0.000054 [31mkl_synergy_rand_2 : 0.000069 [31mkl_synergy_1 : 0.000041 [31mkl_synergy_2 : 0.000066 [31mtotal : 0.671352 [31mdiag_kl_1 : 0.048636 [31mdiag_kl_2 : 0.031702 [94mAcc_combined: 60.64 [94mAcc_c: 49.18 [94mAcc_g: 59.96 [92mF1_combined: 64.17 [92mF1_c: 30.07 [92mF1_g: 66.50 [95mCEU_cue_audio: 0.2658 [95mCEU_cue_video: 0.8212 [95mCEU_synergy: 0.1547 [95mCEU_coexistence: 0.8784 [97mS:[93m15.5%[97m([91m3.4c[97m-[94mF1:13.4%) [97mU1:[93m26.6%[97m([91m4.5c[97m) [97mU2:[93m82.1%[97m([91m24.0c[97m) [97mR:[93m87.8%[97m([91m27.9c[97m) [97mS-L: [92m1:[96m28%[39m [39m
2026-07-25 17:00:29,034 - Agent - INFO - [37mVal Epoch 4 step 4 with [31mce_loss_combined : 0.672067 [31mce_loss_c : 0.697640 [31mce_loss_g : 0.666439 [31mkl_synergy_rand_1 : 0.000078 [31mkl_synergy_rand_2 : 0.000105 [31mkl_synergy_1 : 0.000058 [31mkl_synergy_2 : 0.000105 [31mtotal : 0.672413 [31mdiag_kl_1 : 0.073310 [31mdiag_kl_2 : 0.014092 [94mAcc_combined: 61.51 [94mAcc_c: 50.05 [94mAcc_g: 61.07 [92mF1_combined: 64.43 [92mF1_c: 22.16 [92mF1_g: 67.16 [95mCEU_cue_audio: 0.1975 [95mCEU_cue_video: 0.9271 [95mCEU_synergy: 0.0974 [95mCEU_coexistence: 0.9544 [97mS:[93m9.7%[97m([91m2.1c[97m-[94mF1:9.0%) [97mU1:[93m19.8%[97m([91m3.4c[97m) [97mU2:[93m92.7%[97m([91m27.1c[97m) [97mR:[93m95.4%[97m([91m30.4c[97m) [97mS-L: [92m0:[96m1% [92m1:[96m17%[39m [39m
2026-07-25 17:00:55,966 - Agent - INFO - [37mVal Epoch 5 step 5 with [31mce_loss_combined : 0.664598 [31mce_loss_c : 0.697250 [31mce_loss_g : 0.662806 [31mkl_synergy_rand_1 : 0.000056 [31mkl_synergy_rand_2 : 0.000076 [31mkl_synergy_1 : 0.000042 [31mkl_synergy_2 : 0.000074 [31mtotal : 0.664846 [31mdiag_kl_1 : 0.053102 [31mdiag_kl_2 : 0.013716 [94mAcc_combined: 61.70 [94mAcc_c: 49.47 [94mAcc_g: 60.93 [92mF1_combined: 63.27 [92mF1_c: 40.79 [92mF1_g: 66.89 [95mCEU_cue_audio: 0.1186 [95mCEU_cue_video: 0.9305 [95mCEU_synergy: 0.0663 [95mCEU_coexistence: 0.9484 [97mS:[93m6.6%[97m([91m1.5c[97m-[94mF1:6.2%) [97mU1:[93m11.9%[97m([91m2.0c[97m) [97mU2:[93m93.0%[97m([91m27.2c[97m) [97mR:[93m94.8%[97m([91m30.2c[97m) [97mS-L: [92m1:[96m12%[39m [39m
2026-07-25 17:01:22,997 - Agent - INFO - [37mVal Epoch 6 step 6 with [31mce_loss_combined : 0.666931 [31mce_loss_c : 0.699053 [31mce_loss_g : 0.663320 [31mkl_synergy_rand_1 : 0.000068 [31mkl_synergy_rand_2 : 0.000085 [31mkl_synergy_1 : 0.000046 [31mkl_synergy_2 : 0.000084 [31mtotal : 0.667213 [31mdiag_kl_1 : 0.061460 [31mdiag_kl_2 : 0.023442 [94mAcc_combined: 61.56 [94mAcc_c: 50.82 [94mAcc_g: 61.22 [92mF1_combined: 63.55 [92mF1_c: 33.92 [92mF1_g: 66.86 [95mCEU_cue_audio: 0.1297 [95mCEU_cue_video: 0.9172 [95mCEU_synergy: 0.1107 [95mCEU_coexistence: 0.9239 [97mS:[93m11.1%[97m([91m2.4c[97m-[94mF1:10.6%) [97mU1:[93m13.0%[97m([91m2.2c[97m) [97mU2:[93m91.7%[97m([91m26.8c[97m) [97mR:[93m92.4%[97m([91m29.4c[97m) [97mS-L: [92m0:[96m4% [92m1:[96m17%[39m [39m
2026-07-25 17:01:49,239 - Agent - INFO - [37mVal Epoch 7 step 7 with [31mce_loss_combined : 0.683311 [31mce_loss_c : 0.696891 [31mce_loss_g : 0.677453 [31mkl_synergy_rand_1 : 0.000097 [31mkl_synergy_rand_2 : 0.000140 [31mkl_synergy_1 : 0.000071 [31mkl_synergy_2 : 0.000135 [31mtotal : 0.683755 [31mdiag_kl_1 : 0.090542 [31mdiag_kl_2 : 0.021368 [94mAcc_combined: 61.94 [94mAcc_c: 50.34 [94mAcc_g: 61.94 [92mF1_combined: 63.28 [92mF1_c: 28.73 [92mF1_g: 67.14 [95mCEU_cue_audio: 0.1414 [95mCEU_cue_video: 0.9305 [95mCEU_synergy: 0.0974 [95mCEU_coexistence: 0.9484 [97mS:[93m9.7%[97m([91m2.1c[97m-[94mF1:9.6%) [97mU1:[93m14.1%[97m([91m2.4c[97m) [97mU2:[93m93.0%[97m([91m27.2c[97m) [97mR:[93m94.8%[97m([91m30.2c[97m) [97mS-L: [92m0:[96m6% [92m1:[96m13%[39m [39m
2026-07-25 17:02:15,964 - Agent - INFO - [37mVal Epoch 8 step 8 with [31mce_loss_combined : 0.684029 [31mce_loss_c : 0.696685 [31mce_loss_g : 0.678265 [31mkl_synergy_rand_1 : 0.000094 [31mkl_synergy_rand_2 : 0.000130 [31mkl_synergy_1 : 0.000068 [31mkl_synergy_2 : 0.000128 [31mtotal : 0.684449 [31mdiag_kl_1 : 0.087164 [31mdiag_kl_2 : 0.020455 [94mAcc_combined: 62.19 [94mAcc_c: 50.44 [94mAcc_g: 61.51 [92mF1_combined: 63.73 [92mF1_c: 29.46 [92mF1_g: 67.03 [95mCEU_cue_audio: 0.1525 [95mCEU_cue_video: 0.9271 [95mCEU_synergy: 0.1107 [95mCEU_coexistence: 0.9453 [97mS:[93m11.1%[97m([91m2.4c[97m-[94mF1:11.0%) [97mU1:[93m15.3%[97m([91m2.6c[97m) [97mU2:[93m92.7%[97m([91m27.1c[97m) [97mR:[93m94.5%[97m([91m30.1c[97m) [97mS-L: [92m0:[96m14% [92m1:[96m9%[39m [39m
2026-07-25 17:02:42,520 - Evaluator - INFO - New best with accuracy-
2026-07-25 17:02:42,520 - Agent - INFO - [37mVal Epoch 9 step 9 with [31mce_loss_combined : 0.688940 [31mce_loss_c : 0.697448 [31mce_loss_g : 0.683462 [31mkl_synergy_rand_1 : 0.000105 [31mkl_synergy_rand_2 : 0.000140 [31mkl_synergy_1 : 0.000072 [31mkl_synergy_2 : 0.000140 [31mtotal : 0.689397 [31mdiag_kl_1 : 0.099821 [31mdiag_kl_2 : 0.019588 [94mAcc_combined: 62.57 [94mAcc_c: 51.06 [94mAcc_g: 62.14 [92mF1_combined: 63.70 [92mF1_c: 29.92 [92mF1_g: 66.26 [95mCEU_cue_audio: 0.1922 [95mCEU_cue_video: 0.9172 [95mCEU_synergy: 0.0883 [95mCEU_coexistence: 0.9604 [97mS:[93m8.8%[97m([91m1.9c[97m-[94mF1:8.7%) [97mU1:[93m19.2%[97m([91m3.3c[97m) [97mU2:[93m91.7%[97m([91m26.8c[97m) [97mR:[93m96.0%[97m([91m30.6c[97m) [97mS-L: [92m0:[96m15% [92m1:[96m4%[39m [39m
2026-07-25 17:02:42,537 - Agent - INFO - [37mTest Epoch 9 step 9 with [31mce_loss_combined : 0.647095 [31mce_loss_c : 0.683469 [31mce_loss_g : 0.642429 [31mkl_synergy_rand_1 : 0.000112 [31mkl_synergy_rand_2 : 0.000150 [31mkl_synergy_1 : 0.000071 [31mkl_synergy_2 : 0.000147 [31mtotal : 0.647575 [31mdiag_kl_1 : 0.105010 [31mdiag_kl_2 : 0.020719 [94mAcc_combined: 63.23 [94mAcc_c: 51.80 [94mAcc_g: 62.57 [92mF1_combined: 64.70 [92mF1_c: 33.42 [92mF1_g: 66.58 [95mCEU_cue_audio: 0.1728 [95mCEU_cue_video: 0.8966 [95mCEU_synergy: 0.1200 [95mCEU_coexistence: 0.9356 [97mS:[93m12.0%[97m([91m2.4c[97m-[94mF1:12.0%) [97mU1:[93m17.3%[97m([91m3.0c[97m) [97mU2:[93m89.7%[97m([91m22.1c[97m) [97mR:[93m93.6%[97m([91m35.7c[97m) [97mS-L: [92m0:[96m15% [92m1:[96m10%[39m [39m
2026-07-25 17:02:43,179 - Agent - INFO - [37mModel saved successfully at: ./artifacts/models/multibench/ur_funny/vt/SynIB_RMask_REFABL_urfunny_fold1_l0.001_perturbrandom_fillema_pmin0.7_refclass_prior_lr0.001_wd0.001.pth.tar[39m
2026-07-25 17:03:09,628 - Agent - INFO - [37mVal Epoch 10 step 10 with [31mce_loss_combined : 0.664376 [31mce_loss_c : 0.697142 [31mce_loss_g : 0.665365 [31mkl_synergy_rand_1 : 0.000051 [31mkl_synergy_rand_2 : 0.000072 [31mkl_synergy_1 : 0.000036 [31mkl_synergy_2 : 0.000072 [31mtotal : 0.664608 [31mdiag_kl_1 : 0.049168 [31mdiag_kl_2 : 0.011378 [94mAcc_combined: 62.28 [94mAcc_c: 49.27 [94mAcc_g: 61.85 [92mF1_combined: 63.96 [92mF1_c: 30.94 [92mF1_g: 67.00 [95mCEU_cue_audio: 0.1694 [95mCEU_cue_video: 0.9438 [95mCEU_synergy: 0.1107 [95mCEU_coexistence: 0.9484 [97mS:[93m11.1%[97m([91m2.4c[97m-[94mF1:11.0%) [97mU1:[93m16.9%[97m([91m2.9c[97m) [97mU2:[93m94.4%[97m([91m27.6c[97m) [97mR:[93m94.8%[97m([91m30.2c[97m) [97mS-L: [92m0:[96m16% [92m1:[96m7%[39m [39m
2026-07-25 17:03:36,124 - Agent - INFO - [37mVal Epoch 11 step 11 with [31mce_loss_combined : 0.678443 [31mce_loss_c : 0.697285 [31mce_loss_g : 0.671137 [31mkl_synergy_rand_1 : 0.000065 [31mkl_synergy_rand_2 : 0.000081 [31mkl_synergy_1 : 0.000042 [31mkl_synergy_2 : 0.000077 [31mtotal : 0.678708 [31mdiag_kl_1 : 0.059944 [31mdiag_kl_2 : 0.020870 [94mAcc_combined: 60.49 [94mAcc_c: 50.15 [94mAcc_g: 60.11 [92mF1_combined: 62.40 [92mF1_c: 56.30 [92mF1_g: 67.43 [95mCEU_cue_audio: 0.2938 [95mCEU_cue_video: 0.8045 [95mCEU_synergy: 0.1816 [95mCEU_coexistence: 0.9089 [97mS:[93m18.1%[97m([91m4.0c[97m-[94mF1:16.1%) [97mU1:[93m29.4%[97m([91m5.0c[97m) [97mU2:[93m80.5%[97m([91m23.5c[97m) [97mR:[93m90.9%[97m([91m28.9c[97m) [97mS-L: [92m0:[96m38% [92m1:[96m2%[39m [39m
2026-07-25 17:04:02,304 - Agent - INFO - [37mVal Epoch 12 step 12 with [31mce_loss_combined : 0.666985 [31mce_loss_c : 0.698025 [31mce_loss_g : 0.661041 [31mkl_synergy_rand_1 : 0.000051 [31mkl_synergy_rand_2 : 0.000063 [31mkl_synergy_1 : 0.000034 [31mkl_synergy_2 : 0.000060 [31mtotal : 0.667193 [31mdiag_kl_1 : 0.044825 [31mdiag_kl_2 : 0.026782 [94mAcc_combined: 61.22 [94mAcc_c: 49.95 [94mAcc_g: 60.78 [92mF1_combined: 62.84 [92mF1_c: 56.24 [92mF1_g: 67.47 [95mCEU_cue_audio: 0.2827 [95mCEU_cue_video: 0.8411 [95mCEU_synergy: 0.1149 [95mCEU_coexistence: 0.9271 [97mS:[93m11.5%[97m([91m2.5c[97m-[94mF1:11.4%) [97mU1:[93m28.2%[97m([91m4.8c[97m) [97mU2:[93m84.1%[97m([91m24.6c[97m) [97mR:[93m92.7%[97m([91m29.5c[97m) [97mS-L: [92m0:[96m16% [92m1:[96m8%[39m [39m
2026-07-25 17:04:28,790 - Agent - INFO - [37mVal Epoch 13 step 13 with [31mce_loss_combined : 0.687271 [31mce_loss_c : 0.696603 [31mce_loss_g : 0.681638 [31mkl_synergy_rand_1 : 0.000096 [31mkl_synergy_rand_2 : 0.000134 [31mkl_synergy_1 : 0.000064 [31mkl_synergy_2 : 0.000131 [31mtotal : 0.687695 [31mdiag_kl_1 : 0.090776 [31mdiag_kl_2 : 0.031895 [94mAcc_combined: 60.98 [94mAcc_c: 50.29 [94mAcc_g: 61.27 [92mF1_combined: 62.59 [92mF1_c: 36.54 [92mF1_g: 66.47 [95mCEU_cue_audio: 0.1752 [95mCEU_cue_video: 0.9140 [95mCEU_synergy: 0.1240 [95mCEU_coexistence: 0.9271 [97mS:[93m12.4%[97m([91m2.7c[97m-[94mF1:12.4%) [97mU1:[93m17.5%[97m([91m3.0c[97m) [97mU2:[93m91.4%[97m([91m26.7c[97m) [97mR:[93m92.7%[97m([91m29.5c[97m) [97mS-L: [92m0:[96m16% [92m1:[96m10%[39m [39m
2026-07-25 17:04:55,452 - Agent - INFO - [37mVal Epoch 14 step 14 with [31mce_loss_combined : 0.699673 [31mce_loss_c : 0.697082 [31mce_loss_g : 0.687905 [31mkl_synergy_rand_1 : 0.000114 [31mkl_synergy_rand_2 : 0.000154 [31mkl_synergy_1 : 0.000078 [31mkl_synergy_2 : 0.000151 [31mtotal : 0.700170 [31mdiag_kl_1 : 0.107233 [31mdiag_kl_2 : 0.042113 [94mAcc_combined: 61.41 [94mAcc_c: 49.32 [94mAcc_g: 61.36 [92mF1_combined: 62.64 [92mF1_c: 49.52 [92mF1_g: 66.04 [95mCEU_cue_audio: 0.1975 [95mCEU_cue_video: 0.9041 [95mCEU_synergy: 0.1281 [95mCEU_coexistence: 0.9120 [97mS:[93m12.8%[97m([91m2.8c[97m-[94mF1:12.5%) [97mU1:[93m19.8%[97m([91m3.4c[97m) [97mU2:[93m90.4%[97m([91m26.4c[97m) [97mR:[93m91.2%[97m([91m29.0c[97m) [97mS-L: [92m0:[96m8% [92m1:[96m17%[39m [39m
2026-07-25 17:05:22,448 - Agent - INFO - [37mVal Epoch 15 step 15 with [31mce_loss_combined : 0.704590 [31mce_loss_c : 0.697532 [31mce_loss_g : 0.694462 [31mkl_synergy_rand_1 : 0.000127 [31mkl_synergy_rand_2 : 0.000159 [31mkl_synergy_1 : 0.000081 [31mkl_synergy_2 : 0.000160 [31mtotal : 0.705117 [31mdiag_kl_1 : 0.119752 [31mdiag_kl_2 : 0.037580 [94mAcc_combined: 61.85 [94mAcc_c: 48.65 [94mAcc_g: 62.04 [92mF1_combined: 63.22 [92mF1_c: 44.86 [92mF1_g: 66.67 [95mCEU_cue_audio: 0.2261 [95mCEU_cue_video: 0.8842 [95mCEU_synergy: 0.1107 [95mCEU_coexistence: 0.9331 [97mS:[93m11.1%[97m([91m2.4c[97m-[94mF1:11.0%) [97mU1:[93m22.6%[97m([91m3.9c[97m) [97mU2:[93m88.4%[97m([91m25.8c[97m) [97mR:[93m93.3%[97m([91m29.7c[97m) [97mS-L: [92m0:[96m14% [92m1:[96m9%[39m [39m
2026-07-25 17:05:48,880 - Agent - INFO - [37mVal Epoch 16 step 16 with [31mce_loss_combined : 0.703999 [31mce_loss_c : 0.697672 [31mce_loss_g : 0.693356 [31mkl_synergy_rand_1 : 0.000112 [31mkl_synergy_rand_2 : 0.000157 [31mkl_synergy_1 : 0.000075 [31mkl_synergy_2 : 0.000152 [31mtotal : 0.704495 [31mdiag_kl_1 : 0.105653 [31mdiag_kl_2 : 0.040207 [94mAcc_combined: 61.75 [94mAcc_c: 48.65 [94mAcc_g: 61.61 [92mF1_combined: 63.19 [92mF1_c: 44.86 [92mF1_g: 66.53 [95mCEU_cue_audio: 0.2261 [95mCEU_cue_video: 0.8908 [95mCEU_synergy: 0.1016 [95mCEU_coexistence: 0.9302 [97mS:[93m10.2%[97m([91m2.2c[97m-[94mF1:10.2%) [97mU1:[93m22.6%[97m([91m3.9c[97m) [97mU2:[93m89.1%[97m([91m26.0c[97m) [97mR:[93m93.0%[97m([91m29.6c[97m) [97mS-L: [92m0:[96m11% [92m1:[96m10%[39m [39m
2026-07-25 17:06:15,059 - Agent - INFO - [37mVal Epoch 17 step 17 with [31mce_loss_combined : 0.672277 [31mce_loss_c : 0.694213 [31mce_loss_g : 0.670532 [31mkl_synergy_rand_1 : 0.000054 [31mkl_synergy_rand_2 : 0.000071 [31mkl_synergy_1 : 0.000036 [31mkl_synergy_2 : 0.000071 [31mtotal : 0.672508 [31mdiag_kl_1 : 0.055764 [31mdiag_kl_2 : 0.024053 [94mAcc_combined: 61.07 [94mAcc_c: 50.58 [94mAcc_g: 59.38 [92mF1_combined: 61.97 [92mF1_c: 36.84 [92mF1_g: 66.75 [95mCEU_cue_audio: 0.1075 [95mCEU_cue_video: 0.9240 [95mCEU_synergy: 0.1858 [95mCEU_coexistence: 0.8752 [97mS:[93m18.6%[97m([91m4.1c[97m-[94mF1:17.3%) [97mU1:[93m10.7%[97m([91m1.8c[97m) [97mU2:[93m92.4%[97m([91m27.0c[97m) [97mR:[93m87.5%[97m([91m27.9c[97m) [97mS-L: [92m0:[96m7% [92m1:[96m28%[39m [39m
2026-07-25 17:06:41,599 - Agent - INFO - [37mVal Epoch 18 step 18 with [31mce_loss_combined : 0.681346 [31mce_loss_c : 0.696499 [31mce_loss_g : 0.678761 [31mkl_synergy_rand_1 : 0.000097 [31mkl_synergy_rand_2 : 0.000121 [31mkl_synergy_1 : 0.000061 [31mkl_synergy_2 : 0.000120 [31mtotal : 0.681745 [31mdiag_kl_1 : 0.092148 [31mdiag_kl_2 : 0.025578 [94mAcc_combined: 62.19 [94mAcc_c: 49.71 [94mAcc_g: 61.75 [92mF1_combined: 63.53 [92mF1_c: 24.75 [92mF1_g: 66.67 [95mCEU_cue_audio: 0.1355 [95mCEU_cue_video: 0.9206 [95mCEU_synergy: 0.1372 [95mCEU_coexistence: 0.9271 [97mS:[93m13.7%[97m([91m3.0c[97m-[94mF1:13.3%) [97mU1:[93m13.6%[97m([91m2.3c[97m) [97mU2:[93m92.1%[97m([91m26.9c[97m) [97mR:[93m92.7%[97m([91m29.5c[97m) [97mS-L: [92m0:[96m8% [92m1:[96m18%[39m [39m
2026-07-25 17:07:08,366 - Agent - INFO - [37mVal Epoch 19 step 19 with [31mce_loss_combined : 0.695264 [31mce_loss_c : 0.698372 [31mce_loss_g : 0.681604 [31mkl_synergy_rand_1 : 0.000116 [31mkl_synergy_rand_2 : 0.000146 [31mkl_synergy_1 : 0.000076 [31mkl_synergy_2 : 0.000145 [31mtotal : 0.695746 [31mdiag_kl_1 : 0.109092 [31mdiag_kl_2 : 0.050334 [94mAcc_combined: 61.32 [94mAcc_c: 48.98 [94mAcc_g: 61.80 [92mF1_combined: 62.48 [92mF1_c: 32.50 [92mF1_g: 66.55 [95mCEU_cue_audio: 0.2033 [95mCEU_cue_video: 0.8842 [95mCEU_synergy: 0.1149 [95mCEU_coexistence: 0.9362 [97mS:[93m11.5%[97m([91m2.5c[97m-[94mF1:11.5%) [97mU1:[93m20.3%[97m([91m3.5c[97m) [97mU2:[93m88.4%[97m([91m25.8c[97m) [97mR:[93m93.6%[97m([91m29.8c[97m) [97mS-L: [92m0:[96m11% [92m1:[96m12%[39m [39m
2026-07-25 17:07:34,669 - Evaluator - INFO - New best with syn_accuracy-
2026-07-25 17:07:34,669 - Agent - INFO - [37mVal Epoch 20 step 20 with [31mce_loss_combined : 0.743182 [31mce_loss_c : 0.700052 [31mce_loss_g : 0.721329 [31mkl_synergy_rand_1 : 0.000158 [31mkl_synergy_rand_2 : 0.000207 [31mkl_synergy_1 : 0.000109 [31mkl_synergy_2 : 0.000205 [31mtotal : 0.743861 [31mdiag_kl_1 : 0.155476 [31mdiag_kl_2 : 0.086124 [94mAcc_combined: 60.54 [94mAcc_c: 49.18 [94mAcc_g: 59.38 [92mF1_combined: 61.25 [92mF1_c: 40.18 [92mF1_g: 62.63 [95mCEU_cue_audio: 0.2261 [95mCEU_cue_video: 0.8377 [95mCEU_synergy: 0.2479 [95mCEU_coexistence: 0.8360 [97mS:[93m24.8%[97m([91m5.4c[97m-[94mF1:19.9%) [97mU1:[93m22.6%[97m([91m3.9c[97m) [97mU2:[93m83.8%[97m([91m24.5c[97m) [97mR:[93m83.6%[97m([91m26.6c[97m) [97mS-L: [92m1:[96m44%[39m [39m
2026-07-25 17:07:34,686 - Agent - INFO - [37mTest Epoch 20 step 20 with [31mce_loss_combined : 0.686292 [31mce_loss_c : 0.684034 [31mce_loss_g : 0.673704 [31mkl_synergy_rand_1 : 0.000173 [31mkl_synergy_rand_2 : 0.000218 [31mkl_synergy_1 : 0.000111 [31mkl_synergy_2 : 0.000217 [31mtotal : 0.687011 [31mdiag_kl_1 : 0.169873 [31mdiag_kl_2 : 0.085972 [94mAcc_combined: 64.13 [94mAcc_c: 53.88 [94mAcc_g: 62.00 [92mF1_combined: 64.88 [92mF1_c: 47.07 [92mF1_g: 65.19 [95mCEU_cue_audio: 0.2379 [95mCEU_cue_video: 0.8314 [95mCEU_synergy: 0.2691 [95mCEU_coexistence: 0.9060 [97mS:[93m26.9%[97m([91m5.3c[97m-[94mF1:21.6%) [97mU1:[93m23.8%[97m([91m4.2c[97m) [97mU2:[93m83.1%[97m([91m20.5c[97m) [97mR:[93m90.6%[97m([91m34.6c[97m) [97mS-L: [92m0:[96m1% [92m1:[96m46%[39m [39m
2026-07-25 17:07:35,350 - Agent - INFO - [37mModel saved successfully at: ./artifacts/models/multibench/ur_funny/vt/SynIB_RMask_REFABL_urfunny_fold1_l0.001_perturbrandom_fillema_pmin0.7_refclass_prior_lr0.001_wd0.001.pth.tar[39m
2026-07-25 17:08:02,700 - Agent - INFO - [37mVal Epoch 21 step 21 with [31mce_loss_combined : 0.706616 [31mce_loss_c : 0.703590 [31mce_loss_g : 0.694348 [31mkl_synergy_rand_1 : 0.000112 [31mkl_synergy_rand_2 : 0.000150 [31mkl_synergy_1 : 0.000081 [31mkl_synergy_2 : 0.000146 [31mtotal : 0.707105 [31mdiag_kl_1 : 0.109974 [31mdiag_kl_2 : 0.056681 [94mAcc_combined: 60.06 [94mAcc_c: 49.32 [94mAcc_g: 60.06 [92mF1_combined: 60.74 [92mF1_c: 33.25 [92mF1_g: 64.52 [95mCEU_cue_audio: 0.2599 [95mCEU_cue_video: 0.8212 [95mCEU_synergy: 0.1816 [95mCEU_coexistence: 0.8661 [97mS:[93m18.1%[97m([91m4.0c[97m-[94mF1:15.4%) [97mU1:[93m26.0%[97m([91m4.4c[97m) [97mU2:[93m82.1%[97m([91m24.0c[97m) [97mR:[93m86.6%[97m([91m27.6c[97m) [97mS-L: [92m1:[96m33%[39m [39m
2026-07-25 17:08:29,324 - Agent - INFO - [37mVal Epoch 22 step 22 with [31mce_loss_combined : 0.700395 [31mce_loss_c : 0.697550 [31mce_loss_g : 0.697352 [31mkl_synergy_rand_1 : 0.000093 [31mkl_synergy_rand_2 : 0.000125 [31mkl_synergy_1 : 0.000062 [31mkl_synergy_2 : 0.000122 [31mtotal : 0.700797 [31mdiag_kl_1 : 0.090333 [31mdiag_kl_2 : 0.034156 [94mAcc_combined: 61.90 [94mAcc_c: 49.61 [94mAcc_g: 60.59 [92mF1_combined: 63.25 [92mF1_c: 33.03 [92mF1_g: 66.00 [95mCEU_cue_audio: 0.1467 [95mCEU_cue_video: 0.9370 [95mCEU_synergy: 0.1414 [95mCEU_coexistence: 0.9029 [97mS:[93m14.2%[97m([91m3.1c[97m-[94mF1:13.6%) [97mU1:[93m14.7%[97m([91m2.5c[97m) [97mU2:[93m93.7%[97m([91m27.4c[97m) [97mR:[93m90.3%[97m([91m28.7c[97m) [97mS-L: [92m0:[96m7% [92m1:[96m20%[39m [39m
2026-07-25 17:08:55,856 - Agent - INFO - [37mVal Epoch 23 step 23 with [31mce_loss_combined : 0.702002 [31mce_loss_c : 0.698833 [31mce_loss_g : 0.691066 [31mkl_synergy_rand_1 : 0.000106 [31mkl_synergy_rand_2 : 0.000140 [31mkl_synergy_1 : 0.000076 [31mkl_synergy_2 : 0.000141 [31mtotal : 0.702464 [31mdiag_kl_1 : 0.097407 [31mdiag_kl_2 : 0.035400 [94mAcc_combined: 61.94 [94mAcc_c: 49.32 [94mAcc_g: 61.12 [92mF1_combined: 63.58 [92mF1_c: 47.34 [92mF1_g: 67.10 [95mCEU_cue_audio: 0.2430 [95mCEU_cue_video: 0.8774 [95mCEU_synergy: 0.1149 [95mCEU_coexistence: 0.9331 [97mS:[93m11.5%[97m([91m2.5c[97m-[94mF1:11.3%) [97mU1:[93m24.3%[97m([91m4.2c[97m) [97mU2:[93m87.7%[97m([91m25.6c[97m) [97mR:[93m93.3%[97m([91m29.7c[97m) [97mS-L: [92m0:[96m8% [92m1:[96m14%[39m [39m
2026-07-25 17:09:22,560 - Agent - INFO - [37mVal Epoch 24 step 24 with [31mce_loss_combined : 0.693929 [31mce_loss_c : 0.696721 [31mce_loss_g : 0.692186 [31mkl_synergy_rand_1 : 0.000096 [31mkl_synergy_rand_2 : 0.000124 [31mkl_synergy_1 : 0.000064 [31mkl_synergy_2 : 0.000123 [31mtotal : 0.694336 [31mdiag_kl_1 : 0.091754 [31mdiag_kl_2 : 0.035605 [94mAcc_combined: 62.19 [94mAcc_c: 49.32 [94mAcc_g: 60.83 [92mF1_combined: 63.70 [92mF1_c: 33.67 [92mF1_g: 66.42 [95mCEU_cue_audio: 0.2430 [95mCEU_cue_video: 0.9172 [95mCEU_synergy: 0.1149 [95mCEU_coexistence: 0.9271 [97mS:[93m11.5%[97m([91m2.5c[97m-[94mF1:11.3%) [97mU1:[93m24.3%[97m([91m4.2c[97m) [97mU2:[93m91.7%[97m([91m26.8c[97m) [97mR:[93m92.7%[97m([91m29.5c[97m) [97mS-L: [92m0:[96m8% [92m1:[96m14%[39m [39m
2026-07-25 17:09:49,350 - Agent - INFO - [37mVal Epoch 25 step 25 with [31mce_loss_combined : 0.720683 [31mce_loss_c : 0.695956 [31mce_loss_g : 0.713389 [31mkl_synergy_rand_1 : 0.000133 [31mkl_synergy_rand_2 : 0.000161 [31mkl_synergy_1 : 0.000083 [31mkl_synergy_2 : 0.000159 [31mtotal : 0.721220 [31mdiag_kl_1 : 0.125321 [31mdiag_kl_2 : 0.051608 [94mAcc_combined: 61.94 [94mAcc_c: 51.16 [94mAcc_g: 61.12 [92mF1_combined: 63.31 [92mF1_c: 27.55 [92mF1_g: 66.97 [95mCEU_cue_audio: 0.2488 [95mCEU_cue_video: 0.8740 [95mCEU_synergy: 0.1816 [95mCEU_coexistence: 0.8966 [97mS:[93m18.1%[97m([91m4.0c[97m-[94mF1:17.6%) [97mU1:[93m24.9%[97m([91m4.3c[97m) [97mU2:[93m87.4%[97m([91m25.5c[97m) [97mR:[93m89.7%[97m([91m28.5c[97m) [97mS-L: [92m0:[96m30% [92m1:[96m9%[39m [39m
