Starting SynIB reference-ablation job
Python 3.10.19
/esat/smcdata/users/kkontras/Image_Dataset/no_backup/git/SynIB  (git a2fb4fd)
GPU 0: NVIDIA GeForce RTX 2080 Ti (UUID: GPU-ebe8a4fd-f875-2528-4ec3-792027cc02ae)
Executing: PYTHONPATH=src /esat/smcdata/users/kkontras/Image_Dataset/no_backup/envs/synergy_new/bin/python -m synib.entrypoints.train --config run/configs/rebuttal_ref_ablation/urfunny_synib.json --default_config run/configs/rebuttal_ref_ablation/urfunny_default.json --fold 0 --rmask random --l 0.001 --perturb_pmin 0.7 --perturb_fill ema --lr 0.001 --wd 0.001 --reference_type unimodal_anchor --ref_diag --start_over --tag REFABL_urfunny
Namespace(config='run/configs/rebuttal_ref_ablation/urfunny_synib.json', default_config='run/configs/rebuttal_ref_ablation/urfunny_default.json', fold='0', alpha=None, tanh_mode_beta=None, regby=None, batch_size=None, l='0.001', multil=None, lib=None, kmepoch=None, num_samples=None, contrcoeff=None, contr_type=None, shuffle_type=None, validate_with=None, num_classes=None, optim_method=None, ending_epoch=None, load_ongoing=None, recon_weight1=None, recon_weight2=None, recon_epochstages=None, recon_ensemblestages=None, lr='0.001', wd='0.001', cls=None, ironic_rate=None, perturb='random', perturb_fill='ema', perturb_pmax=None, perturb_pmin='0.7', perturb_lsparse=None, rmask='random', pmin=None, pmax=None, lsparse=None, debug_mask_stats=False, pre=False, frozen=False, tdqm_disable=False, start_over=True, no_model_save=False, num_layers=None, grad_accum=None, init_from=None, init_strict=False, perturb_lsparse_sign=None, l_anneal_epochs=None, perturb_steps=None, perturb_lsparse_warmup=None, perturb_lsparse_schedule=None, persist_ell=False, save_masks=False, penalty_swap=False, disable_ce_random=False, disable_kl_learned=False, masking_only=False, modality_dropout=None, modality_dropout_target=None, l_z1_masked=None, l_z2_masked=None, l_pareto=None, reference_type='unimodal_anchor', ref_diag=True, ref_ema_decay=None, tag='REFABL_urfunny')
2026-07-25 16:08:13,247 - Config - INFO - run/configs/rebuttal_ref_ablation/urfunny_synib.json
2026-07-25 16:08:13,250 - Config - INFO -  THE Configuration of your experiment ..
{'agent': 'Agent',
 'dataset': {'data_roots': './src/synib/mydatasets/Factor_CL_Datasets/prepared/ur_funny/ur_funny_data.pkl',
             'data_type': 'humor',
             'dataloader_class': 'FactorCL_Dataloader',
             'kfold_data_roots': './src/synib/mydatasets/Factor_CL_Datasets/prepared/ur_funny/ur_funny_synergy3.pkl'},
 'early_stopping': {'end_of_epoch_check': True,
                    'log_interval': 10,
                    'max_epoch': 100,
                    'n_steps_stop': 30,
                    'n_steps_stop_after': 0,
                    'save_every_step': 3000,
                    'save_every_valstep': 50,
                    'validate_after': 0,
                    'validate_every': 185},
 'exp_name': 'UR-FUNNY Experiment',
 'model': {'args': {'bias_infusion': {'method': False},
                    'clip_grad': False,
                    'cls_type': 'mlp',
                    'd_model': 40,
                    'dropout': 0.1,
                    'fc_inner': 64,
                    'hidden_dim': 64,
                    'in_dim': 64,
                    'multi_loss': {'multi_supervised_w': {'c': 1,
                                                          'combined': 1,
                                                          'g': 1}},
                    'norm_decision': False,
                    'num_classes': 2},
           'ceu': {'test': './artifacts/ceus/ur_funny/ur_funny_ceu_test.pkl',
                   'val': './artifacts/ceus/ur_funny/ur_funny_ceu_val.pkl'},
           'encoders': [{'args': {'freeze_encoder': False,
                                  'hidden_size': 40,
                                  'modality': 'c',
                                  'n_features': 371,
                                  'num_classes': 2},
                         'model': 'FactorCL_Uni',
                         'pretrainedEncoder': {'dir': 'unimodal_video_fold{}_vldaccuracy_lr0.001_wd0.0001.pth.tar',
                                               'use': True}},
                        {'args': {'freeze_encoder': False,
                                  'hidden_size': 40,
                                  'modality': 'g',
                                  'n_features': 300,
                                  'num_classes': 2},
                         'model': 'FactorCL_Uni',
                         'pretrainedEncoder': {'dir': 'unimodal_text_fold{}_vldaccuracy_lr0.001_wd0.001.pth.tar',
                                               'use': True}}],
           'load_ongoing': False,
           'model_class': 'FusionIBModel_Mask',
           'save_base_dir': './artifacts/models/multibench/ur_funny/vt',
           'save_dir': 'SynIB_RMask_{}.pth.tar'},
 'optimizer': {'beta1': 0.9,
               'beta2': 0.999,
               'learning_rate': 0.0001,
               'momentum': 0.9,
               'type': 'Adam',
               'weight_decay': 0.0001},
 'scheduler': {'max_lr': 0.03, 'type': 'cosanneal', 'warm_up_steps': 780},
 'task': 'classification',
 'training_params': {'adversarial_training': {'adv_epsilon': 0.01,
                                              'use': False},
                     'async_loading': True,
                     'batch_size': 32,
                     'cuda': True,
                     'data_loader_workers': 8,
                     'gpu_device': [0],
                     'pin_memory': True,
                     'rec_test': True,
                     'res': True,
                     'seed': 109,
                     'tdqm_disable': False,
                     'test_batch_size': 32,
                     'test_on_bottoms': False,
                     'use_test_set': True,
                     'validation': True,
                     'verbose': True,
                     'wandb_disable': True}}
2026-07-25 16:08:13,252 - Config - INFO -  *************************************** 
2026-07-25 16:08:13,252 - Config - INFO - The experiment name is UR-FUNNY Experiment
2026-07-25 16:08:13,252 - Config - INFO -  *************************************** 
2026-07-25 16:08:13,252 - root - INFO - save_dir: SynIB_RMask_REFABL_urfunny_fold0_l0.001_perturbrandom_fillema_pmin0.7_refunimodal_anchor_lr0.001_wd0.001.pth.tar
2026-07-25 16:08:13,356 - Cuda Statistics - INFO - __Python VERSION:  3.10.19 (main, Oct 21 2025, 16:43:05) [GCC 11.2.0]
2026-07-25 16:08:13,356 - Cuda Statistics - INFO - __pyTorch VERSION:  2.9.1+cu128
2026-07-25 16:08:13,356 - Cuda Statistics - INFO - __CUDA VERSION
2026-07-25 16:08:13,357 - Cuda Statistics - INFO - __CUDNN VERSION:  91002
2026-07-25 16:08:13,387 - Cuda Statistics - INFO - __Number CUDA Devices:  1
2026-07-25 16:08:13,387 - Cuda Statistics - INFO - __Devices
2026-07-25 16:08:13,387 - Cuda Statistics - INFO - index, name, driver_version, memory.total [MiB], memory.used [MiB], memory.free [MiB]
2026-07-25 16:08:13,387 - Cuda Statistics - INFO - 0, NVIDIA GeForce RTX 2080 Ti, 610.43.03, 11264 MiB, 290 MiB, 10537 MiB
2026-07-25 16:08:13,390 - Cuda Statistics - INFO - Active CUDA Device: GPU 0
2026-07-25 16:08:13,391 - Cuda Statistics - INFO - Available devices  1
2026-07-25 16:08:13,391 - Cuda Statistics - INFO - Current cuda device  0
2026-07-25 16:08:24,181 - Agent - INFO - Device: cuda:0
2026-07-25 16:08:24,181 - Agent - INFO - Total training batches: 253, validate every 185 batches, steps per epoch: 2
2026-07-25 16:08:24,254 - Agent - INFO - Loss Weights are {'total': 1, 'combined': 1, 'c': 1, 'g': 1}
2026-07-25 16:08:24,254 - root - INFO - There is no CEU for train
2026-07-25 16:08:24,492 - root - INFO - Loading enc best model state dict from ./artifacts/models/multibench/ur_funny/vt/unimodal_video_fold0_vldaccuracy_lr0.001_wd0.0001.pth.tar
2026-07-25 16:08:24,736 - root - INFO - Loading enc best model state dict from ./artifacts/models/multibench/ur_funny/vt/unimodal_text_fold0_vldaccuracy_lr0.001_wd0.001.pth.tar
2026-07-25 16:08:24,983 - Agent - INFO - Total number of trainable parameters are: 5274476
2026-07-25 16:08:24,994 - Agent - INFO - Total number of trainable parameters are: 1767508
2026-07-25 16:09:24,661 - Evaluator - INFO - New best with loss-accuracy-syn_accuracy-
2026-07-25 16:09:24,662 - Agent - INFO - [37mVal Epoch 1 step 1 with [31mce_loss_combined : 0.682444 [31mce_loss_c : 0.695687 [31mce_loss_g : 0.695095 [31mkl_synergy_rand_1 : 0.000073 [31mkl_synergy_rand_2 : 0.000020 [31mkl_synergy_1 : 0.000050 [31mkl_synergy_2 : 0.000022 [31mtotal : 0.682610 [31mdiag_kl_1 : 0.068558 [31mdiag_kl_2 : 0.025474 [94mAcc_combined: 61.03 [94mAcc_c: 50.00 [94mAcc_g: 62.14 [92mF1_combined: 56.90 [92mF1_c: 9.77 [92mF1_g: 61.10 [95mCEU_cue_audio: 0.3776 [95mCEU_cue_video: 0.7303 [95mCEU_synergy: 0.0593 [95mCEU_coexistence: 0.9722 [97mS:[93m5.9%[97m([91m1.1c[97m-[94mF1:5.6%) [97mU1:[93m37.8%[97m([91m7.2c[97m) [97mU2:[93m73.0%[97m([91m23.3c[97m) [97mR:[93m97.2%[97m([91m30.4c[97m) [97mS-L: [92m0:[96m21%[39m [39m
2026-07-25 16:09:24,689 - Agent - INFO - [37mTest Epoch 1 step 1 with [31mce_loss_combined : 0.641767 [31mce_loss_c : 0.686878 [31mce_loss_g : 0.650296 [31mkl_synergy_rand_1 : 0.000072 [31mkl_synergy_rand_2 : 0.000021 [31mkl_synergy_1 : 0.000054 [31mkl_synergy_2 : 0.000023 [31mtotal : 0.641936 [31mdiag_kl_1 : 0.067478 [31mdiag_kl_2 : 0.026959 [94mAcc_combined: 62.19 [94mAcc_c: 50.00 [94mAcc_g: 61.44 [92mF1_combined: 58.42 [92mF1_c: 10.03 [92mF1_g: 60.54 [95mCEU_cue_audio: 0.3042 [95mCEU_cue_video: 0.7386 [95mCEU_synergy: 0.0830 [95mCEU_coexistence: 0.9605 [97mS:[93m8.3%[97m([91m1.4c[97m-[94mF1:7.7%) [97mU1:[93m30.4%[97m([91m6.2c[97m) [97mU2:[93m73.9%[97m([91m21.4c[97m) [97mR:[93m96.0%[97m([91m32.1c[97m) [97mS-L: [92m0:[96m26%[39m [39m
2026-07-25 16:09:25,139 - Agent - INFO - [37mModel saved successfully at: ./artifacts/models/multibench/ur_funny/vt/SynIB_RMask_REFABL_urfunny_fold0_l0.001_perturbrandom_fillema_pmin0.7_refunimodal_anchor_lr0.001_wd0.001.pth.tar[39m
2026-07-25 16:10:25,666 - Evaluator - INFO - New best with accuracy-
2026-07-25 16:10:25,666 - Agent - INFO - [37mVal Epoch 2 step 2 with [31mce_loss_combined : 0.708079 [31mce_loss_c : 0.696886 [31mce_loss_g : 0.715672 [31mkl_synergy_rand_1 : 0.000137 [31mkl_synergy_rand_2 : 0.000020 [31mkl_synergy_1 : 0.000084 [31mkl_synergy_2 : 0.000023 [31mtotal : 0.708343 [31mdiag_kl_1 : 0.134801 [31mdiag_kl_2 : 0.023162 [94mAcc_combined: 61.65 [94mAcc_c: 50.29 [94mAcc_g: 61.61 [92mF1_combined: 58.72 [92mF1_c: 5.69 [92mF1_g: 60.85 [95mCEU_cue_audio: 0.1888 [95mCEU_cue_video: 0.8333 [95mCEU_synergy: 0.0106 [95mCEU_coexistence: 0.9846 [97mS:[93m1.1%[97m([91m0.2c[97m-[94mF1:1.1%) [97mU1:[93m18.9%[97m([91m3.6c[97m) [97mU2:[93m83.3%[97m([91m26.6c[97m) [97mR:[93m98.5%[97m([91m30.8c[97m) [97mS-L: [92m1:[96m2%[39m [39m
2026-07-25 16:10:25,693 - Agent - INFO - [37mTest Epoch 2 step 2 with [31mce_loss_combined : 0.659649 [31mce_loss_c : 0.685357 [31mce_loss_g : 0.671536 [31mkl_synergy_rand_1 : 0.000143 [31mkl_synergy_rand_2 : 0.000022 [31mkl_synergy_1 : 0.000084 [31mkl_synergy_2 : 0.000023 [31mtotal : 0.659921 [31mdiag_kl_1 : 0.138875 [31mdiag_kl_2 : 0.023567 [94mAcc_combined: 62.38 [94mAcc_c: 50.99 [94mAcc_g: 62.05 [92mF1_combined: 59.76 [92mF1_c: 7.16 [92mF1_g: 61.19 [95mCEU_cue_audio: 0.1799 [95mCEU_cue_video: 0.8596 [95mCEU_synergy: 0.0275 [95mCEU_coexistence: 0.9943 [97mS:[93m2.8%[97m([91m0.5c[97m-[94mF1:2.7%) [97mU1:[93m18.0%[97m([91m3.7c[97m) [97mU2:[93m85.9%[97m([91m24.9c[97m) [97mR:[93m99.4%[97m([91m33.3c[97m) [97mS-L: [92m0:[96m7% [92m1:[96m1%[39m [39m
2026-07-25 16:10:26,432 - Agent - INFO - [37mModel saved successfully at: ./artifacts/models/multibench/ur_funny/vt/SynIB_RMask_REFABL_urfunny_fold0_l0.001_perturbrandom_fillema_pmin0.7_refunimodal_anchor_lr0.001_wd0.001.pth.tar[39m
2026-07-25 16:11:27,434 - Evaluator - INFO - New best with loss-accuracy-
2026-07-25 16:11:27,434 - Agent - INFO - [37mVal Epoch 3 step 3 with [31mce_loss_combined : 0.677831 [31mce_loss_c : 0.695075 [31mce_loss_g : 0.684335 [31mkl_synergy_rand_1 : 0.000098 [31mkl_synergy_rand_2 : 0.000007 [31mkl_synergy_1 : 0.000057 [31mkl_synergy_2 : 0.000006 [31mtotal : 0.677999 [31mdiag_kl_1 : 0.098764 [31mdiag_kl_2 : 0.013894 [94mAcc_combined: 62.23 [94mAcc_c: 50.29 [94mAcc_g: 63.59 [92mF1_combined: 61.05 [92mF1_c: 5.69 [92mF1_g: 62.70 [95mCEU_cue_audio: 0.1530 [95mCEU_cue_video: 0.8941 [95mCEU_synergy: 0.0380 [95mCEU_coexistence: 0.9722 [97mS:[93m3.8%[97m([91m0.7c[97m-[94mF1:3.7%) [97mU1:[93m15.3%[97m([91m2.9c[97m) [97mU2:[93m89.4%[97m([91m28.5c[97m) [97mR:[93m97.2%[97m([91m30.4c[97m) [97mS-L: [92m0:[96m2% [92m1:[96m5%[39m [39m
2026-07-25 16:11:27,461 - Agent - INFO - [37mTest Epoch 3 step 3 with [31mce_loss_combined : 0.634596 [31mce_loss_c : 0.685441 [31mce_loss_g : 0.644218 [31mkl_synergy_rand_1 : 0.000103 [31mkl_synergy_rand_2 : 0.000008 [31mkl_synergy_1 : 0.000055 [31mkl_synergy_2 : 0.000007 [31mtotal : 0.634770 [31mdiag_kl_1 : 0.102324 [31mdiag_kl_2 : 0.016701 [94mAcc_combined: 63.33 [94mAcc_c: 50.99 [94mAcc_g: 62.95 [92mF1_combined: 62.66 [92mF1_c: 7.16 [92mF1_g: 62.02 [95mCEU_cue_audio: 0.1429 [95mCEU_cue_video: 0.8987 [95mCEU_synergy: 0.0719 [95mCEU_coexistence: 0.9916 [97mS:[93m7.2%[97m([91m1.2c[97m-[94mF1:7.2%) [97mU1:[93m14.3%[97m([91m2.9c[97m) [97mU2:[93m89.9%[97m([91m26.0c[97m) [97mR:[93m99.2%[97m([91m33.2c[97m) [97mS-L: [92m0:[96m9% [92m1:[96m7%[39m [39m
2026-07-25 16:11:28,239 - Agent - INFO - [37mModel saved successfully at: ./artifacts/models/multibench/ur_funny/vt/SynIB_RMask_REFABL_urfunny_fold0_l0.001_perturbrandom_fillema_pmin0.7_refunimodal_anchor_lr0.001_wd0.001.pth.tar[39m
2026-07-25 16:12:29,032 - Agent - INFO - [37mVal Epoch 4 step 4 with [31mce_loss_combined : 0.694980 [31mce_loss_c : 0.697455 [31mce_loss_g : 0.690713 [31mkl_synergy_rand_1 : 0.000129 [31mkl_synergy_rand_2 : 0.000006 [31mkl_synergy_1 : 0.000084 [31mkl_synergy_2 : 0.000006 [31mtotal : 0.695205 [31mdiag_kl_1 : 0.130064 [31mdiag_kl_2 : 0.016600 [94mAcc_combined: 62.04 [94mAcc_c: 50.29 [94mAcc_g: 62.77 [92mF1_combined: 60.73 [92mF1_c: 5.69 [92mF1_g: 61.84 [95mCEU_cue_audio: 0.1582 [95mCEU_cue_video: 0.8575 [95mCEU_synergy: 0.0380 [95mCEU_coexistence: 0.9690 [97mS:[93m3.8%[97m([91m0.7c[97m-[94mF1:3.8%) [97mU1:[93m15.8%[97m([91m3.0c[97m) [97mU2:[93m85.8%[97m([91m27.4c[97m) [97mR:[93m96.9%[97m([91m30.3c[97m) [97mS-L: [92m0:[96m4% [92m1:[96m4%[39m [39m
2026-07-25 16:13:30,363 - Agent - INFO - [37mVal Epoch 5 step 5 with [31mce_loss_combined : 0.681802 [31mce_loss_c : 0.700499 [31mce_loss_g : 0.682092 [31mkl_synergy_rand_1 : 0.000086 [31mkl_synergy_rand_2 : 0.000011 [31mkl_synergy_1 : 0.000053 [31mkl_synergy_2 : 0.000011 [31mtotal : 0.681962 [31mdiag_kl_1 : 0.087783 [31mdiag_kl_2 : 0.015225 [94mAcc_combined: 60.69 [94mAcc_c: 50.29 [94mAcc_g: 61.51 [92mF1_combined: 60.78 [92mF1_c: 18.67 [92mF1_g: 60.08 [95mCEU_cue_audio: 0.1941 [95mCEU_cue_video: 0.8333 [95mCEU_synergy: 0.0430 [95mCEU_coexistence: 0.9475 [97mS:[93m4.3%[97m([91m0.8c[97m-[94mF1:4.3%) [97mU1:[93m19.4%[97m([91m3.7c[97m) [97mU2:[93m83.3%[97m([91m26.6c[97m) [97mR:[93m94.7%[97m([91m29.6c[97m) [97mS-L: [92m0:[96m4% [92m1:[96m5%[39m [39m
2026-07-25 16:14:31,153 - Agent - INFO - [37mVal Epoch 6 step 6 with [31mce_loss_combined : 0.756448 [31mce_loss_c : 0.699709 [31mce_loss_g : 0.742799 [31mkl_synergy_rand_1 : 0.000187 [31mkl_synergy_rand_2 : 0.000033 [31mkl_synergy_1 : 0.000114 [31mkl_synergy_2 : 0.000035 [31mtotal : 0.756816 [31mdiag_kl_1 : 0.183343 [31mdiag_kl_2 : 0.042303 [94mAcc_combined: 60.83 [94mAcc_c: 51.02 [94mAcc_g: 61.32 [92mF1_combined: 60.95 [92mF1_c: 16.63 [92mF1_g: 60.16 [95mCEU_cue_audio: 0.1683 [95mCEU_cue_video: 0.8606 [95mCEU_synergy: 0.0593 [95mCEU_coexistence: 0.9225 [97mS:[93m5.9%[97m([91m1.1c[97m-[94mF1:5.6%) [97mU1:[93m16.8%[97m([91m3.2c[97m) [97mU2:[93m86.1%[97m([91m27.5c[97m) [97mR:[93m92.3%[97m([91m28.8c[97m) [97mS-L: [92m1:[96m8%[39m [39m
2026-07-25 16:15:32,187 - Evaluator - INFO - New best with syn_accuracy-
2026-07-25 16:15:32,188 - Agent - INFO - [37mVal Epoch 7 step 7 with [31mce_loss_combined : 0.705373 [31mce_loss_c : 0.698650 [31mce_loss_g : 0.699329 [31mkl_synergy_rand_1 : 0.000127 [31mkl_synergy_rand_2 : 0.000008 [31mkl_synergy_1 : 0.000081 [31mkl_synergy_2 : 0.000007 [31mtotal : 0.705596 [31mdiag_kl_1 : 0.127304 [31mdiag_kl_2 : 0.022448 [94mAcc_combined: 61.80 [94mAcc_c: 50.48 [94mAcc_g: 62.38 [92mF1_combined: 61.43 [92mF1_c: 11.72 [92mF1_g: 61.10 [95mCEU_cue_audio: 0.1888 [95mCEU_cue_video: 0.8393 [95mCEU_synergy: 0.0704 [95mCEU_coexistence: 0.9475 [97mS:[93m7.0%[97m([91m1.3c[97m-[94mF1:6.7%) [97mU1:[93m18.9%[97m([91m3.6c[97m) [97mU2:[93m83.9%[97m([91m26.8c[97m) [97mR:[93m94.7%[97m([91m29.6c[97m) [97mS-L: [92m0:[96m2% [92m1:[96m9%[39m [39m
2026-07-25 16:15:32,215 - Agent - INFO - [37mTest Epoch 7 step 7 with [31mce_loss_combined : 0.661834 [31mce_loss_c : 0.685167 [31mce_loss_g : 0.663316 [31mkl_synergy_rand_1 : 0.000145 [31mkl_synergy_rand_2 : 0.000006 [31mkl_synergy_1 : 0.000073 [31mkl_synergy_2 : 0.000006 [31mtotal : 0.662065 [31mdiag_kl_1 : 0.146851 [31mdiag_kl_2 : 0.018113 [94mAcc_combined: 62.90 [94mAcc_c: 51.18 [94mAcc_g: 61.91 [92mF1_combined: 62.81 [92mF1_c: 14.13 [92mF1_g: 60.68 [95mCEU_cue_audio: 0.2072 [95mCEU_cue_video: 0.8921 [95mCEU_synergy: 0.0719 [95mCEU_coexistence: 0.9716 [97mS:[93m7.2%[97m([91m1.2c[97m-[94mF1:6.7%) [97mU1:[93m20.7%[97m([91m4.3c[97m) [97mU2:[93m89.2%[97m([91m25.8c[97m) [97mR:[93m97.2%[97m([91m32.5c[97m) [97mS-L: [92m1:[96m11%[39m [39m
2026-07-25 16:15:32,986 - Agent - INFO - [37mModel saved successfully at: ./artifacts/models/multibench/ur_funny/vt/SynIB_RMask_REFABL_urfunny_fold0_l0.001_perturbrandom_fillema_pmin0.7_refunimodal_anchor_lr0.001_wd0.001.pth.tar[39m
2026-07-25 16:16:33,971 - Agent - INFO - [37mVal Epoch 8 step 8 with [31mce_loss_combined : 0.714222 [31mce_loss_c : 0.698120 [31mce_loss_g : 0.705451 [31mkl_synergy_rand_1 : 0.000148 [31mkl_synergy_rand_2 : 0.000006 [31mkl_synergy_1 : 0.000092 [31mkl_synergy_2 : 0.000007 [31mtotal : 0.714475 [31mdiag_kl_1 : 0.148543 [31mdiag_kl_2 : 0.025515 [94mAcc_combined: 62.09 [94mAcc_c: 50.58 [94mAcc_g: 62.33 [92mF1_combined: 61.53 [92mF1_c: 11.74 [92mF1_g: 61.15 [95mCEU_cue_audio: 0.1989 [95mCEU_cue_video: 0.8424 [95mCEU_synergy: 0.0542 [95mCEU_coexistence: 0.9504 [97mS:[93m5.4%[97m([91m1.0c[97m-[94mF1:5.2%) [97mU1:[93m19.9%[97m([91m3.8c[97m) [97mU2:[93m84.2%[97m([91m26.9c[97m) [97mR:[93m95.0%[97m([91m29.7c[97m) [97mS-L: [92m0:[96m2% [92m1:[96m7%[39m [39m
2026-07-25 16:17:34,127 - Agent - INFO - [37mVal Epoch 9 step 9 with [31mce_loss_combined : 0.696196 [31mce_loss_c : 0.696865 [31mce_loss_g : 0.697915 [31mkl_synergy_rand_1 : 0.000075 [31mkl_synergy_rand_2 : 0.000028 [31mkl_synergy_1 : 0.000048 [31mkl_synergy_2 : 0.000030 [31mtotal : 0.696377 [31mdiag_kl_1 : 0.069676 [31mdiag_kl_2 : 0.030667 [94mAcc_combined: 61.36 [94mAcc_c: 50.29 [94mAcc_g: 62.33 [92mF1_combined: 61.53 [92mF1_c: 5.69 [92mF1_g: 59.95 [95mCEU_cue_audio: 0.4235 [95mCEU_cue_video: 0.6970 [95mCEU_synergy: 0.0380 [95mCEU_coexistence: 0.9782 [97mS:[93m3.8%[97m([91m0.7c[97m-[94mF1:3.8%) [97mU1:[93m42.3%[97m([91m8.0c[97m) [97mU2:[93m69.7%[97m([91m22.2c[97m) [97mR:[93m97.8%[97m([91m30.6c[97m) [97mS-L: [92m0:[96m9% [92m1:[96m2%[39m [39m
2026-07-25 16:18:31,853 - Evaluator - INFO - New best with syn_accuracy-
2026-07-25 16:18:31,853 - Agent - INFO - [37mVal Epoch 10 step 10 with [31mce_loss_combined : 0.682666 [31mce_loss_c : 0.696844 [31mce_loss_g : 0.685115 [31mkl_synergy_rand_1 : 0.000090 [31mkl_synergy_rand_2 : 0.000026 [31mkl_synergy_1 : 0.000059 [31mkl_synergy_2 : 0.000025 [31mtotal : 0.682868 [31mdiag_kl_1 : 0.097157 [31mdiag_kl_2 : 0.037249 [94mAcc_combined: 61.32 [94mAcc_c: 50.00 [94mAcc_g: 61.70 [92mF1_combined: 61.24 [92mF1_c: 9.77 [92mF1_g: 60.32 [95mCEU_cue_audio: 0.1784 [95mCEU_cue_video: 0.8847 [95mCEU_synergy: 0.1677 [95mCEU_coexistence: 0.8515 [97mS:[93m16.8%[97m([91m3.0c[97m-[94mF1:15.2%) [97mU1:[93m17.9%[97m([91m3.4c[97m) [97mU2:[93m88.5%[97m([91m28.2c[97m) [97mR:[93m85.1%[97m([91m26.6c[97m) [97mS-L: [92m0:[96m6% [92m1:[96m21%[39m [39m
2026-07-25 16:18:31,880 - Agent - INFO - [37mTest Epoch 10 step 10 with [31mce_loss_combined : 0.668005 [31mce_loss_c : 0.684688 [31mce_loss_g : 0.671344 [31mkl_synergy_rand_1 : 0.000094 [31mkl_synergy_rand_2 : 0.000035 [31mkl_synergy_1 : 0.000060 [31mkl_synergy_2 : 0.000031 [31mtotal : 0.668224 [31mdiag_kl_1 : 0.101429 [31mdiag_kl_2 : 0.040052 [94mAcc_combined: 61.67 [94mAcc_c: 50.00 [94mAcc_g: 61.58 [92mF1_combined: 61.58 [92mF1_c: 10.03 [92mF1_g: 60.09 [95mCEU_cue_audio: 0.1429 [95mCEU_cue_video: 0.9053 [95mCEU_synergy: 0.1877 [95mCEU_coexistence: 0.8730 [97mS:[93m18.8%[97m([91m3.2c[97m-[94mF1:17.8%) [97mU1:[93m14.3%[97m([91m2.9c[97m) [97mU2:[93m90.5%[97m([91m26.2c[97m) [97mR:[93m87.3%[97m([91m29.2c[97m) [97mS-L: [92m0:[96m12% [92m1:[96m22%[39m [39m
2026-07-25 16:18:32,655 - Agent - INFO - [37mModel saved successfully at: ./artifacts/models/multibench/ur_funny/vt/SynIB_RMask_REFABL_urfunny_fold0_l0.001_perturbrandom_fillema_pmin0.7_refunimodal_anchor_lr0.001_wd0.001.pth.tar[39m
2026-07-25 16:19:33,424 - Agent - INFO - [37mVal Epoch 11 step 11 with [31mce_loss_combined : 0.697057 [31mce_loss_c : 0.696135 [31mce_loss_g : 0.689851 [31mkl_synergy_rand_1 : 0.000102 [31mkl_synergy_rand_2 : 0.000015 [31mkl_synergy_1 : 0.000065 [31mkl_synergy_2 : 0.000017 [31mtotal : 0.697256 [31mdiag_kl_1 : 0.098696 [31mdiag_kl_2 : 0.023645 [94mAcc_combined: 62.14 [94mAcc_c: 50.29 [94mAcc_g: 62.86 [92mF1_combined: 61.86 [92mF1_c: 8.38 [92mF1_g: 61.17 [95mCEU_cue_audio: 0.4285 [95mCEU_cue_video: 0.7060 [95mCEU_synergy: 0.0917 [95mCEU_coexistence: 0.9661 [97mS:[93m9.2%[97m([91m1.6c[97m-[94mF1:9.1%) [97mU1:[93m42.9%[97m([91m8.1c[97m) [97mU2:[93m70.6%[97m([91m22.5c[97m) [97mR:[93m96.6%[97m([91m30.2c[97m) [97mS-L: [92m0:[96m21% [92m1:[96m5%[39m [39m
2026-07-25 16:20:33,023 - Evaluator - INFO - New best with accuracy-
2026-07-25 16:20:33,023 - Agent - INFO - [37mVal Epoch 12 step 12 with [31mce_loss_combined : 0.719286 [31mce_loss_c : 0.694651 [31mce_loss_g : 0.711648 [31mkl_synergy_rand_1 : 0.000147 [31mkl_synergy_rand_2 : 0.000013 [31mkl_synergy_1 : 0.000091 [31mkl_synergy_2 : 0.000014 [31mtotal : 0.719551 [31mdiag_kl_1 : 0.146779 [31mdiag_kl_2 : 0.031604 [94mAcc_combined: 62.81 [94mAcc_c: 50.29 [94mAcc_g: 63.20 [92mF1_combined: 62.25 [92mF1_c: 5.69 [92mF1_g: 62.16 [95mCEU_cue_audio: 0.3318 [95mCEU_cue_video: 0.7728 [95mCEU_synergy: 0.1353 [95mCEU_coexistence: 0.9443 [97mS:[93m13.5%[97m([91m2.4c[97m-[94mF1:13.3%) [97mU1:[93m33.2%[97m([91m6.3c[97m) [97mU2:[93m77.3%[97m([91m24.7c[97m) [97mR:[93m94.4%[97m([91m29.5c[97m) [97mS-L: [92m0:[96m32% [92m1:[96m6%[39m [39m
2026-07-25 16:20:33,050 - Agent - INFO - [37mTest Epoch 12 step 12 with [31mce_loss_combined : 0.674184 [31mce_loss_c : 0.685982 [31mce_loss_g : 0.674891 [31mkl_synergy_rand_1 : 0.000159 [31mkl_synergy_rand_2 : 0.000014 [31mkl_synergy_1 : 0.000084 [31mkl_synergy_2 : 0.000014 [31mtotal : 0.674456 [31mdiag_kl_1 : 0.155708 [31mdiag_kl_2 : 0.028813 [94mAcc_combined: 61.48 [94mAcc_c: 50.99 [94mAcc_g: 61.11 [92mF1_combined: 60.91 [92mF1_c: 7.16 [92mF1_g: 60.03 [95mCEU_cue_audio: 0.2813 [95mCEU_cue_video: 0.7974 [95mCEU_synergy: 0.1158 [95mCEU_coexistence: 0.9265 [97mS:[93m11.6%[97m([91m2.0c[97m-[94mF1:11.0%) [97mU1:[93m28.1%[97m([91m5.8c[97m) [97mU2:[93m79.7%[97m([91m23.1c[97m) [97mR:[93m92.7%[97m([91m31.0c[97m) [97mS-L: [92m0:[96m31% [92m1:[96m2%[39m [39m
2026-07-25 16:20:34,027 - Agent - INFO - [37mModel saved successfully at: ./artifacts/models/multibench/ur_funny/vt/SynIB_RMask_REFABL_urfunny_fold0_l0.001_perturbrandom_fillema_pmin0.7_refunimodal_anchor_lr0.001_wd0.001.pth.tar[39m
2026-07-25 16:21:33,399 - Agent - INFO - [37mVal Epoch 13 step 13 with [31mce_loss_combined : 0.707534 [31mce_loss_c : 0.697300 [31mce_loss_g : 0.708591 [31mkl_synergy_rand_1 : 0.000139 [31mkl_synergy_rand_2 : 0.000010 [31mkl_synergy_1 : 0.000083 [31mkl_synergy_2 : 0.000010 [31mtotal : 0.707776 [31mdiag_kl_1 : 0.134313 [31mdiag_kl_2 : 0.027379 [94mAcc_combined: 62.62 [94mAcc_c: 50.29 [94mAcc_g: 63.73 [92mF1_combined: 62.57 [92mF1_c: 5.69 [92mF1_g: 62.35 [95mCEU_cue_audio: 0.3265 [95mCEU_cue_video: 0.7666 [95mCEU_synergy: 0.0755 [95mCEU_coexistence: 0.9629 [97mS:[93m7.6%[97m([91m1.4c[97m-[94mF1:7.6%) [97mU1:[93m32.7%[97m([91m6.2c[97m) [97mU2:[93m76.7%[97m([91m24.5c[97m) [97mR:[93m96.3%[97m([91m30.1c[97m) [97mS-L: [92m0:[96m13% [92m1:[96m5%[39m [39m
2026-07-25 16:22:32,906 - Evaluator - INFO - New best with accuracy-
2026-07-25 16:22:32,906 - Agent - INFO - [37mVal Epoch 14 step 14 with [31mce_loss_combined : 0.728795 [31mce_loss_c : 0.696902 [31mce_loss_g : 0.719641 [31mkl_synergy_rand_1 : 0.000161 [31mkl_synergy_rand_2 : 0.000008 [31mkl_synergy_1 : 0.000098 [31mkl_synergy_2 : 0.000008 [31mtotal : 0.729069 [31mdiag_kl_1 : 0.159541 [31mdiag_kl_2 : 0.040371 [94mAcc_combined: 63.06 [94mAcc_c: 50.29 [94mAcc_g: 62.72 [92mF1_combined: 63.09 [92mF1_c: 5.69 [92mF1_g: 61.58 [95mCEU_cue_audio: 0.3318 [95mCEU_cue_video: 0.7848 [95mCEU_synergy: 0.1029 [95mCEU_coexistence: 0.9443 [97mS:[93m10.3%[97m([91m1.8c[97m-[94mF1:10.3%) [97mU1:[93m33.2%[97m([91m6.3c[97m) [97mU2:[93m78.5%[97m([91m25.0c[97m) [97mR:[93m94.4%[97m([91m29.5c[97m) [97mS-L: [92m0:[96m17% [92m1:[96m8%[39m [39m
2026-07-25 16:22:32,933 - Agent - INFO - [37mTest Epoch 14 step 14 with [31mce_loss_combined : 0.679638 [31mce_loss_c : 0.684910 [31mce_loss_g : 0.678437 [31mkl_synergy_rand_1 : 0.000164 [31mkl_synergy_rand_2 : 0.000008 [31mkl_synergy_1 : 0.000099 [31mkl_synergy_2 : 0.000007 [31mtotal : 0.679915 [31mdiag_kl_1 : 0.160631 [31mdiag_kl_2 : 0.032672 [94mAcc_combined: 61.20 [94mAcc_c: 50.99 [94mAcc_g: 60.78 [92mF1_combined: 60.89 [92mF1_c: 7.16 [92mF1_g: 59.59 [95mCEU_cue_audio: 0.2672 [95mCEU_cue_video: 0.7842 [95mCEU_synergy: 0.1269 [95mCEU_coexistence: 0.9295 [97mS:[93m12.7%[97m([91m2.2c[97m-[94mF1:12.6%) [97mU1:[93m26.7%[97m([91m5.5c[97m) [97mU2:[93m78.4%[97m([91m22.7c[97m) [97mR:[93m92.9%[97m([91m31.1c[97m) [97mS-L: [92m0:[96m24% [92m1:[96m7%[39m [39m
2026-07-25 16:22:33,952 - Agent - INFO - [37mModel saved successfully at: ./artifacts/models/multibench/ur_funny/vt/SynIB_RMask_REFABL_urfunny_fold0_l0.001_perturbrandom_fillema_pmin0.7_refunimodal_anchor_lr0.001_wd0.001.pth.tar[39m
2026-07-25 16:23:34,661 - Agent - INFO - [37mVal Epoch 15 step 15 with [31mce_loss_combined : 0.732653 [31mce_loss_c : 0.697122 [31mce_loss_g : 0.724897 [31mkl_synergy_rand_1 : 0.000161 [31mkl_synergy_rand_2 : 0.000008 [31mkl_synergy_1 : 0.000104 [31mkl_synergy_2 : 0.000009 [31mtotal : 0.732934 [31mdiag_kl_1 : 0.155368 [31mdiag_kl_2 : 0.041158 [94mAcc_combined: 62.43 [94mAcc_c: 50.29 [94mAcc_g: 62.96 [92mF1_combined: 62.52 [92mF1_c: 5.69 [92mF1_g: 61.74 [95mCEU_cue_audio: 0.3520 [95mCEU_cue_video: 0.7455 [95mCEU_synergy: 0.1135 [95mCEU_coexistence: 0.9475 [97mS:[93m11.4%[97m([91m2.0c[97m-[94mF1:11.3%) [97mU1:[93m35.2%[97m([91m6.7c[97m) [97mU2:[93m74.5%[97m([91m23.8c[97m) [97mR:[93m94.7%[97m([91m29.6c[97m) [97mS-L: [92m0:[96m21% [92m1:[96m8%[39m [39m
2026-07-25 16:24:33,885 - Agent - INFO - [37mVal Epoch 16 step 16 with [31mce_loss_combined : 0.745493 [31mce_loss_c : 0.697512 [31mce_loss_g : 0.734558 [31mkl_synergy_rand_1 : 0.000176 [31mkl_synergy_rand_2 : 0.000007 [31mkl_synergy_1 : 0.000107 [31mkl_synergy_2 : 0.000007 [31mtotal : 0.745790 [31mdiag_kl_1 : 0.174070 [31mdiag_kl_2 : 0.049254 [94mAcc_combined: 62.43 [94mAcc_c: 50.58 [94mAcc_g: 63.10 [92mF1_combined: 62.41 [92mF1_c: 11.74 [92mF1_g: 61.91 [95mCEU_cue_audio: 0.3112 [95mCEU_cue_video: 0.7910 [95mCEU_synergy: 0.0973 [95mCEU_coexistence: 0.9504 [97mS:[93m9.7%[97m([91m1.7c[97m-[94mF1:9.6%) [97mU1:[93m31.1%[97m([91m5.9c[97m) [97mU2:[93m79.1%[97m([91m25.2c[97m) [97mR:[93m95.0%[97m([91m29.7c[97m) [97mS-L: [92m0:[96m9% [92m1:[96m10%[39m [39m
2026-07-25 16:25:33,624 - Agent - INFO - [37mVal Epoch 17 step 17 with [31mce_loss_combined : 0.687868 [31mce_loss_c : 0.697563 [31mce_loss_g : 0.688566 [31mkl_synergy_rand_1 : 0.000079 [31mkl_synergy_rand_2 : 0.000017 [31mkl_synergy_1 : 0.000049 [31mkl_synergy_2 : 0.000018 [31mtotal : 0.688030 [31mdiag_kl_1 : 0.078534 [31mdiag_kl_2 : 0.028662 [94mAcc_combined: 60.88 [94mAcc_c: 50.29 [94mAcc_g: 60.88 [92mF1_combined: 59.97 [92mF1_c: 5.69 [92mF1_g: 59.16 [95mCEU_cue_audio: 0.3265 [95mCEU_cue_video: 0.7484 [95mCEU_synergy: 0.0811 [95mCEU_coexistence: 0.9225 [97mS:[93m8.1%[97m([91m1.5c[97m-[94mF1:8.1%) [97mU1:[93m32.7%[97m([91m6.2c[97m) [97mU2:[93m74.8%[97m([91m23.9c[97m) [97mR:[93m92.3%[97m([91m28.8c[97m) [97mS-L: [92m0:[96m11% [92m1:[96m7%[39m [39m
2026-07-25 16:26:33,626 - Evaluator - INFO - New best with syn_accuracy-
2026-07-25 16:26:33,626 - Agent - INFO - [37mVal Epoch 18 step 18 with [31mce_loss_combined : 0.697758 [31mce_loss_c : 0.697314 [31mce_loss_g : 0.696521 [31mkl_synergy_rand_1 : 0.000075 [31mkl_synergy_rand_2 : 0.000035 [31mkl_synergy_1 : 0.000053 [31mkl_synergy_2 : 0.000034 [31mtotal : 0.697954 [31mdiag_kl_1 : 0.083088 [31mdiag_kl_2 : 0.038089 [94mAcc_combined: 58.70 [94mAcc_c: 50.29 [94mAcc_g: 59.82 [92mF1_combined: 56.74 [92mF1_c: 5.69 [92mF1_g: 58.39 [95mCEU_cue_audio: 0.1836 [95mCEU_cue_video: 0.8455 [95mCEU_synergy: 0.2218 [95mCEU_coexistence: 0.7708 [97mS:[93m22.2%[97m([91m4.0c[97m-[94mF1:18.1%) [97mU1:[93m18.4%[97m([91m3.5c[97m) [97mU2:[93m84.5%[97m([91m27.0c[97m) [97mR:[93m77.1%[97m([91m24.1c[97m) [97mS-L: [92m1:[96m31%[39m [39m
2026-07-25 16:26:33,653 - Agent - INFO - [37mTest Epoch 18 step 18 with [31mce_loss_combined : 0.661874 [31mce_loss_c : 0.688756 [31mce_loss_g : 0.663844 [31mkl_synergy_rand_1 : 0.000075 [31mkl_synergy_rand_2 : 0.000038 [31mkl_synergy_1 : 0.000045 [31mkl_synergy_2 : 0.000037 [31mtotal : 0.662069 [31mdiag_kl_1 : 0.082325 [31mdiag_kl_2 : 0.039234 [94mAcc_combined: 62.19 [94mAcc_c: 50.99 [94mAcc_g: 62.15 [92mF1_combined: 60.40 [92mF1_c: 7.16 [92mF1_g: 60.56 [95mCEU_cue_audio: 0.2306 [95mCEU_cue_video: 0.8659 [95mCEU_synergy: 0.2595 [95mCEU_coexistence: 0.8249 [97mS:[93m26.0%[97m([91m4.4c[97m-[94mF1:20.6%) [97mU1:[93m23.0%[97m([91m4.7c[97m) [97mU2:[93m86.6%[97m([91m25.0c[97m) [97mR:[93m82.5%[97m([91m27.6c[97m) [97mS-L: [92m1:[96m38%[39m [39m
2026-07-25 16:26:34,662 - Agent - INFO - [37mModel saved successfully at: ./artifacts/models/multibench/ur_funny/vt/SynIB_RMask_REFABL_urfunny_fold0_l0.001_perturbrandom_fillema_pmin0.7_refunimodal_anchor_lr0.001_wd0.001.pth.tar[39m
2026-07-25 16:27:34,612 - Evaluator - INFO - New best with syn_accuracy-
2026-07-25 16:27:34,613 - Agent - INFO - [37mVal Epoch 19 step 19 with [31mce_loss_combined : 0.717800 [31mce_loss_c : 0.714383 [31mce_loss_g : 0.714566 [31mkl_synergy_rand_1 : 0.000114 [31mkl_synergy_rand_2 : 0.000040 [31mkl_synergy_1 : 0.000071 [31mkl_synergy_2 : 0.000033 [31mtotal : 0.718059 [31mdiag_kl_1 : 0.121178 [31mdiag_kl_2 : 0.050299 [94mAcc_combined: 58.51 [94mAcc_c: 49.61 [94mAcc_g: 60.74 [92mF1_combined: 57.73 [92mF1_c: 29.12 [92mF1_g: 59.56 [95mCEU_cue_audio: 0.2094 [95mCEU_cue_video: 0.8211 [95mCEU_synergy: 0.2812 [95mCEU_coexistence: 0.7522 [97mS:[93m28.1%[97m([91m5.0c[97m-[94mF1:21.9%) [97mU1:[93m20.9%[97m([91m4.0c[97m) [97mU2:[93m82.1%[97m([91m26.2c[97m) [97mR:[93m75.2%[97m([91m23.5c[97m) [97mS-L: [92m1:[96m39%[39m [39m
2026-07-25 16:27:34,640 - Agent - INFO - [37mTest Epoch 19 step 19 with [31mce_loss_combined : 0.669496 [31mce_loss_c : 0.699476 [31mce_loss_g : 0.667640 [31mkl_synergy_rand_1 : 0.000115 [31mkl_synergy_rand_2 : 0.000041 [31mkl_synergy_1 : 0.000069 [31mkl_synergy_2 : 0.000035 [31mtotal : 0.669757 [31mdiag_kl_1 : 0.122088 [31mdiag_kl_2 : 0.049685 [94mAcc_combined: 60.35 [94mAcc_c: 52.65 [94mAcc_g: 62.05 [92mF1_combined: 59.72 [92mF1_c: 33.73 [92mF1_g: 61.15 [95mCEU_cue_audio: 0.2350 [95mCEU_cue_video: 0.8202 [95mCEU_synergy: 0.2542 [95mCEU_coexistence: 0.8165 [97mS:[93m25.4%[97m([91m4.3c[97m-[94mF1:20.3%) [97mU1:[93m23.5%[97m([91m4.8c[97m) [97mU2:[93m82.0%[97m([91m23.7c[97m) [97mR:[93m81.6%[97m([91m27.3c[97m) [97mS-L: [92m1:[96m37%[39m [39m
2026-07-25 16:27:35,653 - Agent - INFO - [37mModel saved successfully at: ./artifacts/models/multibench/ur_funny/vt/SynIB_RMask_REFABL_urfunny_fold0_l0.001_perturbrandom_fillema_pmin0.7_refunimodal_anchor_lr0.001_wd0.001.pth.tar[39m
2026-07-25 16:28:36,417 - Agent - INFO - [37mVal Epoch 20 step 20 with [31mce_loss_combined : 0.697698 [31mce_loss_c : 0.694935 [31mce_loss_g : 0.699232 [31mkl_synergy_rand_1 : 0.000112 [31mkl_synergy_rand_2 : 0.000012 [31mkl_synergy_1 : 0.000066 [31mkl_synergy_2 : 0.000012 [31mtotal : 0.697900 [31mdiag_kl_1 : 0.112865 [31mdiag_kl_2 : 0.034344 [94mAcc_combined: 62.14 [94mAcc_c: 50.29 [94mAcc_g: 62.33 [92mF1_combined: 61.22 [92mF1_c: 5.69 [92mF1_g: 61.22 [95mCEU_cue_audio: 0.3571 [95mCEU_cue_video: 0.7970 [95mCEU_synergy: 0.1403 [95mCEU_coexistence: 0.8729 [97mS:[93m14.1%[97m([91m2.5c[97m-[94mF1:14.0%) [97mU1:[93m35.7%[97m([91m6.8c[97m) [97mU2:[93m79.7%[97m([91m25.4c[97m) [97mR:[93m87.3%[97m([91m27.3c[97m) [97mS-L: [92m0:[96m28% [92m1:[96m8%[39m [39m
2026-07-25 16:29:36,844 - Agent - INFO - [37mVal Epoch 21 step 21 with [31mce_loss_combined : 0.702285 [31mce_loss_c : 0.694646 [31mce_loss_g : 0.706702 [31mkl_synergy_rand_1 : 0.000102 [31mkl_synergy_rand_2 : 0.000012 [31mkl_synergy_1 : 0.000063 [31mkl_synergy_2 : 0.000012 [31mtotal : 0.702473 [31mdiag_kl_1 : 0.102943 [31mdiag_kl_2 : 0.032924 [94mAcc_combined: 61.99 [94mAcc_c: 50.29 [94mAcc_g: 61.56 [92mF1_combined: 60.46 [92mF1_c: 5.69 [92mF1_g: 60.11 [95mCEU_cue_audio: 0.3367 [95mCEU_cue_video: 0.7728 [95mCEU_synergy: 0.1403 [95mCEU_coexistence: 0.9225 [97mS:[93m14.1%[97m([91m2.5c[97m-[94mF1:14.1%) [97mU1:[93m33.7%[97m([91m6.4c[97m) [97mU2:[93m77.3%[97m([91m24.7c[97m) [97mR:[93m92.3%[97m([91m28.8c[97m) [97mS-L: [92m0:[96m25% [92m1:[96m10%[39m [39m
2026-07-25 16:30:37,077 - Agent - INFO - [37mVal Epoch 22 step 22 with [31mce_loss_combined : 0.715721 [31mce_loss_c : 0.695591 [31mce_loss_g : 0.704893 [31mkl_synergy_rand_1 : 0.000131 [31mkl_synergy_rand_2 : 0.000017 [31mkl_synergy_1 : 0.000079 [31mkl_synergy_2 : 0.000017 [31mtotal : 0.715964 [31mdiag_kl_1 : 0.128535 [31mdiag_kl_2 : 0.043546 [94mAcc_combined: 59.38 [94mAcc_c: 50.10 [94mAcc_g: 61.17 [92mF1_combined: 58.04 [92mF1_c: 10.42 [92mF1_g: 59.55 [95mCEU_cue_audio: 0.4438 [95mCEU_cue_video: 0.6485 [95mCEU_synergy: 0.1677 [95mCEU_coexistence: 0.8729 [97mS:[93m16.8%[97m([91m3.0c[97m-[94mF1:16.2%) [97mU1:[93m44.4%[97m([91m8.4c[97m) [97mU2:[93m64.8%[97m([91m20.7c[97m) [97mR:[93m87.3%[97m([91m27.3c[97m) [97mS-L: [92m0:[96m43% [92m1:[96m6%[39m [39m
2026-07-25 16:31:37,641 - Agent - INFO - [37mVal Epoch 23 step 23 with [31mce_loss_combined : 0.749714 [31mce_loss_c : 0.697732 [31mce_loss_g : 0.755113 [31mkl_synergy_rand_1 : 0.000165 [31mkl_synergy_rand_2 : 0.000020 [31mkl_synergy_1 : 0.000098 [31mkl_synergy_2 : 0.000019 [31mtotal : 0.750015 [31mdiag_kl_1 : 0.173582 [31mdiag_kl_2 : 0.063129 [94mAcc_combined: 59.04 [94mAcc_c: 50.44 [94mAcc_g: 59.43 [92mF1_combined: 58.09 [92mF1_c: 21.21 [92mF1_g: 57.99 [95mCEU_cue_audio: 0.2653 [95mCEU_cue_video: 0.8152 [95mCEU_synergy: 0.1297 [95mCEU_coexistence: 0.8297 [97mS:[93m13.0%[97m([91m2.3c[97m-[94mF1:11.5%) [97mU1:[93m26.5%[97m([91m5.0c[97m) [97mU2:[93m81.5%[97m([91m26.0c[97m) [97mR:[93m83.0%[97m([91m25.9c[97m) [97mS-L: [92m1:[96m18%[39m [39m
2026-07-25 16:32:37,946 - Agent - INFO - [37mVal Epoch 24 step 24 with [31mce_loss_combined : 0.738234 [31mce_loss_c : 0.695604 [31mce_loss_g : 0.744900 [31mkl_synergy_rand_1 : 0.000151 [31mkl_synergy_rand_2 : 0.000009 [31mkl_synergy_1 : 0.000086 [31mkl_synergy_2 : 0.000009 [31mtotal : 0.738490 [31mdiag_kl_1 : 0.151708 [31mdiag_kl_2 : 0.044259 [94mAcc_combined: 60.44 [94mAcc_c: 50.29 [94mAcc_g: 60.69 [92mF1_combined: 58.94 [92mF1_c: 5.69 [92mF1_g: 59.29 [95mCEU_cue_audio: 0.2859 [95mCEU_cue_video: 0.7879 [95mCEU_synergy: 0.0973 [95mCEU_coexistence: 0.8947 [97mS:[93m9.7%[97m([91m1.7c[97m-[94mF1:9.6%) [97mU1:[93m28.6%[97m([91m5.4c[97m) [97mU2:[93m78.8%[97m([91m25.1c[97m) [97mR:[93m89.5%[97m([91m27.9c[97m) [97mS-L: [92m0:[96m9% [92m1:[96m10%[39m [39m
2026-07-25 16:33:38,317 - Agent - INFO - [37mVal Epoch 25 step 25 with [31mce_loss_combined : 0.746631 [31mce_loss_c : 0.696350 [31mce_loss_g : 0.747466 [31mkl_synergy_rand_1 : 0.000166 [31mkl_synergy_rand_2 : 0.000011 [31mkl_synergy_1 : 0.000094 [31mkl_synergy_2 : 0.000010 [31mtotal : 0.746914 [31mdiag_kl_1 : 0.169874 [31mdiag_kl_2 : 0.059715 [94mAcc_combined: 59.86 [94mAcc_c: 50.29 [94mAcc_g: 60.35 [92mF1_combined: 58.54 [92mF1_c: 5.69 [92mF1_g: 58.96 [95mCEU_cue_audio: 0.3012 [95mCEU_cue_video: 0.8092 [95mCEU_synergy: 0.0811 [95mCEU_coexistence: 0.8636 [97mS:[93m8.1%[97m([91m1.5c[97m-[94mF1:7.7%) [97mU1:[93m30.1%[97m([91m5.7c[97m) [97mU2:[93m80.9%[97m([91m25.8c[97m) [97mR:[93m86.4%[97m([91m27.0c[97m) [97mS-L: [92m0:[96m2% [92m1:[96m11%[39m [39m
2026-07-25 16:34:38,930 - Agent - INFO - [37mVal Epoch 26 step 26 with [31mce_loss_combined : 0.786340 [31mce_loss_c : 0.699406 [31mce_loss_g : 0.779445 [31mkl_synergy_rand_1 : 0.000209 [31mkl_synergy_rand_2 : 0.000011 [31mkl_synergy_1 : 0.000135 [31mkl_synergy_2 : 0.000011 [31mtotal : 0.786705 [31mdiag_kl_1 : 0.207266 [31mdiag_kl_2 : 0.082341 [94mAcc_combined: 59.43 [94mAcc_c: 50.15 [94mAcc_g: 60.30 [92mF1_combined: 58.53 [92mF1_c: 21.83 [92mF1_g: 59.17 [95mCEU_cue_audio: 0.3724 [95mCEU_cue_video: 0.7121 [95mCEU_synergy: 0.0755 [95mCEU_coexistence: 0.8979 [97mS:[93m7.6%[97m([91m1.4c[97m-[94mF1:7.5%) [97mU1:[93m37.2%[97m([91m7.1c[97m) [97mU2:[93m71.2%[97m([91m22.7c[97m) [97mR:[93m89.8%[97m([91m28.0c[97m) [97mS-L: [92m0:[96m8% [92m1:[96m8%[39m [39m
2026-07-25 16:35:39,020 - Agent - INFO - [37mVal Epoch 27 step 27 with [31mce_loss_combined : 0.807141 [31mce_loss_c : 0.697168 [31mce_loss_g : 0.797643 [31mkl_synergy_rand_1 : 0.000260 [31mkl_synergy_rand_2 : 0.000017 [31mkl_synergy_1 : 0.000154 [31mkl_synergy_2 : 0.000017 [31mtotal : 0.807590 [31mdiag_kl_1 : 0.260458 [31mdiag_kl_2 : 0.097555 [94mAcc_combined: 60.25 [94mAcc_c: 50.05 [94mAcc_g: 60.69 [92mF1_combined: 59.63 [92mF1_c: 10.25 [92mF1_g: 59.77 [95mCEU_cue_audio: 0.3112 [95mCEU_cue_video: 0.7637 [95mCEU_synergy: 0.0755 [95mCEU_coexistence: 0.8979 [97mS:[93m7.6%[97m([91m1.4c[97m-[94mF1:7.5%) [97mU1:[93m31.1%[97m([91m5.9c[97m) [97mU2:[93m76.4%[97m([91m24.4c[97m) [97mR:[93m89.8%[97m([91m28.0c[97m) [97mS-L: [92m0:[96m9% [92m1:[96m7%[39m [39m
2026-07-25 16:36:39,224 - Agent - INFO - [37mVal Epoch 28 step 28 with [31mce_loss_combined : 0.802651 [31mce_loss_c : 0.697561 [31mce_loss_g : 0.790953 [31mkl_synergy_rand_1 : 0.000232 [31mkl_synergy_rand_2 : 0.000008 [31mkl_synergy_1 : 0.000146 [31mkl_synergy_2 : 0.000007 [31mtotal : 0.803045 [31mdiag_kl_1 : 0.234213 [31mdiag_kl_2 : 0.096638 [94mAcc_combined: 58.46 [94mAcc_c: 50.34 [94mAcc_g: 59.77 [92mF1_combined: 57.58 [92mF1_c: 15.75 [92mF1_g: 58.61 [95mCEU_cue_audio: 0.3165 [95mCEU_cue_video: 0.7393 [95mCEU_synergy: 0.0704 [95mCEU_coexistence: 0.8761 [97mS:[93m7.0%[97m([91m1.3c[97m-[94mF1:6.8%) [97mU1:[93m31.6%[97m([91m6.0c[97m) [97mU2:[93m73.9%[97m([91m23.6c[97m) [97mR:[93m87.6%[97m([91m27.4c[97m) [97mS-L: [92m0:[96m4% [92m1:[96m8%[39m [39m
2026-07-25 16:37:39,120 - Agent - INFO - [37mVal Epoch 29 step 29 with [31mce_loss_combined : 0.801410 [31mce_loss_c : 0.699120 [31mce_loss_g : 0.795414 [31mkl_synergy_rand_1 : 0.000222 [31mkl_synergy_rand_2 : 0.000008 [31mkl_synergy_1 : 0.000134 [31mkl_synergy_2 : 0.000007 [31mtotal : 0.801780 [31mdiag_kl_1 : 0.221865 [31mdiag_kl_2 : 0.098824 [94mAcc_combined: 58.27 [94mAcc_c: 50.00 [94mAcc_g: 59.62 [92mF1_combined: 57.13 [92mF1_c: 21.90 [92mF1_g: 58.52 [95mCEU_cue_audio: 0.3571 [95mCEU_cue_video: 0.6939 [95mCEU_synergy: 0.0704 [95mCEU_coexistence: 0.8947 [97mS:[93m7.0%[97m([91m1.3c[97m-[94mF1:6.9%) [97mU1:[93m35.7%[97m([91m6.8c[97m) [97mU2:[93m69.4%[97m([91m22.1c[97m) [97mR:[93m89.5%[97m([91m27.9c[97m) [97mS-L: [92m0:[96m6% [92m1:[96m8%[39m [39m
2026-07-25 16:38:36,740 - Agent - INFO - [37mVal Epoch 30 step 30 with [31mce_loss_combined : 0.807493 [31mce_loss_c : 0.697383 [31mce_loss_g : 0.801458 [31mkl_synergy_rand_1 : 0.000243 [31mkl_synergy_rand_2 : 0.000007 [31mkl_synergy_1 : 0.000143 [31mkl_synergy_2 : 0.000006 [31mtotal : 0.807892 [31mdiag_kl_1 : 0.240595 [31mdiag_kl_2 : 0.104819 [94mAcc_combined: 57.88 [94mAcc_c: 50.34 [94mAcc_g: 59.19 [92mF1_combined: 56.90 [92mF1_c: 15.75 [92mF1_g: 57.93 [95mCEU_cue_audio: 0.3929 [95mCEU_cue_video: 0.6788 [95mCEU_synergy: 0.0811 [95mCEU_coexistence: 0.8854 [97mS:[93m8.1%[97m([91m1.5c[97m-[94mF1:8.1%) [97mU1:[93m39.3%[97m([91m7.4c[97m) [97mU2:[93m67.9%[97m([91m21.7c[97m) [97mR:[93m88.5%[97m([91m27.7c[97m) [97mS-L: [92m0:[96m13% [92m1:[96m6%[39m [39m
2026-07-25 16:39:21,133 - Agent - INFO - [37mModel saved successfully at: ./artifacts/models/multibench/ur_funny/vt/SynIB_RMask_REFABL_urfunny_fold0_l0.001_perturbrandom_fillema_pmin0.7_refunimodal_anchor_lr0.001_wd0.001.pth.tar[39m
2026-07-25 16:39:39,339 - Agent - INFO - [37mVal Epoch 31 step 31 with [31mce_loss_combined : 0.817402 [31mce_loss_c : 0.697484 [31mce_loss_g : 0.807874 [31mkl_synergy_rand_1 : 0.000250 [31mkl_synergy_rand_2 : 0.000007 [31mkl_synergy_1 : 0.000150 [31mkl_synergy_2 : 0.000006 [31mtotal : 0.817815 [31mdiag_kl_1 : 0.248699 [31mdiag_kl_2 : 0.112265 [94mAcc_combined: 58.17 [94mAcc_c: 50.34 [94mAcc_g: 59.43 [92mF1_combined: 57.11 [92mF1_c: 15.75 [92mF1_g: 58.32 [95mCEU_cue_audio: 0.3826 [95mCEU_cue_video: 0.6788 [95mCEU_synergy: 0.0811 [95mCEU_coexistence: 0.8793 [97mS:[93m8.1%[97m([91m1.5c[97m-[94mF1:8.1%) [97mU1:[93m38.3%[97m([91m7.3c[97m) [97mU2:[93m67.9%[97m([91m21.7c[97m) [97mR:[93m87.9%[97m([91m27.5c[97m) [97mS-L: [92m0:[96m13% [92m1:[96m6%[39m [39m
2026-07-25 16:40:39,839 - Agent - INFO - [37mVal Epoch 32 step 32 with [31mce_loss_combined : 0.817562 [31mce_loss_c : 0.697518 [31mce_loss_g : 0.808033 [31mkl_synergy_rand_1 : 0.000244 [31mkl_synergy_rand_2 : 0.000006 [31mkl_synergy_1 : 0.000152 [31mkl_synergy_2 : 0.000006 [31mtotal : 0.817970 [31mdiag_kl_1 : 0.244563 [31mdiag_kl_2 : 0.111632 [94mAcc_combined: 58.12 [94mAcc_c: 50.34 [94mAcc_g: 59.62 [92mF1_combined: 57.13 [92mF1_c: 15.75 [92mF1_g: 58.56 [95mCEU_cue_audio: 0.3826 [95mCEU_cue_video: 0.6788 [95mCEU_synergy: 0.0811 [95mCEU_coexistence: 0.8793 [97mS:[93m8.1%[97m([91m1.5c[97m-[94mF1:8.1%) [97mU1:[93m38.3%[97m([91m7.3c[97m) [97mU2:[93m67.9%[97m([91m21.7c[97m) [97mR:[93m87.9%[97m([91m27.5c[97m) [97mS-L: [92m0:[96m13% [92m1:[96m6%[39m [39m
2026-07-25 16:41:41,683 - Agent - INFO - [37mVal Epoch 33 step 33 with [31mce_loss_combined : 0.712715 [31mce_loss_c : 0.699801 [31mce_loss_g : 0.715474 [31mkl_synergy_rand_1 : 0.000107 [31mkl_synergy_rand_2 : 0.000045 [31mkl_synergy_1 : 0.000061 [31mkl_synergy_2 : 0.000043 [31mtotal : 0.712972 [31mdiag_kl_1 : 0.110163 [31mdiag_kl_2 : 0.052974 [94mAcc_combined: 59.67 [94mAcc_c: 50.63 [94mAcc_g: 60.40 [92mF1_combined: 57.27 [92mF1_c: 24.20 [92mF1_g: 58.19 [95mCEU_cue_audio: 0.2755 [95mCEU_cue_video: 0.7848 [95mCEU_synergy: 0.1515 [95mCEU_coexistence: 0.8451 [97mS:[93m15.1%[97m([91m2.7c[97m-[94mF1:13.1%) [97mU1:[93m27.6%[97m([91m5.2c[97m) [97mU2:[93m78.5%[97m([91m25.0c[97m) [97mR:[93m84.5%[97m([91m26.4c[97m) [97mS-L: [92m1:[96m21%[39m [39m
2026-07-25 16:42:43,745 - Agent - INFO - [37mVal Epoch 34 step 34 with [31mce_loss_combined : 0.716222 [31mce_loss_c : 0.695794 [31mce_loss_g : 0.733730 [31mkl_synergy_rand_1 : 0.000142 [31mkl_synergy_rand_2 : 0.000012 [31mkl_synergy_1 : 0.000084 [31mkl_synergy_2 : 0.000012 [31mtotal : 0.716471 [31mdiag_kl_1 : 0.147129 [31mdiag_kl_2 : 0.045936 [94mAcc_combined: 59.28 [94mAcc_c: 50.29 [94mAcc_g: 59.62 [92mF1_combined: 57.86 [92mF1_c: 5.69 [92mF1_g: 57.81 [95mCEU_cue_audio: 0.2194 [95mCEU_cue_video: 0.8061 [95mCEU_synergy: 0.0973 [95mCEU_coexistence: 0.8761 [97mS:[93m9.7%[97m([91m1.7c[97m-[94mF1:9.0%) [97mU1:[93m21.9%[97m([91m4.2c[97m) [97mU2:[93m80.6%[97m([91m25.7c[97m) [97mR:[93m87.6%[97m([91m27.4c[97m) [97mS-L: [92m0:[96m2% [92m1:[96m13%[39m [39m
2026-07-25 16:43:44,680 - Agent - INFO - [37mVal Epoch 35 step 35 with [31mce_loss_combined : 0.710329 [31mce_loss_c : 0.693439 [31mce_loss_g : 0.727090 [31mkl_synergy_rand_1 : 0.000123 [31mkl_synergy_rand_2 : 0.000017 [31mkl_synergy_1 : 0.000072 [31mkl_synergy_2 : 0.000017 [31mtotal : 0.710560 [31mdiag_kl_1 : 0.123542 [31mdiag_kl_2 : 0.045667 [94mAcc_combined: 60.83 [94mAcc_c: 50.00 [94mAcc_g: 60.88 [92mF1_combined: 58.88 [92mF1_c: 9.77 [92mF1_g: 58.70 [95mCEU_cue_audio: 0.3673 [95mCEU_cue_video: 0.7183 [95mCEU_synergy: 0.1839 [95mCEU_coexistence: 0.8729 [97mS:[93m18.4%[97m([91m3.3c[97m-[94mF1:18.1%) [97mU1:[93m36.7%[97m([91m7.0c[97m) [97mU2:[93m71.8%[97m([91m22.9c[97m) [97mR:[93m87.3%[97m([91m27.3c[97m) [97mS-L: [92m0:[96m42% [92m1:[96m9%[39m [39m
2026-07-25 16:44:44,774 - Agent - INFO - [37mVal Epoch 36 step 36 with [31mce_loss_combined : 0.721385 [31mce_loss_c : 0.693620 [31mce_loss_g : 0.729344 [31mkl_synergy_rand_1 : 0.000128 [31mkl_synergy_rand_2 : 0.000018 [31mkl_synergy_1 : 0.000079 [31mkl_synergy_2 : 0.000019 [31mtotal : 0.721629 [31mdiag_kl_1 : 0.129440 [31mdiag_kl_2 : 0.063671 [94mAcc_combined: 60.01 [94mAcc_c: 50.29 [94mAcc_g: 59.96 [92mF1_combined: 58.50 [92mF1_c: 5.69 [92mF1_g: 58.35 [95mCEU_cue_audio: 0.3571 [95mCEU_cue_video: 0.7183 [95mCEU_synergy: 0.1727 [95mCEU_coexistence: 0.8451 [97mS:[93m17.3%[97m([91m3.1c[97m-[94mF1:16.5%) [97mU1:[93m35.7%[97m([91m6.8c[97m) [97mU2:[93m71.8%[97m([91m22.9c[97m) [97mR:[93m84.5%[97m([91m26.4c[97m) [97mS-L: [92m0:[96m47% [92m1:[96m5%[39m [39m
2026-07-25 16:45:48,325 - Agent - INFO - [37mVal Epoch 37 step 37 with [31mce_loss_combined : 0.756256 [31mce_loss_c : 0.694495 [31mce_loss_g : 0.746457 [31mkl_synergy_rand_1 : 0.000203 [31mkl_synergy_rand_2 : 0.000018 [31mkl_synergy_1 : 0.000119 [31mkl_synergy_2 : 0.000018 [31mtotal : 0.756613 [31mdiag_kl_1 : 0.207622 [31mdiag_kl_2 : 0.070259 [94mAcc_combined: 61.36 [94mAcc_c: 50.05 [94mAcc_g: 60.83 [92mF1_combined: 60.35 [92mF1_c: 10.25 [92mF1_g: 59.54 [95mCEU_cue_audio: 0.2602 [95mCEU_cue_video: 0.8484 [95mCEU_synergy: 0.1515 [95mCEU_coexistence: 0.8700 [97mS:[93m15.1%[97m([91m2.7c[97m-[94mF1:14.5%) [97mU1:[93m26.0%[97m([91m4.9c[97m) [97mU2:[93m84.8%[97m([91m27.1c[97m) [97mR:[93m87.0%[97m([91m27.2c[97m) [97mS-L: [92m0:[96m11% [92m1:[96m17%[39m [39m
2026-07-25 16:46:49,297 - Agent - INFO - [37mVal Epoch 38 step 38 with [31mce_loss_combined : 0.757705 [31mce_loss_c : 0.696364 [31mce_loss_g : 0.756099 [31mkl_synergy_rand_1 : 0.000175 [31mkl_synergy_rand_2 : 0.000013 [31mkl_synergy_1 : 0.000102 [31mkl_synergy_2 : 0.000013 [31mtotal : 0.758008 [31mdiag_kl_1 : 0.175581 [31mdiag_kl_2 : 0.075344 [94mAcc_combined: 60.15 [94mAcc_c: 50.10 [94mAcc_g: 60.83 [92mF1_combined: 58.96 [92mF1_c: 9.31 [92mF1_g: 59.30 [95mCEU_cue_audio: 0.3623 [95mCEU_cue_video: 0.7303 [95mCEU_synergy: 0.1565 [95mCEU_coexistence: 0.8854 [97mS:[93m15.7%[97m([91m2.8c[97m-[94mF1:15.7%) [97mU1:[93m36.2%[97m([91m6.9c[97m) [97mU2:[93m73.0%[97m([91m23.3c[97m) [97mR:[93m88.5%[97m([91m27.7c[97m) [97mS-L: [92m0:[96m30% [92m1:[96m10%[39m [39m
2026-07-25 16:47:49,721 - Agent - INFO - [37mVal Epoch 39 step 39 with [31mce_loss_combined : 0.782451 [31mce_loss_c : 0.695461 [31mce_loss_g : 0.795544 [31mkl_synergy_rand_1 : 0.000221 [31mkl_synergy_rand_2 : 0.000028 [31mkl_synergy_1 : 0.000122 [31mkl_synergy_2 : 0.000028 [31mtotal : 0.782850 [31mdiag_kl_1 : 0.222748 [31mdiag_kl_2 : 0.092472 [94mAcc_combined: 60.01 [94mAcc_c: 50.29 [94mAcc_g: 60.06 [92mF1_combined: 59.04 [92mF1_c: 15.18 [92mF1_g: 59.03 [95mCEU_cue_audio: 0.2806 [95mCEU_cue_video: 0.7728 [95mCEU_synergy: 0.1029 [95mCEU_coexistence: 0.9011 [97mS:[93m10.3%[97m([91m1.8c[97m-[94mF1:9.3%) [97mU1:[93m28.1%[97m([91m5.3c[97m) [97mU2:[93m77.3%[97m([91m24.7c[97m) [97mR:[93m90.1%[97m([91m28.1c[97m) [97mS-L: [92m1:[96m14%[39m [39m
2026-07-25 16:48:51,418 - Agent - INFO - [37mVal Epoch 40 step 40 with [31mce_loss_combined : 0.782519 [31mce_loss_c : 0.700975 [31mce_loss_g : 0.772993 [31mkl_synergy_rand_1 : 0.000200 [31mkl_synergy_rand_2 : 0.000016 [31mkl_synergy_1 : 0.000115 [31mkl_synergy_2 : 0.000015 [31mtotal : 0.782865 [31mdiag_kl_1 : 0.200446 [31mdiag_kl_2 : 0.085078 [94mAcc_combined: 58.46 [94mAcc_c: 50.00 [94mAcc_g: 59.04 [92mF1_combined: 56.81 [92mF1_c: 21.90 [92mF1_g: 57.16 [95mCEU_cue_audio: 0.3061 [95mCEU_cue_video: 0.7484 [95mCEU_synergy: 0.0704 [95mCEU_coexistence: 0.8947 [97mS:[93m7.0%[97m([91m1.3c[97m-[94mF1:6.6%) [97mU1:[93m30.6%[97m([91m5.8c[97m) [97mU2:[93m74.8%[97m([91m23.9c[97m) [97mR:[93m89.5%[97m([91m27.9c[97m) [97mS-L: [92m1:[96m10%[39m [39m
2026-07-25 16:49:51,610 - Agent - INFO - [37mVal Epoch 41 step 41 with [31mce_loss_combined : 0.842634 [31mce_loss_c : 0.695479 [31mce_loss_g : 0.826828 [31mkl_synergy_rand_1 : 0.000280 [31mkl_synergy_rand_2 : 0.000036 [31mkl_synergy_1 : 0.000179 [31mkl_synergy_2 : 0.000035 [31mtotal : 0.843164 [31mdiag_kl_1 : 0.286533 [31mdiag_kl_2 : 0.142739 [94mAcc_combined: 59.91 [94mAcc_c: 50.05 [94mAcc_g: 59.62 [92mF1_combined: 59.14 [92mF1_c: 10.25 [92mF1_g: 58.60 [95mCEU_cue_audio: 0.3165 [95mCEU_cue_video: 0.7697 [95mCEU_synergy: 0.1079 [95mCEU_coexistence: 0.8854 [97mS:[93m10.8%[97m([91m1.9c[97m-[94mF1:10.3%) [97mU1:[93m31.6%[97m([91m6.0c[97m) [97mU2:[93m77.0%[97m([91m24.6c[97m) [97mR:[93m88.5%[97m([91m27.7c[97m) [97mS-L: [92m0:[96m6% [92m1:[96m13%[39m [39m
2026-07-25 16:50:51,978 - Agent - INFO - [37mVal Epoch 42 step 42 with [31mce_loss_combined : 0.762223 [31mce_loss_c : 0.697582 [31mce_loss_g : 0.761026 [31mkl_synergy_rand_1 : 0.000171 [31mkl_synergy_rand_2 : 0.000016 [31mkl_synergy_1 : 0.000107 [31mkl_synergy_2 : 0.000016 [31mtotal : 0.762533 [31mdiag_kl_1 : 0.170573 [31mdiag_kl_2 : 0.094764 [94mAcc_combined: 58.61 [94mAcc_c: 50.05 [94mAcc_g: 59.86 [92mF1_combined: 57.37 [92mF1_c: 10.25 [92mF1_g: 58.21 [95mCEU_cue_audio: 0.4491 [95mCEU_cue_video: 0.6181 [95mCEU_synergy: 0.2107 [95mCEU_coexistence: 0.8483 [97mS:[93m21.1%[97m([91m3.8c[97m-[94mF1:20.6%) [97mU1:[93m44.9%[97m([91m8.5c[97m) [97mU2:[93m61.8%[97m([91m19.7c[97m) [97mR:[93m84.8%[97m([91m26.5c[97m) [97mS-L: [92m0:[96m51% [92m1:[96m9%[39m [39m
2026-07-25 16:51:29,738 - Agent - INFO - [37mModel saved successfully at: ./artifacts/models/multibench/ur_funny/vt/SynIB_RMask_REFABL_urfunny_fold0_l0.001_perturbrandom_fillema_pmin0.7_refunimodal_anchor_lr0.001_wd0.001.pth.tar[39m
2026-07-25 16:51:54,517 - Agent - INFO - [37mVal Epoch 43 step 43 with [31mce_loss_combined : 0.768376 [31mce_loss_c : 0.697296 [31mce_loss_g : 0.764196 [31mkl_synergy_rand_1 : 0.000168 [31mkl_synergy_rand_2 : 0.000012 [31mkl_synergy_1 : 0.000110 [31mkl_synergy_2 : 0.000013 [31mtotal : 0.768680 [31mdiag_kl_1 : 0.168192 [31mdiag_kl_2 : 0.087242 [94mAcc_combined: 58.46 [94mAcc_c: 50.53 [94mAcc_g: 58.66 [92mF1_combined: 57.03 [92mF1_c: 20.76 [92mF1_g: 56.97 [95mCEU_cue_audio: 0.3724 [95mCEU_cue_video: 0.6758 [95mCEU_synergy: 0.1029 [95mCEU_coexistence: 0.8793 [97mS:[93m10.3%[97m([91m1.8c[97m-[94mF1:10.2%) [97mU1:[93m37.2%[97m([91m7.1c[97m) [97mU2:[93m67.6%[97m([91m21.6c[97m) [97mR:[93m87.9%[97m([91m27.5c[97m) [97mS-L: [92m0:[96m13% [92m1:[96m9%[39m [39m
2026-07-25 16:52:54,899 - Agent - INFO - [37mVal Epoch 44 step 44 with [31mce_loss_combined : 0.843167 [31mce_loss_c : 0.698941 [31mce_loss_g : 0.813636 [31mkl_synergy_rand_1 : 0.000265 [31mkl_synergy_rand_2 : 0.000038 [31mkl_synergy_1 : 0.000160 [31mkl_synergy_2 : 0.000036 [31mtotal : 0.843666 [31mdiag_kl_1 : 0.266164 [31mdiag_kl_2 : 0.129477 [94mAcc_combined: 58.70 [94mAcc_c: 50.63 [94mAcc_g: 58.46 [92mF1_combined: 57.81 [92mF1_c: 24.87 [92mF1_g: 57.28 [95mCEU_cue_audio: 0.3470 [95mCEU_cue_video: 0.7212 [95mCEU_synergy: 0.1135 [95mCEU_coexistence: 0.8700 [97mS:[93m11.4%[97m([91m2.0c[97m-[94mF1:10.6%) [97mU1:[93m34.7%[97m([91m6.6c[97m) [97mU2:[93m72.1%[97m([91m23.0c[97m) [97mR:[93m87.0%[97m([91m27.2c[97m) [97mS-L: [92m0:[96m4% [92m1:[96m14%[39m [39m
2026-07-25 16:53:55,345 - Agent - INFO - [37mVal Epoch 45 step 45 with [31mce_loss_combined : 0.810593 [31mce_loss_c : 0.696539 [31mce_loss_g : 0.804681 [31mkl_synergy_rand_1 : 0.000225 [31mkl_synergy_rand_2 : 0.000014 [31mkl_synergy_1 : 0.000139 [31mkl_synergy_2 : 0.000014 [31mtotal : 0.810986 [31mdiag_kl_1 : 0.223559 [31mdiag_kl_2 : 0.121174 [94mAcc_combined: 58.08 [94mAcc_c: 50.34 [94mAcc_g: 58.32 [92mF1_combined: 56.58 [92mF1_c: 12.89 [92mF1_g: 57.07 [95mCEU_cue_audio: 0.4388 [95mCEU_cue_video: 0.6243 [95mCEU_synergy: 0.1191 [95mCEU_coexistence: 0.8886 [97mS:[93m11.9%[97m([91m2.1c[97m-[94mF1:11.9%) [97mU1:[93m43.9%[97m([91m8.3c[97m) [97mU2:[93m62.4%[97m([91m19.9c[97m) [97mR:[93m88.9%[97m([91m27.8c[97m) [97mS-L: [92m0:[96m23% [92m1:[96m8%[39m [39m
2026-07-25 16:54:56,011 - Agent - INFO - [37mVal Epoch 46 step 46 with [31mce_loss_combined : 0.825716 [31mce_loss_c : 0.697424 [31mce_loss_g : 0.826135 [31mkl_synergy_rand_1 : 0.000245 [31mkl_synergy_rand_2 : 0.000012 [31mkl_synergy_1 : 0.000156 [31mkl_synergy_2 : 0.000010 [31mtotal : 0.826138 [31mdiag_kl_1 : 0.248476 [31mdiag_kl_2 : 0.136035 [94mAcc_combined: 57.59 [94mAcc_c: 50.29 [94mAcc_g: 58.27 [92mF1_combined: 56.13 [92mF1_c: 15.18 [92mF1_g: 56.74 [95mCEU_cue_audio: 0.3623 [95mCEU_cue_video: 0.6697 [95mCEU_synergy: 0.1079 [95mCEU_coexistence: 0.8761 [97mS:[93m10.8%[97m([91m1.9c[97m-[94mF1:10.7%) [97mU1:[93m36.2%[97m([91m6.9c[97m) [97mU2:[93m67.0%[97m([91m21.4c[97m) [97mR:[93m87.6%[97m([91m27.4c[97m) [97mS-L: [92m0:[96m13% [92m1:[96m10%[39m [39m
2026-07-25 16:55:56,966 - Agent - INFO - [37mVal Epoch 47 step 47 with [31mce_loss_combined : 0.835043 [31mce_loss_c : 0.697823 [31mce_loss_g : 0.844076 [31mkl_synergy_rand_1 : 0.000259 [31mkl_synergy_rand_2 : 0.000033 [31mkl_synergy_1 : 0.000161 [31mkl_synergy_2 : 0.000030 [31mtotal : 0.835524 [31mdiag_kl_1 : 0.262859 [31mdiag_kl_2 : 0.142480 [94mAcc_combined: 59.19 [94mAcc_c: 50.24 [94mAcc_g: 59.09 [92mF1_combined: 58.05 [92mF1_c: 17.08 [92mF1_g: 57.40 [95mCEU_cue_audio: 0.3061 [95mCEU_cue_video: 0.7484 [95mCEU_synergy: 0.1241 [95mCEU_coexistence: 0.8822 [97mS:[93m12.4%[97m([91m2.2c[97m-[94mF1:11.3%) [97mU1:[93m30.6%[97m([91m5.8c[97m) [97mU2:[93m74.8%[97m([91m23.9c[97m) [97mR:[93m88.2%[97m([91m27.6c[97m) [97mS-L: [92m0:[96m2% [92m1:[96m17%[39m [39m
2026-07-25 16:56:58,189 - Agent - INFO - [37mVal Epoch 48 step 48 with [31mce_loss_combined : 0.802668 [31mce_loss_c : 0.696441 [31mce_loss_g : 0.812842 [31mkl_synergy_rand_1 : 0.000209 [31mkl_synergy_rand_2 : 0.000014 [31mkl_synergy_1 : 0.000139 [31mkl_synergy_2 : 0.000014 [31mtotal : 0.803043 [31mdiag_kl_1 : 0.205281 [31mdiag_kl_2 : 0.120705 [94mAcc_combined: 58.80 [94mAcc_c: 50.05 [94mAcc_g: 58.61 [92mF1_combined: 56.71 [92mF1_c: 10.25 [92mF1_g: 56.94 [95mCEU_cue_audio: 0.3979 [95mCEU_cue_video: 0.6635 [95mCEU_synergy: 0.1459 [95mCEU_coexistence: 0.8668 [97mS:[93m14.6%[97m([91m2.6c[97m-[94mF1:14.6%) [97mU1:[93m39.8%[97m([91m7.5c[97m) [97mU2:[93m66.4%[97m([91m21.2c[97m) [97mR:[93m86.7%[97m([91m27.1c[97m) [97mS-L: [92m0:[96m23% [92m1:[96m11%[39m [39m
2026-07-25 16:56:58,653 - Agent - INFO - We are in the final state.
2026-07-25 16:56:58,848 - root - INFO - Loaded best model from best_model_accuracy_state_dict
2026-07-25 16:57:04,107 - Agent - INFO - [37mVal Epoch 48 step 0 with [31mce_loss_combined : 0.728795 [31mce_loss_c : 0.696902 [31mce_loss_g : 0.719641 [31mkl_synergy_rand_1 : 0.000162 [31mkl_synergy_rand_2 : 0.000008 [31mkl_synergy_1 : 0.000096 [31mkl_synergy_2 : 0.000009 [31mtotal : 0.729070 [31mdiag_kl_1 : 0.158807 [31mdiag_kl_2 : 0.039537 [94mAcc_combined: 63.06 [94mAcc_c: 50.29 [94mAcc_g: 62.72 [92mF1_combined: 63.09 [92mF1_c: 5.69 [92mF1_g: 61.58 [95mCEU_cue_audio: 0.3318 [95mCEU_cue_video: 0.7848 [95mCEU_synergy: 0.1029 [95mCEU_coexistence: 0.9443 [97mS:[93m10.3%[97m([91m1.8c[97m-[94mF1:10.3%) [97mU1:[93m33.2%[97m([91m6.3c[97m) [97mU2:[93m78.5%[97m([91m25.0c[97m) [97mR:[93m94.4%[97m([91m29.5c[97m) [97mS-L: [92m0:[96m17% [92m1:[96m8%[39m [39m
2026-07-25 16:57:09,422 - Agent - INFO - [37mTest Epoch 48 step 0 with [31mce_loss_combined : 0.679638 [31mce_loss_c : 0.684910 [31mce_loss_g : 0.678437 [31mkl_synergy_rand_1 : 0.000161 [31mkl_synergy_rand_2 : 0.000008 [31mkl_synergy_1 : 0.000096 [31mkl_synergy_2 : 0.000007 [31mtotal : 0.679910 [31mdiag_kl_1 : 0.159463 [31mdiag_kl_2 : 0.032935 [94mAcc_combined: 61.20 [94mAcc_c: 50.99 [94mAcc_g: 60.78 [92mF1_combined: 60.89 [92mF1_c: 7.16 [92mF1_g: 59.59 [95mCEU_cue_audio: 0.2672 [95mCEU_cue_video: 0.7842 [95mCEU_synergy: 0.1269 [95mCEU_coexistence: 0.9295 [97mS:[93m12.7%[97m([91m2.2c[97m-[94mF1:12.6%) [97mU1:[93m26.7%[97m([91m5.5c[97m) [97mU2:[93m78.4%[97m([91m22.7c[97m) [97mR:[93m92.9%[97m([91m31.1c[97m) [97mS-L: [92m0:[96m24% [92m1:[96m7%[39m [39m
2026-07-25 16:57:10,668 - Agent - INFO - [37mModel saved successfully at: ./artifacts/models/multibench/ur_funny/vt/SynIB_RMask_REFABL_urfunny_fold0_l0.001_perturbrandom_fillema_pmin0.7_refunimodal_anchor_lr0.001_wd0.001.pth.tar[39m
Job finished
