Starting SynIB reference-ablation job
Python 3.10.19
/esat/smcdata/users/kkontras/Image_Dataset/no_backup/git/SynIB  (git a2fb4fd)
GPU 0: NVIDIA GeForce RTX 2080 Ti (UUID: GPU-8c3c8db2-06a6-9e0e-a6ee-a948fb2f7f27)
Executing: PYTHONPATH=src /esat/smcdata/users/kkontras/Image_Dataset/no_backup/envs/synergy_new/bin/python -m synib.entrypoints.train --config run/configs/rebuttal_ref_ablation/mustard_synib.json --default_config run/configs/rebuttal_ref_ablation/mustard_default.json --fold 1 --rmask random --l 0.001 --perturb_pmin 0.1 --perturb_fill ema --lr 0.0005 --wd 0.001 --reference_type unimodal_anchor --ref_diag --start_over --tag REFABL_mustard
Namespace(config='run/configs/rebuttal_ref_ablation/mustard_synib.json', default_config='run/configs/rebuttal_ref_ablation/mustard_default.json', fold='1', alpha=None, tanh_mode_beta=None, regby=None, batch_size=None, l='0.001', multil=None, lib=None, kmepoch=None, num_samples=None, contrcoeff=None, contr_type=None, shuffle_type=None, validate_with=None, num_classes=None, optim_method=None, ending_epoch=None, load_ongoing=None, recon_weight1=None, recon_weight2=None, recon_epochstages=None, recon_ensemblestages=None, lr='0.0005', wd='0.001', cls=None, ironic_rate=None, perturb='random', perturb_fill='ema', perturb_pmax=None, perturb_pmin='0.1', perturb_lsparse=None, rmask='random', pmin=None, pmax=None, lsparse=None, debug_mask_stats=False, pre=False, frozen=False, tdqm_disable=False, start_over=True, no_model_save=False, num_layers=None, grad_accum=None, init_from=None, init_strict=False, perturb_lsparse_sign=None, l_anneal_epochs=None, perturb_steps=None, perturb_lsparse_warmup=None, perturb_lsparse_schedule=None, persist_ell=False, save_masks=False, penalty_swap=False, disable_ce_random=False, disable_kl_learned=False, masking_only=False, modality_dropout=None, modality_dropout_target=None, l_z1_masked=None, l_z2_masked=None, l_pareto=None, reference_type='unimodal_anchor', ref_diag=True, ref_ema_decay=None, tag='REFABL_mustard')
2026-07-25 15:53:31,312 - Config - INFO - run/configs/rebuttal_ref_ablation/mustard_synib.json
2026-07-25 15:53:31,315 - Config - INFO -  THE Configuration of your experiment ..
{'agent': 'Agent',
 'dataset': {'data_roots': './src/synib/mydatasets/Factor_CL_Datasets/prepared/mustard/mustard_data.pkl',
             'data_type': 'sarcasm',
             'dataloader_class': 'FactorCL_MustardFiltered_Dataloader',
             'kfold_data_roots': './src/synib/mydatasets/Factor_CL_Datasets/prepared/mustard/mustard_synergy3.pkl',
             'mustard_video_filter': {'check_aligned_segment': True,
                                      'enabled': True,
                                      'min_aligned_len': 1,
                                      'vision_absmax_threshold': 1000000.0},
             'z_norm': True},
 'early_stopping': {'end_of_epoch_check': True,
                    'log_interval': 10,
                    'max_epoch': 100,
                    'n_steps_stop': 30,
                    'n_steps_stop_after': 0,
                    'save_every_step': 3000,
                    'save_every_valstep': 50,
                    'validate_after': 0,
                    'validate_every': 185},
 'exp_name': 'MUSTARD Experiment',
 'model': {'args': {'bias_infusion': {'method': False},
                    'clip_grad': False,
                    'cls_type': 'mlp',
                    'd_model': 40,
                    'dropout': 0.1,
                    'fc_inner': 64,
                    'multi_loss': {'multi_supervised_w': {'c': 1,
                                                          'combined': 1,
                                                          'g': 1}},
                    'norm_decision': False,
                    'num_classes': 2},
           'ceu': {'test': './artifacts/ceus/mustard/mustard_ceu_test.pkl',
                   'val': './artifacts/ceus/mustard/mustard_ceu_val.pkl'},
           'encoders': [{'args': {'freeze_encoder': False,
                                  'hidden_size': 40,
                                  'modality': 'c',
                                  'n_features': 371,
                                  'num_classes': 2},
                         'model': 'FactorCL_Uni',
                         'pretrainedEncoder': {'dir': 'unimodal_video_fold{}_vldaccuracy_lr0.0005_wd0.00001.pth.tar',
                                               'use': True}},
                        {'args': {'freeze_encoder': False,
                                  'hidden_size': 40,
                                  'modality': 'g',
                                  'n_features': 300,
                                  'num_classes': 2},
                         'model': 'FactorCL_Uni',
                         'pretrainedEncoder': {'dir': 'unimodal_text_fold{}_vldaccuracy_lr0.0005_wd0.0001.pth.tar',
                                               'use': True}},
                        {'args': {'d_model': 40,
                                  'dropout': 0.1,
                                  'fc_inner': 64,
                                  'freeze_encoder': False},
                         'model': 'FusionTrunkLinear',
                         'name': 'enc_2_fusion_trunk',
                         'pretrainedEncoder': {'dir': 'enc_2_fusion_trunk_{}.pth.tar',
                                               'use': False},
                         'save_encoder': False},
                        {'args': {'freeze_encoder': False,
                                  'in_dim': 64,
                                  'num_classes': 2},
                         'model': 'LinearHead',
                         'name': 'enc_3_fusion_head',
                         'pretrainedEncoder': {'dir': 'enc_3_fusion_head_{}.pth.tar',
                                               'use': False},
                         'save_encoder': False}],
           'load_ongoing': False,
           'model_class': 'FusionIBModel_Mask',
           'save_base_dir': './artifacts/models/multibench/mustard/vt',
           'save_dir': 'SynIB_RMask_{}.pth.tar'},
 'optimizer': {'beta1': 0.9,
               'beta2': 0.999,
               'learning_rate': 0.0001,
               'momentum': 0.9,
               'type': 'Adam',
               'weight_decay': 0.0001},
 'scheduler': {'max_lr': 0.03, 'type': 'cosanneal', 'warm_up_steps': 780},
 'task': 'classification',
 'training_params': {'adversarial_training': {'adv_epsilon': 0.01,
                                              'use': False},
                     'async_loading': True,
                     'batch_size': 32,
                     'cuda': True,
                     'data_loader_workers': 8,
                     'gpu_device': [0],
                     'pin_memory': True,
                     'rec_test': True,
                     'res': True,
                     'seed': 109,
                     'tdqm_disable': False,
                     'test_batch_size': 32,
                     'test_on_bottoms': False,
                     'use_test_set': True,
                     'validation': True,
                     'verbose': True,
                     'wandb_disable': True}}
2026-07-25 15:53:31,317 - Config - INFO -  *************************************** 
2026-07-25 15:53:31,317 - Config - INFO - The experiment name is MUSTARD Experiment
2026-07-25 15:53:31,317 - Config - INFO -  *************************************** 
2026-07-25 15:53:31,317 - root - INFO - save_dir: SynIB_RMask_REFABL_mustard_fold1_l0.001_perturbrandom_fillema_pmin0.1_refunimodal_anchor_lr0.0005_wd0.001.pth.tar
2026-07-25 15:53:31,409 - Cuda Statistics - INFO - __Python VERSION:  3.10.19 (main, Oct 21 2025, 16:43:05) [GCC 11.2.0]
2026-07-25 15:53:31,409 - Cuda Statistics - INFO - __pyTorch VERSION:  2.9.1+cu128
2026-07-25 15:53:31,410 - Cuda Statistics - INFO - __CUDA VERSION
2026-07-25 15:53:31,415 - Cuda Statistics - INFO - __CUDNN VERSION:  91002
2026-07-25 15:53:31,430 - Cuda Statistics - INFO - __Number CUDA Devices:  1
2026-07-25 15:53:31,430 - Cuda Statistics - INFO - __Devices
2026-07-25 15:53:31,430 - Cuda Statistics - INFO - index, name, driver_version, memory.total [MiB], memory.used [MiB], memory.free [MiB]
2026-07-25 15:53:31,430 - Cuda Statistics - INFO - 0, NVIDIA GeForce RTX 2080 Ti, 580.159.04, 11264 MiB, 4 MiB, 10818 MiB
2026-07-25 15:53:31,435 - Cuda Statistics - INFO - Active CUDA Device: GPU 0
2026-07-25 15:53:31,435 - Cuda Statistics - INFO - Available devices  1
2026-07-25 15:53:31,435 - Cuda Statistics - INFO - Current cuda device  0
[MustardFilteredDataloader] train: dropped 31/412 samples (vision absmax threshold=1e+06, aligned=True)
[MustardFilteredDataloader] train: first drops -> 3:vision_absmax>1e+06 (2.7e+07), 7:vision_absmax>1e+06 (3.43e+07), 31:vision_absmax>1e+06 (1.29e+07), 45:vision_absmax>1e+06 (9.04e+06), 53:vision_absmax>1e+06 (2.67e+07), 72:vision_absmax>1e+06 (2.67e+07), 85:vision_absmax>1e+06 (3.93e+07), 94:vision_absmax>1e+06 (4.57e+07), 105:vision_absmax>1e+06 (3.62e+07), 122:vision_absmax>1e+06 (3.62e+07), ...
[MustardFilteredDataloader] valid: dropped 3/137 samples (vision absmax threshold=1e+06, aligned=True)
[MustardFilteredDataloader] valid: first drops -> 2:vision_absmax>1e+06 (2.67e+07), 20:vision_absmax>1e+06 (2.67e+07), 105:vision_absmax>1e+06 (4.57e+07)
[MustardFilteredDataloader] test: dropped 4/138 samples (vision absmax threshold=1e+06, aligned=True)
[MustardFilteredDataloader] test: first drops -> 3:vision_absmax>1e+06 (3.43e+07), 8:vision_absmax>1e+06 (2.67e+07), 65:vision_absmax>1e+06 (2.3e+07), 106:vision_absmax>1e+06 (2.67e+07)
2026-07-25 15:53:32,387 - Agent - INFO - Device: cuda:0
2026-07-25 15:53:32,387 - Agent - INFO - Total training batches: 12, validate every 185 batches, steps per epoch: 1
2026-07-25 15:53:32,481 - Agent - INFO - Loss Weights are {'total': 1, 'combined': 1, 'c': 1, 'g': 1}
2026-07-25 15:53:32,481 - root - INFO - There is no CEU for train
2026-07-25 15:53:32,685 - root - INFO - Loading enc best model state dict from ./artifacts/models/multibench/mustard/vt/unimodal_video_fold1_vldaccuracy_lr0.0005_wd0.00001.pth.tar
2026-07-25 15:53:32,894 - root - INFO - Loading enc best model state dict from ./artifacts/models/multibench/mustard/vt/unimodal_text_fold1_vldaccuracy_lr0.0005_wd0.0001.pth.tar
2026-07-25 15:53:33,393 - Agent - INFO - Total number of trainable parameters are: 5271404
2026-07-25 15:53:33,403 - Agent - INFO - Total number of trainable parameters are: 1764436
2026-07-25 15:53:39,223 - Evaluator - INFO - New best with loss-accuracy-syn_accuracy-
2026-07-25 15:53:39,223 - Agent - INFO - [37mVal Epoch 1 step 1 with [31mce_loss_combined : 0.747956 [31mce_loss_c : 0.842465 [31mce_loss_g : 0.737668 [31mkl_synergy_rand_1 : 0.000042 [31mkl_synergy_rand_2 : 0.000014 [31mkl_synergy_1 : 0.000045 [31mkl_synergy_2 : 0.000018 [31mtotal : 0.748075 [31mdiag_kl_1 : 0.049908 [31mdiag_kl_2 : 0.016899 [94mAcc_combined: 50.75 [94mAcc_c: 50.75 [94mAcc_g: 50.00 [92mF1_combined: 64.52 [92mF1_c: 25.00 [92mF1_g: 66.67 [95mCEU_cue_audio: 0.5000 [95mCEU_cue_video: 0.5000 [95mCEU_synergy: 0.5806 [95mCEU_coexistence: 0.4366 [97mS:[93m58.1%[97m([91m13.4c[97m-[94mF1:42.8%) [97mU1:[93m50.0%[97m([91m5.2c[97m) [97mU2:[93m50.0%[97m([91m6.7c[97m) [97mR:[93m43.7%[97m([91m23.1c[97m) [97mS-L: [92m0:[96m65% [92m1:[96m20%[39m [39m
2026-07-25 15:53:39,277 - Agent - INFO - [37mTest Epoch 1 step 1 with [31mce_loss_combined : 0.650349 [31mce_loss_c : 0.636685 [31mce_loss_g : 0.663516 [31mkl_synergy_rand_1 : 0.000032 [31mkl_synergy_rand_2 : 0.000007 [31mkl_synergy_1 : 0.000033 [31mkl_synergy_2 : 0.000009 [31mtotal : 0.650430 [31mdiag_kl_1 : 0.036675 [31mdiag_kl_2 : 0.008667 [94mAcc_combined: 56.72 [94mAcc_c: 56.72 [94mAcc_g: 50.00 [92mF1_combined: 69.31 [92mF1_c: 31.76 [92mF1_g: 66.67 [95mCEU_cue_audio: 0.6113 [95mCEU_cue_video: 0.6248 [95mCEU_synergy: 0.4666 [95mCEU_coexistence: 0.6000 [97mS:[93m46.7%[97m([91m15.7c[97m-[94mF1:31.8%) [97mU1:[93m61.1%[97m([91m8.2c[97m) [97mU2:[93m62.5%[97m([91m7.5c[97m) [97mR:[93m60.0%[97m([91m24.6c[97m) [97mS-L: [92m0:[96m49%[39m [39m
2026-07-25 15:53:39,449 - Agent - INFO - [37mModel saved successfully at: ./artifacts/models/multibench/mustard/vt/SynIB_RMask_REFABL_mustard_fold1_l0.001_perturbrandom_fillema_pmin0.1_refunimodal_anchor_lr0.0005_wd0.001.pth.tar[39m
2026-07-25 15:53:42,578 - Evaluator - INFO - New best with syn_accuracy-
2026-07-25 15:53:42,578 - Agent - INFO - [37mVal Epoch 2 step 2 with [31mce_loss_combined : 0.782904 [31mce_loss_c : 0.752574 [31mce_loss_g : 1.018961 [31mkl_synergy_rand_1 : 0.000051 [31mkl_synergy_rand_2 : 0.000016 [31mkl_synergy_1 : 0.000046 [31mkl_synergy_2 : 0.000015 [31mtotal : 0.783031 [31mdiag_kl_1 : 0.071514 [31mdiag_kl_2 : 0.015377 [94mAcc_combined: 50.37 [94mAcc_c: 51.87 [94mAcc_g: 50.75 [92mF1_combined: 64.15 [92mF1_c: 15.69 [92mF1_g: 64.89 [95mCEU_cue_audio: 0.5000 [95mCEU_cue_video: 0.5555 [95mCEU_synergy: 0.6775 [95mCEU_coexistence: 0.3662 [97mS:[93m67.7%[97m([91m15.7c[97m-[94mF1:48.3%) [97mU1:[93m50.0%[97m([91m5.2c[97m) [97mU2:[93m55.6%[97m([91m7.5c[97m) [97mR:[93m36.6%[97m([91m19.4c[97m) [97mS-L: [92m0:[96m77% [92m1:[96m20%[39m [39m
2026-07-25 15:53:42,630 - Agent - INFO - [37mTest Epoch 2 step 2 with [31mce_loss_combined : 0.649880 [31mce_loss_c : 0.654997 [31mce_loss_g : 0.716974 [31mkl_synergy_rand_1 : 0.000040 [31mkl_synergy_rand_2 : 0.000009 [31mkl_synergy_1 : 0.000034 [31mkl_synergy_2 : 0.000009 [31mtotal : 0.649973 [31mdiag_kl_1 : 0.047434 [31mdiag_kl_2 : 0.008751 [94mAcc_combined: 56.34 [94mAcc_c: 54.85 [94mAcc_g: 56.34 [92mF1_combined: 68.46 [92mF1_c: 18.79 [92mF1_g: 69.45 [95mCEU_cue_audio: 0.6113 [95mCEU_cue_video: 0.6248 [95mCEU_synergy: 0.5777 [95mCEU_coexistence: 0.5636 [97mS:[93m57.8%[97m([91m19.4c[97m-[94mF1:36.6%) [97mU1:[93m61.1%[97m([91m8.2c[97m) [97mU2:[93m62.5%[97m([91m7.5c[97m) [97mR:[93m56.4%[97m([91m23.1c[97m) [97mS-L: [92m0:[96m60%[39m [39m
2026-07-25 15:53:42,908 - Agent - INFO - [37mModel saved successfully at: ./artifacts/models/multibench/mustard/vt/SynIB_RMask_REFABL_mustard_fold1_l0.001_perturbrandom_fillema_pmin0.1_refunimodal_anchor_lr0.0005_wd0.001.pth.tar[39m
2026-07-25 15:53:45,899 - Agent - INFO - [37mVal Epoch 3 step 3 with [31mce_loss_combined : 0.925489 [31mce_loss_c : 0.902148 [31mce_loss_g : 0.860251 [31mkl_synergy_rand_1 : 0.000138 [31mkl_synergy_rand_2 : 0.000036 [31mkl_synergy_1 : 0.000130 [31mkl_synergy_2 : 0.000028 [31mtotal : 0.925821 [31mdiag_kl_1 : 0.178735 [31mdiag_kl_2 : 0.035644 [94mAcc_combined: 49.63 [94mAcc_c: 49.63 [94mAcc_g: 50.37 [92mF1_combined: 60.87 [92mF1_c: 31.47 [92mF1_g: 66.50 [95mCEU_cue_audio: 0.6431 [95mCEU_cue_video: 0.3887 [95mCEU_synergy: 0.3225 [95mCEU_coexistence: 0.5211 [97mS:[93m32.3%[97m([91m7.5c[97m-[94mF1:27.4%) [97mU1:[93m64.3%[97m([91m6.7c[97m) [97mU2:[93m38.9%[97m([91m5.2c[97m) [97mR:[93m52.1%[97m([91m27.6c[97m) [97mS-L: [92m0:[96m35% [92m1:[96m20%[39m [39m
2026-07-25 15:53:48,916 - Agent - INFO - [37mVal Epoch 4 step 4 with [31mce_loss_combined : 0.784195 [31mce_loss_c : 0.728958 [31mce_loss_g : 1.177017 [31mkl_synergy_rand_1 : 0.000023 [31mkl_synergy_rand_2 : 0.000031 [31mkl_synergy_1 : 0.000017 [31mkl_synergy_2 : 0.000029 [31mtotal : 0.784295 [31mdiag_kl_1 : 0.048648 [31mdiag_kl_2 : 0.024977 [94mAcc_combined: 49.63 [94mAcc_c: 50.00 [94mAcc_g: 45.90 [92mF1_combined: 64.94 [92mF1_c: 4.29 [92mF1_g: 56.19 [95mCEU_cue_audio: 0.5000 [95mCEU_cue_video: 0.5000 [95mCEU_synergy: 0.4838 [95mCEU_coexistence: 0.4789 [97mS:[93m48.4%[97m([91m11.2c[97m-[94mF1:37.4%) [97mU1:[93m50.0%[97m([91m5.2c[97m) [97mU2:[93m50.0%[97m([91m6.7c[97m) [97mR:[93m47.9%[97m([91m25.4c[97m) [97mS-L: [92m0:[96m54% [92m1:[96m20%[39m [39m
2026-07-25 15:53:51,890 - Evaluator - INFO - New best with syn_accuracy-
2026-07-25 15:53:51,891 - Agent - INFO - [37mVal Epoch 5 step 5 with [31mce_loss_combined : 1.062871 [31mce_loss_c : 0.880826 [31mce_loss_g : 1.221044 [31mkl_synergy_rand_1 : 0.000235 [31mkl_synergy_rand_2 : 0.000030 [31mkl_synergy_1 : 0.000212 [31mkl_synergy_2 : 0.000023 [31mtotal : 1.063371 [31mdiag_kl_1 : 0.287952 [31mdiag_kl_2 : 0.050350 [94mAcc_combined: 44.78 [94mAcc_c: 49.25 [94mAcc_g: 44.40 [92mF1_combined: 49.66 [92mF1_c: 18.07 [92mF1_g: 50.50 [95mCEU_cue_audio: 0.5000 [95mCEU_cue_video: 0.5000 [95mCEU_synergy: 0.7419 [95mCEU_coexistence: 0.2254 [97mS:[93m74.2%[97m([91m17.2c[97m-[94mF1:52.3%) [97mU1:[93m50.0%[97m([91m5.2c[97m) [97mU2:[93m50.0%[97m([91m6.7c[97m) [97mR:[93m22.5%[97m([91m11.9c[97m) [97mS-L: [92m0:[96m85% [92m1:[96m20%[39m [39m
2026-07-25 15:53:51,909 - Agent - INFO - [37mTest Epoch 5 step 5 with [31mce_loss_combined : 0.733240 [31mce_loss_c : 0.674599 [31mce_loss_g : 0.801449 [31mkl_synergy_rand_1 : 0.000215 [31mkl_synergy_rand_2 : 0.000041 [31mkl_synergy_1 : 0.000206 [31mkl_synergy_2 : 0.000032 [31mtotal : 0.733733 [31mdiag_kl_1 : 0.243710 [31mdiag_kl_2 : 0.063596 [94mAcc_combined: 57.09 [94mAcc_c: 58.58 [94mAcc_g: 56.34 [92mF1_combined: 63.26 [92mF1_c: 34.32 [92mF1_g: 63.32 [95mCEU_cue_audio: 0.6113 [95mCEU_cue_video: 0.7498 [95mCEU_synergy: 0.7999 [95mCEU_coexistence: 0.3454 [97mS:[93m80.0%[97m([91m26.9c[97m-[94mF1:44.4%) [97mU1:[93m61.1%[97m([91m8.2c[97m) [97mU2:[93m75.0%[97m([91m9.0c[97m) [97mR:[93m34.5%[97m([91m14.2c[97m) [97mS-L: [92m0:[96m84%[39m [39m
2026-07-25 15:53:52,221 - Agent - INFO - [37mModel saved successfully at: ./artifacts/models/multibench/mustard/vt/SynIB_RMask_REFABL_mustard_fold1_l0.001_perturbrandom_fillema_pmin0.1_refunimodal_anchor_lr0.0005_wd0.001.pth.tar[39m
2026-07-25 15:53:55,186 - Evaluator - INFO - New best with loss-
2026-07-25 15:53:55,186 - Agent - INFO - [37mVal Epoch 6 step 6 with [31mce_loss_combined : 0.746853 [31mce_loss_c : 0.707223 [31mce_loss_g : 0.693686 [31mkl_synergy_rand_1 : 0.000023 [31mkl_synergy_rand_2 : 0.000097 [31mkl_synergy_1 : 0.000025 [31mkl_synergy_2 : 0.000100 [31mtotal : 0.747097 [31mdiag_kl_1 : 0.044795 [31mdiag_kl_2 : 0.052874 [94mAcc_combined: 50.00 [94mAcc_c: 57.84 [94mAcc_g: 50.00 [92mF1_combined: 64.74 [92mF1_c: 49.33 [92mF1_g: 65.28 [95mCEU_cue_audio: 0.5713 [95mCEU_cue_video: 0.3887 [95mCEU_synergy: 0.1613 [95mCEU_coexistence: 0.7746 [97mS:[93m16.1%[97m([91m3.7c[97m-[94mF1:15.3%) [97mU1:[93m57.1%[97m([91m6.0c[97m) [97mU2:[93m38.9%[97m([91m5.2c[97m) [97mR:[93m77.5%[97m([91m41.0c[97m) [97mS-L: [92m0:[96m15% [92m1:[96m20%[39m [39m
2026-07-25 15:53:55,205 - Agent - INFO - [37mTest Epoch 6 step 6 with [31mce_loss_combined : 0.659714 [31mce_loss_c : 0.674964 [31mce_loss_g : 0.679468 [31mkl_synergy_rand_1 : 0.000021 [31mkl_synergy_rand_2 : 0.000063 [31mkl_synergy_1 : 0.000022 [31mkl_synergy_2 : 0.000063 [31mtotal : 0.659882 [31mdiag_kl_1 : 0.030122 [31mdiag_kl_2 : 0.031696 [94mAcc_combined: 56.34 [94mAcc_c: 54.10 [94mAcc_g: 53.73 [92mF1_combined: 69.29 [92mF1_c: 47.21 [92mF1_g: 68.04 [95mCEU_cue_audio: 0.6113 [95mCEU_cue_video: 0.3752 [95mCEU_synergy: 0.1778 [95mCEU_coexistence: 0.9091 [97mS:[93m17.8%[97m([91m6.0c[97m-[94mF1:16.3%) [97mU1:[93m61.1%[97m([91m8.2c[97m) [97mU2:[93m37.5%[97m([91m4.5c[97m) [97mR:[93m90.9%[97m([91m37.3c[97m) [97mS-L: [92m0:[96m16% [92m1:[96m50%[39m [39m
2026-07-25 15:53:55,550 - Agent - INFO - [37mModel saved successfully at: ./artifacts/models/multibench/mustard/vt/SynIB_RMask_REFABL_mustard_fold1_l0.001_perturbrandom_fillema_pmin0.1_refunimodal_anchor_lr0.0005_wd0.001.pth.tar[39m
2026-07-25 15:53:58,699 - Evaluator - INFO - New best with loss-
2026-07-25 15:53:58,699 - Agent - INFO - [37mVal Epoch 7 step 7 with [31mce_loss_combined : 0.712730 [31mce_loss_c : 0.707649 [31mce_loss_g : 0.765367 [31mkl_synergy_rand_1 : 0.000010 [31mkl_synergy_rand_2 : 0.000078 [31mkl_synergy_1 : 0.000010 [31mkl_synergy_2 : 0.000078 [31mtotal : 0.712906 [31mdiag_kl_1 : 0.016522 [31mdiag_kl_2 : 0.042442 [94mAcc_combined: 50.00 [94mAcc_c: 50.00 [94mAcc_g: 50.00 [92mF1_combined: 66.16 [92mF1_c: 0.00 [92mF1_g: 66.67 [95mCEU_cue_audio: 0.6431 [95mCEU_cue_video: 0.4445 [95mCEU_synergy: 0.2581 [95mCEU_coexistence: 0.5775 [97mS:[93m25.8%[97m([91m6.0c[97m-[94mF1:22.9%) [97mU1:[93m64.3%[97m([91m6.7c[97m) [97mU2:[93m44.4%[97m([91m6.0c[97m) [97mR:[93m57.7%[97m([91m30.6c[97m) [97mS-L: [92m0:[96m27% [92m1:[96m20%[39m [39m
2026-07-25 15:53:58,718 - Agent - INFO - [37mTest Epoch 7 step 7 with [31mce_loss_combined : 0.677671 [31mce_loss_c : 0.681970 [31mce_loss_g : 0.669307 [31mkl_synergy_rand_1 : 0.000008 [31mkl_synergy_rand_2 : 0.000047 [31mkl_synergy_1 : 0.000009 [31mkl_synergy_2 : 0.000048 [31mtotal : 0.677783 [31mdiag_kl_1 : 0.013579 [31mdiag_kl_2 : 0.023626 [94mAcc_combined: 51.49 [94mAcc_c: 50.00 [94mAcc_g: 50.00 [92mF1_combined: 67.17 [92mF1_c: 0.00 [92mF1_g: 66.67 [95mCEU_cue_audio: 0.7775 [95mCEU_cue_video: 0.6248 [95mCEU_synergy: 0.2667 [95mCEU_coexistence: 0.8545 [97mS:[93m26.7%[97m([91m9.0c[97m-[94mF1:21.1%) [97mU1:[93m77.8%[97m([91m10.4c[97m) [97mU2:[93m62.5%[97m([91m7.5c[97m) [97mR:[93m85.5%[97m([91m35.1c[97m) [97mS-L: [92m0:[96m28%[39m [39m
2026-07-25 15:53:59,109 - Agent - INFO - [37mModel saved successfully at: ./artifacts/models/multibench/mustard/vt/SynIB_RMask_REFABL_mustard_fold1_l0.001_perturbrandom_fillema_pmin0.1_refunimodal_anchor_lr0.0005_wd0.001.pth.tar[39m
2026-07-25 15:54:02,467 - Evaluator - INFO - New best with accuracy-syn_accuracy-
2026-07-25 15:54:02,468 - Agent - INFO - [37mVal Epoch 8 step 8 with [31mce_loss_combined : 0.769069 [31mce_loss_c : 0.726626 [31mce_loss_g : 0.818776 [31mkl_synergy_rand_1 : 0.000024 [31mkl_synergy_rand_2 : 0.000027 [31mkl_synergy_1 : 0.000023 [31mkl_synergy_2 : 0.000026 [31mtotal : 0.769168 [31mdiag_kl_1 : 0.050872 [31mdiag_kl_2 : 0.013751 [94mAcc_combined: 51.87 [94mAcc_c: 50.00 [94mAcc_g: 51.49 [92mF1_combined: 65.96 [92mF1_c: 4.29 [92mF1_g: 65.79 [95mCEU_cue_audio: 0.5000 [95mCEU_cue_video: 0.5555 [95mCEU_synergy: 0.8387 [95mCEU_coexistence: 0.1691 [97mS:[93m83.9%[97m([91m19.4c[97m-[94mF1:45.6%) [97mU1:[93m50.0%[97m([91m5.2c[97m) [97mU2:[93m55.6%[97m([91m7.5c[97m) [97mR:[93m16.9%[97m([91m9.0c[97m) [97mS-L: [92m0:[96m100%[39m [39m
2026-07-25 15:54:02,501 - Agent - INFO - [37mTest Epoch 8 step 8 with [31mce_loss_combined : 0.661026 [31mce_loss_c : 0.677588 [31mce_loss_g : 0.644506 [31mkl_synergy_rand_1 : 0.000019 [31mkl_synergy_rand_2 : 0.000015 [31mkl_synergy_1 : 0.000018 [31mkl_synergy_2 : 0.000015 [31mtotal : 0.661094 [31mdiag_kl_1 : 0.037493 [31mdiag_kl_2 : 0.007584 [94mAcc_combined: 56.34 [94mAcc_c: 51.49 [94mAcc_g: 55.60 [92mF1_combined: 69.45 [92mF1_c: 7.14 [92mF1_g: 69.09 [95mCEU_cue_audio: 0.6113 [95mCEU_cue_video: 0.7498 [95mCEU_synergy: 0.9556 [95mCEU_coexistence: 0.2000 [97mS:[93m95.6%[97m([91m32.1c[97m-[94mF1:48.9%) [97mU1:[93m61.1%[97m([91m8.2c[97m) [97mU2:[93m75.0%[97m([91m9.0c[97m) [97mR:[93m20.0%[97m([91m8.2c[97m) [97mS-L: [92m0:[96m100%[39m [39m
2026-07-25 15:54:02,866 - Agent - INFO - [37mModel saved successfully at: ./artifacts/models/multibench/mustard/vt/SynIB_RMask_REFABL_mustard_fold1_l0.001_perturbrandom_fillema_pmin0.1_refunimodal_anchor_lr0.0005_wd0.001.pth.tar[39m
2026-07-25 15:54:06,054 - Agent - INFO - [37mVal Epoch 9 step 9 with [31mce_loss_combined : 0.912147 [31mce_loss_c : 0.726996 [31mce_loss_g : 1.259583 [31mkl_synergy_rand_1 : 0.000095 [31mkl_synergy_rand_2 : 0.000004 [31mkl_synergy_1 : 0.000070 [31mkl_synergy_2 : 0.000004 [31mtotal : 0.912320 [31mdiag_kl_1 : 0.149511 [31mdiag_kl_2 : 0.007715 [94mAcc_combined: 45.15 [94mAcc_c: 50.37 [94mAcc_g: 44.40 [92mF1_combined: 53.33 [92mF1_c: 5.67 [92mF1_g: 50.50 [95mCEU_cue_audio: 0.5000 [95mCEU_cue_video: 0.5555 [95mCEU_synergy: 0.8387 [95mCEU_coexistence: 0.1691 [97mS:[93m83.9%[97m([91m19.4c[97m-[94mF1:45.6%) [97mU1:[93m50.0%[97m([91m5.2c[97m) [97mU2:[93m55.6%[97m([91m7.5c[97m) [97mR:[93m16.9%[97m([91m9.0c[97m) [97mS-L: [92m0:[96m100%[39m [39m
2026-07-25 15:54:09,218 - Agent - INFO - [37mVal Epoch 10 step 10 with [31mce_loss_combined : 0.999902 [31mce_loss_c : 0.733160 [31mce_loss_g : 1.360555 [31mkl_synergy_rand_1 : 0.000148 [31mkl_synergy_rand_2 : 0.000013 [31mkl_synergy_1 : 0.000114 [31mkl_synergy_2 : 0.000014 [31mtotal : 1.000190 [31mdiag_kl_1 : 0.215687 [31mdiag_kl_2 : 0.030191 [94mAcc_combined: 44.40 [94mAcc_c: 49.63 [94mAcc_g: 44.78 [92mF1_combined: 49.49 [92mF1_c: 5.59 [92mF1_g: 49.32 [95mCEU_cue_audio: 0.5000 [95mCEU_cue_video: 0.5000 [95mCEU_synergy: 0.7419 [95mCEU_coexistence: 0.2254 [97mS:[93m74.2%[97m([91m17.2c[97m-[94mF1:52.3%) [97mU1:[93m50.0%[97m([91m5.2c[97m) [97mU2:[93m50.0%[97m([91m6.7c[97m) [97mR:[93m22.5%[97m([91m11.9c[97m) [97mS-L: [92m0:[96m85% [92m1:[96m20%[39m [39m
2026-07-25 15:54:12,401 - Agent - INFO - [37mVal Epoch 11 step 11 with [31mce_loss_combined : 0.863464 [31mce_loss_c : 0.769069 [31mce_loss_g : 0.882306 [31mkl_synergy_rand_1 : 0.000055 [31mkl_synergy_rand_2 : 0.000023 [31mkl_synergy_1 : 0.000046 [31mkl_synergy_2 : 0.000023 [31mtotal : 0.863611 [31mdiag_kl_1 : 0.106252 [31mdiag_kl_2 : 0.009578 [94mAcc_combined: 49.25 [94mAcc_c: 49.63 [94mAcc_g: 49.63 [92mF1_combined: 62.01 [92mF1_c: 6.90 [92mF1_g: 62.81 [95mCEU_cue_audio: 0.5713 [95mCEU_cue_video: 0.5000 [95mCEU_synergy: 0.4194 [95mCEU_coexistence: 0.5211 [97mS:[93m41.9%[97m([91m9.7c[97m-[94mF1:33.6%) [97mU1:[93m57.1%[97m([91m6.0c[97m) [97mU2:[93m50.0%[97m([91m6.7c[97m) [97mR:[93m52.1%[97m([91m27.6c[97m) [97mS-L: [92m0:[96m46% [92m1:[96m20%[39m [39m
2026-07-25 15:54:15,580 - Agent - INFO - [37mVal Epoch 12 step 12 with [31mce_loss_combined : 1.183059 [31mce_loss_c : 0.761921 [31mce_loss_g : 1.272654 [31mkl_synergy_rand_1 : 0.000250 [31mkl_synergy_rand_2 : 0.000030 [31mkl_synergy_1 : 0.000207 [31mkl_synergy_2 : 0.000033 [31mtotal : 1.183580 [31mdiag_kl_1 : 0.365393 [31mdiag_kl_2 : 0.087188 [94mAcc_combined: 44.03 [94mAcc_c: 48.88 [94mAcc_g: 45.15 [92mF1_combined: 48.28 [92mF1_c: 8.05 [92mF1_g: 50.51 [95mCEU_cue_audio: 0.5000 [95mCEU_cue_video: 0.5000 [95mCEU_synergy: 0.7419 [95mCEU_coexistence: 0.2254 [97mS:[93m74.2%[97m([91m17.2c[97m-[94mF1:52.3%) [97mU1:[93m50.0%[97m([91m5.2c[97m) [97mU2:[93m50.0%[97m([91m6.7c[97m) [97mR:[93m22.5%[97m([91m11.9c[97m) [97mS-L: [92m0:[96m85% [92m1:[96m20%[39m [39m
2026-07-25 15:54:18,743 - Agent - INFO - [37mVal Epoch 13 step 13 with [31mce_loss_combined : 0.998282 [31mce_loss_c : 0.786169 [31mce_loss_g : 1.056706 [31mkl_synergy_rand_1 : 0.000119 [31mkl_synergy_rand_2 : 0.000013 [31mkl_synergy_1 : 0.000105 [31mkl_synergy_2 : 0.000014 [31mtotal : 0.998532 [31mdiag_kl_1 : 0.207432 [31mdiag_kl_2 : 0.023283 [94mAcc_combined: 47.01 [94mAcc_c: 51.12 [94mAcc_g: 47.76 [92mF1_combined: 58.48 [92mF1_c: 20.61 [92mF1_g: 60.45 [95mCEU_cue_audio: 0.5713 [95mCEU_cue_video: 0.5555 [95mCEU_synergy: 0.6128 [95mCEU_coexistence: 0.3944 [97mS:[93m61.3%[97m([91m14.2c[97m-[94mF1:44.6%) [97mU1:[93m57.1%[97m([91m6.0c[97m) [97mU2:[93m55.6%[97m([91m7.5c[97m) [97mR:[93m39.4%[97m([91m20.9c[97m) [97mS-L: [92m0:[96m69% [92m1:[96m20%[39m [39m
2026-07-25 15:54:21,897 - Agent - INFO - [37mVal Epoch 14 step 14 with [31mce_loss_combined : 1.106490 [31mce_loss_c : 0.792193 [31mce_loss_g : 1.150890 [31mkl_synergy_rand_1 : 0.000179 [31mkl_synergy_rand_2 : 0.000018 [31mkl_synergy_1 : 0.000150 [31mkl_synergy_2 : 0.000020 [31mtotal : 1.106858 [31mdiag_kl_1 : 0.292411 [31mdiag_kl_2 : 0.056787 [94mAcc_combined: 46.27 [94mAcc_c: 59.33 [94mAcc_g: 47.39 [92mF1_combined: 56.63 [92mF1_c: 57.25 [92mF1_g: 58.89 [95mCEU_cue_audio: 0.5000 [95mCEU_cue_video: 0.5000 [95mCEU_synergy: 0.4516 [95mCEU_coexistence: 0.5071 [97mS:[93m45.2%[97m([91m10.4c[97m-[94mF1:35.5%) [97mU1:[93m50.0%[97m([91m5.2c[97m) [97mU2:[93m50.0%[97m([91m6.7c[97m) [97mR:[93m50.7%[97m([91m26.9c[97m) [97mS-L: [92m0:[96m50% [92m1:[96m20%[39m [39m
2026-07-25 15:54:25,372 - Agent - INFO - [37mVal Epoch 15 step 15 with [31mce_loss_combined : 1.328437 [31mce_loss_c : 1.130211 [31mce_loss_g : 1.299640 [31mkl_synergy_rand_1 : 0.000308 [31mkl_synergy_rand_2 : 0.000017 [31mkl_synergy_1 : 0.000262 [31mkl_synergy_2 : 0.000018 [31mtotal : 1.329042 [31mdiag_kl_1 : 0.475600 [31mdiag_kl_2 : 0.128548 [94mAcc_combined: 44.78 [94mAcc_c: 45.90 [94mAcc_g: 45.52 [92mF1_combined: 53.16 [92mF1_c: 40.82 [92mF1_g: 55.21 [95mCEU_cue_audio: 0.5000 [95mCEU_cue_video: 0.5000 [95mCEU_synergy: 0.6452 [95mCEU_coexistence: 0.3803 [97mS:[93m64.5%[97m([91m14.9c[97m-[94mF1:46.5%) [97mU1:[93m50.0%[97m([91m5.2c[97m) [97mU2:[93m50.0%[97m([91m6.7c[97m) [97mR:[93m38.0%[97m([91m20.1c[97m) [97mS-L: [92m0:[96m73% [92m1:[96m20%[39m [39m
2026-07-25 15:54:28,699 - Agent - INFO - [37mVal Epoch 16 step 16 with [31mce_loss_combined : 1.155582 [31mce_loss_c : 0.762074 [31mce_loss_g : 1.185031 [31mkl_synergy_rand_1 : 0.000183 [31mkl_synergy_rand_2 : 0.000007 [31mkl_synergy_1 : 0.000161 [31mkl_synergy_2 : 0.000009 [31mtotal : 1.155942 [31mdiag_kl_1 : 0.327643 [31mdiag_kl_2 : 0.066476 [94mAcc_combined: 46.27 [94mAcc_c: 56.72 [94mAcc_g: 45.90 [92mF1_combined: 56.36 [92mF1_c: 49.57 [92mF1_g: 56.46 [95mCEU_cue_audio: 0.5000 [95mCEU_cue_video: 0.5555 [95mCEU_synergy: 0.6452 [95mCEU_coexistence: 0.3944 [97mS:[93m64.5%[97m([91m14.9c[97m-[94mF1:46.5%) [97mU1:[93m50.0%[97m([91m5.2c[97m) [97mU2:[93m55.6%[97m([91m7.5c[97m) [97mR:[93m39.4%[97m([91m20.9c[97m) [97mS-L: [92m0:[96m73% [92m1:[96m20%[39m [39m
2026-07-25 15:54:31,869 - Agent - INFO - [37mVal Epoch 17 step 17 with [31mce_loss_combined : 1.082161 [31mce_loss_c : 0.914842 [31mce_loss_g : 1.100597 [31mkl_synergy_rand_1 : 0.000139 [31mkl_synergy_rand_2 : 0.000040 [31mkl_synergy_1 : 0.000133 [31mkl_synergy_2 : 0.000040 [31mtotal : 1.082512 [31mdiag_kl_1 : 0.272234 [31mdiag_kl_2 : 0.064833 [94mAcc_combined: 47.01 [94mAcc_c: 48.13 [94mAcc_g: 48.51 [92mF1_combined: 58.72 [92mF1_c: 27.98 [92mF1_g: 60.57 [95mCEU_cue_audio: 0.7139 [95mCEU_cue_video: 0.5555 [95mCEU_synergy: 0.2581 [95mCEU_coexistence: 0.5775 [97mS:[93m25.8%[97m([91m6.0c[97m-[94mF1:22.9%) [97mU1:[93m71.4%[97m([91m7.5c[97m) [97mU2:[93m55.6%[97m([91m7.5c[97m) [97mR:[93m57.7%[97m([91m30.6c[97m) [97mS-L: [92m0:[96m27% [92m1:[96m20%[39m [39m
2026-07-25 15:54:35,082 - Agent - INFO - [37mVal Epoch 18 step 18 with [31mce_loss_combined : 1.221143 [31mce_loss_c : 0.880041 [31mce_loss_g : 1.341593 [31mkl_synergy_rand_1 : 0.000223 [31mkl_synergy_rand_2 : 0.000017 [31mkl_synergy_1 : 0.000192 [31mkl_synergy_2 : 0.000019 [31mtotal : 1.221594 [31mdiag_kl_1 : 0.396034 [31mdiag_kl_2 : 0.104104 [94mAcc_combined: 44.78 [94mAcc_c: 54.85 [94mAcc_g: 46.64 [92mF1_combined: 53.46 [92mF1_c: 51.01 [92mF1_g: 54.31 [95mCEU_cue_audio: 0.5713 [95mCEU_cue_video: 0.5555 [95mCEU_synergy: 0.6452 [95mCEU_coexistence: 0.4225 [97mS:[93m64.5%[97m([91m14.9c[97m-[94mF1:46.5%) [97mU1:[93m57.1%[97m([91m6.0c[97m) [97mU2:[93m55.6%[97m([91m7.5c[97m) [97mR:[93m42.3%[97m([91m22.4c[97m) [97mS-L: [92m0:[96m73% [92m1:[96m20%[39m [39m
2026-07-25 15:54:38,386 - Agent - INFO - [37mVal Epoch 19 step 19 with [31mce_loss_combined : 0.849188 [31mce_loss_c : 0.878139 [31mce_loss_g : 0.865939 [31mkl_synergy_rand_1 : 0.000037 [31mkl_synergy_rand_2 : 0.000112 [31mkl_synergy_1 : 0.000042 [31mkl_synergy_2 : 0.000117 [31mtotal : 0.849497 [31mdiag_kl_1 : 0.126714 [31mdiag_kl_2 : 0.037675 [94mAcc_combined: 49.63 [94mAcc_c: 51.49 [94mAcc_g: 52.99 [92mF1_combined: 62.40 [92mF1_c: 44.44 [92mF1_g: 66.13 [95mCEU_cue_audio: 0.6431 [95mCEU_cue_video: 0.3887 [95mCEU_synergy: 0.1936 [95mCEU_coexistence: 0.6197 [97mS:[93m19.4%[97m([91m4.5c[97m-[94mF1:18.0%) [97mU1:[93m64.3%[97m([91m6.7c[97m) [97mU2:[93m38.9%[97m([91m5.2c[97m) [97mR:[93m62.0%[97m([91m32.8c[97m) [97mS-L: [92m0:[96m19% [92m1:[96m20%[39m [39m
2026-07-25 15:54:41,397 - Agent - INFO - [37mVal Epoch 20 step 20 with [31mce_loss_combined : 1.121160 [31mce_loss_c : 0.802493 [31mce_loss_g : 1.264582 [31mkl_synergy_rand_1 : 0.000157 [31mkl_synergy_rand_2 : 0.000055 [31mkl_synergy_1 : 0.000155 [31mkl_synergy_2 : 0.000055 [31mtotal : 1.121581 [31mdiag_kl_1 : 0.320731 [31mdiag_kl_2 : 0.096721 [94mAcc_combined: 48.51 [94mAcc_c: 59.33 [94mAcc_g: 47.01 [92mF1_combined: 58.68 [92mF1_c: 56.57 [92mF1_g: 57.49 [95mCEU_cue_audio: 0.6431 [95mCEU_cue_video: 0.5000 [95mCEU_synergy: 0.3872 [95mCEU_coexistence: 0.5634 [97mS:[93m38.7%[97m([91m9.0c[97m-[94mF1:31.6%) [97mU1:[93m64.3%[97m([91m6.7c[97m) [97mU2:[93m50.0%[97m([91m6.7c[97m) [97mR:[93m56.3%[97m([91m29.9c[97m) [97mS-L: [92m0:[96m42% [92m1:[96m20%[39m [39m
2026-07-25 15:54:44,545 - Agent - INFO - [37mVal Epoch 21 step 21 with [31mce_loss_combined : 1.099461 [31mce_loss_c : 0.802098 [31mce_loss_g : 1.211471 [31mkl_synergy_rand_1 : 0.000132 [31mkl_synergy_rand_2 : 0.000062 [31mkl_synergy_1 : 0.000120 [31mkl_synergy_2 : 0.000060 [31mtotal : 1.099835 [31mdiag_kl_1 : 0.285952 [31mdiag_kl_2 : 0.081591 [94mAcc_combined: 47.76 [94mAcc_c: 56.34 [94mAcc_g: 47.01 [92mF1_combined: 58.58 [92mF1_c: 52.63 [92mF1_g: 56.97 [95mCEU_cue_audio: 0.5713 [95mCEU_cue_video: 0.5555 [95mCEU_synergy: 0.3872 [95mCEU_coexistence: 0.5775 [97mS:[93m38.7%[97m([91m9.0c[97m-[94mF1:31.6%) [97mU1:[93m57.1%[97m([91m6.0c[97m) [97mU2:[93m55.6%[97m([91m7.5c[97m) [97mR:[93m57.7%[97m([91m30.6c[97m) [97mS-L: [92m0:[96m42% [92m1:[96m20%[39m [39m
2026-07-25 15:54:47,751 - Agent - INFO - [37mVal Epoch 22 step 22 with [31mce_loss_combined : 0.944595 [31mce_loss_c : 0.936703 [31mce_loss_g : 0.786405 [31mkl_synergy_rand_1 : 0.000108 [31mkl_synergy_rand_2 : 0.000094 [31mkl_synergy_1 : 0.000116 [31mkl_synergy_2 : 0.000097 [31mtotal : 0.945011 [31mdiag_kl_1 : 0.234100 [31mdiag_kl_2 : 0.065405 [94mAcc_combined: 50.00 [94mAcc_c: 56.72 [94mAcc_g: 51.87 [92mF1_combined: 59.88 [92mF1_c: 54.33 [92mF1_g: 65.96 [95mCEU_cue_audio: 0.7856 [95mCEU_cue_video: 0.5000 [95mCEU_synergy: 0.4194 [95mCEU_coexistence: 0.5493 [97mS:[93m41.9%[97m([91m9.7c[97m-[94mF1:33.6%) [97mU1:[93m78.6%[97m([91m8.2c[97m) [97mU2:[93m50.0%[97m([91m6.7c[97m) [97mR:[93m54.9%[97m([91m29.1c[97m) [97mS-L: [92m0:[96m46% [92m1:[96m20%[39m [39m
2026-07-25 15:54:51,052 - Agent - INFO - [37mVal Epoch 23 step 23 with [31mce_loss_combined : 1.075038 [31mce_loss_c : 0.763970 [31mce_loss_g : 1.075584 [31mkl_synergy_rand_1 : 0.000143 [31mkl_synergy_rand_2 : 0.000059 [31mkl_synergy_1 : 0.000124 [31mkl_synergy_2 : 0.000055 [31mtotal : 1.075419 [31mdiag_kl_1 : 0.298493 [31mdiag_kl_2 : 0.083630 [94mAcc_combined: 48.13 [94mAcc_c: 54.48 [94mAcc_g: 50.00 [92mF1_combined: 58.75 [92mF1_c: 48.74 [92mF1_g: 61.71 [95mCEU_cue_audio: 0.7856 [95mCEU_cue_video: 0.5000 [95mCEU_synergy: 0.2904 [95mCEU_coexistence: 0.6056 [97mS:[93m29.0%[97m([91m6.7c[97m-[94mF1:25.2%) [97mU1:[93m78.6%[97m([91m8.2c[97m) [97mU2:[93m50.0%[97m([91m6.7c[97m) [97mR:[93m60.6%[97m([91m32.1c[97m) [97mS-L: [92m0:[96m31% [92m1:[96m20%[39m [39m
2026-07-25 15:54:54,223 - Agent - INFO - [37mVal Epoch 24 step 24 with [31mce_loss_combined : 1.033425 [31mce_loss_c : 0.771456 [31mce_loss_g : 1.094324 [31mkl_synergy_rand_1 : 0.000121 [31mkl_synergy_rand_2 : 0.000108 [31mkl_synergy_1 : 0.000106 [31mkl_synergy_2 : 0.000104 [31mtotal : 1.033864 [31mdiag_kl_1 : 0.254861 [31mdiag_kl_2 : 0.108402 [94mAcc_combined: 47.76 [94mAcc_c: 57.46 [94mAcc_g: 50.37 [92mF1_combined: 59.77 [92mF1_c: 56.49 [92mF1_g: 62.54 [95mCEU_cue_audio: 0.7139 [95mCEU_cue_video: 0.6113 [95mCEU_synergy: 0.1936 [95mCEU_coexistence: 0.6479 [97mS:[93m19.4%[97m([91m4.5c[97m-[94mF1:18.0%) [97mU1:[93m71.4%[97m([91m7.5c[97m) [97mU2:[93m61.1%[97m([91m8.2c[97m) [97mR:[93m64.8%[97m([91m34.3c[97m) [97mS-L: [92m0:[96m19% [92m1:[96m20%[39m [39m
2026-07-25 15:54:57,282 - Agent - INFO - [37mVal Epoch 25 step 25 with [31mce_loss_combined : 1.011040 [31mce_loss_c : 0.878080 [31mce_loss_g : 0.954704 [31mkl_synergy_rand_1 : 0.000126 [31mkl_synergy_rand_2 : 0.000104 [31mkl_synergy_1 : 0.000123 [31mkl_synergy_2 : 0.000102 [31mtotal : 1.011494 [31mdiag_kl_1 : 0.255336 [31mdiag_kl_2 : 0.100837 [94mAcc_combined: 49.25 [94mAcc_c: 50.75 [94mAcc_g: 52.61 [92mF1_combined: 60.69 [92mF1_c: 44.54 [92mF1_g: 65.01 [95mCEU_cue_audio: 0.8574 [95mCEU_cue_video: 0.5000 [95mCEU_synergy: 0.2257 [95mCEU_coexistence: 0.6619 [97mS:[93m22.6%[97m([91m5.2c[97m-[94mF1:20.5%) [97mU1:[93m85.7%[97m([91m9.0c[97m) [97mU2:[93m50.0%[97m([91m6.7c[97m) [97mR:[93m66.2%[97m([91m35.1c[97m) [97mS-L: [92m0:[96m23% [92m1:[96m20%[39m [39m
2026-07-25 15:55:00,305 - Agent - INFO - [37mVal Epoch 26 step 26 with [31mce_loss_combined : 1.042820 [31mce_loss_c : 0.906728 [31mce_loss_g : 1.047512 [31mkl_synergy_rand_1 : 0.000129 [31mkl_synergy_rand_2 : 0.000123 [31mkl_synergy_1 : 0.000126 [31mkl_synergy_2 : 0.000120 [31mtotal : 1.043318 [31mdiag_kl_1 : 0.259858 [31mdiag_kl_2 : 0.131937 [94mAcc_combined: 51.49 [94mAcc_c: 54.10 [94mAcc_g: 50.37 [92mF1_combined: 55.48 [92mF1_c: 51.76 [92mF1_g: 62.32 [95mCEU_cue_audio: 0.7856 [95mCEU_cue_video: 0.5000 [95mCEU_synergy: 0.2257 [95mCEU_coexistence: 0.6056 [97mS:[93m22.6%[97m([91m5.2c[97m-[94mF1:20.5%) [97mU1:[93m78.6%[97m([91m8.2c[97m) [97mU2:[93m50.0%[97m([91m6.7c[97m) [97mR:[93m60.6%[97m([91m32.1c[97m) [97mS-L: [92m0:[96m23% [92m1:[96m20%[39m [39m
2026-07-25 15:55:03,281 - Agent - INFO - [37mVal Epoch 27 step 27 with [31mce_loss_combined : 1.235521 [31mce_loss_c : 1.092780 [31mce_loss_g : 1.064991 [31mkl_synergy_rand_1 : 0.000199 [31mkl_synergy_rand_2 : 0.000106 [31mkl_synergy_1 : 0.000197 [31mkl_synergy_2 : 0.000102 [31mtotal : 1.236124 [31mdiag_kl_1 : 0.380701 [31mdiag_kl_2 : 0.155031 [94mAcc_combined: 47.76 [94mAcc_c: 46.27 [94mAcc_g: 50.37 [92mF1_combined: 52.05 [92mF1_c: 42.86 [92mF1_g: 61.89 [95mCEU_cue_audio: 0.7139 [95mCEU_cue_video: 0.4445 [95mCEU_synergy: 0.3225 [95mCEU_coexistence: 0.5352 [97mS:[93m32.3%[97m([91m7.5c[97m-[94mF1:24.4%) [97mU1:[93m71.4%[97m([91m7.5c[97m) [97mU2:[93m44.4%[97m([91m6.0c[97m) [97mR:[93m53.5%[97m([91m28.4c[97m) [97mS-L: [92m0:[96m38%[39m [39m
2026-07-25 15:55:06,307 - Evaluator - INFO - New best with accuracy-
2026-07-25 15:55:06,307 - Agent - INFO - [37mVal Epoch 28 step 28 with [31mce_loss_combined : 1.019661 [31mce_loss_c : 1.043742 [31mce_loss_g : 0.750613 [31mkl_synergy_rand_1 : 0.000123 [31mkl_synergy_rand_2 : 0.000214 [31mkl_synergy_1 : 0.000127 [31mkl_synergy_2 : 0.000219 [31mtotal : 1.020343 [31mdiag_kl_1 : 0.307304 [31mdiag_kl_2 : 0.169147 [94mAcc_combined: 52.99 [94mAcc_c: 54.48 [94mAcc_g: 52.24 [92mF1_combined: 56.85 [92mF1_c: 51.97 [92mF1_g: 66.32 [95mCEU_cue_audio: 0.5713 [95mCEU_cue_video: 0.3887 [95mCEU_synergy: 0.4194 [95mCEU_coexistence: 0.6338 [97mS:[93m41.9%[97m([91m9.7c[97m-[94mF1:33.6%) [97mU1:[93m57.1%[97m([91m6.0c[97m) [97mU2:[93m38.9%[97m([91m5.2c[97m) [97mR:[93m63.4%[97m([91m33.6c[97m) [97mS-L: [92m0:[96m46% [92m1:[96m20%[39m [39m
2026-07-25 15:55:06,326 - Agent - INFO - [37mTest Epoch 28 step 28 with [31mce_loss_combined : 0.838472 [31mce_loss_c : 0.874724 [31mce_loss_g : 0.665781 [31mkl_synergy_rand_1 : 0.000192 [31mkl_synergy_rand_2 : 0.000168 [31mkl_synergy_1 : 0.000198 [31mkl_synergy_2 : 0.000166 [31mtotal : 0.839197 [31mdiag_kl_1 : 0.321062 [31mdiag_kl_2 : 0.171557 [94mAcc_combined: 58.21 [94mAcc_c: 55.97 [94mAcc_g: 55.97 [92mF1_combined: 62.16 [92mF1_c: 53.54 [92mF1_g: 69.11 [95mCEU_cue_audio: 0.6667 [95mCEU_cue_video: 0.5628 [95mCEU_synergy: 0.3778 [95mCEU_coexistence: 0.6909 [97mS:[93m37.8%[97m([91m12.7c[97m-[94mF1:27.4%) [97mU1:[93m66.7%[97m([91m9.0c[97m) [97mU2:[93m56.2%[97m([91m6.7c[97m) [97mR:[93m69.1%[97m([91m28.4c[97m) [97mS-L: [92m0:[96m40%[39m [39m
2026-07-25 15:55:06,673 - Agent - INFO - [37mModel saved successfully at: ./artifacts/models/multibench/mustard/vt/SynIB_RMask_REFABL_mustard_fold1_l0.001_perturbrandom_fillema_pmin0.1_refunimodal_anchor_lr0.0005_wd0.001.pth.tar[39m
2026-07-25 15:55:09,733 - Agent - INFO - [37mVal Epoch 29 step 29 with [31mce_loss_combined : 1.036048 [31mce_loss_c : 0.878172 [31mce_loss_g : 0.974246 [31mkl_synergy_rand_1 : 0.000161 [31mkl_synergy_rand_2 : 0.000148 [31mkl_synergy_1 : 0.000155 [31mkl_synergy_2 : 0.000138 [31mtotal : 1.036649 [31mdiag_kl_1 : 0.249479 [31mdiag_kl_2 : 0.135898 [94mAcc_combined: 48.51 [94mAcc_c: 45.52 [94mAcc_g: 51.87 [92mF1_combined: 53.06 [92mF1_c: 42.06 [92mF1_g: 64.27 [95mCEU_cue_audio: 0.7139 [95mCEU_cue_video: 0.5555 [95mCEU_synergy: 0.1936 [95mCEU_coexistence: 0.5493 [97mS:[93m19.4%[97m([91m4.5c[97m-[94mF1:16.2%) [97mU1:[93m71.4%[97m([91m7.5c[97m) [97mU2:[93m55.6%[97m([91m7.5c[97m) [97mR:[93m54.9%[97m([91m29.1c[97m) [97mS-L: [92m0:[96m23%[39m [39m
2026-07-25 15:55:12,733 - Agent - INFO - [37mVal Epoch 30 step 30 with [31mce_loss_combined : 1.296172 [31mce_loss_c : 1.318982 [31mce_loss_g : 0.985941 [31mkl_synergy_rand_1 : 0.000266 [31mkl_synergy_rand_2 : 0.000196 [31mkl_synergy_1 : 0.000277 [31mkl_synergy_2 : 0.000186 [31mtotal : 1.297096 [31mdiag_kl_1 : 0.452080 [31mdiag_kl_2 : 0.241639 [94mAcc_combined: 48.13 [94mAcc_c: 48.51 [94mAcc_g: 51.49 [92mF1_combined: 50.53 [92mF1_c: 46.92 [92mF1_g: 63.89 [95mCEU_cue_audio: 0.7856 [95mCEU_cue_video: 0.4445 [95mCEU_synergy: 0.3225 [95mCEU_coexistence: 0.5071 [97mS:[93m32.3%[97m([91m7.5c[97m-[94mF1:24.4%) [97mU1:[93m78.6%[97m([91m8.2c[97m) [97mU2:[93m44.4%[97m([91m6.0c[97m) [97mR:[93m50.7%[97m([91m26.9c[97m) [97mS-L: [92m0:[96m38%[39m [39m
2026-07-25 15:55:15,976 - Agent - INFO - [37mVal Epoch 31 step 31 with [31mce_loss_combined : 1.147176 [31mce_loss_c : 1.024373 [31mce_loss_g : 1.025549 [31mkl_synergy_rand_1 : 0.000169 [31mkl_synergy_rand_2 : 0.000232 [31mkl_synergy_1 : 0.000169 [31mkl_synergy_2 : 0.000221 [31mtotal : 1.147967 [31mdiag_kl_1 : 0.328428 [31mdiag_kl_2 : 0.248091 [94mAcc_combined: 49.63 [94mAcc_c: 50.00 [94mAcc_g: 50.00 [92mF1_combined: 52.63 [92mF1_c: 49.24 [92mF1_g: 62.57 [95mCEU_cue_audio: 0.6431 [95mCEU_cue_video: 0.5000 [95mCEU_synergy: 0.1936 [95mCEU_coexistence: 0.5915 [97mS:[93m19.4%[97m([91m4.5c[97m-[94mF1:18.0%) [97mU1:[93m64.3%[97m([91m6.7c[97m) [97mU2:[93m50.0%[97m([91m6.7c[97m) [97mR:[93m59.2%[97m([91m31.3c[97m) [97mS-L: [92m0:[96m19% [92m1:[96m20%[39m [39m
2026-07-25 15:55:18,963 - Agent - INFO - [37mVal Epoch 32 step 32 with [31mce_loss_combined : 0.915809 [31mce_loss_c : 0.956678 [31mce_loss_g : 0.646621 [31mkl_synergy_rand_1 : 0.000107 [31mkl_synergy_rand_2 : 0.000402 [31mkl_synergy_1 : 0.000102 [31mkl_synergy_2 : 0.000385 [31mtotal : 0.916805 [31mdiag_kl_1 : 0.238796 [31mdiag_kl_2 : 0.296008 [94mAcc_combined: 52.99 [94mAcc_c: 51.12 [94mAcc_g: 52.99 [92mF1_combined: 55.94 [92mF1_c: 48.22 [92mF1_g: 67.36 [95mCEU_cue_audio: 0.6431 [95mCEU_cue_video: 0.5000 [95mCEU_synergy: 0.2257 [95mCEU_coexistence: 0.6761 [97mS:[93m22.6%[97m([91m5.2c[97m-[94mF1:21.8%) [97mU1:[93m64.3%[97m([91m6.7c[97m) [97mU2:[93m50.0%[97m([91m6.7c[97m) [97mR:[93m67.6%[97m([91m35.8c[97m) [97mS-L: [92m0:[96m19% [92m1:[96m40%[39m [39m
2026-07-25 15:55:21,962 - Agent - INFO - [37mVal Epoch 33 step 33 with [31mce_loss_combined : 1.506516 [31mce_loss_c : 1.359156 [31mce_loss_g : 1.098799 [31mkl_synergy_rand_1 : 0.000335 [31mkl_synergy_rand_2 : 0.000198 [31mkl_synergy_1 : 0.000331 [31mkl_synergy_2 : 0.000180 [31mtotal : 1.507560 [31mdiag_kl_1 : 0.555603 [31mdiag_kl_2 : 0.273514 [94mAcc_combined: 46.27 [94mAcc_c: 43.66 [94mAcc_g: 50.00 [92mF1_combined: 49.30 [92mF1_c: 42.15 [92mF1_g: 62.57 [95mCEU_cue_audio: 0.6431 [95mCEU_cue_video: 0.5000 [95mCEU_synergy: 0.3225 [95mCEU_coexistence: 0.4789 [97mS:[93m32.3%[97m([91m7.5c[97m-[94mF1:24.4%) [97mU1:[93m64.3%[97m([91m6.7c[97m) [97mU2:[93m50.0%[97m([91m6.7c[97m) [97mR:[93m47.9%[97m([91m25.4c[97m) [97mS-L: [92m0:[96m38%[39m [39m
2026-07-25 15:55:25,142 - Agent - INFO - [37mVal Epoch 34 step 34 with [31mce_loss_combined : 1.345966 [31mce_loss_c : 1.440166 [31mce_loss_g : 0.758993 [31mkl_synergy_rand_1 : 0.000215 [31mkl_synergy_rand_2 : 0.000293 [31mkl_synergy_1 : 0.000220 [31mkl_synergy_2 : 0.000276 [31mtotal : 1.346970 [31mdiag_kl_1 : 0.471496 [31mdiag_kl_2 : 0.326572 [94mAcc_combined: 45.90 [94mAcc_c: 42.54 [94mAcc_g: 51.87 [92mF1_combined: 47.27 [92mF1_c: 41.22 [92mF1_g: 65.96 [95mCEU_cue_audio: 0.7856 [95mCEU_cue_video: 0.3333 [95mCEU_synergy: 0.2904 [95mCEU_coexistence: 0.4929 [97mS:[93m29.0%[97m([91m6.7c[97m-[94mF1:22.5%) [97mU1:[93m78.6%[97m([91m8.2c[97m) [97mU2:[93m33.3%[97m([91m4.5c[97m) [97mR:[93m49.3%[97m([91m26.1c[97m) [97mS-L: [92m0:[96m35%[39m [39m
2026-07-25 15:55:28,329 - Agent - INFO - [37mVal Epoch 35 step 35 with [31mce_loss_combined : 1.292582 [31mce_loss_c : 1.173111 [31mce_loss_g : 0.849318 [31mkl_synergy_rand_1 : 0.000295 [31mkl_synergy_rand_2 : 0.000184 [31mkl_synergy_1 : 0.000283 [31mkl_synergy_2 : 0.000181 [31mtotal : 1.293524 [31mdiag_kl_1 : 0.441804 [31mdiag_kl_2 : 0.207096 [94mAcc_combined: 45.15 [94mAcc_c: 44.40 [94mAcc_g: 51.87 [92mF1_combined: 48.78 [92mF1_c: 42.47 [92mF1_g: 65.23 [95mCEU_cue_audio: 0.6431 [95mCEU_cue_video: 0.3887 [95mCEU_synergy: 0.4838 [95mCEU_coexistence: 0.4225 [97mS:[93m48.4%[97m([91m11.2c[97m-[94mF1:32.6%) [97mU1:[93m64.3%[97m([91m6.7c[97m) [97mU2:[93m38.9%[97m([91m5.2c[97m) [97mR:[93m42.3%[97m([91m22.4c[97m) [97mS-L: [92m0:[96m58%[39m [39m
2026-07-25 15:55:31,381 - Agent - INFO - [37mVal Epoch 36 step 36 with [31mce_loss_combined : 1.544374 [31mce_loss_c : 1.583766 [31mce_loss_g : 0.891217 [31mkl_synergy_rand_1 : 0.000329 [31mkl_synergy_rand_2 : 0.000257 [31mkl_synergy_1 : 0.000326 [31mkl_synergy_2 : 0.000246 [31mtotal : 1.545531 [31mdiag_kl_1 : 0.590235 [31mdiag_kl_2 : 0.314550 [94mAcc_combined: 42.91 [94mAcc_c: 41.42 [94mAcc_g: 51.87 [92mF1_combined: 44.36 [92mF1_c: 40.75 [92mF1_g: 64.85 [95mCEU_cue_audio: 0.7139 [95mCEU_cue_video: 0.3333 [95mCEU_synergy: 0.2904 [95mCEU_coexistence: 0.4789 [97mS:[93m29.0%[97m([91m6.7c[97m-[94mF1:22.5%) [97mU1:[93m71.4%[97m([91m7.5c[97m) [97mU2:[93m33.3%[97m([91m4.5c[97m) [97mR:[93m47.9%[97m([91m25.4c[97m) [97mS-L: [92m0:[96m35%[39m [39m
2026-07-25 15:55:34,505 - Agent - INFO - [37mVal Epoch 37 step 37 with [31mce_loss_combined : 1.468985 [31mce_loss_c : 1.432951 [31mce_loss_g : 0.842613 [31mkl_synergy_rand_1 : 0.000350 [31mkl_synergy_rand_2 : 0.000385 [31mkl_synergy_1 : 0.000357 [31mkl_synergy_2 : 0.000368 [31mtotal : 1.470444 [31mdiag_kl_1 : 0.599985 [31mdiag_kl_2 : 0.363477 [94mAcc_combined: 47.76 [94mAcc_c: 47.76 [94mAcc_g: 51.87 [92mF1_combined: 48.53 [92mF1_c: 46.97 [92mF1_g: 65.78 [95mCEU_cue_audio: 0.7139 [95mCEU_cue_video: 0.3887 [95mCEU_synergy: 0.3548 [95mCEU_coexistence: 0.4929 [97mS:[93m35.5%[97m([91m8.2c[97m-[94mF1:26.2%) [97mU1:[93m71.4%[97m([91m7.5c[97m) [97mU2:[93m38.9%[97m([91m5.2c[97m) [97mR:[93m49.3%[97m([91m26.1c[97m) [97mS-L: [92m0:[96m42%[39m [39m
2026-07-25 15:55:37,603 - Evaluator - INFO - New best with accuracy-
2026-07-25 15:55:37,604 - Agent - INFO - [37mVal Epoch 38 step 38 with [31mce_loss_combined : 1.208316 [31mce_loss_c : 1.017250 [31mce_loss_g : 0.988999 [31mkl_synergy_rand_1 : 0.000257 [31mkl_synergy_rand_2 : 0.000247 [31mkl_synergy_1 : 0.000248 [31mkl_synergy_2 : 0.000216 [31mtotal : 1.209283 [31mdiag_kl_1 : 0.424390 [31mdiag_kl_2 : 0.434743 [94mAcc_combined: 53.73 [94mAcc_c: 52.61 [94mAcc_g: 60.07 [92mF1_combined: 53.73 [92mF1_c: 51.71 [92mF1_g: 62.98 [95mCEU_cue_audio: 0.7139 [95mCEU_cue_video: 0.4445 [95mCEU_synergy: 0.1292 [95mCEU_coexistence: 0.7042 [97mS:[93m12.9%[97m([91m3.0c[97m-[94mF1:12.5%) [97mU1:[93m71.4%[97m([91m7.5c[97m) [97mU2:[93m44.4%[97m([91m6.0c[97m) [97mR:[93m70.4%[97m([91m37.3c[97m) [97mS-L: [92m0:[96m12% [92m1:[96m20%[39m [39m
2026-07-25 15:55:37,622 - Agent - INFO - [37mTest Epoch 38 step 38 with [31mce_loss_combined : 0.874275 [31mce_loss_c : 0.917260 [31mce_loss_g : 0.754793 [31mkl_synergy_rand_1 : 0.000224 [31mkl_synergy_rand_2 : 0.000282 [31mkl_synergy_1 : 0.000212 [31mkl_synergy_2 : 0.000252 [31mtotal : 0.875245 [31mdiag_kl_1 : 0.345305 [31mdiag_kl_2 : 0.335395 [94mAcc_combined: 60.07 [94mAcc_c: 52.24 [94mAcc_g: 59.70 [92mF1_combined: 61.37 [92mF1_c: 51.52 [92mF1_g: 64.24 [95mCEU_cue_audio: 0.6113 [95mCEU_cue_video: 0.7498 [95mCEU_synergy: 0.2667 [95mCEU_coexistence: 0.8000 [97mS:[93m26.7%[97m([91m9.0c[97m-[94mF1:21.1%) [97mU1:[93m61.1%[97m([91m8.2c[97m) [97mU2:[93m75.0%[97m([91m9.0c[97m) [97mR:[93m80.0%[97m([91m32.8c[97m) [97mS-L: [92m0:[96m28%[39m [39m
2026-07-25 15:55:38,021 - Agent - INFO - [37mModel saved successfully at: ./artifacts/models/multibench/mustard/vt/SynIB_RMask_REFABL_mustard_fold1_l0.001_perturbrandom_fillema_pmin0.1_refunimodal_anchor_lr0.0005_wd0.001.pth.tar[39m
2026-07-25 15:55:41,107 - Agent - INFO - [37mVal Epoch 39 step 39 with [31mce_loss_combined : 1.347017 [31mce_loss_c : 1.254172 [31mce_loss_g : 0.985195 [31mkl_synergy_rand_1 : 0.000254 [31mkl_synergy_rand_2 : 0.000167 [31mkl_synergy_1 : 0.000266 [31mkl_synergy_2 : 0.000152 [31mtotal : 1.347856 [31mdiag_kl_1 : 0.454974 [31mdiag_kl_2 : 0.283519 [94mAcc_combined: 45.15 [94mAcc_c: 39.55 [94mAcc_g: 55.97 [92mF1_combined: 48.06 [92mF1_c: 37.21 [92mF1_g: 64.46 [95mCEU_cue_audio: 0.6431 [95mCEU_cue_video: 0.4445 [95mCEU_synergy: 0.1936 [95mCEU_coexistence: 0.5634 [97mS:[93m19.4%[97m([91m4.5c[97m-[94mF1:16.2%) [97mU1:[93m64.3%[97m([91m6.7c[97m) [97mU2:[93m44.4%[97m([91m6.0c[97m) [97mR:[93m56.3%[97m([91m29.9c[97m) [97mS-L: [92m0:[96m23%[39m [39m
2026-07-25 15:55:44,457 - Agent - INFO - [37mVal Epoch 40 step 40 with [31mce_loss_combined : 1.182090 [31mce_loss_c : 1.166113 [31mce_loss_g : 0.854507 [31mkl_synergy_rand_1 : 0.000139 [31mkl_synergy_rand_2 : 0.000267 [31mkl_synergy_1 : 0.000139 [31mkl_synergy_2 : 0.000244 [31mtotal : 1.182879 [31mdiag_kl_1 : 0.406701 [31mdiag_kl_2 : 0.348940 [94mAcc_combined: 50.75 [94mAcc_c: 50.00 [94mAcc_g: 52.24 [92mF1_combined: 51.82 [92mF1_c: 48.46 [92mF1_g: 65.78 [95mCEU_cue_audio: 0.7139 [95mCEU_cue_video: 0.4445 [95mCEU_synergy: 0.0968 [95mCEU_coexistence: 0.6479 [97mS:[93m9.7%[97m([91m2.2c[97m-[94mF1:8.8%) [97mU1:[93m71.4%[97m([91m7.5c[97m) [97mU2:[93m44.4%[97m([91m6.0c[97m) [97mR:[93m64.8%[97m([91m34.3c[97m) [97mS-L: [92m0:[96m12%[39m [39m
2026-07-25 15:55:47,697 - Agent - INFO - [37mVal Epoch 41 step 41 with [31mce_loss_combined : 1.272905 [31mce_loss_c : 1.264564 [31mce_loss_g : 0.867270 [31mkl_synergy_rand_1 : 0.000171 [31mkl_synergy_rand_2 : 0.000251 [31mkl_synergy_1 : 0.000166 [31mkl_synergy_2 : 0.000244 [31mtotal : 1.273737 [31mdiag_kl_1 : 0.426461 [31mdiag_kl_2 : 0.366539 [94mAcc_combined: 47.01 [94mAcc_c: 44.03 [94mAcc_g: 57.09 [92mF1_combined: 50.00 [92mF1_c: 41.41 [92mF1_g: 66.28 [95mCEU_cue_audio: 0.7139 [95mCEU_cue_video: 0.3887 [95mCEU_synergy: 0.2257 [95mCEU_coexistence: 0.5775 [97mS:[93m22.6%[97m([91m5.2c[97m-[94mF1:18.4%) [97mU1:[93m71.4%[97m([91m7.5c[97m) [97mU2:[93m38.9%[97m([91m5.2c[97m) [97mR:[93m57.7%[97m([91m30.6c[97m) [97mS-L: [92m0:[96m27%[39m [39m
2026-07-25 15:55:50,807 - Agent - INFO - [37mVal Epoch 42 step 42 with [31mce_loss_combined : 1.477184 [31mce_loss_c : 1.469729 [31mce_loss_g : 0.869053 [31mkl_synergy_rand_1 : 0.000268 [31mkl_synergy_rand_2 : 0.000415 [31mkl_synergy_1 : 0.000276 [31mkl_synergy_2 : 0.000380 [31mtotal : 1.478523 [31mdiag_kl_1 : 0.590205 [31mdiag_kl_2 : 0.487594 [94mAcc_combined: 44.03 [94mAcc_c: 43.28 [94mAcc_g: 59.70 [92mF1_combined: 46.04 [92mF1_c: 42.42 [92mF1_g: 67.07 [95mCEU_cue_audio: 0.5713 [95mCEU_cue_video: 0.3333 [95mCEU_synergy: 0.2581 [95mCEU_coexistence: 0.5352 [97mS:[93m25.8%[97m([91m6.0c[97m-[94mF1:20.5%) [97mU1:[93m57.1%[97m([91m6.0c[97m) [97mU2:[93m33.3%[97m([91m4.5c[97m) [97mR:[93m53.5%[97m([91m28.4c[97m) [97mS-L: [92m0:[96m31%[39m [39m
2026-07-25 15:55:54,121 - Agent - INFO - [37mVal Epoch 43 step 43 with [31mce_loss_combined : 1.452644 [31mce_loss_c : 1.501966 [31mce_loss_g : 0.740591 [31mkl_synergy_rand_1 : 0.000225 [31mkl_synergy_rand_2 : 0.000477 [31mkl_synergy_1 : 0.000223 [31mkl_synergy_2 : 0.000494 [31mtotal : 1.454062 [31mdiag_kl_1 : 0.629567 [31mdiag_kl_2 : 0.585036 [94mAcc_combined: 46.27 [94mAcc_c: 44.03 [94mAcc_g: 61.57 [92mF1_combined: 48.20 [92mF1_c: 43.18 [92mF1_g: 66.45 [95mCEU_cue_audio: 0.5713 [95mCEU_cue_video: 0.2777 [95mCEU_synergy: 0.1936 [95mCEU_coexistence: 0.6056 [97mS:[93m19.4%[97m([91m4.5c[97m-[94mF1:16.2%) [97mU1:[93m57.1%[97m([91m6.0c[97m) [97mU2:[93m27.8%[97m([91m3.7c[97m) [97mR:[93m60.6%[97m([91m32.1c[97m) [97mS-L: [92m0:[96m23%[39m [39m
2026-07-25 15:55:57,338 - Agent - INFO - [37mVal Epoch 44 step 44 with [31mce_loss_combined : 1.463043 [31mce_loss_c : 1.429690 [31mce_loss_g : 0.809025 [31mkl_synergy_rand_1 : 0.000250 [31mkl_synergy_rand_2 : 0.000576 [31mkl_synergy_1 : 0.000233 [31mkl_synergy_2 : 0.000535 [31mtotal : 1.464637 [31mdiag_kl_1 : 0.674052 [31mdiag_kl_2 : 0.774176 [94mAcc_combined: 47.39 [94mAcc_c: 47.01 [94mAcc_g: 65.30 [92mF1_combined: 49.10 [92mF1_c: 45.80 [92mF1_g: 66.90 [95mCEU_cue_audio: 0.7139 [95mCEU_cue_video: 0.3887 [95mCEU_synergy: 0.0968 [95mCEU_coexistence: 0.6197 [97mS:[93m9.7%[97m([91m2.2c[97m-[94mF1:8.8%) [97mU1:[93m71.4%[97m([91m7.5c[97m) [97mU2:[93m38.9%[97m([91m5.2c[97m) [97mR:[93m62.0%[97m([91m32.8c[97m) [97mS-L: [92m0:[96m12%[39m [39m
2026-07-25 15:56:00,726 - Agent - INFO - [37mVal Epoch 45 step 45 with [31mce_loss_combined : 1.554605 [31mce_loss_c : 1.418059 [31mce_loss_g : 0.882961 [31mkl_synergy_rand_1 : 0.000227 [31mkl_synergy_rand_2 : 0.000388 [31mkl_synergy_1 : 0.000229 [31mkl_synergy_2 : 0.000375 [31mtotal : 1.555823 [31mdiag_kl_1 : 0.666111 [31mdiag_kl_2 : 0.647244 [94mAcc_combined: 48.51 [94mAcc_c: 44.40 [94mAcc_g: 57.84 [92mF1_combined: 50.00 [92mF1_c: 44.19 [92mF1_g: 64.58 [95mCEU_cue_audio: 0.6431 [95mCEU_cue_video: 0.4445 [95mCEU_synergy: 0.0968 [95mCEU_coexistence: 0.6338 [97mS:[93m9.7%[97m([91m2.2c[97m-[94mF1:8.8%) [97mU1:[93m64.3%[97m([91m6.7c[97m) [97mU2:[93m44.4%[97m([91m6.0c[97m) [97mR:[93m63.4%[97m([91m33.6c[97m) [97mS-L: [92m0:[96m12%[39m [39m
2026-07-25 15:56:03,959 - Agent - INFO - [37mVal Epoch 46 step 46 with [31mce_loss_combined : 1.626317 [31mce_loss_c : 1.401228 [31mce_loss_g : 1.033453 [31mkl_synergy_rand_1 : 0.000225 [31mkl_synergy_rand_2 : 0.000397 [31mkl_synergy_1 : 0.000220 [31mkl_synergy_2 : 0.000410 [31mtotal : 1.627569 [31mdiag_kl_1 : 0.689798 [31mdiag_kl_2 : 0.641560 [94mAcc_combined: 48.88 [94mAcc_c: 48.13 [94mAcc_g: 60.82 [92mF1_combined: 49.82 [92mF1_c: 46.74 [92mF1_g: 62.63 [95mCEU_cue_audio: 0.6431 [95mCEU_cue_video: 0.4445 [95mCEU_synergy: 0.1936 [95mCEU_coexistence: 0.6056 [97mS:[93m19.4%[97m([91m4.5c[97m-[94mF1:16.2%) [97mU1:[93m64.3%[97m([91m6.7c[97m) [97mU2:[93m44.4%[97m([91m6.0c[97m) [97mR:[93m60.6%[97m([91m32.1c[97m) [97mS-L: [92m0:[96m23%[39m [39m
2026-07-25 15:56:07,204 - Agent - INFO - [37mVal Epoch 47 step 47 with [31mce_loss_combined : 1.794980 [31mce_loss_c : 1.615507 [31mce_loss_g : 0.961488 [31mkl_synergy_rand_1 : 0.000313 [31mkl_synergy_rand_2 : 0.000556 [31mkl_synergy_1 : 0.000302 [31mkl_synergy_2 : 0.000573 [31mtotal : 1.796725 [31mdiag_kl_1 : 0.860798 [31mdiag_kl_2 : 0.717826 [94mAcc_combined: 45.15 [94mAcc_c: 42.16 [94mAcc_g: 57.09 [92mF1_combined: 46.55 [92mF1_c: 41.51 [92mF1_g: 63.95 [95mCEU_cue_audio: 0.5713 [95mCEU_cue_video: 0.1668 [95mCEU_synergy: 0.3225 [95mCEU_coexistence: 0.5211 [97mS:[93m32.3%[97m([91m7.5c[97m-[94mF1:24.4%) [97mU1:[93m57.1%[97m([91m6.0c[97m) [97mU2:[93m16.7%[97m([91m2.2c[97m) [97mR:[93m52.1%[97m([91m27.6c[97m) [97mS-L: [92m0:[96m38%[39m [39m
2026-07-25 15:56:10,605 - Agent - INFO - [37mVal Epoch 48 step 48 with [31mce_loss_combined : 1.614869 [31mce_loss_c : 1.473391 [31mce_loss_g : 1.032236 [31mkl_synergy_rand_1 : 0.000281 [31mkl_synergy_rand_2 : 0.000470 [31mkl_synergy_1 : 0.000275 [31mkl_synergy_2 : 0.000444 [31mtotal : 1.616338 [31mdiag_kl_1 : 0.730187 [31mdiag_kl_2 : 0.808131 [94mAcc_combined: 50.37 [94mAcc_c: 44.40 [94mAcc_g: 55.97 [92mF1_combined: 52.33 [92mF1_c: 43.35 [92mF1_g: 62.89 [95mCEU_cue_audio: 0.7139 [95mCEU_cue_video: 0.3333 [95mCEU_synergy: 0.0644 [95mCEU_coexistence: 0.6619 [97mS:[93m6.5%[97m([91m1.5c[97m-[94mF1:6.1%) [97mU1:[93m71.4%[97m([91m7.5c[97m) [97mU2:[93m33.3%[97m([91m4.5c[97m) [97mR:[93m66.2%[97m([91m35.1c[97m) [97mS-L: [92m0:[96m8%[39m [39m
2026-07-25 15:56:13,822 - Agent - INFO - [37mVal Epoch 49 step 49 with [31mce_loss_combined : 1.800329 [31mce_loss_c : 1.580303 [31mce_loss_g : 1.065993 [31mkl_synergy_rand_1 : 0.000248 [31mkl_synergy_rand_2 : 0.000483 [31mkl_synergy_1 : 0.000247 [31mkl_synergy_2 : 0.000459 [31mtotal : 1.801766 [31mdiag_kl_1 : 0.886221 [31mdiag_kl_2 : 0.814929 [94mAcc_combined: 49.63 [94mAcc_c: 45.52 [94mAcc_g: 58.58 [92mF1_combined: 50.55 [92mF1_c: 43.85 [92mF1_g: 62.63 [95mCEU_cue_audio: 0.7139 [95mCEU_cue_video: 0.3887 [95mCEU_synergy: 0.1936 [95mCEU_coexistence: 0.6056 [97mS:[93m19.4%[97m([91m4.5c[97m-[94mF1:16.2%) [97mU1:[93m71.4%[97m([91m7.5c[97m) [97mU2:[93m38.9%[97m([91m5.2c[97m) [97mR:[93m60.6%[97m([91m32.1c[97m) [97mS-L: [92m0:[96m23%[39m [39m
2026-07-25 15:56:16,980 - Agent - INFO - [37mVal Epoch 50 step 50 with [31mce_loss_combined : 2.056005 [31mce_loss_c : 1.809834 [31mce_loss_g : 1.114092 [31mkl_synergy_rand_1 : 0.000340 [31mkl_synergy_rand_2 : 0.000618 [31mkl_synergy_1 : 0.000336 [31mkl_synergy_2 : 0.000578 [31mtotal : 2.057876 [31mdiag_kl_1 : 1.021410 [31mdiag_kl_2 : 0.955367 [94mAcc_combined: 43.66 [94mAcc_c: 42.54 [94mAcc_g: 58.21 [92mF1_combined: 45.09 [92mF1_c: 42.11 [92mF1_g: 61.90 [95mCEU_cue_audio: 0.5713 [95mCEU_cue_video: 0.2777 [95mCEU_synergy: 0.1292 [95mCEU_coexistence: 0.5775 [97mS:[93m12.9%[97m([91m3.0c[97m-[94mF1:11.4%) [97mU1:[93m57.1%[97m([91m6.0c[97m) [97mU2:[93m27.8%[97m([91m3.7c[97m) [97mR:[93m57.7%[97m([91m30.6c[97m) [97mS-L: [92m0:[96m15%[39m [39m
2026-07-25 15:56:20,894 - Agent - INFO - [37mVal Epoch 51 step 51 with [31mce_loss_combined : 1.841124 [31mce_loss_c : 1.553627 [31mce_loss_g : 1.142881 [31mkl_synergy_rand_1 : 0.000504 [31mkl_synergy_rand_2 : 0.000666 [31mkl_synergy_1 : 0.000490 [31mkl_synergy_2 : 0.000639 [31mtotal : 1.843423 [31mdiag_kl_1 : 1.057420 [31mdiag_kl_2 : 1.101931 [94mAcc_combined: 53.73 [94mAcc_c: 47.76 [94mAcc_g: 61.57 [92mF1_combined: 55.07 [92mF1_c: 46.97 [92mF1_g: 63.86 [95mCEU_cue_audio: 0.5713 [95mCEU_cue_video: 0.4445 [95mCEU_synergy: 0.4194 [95mCEU_coexistence: 0.6197 [97mS:[93m41.9%[97m([91m9.7c[97m-[94mF1:33.6%) [97mU1:[93m57.1%[97m([91m6.0c[97m) [97mU2:[93m44.4%[97m([91m6.0c[97m) [97mR:[93m62.0%[97m([91m32.8c[97m) [97mS-L: [92m0:[96m46% [92m1:[96m20%[39m [39m
2026-07-25 15:56:24,560 - Agent - INFO - [37mVal Epoch 52 step 52 with [31mce_loss_combined : 2.014550 [31mce_loss_c : 1.980288 [31mce_loss_g : 1.409360 [31mkl_synergy_rand_1 : 0.000354 [31mkl_synergy_rand_2 : 0.000609 [31mkl_synergy_1 : 0.000355 [31mkl_synergy_2 : 0.000612 [31mtotal : 2.016480 [31mdiag_kl_1 : 0.889220 [31mdiag_kl_2 : 0.755862 [94mAcc_combined: 41.04 [94mAcc_c: 34.70 [94mAcc_g: 59.70 [92mF1_combined: 42.75 [92mF1_c: 33.96 [92mF1_g: 61.70 [95mCEU_cue_audio: 0.5000 [95mCEU_cue_video: 0.3333 [95mCEU_synergy: 0.3548 [95mCEU_coexistence: 0.4366 [97mS:[93m35.5%[97m([91m8.2c[97m-[94mF1:26.2%) [97mU1:[93m50.0%[97m([91m5.2c[97m) [97mU2:[93m33.3%[97m([91m4.5c[97m) [97mR:[93m43.7%[97m([91m23.1c[97m) [97mS-L: [92m0:[96m42%[39m [39m
2026-07-25 15:56:28,064 - Agent - INFO - [37mVal Epoch 53 step 53 with [31mce_loss_combined : 2.026479 [31mce_loss_c : 1.776595 [31mce_loss_g : 1.225235 [31mkl_synergy_rand_1 : 0.000337 [31mkl_synergy_rand_2 : 0.000741 [31mkl_synergy_1 : 0.000324 [31mkl_synergy_2 : 0.000783 [31mtotal : 2.028665 [31mdiag_kl_1 : 1.071078 [31mdiag_kl_2 : 0.802882 [94mAcc_combined: 48.13 [94mAcc_c: 43.28 [94mAcc_g: 57.46 [92mF1_combined: 49.45 [92mF1_c: 41.98 [92mF1_g: 62.00 [95mCEU_cue_audio: 0.6431 [95mCEU_cue_video: 0.3333 [95mCEU_synergy: 0.4516 [95mCEU_coexistence: 0.4929 [97mS:[93m45.2%[97m([91m10.4c[97m-[94mF1:31.1%) [97mU1:[93m64.3%[97m([91m6.7c[97m) [97mU2:[93m33.3%[97m([91m4.5c[97m) [97mR:[93m49.3%[97m([91m26.1c[97m) [97mS-L: [92m0:[96m54%[39m [39m
2026-07-25 15:56:31,630 - Agent - INFO - [37mVal Epoch 54 step 54 with [31mce_loss_combined : 2.115088 [31mce_loss_c : 1.808113 [31mce_loss_g : 1.241117 [31mkl_synergy_rand_1 : 0.000415 [31mkl_synergy_rand_2 : 0.000987 [31mkl_synergy_1 : 0.000379 [31mkl_synergy_2 : 0.001013 [31mtotal : 2.117881 [31mdiag_kl_1 : 1.052390 [31mdiag_kl_2 : 0.666736 [94mAcc_combined: 45.52 [94mAcc_c: 41.04 [94mAcc_g: 53.73 [92mF1_combined: 47.48 [92mF1_c: 39.23 [92mF1_g: 60.51 [95mCEU_cue_audio: 0.5713 [95mCEU_cue_video: 0.3333 [95mCEU_synergy: 0.4516 [95mCEU_coexistence: 0.4366 [97mS:[93m45.2%[97m([91m10.4c[97m-[94mF1:31.1%) [97mU1:[93m57.1%[97m([91m6.0c[97m) [97mU2:[93m33.3%[97m([91m4.5c[97m) [97mR:[93m43.7%[97m([91m23.1c[97m) [97mS-L: [92m0:[96m54%[39m [39m
2026-07-25 15:56:35,268 - Agent - INFO - [37mVal Epoch 55 step 55 with [31mce_loss_combined : 1.990671 [31mce_loss_c : 1.697527 [31mce_loss_g : 1.211885 [31mkl_synergy_rand_1 : 0.000423 [31mkl_synergy_rand_2 : 0.000630 [31mkl_synergy_1 : 0.000414 [31mkl_synergy_2 : 0.000570 [31mtotal : 1.992708 [31mdiag_kl_1 : 1.080125 [31mdiag_kl_2 : 1.110397 [94mAcc_combined: 51.12 [94mAcc_c: 47.01 [94mAcc_g: 58.21 [92mF1_combined: 52.36 [92mF1_c: 46.62 [92mF1_g: 62.91 [95mCEU_cue_audio: 0.6431 [95mCEU_cue_video: 0.4445 [95mCEU_synergy: 0.2257 [95mCEU_coexistence: 0.6197 [97mS:[93m22.6%[97m([91m5.2c[97m-[94mF1:18.4%) [97mU1:[93m64.3%[97m([91m6.7c[97m) [97mU2:[93m44.4%[97m([91m6.0c[97m) [97mR:[93m62.0%[97m([91m32.8c[97m) [97mS-L: [92m0:[96m27%[39m [39m
2026-07-25 15:56:38,811 - Agent - INFO - [37mVal Epoch 56 step 56 with [31mce_loss_combined : 1.997825 [31mce_loss_c : 1.764061 [31mce_loss_g : 1.306499 [31mkl_synergy_rand_1 : 0.000279 [31mkl_synergy_rand_2 : 0.000536 [31mkl_synergy_1 : 0.000280 [31mkl_synergy_2 : 0.000538 [31mtotal : 1.999457 [31mdiag_kl_1 : 1.037387 [31mdiag_kl_2 : 0.951195 [94mAcc_combined: 48.51 [94mAcc_c: 44.40 [94mAcc_g: 58.21 [92mF1_combined: 50.00 [92mF1_c: 42.91 [92mF1_g: 61.38 [95mCEU_cue_audio: 0.5713 [95mCEU_cue_video: 0.3887 [95mCEU_synergy: 0.2581 [95mCEU_coexistence: 0.5634 [97mS:[93m25.8%[97m([91m6.0c[97m-[94mF1:20.5%) [97mU1:[93m57.1%[97m([91m6.0c[97m) [97mU2:[93m38.9%[97m([91m5.2c[97m) [97mR:[93m56.3%[97m([91m29.9c[97m) [97mS-L: [92m0:[96m31%[39m [39m
2026-07-25 15:56:42,380 - Agent - INFO - [37mVal Epoch 57 step 57 with [31mce_loss_combined : 1.849644 [31mce_loss_c : 1.799850 [31mce_loss_g : 1.465399 [31mkl_synergy_rand_1 : 0.000284 [31mkl_synergy_rand_2 : 0.000554 [31mkl_synergy_1 : 0.000277 [31mkl_synergy_2 : 0.000548 [31mtotal : 1.851308 [31mdiag_kl_1 : 0.978702 [31mdiag_kl_2 : 0.932050 [94mAcc_combined: 49.63 [94mAcc_c: 43.28 [94mAcc_g: 58.21 [92mF1_combined: 51.61 [92mF1_c: 41.54 [92mF1_g: 60.00 [95mCEU_cue_audio: 0.7139 [95mCEU_cue_video: 0.3333 [95mCEU_synergy: 0.3225 [95mCEU_coexistence: 0.5493 [97mS:[93m32.3%[97m([91m7.5c[97m-[94mF1:24.4%) [97mU1:[93m71.4%[97m([91m7.5c[97m) [97mU2:[93m33.3%[97m([91m4.5c[97m) [97mR:[93m54.9%[97m([91m29.1c[97m) [97mS-L: [92m0:[96m38%[39m [39m
2026-07-25 15:56:45,712 - Agent - INFO - [37mVal Epoch 58 step 58 with [31mce_loss_combined : 1.987363 [31mce_loss_c : 1.787598 [31mce_loss_g : 1.263258 [31mkl_synergy_rand_1 : 0.000438 [31mkl_synergy_rand_2 : 0.000543 [31mkl_synergy_1 : 0.000397 [31mkl_synergy_2 : 0.000526 [31mtotal : 1.989266 [31mdiag_kl_1 : 1.203575 [31mdiag_kl_2 : 1.336628 [94mAcc_combined: 52.24 [94mAcc_c: 47.01 [94mAcc_g: 63.06 [92mF1_combined: 53.28 [92mF1_c: 45.80 [92mF1_g: 64.52 [95mCEU_cue_audio: 0.7139 [95mCEU_cue_video: 0.2777 [95mCEU_synergy: 0.1936 [95mCEU_coexistence: 0.6619 [97mS:[93m19.4%[97m([91m4.5c[97m-[94mF1:18.0%) [97mU1:[93m71.4%[97m([91m7.5c[97m) [97mU2:[93m27.8%[97m([91m3.7c[97m) [97mR:[93m66.2%[97m([91m35.1c[97m) [97mS-L: [92m0:[96m19% [92m1:[96m20%[39m [39m
2026-07-25 15:56:49,229 - Agent - INFO - [37mVal Epoch 59 step 59 with [31mce_loss_combined : 2.036942 [31mce_loss_c : 2.000531 [31mce_loss_g : 1.250982 [31mkl_synergy_rand_1 : 0.000293 [31mkl_synergy_rand_2 : 0.000741 [31mkl_synergy_1 : 0.000287 [31mkl_synergy_2 : 0.000716 [31mtotal : 2.038979 [31mdiag_kl_1 : 1.211886 [31mdiag_kl_2 : 1.046580 [94mAcc_combined: 48.88 [94mAcc_c: 45.15 [94mAcc_g: 61.57 [92mF1_combined: 50.54 [92mF1_c: 44.53 [92mF1_g: 64.60 [95mCEU_cue_audio: 0.5713 [95mCEU_cue_video: 0.2777 [95mCEU_synergy: 0.4194 [95mCEU_coexistence: 0.5211 [97mS:[93m41.9%[97m([91m9.7c[97m-[94mF1:29.5%) [97mU1:[93m57.1%[97m([91m6.0c[97m) [97mU2:[93m27.8%[97m([91m3.7c[97m) [97mR:[93m52.1%[97m([91m27.6c[97m) [97mS-L: [92m0:[96m50%[39m [39m
2026-07-25 15:56:52,746 - Agent - INFO - [37mVal Epoch 60 step 60 with [31mce_loss_combined : 1.996561 [31mce_loss_c : 1.774567 [31mce_loss_g : 1.465601 [31mkl_synergy_rand_1 : 0.000440 [31mkl_synergy_rand_2 : 0.000552 [31mkl_synergy_1 : 0.000426 [31mkl_synergy_2 : 0.000534 [31mtotal : 1.998513 [31mdiag_kl_1 : 1.222933 [31mdiag_kl_2 : 1.298728 [94mAcc_combined: 52.99 [94mAcc_c: 47.39 [94mAcc_g: 60.07 [92mF1_combined: 55.00 [92mF1_c: 45.98 [92mF1_g: 61.92 [95mCEU_cue_audio: 0.5000 [95mCEU_cue_video: 0.5000 [95mCEU_synergy: 0.3225 [95mCEU_coexistence: 0.6338 [97mS:[93m32.3%[97m([91m7.5c[97m-[94mF1:27.4%) [97mU1:[93m50.0%[97m([91m5.2c[97m) [97mU2:[93m50.0%[97m([91m6.7c[97m) [97mR:[93m63.4%[97m([91m33.6c[97m) [97mS-L: [92m0:[96m35% [92m1:[96m20%[39m [39m
2026-07-25 15:56:56,206 - Agent - INFO - [37mVal Epoch 61 step 61 with [31mce_loss_combined : 2.125865 [31mce_loss_c : 1.771670 [31mce_loss_g : 1.567028 [31mkl_synergy_rand_1 : 0.000424 [31mkl_synergy_rand_2 : 0.000602 [31mkl_synergy_1 : 0.000418 [31mkl_synergy_2 : 0.000634 [31mtotal : 2.127944 [31mdiag_kl_1 : 1.319266 [31mdiag_kl_2 : 1.359534 [94mAcc_combined: 50.37 [94mAcc_c: 48.51 [94mAcc_g: 61.94 [92mF1_combined: 52.33 [92mF1_c: 47.33 [92mF1_g: 63.31 [95mCEU_cue_audio: 0.5000 [95mCEU_cue_video: 0.5000 [95mCEU_synergy: 0.2904 [95mCEU_coexistence: 0.5915 [97mS:[93m29.0%[97m([91m6.7c[97m-[94mF1:22.5%) [97mU1:[93m50.0%[97m([91m5.2c[97m) [97mU2:[93m50.0%[97m([91m6.7c[97m) [97mR:[93m59.2%[97m([91m31.3c[97m) [97mS-L: [92m0:[96m35%[39m [39m
2026-07-25 15:56:59,748 - Agent - INFO - [37mVal Epoch 62 step 62 with [31mce_loss_combined : 2.108613 [31mce_loss_c : 1.736154 [31mce_loss_g : 1.730947 [31mkl_synergy_rand_1 : 0.000489 [31mkl_synergy_rand_2 : 0.000500 [31mkl_synergy_1 : 0.000476 [31mkl_synergy_2 : 0.000474 [31mtotal : 2.110552 [31mdiag_kl_1 : 1.202950 [31mdiag_kl_2 : 1.251249 [94mAcc_combined: 49.25 [94mAcc_c: 45.52 [94mAcc_g: 61.57 [92mF1_combined: 50.00 [92mF1_c: 43.85 [92mF1_g: 62.27 [95mCEU_cue_audio: 0.5000 [95mCEU_cue_video: 0.4445 [95mCEU_synergy: 0.1936 [95mCEU_coexistence: 0.6056 [97mS:[93m19.4%[97m([91m4.5c[97m-[94mF1:16.2%) [97mU1:[93m50.0%[97m([91m5.2c[97m) [97mU2:[93m44.4%[97m([91m6.0c[97m) [97mR:[93m60.6%[97m([91m32.1c[97m) [97mS-L: [92m0:[96m23%[39m [39m
2026-07-25 15:57:03,629 - Agent - INFO - [37mVal Epoch 63 step 63 with [31mce_loss_combined : 2.072662 [31mce_loss_c : 1.862402 [31mce_loss_g : 1.665385 [31mkl_synergy_rand_1 : 0.000391 [31mkl_synergy_rand_2 : 0.000630 [31mkl_synergy_1 : 0.000366 [31mkl_synergy_2 : 0.000665 [31mtotal : 2.074714 [31mdiag_kl_1 : 1.206572 [31mdiag_kl_2 : 1.050430 [94mAcc_combined: 46.64 [94mAcc_c: 45.52 [94mAcc_g: 61.19 [92mF1_combined: 49.47 [92mF1_c: 44.27 [92mF1_g: 63.12 [95mCEU_cue_audio: 0.4287 [95mCEU_cue_video: 0.5555 [95mCEU_synergy: 0.4194 [95mCEU_coexistence: 0.4929 [97mS:[93m41.9%[97m([91m9.7c[97m-[94mF1:29.5%) [97mU1:[93m42.9%[97m([91m4.5c[97m) [97mU2:[93m55.6%[97m([91m7.5c[97m) [97mR:[93m49.3%[97m([91m26.1c[97m) [97mS-L: [92m0:[96m50%[39m [39m
2026-07-25 15:57:07,547 - Agent - INFO - [37mVal Epoch 64 step 64 with [31mce_loss_combined : 2.191288 [31mce_loss_c : 1.649601 [31mce_loss_g : 1.470504 [31mkl_synergy_rand_1 : 0.000513 [31mkl_synergy_rand_2 : 0.000435 [31mkl_synergy_1 : 0.000494 [31mkl_synergy_2 : 0.000439 [31mtotal : 2.193169 [31mdiag_kl_1 : 1.320434 [31mdiag_kl_2 : 1.419350 [94mAcc_combined: 52.61 [94mAcc_c: 42.91 [94mAcc_g: 58.58 [92mF1_combined: 53.82 [92mF1_c: 41.83 [92mF1_g: 60.50 [95mCEU_cue_audio: 0.6431 [95mCEU_cue_video: 0.4445 [95mCEU_synergy: 0.2581 [95mCEU_coexistence: 0.6338 [97mS:[93m25.8%[97m([91m6.0c[97m-[94mF1:20.5%) [97mU1:[93m64.3%[97m([91m6.7c[97m) [97mU2:[93m44.4%[97m([91m6.0c[97m) [97mR:[93m63.4%[97m([91m33.6c[97m) [97mS-L: [92m0:[96m31%[39m [39m
2026-07-25 15:57:11,495 - Agent - INFO - [37mVal Epoch 65 step 65 with [31mce_loss_combined : 2.344925 [31mce_loss_c : 1.851489 [31mce_loss_g : 1.492311 [31mkl_synergy_rand_1 : 0.000336 [31mkl_synergy_rand_2 : 0.000638 [31mkl_synergy_1 : 0.000326 [31mkl_synergy_2 : 0.000640 [31mtotal : 2.346864 [31mdiag_kl_1 : 1.415626 [31mdiag_kl_2 : 1.320593 [94mAcc_combined: 47.01 [94mAcc_c: 45.15 [94mAcc_g: 54.48 [92mF1_combined: 49.29 [92mF1_c: 44.11 [92mF1_g: 57.34 [95mCEU_cue_audio: 0.5713 [95mCEU_cue_video: 0.2777 [95mCEU_synergy: 0.3548 [95mCEU_coexistence: 0.5915 [97mS:[93m35.5%[97m([91m8.2c[97m-[94mF1:29.5%) [97mU1:[93m57.1%[97m([91m6.0c[97m) [97mU2:[93m27.8%[97m([91m3.7c[97m) [97mR:[93m59.2%[97m([91m31.3c[97m) [97mS-L: [92m0:[96m38% [92m1:[96m20%[39m [39m
2026-07-25 15:57:15,258 - Agent - INFO - [37mVal Epoch 66 step 66 with [31mce_loss_combined : 2.383703 [31mce_loss_c : 1.904537 [31mce_loss_g : 1.521133 [31mkl_synergy_rand_1 : 0.000260 [31mkl_synergy_rand_2 : 0.000618 [31mkl_synergy_1 : 0.000249 [31mkl_synergy_2 : 0.000616 [31mtotal : 2.385445 [31mdiag_kl_1 : 1.427333 [31mdiag_kl_2 : 1.385131 [94mAcc_combined: 47.76 [94mAcc_c: 42.54 [94mAcc_g: 58.58 [92mF1_combined: 49.64 [92mF1_c: 42.11 [92mF1_g: 60.78 [95mCEU_cue_audio: 0.5713 [95mCEU_cue_video: 0.2777 [95mCEU_synergy: 0.2257 [95mCEU_coexistence: 0.5775 [97mS:[93m22.6%[97m([91m5.2c[97m-[94mF1:18.4%) [97mU1:[93m57.1%[97m([91m6.0c[97m) [97mU2:[93m27.8%[97m([91m3.7c[97m) [97mR:[93m57.7%[97m([91m30.6c[97m) [97mS-L: [92m0:[96m27%[39m [39m
2026-07-25 15:57:18,387 - Agent - INFO - [37mVal Epoch 67 step 67 with [31mce_loss_combined : 2.280538 [31mce_loss_c : 1.876998 [31mce_loss_g : 1.595042 [31mkl_synergy_rand_1 : 0.000249 [31mkl_synergy_rand_2 : 0.000679 [31mkl_synergy_1 : 0.000250 [31mkl_synergy_2 : 0.000671 [31mtotal : 2.282388 [31mdiag_kl_1 : 1.427536 [31mdiag_kl_2 : 1.293550 [94mAcc_combined: 45.90 [94mAcc_c: 45.52 [94mAcc_g: 57.09 [92mF1_combined: 48.40 [92mF1_c: 45.52 [92mF1_g: 58.48 [95mCEU_cue_audio: 0.5000 [95mCEU_cue_video: 0.3333 [95mCEU_synergy: 0.4194 [95mCEU_coexistence: 0.5211 [97mS:[93m41.9%[97m([91m9.7c[97m-[94mF1:29.5%) [97mU1:[93m50.0%[97m([91m5.2c[97m) [97mU2:[93m33.3%[97m([91m4.5c[97m) [97mR:[93m52.1%[97m([91m27.6c[97m) [97mS-L: [92m0:[96m50%[39m [39m
2026-07-25 15:57:18,916 - Agent - INFO - We are in the final state.
2026-07-25 15:57:19,103 - root - INFO - Loaded best model from best_model_accuracy_state_dict
2026-07-25 15:57:20,116 - Agent - INFO - [37mVal Epoch 67 step 0 with [31mce_loss_combined : 1.208316 [31mce_loss_c : 1.017250 [31mce_loss_g : 0.988999 [31mkl_synergy_rand_1 : 0.000252 [31mkl_synergy_rand_2 : 0.000239 [31mkl_synergy_1 : 0.000258 [31mkl_synergy_2 : 0.000225 [31mtotal : 1.209290 [31mdiag_kl_1 : 0.423319 [31mdiag_kl_2 : 0.439446 [94mAcc_combined: 53.73 [94mAcc_c: 52.61 [94mAcc_g: 60.07 [92mF1_combined: 53.73 [92mF1_c: 51.71 [92mF1_g: 62.98 [95mCEU_cue_audio: 0.7139 [95mCEU_cue_video: 0.4445 [95mCEU_synergy: 0.1292 [95mCEU_coexistence: 0.7042 [97mS:[93m12.9%[97m([91m3.0c[97m-[94mF1:12.5%) [97mU1:[93m71.4%[97m([91m7.5c[97m) [97mU2:[93m44.4%[97m([91m6.0c[97m) [97mR:[93m70.4%[97m([91m37.3c[97m) [97mS-L: [92m0:[96m12% [92m1:[96m20%[39m [39m
2026-07-25 15:57:21,034 - Agent - INFO - [37mTest Epoch 67 step 0 with [31mce_loss_combined : 0.874275 [31mce_loss_c : 0.917260 [31mce_loss_g : 0.754793 [31mkl_synergy_rand_1 : 0.000219 [31mkl_synergy_rand_2 : 0.000287 [31mkl_synergy_1 : 0.000221 [31mkl_synergy_2 : 0.000251 [31mtotal : 0.875252 [31mdiag_kl_1 : 0.341240 [31mdiag_kl_2 : 0.341290 [94mAcc_combined: 60.07 [94mAcc_c: 52.24 [94mAcc_g: 59.70 [92mF1_combined: 61.37 [92mF1_c: 51.52 [92mF1_g: 64.24 [95mCEU_cue_audio: 0.6113 [95mCEU_cue_video: 0.7498 [95mCEU_synergy: 0.2667 [95mCEU_coexistence: 0.8000 [97mS:[93m26.7%[97m([91m9.0c[97m-[94mF1:21.1%) [97mU1:[93m61.1%[97m([91m8.2c[97m) [97mU2:[93m75.0%[97m([91m9.0c[97m) [97mR:[93m80.0%[97m([91m32.8c[97m) [97mS-L: [92m0:[96m28%[39m [39m
2026-07-25 15:57:21,493 - Agent - INFO - [37mModel saved successfully at: ./artifacts/models/multibench/mustard/vt/SynIB_RMask_REFABL_mustard_fold1_l0.001_perturbrandom_fillema_pmin0.1_refunimodal_anchor_lr0.0005_wd0.001.pth.tar[39m
Job finished
