Starting SynIB reference-ablation job
Python 3.10.19
/esat/smcdata/users/kkontras/Image_Dataset/no_backup/git/SynIB  (git a2fb4fd)
GPU 0: NVIDIA GeForce RTX 3080 Ti (UUID: GPU-2d5395f5-1e2d-a59b-ed83-f672b78d7137)
Executing: PYTHONPATH=src /esat/smcdata/users/kkontras/Image_Dataset/no_backup/envs/synergy_new/bin/python -m synib.entrypoints.train --config run/configs/rebuttal_ref_ablation/mosi_synib_u.json --default_config run/configs/rebuttal_ref_ablation/mosi_default.json --fold 0 --rmask random --l 0.1 --perturb_pmin 0.3 --perturb_fill ema --lr 0.0005 --wd 0.001 --batch_size 32 --reference_type class_prior --ref_diag --start_over --tag REFABL_mosi
Namespace(config='run/configs/rebuttal_ref_ablation/mosi_synib_u.json', default_config='run/configs/rebuttal_ref_ablation/mosi_default.json', fold='0', alpha=None, tanh_mode_beta=None, regby=None, batch_size='32', l='0.1', multil=None, lib=None, kmepoch=None, num_samples=None, contrcoeff=None, contr_type=None, shuffle_type=None, validate_with=None, num_classes=None, optim_method=None, ending_epoch=None, load_ongoing=None, recon_weight1=None, recon_weight2=None, recon_epochstages=None, recon_ensemblestages=None, lr='0.0005', wd='0.001', cls=None, ironic_rate=None, perturb='random', perturb_fill='ema', perturb_pmax=None, perturb_pmin='0.3', perturb_lsparse=None, rmask='random', pmin=None, pmax=None, lsparse=None, debug_mask_stats=False, pre=False, frozen=False, tdqm_disable=False, start_over=True, no_model_save=False, num_layers=None, grad_accum=None, init_from=None, init_strict=False, perturb_lsparse_sign=None, l_anneal_epochs=None, perturb_steps=None, perturb_lsparse_warmup=None, perturb_lsparse_schedule=None, persist_ell=False, save_masks=False, penalty_swap=False, disable_ce_random=False, disable_kl_learned=False, masking_only=False, modality_dropout=None, modality_dropout_target=None, l_z1_masked=None, l_z2_masked=None, l_pareto=None, reference_type='class_prior', ref_diag=True, ref_ema_decay=None, tag='REFABL_mosi')
2026-07-25 16:42:18,351 - Config - INFO - run/configs/rebuttal_ref_ablation/mosi_synib_u.json
2026-07-25 16:42:18,353 - Config - INFO -  THE Configuration of your experiment ..
{'agent': 'Agent',
 'dataset': {'data_roots': './src/synib/mydatasets/Factor_CL_Datasets/prepared/mosi/mosi_data.pkl',
             'data_type': 'mosi',
             'dataloader_class': 'FactorCL_Dataloader',
             'kfold_data_roots': './src/synib/mydatasets/Factor_CL_Datasets/prepared/mosi/mosi_synergy3.pkl'},
 'early_stopping': {'end_of_epoch_check': True,
                    'log_interval': 10,
                    'max_epoch': 100,
                    'n_steps_stop': 30,
                    'n_steps_stop_after': 0,
                    'save_every_step': 3000,
                    'save_every_valstep': 50,
                    'validate_after': 0,
                    'validate_every': 185},
 'exp_name': 'Mosi Experiment',
 'model': {'args': {'bias_infusion': {'l': 0.1, 'method': False},
                    'clip_grad': False,
                    'cls_type': 'mlp',
                    'd_model': 40,
                    'dropout': 0.1,
                    'fc_inner': 64,
                    'hidden_dim': 64,
                    'in_dim': 64,
                    'multi_loss': {'multi_supervised_w': {'c': 1,
                                                          'combined': 1,
                                                          'g': 1}},
                    'norm_decision': False,
                    'num_classes': 2,
                    'synergy_type': 'unimodal_anchor'},
           'ceu': {'test': './artifacts/ceus/mosi/mosi_ceu_test.pkl',
                   'val': './artifacts/ceus/mosi/mosi_ceu_val.pkl'},
           'encoders': [{'args': {'freeze_encoder': False,
                                  'hidden_size': 40,
                                  'modality': 'c',
                                  'n_features': 20,
                                  'num_classes': 2},
                         'model': 'FactorCL_Uni',
                         'pretrainedEncoder': {'dir': 'unimodal_video_fold{}_vldaccuracy_lr0.0005_wd0.00001.pth.tar',
                                               'use': True}},
                        {'args': {'freeze_encoder': False,
                                  'hidden_size': 40,
                                  'modality': 'g',
                                  'n_features': 300,
                                  'num_classes': 2},
                         'model': 'FactorCL_Uni',
                         'pretrainedEncoder': {'dir': 'unimodal_text_fold{}_vldaccuracy_lr0.0005_wd0.0001.pth.tar',
                                               'use': True}},
                        {'args': {'d_model': 40,
                                  'dropout': 0.1,
                                  'fc_inner': 64,
                                  'freeze_encoder': False},
                         'model': 'FusionTrunkLinear',
                         'name': 'enc_2_fusion_trunk',
                         'pretrainedEncoder': {'dir': 'enc_2_fusion_trunk_fold{}.pth.tar',
                                               'use': False},
                         'save_encoder': False},
                        {'args': {'freeze_encoder': False,
                                  'in_dim': 64,
                                  'num_classes': 2},
                         'model': 'LinearHead',
                         'name': 'enc_3_fusion_head',
                         'pretrainedEncoder': {'dir': 'enc_3_fusion_head_fold{}.pth.tar',
                                               'use': False},
                         'save_encoder': False}],
           'load_ongoing': False,
           'model_class': 'FusionIBModel_Mask_U',
           'save_base_dir': './artifacts/models/multibench/mosi/vt',
           'save_dir': 'SynIB_RMask_U_fold{}.pth.tar'},
 'optimizer': {'beta1': 0.9,
               'beta2': 0.999,
               'learning_rate': 0.0001,
               'momentum': 0.9,
               'type': 'Adam',
               'weight_decay': 0.0001},
 'scheduler': {'max_lr': 0.03, 'type': 'cosanneal', 'warm_up_steps': 780},
 'task': 'classification',
 'training_params': {'adversarial_training': {'adv_epsilon': 0.01,
                                              'use': False},
                     'async_loading': True,
                     'batch_size': 32,
                     'cuda': True,
                     'data_loader_workers': 8,
                     'gpu_device': [0],
                     'pin_memory': True,
                     'rec_test': True,
                     'res': True,
                     'seed': 109,
                     'tdqm_disable': False,
                     'test_batch_size': 32,
                     'test_on_bottoms': False,
                     'use_test_set': True,
                     'validation': True,
                     'verbose': True,
                     'wandb_disable': True}}
2026-07-25 16:42:18,355 - Config - INFO -  *************************************** 
2026-07-25 16:42:18,355 - Config - INFO - The experiment name is Mosi Experiment
2026-07-25 16:42:18,355 - Config - INFO -  *************************************** 
2026-07-25 16:42:18,356 - root - INFO - save_dir: SynIB_RMask_U_foldREFABL_mosi_fold0_l0.1_perturbrandom_fillema_pmin0.3_refclass_prior_lr0.0005_wd0.001_bs32.pth.tar
2026-07-25 16:42:18,460 - Cuda Statistics - INFO - __Python VERSION:  3.10.19 (main, Oct 21 2025, 16:43:05) [GCC 11.2.0]
2026-07-25 16:42:18,461 - Cuda Statistics - INFO - __pyTorch VERSION:  2.9.1+cu128
2026-07-25 16:42:18,461 - Cuda Statistics - INFO - __CUDA VERSION
2026-07-25 16:42:18,462 - Cuda Statistics - INFO - __CUDNN VERSION:  91002
2026-07-25 16:42:18,487 - Cuda Statistics - INFO - __Number CUDA Devices:  1
2026-07-25 16:42:18,487 - Cuda Statistics - INFO - __Devices
2026-07-25 16:42:18,487 - Cuda Statistics - INFO - index, name, driver_version, memory.total [MiB], memory.used [MiB], memory.free [MiB]
2026-07-25 16:42:18,488 - Cuda Statistics - INFO - 0, NVIDIA GeForce RTX 3080 Ti, 610.43.03, 12288 MiB, 4 MiB, 11907 MiB
2026-07-25 16:42:18,491 - Cuda Statistics - INFO - Active CUDA Device: GPU 0
2026-07-25 16:42:18,491 - Cuda Statistics - INFO - Available devices  1
2026-07-25 16:42:18,491 - Cuda Statistics - INFO - Current cuda device  0
2026-07-25 16:42:18,620 - Agent - INFO - Device: cuda:0
2026-07-25 16:42:18,620 - Agent - INFO - Total training batches: 41, validate every 185 batches, steps per epoch: 1
2026-07-25 16:42:19,167 - Agent - INFO - class_prior counts=[605, 679] prior=[0.4712, 0.5288]
2026-07-25 16:42:19,168 - Agent - INFO - Loss Weights are {'total': 1, 'combined': 1, 'c': 1, 'g': 1}
2026-07-25 16:42:19,168 - root - INFO - There is no CEU for train
2026-07-25 16:42:19,352 - root - INFO - Loading enc best model state dict from ./artifacts/models/multibench/mosi/vt/unimodal_video_fold0_vldaccuracy_lr0.0005_wd0.00001.pth.tar
2026-07-25 16:42:19,606 - root - INFO - Loading enc best model state dict from ./artifacts/models/multibench/mosi/vt/unimodal_text_fold0_vldaccuracy_lr0.0005_wd0.0001.pth.tar
2026-07-25 16:42:19,866 - Agent - INFO - Total number of trainable parameters are: 3492782
2026-07-25 16:42:19,872 - Agent - INFO - Total number of trainable parameters are: 1753338
2026-07-25 16:42:26,605 - Evaluator - INFO - New best with loss-accuracy-syn_accuracy-
2026-07-25 16:42:26,605 - Agent - INFO - [37mVal Epoch 1 step 1 with [31mce_loss_combined : 0.485705 [31mce_loss_c : 0.789758 [31mce_loss_g : 0.515666 [31mkl_synergy_rand_1 : 0.016444 [31mkl_synergy_rand_2 : 0.024671 [31mkl_synergy_1 : 0.021818 [31mkl_synergy_2 : 0.024745 [31mtotal : 0.573382 [31mdiag_kl_1 : 0.155440 [31mdiag_kl_2 : 0.093896 [94mAcc_combined: 77.51 [94mAcc_c: 54.37 [94mAcc_g: 77.07 [92mF1_combined: 77.56 [92mF1_c: 46.82 [92mF1_g: 77.12 [95mCEU_cue_audio: 0.0906 [95mCEU_cue_video: 0.9748 [95mCEU_synergy: 0.0867 [95mCEU_coexistence: 0.9239 [97mS:[93m8.7%[97m([91m0.9c[97m-[94mF1:8.7%) [97mU1:[93m9.1%[97m([91m0.9c[97m) [97mU2:[93m97.5%[97m([91m33.6c[97m) [97mR:[93m92.4%[97m([91m42.4c[97m) [97mS-L: [92m0:[96m6% [92m1:[96m17%[39m [39m
2026-07-25 16:42:26,620 - Agent - INFO - [37mTest Epoch 1 step 1 with [31mce_loss_combined : 0.539438 [31mce_loss_c : 0.830253 [31mce_loss_g : 0.569075 [31mkl_synergy_rand_1 : 0.015320 [31mkl_synergy_rand_2 : 0.022267 [31mkl_synergy_1 : 0.019602 [31mkl_synergy_2 : 0.022726 [31mtotal : 0.619353 [31mdiag_kl_1 : 0.183956 [31mdiag_kl_2 : 0.099074 [94mAcc_combined: 75.58 [94mAcc_c: 47.81 [94mAcc_g: 75.66 [92mF1_combined: 75.85 [92mF1_c: 32.45 [92mF1_g: 75.94 [95mCEU_cue_audio: 0.1973 [95mCEU_cue_video: 0.9499 [95mCEU_synergy: 0.1555 [95mCEU_coexistence: 0.9411 [97mS:[93m15.6%[97m([91m2.0c[97m-[94mF1:13.5%) [97mU1:[93m19.8%[97m([91m2.3c[97m) [97mU2:[93m95.0%[97m([91m36.0c[97m) [97mR:[93m94.1%[97m([91m35.0c[97m) [97mS-L: [92m0:[96m21%[39m [39m
2026-07-25 16:42:26,936 - Agent - INFO - [37mModel saved successfully at: ./artifacts/models/multibench/mosi/vt/SynIB_RMask_U_foldREFABL_mosi_fold0_l0.1_perturbrandom_fillema_pmin0.3_refclass_prior_lr0.0005_wd0.001_bs32.pth.tar[39m
2026-07-25 16:42:33,350 - Evaluator - INFO - New best with loss-syn_accuracy-
2026-07-25 16:42:33,350 - Agent - INFO - [37mVal Epoch 2 step 2 with [31mce_loss_combined : 0.460969 [31mce_loss_c : 0.703607 [31mce_loss_g : 0.464259 [31mkl_synergy_rand_1 : 0.016607 [31mkl_synergy_rand_2 : 0.024304 [31mkl_synergy_1 : 0.021921 [31mkl_synergy_2 : 0.024550 [31mtotal : 0.548351 [31mdiag_kl_1 : 0.212271 [31mdiag_kl_2 : 0.109045 [94mAcc_combined: 76.42 [94mAcc_c: 50.44 [94mAcc_g: 77.29 [92mF1_combined: 77.22 [92mF1_c: 35.33 [92mF1_g: 77.59 [95mCEU_cue_audio: 0.0906 [95mCEU_cue_video: 0.9620 [95mCEU_synergy: 0.2171 [95mCEU_coexistence: 0.9047 [97mS:[93m21.7%[97m([91m2.2c[97m-[94mF1:20.4%) [97mU1:[93m9.1%[97m([91m0.9c[97m) [97mU2:[93m96.2%[97m([91m33.2c[97m) [97mR:[93m90.5%[97m([91m41.5c[97m) [97mS-L: [92m0:[96m24% [92m1:[96m17%[39m [39m
2026-07-25 16:42:33,366 - Agent - INFO - [37mTest Epoch 2 step 2 with [31mce_loss_combined : 0.512387 [31mce_loss_c : 0.723986 [31mce_loss_g : 0.539665 [31mkl_synergy_rand_1 : 0.018452 [31mkl_synergy_rand_2 : 0.025688 [31mkl_synergy_1 : 0.022984 [31mkl_synergy_2 : 0.025928 [31mtotal : 0.605440 [31mdiag_kl_1 : 0.254536 [31mdiag_kl_2 : 0.128779 [94mAcc_combined: 77.26 [94mAcc_c: 56.20 [94mAcc_g: 77.26 [92mF1_combined: 77.75 [92mF1_c: 45.01 [92mF1_g: 77.52 [95mCEU_cue_audio: 0.2345 [95mCEU_cue_video: 0.9462 [95mCEU_synergy: 0.3331 [95mCEU_coexistence: 0.9255 [97mS:[93m33.3%[97m([91m4.4c[97m-[94mF1:26.2%) [97mU1:[93m23.5%[97m([91m2.8c[97m) [97mU2:[93m94.6%[97m([91m35.9c[97m) [97mR:[93m92.5%[97m([91m34.4c[97m) [97mS-L: [92m0:[96m44% [92m1:[96m4%[39m [39m
2026-07-25 16:42:33,861 - Agent - INFO - [37mModel saved successfully at: ./artifacts/models/multibench/mosi/vt/SynIB_RMask_U_foldREFABL_mosi_fold0_l0.1_perturbrandom_fillema_pmin0.3_refclass_prior_lr0.0005_wd0.001_bs32.pth.tar[39m
2026-07-25 16:42:40,356 - Evaluator - INFO - New best with accuracy-
2026-07-25 16:42:40,356 - Agent - INFO - [37mVal Epoch 3 step 3 with [31mce_loss_combined : 0.487088 [31mce_loss_c : 0.715419 [31mce_loss_g : 0.530938 [31mkl_synergy_rand_1 : 0.017388 [31mkl_synergy_rand_2 : 0.023516 [31mkl_synergy_1 : 0.020015 [31mkl_synergy_2 : 0.023772 [31mtotal : 0.571779 [31mdiag_kl_1 : 0.179764 [31mdiag_kl_2 : 0.100470 [94mAcc_combined: 77.95 [94mAcc_c: 55.02 [94mAcc_g: 77.51 [92mF1_combined: 78.19 [92mF1_c: 48.24 [92mF1_g: 77.66 [95mCEU_cue_audio: 0.1363 [95mCEU_cue_video: 0.9368 [95mCEU_synergy: 0.0867 [95mCEU_coexistence: 0.9429 [97mS:[93m8.7%[97m([91m0.9c[97m-[94mF1:8.7%) [97mU1:[93m13.6%[97m([91m1.3c[97m) [97mU2:[93m93.7%[97m([91m32.3c[97m) [97mR:[93m94.3%[97m([91m43.2c[97m) [97mS-L: [92m0:[96m6% [92m1:[96m17%[39m [39m
2026-07-25 16:42:40,371 - Agent - INFO - [37mTest Epoch 3 step 3 with [31mce_loss_combined : 0.566238 [31mce_loss_c : 0.775412 [31mce_loss_g : 0.638742 [31mkl_synergy_rand_1 : 0.015040 [31mkl_synergy_rand_2 : 0.022479 [31mkl_synergy_1 : 0.019862 [31mkl_synergy_2 : 0.022929 [31mtotal : 0.646548 [31mdiag_kl_1 : 0.186229 [31mdiag_kl_2 : 0.122417 [94mAcc_combined: 73.18 [94mAcc_c: 47.08 [94mAcc_g: 73.54 [92mF1_combined: 73.86 [92mF1_c: 34.12 [92mF1_g: 73.71 [95mCEU_cue_audio: 0.1854 [95mCEU_cue_video: 0.9040 [95mCEU_synergy: 0.1669 [95mCEU_coexistence: 0.9489 [97mS:[93m16.7%[97m([91m2.2c[97m-[94mF1:14.9%) [97mU1:[93m18.5%[97m([91m2.2c[97m) [97mU2:[93m90.4%[97m([91m34.3c[97m) [97mR:[93m94.9%[97m([91m35.3c[97m) [97mS-L: [92m0:[96m21% [92m1:[96m4%[39m [39m
2026-07-25 16:42:40,877 - Agent - INFO - [37mModel saved successfully at: ./artifacts/models/multibench/mosi/vt/SynIB_RMask_U_foldREFABL_mosi_fold0_l0.1_perturbrandom_fillema_pmin0.3_refclass_prior_lr0.0005_wd0.001_bs32.pth.tar[39m
2026-07-25 16:42:47,419 - Agent - INFO - [37mVal Epoch 4 step 4 with [31mce_loss_combined : 0.511120 [31mce_loss_c : 0.729525 [31mce_loss_g : 0.571340 [31mkl_synergy_rand_1 : 0.014754 [31mkl_synergy_rand_2 : 0.023453 [31mkl_synergy_1 : 0.020589 [31mkl_synergy_2 : 0.023911 [31mtotal : 0.593826 [31mdiag_kl_1 : 0.123363 [31mdiag_kl_2 : 0.139965 [94mAcc_combined: 77.73 [94mAcc_c: 59.83 [94mAcc_g: 77.29 [92mF1_combined: 78.02 [92mF1_c: 58.74 [92mF1_g: 77.39 [95mCEU_cue_audio: 0.1821 [95mCEU_cue_video: 0.8988 [95mCEU_synergy: 0.1741 [95mCEU_coexistence: 0.9143 [97mS:[93m17.4%[97m([91m1.7c[97m-[94mF1:16.8%) [97mU1:[93m18.2%[97m([91m1.7c[97m) [97mU2:[93m89.9%[97m([91m31.0c[97m) [97mR:[93m91.4%[97m([91m41.9c[97m) [97mS-L: [92m0:[96m6% [92m1:[96m50%[39m [39m
2026-07-25 16:42:53,974 - Agent - INFO - [37mVal Epoch 5 step 5 with [31mce_loss_combined : 0.485918 [31mce_loss_c : 0.714439 [31mce_loss_g : 0.551923 [31mkl_synergy_rand_1 : 0.018005 [31mkl_synergy_rand_2 : 0.025931 [31mkl_synergy_1 : 0.021853 [31mkl_synergy_2 : 0.026477 [31mtotal : 0.578185 [31mdiag_kl_1 : 0.188622 [31mdiag_kl_2 : 0.108079 [94mAcc_combined: 77.95 [94mAcc_c: 53.71 [94mAcc_g: 77.95 [92mF1_combined: 78.09 [92mF1_c: 54.70 [92mF1_g: 78.19 [95mCEU_cue_audio: 0.0906 [95mCEU_cue_video: 0.9493 [95mCEU_synergy: 0.1305 [95mCEU_coexistence: 0.9333 [97mS:[93m13.0%[97m([91m1.3c[97m-[94mF1:12.9%) [97mU1:[93m9.1%[97m([91m0.9c[97m) [97mU2:[93m94.9%[97m([91m32.8c[97m) [97mR:[93m93.3%[97m([91m42.8c[97m) [97mS-L: [92m0:[96m6% [92m1:[96m33%[39m [39m
2026-07-25 16:43:00,429 - Agent - INFO - [37mVal Epoch 6 step 6 with [31mce_loss_combined : 0.516484 [31mce_loss_c : 0.692261 [31mce_loss_g : 0.643051 [31mkl_synergy_rand_1 : 0.021078 [31mkl_synergy_rand_2 : 0.032387 [31mkl_synergy_1 : 0.027161 [31mkl_synergy_2 : 0.031392 [31mtotal : 0.628502 [31mdiag_kl_1 : 0.266422 [31mdiag_kl_2 : 0.113319 [94mAcc_combined: 75.76 [94mAcc_c: 52.84 [94mAcc_g: 75.11 [92mF1_combined: 75.92 [92mF1_c: 64.12 [92mF1_g: 75.11 [95mCEU_cue_audio: 0.0458 [95mCEU_cue_video: 0.9748 [95mCEU_synergy: 0.1741 [95mCEU_coexistence: 0.8667 [97mS:[93m17.4%[97m([91m1.7c[97m-[94mF1:16.8%) [97mU1:[93m4.5%[97m([91m0.4c[97m) [97mU2:[93m97.5%[97m([91m33.6c[97m) [97mR:[93m86.7%[97m([91m39.7c[97m) [97mS-L: [92m0:[96m18% [92m1:[96m17%[39m [39m
2026-07-25 16:43:06,983 - Agent - INFO - [37mVal Epoch 7 step 7 with [31mce_loss_combined : 0.512722 [31mce_loss_c : 0.728254 [31mce_loss_g : 0.552901 [31mkl_synergy_rand_1 : 0.013603 [31mkl_synergy_rand_2 : 0.021475 [31mkl_synergy_1 : 0.017728 [31mkl_synergy_2 : 0.021503 [31mtotal : 0.587032 [31mdiag_kl_1 : 0.155986 [31mdiag_kl_2 : 0.138356 [94mAcc_combined: 76.64 [94mAcc_c: 51.53 [94mAcc_g: 77.51 [92mF1_combined: 77.38 [92mF1_c: 63.25 [92mF1_g: 78.41 [95mCEU_cue_audio: 0.1363 [95mCEU_cue_video: 0.8988 [95mCEU_synergy: 0.1741 [95mCEU_coexistence: 0.9333 [97mS:[93m17.4%[97m([91m1.7c[97m-[94mF1:16.8%) [97mU1:[93m13.6%[97m([91m1.3c[97m) [97mU2:[93m89.9%[97m([91m31.0c[97m) [97mR:[93m93.3%[97m([91m42.8c[97m) [97mS-L: [92m0:[96m6% [92m1:[96m50%[39m [39m
2026-07-25 16:43:13,535 - Evaluator - INFO - New best with accuracy-
2026-07-25 16:43:13,535 - Agent - INFO - [37mVal Epoch 8 step 8 with [31mce_loss_combined : 0.462881 [31mce_loss_c : 0.716227 [31mce_loss_g : 0.529679 [31mkl_synergy_rand_1 : 0.021163 [31mkl_synergy_rand_2 : 0.030383 [31mkl_synergy_1 : 0.025707 [31mkl_synergy_2 : 0.029367 [31mtotal : 0.569501 [31mdiag_kl_1 : 0.194836 [31mdiag_kl_2 : 0.087597 [94mAcc_combined: 79.26 [94mAcc_c: 55.68 [94mAcc_g: 78.82 [92mF1_combined: 79.39 [92mF1_c: 64.57 [92mF1_g: 78.96 [95mCEU_cue_audio: 0.1363 [95mCEU_cue_video: 0.9493 [95mCEU_synergy: 0.1305 [95mCEU_coexistence: 0.9525 [97mS:[93m13.0%[97m([91m1.3c[97m-[94mF1:12.9%) [97mU1:[93m13.6%[97m([91m1.3c[97m) [97mU2:[93m94.9%[97m([91m32.8c[97m) [97mR:[93m95.2%[97m([91m43.7c[97m) [97mS-L: [92m0:[96m12% [92m1:[96m17%[39m [39m
2026-07-25 16:43:13,554 - Agent - INFO - [37mTest Epoch 8 step 8 with [31mce_loss_combined : 0.549147 [31mce_loss_c : 0.748496 [31mce_loss_g : 0.676577 [31mkl_synergy_rand_1 : 0.020818 [31mkl_synergy_rand_2 : 0.030216 [31mkl_synergy_1 : 0.024284 [31mkl_synergy_2 : 0.029771 [31mtotal : 0.654236 [31mdiag_kl_1 : 0.244478 [31mdiag_kl_2 : 0.110776 [94mAcc_combined: 74.85 [94mAcc_c: 54.08 [94mAcc_g: 75.07 [92mF1_combined: 75.13 [92mF1_c: 64.12 [92mF1_g: 75.22 [95mCEU_cue_audio: 0.1356 [95mCEU_cue_video: 0.9309 [95mCEU_synergy: 0.2226 [95mCEU_coexistence: 0.9411 [97mS:[93m22.2%[97m([91m2.9c[97m-[94mF1:20.8%) [97mU1:[93m13.6%[97m([91m1.6c[97m) [97mU2:[93m93.1%[97m([91m35.3c[97m) [97mR:[93m94.1%[97m([91m35.0c[97m) [97mS-L: [92m0:[96m24% [92m1:[96m17%[39m [39m
2026-07-25 16:43:14,064 - Agent - INFO - [37mModel saved successfully at: ./artifacts/models/multibench/mosi/vt/SynIB_RMask_U_foldREFABL_mosi_fold0_l0.1_perturbrandom_fillema_pmin0.3_refclass_prior_lr0.0005_wd0.001_bs32.pth.tar[39m
2026-07-25 16:43:20,640 - Agent - INFO - [37mVal Epoch 9 step 9 with [31mce_loss_combined : 0.530392 [31mce_loss_c : 0.699349 [31mce_loss_g : 0.650147 [31mkl_synergy_rand_1 : 0.017917 [31mkl_synergy_rand_2 : 0.027126 [31mkl_synergy_1 : 0.021889 [31mkl_synergy_2 : 0.027639 [31mtotal : 0.624961 [31mdiag_kl_1 : 0.194601 [31mdiag_kl_2 : 0.148934 [94mAcc_combined: 78.38 [94mAcc_c: 52.62 [94mAcc_g: 78.60 [92mF1_combined: 78.89 [92mF1_c: 65.50 [92mF1_g: 78.88 [95mCEU_cue_audio: 0.2271 [95mCEU_cue_video: 0.9113 [95mCEU_synergy: 0.2171 [95mCEU_coexistence: 0.9333 [97mS:[93m21.7%[97m([91m2.2c[97m-[94mF1:21.6%) [97mU1:[93m22.7%[97m([91m2.2c[97m) [97mU2:[93m91.1%[97m([91m31.4c[97m) [97mR:[93m93.3%[97m([91m42.8c[97m) [97mS-L: [92m0:[96m12% [92m1:[96m50%[39m [39m
2026-07-25 16:43:27,207 - Agent - INFO - [37mVal Epoch 10 step 10 with [31mce_loss_combined : 0.496076 [31mce_loss_c : 0.717378 [31mce_loss_g : 0.569050 [31mkl_synergy_rand_1 : 0.017842 [31mkl_synergy_rand_2 : 0.026613 [31mkl_synergy_1 : 0.018725 [31mkl_synergy_2 : 0.026625 [31mtotal : 0.585880 [31mdiag_kl_1 : 0.198301 [31mdiag_kl_2 : 0.096847 [94mAcc_combined: 77.29 [94mAcc_c: 52.18 [94mAcc_g: 78.60 [92mF1_combined: 77.39 [92mF1_c: 64.16 [92mF1_g: 78.79 [95mCEU_cue_audio: 0.0906 [95mCEU_cue_video: 0.9620 [95mCEU_synergy: 0.0867 [95mCEU_coexistence: 0.9333 [97mS:[93m8.7%[97m([91m0.9c[97m-[94mF1:8.7%) [97mU1:[93m9.1%[97m([91m0.9c[97m) [97mU2:[93m96.2%[97m([91m33.2c[97m) [97mR:[93m93.3%[97m([91m42.8c[97m) [97mS-L: [92m0:[96m6% [92m1:[96m17%[39m [39m
2026-07-25 16:43:33,772 - Agent - INFO - [37mVal Epoch 11 step 11 with [31mce_loss_combined : 0.470210 [31mce_loss_c : 0.710840 [31mce_loss_g : 0.485778 [31mkl_synergy_rand_1 : 0.016248 [31mkl_synergy_rand_2 : 0.021592 [31mkl_synergy_1 : 0.015408 [31mkl_synergy_2 : 0.021204 [31mtotal : 0.544662 [31mdiag_kl_1 : 0.150564 [31mdiag_kl_2 : 0.125463 [94mAcc_combined: 78.82 [94mAcc_c: 51.75 [94mAcc_g: 78.38 [92mF1_combined: 79.75 [92mF1_c: 62.73 [92mF1_g: 79.59 [95mCEU_cue_audio: 0.2726 [95mCEU_cue_video: 0.9241 [95mCEU_synergy: 0.2171 [95mCEU_coexistence: 0.9429 [97mS:[93m21.7%[97m([91m2.2c[97m-[94mF1:21.6%) [97mU1:[93m27.3%[97m([91m2.6c[97m) [97mU2:[93m92.4%[97m([91m31.9c[97m) [97mR:[93m94.3%[97m([91m43.2c[97m) [97mS-L: [92m0:[96m18% [92m1:[96m33%[39m [39m
2026-07-25 16:43:40,321 - Agent - INFO - [37mVal Epoch 12 step 12 with [31mce_loss_combined : 0.484212 [31mce_loss_c : 0.756820 [31mce_loss_g : 0.586129 [31mkl_synergy_rand_1 : 0.017393 [31mkl_synergy_rand_2 : 0.025400 [31mkl_synergy_1 : 0.017317 [31mkl_synergy_2 : 0.025288 [31mtotal : 0.569611 [31mdiag_kl_1 : 0.200236 [31mdiag_kl_2 : 0.108772 [94mAcc_combined: 76.86 [94mAcc_c: 54.80 [94mAcc_g: 76.64 [92mF1_combined: 76.96 [92mF1_c: 59.33 [92mF1_g: 76.69 [95mCEU_cue_audio: 0.1821 [95mCEU_cue_video: 0.9872 [95mCEU_synergy: 0.0867 [95mCEU_coexistence: 0.8761 [97mS:[93m8.7%[97m([91m0.9c[97m-[94mF1:8.0%) [97mU1:[93m18.2%[97m([91m1.7c[97m) [97mU2:[93m98.7%[97m([91m34.1c[97m) [97mR:[93m87.6%[97m([91m40.2c[97m) [97mS-L: [92m0:[96m12%[39m [39m
2026-07-25 16:43:46,851 - Agent - INFO - [37mVal Epoch 13 step 13 with [31mce_loss_combined : 0.488379 [31mce_loss_c : 0.734164 [31mce_loss_g : 0.529965 [31mkl_synergy_rand_1 : 0.019264 [31mkl_synergy_rand_2 : 0.025812 [31mkl_synergy_1 : 0.017083 [31mkl_synergy_2 : 0.025279 [31mtotal : 0.575817 [31mdiag_kl_1 : 0.207004 [31mdiag_kl_2 : 0.110097 [94mAcc_combined: 77.95 [94mAcc_c: 52.62 [94mAcc_g: 77.29 [92mF1_combined: 78.28 [92mF1_c: 64.48 [92mF1_g: 77.87 [95mCEU_cue_audio: 0.0906 [95mCEU_cue_video: 0.9493 [95mCEU_synergy: 0.1305 [95mCEU_coexistence: 0.9429 [97mS:[93m13.0%[97m([91m1.3c[97m-[94mF1:11.5%) [97mU1:[93m9.1%[97m([91m0.9c[97m) [97mU2:[93m94.9%[97m([91m32.8c[97m) [97mR:[93m94.3%[97m([91m43.2c[97m) [97mS-L: [92m0:[96m18%[39m [39m
2026-07-25 16:43:53,423 - Agent - INFO - [37mVal Epoch 14 step 14 with [31mce_loss_combined : 0.558818 [31mce_loss_c : 0.726408 [31mce_loss_g : 0.613919 [31mkl_synergy_rand_1 : 0.015609 [31mkl_synergy_rand_2 : 0.021438 [31mkl_synergy_1 : 0.015613 [31mkl_synergy_2 : 0.021332 [31mtotal : 0.632809 [31mdiag_kl_1 : 0.134094 [31mdiag_kl_2 : 0.173089 [94mAcc_combined: 73.58 [94mAcc_c: 51.53 [94mAcc_g: 75.11 [92mF1_combined: 73.64 [92mF1_c: 65.31 [92mF1_g: 75.95 [95mCEU_cue_audio: 0.0906 [95mCEU_cue_video: 0.8354 [95mCEU_synergy: 0.1305 [95mCEU_coexistence: 0.9429 [97mS:[93m13.0%[97m([91m1.3c[97m-[94mF1:12.9%) [97mU1:[93m9.1%[97m([91m0.9c[97m) [97mU2:[93m83.5%[97m([91m28.8c[97m) [97mR:[93m94.3%[97m([91m43.2c[97m) [97mS-L: [92m0:[96m6% [92m1:[96m33%[39m [39m
2026-07-25 16:44:00,033 - Agent - INFO - [37mVal Epoch 15 step 15 with [31mce_loss_combined : 0.616751 [31mce_loss_c : 0.780807 [31mce_loss_g : 0.723567 [31mkl_synergy_rand_1 : 0.018406 [31mkl_synergy_rand_2 : 0.023506 [31mkl_synergy_1 : 0.018489 [31mkl_synergy_2 : 0.022621 [31mtotal : 0.699773 [31mdiag_kl_1 : 0.148243 [31mdiag_kl_2 : 0.213892 [94mAcc_combined: 73.36 [94mAcc_c: 54.15 [94mAcc_g: 74.02 [92mF1_combined: 74.04 [92mF1_c: 62.50 [92mF1_g: 74.63 [95mCEU_cue_audio: 0.3184 [95mCEU_cue_video: 0.7594 [95mCEU_synergy: 0.0867 [95mCEU_coexistence: 0.9333 [97mS:[93m8.7%[97m([91m0.9c[97m-[94mF1:8.0%) [97mU1:[93m31.8%[97m([91m3.1c[97m) [97mU2:[93m75.9%[97m([91m26.2c[97m) [97mR:[93m93.3%[97m([91m42.8c[97m) [97mS-L: [92m1:[96m33%[39m [39m
2026-07-25 16:44:06,587 - Evaluator - INFO - New best with accuracy-
2026-07-25 16:44:06,587 - Agent - INFO - [37mVal Epoch 16 step 16 with [31mce_loss_combined : 0.524156 [31mce_loss_c : 0.726243 [31mce_loss_g : 0.583761 [31mkl_synergy_rand_1 : 0.019663 [31mkl_synergy_rand_2 : 0.026130 [31mkl_synergy_1 : 0.017705 [31mkl_synergy_2 : 0.026943 [31mtotal : 0.614597 [31mdiag_kl_1 : 0.206554 [31mdiag_kl_2 : 0.136649 [94mAcc_combined: 79.69 [94mAcc_c: 53.93 [94mAcc_g: 79.69 [92mF1_combined: 79.74 [92mF1_c: 65.58 [92mF1_g: 79.91 [95mCEU_cue_audio: 0.1821 [95mCEU_cue_video: 0.9493 [95mCEU_synergy: 0.1741 [95mCEU_coexistence: 0.9525 [97mS:[93m17.4%[97m([91m1.7c[97m-[94mF1:17.4%) [97mU1:[93m18.2%[97m([91m1.7c[97m) [97mU2:[93m94.9%[97m([91m32.8c[97m) [97mR:[93m95.2%[97m([91m43.7c[97m) [97mS-L: [92m0:[96m12% [92m1:[96m33%[39m [39m
2026-07-25 16:44:06,603 - Agent - INFO - [37mTest Epoch 16 step 16 with [31mce_loss_combined : 0.583280 [31mce_loss_c : 0.764270 [31mce_loss_g : 0.683142 [31mkl_synergy_rand_1 : 0.016505 [31mkl_synergy_rand_2 : 0.025284 [31mkl_synergy_1 : 0.015811 [31mkl_synergy_2 : 0.025194 [31mtotal : 0.666074 [31mdiag_kl_1 : 0.221488 [31mdiag_kl_2 : 0.134348 [94mAcc_combined: 73.10 [94mAcc_c: 51.17 [94mAcc_g: 73.62 [92mF1_combined: 73.43 [92mF1_c: 64.92 [92mF1_g: 74.03 [95mCEU_cue_audio: 0.2100 [95mCEU_cue_video: 0.8923 [95mCEU_synergy: 0.1890 [95mCEU_coexistence: 0.9215 [97mS:[93m18.9%[97m([91m2.5c[97m-[94mF1:18.6%) [97mU1:[93m21.0%[97m([91m2.5c[97m) [97mU2:[93m89.2%[97m([91m33.8c[97m) [97mR:[93m92.2%[97m([91m34.3c[97m) [97mS-L: [92m0:[96m17% [92m1:[96m25%[39m [39m
2026-07-25 16:44:07,117 - Agent - INFO - [37mModel saved successfully at: ./artifacts/models/multibench/mosi/vt/SynIB_RMask_U_foldREFABL_mosi_fold0_l0.1_perturbrandom_fillema_pmin0.3_refclass_prior_lr0.0005_wd0.001_bs32.pth.tar[39m
2026-07-25 16:44:13,683 - Agent - INFO - [37mVal Epoch 17 step 17 with [31mce_loss_combined : 0.506211 [31mce_loss_c : 0.819535 [31mce_loss_g : 0.550916 [31mkl_synergy_rand_1 : 0.017740 [31mkl_synergy_rand_2 : 0.022811 [31mkl_synergy_1 : 0.016610 [31mkl_synergy_2 : 0.022168 [31mtotal : 0.585541 [31mdiag_kl_1 : 0.189090 [31mdiag_kl_2 : 0.148245 [94mAcc_combined: 74.89 [94mAcc_c: 54.59 [94mAcc_g: 77.07 [92mF1_combined: 75.89 [92mF1_c: 61.34 [92mF1_g: 77.22 [95mCEU_cue_audio: 0.2726 [95mCEU_cue_video: 0.7722 [95mCEU_synergy: 0.2171 [95mCEU_coexistence: 0.9333 [97mS:[93m21.7%[97m([91m2.2c[97m-[94mF1:17.9%) [97mU1:[93m27.3%[97m([91m2.6c[97m) [97mU2:[93m77.2%[97m([91m26.6c[97m) [97mR:[93m93.3%[97m([91m42.8c[97m) [97mS-L: [92m0:[96m29%[39m [39m
2026-07-25 16:44:20,371 - Agent - INFO - [37mVal Epoch 18 step 18 with [31mce_loss_combined : 0.497203 [31mce_loss_c : 0.751061 [31mce_loss_g : 0.565513 [31mkl_synergy_rand_1 : 0.018880 [31mkl_synergy_rand_2 : 0.024527 [31mkl_synergy_1 : 0.017655 [31mkl_synergy_2 : 0.023814 [31mtotal : 0.582080 [31mdiag_kl_1 : 0.180563 [31mdiag_kl_2 : 0.114649 [94mAcc_combined: 76.86 [94mAcc_c: 53.93 [94mAcc_g: 77.29 [92mF1_combined: 77.35 [92mF1_c: 64.05 [92mF1_g: 77.59 [95mCEU_cue_audio: 0.1821 [95mCEU_cue_video: 0.9241 [95mCEU_synergy: 0.0438 [95mCEU_coexistence: 0.9429 [97mS:[93m4.3%[97m([91m0.4c[97m-[94mF1:4.2%) [97mU1:[93m18.2%[97m([91m1.7c[97m) [97mU2:[93m92.4%[97m([91m31.9c[97m) [97mR:[93m94.3%[97m([91m43.2c[97m) [97mS-L: [92m0:[96m6%[39m [39m
2026-07-25 16:44:26,957 - Agent - INFO - [37mVal Epoch 19 step 19 with [31mce_loss_combined : 0.502954 [31mce_loss_c : 0.809764 [31mce_loss_g : 0.564901 [31mkl_synergy_rand_1 : 0.020589 [31mkl_synergy_rand_2 : 0.026465 [31mkl_synergy_1 : 0.017138 [31mkl_synergy_2 : 0.024616 [31mtotal : 0.591762 [31mdiag_kl_1 : 0.201202 [31mdiag_kl_2 : 0.126430 [94mAcc_combined: 75.76 [94mAcc_c: 52.40 [94mAcc_g: 76.42 [92mF1_combined: 76.63 [92mF1_c: 61.21 [92mF1_g: 76.82 [95mCEU_cue_audio: 0.1821 [95mCEU_cue_video: 0.7974 [95mCEU_synergy: 0.1305 [95mCEU_coexistence: 0.9429 [97mS:[93m13.0%[97m([91m1.3c[97m-[94mF1:12.9%) [97mU1:[93m18.2%[97m([91m1.7c[97m) [97mU2:[93m79.7%[97m([91m27.5c[97m) [97mR:[93m94.3%[97m([91m43.2c[97m) [97mS-L: [92m0:[96m12% [92m1:[96m17%[39m [39m
2026-07-25 16:44:33,554 - Agent - INFO - [37mVal Epoch 20 step 20 with [31mce_loss_combined : 0.523060 [31mce_loss_c : 0.759027 [31mce_loss_g : 0.629612 [31mkl_synergy_rand_1 : 0.020816 [31mkl_synergy_rand_2 : 0.028882 [31mkl_synergy_1 : 0.019455 [31mkl_synergy_2 : 0.027833 [31mtotal : 0.620047 [31mdiag_kl_1 : 0.206285 [31mdiag_kl_2 : 0.129352 [94mAcc_combined: 76.42 [94mAcc_c: 56.33 [94mAcc_g: 76.86 [92mF1_combined: 77.12 [92mF1_c: 65.28 [92mF1_g: 76.96 [95mCEU_cue_audio: 0.1363 [95mCEU_cue_video: 0.8988 [95mCEU_synergy: 0.1305 [95mCEU_coexistence: 0.9143 [97mS:[93m13.0%[97m([91m1.3c[97m-[94mF1:12.9%) [97mU1:[93m13.6%[97m([91m1.3c[97m) [97mU2:[93m89.9%[97m([91m31.0c[97m) [97mR:[93m91.4%[97m([91m41.9c[97m) [97mS-L: [92m0:[96m12% [92m1:[96m17%[39m [39m
2026-07-25 16:44:40,213 - Agent - INFO - [37mVal Epoch 21 step 21 with [31mce_loss_combined : 0.502829 [31mce_loss_c : 0.761175 [31mce_loss_g : 0.601691 [31mkl_synergy_rand_1 : 0.020968 [31mkl_synergy_rand_2 : 0.028489 [31mkl_synergy_1 : 0.019930 [31mkl_synergy_2 : 0.028658 [31mtotal : 0.600874 [31mdiag_kl_1 : 0.214938 [31mdiag_kl_2 : 0.117042 [94mAcc_combined: 76.42 [94mAcc_c: 54.59 [94mAcc_g: 77.95 [92mF1_combined: 76.82 [92mF1_c: 63.89 [92mF1_g: 78.00 [95mCEU_cue_audio: 0.0906 [95mCEU_cue_video: 0.8988 [95mCEU_synergy: 0.1305 [95mCEU_coexistence: 0.9333 [97mS:[93m13.0%[97m([91m1.3c[97m-[94mF1:12.9%) [97mU1:[93m9.1%[97m([91m0.9c[97m) [97mU2:[93m89.9%[97m([91m31.0c[97m) [97mR:[93m93.3%[97m([91m42.8c[97m) [97mS-L: [92m0:[96m12% [92m1:[96m17%[39m [39m
2026-07-25 16:44:46,823 - Agent - INFO - [37mVal Epoch 22 step 22 with [31mce_loss_combined : 0.514229 [31mce_loss_c : 0.788500 [31mce_loss_g : 0.605307 [31mkl_synergy_rand_1 : 0.022183 [31mkl_synergy_rand_2 : 0.029006 [31mkl_synergy_1 : 0.018664 [31mkl_synergy_2 : 0.027057 [31mtotal : 0.611140 [31mdiag_kl_1 : 0.223758 [31mdiag_kl_2 : 0.123710 [94mAcc_combined: 76.42 [94mAcc_c: 55.24 [94mAcc_g: 77.73 [92mF1_combined: 77.02 [92mF1_c: 63.59 [92mF1_g: 77.83 [95mCEU_cue_audio: 0.2271 [95mCEU_cue_video: 0.8481 [95mCEU_synergy: 0.1741 [95mCEU_coexistence: 0.9333 [97mS:[93m17.4%[97m([91m1.7c[97m-[94mF1:16.8%) [97mU1:[93m22.7%[97m([91m2.2c[97m) [97mU2:[93m84.8%[97m([91m29.3c[97m) [97mR:[93m93.3%[97m([91m42.8c[97m) [97mS-L: [92m0:[96m18% [92m1:[96m17%[39m [39m
2026-07-25 16:44:53,416 - Agent - INFO - [37mVal Epoch 23 step 23 with [31mce_loss_combined : 0.514831 [31mce_loss_c : 0.795841 [31mce_loss_g : 0.606472 [31mkl_synergy_rand_1 : 0.022270 [31mkl_synergy_rand_2 : 0.028487 [31mkl_synergy_1 : 0.018827 [31mkl_synergy_2 : 0.025818 [31mtotal : 0.610232 [31mdiag_kl_1 : 0.221570 [31mdiag_kl_2 : 0.130089 [94mAcc_combined: 74.89 [94mAcc_c: 56.11 [94mAcc_g: 77.95 [92mF1_combined: 75.16 [92mF1_c: 64.30 [92mF1_g: 78.00 [95mCEU_cue_audio: 0.1821 [95mCEU_cue_video: 0.8228 [95mCEU_synergy: 0.1741 [95mCEU_coexistence: 0.9429 [97mS:[93m17.4%[97m([91m1.7c[97m-[94mF1:16.8%) [97mU1:[93m18.2%[97m([91m1.7c[97m) [97mU2:[93m82.3%[97m([91m28.4c[97m) [97mR:[93m94.3%[97m([91m43.2c[97m) [97mS-L: [92m0:[96m18% [92m1:[96m17%[39m [39m
2026-07-25 16:45:00,249 - Agent - INFO - [37mVal Epoch 24 step 24 with [31mce_loss_combined : 0.515018 [31mce_loss_c : 0.799590 [31mce_loss_g : 0.608099 [31mkl_synergy_rand_1 : 0.022356 [31mkl_synergy_rand_2 : 0.028729 [31mkl_synergy_1 : 0.018965 [31mkl_synergy_2 : 0.026537 [31mtotal : 0.611606 [31mdiag_kl_1 : 0.217530 [31mdiag_kl_2 : 0.124747 [94mAcc_combined: 74.67 [94mAcc_c: 55.46 [94mAcc_g: 77.95 [92mF1_combined: 75.00 [92mF1_c: 63.44 [92mF1_g: 78.00 [95mCEU_cue_audio: 0.1821 [95mCEU_cue_video: 0.8228 [95mCEU_synergy: 0.1741 [95mCEU_coexistence: 0.9429 [97mS:[93m17.4%[97m([91m1.7c[97m-[94mF1:16.8%) [97mU1:[93m18.2%[97m([91m1.7c[97m) [97mU2:[93m82.3%[97m([91m28.4c[97m) [97mR:[93m94.3%[97m([91m43.2c[97m) [97mS-L: [92m0:[96m18% [92m1:[96m17%[39m [39m
2026-07-25 16:45:06,889 - Agent - INFO - [37mVal Epoch 25 step 25 with [31mce_loss_combined : 0.527551 [31mce_loss_c : 0.833002 [31mce_loss_g : 0.613720 [31mkl_synergy_rand_1 : 0.020743 [31mkl_synergy_rand_2 : 0.027626 [31mkl_synergy_1 : 0.018723 [31mkl_synergy_2 : 0.026039 [31mtotal : 0.620683 [31mdiag_kl_1 : 0.198041 [31mdiag_kl_2 : 0.134615 [94mAcc_combined: 74.24 [94mAcc_c: 54.80 [94mAcc_g: 77.95 [92mF1_combined: 74.46 [92mF1_c: 62.97 [92mF1_g: 78.00 [95mCEU_cue_audio: 0.2271 [95mCEU_cue_video: 0.7974 [95mCEU_synergy: 0.1305 [95mCEU_coexistence: 0.9429 [97mS:[93m13.0%[97m([91m1.3c[97m-[94mF1:12.9%) [97mU1:[93m22.7%[97m([91m2.2c[97m) [97mU2:[93m79.7%[97m([91m27.5c[97m) [97mR:[93m94.3%[97m([91m43.2c[97m) [97mS-L: [92m0:[96m12% [92m1:[96m17%[39m [39m
2026-07-25 16:45:13,464 - Agent - INFO - [37mVal Epoch 26 step 26 with [31mce_loss_combined : 0.513905 [31mce_loss_c : 0.804513 [31mce_loss_g : 0.611210 [31mkl_synergy_rand_1 : 0.021493 [31mkl_synergy_rand_2 : 0.030184 [31mkl_synergy_1 : 0.020346 [31mkl_synergy_2 : 0.028266 [31mtotal : 0.614193 [31mdiag_kl_1 : 0.240046 [31mdiag_kl_2 : 0.123005 [94mAcc_combined: 77.73 [94mAcc_c: 53.93 [94mAcc_g: 78.38 [92mF1_combined: 78.02 [92mF1_c: 63.18 [92mF1_g: 78.62 [95mCEU_cue_audio: 0.1821 [95mCEU_cue_video: 0.9241 [95mCEU_synergy: 0.1305 [95mCEU_coexistence: 0.9239 [97mS:[93m13.0%[97m([91m1.3c[97m-[94mF1:12.9%) [97mU1:[93m18.2%[97m([91m1.7c[97m) [97mU2:[93m92.4%[97m([91m31.9c[97m) [97mR:[93m92.4%[97m([91m42.4c[97m) [97mS-L: [92m0:[96m12% [92m1:[96m17%[39m [39m
2026-07-25 16:45:20,032 - Agent - INFO - [37mVal Epoch 27 step 27 with [31mce_loss_combined : 0.515330 [31mce_loss_c : 0.771756 [31mce_loss_g : 0.571541 [31mkl_synergy_rand_1 : 0.019553 [31mkl_synergy_rand_2 : 0.025563 [31mkl_synergy_1 : 0.016278 [31mkl_synergy_2 : 0.023157 [31mtotal : 0.599881 [31mdiag_kl_1 : 0.157977 [31mdiag_kl_2 : 0.150801 [94mAcc_combined: 74.89 [94mAcc_c: 54.59 [94mAcc_g: 77.29 [92mF1_combined: 75.48 [92mF1_c: 61.76 [92mF1_g: 77.97 [95mCEU_cue_audio: 0.3635 [95mCEU_cue_video: 0.8481 [95mCEU_synergy: 0.1741 [95mCEU_coexistence: 0.9047 [97mS:[93m17.4%[97m([91m1.7c[97m-[94mF1:17.4%) [97mU1:[93m36.4%[97m([91m3.5c[97m) [97mU2:[93m84.8%[97m([91m29.3c[97m) [97mR:[93m90.5%[97m([91m41.5c[97m) [97mS-L: [92m0:[96m12% [92m1:[96m33%[39m [39m
2026-07-25 16:45:26,650 - Evaluator - INFO - New best with syn_accuracy-
2026-07-25 16:45:26,650 - Agent - INFO - [37mVal Epoch 28 step 28 with [31mce_loss_combined : 0.499201 [31mce_loss_c : 0.742813 [31mce_loss_g : 0.581181 [31mkl_synergy_rand_1 : 0.019702 [31mkl_synergy_rand_2 : 0.025356 [31mkl_synergy_1 : 0.015643 [31mkl_synergy_2 : 0.023658 [31mtotal : 0.583561 [31mdiag_kl_1 : 0.169590 [31mdiag_kl_2 : 0.146150 [94mAcc_combined: 78.17 [94mAcc_c: 54.15 [94mAcc_g: 78.82 [92mF1_combined: 78.35 [92mF1_c: 64.41 [92mF1_g: 79.49 [95mCEU_cue_audio: 0.3635 [95mCEU_cue_video: 0.8354 [95mCEU_synergy: 0.2610 [95mCEU_coexistence: 0.9239 [97mS:[93m26.1%[97m([91m2.6c[97m-[94mF1:26.1%) [97mU1:[93m36.4%[97m([91m3.5c[97m) [97mU2:[93m83.5%[97m([91m28.8c[97m) [97mR:[93m92.4%[97m([91m42.4c[97m) [97mS-L: [92m0:[96m18% [92m1:[96m50%[39m [39m
2026-07-25 16:45:26,666 - Agent - INFO - [37mTest Epoch 28 step 28 with [31mce_loss_combined : 0.631054 [31mce_loss_c : 0.770585 [31mce_loss_g : 0.787936 [31mkl_synergy_rand_1 : 0.017833 [31mkl_synergy_rand_2 : 0.024128 [31mkl_synergy_1 : 0.014751 [31mkl_synergy_2 : 0.023361 [31mtotal : 0.711127 [31mdiag_kl_1 : 0.192582 [31mdiag_kl_2 : 0.168985 [94mAcc_combined: 68.73 [94mAcc_c: 52.55 [94mAcc_g: 69.61 [92mF1_combined: 69.34 [92mF1_c: 64.60 [92mF1_g: 71.02 [95mCEU_cue_audio: 0.2591 [95mCEU_cue_video: 0.7807 [95mCEU_synergy: 0.1555 [95mCEU_coexistence: 0.9177 [97mS:[93m15.6%[97m([91m2.0c[97m-[94mF1:15.6%) [97mU1:[93m25.9%[97m([91m3.1c[97m) [97mU2:[93m78.1%[97m([91m29.6c[97m) [97mR:[93m91.8%[97m([91m34.1c[97m) [97mS-L: [92m0:[96m11% [92m1:[96m29%[39m [39m
2026-07-25 16:45:27,306 - Agent - INFO - [37mModel saved successfully at: ./artifacts/models/multibench/mosi/vt/SynIB_RMask_U_foldREFABL_mosi_fold0_l0.1_perturbrandom_fillema_pmin0.3_refclass_prior_lr0.0005_wd0.001_bs32.pth.tar[39m
2026-07-25 16:45:33,983 - Agent - INFO - [37mVal Epoch 29 step 29 with [31mce_loss_combined : 0.542754 [31mce_loss_c : 0.788701 [31mce_loss_g : 0.605356 [31mkl_synergy_rand_1 : 0.019273 [31mkl_synergy_rand_2 : 0.025021 [31mkl_synergy_1 : 0.016187 [31mkl_synergy_2 : 0.024038 [31mtotal : 0.627273 [31mdiag_kl_1 : 0.201511 [31mdiag_kl_2 : 0.163057 [94mAcc_combined: 72.27 [94mAcc_c: 54.59 [94mAcc_g: 75.76 [92mF1_combined: 72.57 [92mF1_c: 63.64 [92mF1_g: 76.13 [95mCEU_cue_audio: 0.2271 [95mCEU_cue_video: 0.7849 [95mCEU_synergy: 0.2610 [95mCEU_coexistence: 0.8761 [97mS:[93m26.1%[97m([91m2.6c[97m-[94mF1:25.5%) [97mU1:[93m22.7%[97m([91m2.2c[97m) [97mU2:[93m78.5%[97m([91m27.1c[97m) [97mR:[93m87.6%[97m([91m40.2c[97m) [97mS-L: [92m0:[96m24% [92m1:[96m33%[39m [39m
2026-07-25 16:45:40,616 - Agent - INFO - [37mVal Epoch 30 step 30 with [31mce_loss_combined : 0.598766 [31mce_loss_c : 0.914289 [31mce_loss_g : 0.688788 [31mkl_synergy_rand_1 : 0.021672 [31mkl_synergy_rand_2 : 0.025538 [31mkl_synergy_1 : 0.017208 [31mkl_synergy_2 : 0.022643 [31mtotal : 0.685826 [31mdiag_kl_1 : 0.180449 [31mdiag_kl_2 : 0.201833 [94mAcc_combined: 66.59 [94mAcc_c: 51.75 [94mAcc_g: 75.33 [92mF1_combined: 66.81 [92mF1_c: 58.06 [92mF1_g: 75.59 [95mCEU_cue_audio: 0.3635 [95mCEU_cue_video: 0.5696 [95mCEU_synergy: 0.1741 [95mCEU_coexistence: 0.9143 [97mS:[93m17.4%[97m([91m1.7c[97m-[94mF1:17.4%) [97mU1:[93m36.4%[97m([91m3.5c[97m) [97mU2:[93m57.0%[97m([91m19.7c[97m) [97mR:[93m91.4%[97m([91m41.9c[97m) [97mS-L: [92m0:[96m12% [92m1:[96m33%[39m [39m
2026-07-25 16:45:47,221 - Agent - INFO - [37mVal Epoch 31 step 31 with [31mce_loss_combined : 0.512084 [31mce_loss_c : 0.840209 [31mce_loss_g : 0.597457 [31mkl_synergy_rand_1 : 0.019243 [31mkl_synergy_rand_2 : 0.024963 [31mkl_synergy_1 : 0.013700 [31mkl_synergy_2 : 0.022912 [31mtotal : 0.592902 [31mdiag_kl_1 : 0.213636 [31mdiag_kl_2 : 0.131033 [94mAcc_combined: 75.98 [94mAcc_c: 53.06 [94mAcc_g: 75.33 [92mF1_combined: 76.19 [92mF1_c: 61.12 [92mF1_g: 75.70 [95mCEU_cue_audio: 0.0458 [95mCEU_cue_video: 0.9748 [95mCEU_synergy: 0.1305 [95mCEU_coexistence: 0.8761 [97mS:[93m13.0%[97m([91m1.3c[97m-[94mF1:11.5%) [97mU1:[93m4.5%[97m([91m0.4c[97m) [97mU2:[93m97.5%[97m([91m33.6c[97m) [97mR:[93m87.6%[97m([91m40.2c[97m) [97mS-L: [92m0:[96m18%[39m [39m
2026-07-25 16:45:53,744 - Agent - INFO - [37mVal Epoch 32 step 32 with [31mce_loss_combined : 0.526689 [31mce_loss_c : 0.731974 [31mce_loss_g : 0.652782 [31mkl_synergy_rand_1 : 0.021710 [31mkl_synergy_rand_2 : 0.031447 [31mkl_synergy_1 : 0.015751 [31mkl_synergy_2 : 0.030863 [31mtotal : 0.626460 [31mdiag_kl_1 : 0.247751 [31mdiag_kl_2 : 0.120278 [94mAcc_combined: 77.29 [94mAcc_c: 52.84 [94mAcc_g: 77.51 [92mF1_combined: 77.49 [92mF1_c: 64.94 [92mF1_g: 77.75 [95mCEU_cue_audio: 0.0458 [95mCEU_cue_video: 0.9493 [95mCEU_synergy: 0.1741 [95mCEU_coexistence: 0.9333 [97mS:[93m17.4%[97m([91m1.7c[97m-[94mF1:17.4%) [97mU1:[93m4.5%[97m([91m0.4c[97m) [97mU2:[93m94.9%[97m([91m32.8c[97m) [97mR:[93m93.3%[97m([91m42.8c[97m) [97mS-L: [92m0:[96m12% [92m1:[96m33%[39m [39m
2026-07-25 16:46:00,378 - Agent - INFO - [37mVal Epoch 33 step 33 with [31mce_loss_combined : 0.554527 [31mce_loss_c : 0.818340 [31mce_loss_g : 0.675548 [31mkl_synergy_rand_1 : 0.021395 [31mkl_synergy_rand_2 : 0.028156 [31mkl_synergy_1 : 0.016531 [31mkl_synergy_2 : 0.026386 [31mtotal : 0.646995 [31mdiag_kl_1 : 0.226864 [31mdiag_kl_2 : 0.150146 [94mAcc_combined: 71.83 [94mAcc_c: 53.93 [94mAcc_g: 76.20 [92mF1_combined: 72.02 [92mF1_c: 62.52 [92mF1_g: 76.25 [95mCEU_cue_audio: 0.2271 [95mCEU_cue_video: 0.7594 [95mCEU_synergy: 0.1741 [95mCEU_coexistence: 0.9143 [97mS:[93m17.4%[97m([91m1.7c[97m-[94mF1:17.4%) [97mU1:[93m22.7%[97m([91m2.2c[97m) [97mU2:[93m75.9%[97m([91m26.2c[97m) [97mR:[93m91.4%[97m([91m41.9c[97m) [97mS-L: [92m0:[96m12% [92m1:[96m33%[39m [39m
2026-07-25 16:46:07,024 - Agent - INFO - [37mVal Epoch 34 step 34 with [31mce_loss_combined : 0.550284 [31mce_loss_c : 0.846698 [31mce_loss_g : 0.670381 [31mkl_synergy_rand_1 : 0.021085 [31mkl_synergy_rand_2 : 0.027839 [31mkl_synergy_1 : 0.015470 [31mkl_synergy_2 : 0.024946 [31mtotal : 0.639624 [31mdiag_kl_1 : 0.213173 [31mdiag_kl_2 : 0.150594 [94mAcc_combined: 70.52 [94mAcc_c: 53.28 [94mAcc_g: 74.67 [92mF1_combined: 70.84 [92mF1_c: 61.23 [92mF1_g: 74.78 [95mCEU_cue_audio: 0.1821 [95mCEU_cue_video: 0.7214 [95mCEU_synergy: 0.2171 [95mCEU_coexistence: 0.9047 [97mS:[93m21.7%[97m([91m2.2c[97m-[94mF1:21.6%) [97mU1:[93m18.2%[97m([91m1.7c[97m) [97mU2:[93m72.2%[97m([91m24.9c[97m) [97mR:[93m90.5%[97m([91m41.5c[97m) [97mS-L: [92m0:[96m18% [92m1:[96m33%[39m [39m
2026-07-25 16:46:13,581 - Agent - INFO - [37mVal Epoch 35 step 35 with [31mce_loss_combined : 0.562732 [31mce_loss_c : 0.811785 [31mce_loss_g : 0.681625 [31mkl_synergy_rand_1 : 0.022510 [31mkl_synergy_rand_2 : 0.029124 [31mkl_synergy_1 : 0.015217 [31mkl_synergy_2 : 0.025518 [31mtotal : 0.655102 [31mdiag_kl_1 : 0.184504 [31mdiag_kl_2 : 0.163666 [94mAcc_combined: 72.05 [94mAcc_c: 54.80 [94mAcc_g: 77.29 [92mF1_combined: 72.29 [92mF1_c: 63.75 [92mF1_g: 77.39 [95mCEU_cue_audio: 0.3184 [95mCEU_cue_video: 0.7469 [95mCEU_synergy: 0.1305 [95mCEU_coexistence: 0.9333 [97mS:[93m13.0%[97m([91m1.3c[97m-[94mF1:12.9%) [97mU1:[93m31.8%[97m([91m3.1c[97m) [97mU2:[93m74.7%[97m([91m25.8c[97m) [97mR:[93m93.3%[97m([91m42.8c[97m) [97mS-L: [92m0:[96m6% [92m1:[96m33%[39m [39m
2026-07-25 16:46:20,185 - Agent - INFO - [37mVal Epoch 36 step 36 with [31mce_loss_combined : 0.519441 [31mce_loss_c : 0.789387 [31mce_loss_g : 0.648353 [31mkl_synergy_rand_1 : 0.023259 [31mkl_synergy_rand_2 : 0.029968 [31mkl_synergy_1 : 0.015173 [31mkl_synergy_2 : 0.027705 [31mtotal : 0.615546 [31mdiag_kl_1 : 0.226847 [31mdiag_kl_2 : 0.121697 [94mAcc_combined: 76.64 [94mAcc_c: 51.53 [94mAcc_g: 76.42 [92mF1_combined: 76.79 [92mF1_c: 62.12 [92mF1_g: 76.52 [95mCEU_cue_audio: 0.1821 [95mCEU_cue_video: 0.8608 [95mCEU_synergy: 0.1741 [95mCEU_coexistence: 0.9429 [97mS:[93m17.4%[97m([91m1.7c[97m-[94mF1:17.4%) [97mU1:[93m18.2%[97m([91m1.7c[97m) [97mU2:[93m86.1%[97m([91m29.7c[97m) [97mR:[93m94.3%[97m([91m43.2c[97m) [97mS-L: [92m0:[96m12% [92m1:[96m33%[39m [39m
2026-07-25 16:46:26,748 - Agent - INFO - [37mVal Epoch 37 step 37 with [31mce_loss_combined : 0.524855 [31mce_loss_c : 0.787807 [31mce_loss_g : 0.655224 [31mkl_synergy_rand_1 : 0.019892 [31mkl_synergy_rand_2 : 0.027823 [31mkl_synergy_1 : 0.014470 [31mkl_synergy_2 : 0.025543 [31mtotal : 0.612583 [31mdiag_kl_1 : 0.213867 [31mdiag_kl_2 : 0.128780 [94mAcc_combined: 74.24 [94mAcc_c: 55.02 [94mAcc_g: 74.89 [92mF1_combined: 74.24 [92mF1_c: 63.21 [92mF1_g: 74.95 [95mCEU_cue_audio: 0.1821 [95mCEU_cue_video: 0.8481 [95mCEU_synergy: 0.2171 [95mCEU_coexistence: 0.9047 [97mS:[93m21.7%[97m([91m2.2c[97m-[94mF1:20.4%) [97mU1:[93m18.2%[97m([91m1.7c[97m) [97mU2:[93m84.8%[97m([91m29.3c[97m) [97mR:[93m90.5%[97m([91m41.5c[97m) [97mS-L: [92m0:[96m24% [92m1:[96m17%[39m [39m
2026-07-25 16:46:33,389 - Agent - INFO - [37mVal Epoch 38 step 38 with [31mce_loss_combined : 0.566349 [31mce_loss_c : 0.837391 [31mce_loss_g : 0.703893 [31mkl_synergy_rand_1 : 0.023411 [31mkl_synergy_rand_2 : 0.028499 [31mkl_synergy_1 : 0.017115 [31mkl_synergy_2 : 0.026687 [31mtotal : 0.662061 [31mdiag_kl_1 : 0.204077 [31mdiag_kl_2 : 0.168399 [94mAcc_combined: 71.62 [94mAcc_c: 53.93 [94mAcc_g: 77.29 [92mF1_combined: 71.86 [92mF1_c: 61.00 [92mF1_g: 77.29 [95mCEU_cue_audio: 0.2271 [95mCEU_cue_video: 0.7214 [95mCEU_synergy: 0.1741 [95mCEU_coexistence: 0.9333 [97mS:[93m17.4%[97m([91m1.7c[97m-[94mF1:17.4%) [97mU1:[93m22.7%[97m([91m2.2c[97m) [97mU2:[93m72.2%[97m([91m24.9c[97m) [97mR:[93m93.3%[97m([91m42.8c[97m) [97mS-L: [92m0:[96m12% [92m1:[96m33%[39m [39m
2026-07-25 16:46:39,945 - Agent - INFO - [37mVal Epoch 39 step 39 with [31mce_loss_combined : 0.545868 [31mce_loss_c : 0.827923 [31mce_loss_g : 0.705419 [31mkl_synergy_rand_1 : 0.021758 [31mkl_synergy_rand_2 : 0.028842 [31mkl_synergy_1 : 0.015775 [31mkl_synergy_2 : 0.027138 [31mtotal : 0.639381 [31mdiag_kl_1 : 0.222331 [31mdiag_kl_2 : 0.148291 [94mAcc_combined: 73.80 [94mAcc_c: 54.80 [94mAcc_g: 77.29 [92mF1_combined: 74.25 [92mF1_c: 60.27 [92mF1_g: 77.29 [95mCEU_cue_audio: 0.2271 [95mCEU_cue_video: 0.7594 [95mCEU_synergy: 0.1741 [95mCEU_coexistence: 0.9239 [97mS:[93m17.4%[97m([91m1.7c[97m-[94mF1:17.4%) [97mU1:[93m22.7%[97m([91m2.2c[97m) [97mU2:[93m75.9%[97m([91m26.2c[97m) [97mR:[93m92.4%[97m([91m42.4c[97m) [97mS-L: [92m0:[96m12% [92m1:[96m33%[39m [39m
2026-07-25 16:46:46,537 - Agent - INFO - [37mVal Epoch 40 step 40 with [31mce_loss_combined : 0.555048 [31mce_loss_c : 0.842638 [31mce_loss_g : 0.694250 [31mkl_synergy_rand_1 : 0.024578 [31mkl_synergy_rand_2 : 0.028924 [31mkl_synergy_1 : 0.015219 [31mkl_synergy_2 : 0.026159 [31mtotal : 0.649927 [31mdiag_kl_1 : 0.214960 [31mdiag_kl_2 : 0.162161 [94mAcc_combined: 73.36 [94mAcc_c: 53.93 [94mAcc_g: 77.29 [92mF1_combined: 73.25 [92mF1_c: 60.41 [92mF1_g: 77.29 [95mCEU_cue_audio: 0.2271 [95mCEU_cue_video: 0.7594 [95mCEU_synergy: 0.1741 [95mCEU_coexistence: 0.9429 [97mS:[93m17.4%[97m([91m1.7c[97m-[94mF1:17.4%) [97mU1:[93m22.7%[97m([91m2.2c[97m) [97mU2:[93m75.9%[97m([91m26.2c[97m) [97mR:[93m94.3%[97m([91m43.2c[97m) [97mS-L: [92m0:[96m12% [92m1:[96m33%[39m [39m
2026-07-25 16:46:53,197 - Agent - INFO - [37mVal Epoch 41 step 41 with [31mce_loss_combined : 0.574507 [31mce_loss_c : 0.852010 [31mce_loss_g : 0.746166 [31mkl_synergy_rand_1 : 0.024177 [31mkl_synergy_rand_2 : 0.028666 [31mkl_synergy_1 : 0.015959 [31mkl_synergy_2 : 0.025741 [31mtotal : 0.669051 [31mdiag_kl_1 : 0.228656 [31mdiag_kl_2 : 0.172404 [94mAcc_combined: 72.71 [94mAcc_c: 54.80 [94mAcc_g: 76.42 [92mF1_combined: 73.00 [92mF1_c: 60.57 [92mF1_g: 76.52 [95mCEU_cue_audio: 0.2271 [95mCEU_cue_video: 0.7594 [95mCEU_synergy: 0.1741 [95mCEU_coexistence: 0.9333 [97mS:[93m17.4%[97m([91m1.7c[97m-[94mF1:17.4%) [97mU1:[93m22.7%[97m([91m2.2c[97m) [97mU2:[93m75.9%[97m([91m26.2c[97m) [97mR:[93m93.3%[97m([91m42.8c[97m) [97mS-L: [92m0:[96m12% [92m1:[96m33%[39m [39m
2026-07-25 16:46:59,803 - Agent - INFO - [37mVal Epoch 42 step 42 with [31mce_loss_combined : 0.545414 [31mce_loss_c : 0.874643 [31mce_loss_g : 0.696315 [31mkl_synergy_rand_1 : 0.021934 [31mkl_synergy_rand_2 : 0.028343 [31mkl_synergy_1 : 0.016204 [31mkl_synergy_2 : 0.026485 [31mtotal : 0.638379 [31mdiag_kl_1 : 0.239434 [31mdiag_kl_2 : 0.163891 [94mAcc_combined: 74.02 [94mAcc_c: 52.62 [94mAcc_g: 76.64 [92mF1_combined: 74.19 [92mF1_c: 58.03 [92mF1_g: 76.69 [95mCEU_cue_audio: 0.2271 [95mCEU_cue_video: 0.7849 [95mCEU_synergy: 0.2171 [95mCEU_coexistence: 0.9239 [97mS:[93m21.7%[97m([91m2.2c[97m-[94mF1:21.6%) [97mU1:[93m22.7%[97m([91m2.2c[97m) [97mU2:[93m78.5%[97m([91m27.1c[97m) [97mR:[93m92.4%[97m([91m42.4c[97m) [97mS-L: [92m0:[96m18% [92m1:[96m33%[39m [39m
2026-07-25 16:47:06,424 - Agent - INFO - [37mVal Epoch 43 step 43 with [31mce_loss_combined : 0.568512 [31mce_loss_c : 0.886184 [31mce_loss_g : 0.739335 [31mkl_synergy_rand_1 : 0.023971 [31mkl_synergy_rand_2 : 0.028147 [31mkl_synergy_1 : 0.016612 [31mkl_synergy_2 : 0.025956 [31mtotal : 0.663199 [31mdiag_kl_1 : 0.243096 [31mdiag_kl_2 : 0.171505 [94mAcc_combined: 72.71 [94mAcc_c: 52.62 [94mAcc_g: 77.29 [92mF1_combined: 72.77 [92mF1_c: 58.67 [92mF1_g: 77.29 [95mCEU_cue_audio: 0.2271 [95mCEU_cue_video: 0.7469 [95mCEU_synergy: 0.2171 [95mCEU_coexistence: 0.9239 [97mS:[93m21.7%[97m([91m2.2c[97m-[94mF1:21.6%) [97mU1:[93m22.7%[97m([91m2.2c[97m) [97mU2:[93m74.7%[97m([91m25.8c[97m) [97mR:[93m92.4%[97m([91m42.4c[97m) [97mS-L: [92m0:[96m18% [92m1:[96m33%[39m [39m
2026-07-25 16:47:13,020 - Agent - INFO - [37mVal Epoch 44 step 44 with [31mce_loss_combined : 0.565207 [31mce_loss_c : 0.878374 [31mce_loss_g : 0.734093 [31mkl_synergy_rand_1 : 0.023571 [31mkl_synergy_rand_2 : 0.029484 [31mkl_synergy_1 : 0.015873 [31mkl_synergy_2 : 0.024772 [31mtotal : 0.658906 [31mdiag_kl_1 : 0.233816 [31mdiag_kl_2 : 0.171759 [94mAcc_combined: 72.05 [94mAcc_c: 52.84 [94mAcc_g: 77.07 [92mF1_combined: 72.17 [92mF1_c: 58.78 [92mF1_g: 77.12 [95mCEU_cue_audio: 0.2271 [95mCEU_cue_video: 0.7214 [95mCEU_synergy: 0.1741 [95mCEU_coexistence: 0.9239 [97mS:[93m17.4%[97m([91m1.7c[97m-[94mF1:17.4%) [97mU1:[93m22.7%[97m([91m2.2c[97m) [97mU2:[93m72.2%[97m([91m24.9c[97m) [97mR:[93m92.4%[97m([91m42.4c[97m) [97mS-L: [92m0:[96m12% [92m1:[96m33%[39m [39m
2026-07-25 16:47:19,604 - Agent - INFO - [37mVal Epoch 45 step 45 with [31mce_loss_combined : 0.563965 [31mce_loss_c : 0.898754 [31mce_loss_g : 0.722152 [31mkl_synergy_rand_1 : 0.022586 [31mkl_synergy_rand_2 : 0.029164 [31mkl_synergy_1 : 0.015146 [31mkl_synergy_2 : 0.025066 [31mtotal : 0.655927 [31mdiag_kl_1 : 0.223293 [31mdiag_kl_2 : 0.159726 [94mAcc_combined: 71.83 [94mAcc_c: 53.28 [94mAcc_g: 76.86 [92mF1_combined: 71.90 [92mF1_c: 58.85 [92mF1_g: 76.86 [95mCEU_cue_audio: 0.2726 [95mCEU_cue_video: 0.7214 [95mCEU_synergy: 0.1741 [95mCEU_coexistence: 0.9239 [97mS:[93m17.4%[97m([91m1.7c[97m-[94mF1:17.4%) [97mU1:[93m27.3%[97m([91m2.6c[97m) [97mU2:[93m72.2%[97m([91m24.9c[97m) [97mR:[93m92.4%[97m([91m42.4c[97m) [97mS-L: [92m0:[96m12% [92m1:[96m33%[39m [39m
2026-07-25 16:47:26,215 - Agent - INFO - [37mVal Epoch 46 step 46 with [31mce_loss_combined : 0.560988 [31mce_loss_c : 0.886758 [31mce_loss_g : 0.734510 [31mkl_synergy_rand_1 : 0.024250 [31mkl_synergy_rand_2 : 0.030050 [31mkl_synergy_1 : 0.015616 [31mkl_synergy_2 : 0.026126 [31mtotal : 0.657031 [31mdiag_kl_1 : 0.242003 [31mdiag_kl_2 : 0.166573 [94mAcc_combined: 72.93 [94mAcc_c: 52.84 [94mAcc_g: 76.86 [92mF1_combined: 73.04 [92mF1_c: 58.94 [92mF1_g: 76.86 [95mCEU_cue_audio: 0.2271 [95mCEU_cue_video: 0.7594 [95mCEU_synergy: 0.1741 [95mCEU_coexistence: 0.9333 [97mS:[93m17.4%[97m([91m1.7c[97m-[94mF1:17.4%) [97mU1:[93m22.7%[97m([91m2.2c[97m) [97mU2:[93m75.9%[97m([91m26.2c[97m) [97mR:[93m93.3%[97m([91m42.8c[97m) [97mS-L: [92m0:[96m12% [92m1:[96m33%[39m [39m
2026-07-25 16:47:32,797 - Agent - INFO - [37mVal Epoch 47 step 47 with [31mce_loss_combined : 0.563934 [31mce_loss_c : 0.899906 [31mce_loss_g : 0.721769 [31mkl_synergy_rand_1 : 0.022017 [31mkl_synergy_rand_2 : 0.027838 [31mkl_synergy_1 : 0.016247 [31mkl_synergy_2 : 0.023844 [31mtotal : 0.653880 [31mdiag_kl_1 : 0.217032 [31mdiag_kl_2 : 0.168440 [94mAcc_combined: 70.52 [94mAcc_c: 53.28 [94mAcc_g: 76.42 [92mF1_combined: 70.72 [92mF1_c: 59.00 [92mF1_g: 76.42 [95mCEU_cue_audio: 0.2726 [95mCEU_cue_video: 0.6835 [95mCEU_synergy: 0.1741 [95mCEU_coexistence: 0.9333 [97mS:[93m17.4%[97m([91m1.7c[97m-[94mF1:17.4%) [97mU1:[93m27.3%[97m([91m2.6c[97m) [97mU2:[93m68.4%[97m([91m23.6c[97m) [97mR:[93m93.3%[97m([91m42.8c[97m) [97mS-L: [92m0:[96m12% [92m1:[96m33%[39m [39m
2026-07-25 16:47:39,379 - Agent - INFO - [37mVal Epoch 48 step 48 with [31mce_loss_combined : 0.561912 [31mce_loss_c : 0.897972 [31mce_loss_g : 0.719612 [31mkl_synergy_rand_1 : 0.022558 [31mkl_synergy_rand_2 : 0.029094 [31mkl_synergy_1 : 0.014968 [31mkl_synergy_2 : 0.024613 [31mtotal : 0.653145 [31mdiag_kl_1 : 0.232997 [31mdiag_kl_2 : 0.152518 [94mAcc_combined: 71.40 [94mAcc_c: 52.84 [94mAcc_g: 76.42 [92mF1_combined: 71.58 [92mF1_c: 58.30 [92mF1_g: 76.42 [95mCEU_cue_audio: 0.2726 [95mCEU_cue_video: 0.6962 [95mCEU_synergy: 0.1741 [95mCEU_coexistence: 0.9239 [97mS:[93m17.4%[97m([91m1.7c[97m-[94mF1:17.4%) [97mU1:[93m27.3%[97m([91m2.6c[97m) [97mU2:[93m69.6%[97m([91m24.0c[97m) [97mR:[93m92.4%[97m([91m42.4c[97m) [97mS-L: [92m0:[96m12% [92m1:[96m33%[39m [39m
2026-07-25 16:47:45,962 - Agent - INFO - [37mVal Epoch 49 step 49 with [31mce_loss_combined : 0.561281 [31mce_loss_c : 0.896012 [31mce_loss_g : 0.720295 [31mkl_synergy_rand_1 : 0.019833 [31mkl_synergy_rand_2 : 0.028216 [31mkl_synergy_1 : 0.015926 [31mkl_synergy_2 : 0.024317 [31mtotal : 0.649573 [31mdiag_kl_1 : 0.199743 [31mdiag_kl_2 : 0.170399 [94mAcc_combined: 71.40 [94mAcc_c: 52.62 [94mAcc_g: 76.42 [92mF1_combined: 71.58 [92mF1_c: 58.19 [92mF1_g: 76.42 [95mCEU_cue_audio: 0.2726 [95mCEU_cue_video: 0.6962 [95mCEU_synergy: 0.1741 [95mCEU_coexistence: 0.9239 [97mS:[93m17.4%[97m([91m1.7c[97m-[94mF1:17.4%) [97mU1:[93m27.3%[97m([91m2.6c[97m) [97mU2:[93m69.6%[97m([91m24.0c[97m) [97mR:[93m92.4%[97m([91m42.4c[97m) [97mS-L: [92m0:[96m12% [92m1:[96m33%[39m [39m
2026-07-25 16:47:52,574 - Agent - INFO - [37mVal Epoch 50 step 50 with [31mce_loss_combined : 0.551735 [31mce_loss_c : 0.911663 [31mce_loss_g : 0.716155 [31mkl_synergy_rand_1 : 0.022381 [31mkl_synergy_rand_2 : 0.027079 [31mkl_synergy_1 : 0.015679 [31mkl_synergy_2 : 0.023456 [31mtotal : 0.640329 [31mdiag_kl_1 : 0.242289 [31mdiag_kl_2 : 0.159729 [94mAcc_combined: 72.49 [94mAcc_c: 53.06 [94mAcc_g: 75.98 [92mF1_combined: 72.73 [92mF1_c: 57.59 [92mF1_g: 75.98 [95mCEU_cue_audio: 0.2726 [95mCEU_cue_video: 0.7469 [95mCEU_synergy: 0.1741 [95mCEU_coexistence: 0.9333 [97mS:[93m17.4%[97m([91m1.7c[97m-[94mF1:17.4%) [97mU1:[93m27.3%[97m([91m2.6c[97m) [97mU2:[93m74.7%[97m([91m25.8c[97m) [97mR:[93m93.3%[97m([91m42.8c[97m) [97mS-L: [92m0:[96m12% [92m1:[96m33%[39m [39m
2026-07-25 16:47:59,924 - Agent - INFO - [37mVal Epoch 51 step 51 with [31mce_loss_combined : 0.634004 [31mce_loss_c : 0.793892 [31mce_loss_g : 0.936765 [31mkl_synergy_rand_1 : 0.024031 [31mkl_synergy_rand_2 : 0.030343 [31mkl_synergy_1 : 0.015384 [31mkl_synergy_2 : 0.029195 [31mtotal : 0.732957 [31mdiag_kl_1 : 0.258566 [31mdiag_kl_2 : 0.213355 [94mAcc_combined: 69.87 [94mAcc_c: 53.28 [94mAcc_g: 72.93 [92mF1_combined: 70.00 [92mF1_c: 61.65 [92mF1_g: 72.93 [95mCEU_cue_audio: 0.2271 [95mCEU_cue_video: 0.7974 [95mCEU_synergy: 0.2171 [95mCEU_coexistence: 0.8382 [97mS:[93m21.7%[97m([91m2.2c[97m-[94mF1:21.6%) [97mU1:[93m22.7%[97m([91m2.2c[97m) [97mU2:[93m79.7%[97m([91m27.5c[97m) [97mR:[93m83.8%[97m([91m38.4c[97m) [97mS-L: [92m0:[96m18% [92m1:[96m33%[39m [39m
2026-07-25 16:48:06,565 - Agent - INFO - [37mVal Epoch 52 step 52 with [31mce_loss_combined : 0.595388 [31mce_loss_c : 0.834315 [31mce_loss_g : 0.752429 [31mkl_synergy_rand_1 : 0.021503 [31mkl_synergy_rand_2 : 0.026235 [31mkl_synergy_1 : 0.014546 [31mkl_synergy_2 : 0.024856 [31mtotal : 0.682526 [31mdiag_kl_1 : 0.175637 [31mdiag_kl_2 : 0.210251 [94mAcc_combined: 72.27 [94mAcc_c: 53.93 [94mAcc_g: 75.98 [92mF1_combined: 72.45 [92mF1_c: 61.43 [92mF1_g: 76.19 [95mCEU_cue_audio: 0.5000 [95mCEU_cue_video: 0.6709 [95mCEU_synergy: 0.1741 [95mCEU_coexistence: 0.9429 [97mS:[93m17.4%[97m([91m1.7c[97m-[94mF1:16.8%) [97mU1:[93m50.0%[97m([91m4.8c[97m) [97mU2:[93m67.1%[97m([91m23.1c[97m) [97mR:[93m94.3%[97m([91m43.2c[97m) [97mS-L: [92m0:[96m6% [92m1:[96m50%[39m [39m
2026-07-25 16:48:13,214 - Agent - INFO - [37mVal Epoch 53 step 53 with [31mce_loss_combined : 0.537870 [31mce_loss_c : 0.758191 [31mce_loss_g : 0.715735 [31mkl_synergy_rand_1 : 0.021655 [31mkl_synergy_rand_2 : 0.029431 [31mkl_synergy_1 : 0.014879 [31mkl_synergy_2 : 0.027740 [31mtotal : 0.631575 [31mdiag_kl_1 : 0.233496 [31mdiag_kl_2 : 0.149578 [94mAcc_combined: 76.20 [94mAcc_c: 53.71 [94mAcc_g: 76.42 [92mF1_combined: 76.56 [92mF1_c: 63.07 [92mF1_g: 76.62 [95mCEU_cue_audio: 0.1821 [95mCEU_cue_video: 0.8733 [95mCEU_synergy: 0.1741 [95mCEU_coexistence: 0.9143 [97mS:[93m17.4%[97m([91m1.7c[97m-[94mF1:17.4%) [97mU1:[93m18.2%[97m([91m1.7c[97m) [97mU2:[93m87.3%[97m([91m30.1c[97m) [97mR:[93m91.4%[97m([91m41.9c[97m) [97mS-L: [92m0:[96m12% [92m1:[96m33%[39m [39m
2026-07-25 16:48:19,881 - Evaluator - INFO - New best with syn_accuracy-
2026-07-25 16:48:19,881 - Agent - INFO - [37mVal Epoch 54 step 54 with [31mce_loss_combined : 0.564722 [31mce_loss_c : 0.743867 [31mce_loss_g : 0.666268 [31mkl_synergy_rand_1 : 0.020599 [31mkl_synergy_rand_2 : 0.026023 [31mkl_synergy_1 : 0.013249 [31mkl_synergy_2 : 0.024021 [31mtotal : 0.648615 [31mdiag_kl_1 : 0.299268 [31mdiag_kl_2 : 0.187937 [94mAcc_combined: 72.49 [94mAcc_c: 51.75 [94mAcc_g: 71.40 [92mF1_combined: 73.08 [92mF1_c: 62.48 [92mF1_g: 70.69 [95mCEU_cue_audio: 0.1363 [95mCEU_cue_video: 0.9113 [95mCEU_synergy: 0.3045 [95mCEU_coexistence: 0.8096 [97mS:[93m30.4%[97m([91m3.1c[97m-[94mF1:29.2%) [97mU1:[93m13.6%[97m([91m1.3c[97m) [97mU2:[93m91.1%[97m([91m31.4c[97m) [97mR:[93m81.0%[97m([91m37.1c[97m) [97mS-L: [92m0:[96m29% [92m1:[96m33%[39m [39m
2026-07-25 16:48:19,897 - Agent - INFO - [37mTest Epoch 54 step 54 with [31mce_loss_combined : 0.593291 [31mce_loss_c : 0.800858 [31mce_loss_g : 0.676886 [31mkl_synergy_rand_1 : 0.022339 [31mkl_synergy_rand_2 : 0.028512 [31mkl_synergy_1 : 0.014863 [31mkl_synergy_2 : 0.026128 [31mtotal : 0.685133 [31mdiag_kl_1 : 0.306729 [31mdiag_kl_2 : 0.207741 [94mAcc_combined: 71.87 [94mAcc_c: 52.62 [94mAcc_g: 73.40 [92mF1_combined: 72.62 [92mF1_c: 61.94 [92mF1_g: 73.10 [95mCEU_cue_audio: 0.2591 [95mCEU_cue_video: 0.8309 [95mCEU_synergy: 0.3555 [95mCEU_coexistence: 0.8666 [97mS:[93m35.6%[97m([91m4.7c[97m-[94mF1:29.7%) [97mU1:[93m25.9%[97m([91m3.1c[97m) [97mU2:[93m83.1%[97m([91m31.5c[97m) [97mR:[93m86.7%[97m([91m32.2c[97m) [97mS-L: [92m0:[96m44% [92m1:[96m12%[39m [39m
2026-07-25 16:48:20,587 - Agent - INFO - [37mModel saved successfully at: ./artifacts/models/multibench/mosi/vt/SynIB_RMask_U_foldREFABL_mosi_fold0_l0.1_perturbrandom_fillema_pmin0.3_refclass_prior_lr0.0005_wd0.001_bs32.pth.tar[39m
2026-07-25 16:48:27,343 - Agent - INFO - [37mVal Epoch 55 step 55 with [31mce_loss_combined : 0.506263 [31mce_loss_c : 0.779819 [31mce_loss_g : 0.610604 [31mkl_synergy_rand_1 : 0.023412 [31mkl_synergy_rand_2 : 0.029100 [31mkl_synergy_1 : 0.014235 [31mkl_synergy_2 : 0.026865 [31mtotal : 0.599874 [31mdiag_kl_1 : 0.214941 [31mdiag_kl_2 : 0.115008 [94mAcc_combined: 77.07 [94mAcc_c: 52.62 [94mAcc_g: 77.07 [92mF1_combined: 77.52 [92mF1_c: 62.65 [92mF1_g: 77.22 [95mCEU_cue_audio: 0.1821 [95mCEU_cue_video: 0.8733 [95mCEU_synergy: 0.0867 [95mCEU_coexistence: 0.9525 [97mS:[93m8.7%[97m([91m0.9c[97m-[94mF1:8.0%) [97mU1:[93m18.2%[97m([91m1.7c[97m) [97mU2:[93m87.3%[97m([91m30.1c[97m) [97mR:[93m95.2%[97m([91m43.7c[97m) [97mS-L: [92m0:[96m12%[39m [39m
2026-07-25 16:48:34,037 - Agent - INFO - [37mVal Epoch 56 step 56 with [31mce_loss_combined : 0.566729 [31mce_loss_c : 0.912056 [31mce_loss_g : 0.656680 [31mkl_synergy_rand_1 : 0.020333 [31mkl_synergy_rand_2 : 0.024120 [31mkl_synergy_1 : 0.013521 [31mkl_synergy_2 : 0.020255 [31mtotal : 0.644958 [31mdiag_kl_1 : 0.217018 [31mdiag_kl_2 : 0.164108 [94mAcc_combined: 71.62 [94mAcc_c: 49.78 [94mAcc_g: 75.98 [92mF1_combined: 72.57 [92mF1_c: 56.60 [92mF1_g: 76.19 [95mCEU_cue_audio: 0.1821 [95mCEU_cue_video: 0.7342 [95mCEU_synergy: 0.1305 [95mCEU_coexistence: 0.9333 [97mS:[93m13.0%[97m([91m1.3c[97m-[94mF1:11.5%) [97mU1:[93m18.2%[97m([91m1.7c[97m) [97mU2:[93m73.4%[97m([91m25.3c[97m) [97mR:[93m93.3%[97m([91m42.8c[97m) [97mS-L: [92m0:[96m18%[39m [39m
2026-07-25 16:48:40,700 - Agent - INFO - [37mVal Epoch 57 step 57 with [31mce_loss_combined : 0.622083 [31mce_loss_c : 0.834717 [31mce_loss_g : 0.776079 [31mkl_synergy_rand_1 : 0.021562 [31mkl_synergy_rand_2 : 0.025984 [31mkl_synergy_1 : 0.013866 [31mkl_synergy_2 : 0.022222 [31mtotal : 0.705718 [31mdiag_kl_1 : 0.178302 [31mdiag_kl_2 : 0.222049 [94mAcc_combined: 73.36 [94mAcc_c: 54.15 [94mAcc_g: 77.07 [92mF1_combined: 74.79 [92mF1_c: 61.25 [92mF1_g: 77.22 [95mCEU_cue_audio: 0.3635 [95mCEU_cue_video: 0.7342 [95mCEU_synergy: 0.1305 [95mCEU_coexistence: 0.9047 [97mS:[93m13.0%[97m([91m1.3c[97m-[94mF1:12.9%) [97mU1:[93m36.4%[97m([91m3.5c[97m) [97mU2:[93m73.4%[97m([91m25.3c[97m) [97mR:[93m90.5%[97m([91m41.5c[97m) [97mS-L: [92m0:[96m12% [92m1:[96m17%[39m [39m
2026-07-25 16:48:47,448 - Agent - INFO - [37mVal Epoch 58 step 58 with [31mce_loss_combined : 0.605754 [31mce_loss_c : 0.826417 [31mce_loss_g : 0.690489 [31mkl_synergy_rand_1 : 0.019399 [31mkl_synergy_rand_2 : 0.023351 [31mkl_synergy_1 : 0.012140 [31mkl_synergy_2 : 0.019643 [31mtotal : 0.680287 [31mdiag_kl_1 : 0.165323 [31mdiag_kl_2 : 0.216496 [94mAcc_combined: 70.74 [94mAcc_c: 54.37 [94mAcc_g: 74.24 [92mF1_combined: 71.97 [92mF1_c: 60.49 [92mF1_g: 74.35 [95mCEU_cue_audio: 0.2271 [95mCEU_cue_video: 0.7849 [95mCEU_synergy: 0.1741 [95mCEU_coexistence: 0.8761 [97mS:[93m17.4%[97m([91m1.7c[97m-[94mF1:17.4%) [97mU1:[93m22.7%[97m([91m2.2c[97m) [97mU2:[93m78.5%[97m([91m27.1c[97m) [97mR:[93m87.6%[97m([91m40.2c[97m) [97mS-L: [92m0:[96m12% [92m1:[96m33%[39m [39m
2026-07-25 16:48:54,157 - Agent - INFO - [37mVal Epoch 59 step 59 with [31mce_loss_combined : 0.560815 [31mce_loss_c : 0.847312 [31mce_loss_g : 0.630411 [31mkl_synergy_rand_1 : 0.020598 [31mkl_synergy_rand_2 : 0.026280 [31mkl_synergy_1 : 0.014648 [31mkl_synergy_2 : 0.022898 [31mtotal : 0.645239 [31mdiag_kl_1 : 0.197025 [31mdiag_kl_2 : 0.160272 [94mAcc_combined: 75.11 [94mAcc_c: 51.75 [94mAcc_g: 76.20 [92mF1_combined: 76.05 [92mF1_c: 59.89 [92mF1_g: 76.25 [95mCEU_cue_audio: 0.2726 [95mCEU_cue_video: 0.8101 [95mCEU_synergy: 0.1741 [95mCEU_coexistence: 0.9239 [97mS:[93m17.4%[97m([91m1.7c[97m-[94mF1:17.4%) [97mU1:[93m27.3%[97m([91m2.6c[97m) [97mU2:[93m81.0%[97m([91m27.9c[97m) [97mR:[93m92.4%[97m([91m42.4c[97m) [97mS-L: [92m0:[96m12% [92m1:[96m33%[39m [39m
2026-07-25 16:49:00,890 - Agent - INFO - [37mVal Epoch 60 step 60 with [31mce_loss_combined : 0.520972 [31mce_loss_c : 0.847485 [31mce_loss_g : 0.576560 [31mkl_synergy_rand_1 : 0.024416 [31mkl_synergy_rand_2 : 0.028798 [31mkl_synergy_1 : 0.016124 [31mkl_synergy_2 : 0.025253 [31mtotal : 0.615563 [31mdiag_kl_1 : 0.258811 [31mdiag_kl_2 : 0.116873 [94mAcc_combined: 75.33 [94mAcc_c: 53.93 [94mAcc_g: 77.07 [92mF1_combined: 76.01 [92mF1_c: 60.56 [92mF1_g: 77.12 [95mCEU_cue_audio: 0.1363 [95mCEU_cue_video: 0.9368 [95mCEU_synergy: 0.1741 [95mCEU_coexistence: 0.9047 [97mS:[93m17.4%[97m([91m1.7c[97m-[94mF1:16.8%) [97mU1:[93m13.6%[97m([91m1.3c[97m) [97mU2:[93m93.7%[97m([91m32.3c[97m) [97mR:[93m90.5%[97m([91m41.5c[97m) [97mS-L: [92m0:[96m18% [92m1:[96m17%[39m [39m
2026-07-25 16:49:07,586 - Agent - INFO - [37mVal Epoch 61 step 61 with [31mce_loss_combined : 0.535334 [31mce_loss_c : 0.865510 [31mce_loss_g : 0.583348 [31mkl_synergy_rand_1 : 0.022071 [31mkl_synergy_rand_2 : 0.027288 [31mkl_synergy_1 : 0.013663 [31mkl_synergy_2 : 0.021981 [31mtotal : 0.620337 [31mdiag_kl_1 : 0.213340 [31mdiag_kl_2 : 0.125401 [94mAcc_combined: 72.93 [94mAcc_c: 52.84 [94mAcc_g: 75.33 [92mF1_combined: 73.50 [92mF1_c: 60.87 [92mF1_g: 75.06 [95mCEU_cue_audio: 0.1821 [95mCEU_cue_video: 0.7849 [95mCEU_synergy: 0.1305 [95mCEU_coexistence: 0.9333 [97mS:[93m13.0%[97m([91m1.3c[97m-[94mF1:12.9%) [97mU1:[93m18.2%[97m([91m1.7c[97m) [97mU2:[93m78.5%[97m([91m27.1c[97m) [97mR:[93m93.3%[97m([91m42.8c[97m) [97mS-L: [92m0:[96m12% [92m1:[96m17%[39m [39m
2026-07-25 16:49:14,292 - Agent - INFO - [37mVal Epoch 62 step 62 with [31mce_loss_combined : 0.576804 [31mce_loss_c : 0.872917 [31mce_loss_g : 0.697622 [31mkl_synergy_rand_1 : 0.019445 [31mkl_synergy_rand_2 : 0.028791 [31mkl_synergy_1 : 0.013841 [31mkl_synergy_2 : 0.025579 [31mtotal : 0.664460 [31mdiag_kl_1 : 0.211128 [31mdiag_kl_2 : 0.163115 [94mAcc_combined: 71.62 [94mAcc_c: 53.06 [94mAcc_g: 75.55 [92mF1_combined: 72.10 [92mF1_c: 60.69 [92mF1_g: 75.55 [95mCEU_cue_audio: 0.1821 [95mCEU_cue_video: 0.7974 [95mCEU_synergy: 0.2171 [95mCEU_coexistence: 0.8857 [97mS:[93m21.7%[97m([91m2.2c[97m-[94mF1:20.4%) [97mU1:[93m18.2%[97m([91m1.7c[97m) [97mU2:[93m79.7%[97m([91m27.5c[97m) [97mR:[93m88.6%[97m([91m40.6c[97m) [97mS-L: [92m0:[96m24% [92m1:[96m17%[39m [39m
2026-07-25 16:49:20,967 - Agent - INFO - [37mVal Epoch 63 step 63 with [31mce_loss_combined : 0.569717 [31mce_loss_c : 0.914022 [31mce_loss_g : 0.691928 [31mkl_synergy_rand_1 : 0.020745 [31mkl_synergy_rand_2 : 0.025750 [31mkl_synergy_1 : 0.014061 [31mkl_synergy_2 : 0.021631 [31mtotal : 0.651904 [31mdiag_kl_1 : 0.249835 [31mdiag_kl_2 : 0.191257 [94mAcc_combined: 72.71 [94mAcc_c: 54.37 [94mAcc_g: 76.20 [92mF1_combined: 73.23 [92mF1_c: 59.88 [92mF1_g: 76.04 [95mCEU_cue_audio: 0.2726 [95mCEU_cue_video: 0.7722 [95mCEU_synergy: 0.2610 [95mCEU_coexistence: 0.8761 [97mS:[93m26.1%[97m([91m2.6c[97m-[94mF1:23.8%) [97mU1:[93m27.3%[97m([91m2.6c[97m) [97mU2:[93m77.2%[97m([91m26.6c[97m) [97mR:[93m87.6%[97m([91m40.2c[97m) [97mS-L: [92m0:[96m29% [92m1:[96m17%[39m [39m
2026-07-25 16:49:27,695 - Agent - INFO - [37mVal Epoch 64 step 64 with [31mce_loss_combined : 0.578178 [31mce_loss_c : 0.843521 [31mce_loss_g : 0.667741 [31mkl_synergy_rand_1 : 0.024603 [31mkl_synergy_rand_2 : 0.028303 [31mkl_synergy_1 : 0.016283 [31mkl_synergy_2 : 0.025613 [31mtotal : 0.672979 [31mdiag_kl_1 : 0.257425 [31mdiag_kl_2 : 0.160663 [94mAcc_combined: 69.00 [94mAcc_c: 53.93 [94mAcc_g: 73.80 [92mF1_combined: 69.13 [92mF1_c: 61.43 [92mF1_g: 73.80 [95mCEU_cue_audio: 0.1363 [95mCEU_cue_video: 0.7469 [95mCEU_synergy: 0.0867 [95mCEU_coexistence: 0.8953 [97mS:[93m8.7%[97m([91m0.9c[97m-[94mF1:8.0%) [97mU1:[93m13.6%[97m([91m1.3c[97m) [97mU2:[93m74.7%[97m([91m25.8c[97m) [97mR:[93m89.5%[97m([91m41.0c[97m) [97mS-L: [92m0:[96m12%[39m [39m
2026-07-25 16:49:34,435 - Agent - INFO - [37mVal Epoch 65 step 65 with [31mce_loss_combined : 0.586848 [31mce_loss_c : 0.898577 [31mce_loss_g : 0.711254 [31mkl_synergy_rand_1 : 0.023908 [31mkl_synergy_rand_2 : 0.027446 [31mkl_synergy_1 : 0.014291 [31mkl_synergy_2 : 0.025587 [31mtotal : 0.678080 [31mdiag_kl_1 : 0.224099 [31mdiag_kl_2 : 0.158859 [94mAcc_combined: 70.74 [94mAcc_c: 53.06 [94mAcc_g: 73.58 [92mF1_combined: 71.24 [92mF1_c: 60.98 [92mF1_g: 73.52 [95mCEU_cue_audio: 0.1363 [95mCEU_cue_video: 0.7469 [95mCEU_synergy: 0.1305 [95mCEU_coexistence: 0.9239 [97mS:[93m13.0%[97m([91m1.3c[97m-[94mF1:12.9%) [97mU1:[93m13.6%[97m([91m1.3c[97m) [97mU2:[93m74.7%[97m([91m25.8c[97m) [97mR:[93m92.4%[97m([91m42.4c[97m) [97mS-L: [92m0:[96m12% [92m1:[96m17%[39m [39m
2026-07-25 16:49:41,108 - Agent - INFO - [37mVal Epoch 66 step 66 with [31mce_loss_combined : 0.619458 [31mce_loss_c : 0.892312 [31mce_loss_g : 0.809606 [31mkl_synergy_rand_1 : 0.021510 [31mkl_synergy_rand_2 : 0.026154 [31mkl_synergy_1 : 0.014091 [31mkl_synergy_2 : 0.023076 [31mtotal : 0.704289 [31mdiag_kl_1 : 0.255540 [31mdiag_kl_2 : 0.191587 [94mAcc_combined: 70.31 [94mAcc_c: 51.97 [94mAcc_g: 70.74 [92mF1_combined: 71.31 [92mF1_c: 58.65 [92mF1_g: 70.74 [95mCEU_cue_audio: 0.1363 [95mCEU_cue_video: 0.7849 [95mCEU_synergy: 0.1305 [95mCEU_coexistence: 0.8571 [97mS:[93m13.0%[97m([91m1.3c[97m-[94mF1:12.9%) [97mU1:[93m13.6%[97m([91m1.3c[97m) [97mU2:[93m78.5%[97m([91m27.1c[97m) [97mR:[93m85.7%[97m([91m39.3c[97m) [97mS-L: [92m0:[96m12% [92m1:[96m17%[39m [39m
2026-07-25 16:49:47,790 - Agent - INFO - [37mVal Epoch 67 step 67 with [31mce_loss_combined : 0.510875 [31mce_loss_c : 0.846699 [31mce_loss_g : 0.557355 [31mkl_synergy_rand_1 : 0.020787 [31mkl_synergy_rand_2 : 0.023240 [31mkl_synergy_1 : 0.012257 [31mkl_synergy_2 : 0.018608 [31mtotal : 0.585768 [31mdiag_kl_1 : 0.214801 [31mdiag_kl_2 : 0.164274 [94mAcc_combined: 72.49 [94mAcc_c: 54.59 [94mAcc_g: 77.29 [92mF1_combined: 72.84 [92mF1_c: 60.61 [92mF1_g: 77.49 [95mCEU_cue_audio: 0.2726 [95mCEU_cue_video: 0.7849 [95mCEU_synergy: 0.1305 [95mCEU_coexistence: 0.9333 [97mS:[93m13.0%[97m([91m1.3c[97m-[94mF1:11.5%) [97mU1:[93m27.3%[97m([91m2.6c[97m) [97mU2:[93m78.5%[97m([91m27.1c[97m) [97mR:[93m93.3%[97m([91m42.8c[97m) [97mS-L: [92m0:[96m18%[39m [39m
2026-07-25 16:49:54,523 - Agent - INFO - [37mVal Epoch 68 step 68 with [31mce_loss_combined : 0.547998 [31mce_loss_c : 0.870249 [31mce_loss_g : 0.676657 [31mkl_synergy_rand_1 : 0.021195 [31mkl_synergy_rand_2 : 0.025833 [31mkl_synergy_1 : 0.015442 [31mkl_synergy_2 : 0.020351 [31mtotal : 0.630819 [31mdiag_kl_1 : 0.225039 [31mdiag_kl_2 : 0.176655 [94mAcc_combined: 71.18 [94mAcc_c: 55.68 [94mAcc_g: 76.20 [92mF1_combined: 71.91 [92mF1_c: 61.04 [92mF1_g: 76.25 [95mCEU_cue_audio: 0.3184 [95mCEU_cue_video: 0.7214 [95mCEU_synergy: 0.0867 [95mCEU_coexistence: 0.9333 [97mS:[93m8.7%[97m([91m0.9c[97m-[94mF1:8.7%) [97mU1:[93m31.8%[97m([91m3.1c[97m) [97mU2:[93m72.2%[97m([91m24.9c[97m) [97mR:[93m93.3%[97m([91m42.8c[97m) [97mS-L: [92m0:[96m6% [92m1:[96m17%[39m [39m
2026-07-25 16:50:01,227 - Agent - INFO - [37mVal Epoch 69 step 69 with [31mce_loss_combined : 0.601140 [31mce_loss_c : 0.973307 [31mce_loss_g : 0.725623 [31mkl_synergy_rand_1 : 0.021709 [31mkl_synergy_rand_2 : 0.026157 [31mkl_synergy_1 : 0.013884 [31mkl_synergy_2 : 0.021077 [31mtotal : 0.683967 [31mdiag_kl_1 : 0.199340 [31mdiag_kl_2 : 0.187044 [94mAcc_combined: 68.12 [94mAcc_c: 52.18 [94mAcc_g: 74.45 [92mF1_combined: 68.40 [92mF1_c: 57.80 [92mF1_g: 74.51 [95mCEU_cue_audio: 0.3184 [95mCEU_cue_video: 0.6203 [95mCEU_synergy: 0.1305 [95mCEU_coexistence: 0.9047 [97mS:[93m13.0%[97m([91m1.3c[97m-[94mF1:12.9%) [97mU1:[93m31.8%[97m([91m3.1c[97m) [97mU2:[93m62.0%[97m([91m21.4c[97m) [97mR:[93m90.5%[97m([91m41.5c[97m) [97mS-L: [92m0:[96m12% [92m1:[96m17%[39m [39m
2026-07-25 16:50:07,942 - Agent - INFO - [37mVal Epoch 70 step 70 with [31mce_loss_combined : 0.553102 [31mce_loss_c : 0.805364 [31mce_loss_g : 0.695959 [31mkl_synergy_rand_1 : 0.023639 [31mkl_synergy_rand_2 : 0.029818 [31mkl_synergy_1 : 0.015973 [31mkl_synergy_2 : 0.026291 [31mtotal : 0.648824 [31mdiag_kl_1 : 0.262477 [31mdiag_kl_2 : 0.148994 [94mAcc_combined: 71.62 [94mAcc_c: 55.02 [94mAcc_g: 74.02 [92mF1_combined: 71.74 [92mF1_c: 62.68 [92mF1_g: 74.07 [95mCEU_cue_audio: 0.1821 [95mCEU_cue_video: 0.7594 [95mCEU_synergy: 0.2171 [95mCEU_coexistence: 0.9047 [97mS:[93m21.7%[97m([91m2.2c[97m-[94mF1:20.4%) [97mU1:[93m18.2%[97m([91m1.7c[97m) [97mU2:[93m75.9%[97m([91m26.2c[97m) [97mR:[93m90.5%[97m([91m41.5c[97m) [97mS-L: [92m0:[96m24% [92m1:[96m17%[39m [39m
2026-07-25 16:50:14,656 - Agent - INFO - [37mVal Epoch 71 step 71 with [31mce_loss_combined : 0.566023 [31mce_loss_c : 0.882072 [31mce_loss_g : 0.717255 [31mkl_synergy_rand_1 : 0.023944 [31mkl_synergy_rand_2 : 0.028766 [31mkl_synergy_1 : 0.015163 [31mkl_synergy_2 : 0.024260 [31mtotal : 0.658157 [31mdiag_kl_1 : 0.234969 [31mdiag_kl_2 : 0.174775 [94mAcc_combined: 73.80 [94mAcc_c: 53.06 [94mAcc_g: 76.86 [92mF1_combined: 74.36 [92mF1_c: 58.41 [92mF1_g: 76.86 [95mCEU_cue_audio: 0.2726 [95mCEU_cue_video: 0.7342 [95mCEU_synergy: 0.1305 [95mCEU_coexistence: 0.9525 [97mS:[93m13.0%[97m([91m1.3c[97m-[94mF1:12.9%) [97mU1:[93m27.3%[97m([91m2.6c[97m) [97mU2:[93m73.4%[97m([91m25.3c[97m) [97mR:[93m95.2%[97m([91m43.7c[97m) [97mS-L: [92m0:[96m12% [92m1:[96m17%[39m [39m
2026-07-25 16:50:21,366 - Agent - INFO - [37mVal Epoch 72 step 72 with [31mce_loss_combined : 0.589419 [31mce_loss_c : 0.984845 [31mce_loss_g : 0.753712 [31mkl_synergy_rand_1 : 0.024668 [31mkl_synergy_rand_2 : 0.028581 [31mkl_synergy_1 : 0.015839 [31mkl_synergy_2 : 0.022841 [31mtotal : 0.681348 [31mdiag_kl_1 : 0.252463 [31mdiag_kl_2 : 0.194759 [94mAcc_combined: 68.34 [94mAcc_c: 51.97 [94mAcc_g: 75.98 [92mF1_combined: 68.55 [92mF1_c: 54.73 [92mF1_g: 75.98 [95mCEU_cue_audio: 0.2271 [95mCEU_cue_video: 0.6709 [95mCEU_synergy: 0.0867 [95mCEU_coexistence: 0.9239 [97mS:[93m8.7%[97m([91m0.9c[97m-[94mF1:8.7%) [97mU1:[93m22.7%[97m([91m2.2c[97m) [97mU2:[93m67.1%[97m([91m23.1c[97m) [97mR:[93m92.4%[97m([91m42.4c[97m) [97mS-L: [92m0:[96m6% [92m1:[96m17%[39m [39m
2026-07-25 16:50:28,113 - Agent - INFO - [37mVal Epoch 73 step 73 with [31mce_loss_combined : 0.563711 [31mce_loss_c : 0.929910 [31mce_loss_g : 0.716429 [31mkl_synergy_rand_1 : 0.020723 [31mkl_synergy_rand_2 : 0.028310 [31mkl_synergy_1 : 0.014971 [31mkl_synergy_2 : 0.021964 [31mtotal : 0.649680 [31mdiag_kl_1 : 0.237831 [31mdiag_kl_2 : 0.178381 [94mAcc_combined: 71.40 [94mAcc_c: 54.15 [94mAcc_g: 76.20 [92mF1_combined: 71.58 [92mF1_c: 57.83 [92mF1_g: 76.25 [95mCEU_cue_audio: 0.2271 [95mCEU_cue_video: 0.7214 [95mCEU_synergy: 0.1305 [95mCEU_coexistence: 0.9333 [97mS:[93m13.0%[97m([91m1.3c[97m-[94mF1:12.9%) [97mU1:[93m22.7%[97m([91m2.2c[97m) [97mU2:[93m72.2%[97m([91m24.9c[97m) [97mR:[93m93.3%[97m([91m42.8c[97m) [97mS-L: [92m0:[96m12% [92m1:[96m17%[39m [39m
2026-07-25 16:50:34,817 - Agent - INFO - [37mVal Epoch 74 step 74 with [31mce_loss_combined : 0.570962 [31mce_loss_c : 0.957218 [31mce_loss_g : 0.697321 [31mkl_synergy_rand_1 : 0.025003 [31mkl_synergy_rand_2 : 0.030442 [31mkl_synergy_1 : 0.017263 [31mkl_synergy_2 : 0.021965 [31mtotal : 0.665635 [31mdiag_kl_1 : 0.213854 [31mdiag_kl_2 : 0.156915 [94mAcc_combined: 69.65 [94mAcc_c: 52.62 [94mAcc_g: 75.55 [92mF1_combined: 69.98 [92mF1_c: 56.16 [92mF1_g: 75.65 [95mCEU_cue_audio: 0.2271 [95mCEU_cue_video: 0.6709 [95mCEU_synergy: 0.1741 [95mCEU_coexistence: 0.9429 [97mS:[93m17.4%[97m([91m1.7c[97m-[94mF1:16.8%) [97mU1:[93m22.7%[97m([91m2.2c[97m) [97mU2:[93m67.1%[97m([91m23.1c[97m) [97mR:[93m94.3%[97m([91m43.2c[97m) [97mS-L: [92m0:[96m18% [92m1:[96m17%[39m [39m
2026-07-25 16:50:41,503 - Agent - INFO - [37mVal Epoch 75 step 75 with [31mce_loss_combined : 0.570928 [31mce_loss_c : 0.912341 [31mce_loss_g : 0.697952 [31mkl_synergy_rand_1 : 0.024898 [31mkl_synergy_rand_2 : 0.028002 [31mkl_synergy_1 : 0.016683 [31mkl_synergy_2 : 0.022028 [31mtotal : 0.662539 [31mdiag_kl_1 : 0.218732 [31mdiag_kl_2 : 0.158903 [94mAcc_combined: 68.56 [94mAcc_c: 55.90 [94mAcc_g: 76.20 [92mF1_combined: 68.97 [92mF1_c: 59.11 [92mF1_g: 76.25 [95mCEU_cue_audio: 0.2726 [95mCEU_cue_video: 0.6203 [95mCEU_synergy: 0.1305 [95mCEU_coexistence: 0.9429 [97mS:[93m13.0%[97m([91m1.3c[97m-[94mF1:12.9%) [97mU1:[93m27.3%[97m([91m2.6c[97m) [97mU2:[93m62.0%[97m([91m21.4c[97m) [97mR:[93m94.3%[97m([91m43.2c[97m) [97mS-L: [92m0:[96m12% [92m1:[96m17%[39m [39m
2026-07-25 16:50:48,161 - Agent - INFO - [37mVal Epoch 76 step 76 with [31mce_loss_combined : 0.558012 [31mce_loss_c : 0.965279 [31mce_loss_g : 0.696440 [31mkl_synergy_rand_1 : 0.024299 [31mkl_synergy_rand_2 : 0.027679 [31mkl_synergy_1 : 0.016290 [31mkl_synergy_2 : 0.020723 [31mtotal : 0.647003 [31mdiag_kl_1 : 0.270003 [31mdiag_kl_2 : 0.167918 [94mAcc_combined: 69.87 [94mAcc_c: 54.59 [94mAcc_g: 75.33 [92mF1_combined: 70.13 [92mF1_c: 57.20 [92mF1_g: 75.38 [95mCEU_cue_audio: 0.2271 [95mCEU_cue_video: 0.7089 [95mCEU_synergy: 0.1305 [95mCEU_coexistence: 0.9143 [97mS:[93m13.0%[97m([91m1.3c[97m-[94mF1:11.5%) [97mU1:[93m22.7%[97m([91m2.2c[97m) [97mU2:[93m70.9%[97m([91m24.5c[97m) [97mR:[93m91.4%[97m([91m41.9c[97m) [97mS-L: [92m0:[96m18%[39m [39m
2026-07-25 16:50:54,851 - Agent - INFO - [37mVal Epoch 77 step 77 with [31mce_loss_combined : 0.601071 [31mce_loss_c : 0.968049 [31mce_loss_g : 0.779195 [31mkl_synergy_rand_1 : 0.025311 [31mkl_synergy_rand_2 : 0.027847 [31mkl_synergy_1 : 0.016117 [31mkl_synergy_2 : 0.021845 [31mtotal : 0.692190 [31mdiag_kl_1 : 0.236595 [31mdiag_kl_2 : 0.171695 [94mAcc_combined: 69.43 [94mAcc_c: 54.15 [94mAcc_g: 75.11 [92mF1_combined: 69.70 [92mF1_c: 57.66 [92mF1_g: 75.11 [95mCEU_cue_audio: 0.2271 [95mCEU_cue_video: 0.6455 [95mCEU_synergy: 0.1305 [95mCEU_coexistence: 0.9429 [97mS:[93m13.0%[97m([91m1.3c[97m-[94mF1:12.9%) [97mU1:[93m22.7%[97m([91m2.2c[97m) [97mU2:[93m64.6%[97m([91m22.3c[97m) [97mR:[93m94.3%[97m([91m43.2c[97m) [97mS-L: [92m0:[96m12% [92m1:[96m17%[39m [39m
2026-07-25 16:51:01,584 - Agent - INFO - [37mVal Epoch 78 step 78 with [31mce_loss_combined : 0.590917 [31mce_loss_c : 1.026158 [31mce_loss_g : 0.752568 [31mkl_synergy_rand_1 : 0.023747 [31mkl_synergy_rand_2 : 0.025125 [31mkl_synergy_1 : 0.013620 [31mkl_synergy_2 : 0.020701 [31mtotal : 0.674111 [31mdiag_kl_1 : 0.234580 [31mdiag_kl_2 : 0.181677 [94mAcc_combined: 68.78 [94mAcc_c: 53.06 [94mAcc_g: 75.33 [92mF1_combined: 68.98 [92mF1_c: 55.67 [92mF1_g: 75.38 [95mCEU_cue_audio: 0.2726 [95mCEU_cue_video: 0.6203 [95mCEU_synergy: 0.1741 [95mCEU_coexistence: 0.9239 [97mS:[93m17.4%[97m([91m1.7c[97m-[94mF1:16.8%) [97mU1:[93m27.3%[97m([91m2.6c[97m) [97mU2:[93m62.0%[97m([91m21.4c[97m) [97mR:[93m92.4%[97m([91m42.4c[97m) [97mS-L: [92m0:[96m18% [92m1:[96m17%[39m [39m
2026-07-25 16:51:08,325 - Agent - INFO - [37mVal Epoch 79 step 79 with [31mce_loss_combined : 0.583670 [31mce_loss_c : 1.012137 [31mce_loss_g : 0.776280 [31mkl_synergy_rand_1 : 0.023337 [31mkl_synergy_rand_2 : 0.027935 [31mkl_synergy_1 : 0.015853 [31mkl_synergy_2 : 0.021086 [31mtotal : 0.671881 [31mdiag_kl_1 : 0.246136 [31mdiag_kl_2 : 0.174526 [94mAcc_combined: 67.47 [94mAcc_c: 54.15 [94mAcc_g: 75.76 [92mF1_combined: 67.82 [92mF1_c: 56.07 [92mF1_g: 75.82 [95mCEU_cue_audio: 0.2271 [95mCEU_cue_video: 0.6329 [95mCEU_synergy: 0.1305 [95mCEU_coexistence: 0.9239 [97mS:[93m13.0%[97m([91m1.3c[97m-[94mF1:12.9%) [97mU1:[93m22.7%[97m([91m2.2c[97m) [97mU2:[93m63.3%[97m([91m21.8c[97m) [97mR:[93m92.4%[97m([91m42.4c[97m) [97mS-L: [92m0:[96m12% [92m1:[96m17%[39m [39m
2026-07-25 16:51:15,008 - Agent - INFO - [37mVal Epoch 80 step 80 with [31mce_loss_combined : 0.616471 [31mce_loss_c : 1.042485 [31mce_loss_g : 0.788758 [31mkl_synergy_rand_1 : 0.024477 [31mkl_synergy_rand_2 : 0.029305 [31mkl_synergy_1 : 0.016959 [31mkl_synergy_2 : 0.021274 [31mtotal : 0.708486 [31mdiag_kl_1 : 0.217800 [31mdiag_kl_2 : 0.189692 [94mAcc_combined: 66.38 [94mAcc_c: 51.75 [94mAcc_g: 75.98 [92mF1_combined: 66.52 [92mF1_c: 54.81 [92mF1_g: 75.98 [95mCEU_cue_audio: 0.2726 [95mCEU_cue_video: 0.5823 [95mCEU_synergy: 0.1305 [95mCEU_coexistence: 0.9239 [97mS:[93m13.0%[97m([91m1.3c[97m-[94mF1:12.9%) [97mU1:[93m27.3%[97m([91m2.6c[97m) [97mU2:[93m58.2%[97m([91m20.1c[97m) [97mR:[93m92.4%[97m([91m42.4c[97m) [97mS-L: [92m0:[96m12% [92m1:[96m17%[39m [39m
2026-07-25 16:51:21,726 - Agent - INFO - [37mVal Epoch 81 step 81 with [31mce_loss_combined : 0.594445 [31mce_loss_c : 0.974684 [31mce_loss_g : 0.766179 [31mkl_synergy_rand_1 : 0.022398 [31mkl_synergy_rand_2 : 0.027392 [31mkl_synergy_1 : 0.014500 [31mkl_synergy_2 : 0.019754 [31mtotal : 0.678489 [31mdiag_kl_1 : 0.204391 [31mdiag_kl_2 : 0.195271 [94mAcc_combined: 67.47 [94mAcc_c: 54.80 [94mAcc_g: 75.11 [92mF1_combined: 67.68 [92mF1_c: 57.49 [92mF1_g: 75.11 [95mCEU_cue_audio: 0.2726 [95mCEU_cue_video: 0.6203 [95mCEU_synergy: 0.1305 [95mCEU_coexistence: 0.9239 [97mS:[93m13.0%[97m([91m1.3c[97m-[94mF1:12.9%) [97mU1:[93m27.3%[97m([91m2.6c[97m) [97mU2:[93m62.0%[97m([91m21.4c[97m) [97mR:[93m92.4%[97m([91m42.4c[97m) [97mS-L: [92m0:[96m12% [92m1:[96m17%[39m [39m
2026-07-25 16:51:28,408 - Agent - INFO - [37mVal Epoch 82 step 82 with [31mce_loss_combined : 0.592159 [31mce_loss_c : 1.016769 [31mce_loss_g : 0.756387 [31mkl_synergy_rand_1 : 0.023172 [31mkl_synergy_rand_2 : 0.026789 [31mkl_synergy_1 : 0.014900 [31mkl_synergy_2 : 0.019131 [31mtotal : 0.676150 [31mdiag_kl_1 : 0.206567 [31mdiag_kl_2 : 0.193122 [94mAcc_combined: 68.56 [94mAcc_c: 54.37 [94mAcc_g: 75.55 [92mF1_combined: 68.83 [92mF1_c: 56.91 [92mF1_g: 75.55 [95mCEU_cue_audio: 0.3184 [95mCEU_cue_video: 0.6075 [95mCEU_synergy: 0.1305 [95mCEU_coexistence: 0.9333 [97mS:[93m13.0%[97m([91m1.3c[97m-[94mF1:12.9%) [97mU1:[93m31.8%[97m([91m3.1c[97m) [97mU2:[93m60.8%[97m([91m21.0c[97m) [97mR:[93m93.3%[97m([91m42.8c[97m) [97mS-L: [92m0:[96m12% [92m1:[96m17%[39m [39m
2026-07-25 16:51:35,134 - Agent - INFO - [37mVal Epoch 83 step 83 with [31mce_loss_combined : 0.597007 [31mce_loss_c : 1.028159 [31mce_loss_g : 0.772332 [31mkl_synergy_rand_1 : 0.024904 [31mkl_synergy_rand_2 : 0.026953 [31mkl_synergy_1 : 0.015219 [31mkl_synergy_2 : 0.019584 [31mtotal : 0.683667 [31mdiag_kl_1 : 0.221486 [31mdiag_kl_2 : 0.189320 [94mAcc_combined: 67.03 [94mAcc_c: 55.02 [94mAcc_g: 75.55 [92mF1_combined: 67.39 [92mF1_c: 57.61 [92mF1_g: 75.55 [95mCEU_cue_audio: 0.3184 [95mCEU_cue_video: 0.5570 [95mCEU_synergy: 0.1305 [95mCEU_coexistence: 0.9429 [97mS:[93m13.0%[97m([91m1.3c[97m-[94mF1:12.9%) [97mU1:[93m31.8%[97m([91m3.1c[97m) [97mU2:[93m55.7%[97m([91m19.2c[97m) [97mR:[93m94.3%[97m([91m43.2c[97m) [97mS-L: [92m0:[96m12% [92m1:[96m17%[39m [39m
2026-07-25 16:51:35,731 - Agent - INFO - We are in the final state.
2026-07-25 16:51:35,818 - root - INFO - Loaded best model from best_model_accuracy_state_dict
2026-07-25 16:51:36,840 - Agent - INFO - [37mVal Epoch 83 step 0 with [31mce_loss_combined : 0.524156 [31mce_loss_c : 0.726243 [31mce_loss_g : 0.583761 [31mkl_synergy_rand_1 : 0.018106 [31mkl_synergy_rand_2 : 0.026149 [31mkl_synergy_1 : 0.018071 [31mkl_synergy_2 : 0.026486 [31mtotal : 0.612968 [31mdiag_kl_1 : 0.205041 [31mdiag_kl_2 : 0.137586 [94mAcc_combined: 79.69 [94mAcc_c: 53.93 [94mAcc_g: 79.69 [92mF1_combined: 79.74 [92mF1_c: 65.58 [92mF1_g: 79.91 [95mCEU_cue_audio: 0.1821 [95mCEU_cue_video: 0.9493 [95mCEU_synergy: 0.1741 [95mCEU_coexistence: 0.9525 [97mS:[93m17.4%[97m([91m1.7c[97m-[94mF1:17.4%) [97mU1:[93m18.2%[97m([91m1.7c[97m) [97mU2:[93m94.9%[97m([91m32.8c[97m) [97mR:[93m95.2%[97m([91m43.7c[97m) [97mS-L: [92m0:[96m12% [92m1:[96m33%[39m [39m
2026-07-25 16:51:38,807 - Agent - INFO - [37mTest Epoch 83 step 0 with [31mce_loss_combined : 0.583280 [31mce_loss_c : 0.764270 [31mce_loss_g : 0.683142 [31mkl_synergy_rand_1 : 0.017242 [31mkl_synergy_rand_2 : 0.025183 [31mkl_synergy_1 : 0.016039 [31mkl_synergy_2 : 0.025092 [31mtotal : 0.666836 [31mdiag_kl_1 : 0.222209 [31mdiag_kl_2 : 0.134391 [94mAcc_combined: 73.10 [94mAcc_c: 51.17 [94mAcc_g: 73.62 [92mF1_combined: 73.43 [92mF1_c: 64.92 [92mF1_g: 74.03 [95mCEU_cue_audio: 0.2100 [95mCEU_cue_video: 0.8923 [95mCEU_synergy: 0.1890 [95mCEU_coexistence: 0.9215 [97mS:[93m18.9%[97m([91m2.5c[97m-[94mF1:18.6%) [97mU1:[93m21.0%[97m([91m2.5c[97m) [97mU2:[93m89.2%[97m([91m33.8c[97m) [97mR:[93m92.2%[97m([91m34.3c[97m) [97mS-L: [92m0:[96m17% [92m1:[96m25%[39m [39m
2026-07-25 16:51:39,652 - Agent - INFO - [37mModel saved successfully at: ./artifacts/models/multibench/mosi/vt/SynIB_RMask_U_foldREFABL_mosi_fold0_l0.1_perturbrandom_fillema_pmin0.3_refclass_prior_lr0.0005_wd0.001_bs32.pth.tar[39m
Job finished
