Starting SynIB reference-ablation job
Python 3.10.19
/esat/smcdata/users/kkontras/Image_Dataset/no_backup/git/SynIB  (git a2fb4fd)
GPU 0: NVIDIA GeForce RTX 3080 Ti (UUID: GPU-2d5395f5-1e2d-a59b-ed83-f672b78d7137)
Executing: PYTHONPATH=src /esat/smcdata/users/kkontras/Image_Dataset/no_backup/envs/synergy_new/bin/python -m synib.entrypoints.train --config run/configs/rebuttal_ref_ablation/urfunny_synib.json --default_config run/configs/rebuttal_ref_ablation/urfunny_default.json --fold 2 --rmask random --l 0.001 --perturb_pmin 0.7 --perturb_fill ema --lr 0.001 --wd 0.001 --reference_type unimodal_anchor --ref_diag --start_over --tag REFABL_urfunny
Namespace(config='run/configs/rebuttal_ref_ablation/urfunny_synib.json', default_config='run/configs/rebuttal_ref_ablation/urfunny_default.json', fold='2', alpha=None, tanh_mode_beta=None, regby=None, batch_size=None, l='0.001', multil=None, lib=None, kmepoch=None, num_samples=None, contrcoeff=None, contr_type=None, shuffle_type=None, validate_with=None, num_classes=None, optim_method=None, ending_epoch=None, load_ongoing=None, recon_weight1=None, recon_weight2=None, recon_epochstages=None, recon_ensemblestages=None, lr='0.001', wd='0.001', cls=None, ironic_rate=None, perturb='random', perturb_fill='ema', perturb_pmax=None, perturb_pmin='0.7', perturb_lsparse=None, rmask='random', pmin=None, pmax=None, lsparse=None, debug_mask_stats=False, pre=False, frozen=False, tdqm_disable=False, start_over=True, no_model_save=False, num_layers=None, grad_accum=None, init_from=None, init_strict=False, perturb_lsparse_sign=None, l_anneal_epochs=None, perturb_steps=None, perturb_lsparse_warmup=None, perturb_lsparse_schedule=None, persist_ell=False, save_masks=False, penalty_swap=False, disable_ce_random=False, disable_kl_learned=False, masking_only=False, modality_dropout=None, modality_dropout_target=None, l_z1_masked=None, l_z2_masked=None, l_pareto=None, reference_type='unimodal_anchor', ref_diag=True, ref_ema_decay=None, tag='REFABL_urfunny')
2026-07-25 16:10:37,676 - Config - INFO - run/configs/rebuttal_ref_ablation/urfunny_synib.json
2026-07-25 16:10:37,679 - Config - INFO -  THE Configuration of your experiment ..
{'agent': 'Agent',
 'dataset': {'data_roots': './src/synib/mydatasets/Factor_CL_Datasets/prepared/ur_funny/ur_funny_data.pkl',
             'data_type': 'humor',
             'dataloader_class': 'FactorCL_Dataloader',
             'kfold_data_roots': './src/synib/mydatasets/Factor_CL_Datasets/prepared/ur_funny/ur_funny_synergy3.pkl'},
 'early_stopping': {'end_of_epoch_check': True,
                    'log_interval': 10,
                    'max_epoch': 100,
                    'n_steps_stop': 30,
                    'n_steps_stop_after': 0,
                    'save_every_step': 3000,
                    'save_every_valstep': 50,
                    'validate_after': 0,
                    'validate_every': 185},
 'exp_name': 'UR-FUNNY Experiment',
 'model': {'args': {'bias_infusion': {'method': False},
                    'clip_grad': False,
                    'cls_type': 'mlp',
                    'd_model': 40,
                    'dropout': 0.1,
                    'fc_inner': 64,
                    'hidden_dim': 64,
                    'in_dim': 64,
                    'multi_loss': {'multi_supervised_w': {'c': 1,
                                                          'combined': 1,
                                                          'g': 1}},
                    'norm_decision': False,
                    'num_classes': 2},
           'ceu': {'test': './artifacts/ceus/ur_funny/ur_funny_ceu_test.pkl',
                   'val': './artifacts/ceus/ur_funny/ur_funny_ceu_val.pkl'},
           'encoders': [{'args': {'freeze_encoder': False,
                                  'hidden_size': 40,
                                  'modality': 'c',
                                  'n_features': 371,
                                  'num_classes': 2},
                         'model': 'FactorCL_Uni',
                         'pretrainedEncoder': {'dir': 'unimodal_video_fold{}_vldaccuracy_lr0.001_wd0.0001.pth.tar',
                                               'use': True}},
                        {'args': {'freeze_encoder': False,
                                  'hidden_size': 40,
                                  'modality': 'g',
                                  'n_features': 300,
                                  'num_classes': 2},
                         'model': 'FactorCL_Uni',
                         'pretrainedEncoder': {'dir': 'unimodal_text_fold{}_vldaccuracy_lr0.001_wd0.001.pth.tar',
                                               'use': True}}],
           'load_ongoing': False,
           'model_class': 'FusionIBModel_Mask',
           'save_base_dir': './artifacts/models/multibench/ur_funny/vt',
           'save_dir': 'SynIB_RMask_{}.pth.tar'},
 'optimizer': {'beta1': 0.9,
               'beta2': 0.999,
               'learning_rate': 0.0001,
               'momentum': 0.9,
               'type': 'Adam',
               'weight_decay': 0.0001},
 'scheduler': {'max_lr': 0.03, 'type': 'cosanneal', 'warm_up_steps': 780},
 'task': 'classification',
 'training_params': {'adversarial_training': {'adv_epsilon': 0.01,
                                              'use': False},
                     'async_loading': True,
                     'batch_size': 32,
                     'cuda': True,
                     'data_loader_workers': 8,
                     'gpu_device': [0],
                     'pin_memory': True,
                     'rec_test': True,
                     'res': True,
                     'seed': 109,
                     'tdqm_disable': False,
                     'test_batch_size': 32,
                     'test_on_bottoms': False,
                     'use_test_set': True,
                     'validation': True,
                     'verbose': True,
                     'wandb_disable': True}}
2026-07-25 16:10:37,681 - Config - INFO -  *************************************** 
2026-07-25 16:10:37,681 - Config - INFO - The experiment name is UR-FUNNY Experiment
2026-07-25 16:10:37,681 - Config - INFO -  *************************************** 
2026-07-25 16:10:37,681 - root - INFO - save_dir: SynIB_RMask_REFABL_urfunny_fold2_l0.001_perturbrandom_fillema_pmin0.7_refunimodal_anchor_lr0.001_wd0.001.pth.tar
2026-07-25 16:10:37,786 - Cuda Statistics - INFO - __Python VERSION:  3.10.19 (main, Oct 21 2025, 16:43:05) [GCC 11.2.0]
2026-07-25 16:10:37,786 - Cuda Statistics - INFO - __pyTorch VERSION:  2.9.1+cu128
2026-07-25 16:10:37,786 - Cuda Statistics - INFO - __CUDA VERSION
2026-07-25 16:10:37,787 - Cuda Statistics - INFO - __CUDNN VERSION:  91002
2026-07-25 16:10:37,813 - Cuda Statistics - INFO - __Number CUDA Devices:  1
2026-07-25 16:10:37,813 - Cuda Statistics - INFO - __Devices
2026-07-25 16:10:37,813 - Cuda Statistics - INFO - index, name, driver_version, memory.total [MiB], memory.used [MiB], memory.free [MiB]
2026-07-25 16:10:37,813 - Cuda Statistics - INFO - 0, NVIDIA GeForce RTX 3080 Ti, 610.43.03, 12288 MiB, 4 MiB, 11907 MiB
2026-07-25 16:10:37,816 - Cuda Statistics - INFO - Active CUDA Device: GPU 0
2026-07-25 16:10:37,817 - Cuda Statistics - INFO - Available devices  1
2026-07-25 16:10:37,817 - Cuda Statistics - INFO - Current cuda device  0
2026-07-25 16:10:58,509 - Agent - INFO - Device: cuda:0
2026-07-25 16:10:58,510 - Agent - INFO - Total training batches: 253, validate every 185 batches, steps per epoch: 2
2026-07-25 16:10:58,586 - Agent - INFO - Loss Weights are {'total': 1, 'combined': 1, 'c': 1, 'g': 1}
2026-07-25 16:10:58,586 - root - INFO - There is no CEU for train
2026-07-25 16:10:58,861 - root - INFO - Loading enc best model state dict from ./artifacts/models/multibench/ur_funny/vt/unimodal_video_fold2_vldaccuracy_lr0.001_wd0.0001.pth.tar
2026-07-25 16:10:59,122 - root - INFO - Loading enc best model state dict from ./artifacts/models/multibench/ur_funny/vt/unimodal_text_fold2_vldaccuracy_lr0.001_wd0.001.pth.tar
2026-07-25 16:10:59,268 - Agent - INFO - Total number of trainable parameters are: 5274476
2026-07-25 16:10:59,276 - Agent - INFO - Total number of trainable parameters are: 1767508
2026-07-25 16:11:28,578 - Evaluator - INFO - New best with loss-accuracy-syn_accuracy-
2026-07-25 16:11:28,578 - Agent - INFO - [37mVal Epoch 1 step 1 with [31mce_loss_combined : 0.681799 [31mce_loss_c : 0.696351 [31mce_loss_g : 0.688262 [31mkl_synergy_rand_1 : 0.000064 [31mkl_synergy_rand_2 : 0.000012 [31mkl_synergy_1 : 0.000047 [31mkl_synergy_2 : 0.000012 [31mtotal : 0.681935 [31mdiag_kl_1 : 0.064939 [31mdiag_kl_2 : 0.029757 [94mAcc_combined: 60.59 [94mAcc_c: 50.97 [94mAcc_g: 61.07 [92mF1_combined: 57.35 [92mF1_c: 66.20 [92mF1_g: 59.40 [95mCEU_cue_audio: 0.2416 [95mCEU_cue_video: 0.7929 [95mCEU_synergy: 0.3729 [95mCEU_coexistence: 0.7477 [97mS:[93m37.3%[97m([91m7.3c[97m-[94mF1:27.2%) [97mU1:[93m24.2%[97m([91m4.2c[97m) [97mU2:[93m79.3%[97m([91m24.1c[97m) [97mR:[93m74.8%[97m([91m24.7c[97m) [97mS-L: [92m1:[96m44%[39m [39m
2026-07-25 16:11:28,595 - Agent - INFO - [37mTest Epoch 1 step 1 with [31mce_loss_combined : 0.641758 [31mce_loss_c : 0.686281 [31mce_loss_g : 0.644686 [31mkl_synergy_rand_1 : 0.000070 [31mkl_synergy_rand_2 : 0.000010 [31mkl_synergy_1 : 0.000043 [31mkl_synergy_2 : 0.000010 [31mtotal : 0.641892 [31mdiag_kl_1 : 0.070779 [31mdiag_kl_2 : 0.029208 [94mAcc_combined: 62.95 [94mAcc_c: 51.80 [94mAcc_g: 63.14 [92mF1_combined: 59.79 [92mF1_c: 66.75 [92mF1_g: 61.88 [95mCEU_cue_audio: 0.3506 [95mCEU_cue_video: 0.8083 [95mCEU_synergy: 0.3180 [95mCEU_coexistence: 0.8139 [97mS:[93m31.8%[97m([91m5.9c[97m-[94mF1:24.1%) [97mU1:[93m35.1%[97m([91m7.0c[97m) [97mU2:[93m80.8%[97m([91m22.3c[97m) [97mR:[93m81.4%[97m([91m27.7c[97m) [97mS-L: [92m1:[96m39%[39m [39m
2026-07-25 16:11:28,995 - Agent - INFO - [37mModel saved successfully at: ./artifacts/models/multibench/ur_funny/vt/SynIB_RMask_REFABL_urfunny_fold2_l0.001_perturbrandom_fillema_pmin0.7_refunimodal_anchor_lr0.001_wd0.001.pth.tar[39m
2026-07-25 16:11:58,070 - Evaluator - INFO - New best with accuracy-
2026-07-25 16:11:58,070 - Agent - INFO - [37mVal Epoch 2 step 2 with [31mce_loss_combined : 0.688279 [31mce_loss_c : 0.694956 [31mce_loss_g : 0.698167 [31mkl_synergy_rand_1 : 0.000100 [31mkl_synergy_rand_2 : 0.000006 [31mkl_synergy_1 : 0.000063 [31mkl_synergy_2 : 0.000007 [31mtotal : 0.688455 [31mdiag_kl_1 : 0.101803 [31mdiag_kl_2 : 0.022280 [94mAcc_combined: 61.12 [94mAcc_c: 51.06 [94mAcc_g: 60.54 [92mF1_combined: 56.77 [92mF1_c: 65.86 [92mF1_g: 59.56 [95mCEU_cue_audio: 0.1854 [95mCEU_cue_video: 0.8502 [95mCEU_synergy: 0.2587 [95mCEU_coexistence: 0.8241 [97mS:[93m25.9%[97m([91m5.0c[97m-[94mF1:20.6%) [97mU1:[93m18.5%[97m([91m3.2c[97m) [97mU2:[93m85.0%[97m([91m25.8c[97m) [97mR:[93m82.4%[97m([91m27.2c[97m) [97mS-L: [92m1:[96m30%[39m [39m
2026-07-25 16:11:58,087 - Agent - INFO - [37mTest Epoch 2 step 2 with [31mce_loss_combined : 0.649074 [31mce_loss_c : 0.685453 [31mce_loss_g : 0.656529 [31mkl_synergy_rand_1 : 0.000103 [31mkl_synergy_rand_2 : 0.000007 [31mkl_synergy_1 : 0.000058 [31mkl_synergy_2 : 0.000008 [31mtotal : 0.649249 [31mdiag_kl_1 : 0.104441 [31mdiag_kl_2 : 0.021210 [94mAcc_combined: 61.86 [94mAcc_c: 51.32 [94mAcc_g: 62.57 [92mF1_combined: 57.32 [92mF1_c: 65.62 [92mF1_g: 61.63 [95mCEU_cue_audio: 0.2748 [95mCEU_cue_video: 0.8663 [95mCEU_synergy: 0.2409 [95mCEU_coexistence: 0.8445 [97mS:[93m24.1%[97m([91m4.4c[97m-[94mF1:19.4%) [97mU1:[93m27.5%[97m([91m5.5c[97m) [97mU2:[93m86.6%[97m([91m23.9c[97m) [97mR:[93m84.4%[97m([91m28.7c[97m) [97mS-L: [92m1:[96m30%[39m [39m
2026-07-25 16:11:58,741 - Agent - INFO - [37mModel saved successfully at: ./artifacts/models/multibench/ur_funny/vt/SynIB_RMask_REFABL_urfunny_fold2_l0.001_perturbrandom_fillema_pmin0.7_refunimodal_anchor_lr0.001_wd0.001.pth.tar[39m
2026-07-25 16:12:27,820 - Agent - INFO - [37mVal Epoch 3 step 3 with [31mce_loss_combined : 0.693829 [31mce_loss_c : 0.697772 [31mce_loss_g : 0.688035 [31mkl_synergy_rand_1 : 0.000083 [31mkl_synergy_rand_2 : 0.000017 [31mkl_synergy_1 : 0.000053 [31mkl_synergy_2 : 0.000015 [31mtotal : 0.693996 [31mdiag_kl_1 : 0.083709 [31mdiag_kl_2 : 0.042107 [94mAcc_combined: 60.15 [94mAcc_c: 50.24 [94mAcc_g: 60.44 [92mF1_combined: 59.05 [92mF1_c: 64.11 [92mF1_g: 59.34 [95mCEU_cue_audio: 0.2642 [95mCEU_cue_video: 0.7803 [95mCEU_synergy: 0.3580 [95mCEU_coexistence: 0.7508 [97mS:[93m35.8%[97m([91m7.0c[97m-[94mF1:26.4%) [97mU1:[93m26.4%[97m([91m4.5c[97m) [97mU2:[93m78.0%[97m([91m23.7c[97m) [97mR:[93m75.1%[97m([91m24.8c[97m) [97mS-L: [92m1:[96m42%[39m [39m
2026-07-25 16:12:57,543 - Evaluator - INFO - New best with accuracy-
2026-07-25 16:12:57,543 - Agent - INFO - [37mVal Epoch 4 step 4 with [31mce_loss_combined : 0.689315 [31mce_loss_c : 0.697618 [31mce_loss_g : 0.688676 [31mkl_synergy_rand_1 : 0.000104 [31mkl_synergy_rand_2 : 0.000004 [31mkl_synergy_1 : 0.000065 [31mkl_synergy_2 : 0.000003 [31mtotal : 0.689491 [31mdiag_kl_1 : 0.104228 [31mdiag_kl_2 : 0.018271 [94mAcc_combined: 62.57 [94mAcc_c: 50.53 [94mAcc_g: 61.46 [92mF1_combined: 61.26 [92mF1_c: 64.04 [92mF1_g: 60.60 [95mCEU_cue_audio: 0.2137 [95mCEU_cue_video: 0.8090 [95mCEU_synergy: 0.1245 [95mCEU_coexistence: 0.9327 [97mS:[93m12.4%[97m([91m2.4c[97m-[94mF1:11.1%) [97mU1:[93m21.3%[97m([91m3.7c[97m) [97mU2:[93m80.9%[97m([91m24.6c[97m) [97mR:[93m93.3%[97m([91m30.8c[97m) [97mS-L: [92m1:[96m15%[39m [39m
2026-07-25 16:12:57,560 - Agent - INFO - [37mTest Epoch 4 step 4 with [31mce_loss_combined : 0.647339 [31mce_loss_c : 0.684065 [31mce_loss_g : 0.646787 [31mkl_synergy_rand_1 : 0.000105 [31mkl_synergy_rand_2 : 0.000004 [31mkl_synergy_1 : 0.000061 [31mkl_synergy_2 : 0.000003 [31mtotal : 0.647512 [31mdiag_kl_1 : 0.106450 [31mdiag_kl_2 : 0.016797 [94mAcc_combined: 63.19 [94mAcc_c: 52.13 [94mAcc_g: 62.81 [92mF1_combined: 61.34 [92mF1_c: 65.13 [92mF1_g: 61.78 [95mCEU_cue_audio: 0.2984 [95mCEU_cue_video: 0.8254 [95mCEU_synergy: 0.1074 [95mCEU_coexistence: 0.9556 [97mS:[93m10.8%[97m([91m2.0c[97m-[94mF1:9.7%) [97mU1:[93m29.9%[97m([91m6.0c[97m) [97mU2:[93m82.5%[97m([91m22.8c[97m) [97mR:[93m95.6%[97m([91m32.5c[97m) [97mS-L: [92m1:[96m13%[39m [39m
2026-07-25 16:12:58,240 - Agent - INFO - [37mModel saved successfully at: ./artifacts/models/multibench/ur_funny/vt/SynIB_RMask_REFABL_urfunny_fold2_l0.001_perturbrandom_fillema_pmin0.7_refunimodal_anchor_lr0.001_wd0.001.pth.tar[39m
2026-07-25 16:13:26,994 - Agent - INFO - [37mVal Epoch 5 step 5 with [31mce_loss_combined : 0.744136 [31mce_loss_c : 0.699348 [31mce_loss_g : 0.738376 [31mkl_synergy_rand_1 : 0.000177 [31mkl_synergy_rand_2 : 0.000035 [31mkl_synergy_1 : 0.000119 [31mkl_synergy_2 : 0.000036 [31mtotal : 0.744502 [31mdiag_kl_1 : 0.176815 [31mdiag_kl_2 : 0.049703 [94mAcc_combined: 61.65 [94mAcc_c: 50.00 [94mAcc_g: 61.61 [92mF1_combined: 60.65 [92mF1_c: 66.58 [92mF1_g: 61.08 [95mCEU_cue_audio: 0.2811 [95mCEU_cue_video: 0.7929 [95mCEU_synergy: 0.2341 [95mCEU_coexistence: 0.8620 [97mS:[93m23.4%[97m([91m4.5c[97m-[94mF1:19.0%) [97mU1:[93m28.1%[97m([91m4.8c[97m) [97mU2:[93m79.3%[97m([91m24.1c[97m) [97mR:[93m86.2%[97m([91m28.4c[97m) [97mS-L: [92m1:[96m27%[39m [39m
2026-07-25 16:13:55,967 - Agent - INFO - [37mVal Epoch 6 step 6 with [31mce_loss_combined : 0.687252 [31mce_loss_c : 0.698432 [31mce_loss_g : 0.688354 [31mkl_synergy_rand_1 : 0.000082 [31mkl_synergy_rand_2 : 0.000010 [31mkl_synergy_1 : 0.000049 [31mkl_synergy_2 : 0.000009 [31mtotal : 0.687403 [31mdiag_kl_1 : 0.082488 [31mdiag_kl_2 : 0.023495 [94mAcc_combined: 61.32 [94mAcc_c: 50.87 [94mAcc_g: 61.07 [92mF1_combined: 59.51 [92mF1_c: 64.92 [92mF1_g: 60.25 [95mCEU_cue_audio: 0.2416 [95mCEU_cue_video: 0.8120 [95mCEU_synergy: 0.1740 [95mCEU_coexistence: 0.8708 [97mS:[93m17.4%[97m([91m3.4c[97m-[94mF1:14.8%) [97mU1:[93m24.2%[97m([91m4.2c[97m) [97mU2:[93m81.2%[97m([91m24.7c[97m) [97mR:[93m87.1%[97m([91m28.7c[97m) [97mS-L: [92m1:[96m20%[39m [39m
2026-07-25 16:14:24,901 - Agent - INFO - [37mVal Epoch 7 step 7 with [31mce_loss_combined : 0.690776 [31mce_loss_c : 0.696711 [31mce_loss_g : 0.691122 [31mkl_synergy_rand_1 : 0.000097 [31mkl_synergy_rand_2 : 0.000007 [31mkl_synergy_1 : 0.000057 [31mkl_synergy_2 : 0.000007 [31mtotal : 0.690942 [31mdiag_kl_1 : 0.096785 [31mdiag_kl_2 : 0.018273 [94mAcc_combined: 62.48 [94mAcc_c: 51.16 [94mAcc_g: 62.72 [92mF1_combined: 61.01 [92mF1_c: 65.86 [92mF1_g: 61.81 [95mCEU_cue_audio: 0.1795 [95mCEU_cue_video: 0.8377 [95mCEU_synergy: 0.1143 [95mCEU_coexistence: 0.9530 [97mS:[93m11.4%[97m([91m2.2c[97m-[94mF1:10.3%) [97mU1:[93m18.0%[97m([91m3.1c[97m) [97mU2:[93m83.8%[97m([91m25.4c[97m) [97mR:[93m95.3%[97m([91m31.4c[97m) [97mS-L: [92m1:[96m13%[39m [39m
2026-07-25 16:14:54,325 - Evaluator - INFO - New best with accuracy-
2026-07-25 16:14:54,325 - Agent - INFO - [37mVal Epoch 8 step 8 with [31mce_loss_combined : 0.710854 [31mce_loss_c : 0.697279 [31mce_loss_g : 0.708010 [31mkl_synergy_rand_1 : 0.000130 [31mkl_synergy_rand_2 : 0.000004 [31mkl_synergy_1 : 0.000081 [31mkl_synergy_2 : 0.000004 [31mtotal : 0.711073 [31mdiag_kl_1 : 0.130938 [31mdiag_kl_2 : 0.022955 [94mAcc_combined: 62.72 [94mAcc_c: 51.16 [94mAcc_g: 62.48 [92mF1_combined: 61.66 [92mF1_c: 65.86 [92mF1_g: 61.66 [95mCEU_cue_audio: 0.1964 [95mCEU_cue_video: 0.8311 [95mCEU_synergy: 0.1245 [95mCEU_coexistence: 0.9354 [97mS:[93m12.4%[97m([91m2.4c[97m-[94mF1:11.1%) [97mU1:[93m19.7%[97m([91m3.4c[97m) [97mU2:[93m83.1%[97m([91m25.2c[97m) [97mR:[93m93.5%[97m([91m30.9c[97m) [97mS-L: [92m1:[96m15%[39m [39m
2026-07-25 16:14:54,342 - Agent - INFO - [37mTest Epoch 8 step 8 with [31mce_loss_combined : 0.660757 [31mce_loss_c : 0.684168 [31mce_loss_g : 0.658949 [31mkl_synergy_rand_1 : 0.000126 [31mkl_synergy_rand_2 : 0.000005 [31mkl_synergy_1 : 0.000071 [31mkl_synergy_2 : 0.000004 [31mtotal : 0.660963 [31mdiag_kl_1 : 0.127092 [31mdiag_kl_2 : 0.022701 [94mAcc_combined: 63.09 [94mAcc_c: 51.47 [94mAcc_g: 62.24 [92mF1_combined: 61.51 [92mF1_c: 65.62 [92mF1_g: 61.34 [95mCEU_cue_audio: 0.2653 [95mCEU_cue_video: 0.8493 [95mCEU_synergy: 0.1232 [95mCEU_coexistence: 0.9277 [97mS:[93m12.3%[97m([91m2.3c[97m-[94mF1:11.0%) [97mU1:[93m26.5%[97m([91m5.3c[97m) [97mU2:[93m84.9%[97m([91m23.4c[97m) [97mR:[93m92.8%[97m([91m31.6c[97m) [97mS-L: [92m1:[96m15%[39m [39m
2026-07-25 16:14:55,016 - Agent - INFO - [37mModel saved successfully at: ./artifacts/models/multibench/ur_funny/vt/SynIB_RMask_REFABL_urfunny_fold2_l0.001_perturbrandom_fillema_pmin0.7_refunimodal_anchor_lr0.001_wd0.001.pth.tar[39m
2026-07-25 16:15:24,547 - Agent - INFO - [37mVal Epoch 9 step 9 with [31mce_loss_combined : 0.708813 [31mce_loss_c : 0.695923 [31mce_loss_g : 0.710597 [31mkl_synergy_rand_1 : 0.000120 [31mkl_synergy_rand_2 : 0.000014 [31mkl_synergy_1 : 0.000074 [31mkl_synergy_2 : 0.000013 [31mtotal : 0.709034 [31mdiag_kl_1 : 0.121134 [31mdiag_kl_2 : 0.020497 [94mAcc_combined: 61.65 [94mAcc_c: 51.45 [94mAcc_g: 62.77 [92mF1_combined: 59.77 [92mF1_c: 65.80 [92mF1_g: 61.69 [95mCEU_cue_audio: 0.1795 [95mCEU_cue_video: 0.8502 [95mCEU_synergy: 0.0797 [95mCEU_coexistence: 0.9767 [97mS:[93m8.0%[97m([91m1.5c[97m-[94mF1:7.4%) [97mU1:[93m18.0%[97m([91m3.1c[97m) [97mU2:[93m85.0%[97m([91m25.8c[97m) [97mR:[93m97.7%[97m([91m32.2c[97m) [97mS-L: [92m1:[96m9%[39m [39m
2026-07-25 16:15:54,507 - Agent - INFO - [37mVal Epoch 10 step 10 with [31mce_loss_combined : 0.727001 [31mce_loss_c : 0.697536 [31mce_loss_g : 0.717395 [31mkl_synergy_rand_1 : 0.000137 [31mkl_synergy_rand_2 : 0.000018 [31mkl_synergy_1 : 0.000092 [31mkl_synergy_2 : 0.000019 [31mtotal : 0.727268 [31mdiag_kl_1 : 0.136636 [31mdiag_kl_2 : 0.026859 [94mAcc_combined: 61.70 [94mAcc_c: 51.06 [94mAcc_g: 62.52 [92mF1_combined: 59.67 [92mF1_c: 65.95 [92mF1_g: 61.39 [95mCEU_cue_audio: 0.2022 [95mCEU_cue_video: 0.8215 [95mCEU_synergy: 0.0993 [95mCEU_coexistence: 0.9415 [97mS:[93m10.0%[97m([91m1.9c[97m-[94mF1:9.0%) [97mU1:[93m20.2%[97m([91m3.5c[97m) [97mU2:[93m82.2%[97m([91m25.0c[97m) [97mR:[93m94.1%[97m([91m31.0c[97m) [97mS-L: [92m1:[96m12%[39m [39m
2026-07-25 16:16:24,169 - Agent - INFO - [37mVal Epoch 11 step 11 with [31mce_loss_combined : 0.711698 [31mce_loss_c : 0.696834 [31mce_loss_g : 0.701229 [31mkl_synergy_rand_1 : 0.000121 [31mkl_synergy_rand_2 : 0.000020 [31mkl_synergy_1 : 0.000071 [31mkl_synergy_2 : 0.000019 [31mtotal : 0.711929 [31mdiag_kl_1 : 0.120540 [31mdiag_kl_2 : 0.025104 [94mAcc_combined: 59.43 [94mAcc_c: 49.61 [94mAcc_g: 63.10 [92mF1_combined: 56.10 [92mF1_c: 61.66 [92mF1_g: 61.83 [95mCEU_cue_audio: 0.3595 [95mCEU_cue_video: 0.7102 [95mCEU_synergy: 0.0396 [95mCEU_coexistence: 0.9794 [97mS:[93m4.0%[97m([91m0.8c[97m-[94mF1:3.9%) [97mU1:[93m36.0%[97m([91m6.2c[97m) [97mU2:[93m71.0%[97m([91m21.6c[97m) [97mR:[93m97.9%[97m([91m32.3c[97m) [97mS-L: [92m0:[96m23% [92m1:[96m1%[39m [39m
2026-07-25 16:16:54,201 - Agent - INFO - [37mVal Epoch 12 step 12 with [31mce_loss_combined : 0.684302 [31mce_loss_c : 0.696573 [31mce_loss_g : 0.682918 [31mkl_synergy_rand_1 : 0.000040 [31mkl_synergy_rand_2 : 0.000033 [31mkl_synergy_1 : 0.000029 [31mkl_synergy_2 : 0.000033 [31mtotal : 0.684437 [31mdiag_kl_1 : 0.041822 [31mdiag_kl_2 : 0.041791 [94mAcc_combined: 60.06 [94mAcc_c: 50.92 [94mAcc_g: 63.39 [92mF1_combined: 53.60 [92mF1_c: 66.38 [92mF1_g: 61.44 [95mCEU_cue_audio: 0.2584 [95mCEU_cue_video: 0.8024 [95mCEU_synergy: 0.0993 [95mCEU_coexistence: 0.9530 [97mS:[93m10.0%[97m([91m1.9c[97m-[94mF1:9.0%) [97mU1:[93m25.8%[97m([91m4.4c[97m) [97mU2:[93m80.3%[97m([91m24.4c[97m) [97mR:[93m95.3%[97m([91m31.4c[97m) [97mS-L: [92m1:[96m12%[39m [39m
2026-07-25 16:17:23,800 - Agent - INFO - [37mVal Epoch 13 step 13 with [31mce_loss_combined : 0.715370 [31mce_loss_c : 0.697983 [31mce_loss_g : 0.714229 [31mkl_synergy_rand_1 : 0.000119 [31mkl_synergy_rand_2 : 0.000006 [31mkl_synergy_1 : 0.000076 [31mkl_synergy_2 : 0.000006 [31mtotal : 0.715577 [31mdiag_kl_1 : 0.119226 [31mdiag_kl_2 : 0.025576 [94mAcc_combined: 61.51 [94mAcc_c: 50.73 [94mAcc_g: 62.14 [92mF1_combined: 59.59 [92mF1_c: 63.88 [92mF1_g: 61.06 [95mCEU_cue_audio: 0.2359 [95mCEU_cue_video: 0.8024 [95mCEU_synergy: 0.1292 [95mCEU_coexistence: 0.9209 [97mS:[93m12.9%[97m([91m2.5c[97m-[94mF1:11.5%) [97mU1:[93m23.6%[97m([91m4.1c[97m) [97mU2:[93m80.3%[97m([91m24.4c[97m) [97mR:[93m92.1%[97m([91m30.4c[97m) [97mS-L: [92m1:[96m15%[39m [39m
2026-07-25 16:17:53,188 - Agent - INFO - [37mVal Epoch 14 step 14 with [31mce_loss_combined : 0.717818 [31mce_loss_c : 0.696813 [31mce_loss_g : 0.712308 [31mkl_synergy_rand_1 : 0.000120 [31mkl_synergy_rand_2 : 0.000008 [31mkl_synergy_1 : 0.000070 [31mkl_synergy_2 : 0.000008 [31mtotal : 0.718024 [31mdiag_kl_1 : 0.120050 [31mdiag_kl_2 : 0.027517 [94mAcc_combined: 61.51 [94mAcc_c: 51.69 [94mAcc_g: 61.94 [92mF1_combined: 59.05 [92mF1_c: 66.08 [92mF1_g: 60.31 [95mCEU_cue_audio: 0.2079 [95mCEU_cue_video: 0.7866 [95mCEU_synergy: 0.1441 [95mCEU_coexistence: 0.9239 [97mS:[93m14.4%[97m([91m2.8c[97m-[94mF1:12.6%) [97mU1:[93m20.8%[97m([91m3.6c[97m) [97mU2:[93m78.7%[97m([91m23.9c[97m) [97mR:[93m92.4%[97m([91m30.5c[97m) [97mS-L: [92m1:[96m17%[39m [39m
2026-07-25 16:18:22,798 - Agent - INFO - [37mVal Epoch 15 step 15 with [31mce_loss_combined : 0.737060 [31mce_loss_c : 0.697287 [31mce_loss_g : 0.727853 [31mkl_synergy_rand_1 : 0.000153 [31mkl_synergy_rand_2 : 0.000005 [31mkl_synergy_1 : 0.000092 [31mkl_synergy_2 : 0.000005 [31mtotal : 0.737315 [31mdiag_kl_1 : 0.152357 [31mdiag_kl_2 : 0.032407 [94mAcc_combined: 61.65 [94mAcc_c: 51.45 [94mAcc_g: 62.96 [92mF1_combined: 59.48 [92mF1_c: 65.66 [92mF1_g: 61.66 [95mCEU_cue_audio: 0.2137 [95mCEU_cue_video: 0.7929 [95mCEU_synergy: 0.1096 [95mCEU_coexistence: 0.9472 [97mS:[93m10.9%[97m([91m2.1c[97m-[94mF1:9.9%) [97mU1:[93m21.3%[97m([91m3.7c[97m) [97mU2:[93m79.3%[97m([91m24.1c[97m) [97mR:[93m94.7%[97m([91m31.2c[97m) [97mS-L: [92m1:[96m13%[39m [39m
2026-07-25 16:18:51,786 - Agent - INFO - [37mVal Epoch 16 step 16 with [31mce_loss_combined : 0.744304 [31mce_loss_c : 0.697400 [31mce_loss_g : 0.733801 [31mkl_synergy_rand_1 : 0.000164 [31mkl_synergy_rand_2 : 0.000005 [31mkl_synergy_1 : 0.000098 [31mkl_synergy_2 : 0.000005 [31mtotal : 0.744576 [31mdiag_kl_1 : 0.163625 [31mdiag_kl_2 : 0.036523 [94mAcc_combined: 61.46 [94mAcc_c: 51.45 [94mAcc_g: 62.77 [92mF1_combined: 59.44 [92mF1_c: 65.66 [92mF1_g: 61.58 [95mCEU_cue_audio: 0.2247 [95mCEU_cue_video: 0.7962 [95mCEU_synergy: 0.1245 [95mCEU_coexistence: 0.9415 [97mS:[93m12.4%[97m([91m2.4c[97m-[94mF1:11.1%) [97mU1:[93m22.5%[97m([91m3.9c[97m) [97mU2:[93m79.6%[97m([91m24.2c[97m) [97mR:[93m94.1%[97m([91m31.0c[97m) [97mS-L: [92m1:[96m15%[39m [39m
2026-07-25 16:19:21,242 - Agent - INFO - [37mVal Epoch 17 step 17 with [31mce_loss_combined : 0.698501 [31mce_loss_c : 0.695335 [31mce_loss_g : 0.694007 [31mkl_synergy_rand_1 : 0.000092 [31mkl_synergy_rand_2 : 0.000025 [31mkl_synergy_1 : 0.000064 [31mkl_synergy_2 : 0.000025 [31mtotal : 0.698707 [31mdiag_kl_1 : 0.095688 [31mdiag_kl_2 : 0.030248 [94mAcc_combined: 59.48 [94mAcc_c: 50.63 [94mAcc_g: 60.88 [92mF1_combined: 57.89 [92mF1_c: 66.82 [92mF1_g: 58.87 [95mCEU_cue_audio: 0.3258 [95mCEU_cue_video: 0.7102 [95mCEU_synergy: 0.0947 [95mCEU_coexistence: 0.9472 [97mS:[93m9.5%[97m([91m1.8c[97m-[94mF1:9.3%) [97mU1:[93m32.6%[97m([91m5.6c[97m) [97mU2:[93m71.0%[97m([91m21.6c[97m) [97mR:[93m94.7%[97m([91m31.2c[97m) [97mS-L: [92m0:[96m47% [92m1:[96m3%[39m [39m
2026-07-25 16:19:50,392 - Agent - INFO - [37mVal Epoch 18 step 18 with [31mce_loss_combined : 0.684234 [31mce_loss_c : 0.696583 [31mce_loss_g : 0.691606 [31mkl_synergy_rand_1 : 0.000074 [31mkl_synergy_rand_2 : 0.000023 [31mkl_synergy_1 : 0.000045 [31mkl_synergy_2 : 0.000024 [31mtotal : 0.684400 [31mdiag_kl_1 : 0.074993 [31mdiag_kl_2 : 0.032290 [94mAcc_combined: 61.75 [94mAcc_c: 50.15 [94mAcc_g: 61.17 [92mF1_combined: 59.37 [92mF1_c: 60.81 [92mF1_g: 59.42 [95mCEU_cue_audio: 0.1685 [95mCEU_cue_video: 0.8759 [95mCEU_synergy: 0.2438 [95mCEU_coexistence: 0.8299 [97mS:[93m24.4%[97m([91m4.7c[97m-[94mF1:19.6%) [97mU1:[93m16.9%[97m([91m2.9c[97m) [97mU2:[93m87.6%[97m([91m26.6c[97m) [97mR:[93m83.0%[97m([91m27.4c[97m) [97mS-L: [92m1:[96m29%[39m [39m
2026-07-25 16:20:19,763 - Agent - INFO - [37mVal Epoch 19 step 19 with [31mce_loss_combined : 0.704801 [31mce_loss_c : 0.696939 [31mce_loss_g : 0.702584 [31mkl_synergy_rand_1 : 0.000096 [31mkl_synergy_rand_2 : 0.000009 [31mkl_synergy_1 : 0.000061 [31mkl_synergy_2 : 0.000009 [31mtotal : 0.704977 [31mdiag_kl_1 : 0.097742 [31mdiag_kl_2 : 0.024768 [94mAcc_combined: 60.44 [94mAcc_c: 51.79 [94mAcc_g: 61.94 [92mF1_combined: 56.86 [92mF1_c: 65.49 [92mF1_g: 59.91 [95mCEU_cue_audio: 0.2865 [95mCEU_cue_video: 0.7612 [95mCEU_synergy: 0.0694 [95mCEU_coexistence: 0.9591 [97mS:[93m7.0%[97m([91m1.4c[97m-[94mF1:6.5%) [97mU1:[93m28.7%[97m([91m4.9c[97m) [97mU2:[93m76.1%[97m([91m23.1c[97m) [97mR:[93m95.9%[97m([91m31.6c[97m) [97mS-L: [92m1:[96m8%[39m [39m
2026-07-25 16:20:40,898 - Agent - INFO - [37mModel saved successfully at: ./artifacts/models/multibench/ur_funny/vt/SynIB_RMask_REFABL_urfunny_fold2_l0.001_perturbrandom_fillema_pmin0.7_refunimodal_anchor_lr0.001_wd0.001.pth.tar[39m
2026-07-25 16:20:49,953 - Evaluator - INFO - New best with syn_accuracy-
2026-07-25 16:20:49,953 - Agent - INFO - [37mVal Epoch 20 step 20 with [31mce_loss_combined : 0.710030 [31mce_loss_c : 0.695310 [31mce_loss_g : 0.706119 [31mkl_synergy_rand_1 : 0.000109 [31mkl_synergy_rand_2 : 0.000032 [31mkl_synergy_1 : 0.000072 [31mkl_synergy_2 : 0.000031 [31mtotal : 0.710274 [31mdiag_kl_1 : 0.108092 [31mdiag_kl_2 : 0.062122 [94mAcc_combined: 59.57 [94mAcc_c: 50.29 [94mAcc_g: 59.48 [92mF1_combined: 58.86 [92mF1_c: 5.69 [92mF1_g: 58.27 [95mCEU_cue_audio: 0.2191 [95mCEU_cue_video: 0.8090 [95mCEU_synergy: 0.3781 [95mCEU_coexistence: 0.7213 [97mS:[93m37.8%[97m([91m7.4c[97m-[94mF1:27.4%) [97mU1:[93m21.9%[97m([91m3.8c[97m) [97mU2:[93m80.9%[97m([91m24.6c[97m) [97mR:[93m72.1%[97m([91m23.8c[97m) [97mS-L: [92m1:[96m44%[39m [39m
2026-07-25 16:20:49,970 - Agent - INFO - [37mTest Epoch 20 step 20 with [31mce_loss_combined : 0.684588 [31mce_loss_c : 0.689062 [31mce_loss_g : 0.672810 [31mkl_synergy_rand_1 : 0.000116 [31mkl_synergy_rand_2 : 0.000030 [31mkl_synergy_1 : 0.000073 [31mkl_synergy_2 : 0.000030 [31mtotal : 0.684837 [31mdiag_kl_1 : 0.114711 [31mdiag_kl_2 : 0.061142 [94mAcc_combined: 62.62 [94mAcc_c: 50.99 [94mAcc_g: 62.24 [92mF1_combined: 61.81 [92mF1_c: 7.16 [92mF1_g: 60.70 [95mCEU_cue_audio: 0.3414 [95mCEU_cue_video: 0.8185 [95mCEU_synergy: 0.3744 [95mCEU_coexistence: 0.7834 [97mS:[93m37.4%[97m([91m6.9c[97m-[94mF1:27.2%) [97mU1:[93m34.1%[97m([91m6.8c[97m) [97mU2:[93m81.8%[97m([91m22.6c[97m) [97mR:[93m78.3%[97m([91m26.7c[97m) [97mS-L: [92m1:[96m46%[39m [39m
2026-07-25 16:20:51,045 - Agent - INFO - [37mModel saved successfully at: ./artifacts/models/multibench/ur_funny/vt/SynIB_RMask_REFABL_urfunny_fold2_l0.001_perturbrandom_fillema_pmin0.7_refunimodal_anchor_lr0.001_wd0.001.pth.tar[39m
2026-07-25 16:21:20,082 - Agent - INFO - [37mVal Epoch 21 step 21 with [31mce_loss_combined : 0.710322 [31mce_loss_c : 0.697186 [31mce_loss_g : 0.719778 [31mkl_synergy_rand_1 : 0.000112 [31mkl_synergy_rand_2 : 0.000009 [31mkl_synergy_1 : 0.000070 [31mkl_synergy_2 : 0.000010 [31mtotal : 0.710523 [31mdiag_kl_1 : 0.112651 [31mdiag_kl_2 : 0.030575 [94mAcc_combined: 61.12 [94mAcc_c: 49.61 [94mAcc_g: 61.65 [92mF1_combined: 60.39 [92mF1_c: 61.18 [92mF1_g: 60.53 [95mCEU_cue_audio: 0.2022 [95mCEU_cue_video: 0.8377 [95mCEU_synergy: 0.1543 [95mCEU_coexistence: 0.8857 [97mS:[93m15.4%[97m([91m3.0c[97m-[94mF1:13.4%) [97mU1:[93m20.2%[97m([91m3.5c[97m) [97mU2:[93m83.8%[97m([91m25.4c[97m) [97mR:[93m88.6%[97m([91m29.2c[97m) [97mS-L: [92m1:[96m18%[39m [39m
2026-07-25 16:21:49,714 - Agent - INFO - [37mVal Epoch 22 step 22 with [31mce_loss_combined : 0.711874 [31mce_loss_c : 0.696163 [31mce_loss_g : 0.710422 [31mkl_synergy_rand_1 : 0.000133 [31mkl_synergy_rand_2 : 0.000012 [31mkl_synergy_1 : 0.000081 [31mkl_synergy_2 : 0.000010 [31mtotal : 0.712109 [31mdiag_kl_1 : 0.132948 [31mdiag_kl_2 : 0.031813 [94mAcc_combined: 61.61 [94mAcc_c: 51.21 [94mAcc_g: 62.28 [92mF1_combined: 60.81 [92mF1_c: 65.85 [92mF1_g: 60.73 [95mCEU_cue_audio: 0.2022 [95mCEU_cue_video: 0.8215 [95mCEU_synergy: 0.2387 [95mCEU_coexistence: 0.8532 [97mS:[93m23.9%[97m([91m4.6c[97m-[94mF1:19.3%) [97mU1:[93m20.2%[97m([91m3.5c[97m) [97mU2:[93m82.2%[97m([91m25.0c[97m) [97mR:[93m85.3%[97m([91m28.1c[97m) [97mS-L: [92m1:[96m28%[39m [39m
2026-07-25 16:22:19,165 - Agent - INFO - [37mVal Epoch 23 step 23 with [31mce_loss_combined : 0.752067 [31mce_loss_c : 0.695145 [31mce_loss_g : 0.750146 [31mkl_synergy_rand_1 : 0.000183 [31mkl_synergy_rand_2 : 0.000026 [31mkl_synergy_1 : 0.000119 [31mkl_synergy_2 : 0.000026 [31mtotal : 0.752420 [31mdiag_kl_1 : 0.182945 [31mdiag_kl_2 : 0.047094 [94mAcc_combined: 61.36 [94mAcc_c: 50.92 [94mAcc_g: 61.99 [92mF1_combined: 61.42 [92mF1_c: 66.13 [92mF1_g: 60.78 [95mCEU_cue_audio: 0.1795 [95mCEU_cue_video: 0.8535 [95mCEU_synergy: 0.1245 [95mCEU_coexistence: 0.9090 [97mS:[93m12.4%[97m([91m2.4c[97m-[94mF1:11.1%) [97mU1:[93m18.0%[97m([91m3.1c[97m) [97mU2:[93m85.4%[97m([91m25.9c[97m) [97mR:[93m90.9%[97m([91m30.0c[97m) [97mS-L: [92m1:[96m15%[39m [39m
2026-07-25 16:22:48,691 - Agent - INFO - [37mVal Epoch 24 step 24 with [31mce_loss_combined : 0.747334 [31mce_loss_c : 0.696807 [31mce_loss_g : 0.748305 [31mkl_synergy_rand_1 : 0.000151 [31mkl_synergy_rand_2 : 0.000022 [31mkl_synergy_1 : 0.000096 [31mkl_synergy_2 : 0.000024 [31mtotal : 0.747627 [31mdiag_kl_1 : 0.151328 [31mdiag_kl_2 : 0.046623 [94mAcc_combined: 60.15 [94mAcc_c: 50.73 [94mAcc_g: 61.27 [92mF1_combined: 60.23 [92mF1_c: 63.67 [92mF1_g: 59.28 [95mCEU_cue_audio: 0.3033 [95mCEU_cue_video: 0.7389 [95mCEU_synergy: 0.0895 [95mCEU_coexistence: 0.9266 [97mS:[93m9.0%[97m([91m1.7c[97m-[94mF1:8.2%) [97mU1:[93m30.3%[97m([91m5.2c[97m) [97mU2:[93m73.9%[97m([91m22.4c[97m) [97mR:[93m92.7%[97m([91m30.6c[97m) [97mS-L: [92m1:[96m11%[39m [39m
2026-07-25 16:23:18,157 - Agent - INFO - [37mVal Epoch 25 step 25 with [31mce_loss_combined : 0.730669 [31mce_loss_c : 0.696598 [31mce_loss_g : 0.731185 [31mkl_synergy_rand_1 : 0.000129 [31mkl_synergy_rand_2 : 0.000007 [31mkl_synergy_1 : 0.000084 [31mkl_synergy_2 : 0.000008 [31mtotal : 0.730897 [31mdiag_kl_1 : 0.128897 [31mdiag_kl_2 : 0.038681 [94mAcc_combined: 60.78 [94mAcc_c: 50.87 [94mAcc_g: 61.70 [92mF1_combined: 61.14 [92mF1_c: 63.82 [92mF1_g: 59.51 [95mCEU_cue_audio: 0.2696 [95mCEU_cue_video: 0.7803 [95mCEU_synergy: 0.1492 [95mCEU_coexistence: 0.9002 [97mS:[93m14.9%[97m([91m2.9c[97m-[94mF1:13.2%) [97mU1:[93m27.0%[97m([91m4.6c[97m) [97mU2:[93m78.0%[97m([91m23.7c[97m) [97mR:[93m90.0%[97m([91m29.7c[97m) [97mS-L: [92m0:[96m3% [92m1:[96m17%[39m [39m
2026-07-25 16:23:47,513 - Agent - INFO - [37mVal Epoch 26 step 26 with [31mce_loss_combined : 0.751084 [31mce_loss_c : 0.695668 [31mce_loss_g : 0.755660 [31mkl_synergy_rand_1 : 0.000152 [31mkl_synergy_rand_2 : 0.000008 [31mkl_synergy_1 : 0.000100 [31mkl_synergy_2 : 0.000008 [31mtotal : 0.751351 [31mdiag_kl_1 : 0.152079 [31mdiag_kl_2 : 0.044437 [94mAcc_combined: 60.40 [94mAcc_c: 51.64 [94mAcc_g: 61.32 [92mF1_combined: 60.22 [92mF1_c: 65.68 [92mF1_g: 59.39 [95mCEU_cue_audio: 0.2528 [95mCEU_cue_video: 0.7994 [95mCEU_synergy: 0.1394 [95mCEU_coexistence: 0.8769 [97mS:[93m13.9%[97m([91m2.7c[97m-[94mF1:12.7%) [97mU1:[93m25.3%[97m([91m4.4c[97m) [97mU2:[93m79.9%[97m([91m24.3c[97m) [97mR:[93m87.7%[97m([91m28.9c[97m) [97mS-L: [92m0:[96m7% [92m1:[96m15%[39m [39m
2026-07-25 16:24:16,582 - Agent - INFO - [37mVal Epoch 27 step 27 with [31mce_loss_combined : 0.772994 [31mce_loss_c : 0.696897 [31mce_loss_g : 0.766580 [31mkl_synergy_rand_1 : 0.000192 [31mkl_synergy_rand_2 : 0.000008 [31mkl_synergy_1 : 0.000116 [31mkl_synergy_2 : 0.000008 [31mtotal : 0.773318 [31mdiag_kl_1 : 0.193001 [31mdiag_kl_2 : 0.061393 [94mAcc_combined: 60.11 [94mAcc_c: 51.40 [94mAcc_g: 61.36 [92mF1_combined: 60.24 [92mF1_c: 65.33 [92mF1_g: 59.54 [95mCEU_cue_audio: 0.2584 [95mCEU_cue_video: 0.7866 [95mCEU_synergy: 0.1842 [95mCEU_coexistence: 0.8505 [97mS:[93m18.4%[97m([91m3.6c[97m-[94mF1:15.5%) [97mU1:[93m25.8%[97m([91m4.4c[97m) [97mU2:[93m78.7%[97m([91m23.9c[97m) [97mR:[93m85.0%[97m([91m28.0c[97m) [97mS-L: [92m1:[96m22%[39m [39m
2026-07-25 16:24:45,485 - Agent - INFO - [37mVal Epoch 28 step 28 with [31mce_loss_combined : 0.770314 [31mce_loss_c : 0.696545 [31mce_loss_g : 0.759732 [31mkl_synergy_rand_1 : 0.000178 [31mkl_synergy_rand_2 : 0.000009 [31mkl_synergy_1 : 0.000113 [31mkl_synergy_2 : 0.000008 [31mtotal : 0.770622 [31mdiag_kl_1 : 0.179274 [31mdiag_kl_2 : 0.067243 [94mAcc_combined: 61.03 [94mAcc_c: 51.79 [94mAcc_g: 60.69 [92mF1_combined: 61.29 [92mF1_c: 66.40 [92mF1_g: 58.84 [95mCEU_cue_audio: 0.2584 [95mCEU_cue_video: 0.7866 [95mCEU_synergy: 0.2490 [95mCEU_coexistence: 0.8445 [97mS:[93m24.9%[97m([91m4.8c[97m-[94mF1:20.3%) [97mU1:[93m25.8%[97m([91m4.4c[97m) [97mU2:[93m78.7%[97m([91m23.9c[97m) [97mR:[93m84.5%[97m([91m27.9c[97m) [97mS-L: [92m0:[96m3% [92m1:[96m29%[39m [39m
2026-07-25 16:25:14,484 - Agent - INFO - [37mVal Epoch 29 step 29 with [31mce_loss_combined : 0.776163 [31mce_loss_c : 0.697230 [31mce_loss_g : 0.767180 [31mkl_synergy_rand_1 : 0.000187 [31mkl_synergy_rand_2 : 0.000009 [31mkl_synergy_1 : 0.000119 [31mkl_synergy_2 : 0.000010 [31mtotal : 0.776489 [31mdiag_kl_1 : 0.187146 [31mdiag_kl_2 : 0.066060 [94mAcc_combined: 60.49 [94mAcc_c: 51.45 [94mAcc_g: 61.03 [92mF1_combined: 60.74 [92mF1_c: 65.40 [92mF1_g: 59.04 [95mCEU_cue_audio: 0.3033 [95mCEU_cue_video: 0.7642 [95mCEU_synergy: 0.1692 [95mCEU_coexistence: 0.8827 [97mS:[93m16.9%[97m([91m3.3c[97m-[94mF1:14.8%) [97mU1:[93m30.3%[97m([91m5.2c[97m) [97mU2:[93m76.4%[97m([91m23.2c[97m) [97mR:[93m88.3%[97m([91m29.1c[97m) [97mS-L: [92m0:[96m3% [92m1:[96m19%[39m [39m
2026-07-25 16:25:43,732 - Agent - INFO - [37mVal Epoch 30 step 30 with [31mce_loss_combined : 0.790846 [31mce_loss_c : 0.697067 [31mce_loss_g : 0.778605 [31mkl_synergy_rand_1 : 0.000209 [31mkl_synergy_rand_2 : 0.000005 [31mkl_synergy_1 : 0.000132 [31mkl_synergy_2 : 0.000005 [31mtotal : 0.791198 [31mdiag_kl_1 : 0.209119 [31mdiag_kl_2 : 0.074127 [94mAcc_combined: 60.49 [94mAcc_c: 51.74 [94mAcc_g: 61.17 [92mF1_combined: 60.63 [92mF1_c: 65.37 [92mF1_g: 59.42 [95mCEU_cue_audio: 0.2696 [95mCEU_cue_video: 0.7708 [95mCEU_synergy: 0.1740 [95mCEU_coexistence: 0.8769 [97mS:[93m17.4%[97m([91m3.4c[97m-[94mF1:15.1%) [97mU1:[93m27.0%[97m([91m4.6c[97m) [97mU2:[93m77.1%[97m([91m23.4c[97m) [97mR:[93m87.7%[97m([91m28.9c[97m) [97mS-L: [92m0:[96m3% [92m1:[96m20%[39m [39m
2026-07-25 16:26:13,189 - Agent - INFO - [37mVal Epoch 31 step 31 with [31mce_loss_combined : 0.790632 [31mce_loss_c : 0.697292 [31mce_loss_g : 0.779044 [31mkl_synergy_rand_1 : 0.000209 [31mkl_synergy_rand_2 : 0.000005 [31mkl_synergy_1 : 0.000127 [31mkl_synergy_2 : 0.000005 [31mtotal : 0.790978 [31mdiag_kl_1 : 0.209387 [31mdiag_kl_2 : 0.073320 [94mAcc_combined: 60.15 [94mAcc_c: 51.40 [94mAcc_g: 61.03 [92mF1_combined: 60.38 [92mF1_c: 65.16 [92mF1_g: 59.33 [95mCEU_cue_audio: 0.2865 [95mCEU_cue_video: 0.7516 [95mCEU_synergy: 0.1543 [95mCEU_coexistence: 0.8914 [97mS:[93m15.4%[97m([91m3.0c[97m-[94mF1:13.6%) [97mU1:[93m28.7%[97m([91m4.9c[97m) [97mU2:[93m75.2%[97m([91m22.8c[97m) [97mR:[93m89.1%[97m([91m29.4c[97m) [97mS-L: [92m0:[96m3% [92m1:[96m18%[39m [39m
2026-07-25 16:26:34,583 - Agent - INFO - [37mModel saved successfully at: ./artifacts/models/multibench/ur_funny/vt/SynIB_RMask_REFABL_urfunny_fold2_l0.001_perturbrandom_fillema_pmin0.7_refunimodal_anchor_lr0.001_wd0.001.pth.tar[39m
2026-07-25 16:26:43,898 - Agent - INFO - [37mVal Epoch 32 step 32 with [31mce_loss_combined : 0.796769 [31mce_loss_c : 0.697172 [31mce_loss_g : 0.784304 [31mkl_synergy_rand_1 : 0.000222 [31mkl_synergy_rand_2 : 0.000005 [31mkl_synergy_1 : 0.000142 [31mkl_synergy_2 : 0.000005 [31mtotal : 0.797143 [31mdiag_kl_1 : 0.221854 [31mdiag_kl_2 : 0.075433 [94mAcc_combined: 60.30 [94mAcc_c: 50.92 [94mAcc_g: 61.03 [92mF1_combined: 60.59 [92mF1_c: 64.17 [92mF1_g: 59.33 [95mCEU_cue_audio: 0.2753 [95mCEU_cue_video: 0.7642 [95mCEU_synergy: 0.1590 [95mCEU_coexistence: 0.8914 [97mS:[93m15.9%[97m([91m3.1c[97m-[94mF1:14.0%) [97mU1:[93m27.5%[97m([91m4.7c[97m) [97mU2:[93m76.4%[97m([91m23.2c[97m) [97mR:[93m89.1%[97m([91m29.4c[97m) [97mS-L: [92m0:[96m3% [92m1:[96m18%[39m [39m
2026-07-25 16:27:13,447 - Evaluator - INFO - New best with loss-
2026-07-25 16:27:13,448 - Agent - INFO - [37mVal Epoch 33 step 33 with [31mce_loss_combined : 0.680202 [31mce_loss_c : 0.695405 [31mce_loss_g : 0.685662 [31mkl_synergy_rand_1 : 0.000058 [31mkl_synergy_rand_2 : 0.000020 [31mkl_synergy_1 : 0.000039 [31mkl_synergy_2 : 0.000020 [31mtotal : 0.680340 [31mdiag_kl_1 : 0.059493 [31mdiag_kl_2 : 0.036862 [94mAcc_combined: 61.46 [94mAcc_c: 51.21 [94mAcc_g: 61.75 [92mF1_combined: 61.25 [92mF1_c: 65.62 [92mF1_g: 59.25 [95mCEU_cue_audio: 0.2359 [95mCEU_cue_video: 0.8153 [95mCEU_synergy: 0.2490 [95mCEU_coexistence: 0.8445 [97mS:[93m24.9%[97m([91m4.8c[97m-[94mF1:19.9%) [97mU1:[93m23.6%[97m([91m4.1c[97m) [97mU2:[93m81.5%[97m([91m24.8c[97m) [97mR:[93m84.5%[97m([91m27.9c[97m) [97mS-L: [92m1:[96m29%[39m [39m
2026-07-25 16:27:13,464 - Agent - INFO - [37mTest Epoch 33 step 33 with [31mce_loss_combined : 0.649657 [31mce_loss_c : 0.685168 [31mce_loss_g : 0.661950 [31mkl_synergy_rand_1 : 0.000063 [31mkl_synergy_rand_2 : 0.000019 [31mkl_synergy_1 : 0.000035 [31mkl_synergy_2 : 0.000020 [31mtotal : 0.649793 [31mdiag_kl_1 : 0.064231 [31mdiag_kl_2 : 0.035620 [94mAcc_combined: 62.29 [94mAcc_c: 51.51 [94mAcc_g: 60.96 [92mF1_combined: 62.04 [92mF1_c: 65.71 [92mF1_g: 58.45 [95mCEU_cue_audio: 0.2702 [95mCEU_cue_video: 0.8630 [95mCEU_synergy: 0.2409 [95mCEU_coexistence: 0.8445 [97mS:[93m24.1%[97m([91m4.4c[97m-[94mF1:20.2%) [97mU1:[93m27.0%[97m([91m5.4c[97m) [97mU2:[93m86.3%[97m([91m23.8c[97m) [97mR:[93m84.4%[97m([91m28.7c[97m) [97mS-L: [92m0:[96m5% [92m1:[96m28%[39m [39m
2026-07-25 16:27:14,407 - Agent - INFO - [37mModel saved successfully at: ./artifacts/models/multibench/ur_funny/vt/SynIB_RMask_REFABL_urfunny_fold2_l0.001_perturbrandom_fillema_pmin0.7_refunimodal_anchor_lr0.001_wd0.001.pth.tar[39m
2026-07-25 16:27:43,514 - Agent - INFO - [37mVal Epoch 34 step 34 with [31mce_loss_combined : 0.723613 [31mce_loss_c : 0.696137 [31mce_loss_g : 0.722902 [31mkl_synergy_rand_1 : 0.000131 [31mkl_synergy_rand_2 : 0.000021 [31mkl_synergy_1 : 0.000089 [31mkl_synergy_2 : 0.000021 [31mtotal : 0.723875 [31mdiag_kl_1 : 0.135755 [31mdiag_kl_2 : 0.046229 [94mAcc_combined: 60.54 [94mAcc_c: 51.26 [94mAcc_g: 61.65 [92mF1_combined: 60.43 [92mF1_c: 64.95 [92mF1_g: 59.64 [95mCEU_cue_audio: 0.3202 [95mCEU_cue_video: 0.7612 [95mCEU_synergy: 0.1590 [95mCEU_coexistence: 0.8769 [97mS:[93m15.9%[97m([91m3.1c[97m-[94mF1:14.9%) [97mU1:[93m32.0%[97m([91m5.5c[97m) [97mU2:[93m76.1%[97m([91m23.1c[97m) [97mR:[93m87.7%[97m([91m28.9c[97m) [97mS-L: [92m0:[96m17% [92m1:[96m16%[39m [39m
2026-07-25 16:28:12,773 - Agent - INFO - [37mVal Epoch 35 step 35 with [31mce_loss_combined : 0.731144 [31mce_loss_c : 0.696343 [31mce_loss_g : 0.739113 [31mkl_synergy_rand_1 : 0.000145 [31mkl_synergy_rand_2 : 0.000019 [31mkl_synergy_1 : 0.000088 [31mkl_synergy_2 : 0.000018 [31mtotal : 0.731414 [31mdiag_kl_1 : 0.145475 [31mdiag_kl_2 : 0.051106 [94mAcc_combined: 59.77 [94mAcc_c: 50.34 [94mAcc_g: 60.69 [92mF1_combined: 59.65 [92mF1_c: 64.89 [92mF1_g: 59.33 [95mCEU_cue_audio: 0.1964 [95mCEU_cue_video: 0.8120 [95mCEU_synergy: 0.2191 [95mCEU_coexistence: 0.8357 [97mS:[93m21.9%[97m([91m4.3c[97m-[94mF1:18.0%) [97mU1:[93m19.7%[97m([91m3.4c[97m) [97mU2:[93m81.2%[97m([91m24.7c[97m) [97mR:[93m83.6%[97m([91m27.6c[97m) [97mS-L: [92m1:[96m26%[39m [39m
2026-07-25 16:28:42,009 - Agent - INFO - [37mVal Epoch 36 step 36 with [31mce_loss_combined : 0.727223 [31mce_loss_c : 0.696461 [31mce_loss_g : 0.739664 [31mkl_synergy_rand_1 : 0.000133 [31mkl_synergy_rand_2 : 0.000030 [31mkl_synergy_1 : 0.000079 [31mkl_synergy_2 : 0.000031 [31mtotal : 0.727496 [31mdiag_kl_1 : 0.135898 [31mdiag_kl_2 : 0.048625 [94mAcc_combined: 58.85 [94mAcc_c: 50.63 [94mAcc_g: 60.30 [92mF1_combined: 56.74 [92mF1_c: 65.56 [92mF1_g: 58.09 [95mCEU_cue_audio: 0.3595 [95mCEU_cue_video: 0.6943 [95mCEU_synergy: 0.0648 [95mCEU_coexistence: 0.9472 [97mS:[93m6.5%[97m([91m1.3c[97m-[94mF1:6.3%) [97mU1:[93m36.0%[97m([91m6.2c[97m) [97mU2:[93m69.4%[97m([91m21.1c[97m) [97mR:[93m94.7%[97m([91m31.2c[97m) [97mS-L: [92m0:[96m7% [92m1:[96m6%[39m [39m
2026-07-25 16:29:11,164 - Agent - INFO - [37mVal Epoch 37 step 37 with [31mce_loss_combined : 0.704708 [31mce_loss_c : 0.695998 [31mce_loss_g : 0.705181 [31mkl_synergy_rand_1 : 0.000087 [31mkl_synergy_rand_2 : 0.000028 [31mkl_synergy_1 : 0.000058 [31mkl_synergy_2 : 0.000028 [31mtotal : 0.704909 [31mdiag_kl_1 : 0.089224 [31mdiag_kl_2 : 0.044624 [94mAcc_combined: 60.20 [94mAcc_c: 51.31 [94mAcc_g: 60.35 [92mF1_combined: 58.20 [92mF1_c: 65.81 [92mF1_g: 57.60 [95mCEU_cue_audio: 0.3148 [95mCEU_cue_video: 0.7356 [95mCEU_synergy: 0.1842 [95mCEU_coexistence: 0.8827 [97mS:[93m18.4%[97m([91m3.6c[97m-[94mF1:16.9%) [97mU1:[93m31.5%[97m([91m5.4c[97m) [97mU2:[93m73.6%[97m([91m22.3c[97m) [97mR:[93m88.3%[97m([91m29.1c[97m) [97mS-L: [92m0:[96m17% [92m1:[96m19%[39m [39m
2026-07-25 16:29:40,371 - Agent - INFO - [37mVal Epoch 38 step 38 with [31mce_loss_combined : 0.745432 [31mce_loss_c : 0.697018 [31mce_loss_g : 0.745440 [31mkl_synergy_rand_1 : 0.000125 [31mkl_synergy_rand_2 : 0.000009 [31mkl_synergy_1 : 0.000079 [31mkl_synergy_2 : 0.000010 [31mtotal : 0.745654 [31mdiag_kl_1 : 0.124192 [31mdiag_kl_2 : 0.045995 [94mAcc_combined: 59.82 [94mAcc_c: 50.63 [94mAcc_g: 59.82 [92mF1_combined: 58.22 [92mF1_c: 65.66 [92mF1_g: 57.92 [95mCEU_cue_audio: 0.2979 [95mCEU_cue_video: 0.7516 [95mCEU_synergy: 0.2140 [95mCEU_coexistence: 0.8357 [97mS:[93m21.4%[97m([91m4.2c[97m-[94mF1:18.0%) [97mU1:[93m29.8%[97m([91m5.1c[97m) [97mU2:[93m75.2%[97m([91m22.8c[97m) [97mR:[93m83.6%[97m([91m27.6c[97m) [97mS-L: [92m0:[96m3% [92m1:[96m25%[39m [39m
2026-07-25 16:30:10,098 - Agent - INFO - [37mVal Epoch 39 step 39 with [31mce_loss_combined : 0.718192 [31mce_loss_c : 0.696191 [31mce_loss_g : 0.721437 [31mkl_synergy_rand_1 : 0.000092 [31mkl_synergy_rand_2 : 0.000015 [31mkl_synergy_1 : 0.000061 [31mkl_synergy_2 : 0.000016 [31mtotal : 0.718375 [31mdiag_kl_1 : 0.092399 [31mdiag_kl_2 : 0.051704 [94mAcc_combined: 59.62 [94mAcc_c: 50.82 [94mAcc_g: 59.48 [92mF1_combined: 58.40 [92mF1_c: 65.58 [92mF1_g: 56.71 [95mCEU_cue_audio: 0.2642 [95mCEU_cue_video: 0.7612 [95mCEU_synergy: 0.3035 [95mCEU_coexistence: 0.7741 [97mS:[93m30.3%[97m([91m5.9c[97m-[94mF1:23.3%) [97mU1:[93m26.4%[97m([91m4.5c[97m) [97mU2:[93m76.1%[97m([91m23.1c[97m) [97mR:[93m77.4%[97m([91m25.5c[97m) [97mS-L: [92m1:[96m36%[39m [39m
2026-07-25 16:30:39,905 - Agent - INFO - [37mVal Epoch 40 step 40 with [31mce_loss_combined : 0.782534 [31mce_loss_c : 0.697939 [31mce_loss_g : 0.776190 [31mkl_synergy_rand_1 : 0.000210 [31mkl_synergy_rand_2 : 0.000031 [31mkl_synergy_1 : 0.000132 [31mkl_synergy_2 : 0.000029 [31mtotal : 0.782936 [31mdiag_kl_1 : 0.209952 [31mdiag_kl_2 : 0.084360 [94mAcc_combined: 60.40 [94mAcc_c: 49.71 [94mAcc_g: 61.12 [92mF1_combined: 60.64 [92mF1_c: 60.52 [92mF1_g: 59.76 [95mCEU_cue_audio: 0.2305 [95mCEU_cue_video: 0.8024 [95mCEU_synergy: 0.2289 [95mCEU_coexistence: 0.8269 [97mS:[93m22.9%[97m([91m4.4c[97m-[94mF1:19.0%) [97mU1:[93m23.0%[97m([91m4.0c[97m) [97mU2:[93m80.3%[97m([91m24.4c[97m) [97mR:[93m82.7%[97m([91m27.3c[97m) [97mS-L: [92m0:[96m3% [92m1:[96m26%[39m [39m
2026-07-25 16:31:09,523 - Agent - INFO - [37mVal Epoch 41 step 41 with [31mce_loss_combined : 0.766382 [31mce_loss_c : 0.695910 [31mce_loss_g : 0.765739 [31mkl_synergy_rand_1 : 0.000180 [31mkl_synergy_rand_2 : 0.000014 [31mkl_synergy_1 : 0.000113 [31mkl_synergy_2 : 0.000014 [31mtotal : 0.766702 [31mdiag_kl_1 : 0.182540 [31mdiag_kl_2 : 0.064290 [94mAcc_combined: 60.11 [94mAcc_c: 51.50 [94mAcc_g: 61.03 [92mF1_combined: 60.47 [92mF1_c: 65.78 [92mF1_g: 59.21 [95mCEU_cue_audio: 0.2865 [95mCEU_cue_video: 0.7612 [95mCEU_synergy: 0.1492 [95mCEU_coexistence: 0.8739 [97mS:[93m14.9%[97m([91m2.9c[97m-[94mF1:13.2%) [97mU1:[93m28.7%[97m([91m4.9c[97m) [97mU2:[93m76.1%[97m([91m23.1c[97m) [97mR:[93m87.4%[97m([91m28.8c[97m) [97mS-L: [92m0:[96m3% [92m1:[96m17%[39m [39m
2026-07-25 16:31:39,142 - Agent - INFO - [37mVal Epoch 42 step 42 with [31mce_loss_combined : 0.736498 [31mce_loss_c : 0.695885 [31mce_loss_g : 0.742381 [31mkl_synergy_rand_1 : 0.000123 [31mkl_synergy_rand_2 : 0.000015 [31mkl_synergy_1 : 0.000080 [31mkl_synergy_2 : 0.000016 [31mtotal : 0.736731 [31mdiag_kl_1 : 0.123916 [31mdiag_kl_2 : 0.057267 [94mAcc_combined: 60.06 [94mAcc_c: 51.06 [94mAcc_g: 60.88 [92mF1_combined: 60.06 [92mF1_c: 65.79 [92mF1_g: 58.79 [95mCEU_cue_audio: 0.2921 [95mCEU_cue_video: 0.7451 [95mCEU_synergy: 0.2140 [95mCEU_coexistence: 0.8445 [97mS:[93m21.4%[97m([91m4.2c[97m-[94mF1:18.3%) [97mU1:[93m29.2%[97m([91m5.0c[97m) [97mU2:[93m74.5%[97m([91m22.6c[97m) [97mR:[93m84.5%[97m([91m27.9c[97m) [97mS-L: [92m0:[96m7% [92m1:[96m24%[39m [39m
2026-07-25 16:32:08,279 - Agent - INFO - [37mVal Epoch 43 step 43 with [31mce_loss_combined : 0.756069 [31mce_loss_c : 0.695161 [31mce_loss_g : 0.758601 [31mkl_synergy_rand_1 : 0.000168 [31mkl_synergy_rand_2 : 0.000032 [31mkl_synergy_1 : 0.000100 [31mkl_synergy_2 : 0.000032 [31mtotal : 0.756401 [31mdiag_kl_1 : 0.168870 [31mdiag_kl_2 : 0.084631 [94mAcc_combined: 59.24 [94mAcc_c: 51.11 [94mAcc_g: 58.99 [92mF1_combined: 59.26 [92mF1_c: 65.48 [92mF1_g: 56.95 [95mCEU_cue_audio: 0.2811 [95mCEU_cue_video: 0.7833 [95mCEU_synergy: 0.3580 [95mCEU_coexistence: 0.7244 [97mS:[93m35.8%[97m([91m7.0c[97m-[94mF1:26.4%) [97mU1:[93m28.1%[97m([91m4.8c[97m) [97mU2:[93m78.3%[97m([91m23.8c[97m) [97mR:[93m72.4%[97m([91m23.9c[97m) [97mS-L: [92m1:[96m42%[39m [39m
2026-07-25 16:32:37,383 - Agent - INFO - [37mVal Epoch 44 step 44 with [31mce_loss_combined : 0.783820 [31mce_loss_c : 0.695893 [31mce_loss_g : 0.783755 [31mkl_synergy_rand_1 : 0.000221 [31mkl_synergy_rand_2 : 0.000018 [31mkl_synergy_1 : 0.000139 [31mkl_synergy_2 : 0.000017 [31mtotal : 0.784216 [31mdiag_kl_1 : 0.221220 [31mdiag_kl_2 : 0.093066 [94mAcc_combined: 61.61 [94mAcc_c: 50.44 [94mAcc_g: 61.70 [92mF1_combined: 61.64 [92mF1_c: 62.44 [92mF1_g: 60.04 [95mCEU_cue_audio: 0.2753 [95mCEU_cue_video: 0.7866 [95mCEU_synergy: 0.2289 [95mCEU_coexistence: 0.8593 [97mS:[93m22.9%[97m([91m4.4c[97m-[94mF1:20.9%) [97mU1:[93m27.5%[97m([91m4.7c[97m) [97mU2:[93m78.7%[97m([91m23.9c[97m) [97mR:[93m85.9%[97m([91m28.3c[97m) [97mS-L: [92m0:[96m23% [92m1:[96m23%[39m [39m
2026-07-25 16:32:58,693 - Agent - INFO - [37mModel saved successfully at: ./artifacts/models/multibench/ur_funny/vt/SynIB_RMask_REFABL_urfunny_fold2_l0.001_perturbrandom_fillema_pmin0.7_refunimodal_anchor_lr0.001_wd0.001.pth.tar[39m
2026-07-25 16:33:07,754 - Agent - INFO - [37mVal Epoch 45 step 45 with [31mce_loss_combined : 0.771494 [31mce_loss_c : 0.696445 [31mce_loss_g : 0.769282 [31mkl_synergy_rand_1 : 0.000174 [31mkl_synergy_rand_2 : 0.000040 [31mkl_synergy_1 : 0.000106 [31mkl_synergy_2 : 0.000037 [31mtotal : 0.771852 [31mdiag_kl_1 : 0.175487 [31mdiag_kl_2 : 0.109538 [94mAcc_combined: 58.46 [94mAcc_c: 50.53 [94mAcc_g: 59.77 [92mF1_combined: 58.76 [92mF1_c: 65.73 [92mF1_g: 57.02 [95mCEU_cue_audio: 0.3148 [95mCEU_cue_video: 0.7293 [95mCEU_synergy: 0.3236 [95mCEU_coexistence: 0.7301 [97mS:[93m32.3%[97m([91m6.3c[97m-[94mF1:25.0%) [97mU1:[93m31.5%[97m([91m5.4c[97m) [97mU2:[93m72.9%[97m([91m22.1c[97m) [97mR:[93m73.0%[97m([91m24.1c[97m) [97mS-L: [92m0:[96m3% [92m1:[96m37%[39m [39m
2026-07-25 16:33:37,330 - Agent - INFO - [37mVal Epoch 46 step 46 with [31mce_loss_combined : 0.752485 [31mce_loss_c : 0.699085 [31mce_loss_g : 0.749246 [31mkl_synergy_rand_1 : 0.000149 [31mkl_synergy_rand_2 : 0.000015 [31mkl_synergy_1 : 0.000094 [31mkl_synergy_2 : 0.000016 [31mtotal : 0.752759 [31mdiag_kl_1 : 0.150287 [31mdiag_kl_2 : 0.069479 [94mAcc_combined: 59.24 [94mAcc_c: 50.34 [94mAcc_g: 60.59 [92mF1_combined: 59.30 [92mF1_c: 62.67 [92mF1_g: 57.66 [95mCEU_cue_audio: 0.3763 [95mCEU_cue_video: 0.6720 [95mCEU_synergy: 0.2042 [95mCEU_coexistence: 0.8651 [97mS:[93m20.4%[97m([91m4.0c[97m-[94mF1:17.3%) [97mU1:[93m37.6%[97m([91m6.5c[97m) [97mU2:[93m67.2%[97m([91m20.4c[97m) [97mR:[93m86.5%[97m([91m28.5c[97m) [97mS-L: [92m0:[96m3% [92m1:[96m23%[39m [39m
2026-07-25 16:34:07,376 - Agent - INFO - [37mVal Epoch 47 step 47 with [31mce_loss_combined : 0.808835 [31mce_loss_c : 0.701624 [31mce_loss_g : 0.806740 [31mkl_synergy_rand_1 : 0.000203 [31mkl_synergy_rand_2 : 0.000040 [31mkl_synergy_1 : 0.000129 [31mkl_synergy_2 : 0.000035 [31mtotal : 0.809241 [31mdiag_kl_1 : 0.202836 [31mdiag_kl_2 : 0.132310 [94mAcc_combined: 58.27 [94mAcc_c: 50.44 [94mAcc_g: 58.95 [92mF1_combined: 58.21 [92mF1_c: 64.00 [92mF1_g: 57.14 [95mCEU_cue_audio: 0.3484 [95mCEU_cue_video: 0.7230 [95mCEU_synergy: 0.3729 [95mCEU_coexistence: 0.7097 [97mS:[93m37.3%[97m([91m7.3c[97m-[94mF1:27.2%) [97mU1:[93m34.8%[97m([91m6.0c[97m) [97mU2:[93m72.3%[97m([91m22.0c[97m) [97mR:[93m71.0%[97m([91m23.4c[97m) [97mS-L: [92m1:[96m44%[39m [39m
2026-07-25 16:34:36,657 - Agent - INFO - [37mVal Epoch 48 step 48 with [31mce_loss_combined : 0.833281 [31mce_loss_c : 0.696810 [31mce_loss_g : 0.826025 [31mkl_synergy_rand_1 : 0.000233 [31mkl_synergy_rand_2 : 0.000019 [31mkl_synergy_1 : 0.000150 [31mkl_synergy_2 : 0.000019 [31mtotal : 0.833702 [31mdiag_kl_1 : 0.232996 [31mdiag_kl_2 : 0.121350 [94mAcc_combined: 58.37 [94mAcc_c: 50.73 [94mAcc_g: 58.80 [92mF1_combined: 57.90 [92mF1_c: 65.63 [92mF1_g: 57.01 [95mCEU_cue_audio: 0.2642 [95mCEU_cue_video: 0.7260 [95mCEU_synergy: 0.2886 [95mCEU_coexistence: 0.7890 [97mS:[93m28.9%[97m([91m5.6c[97m-[94mF1:22.9%) [97mU1:[93m26.4%[97m([91m4.5c[97m) [97mU2:[93m72.6%[97m([91m22.1c[97m) [97mR:[93m78.9%[97m([91m26.0c[97m) [97mS-L: [92m0:[96m3% [92m1:[96m33%[39m [39m
2026-07-25 16:35:06,097 - Agent - INFO - [37mVal Epoch 49 step 49 with [31mce_loss_combined : 0.805657 [31mce_loss_c : 0.699859 [31mce_loss_g : 0.793927 [31mkl_synergy_rand_1 : 0.000234 [31mkl_synergy_rand_2 : 0.000017 [31mkl_synergy_1 : 0.000146 [31mkl_synergy_2 : 0.000016 [31mtotal : 0.806071 [31mdiag_kl_1 : 0.234450 [31mdiag_kl_2 : 0.110193 [94mAcc_combined: 59.14 [94mAcc_c: 49.56 [94mAcc_g: 59.77 [92mF1_combined: 58.56 [92mF1_c: 60.05 [92mF1_g: 58.06 [95mCEU_cue_audio: 0.3202 [95mCEU_cue_video: 0.7069 [95mCEU_synergy: 0.1991 [95mCEU_coexistence: 0.8505 [97mS:[93m19.9%[97m([91m3.9c[97m-[94mF1:17.5%) [97mU1:[93m32.0%[97m([91m5.5c[97m) [97mU2:[93m70.7%[97m([91m21.5c[97m) [97mR:[93m85.0%[97m([91m28.0c[97m) [97mS-L: [92m0:[96m10% [92m1:[96m22%[39m [39m
2026-07-25 16:35:36,369 - Agent - INFO - [37mVal Epoch 50 step 50 with [31mce_loss_combined : 0.821397 [31mce_loss_c : 0.700211 [31mce_loss_g : 0.817144 [31mkl_synergy_rand_1 : 0.000210 [31mkl_synergy_rand_2 : 0.000021 [31mkl_synergy_1 : 0.000144 [31mkl_synergy_2 : 0.000020 [31mtotal : 0.821791 [31mdiag_kl_1 : 0.209672 [31mdiag_kl_2 : 0.123152 [94mAcc_combined: 58.51 [94mAcc_c: 51.02 [94mAcc_g: 59.14 [92mF1_combined: 58.15 [92mF1_c: 63.86 [92mF1_g: 57.00 [95mCEU_cue_audio: 0.4326 [95mCEU_cue_video: 0.6148 [95mCEU_synergy: 0.1893 [95mCEU_coexistence: 0.8708 [97mS:[93m18.9%[97m([91m3.7c[97m-[94mF1:16.5%) [97mU1:[93m43.3%[97m([91m7.4c[97m) [97mU2:[93m61.5%[97m([91m18.7c[97m) [97mR:[93m87.1%[97m([91m28.7c[97m) [97mS-L: [92m0:[96m7% [92m1:[96m21%[39m [39m
2026-07-25 16:36:06,910 - Agent - INFO - [37mVal Epoch 51 step 51 with [31mce_loss_combined : 0.878757 [31mce_loss_c : 0.696675 [31mce_loss_g : 0.847941 [31mkl_synergy_rand_1 : 0.000293 [31mkl_synergy_rand_2 : 0.000027 [31mkl_synergy_1 : 0.000195 [31mkl_synergy_2 : 0.000026 [31mtotal : 0.879298 [31mdiag_kl_1 : 0.292659 [31mdiag_kl_2 : 0.151114 [94mAcc_combined: 58.85 [94mAcc_c: 49.47 [94mAcc_g: 59.04 [92mF1_combined: 58.71 [92mF1_c: 60.73 [92mF1_g: 57.46 [95mCEU_cue_audio: 0.3316 [95mCEU_cue_video: 0.6848 [95mCEU_synergy: 0.1939 [95mCEU_coexistence: 0.8708 [97mS:[93m19.4%[97m([91m3.8c[97m-[94mF1:18.7%) [97mU1:[93m33.1%[97m([91m5.7c[97m) [97mU2:[93m68.5%[97m([91m20.8c[97m) [97mR:[93m87.1%[97m([91m28.7c[97m) [97mS-L: [92m0:[96m33% [92m1:[96m17%[39m [39m
2026-07-25 16:36:35,993 - Agent - INFO - [37mVal Epoch 52 step 52 with [31mce_loss_combined : 0.833246 [31mce_loss_c : 0.697646 [31mce_loss_g : 0.826034 [31mkl_synergy_rand_1 : 0.000215 [31mkl_synergy_rand_2 : 0.000013 [31mkl_synergy_1 : 0.000148 [31mkl_synergy_2 : 0.000015 [31mtotal : 0.833637 [31mdiag_kl_1 : 0.215507 [31mdiag_kl_2 : 0.116149 [94mAcc_combined: 58.56 [94mAcc_c: 50.92 [94mAcc_g: 59.19 [92mF1_combined: 57.72 [92mF1_c: 63.58 [92mF1_g: 56.81 [95mCEU_cue_audio: 0.4044 [95mCEU_cue_video: 0.6368 [95mCEU_synergy: 0.1991 [95mCEU_coexistence: 0.8532 [97mS:[93m19.9%[97m([91m3.9c[97m-[94mF1:17.2%) [97mU1:[93m40.4%[97m([91m7.0c[97m) [97mU2:[93m63.7%[97m([91m19.3c[97m) [97mR:[93m85.3%[97m([91m28.1c[97m) [97mS-L: [92m0:[96m7% [92m1:[96m22%[39m [39m
2026-07-25 16:37:05,256 - Agent - INFO - [37mVal Epoch 53 step 53 with [31mce_loss_combined : 0.883291 [31mce_loss_c : 0.696376 [31mce_loss_g : 0.863537 [31mkl_synergy_rand_1 : 0.000297 [31mkl_synergy_rand_2 : 0.000030 [31mkl_synergy_1 : 0.000186 [31mkl_synergy_2 : 0.000027 [31mtotal : 0.883831 [31mdiag_kl_1 : 0.297132 [31mdiag_kl_2 : 0.182790 [94mAcc_combined: 58.61 [94mAcc_c: 50.92 [94mAcc_g: 59.09 [92mF1_combined: 57.83 [92mF1_c: 63.61 [92mF1_g: 57.19 [95mCEU_cue_audio: 0.3370 [95mCEU_cue_video: 0.7102 [95mCEU_synergy: 0.2639 [95mCEU_coexistence: 0.7917 [97mS:[93m26.4%[97m([91m5.1c[97m-[94mF1:22.8%) [97mU1:[93m33.7%[97m([91m5.8c[97m) [97mU2:[93m71.0%[97m([91m21.6c[97m) [97mR:[93m79.2%[97m([91m26.1c[97m) [97mS-L: [92m0:[96m17% [92m1:[96m28%[39m [39m
2026-07-25 16:37:34,633 - Agent - INFO - [37mVal Epoch 54 step 54 with [31mce_loss_combined : 0.867413 [31mce_loss_c : 0.697323 [31mce_loss_g : 0.847734 [31mkl_synergy_rand_1 : 0.000284 [31mkl_synergy_rand_2 : 0.000013 [31mkl_synergy_1 : 0.000184 [31mkl_synergy_2 : 0.000011 [31mtotal : 0.867905 [31mdiag_kl_1 : 0.285133 [31mdiag_kl_2 : 0.155245 [94mAcc_combined: 59.43 [94mAcc_c: 50.44 [94mAcc_g: 59.72 [92mF1_combined: 58.57 [92mF1_c: 62.74 [92mF1_g: 57.99 [95mCEU_cue_audio: 0.3539 [95mCEU_cue_video: 0.6911 [95mCEU_synergy: 0.2387 [95mCEU_coexistence: 0.8329 [97mS:[93m23.9%[97m([91m4.6c[97m-[94mF1:20.7%) [97mU1:[93m35.4%[97m([91m6.1c[97m) [97mU2:[93m69.1%[97m([91m21.0c[97m) [97mR:[93m83.3%[97m([91m27.5c[97m) [97mS-L: [92m0:[96m13% [92m1:[96m26%[39m [39m
2026-07-25 16:38:04,328 - Agent - INFO - [37mVal Epoch 55 step 55 with [31mce_loss_combined : 0.907492 [31mce_loss_c : 0.697159 [31mce_loss_g : 0.885945 [31mkl_synergy_rand_1 : 0.000332 [31mkl_synergy_rand_2 : 0.000013 [31mkl_synergy_1 : 0.000211 [31mkl_synergy_2 : 0.000013 [31mtotal : 0.908060 [31mdiag_kl_1 : 0.331159 [31mdiag_kl_2 : 0.185532 [94mAcc_combined: 58.56 [94mAcc_c: 50.77 [94mAcc_g: 59.82 [92mF1_combined: 58.09 [92mF1_c: 63.69 [92mF1_g: 58.09 [95mCEU_cue_audio: 0.3484 [95mCEU_cue_video: 0.6720 [95mCEU_synergy: 0.2438 [95mCEU_coexistence: 0.8269 [97mS:[93m24.4%[97m([91m4.7c[97m-[94mF1:21.1%) [97mU1:[93m34.8%[97m([91m6.0c[97m) [97mU2:[93m67.2%[97m([91m20.4c[97m) [97mR:[93m82.7%[97m([91m27.3c[97m) [97mS-L: [92m0:[96m13% [92m1:[96m26%[39m [39m
2026-07-25 16:38:33,990 - Agent - INFO - [37mVal Epoch 56 step 56 with [31mce_loss_combined : 0.844374 [31mce_loss_c : 0.697544 [31mce_loss_g : 0.838498 [31mkl_synergy_rand_1 : 0.000237 [31mkl_synergy_rand_2 : 0.000028 [31mkl_synergy_1 : 0.000161 [31mkl_synergy_2 : 0.000028 [31mtotal : 0.844827 [31mdiag_kl_1 : 0.238255 [31mdiag_kl_2 : 0.150843 [94mAcc_combined: 58.70 [94mAcc_c: 51.45 [94mAcc_g: 59.38 [92mF1_combined: 58.22 [92mF1_c: 65.11 [92mF1_g: 57.36 [95mCEU_cue_audio: 0.4102 [95mCEU_cue_video: 0.6529 [95mCEU_synergy: 0.2140 [95mCEU_coexistence: 0.8299 [97mS:[93m21.4%[97m([91m4.2c[97m-[94mF1:18.3%) [97mU1:[93m41.0%[97m([91m7.1c[97m) [97mU2:[93m65.3%[97m([91m19.8c[97m) [97mR:[93m83.0%[97m([91m27.4c[97m) [97mS-L: [92m0:[96m7% [92m1:[96m24%[39m [39m
2026-07-25 16:39:03,247 - Agent - INFO - [37mVal Epoch 57 step 57 with [31mce_loss_combined : 0.893173 [31mce_loss_c : 0.697240 [31mce_loss_g : 0.875266 [31mkl_synergy_rand_1 : 0.000296 [31mkl_synergy_rand_2 : 0.000008 [31mkl_synergy_1 : 0.000208 [31mkl_synergy_2 : 0.000008 [31mtotal : 0.893693 [31mdiag_kl_1 : 0.296182 [31mdiag_kl_2 : 0.182801 [94mAcc_combined: 59.04 [94mAcc_c: 51.40 [94mAcc_g: 60.06 [92mF1_combined: 58.38 [92mF1_c: 64.92 [92mF1_g: 58.32 [95mCEU_cue_audio: 0.3653 [95mCEU_cue_video: 0.6561 [95mCEU_synergy: 0.2387 [95mCEU_coexistence: 0.8387 [97mS:[93m23.9%[97m([91m4.6c[97m-[94mF1:20.0%) [97mU1:[93m36.5%[97m([91m6.3c[97m) [97mU2:[93m65.6%[97m([91m19.9c[97m) [97mR:[93m83.9%[97m([91m27.7c[97m) [97mS-L: [92m0:[96m7% [92m1:[96m27%[39m [39m
2026-07-25 16:39:32,807 - Agent - INFO - [37mVal Epoch 58 step 58 with [31mce_loss_combined : 0.899300 [31mce_loss_c : 0.696935 [31mce_loss_g : 0.876786 [31mkl_synergy_rand_1 : 0.000299 [31mkl_synergy_rand_2 : 0.000011 [31mkl_synergy_1 : 0.000193 [31mkl_synergy_2 : 0.000011 [31mtotal : 0.899814 [31mdiag_kl_1 : 0.298942 [31mdiag_kl_2 : 0.185219 [94mAcc_combined: 59.14 [94mAcc_c: 51.35 [94mAcc_g: 59.82 [92mF1_combined: 58.31 [92mF1_c: 64.87 [92mF1_g: 57.97 [95mCEU_cue_audio: 0.3763 [95mCEU_cue_video: 0.6688 [95mCEU_synergy: 0.2387 [95mCEU_coexistence: 0.8299 [97mS:[93m23.9%[97m([91m4.6c[97m-[94mF1:20.7%) [97mU1:[93m37.6%[97m([91m6.5c[97m) [97mU2:[93m66.9%[97m([91m20.3c[97m) [97mR:[93m83.0%[97m([91m27.4c[97m) [97mS-L: [92m0:[96m13% [92m1:[96m26%[39m [39m
2026-07-25 16:40:02,788 - Agent - INFO - [37mVal Epoch 59 step 59 with [31mce_loss_combined : 0.913611 [31mce_loss_c : 0.696748 [31mce_loss_g : 0.886663 [31mkl_synergy_rand_1 : 0.000305 [31mkl_synergy_rand_2 : 0.000011 [31mkl_synergy_1 : 0.000214 [31mkl_synergy_2 : 0.000011 [31mtotal : 0.914152 [31mdiag_kl_1 : 0.304461 [31mdiag_kl_2 : 0.191488 [94mAcc_combined: 58.70 [94mAcc_c: 51.40 [94mAcc_g: 59.24 [92mF1_combined: 58.18 [92mF1_c: 64.87 [92mF1_g: 57.53 [95mCEU_cue_audio: 0.3707 [95mCEU_cue_video: 0.6752 [95mCEU_synergy: 0.2387 [95mCEU_coexistence: 0.8387 [97mS:[93m23.9%[97m([91m4.6c[97m-[94mF1:21.4%) [97mU1:[93m37.1%[97m([91m6.4c[97m) [97mU2:[93m67.5%[97m([91m20.5c[97m) [97mR:[93m83.9%[97m([91m27.7c[97m) [97mS-L: [92m0:[96m20% [92m1:[96m25%[39m [39m
2026-07-25 16:40:31,919 - Agent - INFO - [37mVal Epoch 60 step 60 with [31mce_loss_combined : 0.935595 [31mce_loss_c : 0.696943 [31mce_loss_g : 0.910409 [31mkl_synergy_rand_1 : 0.000341 [31mkl_synergy_rand_2 : 0.000008 [31mkl_synergy_1 : 0.000223 [31mkl_synergy_2 : 0.000007 [31mtotal : 0.936175 [31mdiag_kl_1 : 0.340949 [31mdiag_kl_2 : 0.209465 [94mAcc_combined: 59.09 [94mAcc_c: 50.92 [94mAcc_g: 59.28 [92mF1_combined: 58.45 [92mF1_c: 63.71 [92mF1_g: 57.65 [95mCEU_cue_audio: 0.3653 [95mCEU_cue_video: 0.6625 [95mCEU_synergy: 0.2490 [95mCEU_coexistence: 0.8329 [97mS:[93m24.9%[97m([91m4.8c[97m-[94mF1:21.8%) [97mU1:[93m36.5%[97m([91m6.3c[97m) [97mU2:[93m66.2%[97m([91m20.1c[97m) [97mR:[93m83.3%[97m([91m27.5c[97m) [97mS-L: [92m0:[96m17% [92m1:[96m26%[39m [39m
2026-07-25 16:41:01,591 - Agent - INFO - [37mVal Epoch 61 step 61 with [31mce_loss_combined : 0.945507 [31mce_loss_c : 0.697209 [31mce_loss_g : 0.919359 [31mkl_synergy_rand_1 : 0.000349 [31mkl_synergy_rand_2 : 0.000009 [31mkl_synergy_1 : 0.000242 [31mkl_synergy_2 : 0.000008 [31mtotal : 0.946116 [31mdiag_kl_1 : 0.349941 [31mdiag_kl_2 : 0.223026 [94mAcc_combined: 58.27 [94mAcc_c: 51.26 [94mAcc_g: 59.38 [92mF1_combined: 57.80 [92mF1_c: 64.08 [92mF1_g: 57.79 [95mCEU_cue_audio: 0.3426 [95mCEU_cue_video: 0.6625 [95mCEU_synergy: 0.2490 [95mCEU_coexistence: 0.8123 [97mS:[93m24.9%[97m([91m4.8c[97m-[94mF1:20.7%) [97mU1:[93m34.3%[97m([91m5.9c[97m) [97mU2:[93m66.2%[97m([91m20.1c[97m) [97mR:[93m81.2%[97m([91m26.8c[97m) [97mS-L: [92m0:[96m7% [92m1:[96m28%[39m [39m
2026-07-25 16:41:22,813 - Agent - INFO - [37mModel saved successfully at: ./artifacts/models/multibench/ur_funny/vt/SynIB_RMask_REFABL_urfunny_fold2_l0.001_perturbrandom_fillema_pmin0.7_refunimodal_anchor_lr0.001_wd0.001.pth.tar[39m
2026-07-25 16:41:31,894 - Agent - INFO - [37mVal Epoch 62 step 62 with [31mce_loss_combined : 0.932877 [31mce_loss_c : 0.697094 [31mce_loss_g : 0.912044 [31mkl_synergy_rand_1 : 0.000340 [31mkl_synergy_rand_2 : 0.000006 [31mkl_synergy_1 : 0.000226 [31mkl_synergy_2 : 0.000006 [31mtotal : 0.933456 [31mdiag_kl_1 : 0.341546 [31mdiag_kl_2 : 0.210159 [94mAcc_combined: 58.56 [94mAcc_c: 50.87 [94mAcc_g: 59.33 [92mF1_combined: 57.85 [92mF1_c: 63.66 [92mF1_g: 57.67 [95mCEU_cue_audio: 0.3539 [95mCEU_cue_video: 0.6561 [95mCEU_synergy: 0.2490 [95mCEU_coexistence: 0.8211 [97mS:[93m24.9%[97m([91m4.8c[97m-[94mF1:21.4%) [97mU1:[93m35.4%[97m([91m6.1c[97m) [97mU2:[93m65.6%[97m([91m19.9c[97m) [97mR:[93m82.1%[97m([91m27.1c[97m) [97mS-L: [92m0:[96m13% [92m1:[96m27%[39m [39m
2026-07-25 16:41:32,509 - Agent - INFO - We are in the final state.
2026-07-25 16:41:32,644 - root - INFO - Loaded best model from best_model_accuracy_state_dict
2026-07-25 16:41:35,621 - Agent - INFO - [37mVal Epoch 62 step 0 with [31mce_loss_combined : 0.710854 [31mce_loss_c : 0.697279 [31mce_loss_g : 0.708010 [31mkl_synergy_rand_1 : 0.000126 [31mkl_synergy_rand_2 : 0.000004 [31mkl_synergy_1 : 0.000079 [31mkl_synergy_2 : 0.000004 [31mtotal : 0.711068 [31mdiag_kl_1 : 0.127142 [31mdiag_kl_2 : 0.023262 [94mAcc_combined: 62.72 [94mAcc_c: 51.16 [94mAcc_g: 62.48 [92mF1_combined: 61.66 [92mF1_c: 65.86 [92mF1_g: 61.66 [95mCEU_cue_audio: 0.1964 [95mCEU_cue_video: 0.8311 [95mCEU_synergy: 0.1245 [95mCEU_coexistence: 0.9354 [97mS:[93m12.4%[97m([91m2.4c[97m-[94mF1:11.1%) [97mU1:[93m19.7%[97m([91m3.4c[97m) [97mU2:[93m83.1%[97m([91m25.2c[97m) [97mR:[93m93.5%[97m([91m30.9c[97m) [97mS-L: [92m1:[96m15%[39m [39m
2026-07-25 16:41:38,633 - Agent - INFO - [37mTest Epoch 62 step 0 with [31mce_loss_combined : 0.660757 [31mce_loss_c : 0.684168 [31mce_loss_g : 0.658949 [31mkl_synergy_rand_1 : 0.000126 [31mkl_synergy_rand_2 : 0.000005 [31mkl_synergy_1 : 0.000073 [31mkl_synergy_2 : 0.000004 [31mtotal : 0.660965 [31mdiag_kl_1 : 0.127101 [31mdiag_kl_2 : 0.021940 [94mAcc_combined: 63.09 [94mAcc_c: 51.47 [94mAcc_g: 62.24 [92mF1_combined: 61.51 [92mF1_c: 65.62 [92mF1_g: 61.34 [95mCEU_cue_audio: 0.2653 [95mCEU_cue_video: 0.8493 [95mCEU_synergy: 0.1232 [95mCEU_coexistence: 0.9277 [97mS:[93m12.3%[97m([91m2.3c[97m-[94mF1:11.0%) [97mU1:[93m26.5%[97m([91m5.3c[97m) [97mU2:[93m84.9%[97m([91m23.4c[97m) [97mR:[93m92.8%[97m([91m31.6c[97m) [97mS-L: [92m1:[96m15%[39m [39m
2026-07-25 16:41:39,948 - Agent - INFO - [37mModel saved successfully at: ./artifacts/models/multibench/ur_funny/vt/SynIB_RMask_REFABL_urfunny_fold2_l0.001_perturbrandom_fillema_pmin0.7_refunimodal_anchor_lr0.001_wd0.001.pth.tar[39m
Job finished
