Starting SynIB reference-ablation job
Python 3.12.12
/esat/smcdata/users/kkontras/Image_Dataset/no_backup/git/SynIB  (git a2fb4fd)
GPU 0: NVIDIA GeForce RTX 4090 (UUID: GPU-8566824d-5af2-660f-0615-ff1e7f06f6e5)
Executing: PYTHONPATH=src /esat/smcdata/users/kkontras/Image_Dataset/no_backup/envs/synergy/bin/python -m synib.entrypoints.train --config run/configs/rebuttal_ref_ablation/cremad_synib_u.json --default_config run/configs/rebuttal_ref_ablation/cremad_default.json --fold 2 --ironic_rate 0.5 --rmask random --l 1.0 --perturb_pmin 0.20 --perturb_fill ema --reference_type uniform --ref_diag --start_over --tag REFABL_cremad
Namespace(config='run/configs/rebuttal_ref_ablation/cremad_synib_u.json', default_config='run/configs/rebuttal_ref_ablation/cremad_default.json', fold='2', alpha=None, tanh_mode_beta=None, regby=None, batch_size=None, l='1.0', multil=None, lib=None, kmepoch=None, num_samples=None, contrcoeff=None, contr_type=None, shuffle_type=None, validate_with=None, num_classes=None, optim_method=None, ending_epoch=None, load_ongoing=None, recon_weight1=None, recon_weight2=None, recon_epochstages=None, recon_ensemblestages=None, lr=None, wd=None, cls=None, ironic_rate='0.5', perturb='random', perturb_fill='ema', perturb_pmax=None, perturb_pmin='0.20', perturb_lsparse=None, rmask='random', pmin=None, pmax=None, lsparse=None, debug_mask_stats=False, pre=False, frozen=False, tdqm_disable=False, start_over=True, no_model_save=False, num_layers=None, grad_accum=None, init_from=None, init_strict=False, perturb_lsparse_sign=None, l_anneal_epochs=None, perturb_steps=None, perturb_lsparse_warmup=None, perturb_lsparse_schedule=None, persist_ell=False, save_masks=False, penalty_swap=False, disable_ce_random=False, disable_kl_learned=False, masking_only=False, modality_dropout=None, modality_dropout_target=None, l_z1_masked=None, l_z2_masked=None, l_pareto=None, reference_type='uniform', ref_diag=True, ref_ema_decay=None, tag='REFABL_cremad')
2026-07-25 17:03:20,934 - Config - INFO - run/configs/rebuttal_ref_ablation/cremad_synib_u.json
2026-07-25 17:03:20,939 - Config - INFO -  THE Configuration of your experiment ..
{'agent': 'Agent',
 'dataset': {'data_roots': './data/CremaD/CREMA-D',
             'data_split': {'fold': 0, 'method': 'non_inclusive'},
             'dataloader_class': 'IronyCremadDataloader',
             'fps': 1,
             'ironic_label_name': 'SARCASM',
             'ironic_modes': ['train', 'val', 'test'],
             'ironic_rate': 1.0,
             'norm': False,
             'norm_face_path': './src/synib/mydatasets/Irony_Cremad/assets/norms/norm_face_path_fold{}.pkl',
             'norm_wav_path': './src/synib/mydatasets/Irony_Cremad/assets/norms/wav_norm_22050_fold{}.pkl',
             'num_frame': 3,
             'return_data': {'audio': False,
                             'face': False,
                             'spectrogram': True,
                             'video': True},
             'sampling_rate': 22050},
 'early_stopping': {'end_of_epoch_check': True,
                    'log_interval': 10,
                    'max_epoch': 1500,
                    'n_steps_stop': 30,
                    'n_steps_stop_after': 0,
                    'save_every_step': 3000,
                    'save_every_valstep': 10,
                    'validate_after': 0,
                    'validate_every': 25,
                    'validate_with': 'accuracy'},
 'exp_name': 'CREMAD Experiment',
 'model': {'args': {'bias_infusion': {'contrcoeff': 0.0, 'l': 1.0},
                    'cls_type': 'mlp',
                    'd_model': 512,
                    'dropout': 0.1,
                    'fc_inner': 64,
                    'in_dim': 64,
                    'multi_loss': {'multi_supervised_w': {'c': 1,
                                                          'combined': 1,
                                                          'g': 1}},
                    'norm_decision': False,
                    'num_classes': 7,
                    'synergy_type': 'unimodal_anchor'},
           'ceu': {'test': './artifacts/ceus/cremad/cremadplus_ceu_test_res_{}.pkl',
                   'val': './artifacts/ceus/cremad/cremadplus_ceu_val_res_{}.pkl'},
           'encoders': [{'args': {'d_model': 512,
                                  'dropout': 0.1,
                                  'fc_inner': 64,
                                  'freeze_encoder': False,
                                  'num_classes': 7},
                         'model': 'Audio_ResNet',
                         'name': 'enc_0_modality1_encoder',
                         'pretrainedEncoder': {'dir': 'unimodal_audio_fold{}_ir1.0_lr0.001_wd0.0001_clsmlp_bs64.pth.tar',
                                               'use': True},
                         'save_encoder': False},
                        {'args': {'d_model': 512,
                                  'dropout': 0.1,
                                  'fc_inner': 64,
                                  'freeze_encoder': False,
                                  'num_classes': 7},
                         'model': 'Video_ResNet',
                         'name': 'enc_1_modality2_encoder',
                         'pretrainedEncoder': {'dir': 'unimodal_video_fold{}_ir1.0_lr0.0001_wd0.0001_clsmlp_bs64.pth.tar',
                                               'use': True},
                         'save_encoder': False},
                        {'args': {'d_model': 512,
                                  'dropout': 0.1,
                                  'fc_inner': 64,
                                  'freeze_encoder': False},
                         'model': 'FusionTrunkLinear',
                         'name': 'enc_2_fusion_trunk',
                         'pretrainedEncoder': {'dir': 'enc_2_fusion_trunk_fold{}.pth.tar',
                                               'use': False},
                         'save_encoder': False},
                        {'args': {'freeze_encoder': False,
                                  'in_dim': 64,
                                  'num_classes': 7},
                         'model': 'LinearHead',
                         'name': 'enc_3_fusion_head',
                         'pretrainedEncoder': {'dir': 'enc_3_fusion_head_fold{}.pth.tar',
                                               'use': False},
                         'save_encoder': False},
                        {'args': {'dropout': 0.1,
                                  'freeze_encoder': False,
                                  'hidden_dim': 64,
                                  'in_dim': 512,
                                  'num_classes': 7},
                         'model': 'MLPHead',
                         'name': 'enc_4_unimodal_head_1',
                         'pretrainedEncoder': {'dir': 'enc_4_unimodal1_fold{}.pth.tar',
                                               'use': False},
                         'save_encoder': False},
                        {'args': {'dropout': 0.1,
                                  'freeze_encoder': False,
                                  'hidden_dim': 64,
                                  'in_dim': 512,
                                  'num_classes': 7},
                         'model': 'MLPHead',
                         'name': 'enc_5_unimodal_head_2',
                         'pretrainedEncoder': {'dir': 'enc_5_unimodal2_fold{}.pth.tar',
                                               'use': False},
                         'save_encoder': False}],
           'load_ongoing': False,
           'model_class': 'FusionIBModel_Mask_U',
           'save_base_dir': './data/data/2025_data/synergy/CremadPlus/v2',
           'save_dir': 'SynIB_RMask_U_{}.pth.tar'},
 'optimizer': {'beta1': 0.9,
               'beta2': 0.999,
               'learning_rate': 1e-05,
               'momentum': 0.9,
               'type': 'Adam',
               'weight_decay': 1e-05},
 'scheduler': {'max_lr': 0.03, 'type': 'cosanneal', 'warm_up_steps': 780},
 'training_params': {'async_loading': True,
                     'batch_size': 128,
                     'cuda': True,
                     'data_loader_workers': 8,
                     'gpu_device': [0],
                     'pin_memory': False,
                     'rec_test': True,
                     'res': True,
                     'seed': 109,
                     'tdqm_disable': False,
                     'test_batch_size': 128,
                     'test_on_bottoms': True,
                     'use_test_set': True,
                     'validation': True,
                     'verbose': True,
                     'wandb_disable': False}}
2026-07-25 17:03:20,947 - Config - INFO -  *************************************** 
2026-07-25 17:03:20,948 - Config - INFO - The experiment name is CREMAD Experiment
2026-07-25 17:03:20,948 - Config - INFO -  *************************************** 
2026-07-25 17:03:20,948 - root - INFO - save_dir: SynIB_RMask_U_REFABL_cremad_fold2_l1.0_ir0.5_perturbrandom_fillema_pmin0.20_refuniform.pth.tar
2026-07-25 17:03:21,071 - Cuda Statistics - INFO - __Python VERSION:  3.12.12 | packaged by Anaconda, Inc. | (main, Oct 21 2025, 20:16:04) [GCC 11.2.0]
2026-07-25 17:03:21,071 - Cuda Statistics - INFO - __pyTorch VERSION:  2.7.1+cu118
2026-07-25 17:03:21,071 - Cuda Statistics - INFO - __CUDA VERSION
2026-07-25 17:03:21,081 - Cuda Statistics - INFO - __CUDNN VERSION:  90100
2026-07-25 17:03:21,124 - Cuda Statistics - INFO - __Number CUDA Devices:  1
2026-07-25 17:03:21,124 - Cuda Statistics - INFO - __Devices
2026-07-25 17:03:21,124 - Cuda Statistics - INFO - index, name, driver_version, memory.total [MiB], memory.used [MiB], memory.free [MiB]
2026-07-25 17:03:21,124 - Cuda Statistics - INFO - 0, NVIDIA GeForce RTX 4090, 610.43.03, 24564 MiB, 1194 MiB, 22916 MiB
2026-07-25 17:03:21,129 - Cuda Statistics - INFO - Active CUDA Device: GPU 0
2026-07-25 17:03:21,129 - Cuda Statistics - INFO - Available devices  1
2026-07-25 17:03:21,129 - Cuda Statistics - INFO - Current cuda device  0
2026-07-25 17:03:23,159 - IronyCremadDataset - INFO - Loaded wav norm from ./src/synib/mydatasets/Irony_Cremad/assets/norms/wav_norm_22050_fold2.pkl
2026-07-25 17:03:23,641 - IronyCremadDataset - INFO - Loaded wav norm from ./src/synib/mydatasets/Irony_Cremad/assets/norms/wav_norm_22050_fold2.pkl
2026-07-25 17:03:24,141 - IronyCremadDataset - INFO - Loaded wav norm from ./src/synib/mydatasets/Irony_Cremad/assets/norms/wav_norm_22050_fold2.pkl
2026-07-25 17:03:24,155 - Agent - INFO - Device: cuda:0
2026-07-25 17:03:24,155 - Agent - INFO - Total training batches: 32, validate every 25 batches, steps per epoch: 2
2026-07-25 17:03:24,312 - Agent - INFO - Loss Weights are {'total': 1, 'combined': 1, 'c': 1, 'g': 1}
2026-07-25 17:03:24,312 - root - INFO - There is no CEU for train
2026-07-25 17:03:24,313 - root - INFO - There is no CEU for val
2026-07-25 17:03:24,314 - root - INFO - There is no CEU for test
{'d_model': 512, 'num_classes': 7, 'fc_inner': 64, 'dropout': 0.1, 'freeze_encoder': False}
2026-07-25 17:03:25,590 - root - INFO - Loading enc best model state dict from ./data/data/2025_data/synergy/CremadPlus/v2/unimodal_audio_fold2_ir0.5_lr0.001_wd0.0001_clsmlp_bs64.pth.tar
2026-07-25 17:03:27,445 - root - INFO - Loading enc best model state dict from ./data/data/2025_data/synergy/CremadPlus/v2/unimodal_video_fold2_ir0.5_lr0.0001_wd0.0001_clsmlp_bs64.pth.tar
2026-07-25 17:03:27,681 - Agent - INFO - Total number of trainable parameters are: 44840497
2026-07-25 17:03:27,687 - Agent - INFO - Total number of trainable parameters are: 22486563
2026-07-25 17:04:32,461 - Evaluator - INFO - New best with loss-accuracy-
2026-07-25 17:04:32,461 - Agent - INFO - [37mVal Epoch 1 step 1 with [31mce_loss_combined : 1.722578 [31mce_loss_c : 1.514057 [31mce_loss_g : 2.051341 [31mkl_synergy_rand_1 : 0.025007 [31mkl_synergy_rand_2 : 0.027820 [31mkl_synergy_1 : 0.024982 [31mkl_synergy_2 : 0.028391 [31mtotal : 1.828778 [31mdiag_kl_1 : 0.996685 [31mdiag_kl_2 : 1.154350 [94mAcc_combined: 50.29 [94mAcc_c: 52.47 [94mAcc_g: 47.07 [92mF1_combined: 43.71 [92mF1_c: 47.32 [92mF1_g: 41.67 [39m
2026-07-25 17:04:32,475 - Agent - INFO - [37mTest Epoch 1 step 1 with [31mce_loss_combined : 1.734576 [31mce_loss_c : 1.393059 [31mce_loss_g : 2.037004 [31mkl_synergy_rand_1 : 0.025271 [31mkl_synergy_rand_2 : 0.028188 [31mkl_synergy_1 : 0.024957 [31mkl_synergy_2 : 0.027788 [31mtotal : 1.840780 [31mdiag_kl_1 : 0.979784 [31mdiag_kl_2 : 1.094205 [94mAcc_combined: 50.32 [94mAcc_c: 54.93 [94mAcc_g: 43.58 [92mF1_combined: 43.80 [92mF1_c: 49.26 [92mF1_g: 41.05 [39m
2026-07-25 17:04:33,378 - Agent - INFO - [37mModel saved successfully at: ./data/data/2025_data/synergy/CremadPlus/v2/SynIB_RMask_U_REFABL_cremad_fold2_l1.0_ir0.5_perturbrandom_fillema_pmin0.20_refuniform.pth.tar[39m
2026-07-25 17:05:33,573 - Evaluator - INFO - New best with loss-accuracy-
2026-07-25 17:05:33,573 - Agent - INFO - [37mVal Epoch 2 step 2 with [31mce_loss_combined : 1.601477 [31mce_loss_c : 1.527780 [31mce_loss_g : 2.098801 [31mkl_synergy_rand_1 : 0.036597 [31mkl_synergy_rand_2 : 0.044453 [31mkl_synergy_1 : 0.038700 [31mkl_synergy_2 : 0.044604 [31mtotal : 1.765830 [31mdiag_kl_1 : 0.927572 [31mdiag_kl_2 : 1.038185 [94mAcc_combined: 59.84 [94mAcc_c: 51.67 [94mAcc_g: 47.18 [92mF1_combined: 52.92 [92mF1_c: 46.37 [92mF1_g: 41.81 [39m
2026-07-25 17:05:33,588 - Agent - INFO - [37mTest Epoch 2 step 2 with [31mce_loss_combined : 1.618142 [31mce_loss_c : 1.404438 [31mce_loss_g : 2.151662 [31mkl_synergy_rand_1 : 0.035280 [31mkl_synergy_rand_2 : 0.041417 [31mkl_synergy_1 : 0.035885 [31mkl_synergy_2 : 0.042243 [31mtotal : 1.772966 [31mdiag_kl_1 : 0.924465 [31mdiag_kl_2 : 0.983647 [94mAcc_combined: 60.17 [94mAcc_c: 53.21 [94mAcc_g: 42.40 [92mF1_combined: 53.13 [92mF1_c: 47.73 [92mF1_g: 39.82 [39m
2026-07-25 17:05:35,125 - Agent - INFO - [37mModel saved successfully at: ./data/data/2025_data/synergy/CremadPlus/v2/SynIB_RMask_U_REFABL_cremad_fold2_l1.0_ir0.5_perturbrandom_fillema_pmin0.20_refuniform.pth.tar[39m
2026-07-25 17:06:30,364 - Evaluator - INFO - New best with loss-accuracy-
2026-07-25 17:06:30,364 - Agent - INFO - [37mVal Epoch 3 step 3 with [31mce_loss_combined : 1.522867 [31mce_loss_c : 1.507627 [31mce_loss_g : 2.095620 [31mkl_synergy_rand_1 : 0.050869 [31mkl_synergy_rand_2 : 0.061531 [31mkl_synergy_1 : 0.054103 [31mkl_synergy_2 : 0.062347 [31mtotal : 1.751717 [31mdiag_kl_1 : 0.881267 [31mdiag_kl_2 : 0.970717 [94mAcc_combined: 60.53 [94mAcc_c: 52.13 [94mAcc_g: 46.95 [92mF1_combined: 53.67 [92mF1_c: 46.64 [92mF1_g: 42.80 [39m
2026-07-25 17:06:30,378 - Agent - INFO - [37mTest Epoch 3 step 3 with [31mce_loss_combined : 1.547098 [31mce_loss_c : 1.424379 [31mce_loss_g : 2.090888 [31mkl_synergy_rand_1 : 0.049251 [31mkl_synergy_rand_2 : 0.057526 [31mkl_synergy_1 : 0.049589 [31mkl_synergy_2 : 0.058864 [31mtotal : 1.762329 [31mdiag_kl_1 : 0.880204 [31mdiag_kl_2 : 0.912524 [94mAcc_combined: 61.46 [94mAcc_c: 52.36 [94mAcc_g: 43.04 [92mF1_combined: 54.96 [92mF1_c: 47.17 [92mF1_g: 41.08 [39m
2026-07-25 17:06:32,009 - Agent - INFO - [37mModel saved successfully at: ./data/data/2025_data/synergy/CremadPlus/v2/SynIB_RMask_U_REFABL_cremad_fold2_l1.0_ir0.5_perturbrandom_fillema_pmin0.20_refuniform.pth.tar[39m
2026-07-25 17:07:35,142 - Evaluator - INFO - New best with loss-accuracy-
2026-07-25 17:07:35,143 - Agent - INFO - [37mVal Epoch 4 step 4 with [31mce_loss_combined : 1.486184 [31mce_loss_c : 1.508183 [31mce_loss_g : 1.931766 [31mkl_synergy_rand_1 : 0.060051 [31mkl_synergy_rand_2 : 0.070298 [31mkl_synergy_1 : 0.061887 [31mkl_synergy_2 : 0.073117 [31mtotal : 1.751537 [31mdiag_kl_1 : 0.850360 [31mdiag_kl_2 : 0.927532 [94mAcc_combined: 62.83 [94mAcc_c: 52.47 [94mAcc_g: 44.07 [92mF1_combined: 56.01 [92mF1_c: 46.96 [92mF1_g: 40.80 [39m
2026-07-25 17:07:35,157 - Agent - INFO - [37mTest Epoch 4 step 4 with [31mce_loss_combined : 1.501307 [31mce_loss_c : 1.422933 [31mce_loss_g : 2.024452 [31mkl_synergy_rand_1 : 0.057657 [31mkl_synergy_rand_2 : 0.066286 [31mkl_synergy_1 : 0.058432 [31mkl_synergy_2 : 0.067405 [31mtotal : 1.751086 [31mdiag_kl_1 : 0.840705 [31mdiag_kl_2 : 0.881716 [94mAcc_combined: 62.63 [94mAcc_c: 52.46 [94mAcc_g: 43.58 [92mF1_combined: 56.22 [92mF1_c: 47.49 [92mF1_g: 42.19 [39m
2026-07-25 17:07:36,998 - Agent - INFO - [37mModel saved successfully at: ./data/data/2025_data/synergy/CremadPlus/v2/SynIB_RMask_U_REFABL_cremad_fold2_l1.0_ir0.5_perturbrandom_fillema_pmin0.20_refuniform.pth.tar[39m
2026-07-25 17:08:30,744 - Evaluator - INFO - New best with loss-accuracy-
2026-07-25 17:08:30,744 - Agent - INFO - [37mVal Epoch 5 step 5 with [31mce_loss_combined : 1.464083 [31mce_loss_c : 1.486873 [31mce_loss_g : 1.906424 [31mkl_synergy_rand_1 : 0.065573 [31mkl_synergy_rand_2 : 0.076192 [31mkl_synergy_1 : 0.069010 [31mkl_synergy_2 : 0.080359 [31mtotal : 1.755216 [31mdiag_kl_1 : 0.835465 [31mdiag_kl_2 : 0.910250 [94mAcc_combined: 63.52 [94mAcc_c: 52.24 [94mAcc_g: 42.69 [92mF1_combined: 56.93 [92mF1_c: 46.80 [92mF1_g: 40.01 [39m
2026-07-25 17:08:30,759 - Agent - INFO - [37mTest Epoch 5 step 5 with [31mce_loss_combined : 1.487484 [31mce_loss_c : 1.415197 [31mce_loss_g : 1.940476 [31mkl_synergy_rand_1 : 0.060060 [31mkl_synergy_rand_2 : 0.069924 [31mkl_synergy_1 : 0.061450 [31mkl_synergy_2 : 0.072416 [31mtotal : 1.751334 [31mdiag_kl_1 : 0.841394 [31mdiag_kl_2 : 0.863798 [94mAcc_combined: 62.85 [94mAcc_c: 53.21 [94mAcc_g: 44.00 [92mF1_combined: 57.14 [92mF1_c: 48.40 [92mF1_g: 42.44 [39m
2026-07-25 17:08:32,336 - Agent - INFO - [37mModel saved successfully at: ./data/data/2025_data/synergy/CremadPlus/v2/SynIB_RMask_U_REFABL_cremad_fold2_l1.0_ir0.5_perturbrandom_fillema_pmin0.20_refuniform.pth.tar[39m
2026-07-25 17:09:39,050 - Evaluator - INFO - New best with loss-
2026-07-25 17:09:39,050 - Agent - INFO - [37mVal Epoch 6 step 6 with [31mce_loss_combined : 1.461744 [31mce_loss_c : 1.487164 [31mce_loss_g : 1.850901 [31mkl_synergy_rand_1 : 0.067469 [31mkl_synergy_rand_2 : 0.078764 [31mkl_synergy_1 : 0.071122 [31mkl_synergy_2 : 0.083403 [31mtotal : 1.762502 [31mdiag_kl_1 : 0.842088 [31mdiag_kl_2 : 0.924285 [94mAcc_combined: 63.52 [94mAcc_c: 51.55 [94mAcc_g: 46.26 [92mF1_combined: 57.94 [92mF1_c: 46.14 [92mF1_g: 42.43 [39m
2026-07-25 17:09:39,065 - Agent - INFO - [37mTest Epoch 6 step 6 with [31mce_loss_combined : 1.495733 [31mce_loss_c : 1.412466 [31mce_loss_g : 1.907701 [31mkl_synergy_rand_1 : 0.060630 [31mkl_synergy_rand_2 : 0.072368 [31mkl_synergy_1 : 0.061758 [31mkl_synergy_2 : 0.075276 [31mtotal : 1.765765 [31mdiag_kl_1 : 0.861106 [31mdiag_kl_2 : 0.870143 [94mAcc_combined: 61.46 [94mAcc_c: 52.25 [94mAcc_g: 44.43 [92mF1_combined: 56.26 [92mF1_c: 47.65 [92mF1_g: 41.74 [39m
2026-07-25 17:09:41,050 - Agent - INFO - [37mModel saved successfully at: ./data/data/2025_data/synergy/CremadPlus/v2/SynIB_RMask_U_REFABL_cremad_fold2_l1.0_ir0.5_perturbrandom_fillema_pmin0.20_refuniform.pth.tar[39m
