Starting SynIB reference-ablation job
Python 3.10.19
/esat/smcdata/users/kkontras/Image_Dataset/no_backup/git/SynIB  (git cb39a55)
GPU 0: NVIDIA GeForce RTX 3080 Ti (UUID: GPU-2d5395f5-1e2d-a59b-ed83-f672b78d7137)
Executing: PYTHONPATH=src /esat/smcdata/users/kkontras/Image_Dataset/no_backup/envs/synergy_new/bin/python -m synib.entrypoints.train --config run/configs/rebuttal_ref_ablation/mosi_synib_u.json --default_config run/configs/rebuttal_ref_ablation/mosi_default.json --fold 1 --rmask random --l 0.1 --perturb_pmin 0.3 --perturb_fill ema --lr 0.0005 --wd 0.001 --batch_size 32 --reference_type uniform --ref_diag --start_over --tag REFABL_mosi
Namespace(config='run/configs/rebuttal_ref_ablation/mosi_synib_u.json', default_config='run/configs/rebuttal_ref_ablation/mosi_default.json', fold='1', alpha=None, tanh_mode_beta=None, regby=None, batch_size='32', l='0.1', multil=None, lib=None, kmepoch=None, num_samples=None, contrcoeff=None, contr_type=None, shuffle_type=None, validate_with=None, num_classes=None, optim_method=None, ending_epoch=None, load_ongoing=None, recon_weight1=None, recon_weight2=None, recon_epochstages=None, recon_ensemblestages=None, lr='0.0005', wd='0.001', cls=None, ironic_rate=None, perturb='random', perturb_fill='ema', perturb_pmax=None, perturb_pmin='0.3', perturb_lsparse=None, rmask='random', pmin=None, pmax=None, lsparse=None, debug_mask_stats=False, pre=False, frozen=False, tdqm_disable=False, start_over=True, no_model_save=False, num_layers=None, grad_accum=None, init_from=None, init_strict=False, perturb_lsparse_sign=None, l_anneal_epochs=None, perturb_steps=None, perturb_lsparse_warmup=None, perturb_lsparse_schedule=None, persist_ell=False, save_masks=False, penalty_swap=False, disable_ce_random=False, disable_kl_learned=False, masking_only=False, modality_dropout=None, modality_dropout_target=None, l_z1_masked=None, l_z2_masked=None, l_pareto=None, reference_type='uniform', ref_diag=True, ref_ema_decay=None, tag='REFABL_mosi')
2026-07-25 15:53:43,516 - Config - INFO - run/configs/rebuttal_ref_ablation/mosi_synib_u.json
2026-07-25 15:53:43,520 - Config - INFO -  THE Configuration of your experiment ..
{'agent': 'Agent',
 'dataset': {'data_roots': './src/synib/mydatasets/Factor_CL_Datasets/prepared/mosi/mosi_data.pkl',
             'data_type': 'mosi',
             'dataloader_class': 'FactorCL_Dataloader',
             'kfold_data_roots': './src/synib/mydatasets/Factor_CL_Datasets/prepared/mosi/mosi_synergy3.pkl'},
 'early_stopping': {'end_of_epoch_check': True,
                    'log_interval': 10,
                    'max_epoch': 100,
                    'n_steps_stop': 30,
                    'n_steps_stop_after': 0,
                    'save_every_step': 3000,
                    'save_every_valstep': 50,
                    'validate_after': 0,
                    'validate_every': 185},
 'exp_name': 'Mosi Experiment',
 'model': {'args': {'bias_infusion': {'l': 0.1, 'method': False},
                    'clip_grad': False,
                    'cls_type': 'mlp',
                    'd_model': 40,
                    'dropout': 0.1,
                    'fc_inner': 64,
                    'hidden_dim': 64,
                    'in_dim': 64,
                    'multi_loss': {'multi_supervised_w': {'c': 1,
                                                          'combined': 1,
                                                          'g': 1}},
                    'norm_decision': False,
                    'num_classes': 2,
                    'synergy_type': 'unimodal_anchor'},
           'ceu': {'test': './artifacts/ceus/mosi/mosi_ceu_test.pkl',
                   'val': './artifacts/ceus/mosi/mosi_ceu_val.pkl'},
           'encoders': [{'args': {'freeze_encoder': False,
                                  'hidden_size': 40,
                                  'modality': 'c',
                                  'n_features': 20,
                                  'num_classes': 2},
                         'model': 'FactorCL_Uni',
                         'pretrainedEncoder': {'dir': 'unimodal_video_fold{}_vldaccuracy_lr0.0005_wd0.00001.pth.tar',
                                               'use': True}},
                        {'args': {'freeze_encoder': False,
                                  'hidden_size': 40,
                                  'modality': 'g',
                                  'n_features': 300,
                                  'num_classes': 2},
                         'model': 'FactorCL_Uni',
                         'pretrainedEncoder': {'dir': 'unimodal_text_fold{}_vldaccuracy_lr0.0005_wd0.0001.pth.tar',
                                               'use': True}},
                        {'args': {'d_model': 40,
                                  'dropout': 0.1,
                                  'fc_inner': 64,
                                  'freeze_encoder': False},
                         'model': 'FusionTrunkLinear',
                         'name': 'enc_2_fusion_trunk',
                         'pretrainedEncoder': {'dir': 'enc_2_fusion_trunk_fold{}.pth.tar',
                                               'use': False},
                         'save_encoder': False},
                        {'args': {'freeze_encoder': False,
                                  'in_dim': 64,
                                  'num_classes': 2},
                         'model': 'LinearHead',
                         'name': 'enc_3_fusion_head',
                         'pretrainedEncoder': {'dir': 'enc_3_fusion_head_fold{}.pth.tar',
                                               'use': False},
                         'save_encoder': False}],
           'load_ongoing': False,
           'model_class': 'FusionIBModel_Mask_U',
           'save_base_dir': './artifacts/models/multibench/mosi/vt',
           'save_dir': 'SynIB_RMask_U_fold{}.pth.tar'},
 'optimizer': {'beta1': 0.9,
               'beta2': 0.999,
               'learning_rate': 0.0001,
               'momentum': 0.9,
               'type': 'Adam',
               'weight_decay': 0.0001},
 'scheduler': {'max_lr': 0.03, 'type': 'cosanneal', 'warm_up_steps': 780},
 'task': 'classification',
 'training_params': {'adversarial_training': {'adv_epsilon': 0.01,
                                              'use': False},
                     'async_loading': True,
                     'batch_size': 32,
                     'cuda': True,
                     'data_loader_workers': 8,
                     'gpu_device': [0],
                     'pin_memory': True,
                     'rec_test': True,
                     'res': True,
                     'seed': 109,
                     'tdqm_disable': False,
                     'test_batch_size': 32,
                     'test_on_bottoms': False,
                     'use_test_set': True,
                     'validation': True,
                     'verbose': True,
                     'wandb_disable': True}}
2026-07-25 15:53:43,522 - Config - INFO -  *************************************** 
2026-07-25 15:53:43,522 - Config - INFO - The experiment name is Mosi Experiment
2026-07-25 15:53:43,522 - Config - INFO -  *************************************** 
2026-07-25 15:53:43,522 - root - INFO - save_dir: SynIB_RMask_U_foldREFABL_mosi_fold1_l0.1_perturbrandom_fillema_pmin0.3_refuniform_lr0.0005_wd0.001_bs32.pth.tar
2026-07-25 15:53:43,647 - Cuda Statistics - INFO - __Python VERSION:  3.10.19 (main, Oct 21 2025, 16:43:05) [GCC 11.2.0]
2026-07-25 15:53:43,647 - Cuda Statistics - INFO - __pyTorch VERSION:  2.9.1+cu128
2026-07-25 15:53:43,647 - Cuda Statistics - INFO - __CUDA VERSION
2026-07-25 15:53:43,703 - Cuda Statistics - INFO - __CUDNN VERSION:  91002
2026-07-25 15:53:43,730 - Cuda Statistics - INFO - __Number CUDA Devices:  1
2026-07-25 15:53:43,730 - Cuda Statistics - INFO - __Devices
2026-07-25 15:53:43,730 - Cuda Statistics - INFO - index, name, driver_version, memory.total [MiB], memory.used [MiB], memory.free [MiB]
2026-07-25 15:53:43,730 - Cuda Statistics - INFO - 0, NVIDIA GeForce RTX 3080 Ti, 610.43.03, 12288 MiB, 4 MiB, 11907 MiB
2026-07-25 15:53:43,735 - Cuda Statistics - INFO - Active CUDA Device: GPU 0
2026-07-25 15:53:43,735 - Cuda Statistics - INFO - Available devices  1
2026-07-25 15:53:43,735 - Cuda Statistics - INFO - Current cuda device  0
2026-07-25 15:53:45,980 - Agent - INFO - Device: cuda:0
2026-07-25 15:53:45,980 - Agent - INFO - Total training batches: 41, validate every 185 batches, steps per epoch: 1
2026-07-25 15:53:46,085 - Agent - INFO - Loss Weights are {'total': 1, 'combined': 1, 'c': 1, 'g': 1}
2026-07-25 15:53:46,085 - root - INFO - There is no CEU for train
2026-07-25 15:53:46,476 - root - INFO - Loading enc best model state dict from ./artifacts/models/multibench/mosi/vt/unimodal_video_fold1_vldaccuracy_lr0.0005_wd0.00001.pth.tar
2026-07-25 15:53:46,862 - root - INFO - Loading enc best model state dict from ./artifacts/models/multibench/mosi/vt/unimodal_text_fold1_vldaccuracy_lr0.0005_wd0.0001.pth.tar
2026-07-25 15:53:47,276 - Agent - INFO - Total number of trainable parameters are: 3492782
2026-07-25 15:53:47,282 - Agent - INFO - Total number of trainable parameters are: 1753338
2026-07-25 15:54:03,483 - Evaluator - INFO - New best with loss-accuracy-
2026-07-25 15:54:03,483 - Agent - INFO - [37mVal Epoch 1 step 1 with [31mce_loss_combined : 0.467792 [31mce_loss_c : 0.772903 [31mce_loss_g : 0.436137 [31mkl_synergy_rand_1 : 0.016501 [31mkl_synergy_rand_2 : 0.022397 [31mkl_synergy_1 : 0.017672 [31mkl_synergy_2 : 0.023282 [31mtotal : 0.547644 [31mdiag_kl_1 : 0.166120 [31mdiag_kl_2 : 0.087236 [94mAcc_combined: 77.07 [94mAcc_c: 51.97 [94mAcc_g: 79.91 [92mF1_combined: 76.82 [92mF1_c: 62.33 [92mF1_g: 79.46 [95mCEU_cue_audio: 0.3337 [95mCEU_cue_video: 0.9066 [95mCEU_synergy: 0.0000 [95mCEU_coexistence: 0.9363 [97mS:[93m0.0%[97m([91m0.0c[97m-[94mF1:0.0%) [97mU1:[93m33.3%[97m([91m3.1c[97m) [97mU2:[93m90.7%[97m([91m29.7c[97m) [97mR:[93m93.6%[97m([91m45.0c[97m) [97mS-L: None[39m [39m
2026-07-25 15:54:03,508 - Agent - INFO - [37mTest Epoch 1 step 1 with [31mce_loss_combined : 0.534508 [31mce_loss_c : 0.773095 [31mce_loss_g : 0.548114 [31mkl_synergy_rand_1 : 0.014344 [31mkl_synergy_rand_2 : 0.019561 [31mkl_synergy_1 : 0.015520 [31mkl_synergy_2 : 0.020248 [31mtotal : 0.604181 [31mdiag_kl_1 : 0.169672 [31mdiag_kl_2 : 0.098572 [94mAcc_combined: 73.54 [94mAcc_c: 49.13 [94mAcc_g: 75.00 [92mF1_combined: 73.41 [92mF1_c: 62.31 [92mF1_g: 74.42 [95mCEU_cue_audio: 0.1997 [95mCEU_cue_video: 0.8455 [95mCEU_synergy: 0.0560 [95mCEU_coexistence: 0.9657 [97mS:[93m5.6%[97m([91m0.6c[97m-[94mF1:5.6%) [97mU1:[93m20.0%[97m([91m2.6c[97m) [97mU2:[93m84.5%[97m([91m28.7c[97m) [97mR:[93m96.6%[97m([91m41.1c[97m) [97mS-L: [92m0:[96m8% [92m1:[96m3%[39m [39m
2026-07-25 15:54:03,823 - Agent - INFO - [37mModel saved successfully at: ./artifacts/models/multibench/mosi/vt/SynIB_RMask_U_foldREFABL_mosi_fold1_l0.1_perturbrandom_fillema_pmin0.3_refuniform_lr0.0005_wd0.001_bs32.pth.tar[39m
2026-07-25 15:54:10,149 - Evaluator - INFO - New best with accuracy-
2026-07-25 15:54:10,149 - Agent - INFO - [37mVal Epoch 2 step 2 with [31mce_loss_combined : 0.481623 [31mce_loss_c : 0.808808 [31mce_loss_g : 0.491129 [31mkl_synergy_rand_1 : 0.016290 [31mkl_synergy_rand_2 : 0.021106 [31mkl_synergy_1 : 0.017433 [31mkl_synergy_2 : 0.021976 [31mtotal : 0.558429 [31mdiag_kl_1 : 0.160707 [31mdiag_kl_2 : 0.102013 [94mAcc_combined: 77.51 [94mAcc_c: 55.24 [94mAcc_g: 76.86 [92mF1_combined: 77.46 [92mF1_c: 62.79 [92mF1_g: 76.65 [95mCEU_cue_audio: 0.2377 [95mCEU_cue_video: 0.9066 [95mCEU_synergy: 0.0000 [95mCEU_coexistence: 0.9455 [97mS:[93m0.0%[97m([91m0.0c[97m-[94mF1:0.0%) [97mU1:[93m23.8%[97m([91m2.2c[97m) [97mU2:[93m90.7%[97m([91m29.7c[97m) [97mR:[93m94.5%[97m([91m45.4c[97m) [97mS-L: None[39m [39m
2026-07-25 15:54:10,186 - Agent - INFO - [37mTest Epoch 2 step 2 with [31mce_loss_combined : 0.558506 [31mce_loss_c : 0.860491 [31mce_loss_g : 0.603106 [31mkl_synergy_rand_1 : 0.013351 [31mkl_synergy_rand_2 : 0.018487 [31mkl_synergy_1 : 0.015285 [31mkl_synergy_2 : 0.019000 [31mtotal : 0.624629 [31mdiag_kl_1 : 0.164527 [31mdiag_kl_2 : 0.113197 [94mAcc_combined: 72.96 [94mAcc_c: 48.83 [94mAcc_g: 74.42 [92mF1_combined: 73.02 [92mF1_c: 60.11 [92mF1_g: 74.17 [95mCEU_cue_audio: 0.1997 [95mCEU_cue_video: 0.8455 [95mCEU_synergy: 0.0560 [95mCEU_coexistence: 0.9624 [97mS:[93m5.6%[97m([91m0.6c[97m-[94mF1:5.6%) [97mU1:[93m20.0%[97m([91m2.6c[97m) [97mU2:[93m84.5%[97m([91m28.7c[97m) [97mR:[93m96.2%[97m([91m41.0c[97m) [97mS-L: [92m0:[96m5% [92m1:[96m6%[39m [39m
2026-07-25 15:54:10,677 - Agent - INFO - [37mModel saved successfully at: ./artifacts/models/multibench/mosi/vt/SynIB_RMask_U_foldREFABL_mosi_fold1_l0.1_perturbrandom_fillema_pmin0.3_refuniform_lr0.0005_wd0.001_bs32.pth.tar[39m
2026-07-25 15:54:17,024 - Evaluator - INFO - New best with syn_accuracy-
2026-07-25 15:54:17,024 - Agent - INFO - [37mVal Epoch 3 step 3 with [31mce_loss_combined : 0.511537 [31mce_loss_c : 0.810879 [31mce_loss_g : 0.559373 [31mkl_synergy_rand_1 : 0.018830 [31mkl_synergy_rand_2 : 0.024491 [31mkl_synergy_1 : 0.020603 [31mkl_synergy_2 : 0.024830 [31mtotal : 0.600291 [31mdiag_kl_1 : 0.158336 [31mdiag_kl_2 : 0.124637 [94mAcc_combined: 74.24 [94mAcc_c: 50.87 [94mAcc_g: 75.76 [92mF1_combined: 74.24 [92mF1_c: 63.18 [92mF1_g: 75.60 [95mCEU_cue_audio: 0.2377 [95mCEU_cue_video: 0.8666 [95mCEU_synergy: 0.0438 [95mCEU_coexistence: 0.9001 [97mS:[93m4.3%[97m([91m0.4c[97m-[94mF1:4.2%) [97mU1:[93m23.8%[97m([91m2.2c[97m) [97mU2:[93m86.7%[97m([91m28.4c[97m) [97mR:[93m90.0%[97m([91m43.2c[97m) [97mS-L: [92m0:[96m7%[39m [39m
2026-07-25 15:54:17,040 - Agent - INFO - [37mTest Epoch 3 step 3 with [31mce_loss_combined : 0.575673 [31mce_loss_c : 0.777819 [31mce_loss_g : 0.682425 [31mkl_synergy_rand_1 : 0.017408 [31mkl_synergy_rand_2 : 0.024382 [31mkl_synergy_1 : 0.019152 [31mkl_synergy_2 : 0.024375 [31mtotal : 0.660990 [31mdiag_kl_1 : 0.210646 [31mdiag_kl_2 : 0.120206 [94mAcc_combined: 74.42 [94mAcc_c: 50.07 [94mAcc_g: 74.42 [92mF1_combined: 74.36 [92mF1_c: 64.71 [92mF1_g: 74.40 [95mCEU_cue_audio: 0.2332 [95mCEU_cue_video: 0.8840 [95mCEU_synergy: 0.1130 [95mCEU_coexistence: 0.9453 [97mS:[93m11.3%[97m([91m1.2c[97m-[94mF1:11.3%) [97mU1:[93m23.3%[97m([91m3.1c[97m) [97mU2:[93m88.4%[97m([91m30.0c[97m) [97mR:[93m94.5%[97m([91m40.2c[97m) [97mS-L: [92m0:[96m11% [92m1:[96m12%[39m [39m
2026-07-25 15:54:17,677 - Agent - INFO - [37mModel saved successfully at: ./artifacts/models/multibench/mosi/vt/SynIB_RMask_U_foldREFABL_mosi_fold1_l0.1_perturbrandom_fillema_pmin0.3_refuniform_lr0.0005_wd0.001_bs32.pth.tar[39m
2026-07-25 15:54:24,231 - Agent - INFO - [37mVal Epoch 4 step 4 with [31mce_loss_combined : 0.489126 [31mce_loss_c : 0.827959 [31mce_loss_g : 0.497300 [31mkl_synergy_rand_1 : 0.016283 [31mkl_synergy_rand_2 : 0.020867 [31mkl_synergy_1 : 0.017138 [31mkl_synergy_2 : 0.020818 [31mtotal : 0.564231 [31mdiag_kl_1 : 0.154835 [31mdiag_kl_2 : 0.122300 [94mAcc_combined: 75.33 [94mAcc_c: 51.31 [94mAcc_g: 78.17 [92mF1_combined: 74.02 [92mF1_c: 62.52 [92mF1_g: 78.17 [95mCEU_cue_audio: 0.2857 [95mCEU_cue_video: 0.9200 [95mCEU_synergy: 0.0438 [95mCEU_coexistence: 0.9273 [97mS:[93m4.3%[97m([91m0.4c[97m-[94mF1:4.2%) [97mU1:[93m28.6%[97m([91m2.6c[97m) [97mU2:[93m92.0%[97m([91m30.1c[97m) [97mR:[93m92.7%[97m([91m44.5c[97m) [97mS-L: [92m1:[96m11%[39m [39m
2026-07-25 15:54:30,648 - Evaluator - INFO - New best with syn_accuracy-
2026-07-25 15:54:30,648 - Agent - INFO - [37mVal Epoch 5 step 5 with [31mce_loss_combined : 0.499981 [31mce_loss_c : 0.789714 [31mce_loss_g : 0.530963 [31mkl_synergy_rand_1 : 0.018655 [31mkl_synergy_rand_2 : 0.024748 [31mkl_synergy_1 : 0.020679 [31mkl_synergy_2 : 0.025140 [31mtotal : 0.589202 [31mdiag_kl_1 : 0.175605 [31mdiag_kl_2 : 0.111942 [94mAcc_combined: 76.42 [94mAcc_c: 51.75 [94mAcc_g: 76.64 [92mF1_combined: 76.52 [92mF1_c: 62.98 [92mF1_g: 76.89 [95mCEU_cue_audio: 0.2377 [95mCEU_cue_video: 0.9066 [95mCEU_synergy: 0.0867 [95mCEU_coexistence: 0.9090 [97mS:[93m8.7%[97m([91m0.9c[97m-[94mF1:8.7%) [97mU1:[93m23.8%[97m([91m2.2c[97m) [97mU2:[93m90.7%[97m([91m29.7c[97m) [97mR:[93m90.9%[97m([91m43.7c[97m) [97mS-L: [92m0:[96m7% [92m1:[96m11%[39m [39m
2026-07-25 15:54:30,698 - Agent - INFO - [37mTest Epoch 5 step 5 with [31mce_loss_combined : 0.590348 [31mce_loss_c : 0.848619 [31mce_loss_g : 0.689090 [31mkl_synergy_rand_1 : 0.016303 [31mkl_synergy_rand_2 : 0.022652 [31mkl_synergy_1 : 0.017758 [31mkl_synergy_2 : 0.022658 [31mtotal : 0.669718 [31mdiag_kl_1 : 0.189988 [31mdiag_kl_2 : 0.129463 [94mAcc_combined: 74.13 [94mAcc_c: 49.78 [94mAcc_g: 73.91 [92mF1_combined: 74.07 [92mF1_c: 61.62 [92mF1_g: 73.98 [95mCEU_cue_audio: 0.2226 [95mCEU_cue_video: 0.8713 [95mCEU_synergy: 0.1130 [95mCEU_coexistence: 0.9486 [97mS:[93m11.3%[97m([91m1.2c[97m-[94mF1:11.2%) [97mU1:[93m22.2%[97m([91m2.9c[97m) [97mU2:[93m87.1%[97m([91m29.6c[97m) [97mR:[93m94.9%[97m([91m40.4c[97m) [97mS-L: [92m0:[96m8% [92m1:[96m15%[39m [39m
2026-07-25 15:54:31,345 - Agent - INFO - [37mModel saved successfully at: ./artifacts/models/multibench/mosi/vt/SynIB_RMask_U_foldREFABL_mosi_fold1_l0.1_perturbrandom_fillema_pmin0.3_refuniform_lr0.0005_wd0.001_bs32.pth.tar[39m
2026-07-25 15:54:37,727 - Evaluator - INFO - New best with loss-accuracy-syn_accuracy-
2026-07-25 15:54:37,727 - Agent - INFO - [37mVal Epoch 6 step 6 with [31mce_loss_combined : 0.454113 [31mce_loss_c : 0.724966 [31mce_loss_g : 0.495318 [31mkl_synergy_rand_1 : 0.019240 [31mkl_synergy_rand_2 : 0.026517 [31mkl_synergy_1 : 0.019264 [31mkl_synergy_2 : 0.026406 [31mtotal : 0.545539 [31mdiag_kl_1 : 0.214022 [31mdiag_kl_2 : 0.093145 [94mAcc_combined: 79.48 [94mAcc_c: 49.78 [94mAcc_g: 79.48 [92mF1_combined: 79.39 [92mF1_c: 66.28 [92mF1_g: 79.48 [95mCEU_cue_audio: 0.2857 [95mCEU_cue_video: 0.9200 [95mCEU_synergy: 0.1305 [95mCEU_coexistence: 0.9455 [97mS:[93m13.0%[97m([91m1.3c[97m-[94mF1:12.9%) [97mU1:[93m28.6%[97m([91m2.6c[97m) [97mU2:[93m92.0%[97m([91m30.1c[97m) [97mR:[93m94.5%[97m([91m45.4c[97m) [97mS-L: [92m0:[96m7% [92m1:[96m22%[39m [39m
2026-07-25 15:54:37,769 - Agent - INFO - [37mTest Epoch 6 step 6 with [31mce_loss_combined : 0.566447 [31mce_loss_c : 0.752332 [31mce_loss_g : 0.668124 [31mkl_synergy_rand_1 : 0.017487 [31mkl_synergy_rand_2 : 0.024769 [31mkl_synergy_1 : 0.017375 [31mkl_synergy_2 : 0.024300 [31mtotal : 0.650378 [31mdiag_kl_1 : 0.230956 [31mdiag_kl_2 : 0.114445 [94mAcc_combined: 73.54 [94mAcc_c: 50.51 [94mAcc_g: 73.83 [92mF1_combined: 73.41 [92mF1_c: 66.30 [92mF1_g: 73.81 [95mCEU_cue_audio: 0.1997 [95mCEU_cue_video: 0.8540 [95mCEU_synergy: 0.1130 [95mCEU_coexistence: 0.9554 [97mS:[93m11.3%[97m([91m1.2c[97m-[94mF1:11.3%) [97mU1:[93m20.0%[97m([91m2.6c[97m) [97mU2:[93m85.4%[97m([91m29.0c[97m) [97mR:[93m95.5%[97m([91m40.7c[97m) [97mS-L: [92m0:[96m11% [92m1:[96m12%[39m [39m
2026-07-25 15:54:38,168 - Agent - INFO - [37mModel saved successfully at: ./artifacts/models/multibench/mosi/vt/SynIB_RMask_U_foldREFABL_mosi_fold1_l0.1_perturbrandom_fillema_pmin0.3_refuniform_lr0.0005_wd0.001_bs32.pth.tar[39m
2026-07-25 15:54:44,576 - Agent - INFO - [37mVal Epoch 7 step 7 with [31mce_loss_combined : 0.496917 [31mce_loss_c : 0.790129 [31mce_loss_g : 0.532684 [31mkl_synergy_rand_1 : 0.018139 [31mkl_synergy_rand_2 : 0.023536 [31mkl_synergy_1 : 0.017524 [31mkl_synergy_2 : 0.023687 [31mtotal : 0.579803 [31mdiag_kl_1 : 0.208207 [31mdiag_kl_2 : 0.129342 [94mAcc_combined: 76.86 [94mAcc_c: 50.44 [94mAcc_g: 78.38 [92mF1_combined: 76.96 [92mF1_c: 63.91 [92mF1_g: 78.34 [95mCEU_cue_audio: 0.2377 [95mCEU_cue_video: 0.8800 [95mCEU_synergy: 0.1305 [95mCEU_coexistence: 0.9273 [97mS:[93m13.0%[97m([91m1.3c[97m-[94mF1:12.9%) [97mU1:[93m23.8%[97m([91m2.2c[97m) [97mU2:[93m88.0%[97m([91m28.8c[97m) [97mR:[93m92.7%[97m([91m44.5c[97m) [97mS-L: [92m0:[96m7% [92m1:[96m22%[39m [39m
2026-07-25 15:54:51,074 - Agent - INFO - [37mVal Epoch 8 step 8 with [31mce_loss_combined : 0.495429 [31mce_loss_c : 0.814943 [31mce_loss_g : 0.515306 [31mkl_synergy_rand_1 : 0.017410 [31mkl_synergy_rand_2 : 0.022135 [31mkl_synergy_1 : 0.015408 [31mkl_synergy_2 : 0.021576 [31mtotal : 0.571958 [31mdiag_kl_1 : 0.151919 [31mdiag_kl_2 : 0.127809 [94mAcc_combined: 77.73 [94mAcc_c: 49.13 [94mAcc_g: 77.95 [92mF1_combined: 77.73 [92mF1_c: 60.17 [92mF1_g: 78.00 [95mCEU_cue_audio: 0.2857 [95mCEU_cue_video: 0.8666 [95mCEU_synergy: 0.1305 [95mCEU_coexistence: 0.9546 [97mS:[93m13.0%[97m([91m1.3c[97m-[94mF1:12.9%) [97mU1:[93m28.6%[97m([91m2.6c[97m) [97mU2:[93m86.7%[97m([91m28.4c[97m) [97mR:[93m95.5%[97m([91m45.9c[97m) [97mS-L: [92m0:[96m7% [92m1:[96m22%[39m [39m
2026-07-25 15:54:57,485 - Agent - INFO - [37mVal Epoch 9 step 9 with [31mce_loss_combined : 0.494816 [31mce_loss_c : 0.790333 [31mce_loss_g : 0.552386 [31mkl_synergy_rand_1 : 0.020081 [31mkl_synergy_rand_2 : 0.025443 [31mkl_synergy_1 : 0.017490 [31mkl_synergy_2 : 0.025538 [31mtotal : 0.583369 [31mdiag_kl_1 : 0.157902 [31mdiag_kl_2 : 0.120959 [94mAcc_combined: 77.07 [94mAcc_c: 54.37 [94mAcc_g: 77.29 [92mF1_combined: 77.22 [92mF1_c: 63.78 [92mF1_g: 77.39 [95mCEU_cue_audio: 0.1908 [95mCEU_cue_video: 0.8666 [95mCEU_synergy: 0.0438 [95mCEU_coexistence: 0.9727 [97mS:[93m4.3%[97m([91m0.4c[97m-[94mF1:4.2%) [97mU1:[93m19.0%[97m([91m1.7c[97m) [97mU2:[93m86.7%[97m([91m28.4c[97m) [97mR:[93m97.3%[97m([91m46.7c[97m) [97mS-L: [92m0:[96m7%[39m [39m
2026-07-25 15:55:03,933 - Agent - INFO - [37mVal Epoch 10 step 10 with [31mce_loss_combined : 0.495840 [31mce_loss_c : 0.820840 [31mce_loss_g : 0.522449 [31mkl_synergy_rand_1 : 0.018779 [31mkl_synergy_rand_2 : 0.023344 [31mkl_synergy_1 : 0.017221 [31mkl_synergy_2 : 0.023699 [31mtotal : 0.578883 [31mdiag_kl_1 : 0.134312 [31mdiag_kl_2 : 0.138593 [94mAcc_combined: 72.71 [94mAcc_c: 52.40 [94mAcc_g: 76.64 [92mF1_combined: 72.04 [92mF1_c: 62.93 [92mF1_g: 76.59 [95mCEU_cue_audio: 0.4766 [95mCEU_cue_video: 0.6134 [95mCEU_synergy: 0.0438 [95mCEU_coexistence: 0.9636 [97mS:[93m4.3%[97m([91m0.4c[97m-[94mF1:4.2%) [97mU1:[93m47.6%[97m([91m4.4c[97m) [97mU2:[93m61.3%[97m([91m20.1c[97m) [97mR:[93m96.4%[97m([91m46.3c[97m) [97mS-L: [92m0:[96m7%[39m [39m
2026-07-25 15:55:10,394 - Agent - INFO - [37mVal Epoch 11 step 11 with [31mce_loss_combined : 0.486724 [31mce_loss_c : 0.773326 [31mce_loss_g : 0.535984 [31mkl_synergy_rand_1 : 0.021003 [31mkl_synergy_rand_2 : 0.025152 [31mkl_synergy_1 : 0.016517 [31mkl_synergy_2 : 0.024168 [31mtotal : 0.573564 [31mdiag_kl_1 : 0.179763 [31mdiag_kl_2 : 0.111398 [94mAcc_combined: 75.11 [94mAcc_c: 54.15 [94mAcc_g: 76.20 [92mF1_combined: 73.97 [92mF1_c: 64.53 [92mF1_g: 76.25 [95mCEU_cue_audio: 0.3806 [95mCEU_cue_video: 0.9066 [95mCEU_synergy: 0.0438 [95mCEU_coexistence: 0.9182 [97mS:[93m4.3%[97m([91m0.4c[97m-[94mF1:4.2%) [97mU1:[93m38.1%[97m([91m3.5c[97m) [97mU2:[93m90.7%[97m([91m29.7c[97m) [97mR:[93m91.8%[97m([91m44.1c[97m) [97mS-L: [92m0:[96m7%[39m [39m
2026-07-25 15:55:16,798 - Agent - INFO - [37mVal Epoch 12 step 12 with [31mce_loss_combined : 0.517022 [31mce_loss_c : 0.816562 [31mce_loss_g : 0.584831 [31mkl_synergy_rand_1 : 0.019440 [31mkl_synergy_rand_2 : 0.025522 [31mkl_synergy_1 : 0.016567 [31mkl_synergy_2 : 0.026215 [31mtotal : 0.604766 [31mdiag_kl_1 : 0.193486 [31mdiag_kl_2 : 0.144015 [94mAcc_combined: 75.98 [94mAcc_c: 51.09 [94mAcc_g: 75.98 [92mF1_combined: 75.88 [92mF1_c: 62.16 [92mF1_g: 75.98 [95mCEU_cue_audio: 0.3806 [95mCEU_cue_video: 0.8666 [95mCEU_synergy: 0.0867 [95mCEU_coexistence: 0.9001 [97mS:[93m8.7%[97m([91m0.9c[97m-[94mF1:8.7%) [97mU1:[93m38.1%[97m([91m3.5c[97m) [97mU2:[93m86.7%[97m([91m28.4c[97m) [97mR:[93m90.0%[97m([91m43.2c[97m) [97mS-L: [92m0:[96m7% [92m1:[96m11%[39m [39m
2026-07-25 15:55:23,200 - Evaluator - INFO - New best with syn_accuracy-
2026-07-25 15:55:23,201 - Agent - INFO - [37mVal Epoch 13 step 13 with [31mce_loss_combined : 0.500880 [31mce_loss_c : 0.807257 [31mce_loss_g : 0.537188 [31mkl_synergy_rand_1 : 0.015167 [31mkl_synergy_rand_2 : 0.021301 [31mkl_synergy_1 : 0.013735 [31mkl_synergy_2 : 0.021003 [31mtotal : 0.572086 [31mdiag_kl_1 : 0.193271 [31mdiag_kl_2 : 0.125992 [94mAcc_combined: 75.11 [94mAcc_c: 51.53 [94mAcc_g: 77.29 [92mF1_combined: 75.00 [92mF1_c: 61.19 [92mF1_g: 77.29 [95mCEU_cue_audio: 0.1429 [95mCEU_cue_video: 0.9334 [95mCEU_synergy: 0.1741 [95mCEU_coexistence: 0.8728 [97mS:[93m17.4%[97m([91m1.7c[97m-[94mF1:16.8%) [97mU1:[93m14.3%[97m([91m1.3c[97m) [97mU2:[93m93.3%[97m([91m30.6c[97m) [97mR:[93m87.3%[97m([91m41.9c[97m) [97mS-L: [92m0:[96m21% [92m1:[96m11%[39m [39m
2026-07-25 15:55:23,216 - Agent - INFO - [37mTest Epoch 13 step 13 with [31mce_loss_combined : 0.567880 [31mce_loss_c : 0.826949 [31mce_loss_g : 0.662713 [31mkl_synergy_rand_1 : 0.016037 [31mkl_synergy_rand_2 : 0.020920 [31mkl_synergy_1 : 0.012488 [31mkl_synergy_2 : 0.020263 [31mtotal : 0.637588 [31mdiag_kl_1 : 0.211757 [31mdiag_kl_2 : 0.150154 [94mAcc_combined: 73.76 [94mAcc_c: 50.15 [94mAcc_g: 74.20 [92mF1_combined: 73.45 [92mF1_c: 61.57 [92mF1_g: 74.24 [95mCEU_cue_audio: 0.2226 [95mCEU_cue_video: 0.9229 [95mCEU_synergy: 0.1411 [95mCEU_coexistence: 0.8973 [97mS:[93m14.1%[97m([91m1.5c[97m-[94mF1:13.0%) [97mU1:[93m22.2%[97m([91m2.9c[97m) [97mU2:[93m92.3%[97m([91m31.3c[97m) [97mR:[93m89.7%[97m([91m38.2c[97m) [97mS-L: [92m0:[96m24% [92m1:[96m3%[39m [39m
2026-07-25 15:55:23,710 - Agent - INFO - [37mModel saved successfully at: ./artifacts/models/multibench/mosi/vt/SynIB_RMask_U_foldREFABL_mosi_fold1_l0.1_perturbrandom_fillema_pmin0.3_refuniform_lr0.0005_wd0.001_bs32.pth.tar[39m
2026-07-25 15:55:30,086 - Agent - INFO - [37mVal Epoch 14 step 14 with [31mce_loss_combined : 0.506359 [31mce_loss_c : 0.811842 [31mce_loss_g : 0.558695 [31mkl_synergy_rand_1 : 0.016094 [31mkl_synergy_rand_2 : 0.022345 [31mkl_synergy_1 : 0.012992 [31mkl_synergy_2 : 0.022134 [31mtotal : 0.579924 [31mdiag_kl_1 : 0.199416 [31mdiag_kl_2 : 0.127717 [94mAcc_combined: 74.45 [94mAcc_c: 53.28 [94mAcc_g: 74.89 [92mF1_combined: 72.85 [92mF1_c: 63.61 [92mF1_g: 74.95 [95mCEU_cue_audio: 0.2857 [95mCEU_cue_video: 0.9200 [95mCEU_synergy: 0.0867 [95mCEU_coexistence: 0.9001 [97mS:[93m8.7%[97m([91m0.9c[97m-[94mF1:8.0%) [97mU1:[93m28.6%[97m([91m2.6c[97m) [97mU2:[93m92.0%[97m([91m30.1c[97m) [97mR:[93m90.0%[97m([91m43.2c[97m) [97mS-L: [92m0:[96m14%[39m [39m
2026-07-25 15:55:36,487 - Agent - INFO - [37mVal Epoch 15 step 15 with [31mce_loss_combined : 0.490553 [31mce_loss_c : 0.772029 [31mce_loss_g : 0.578317 [31mkl_synergy_rand_1 : 0.019726 [31mkl_synergy_rand_2 : 0.023669 [31mkl_synergy_1 : 0.014887 [31mkl_synergy_2 : 0.022613 [31mtotal : 0.571447 [31mdiag_kl_1 : 0.212561 [31mdiag_kl_2 : 0.114008 [94mAcc_combined: 73.36 [94mAcc_c: 53.93 [94mAcc_g: 74.67 [92mF1_combined: 71.50 [92mF1_c: 63.93 [92mF1_g: 75.00 [95mCEU_cue_audio: 0.0949 [95mCEU_cue_video: 0.9466 [95mCEU_synergy: 0.1305 [95mCEU_coexistence: 0.9001 [97mS:[93m13.0%[97m([91m1.3c[97m-[94mF1:11.5%) [97mU1:[93m9.5%[97m([91m0.9c[97m) [97mU2:[93m94.7%[97m([91m31.0c[97m) [97mR:[93m90.0%[97m([91m43.2c[97m) [97mS-L: [92m0:[96m21%[39m [39m
2026-07-25 15:55:42,916 - Evaluator - INFO - New best with syn_accuracy-
2026-07-25 15:55:42,916 - Agent - INFO - [37mVal Epoch 16 step 16 with [31mce_loss_combined : 0.489537 [31mce_loss_c : 0.738682 [31mce_loss_g : 0.587678 [31mkl_synergy_rand_1 : 0.022186 [31mkl_synergy_rand_2 : 0.028110 [31mkl_synergy_1 : 0.015565 [31mkl_synergy_2 : 0.025770 [31mtotal : 0.581169 [31mdiag_kl_1 : 0.196086 [31mdiag_kl_2 : 0.143815 [94mAcc_combined: 77.51 [94mAcc_c: 55.02 [94mAcc_g: 77.07 [92mF1_combined: 76.96 [92mF1_c: 65.32 [92mF1_g: 77.22 [95mCEU_cue_audio: 0.2377 [95mCEU_cue_video: 0.8534 [95mCEU_synergy: 0.2171 [95mCEU_coexistence: 0.9636 [97mS:[93m21.7%[97m([91m2.2c[97m-[94mF1:20.4%) [97mU1:[93m23.8%[97m([91m2.2c[97m) [97mU2:[93m85.3%[97m([91m27.9c[97m) [97mR:[93m96.4%[97m([91m46.3c[97m) [97mS-L: [92m0:[96m7% [92m1:[96m44%[39m [39m
2026-07-25 15:55:42,931 - Agent - INFO - [37mTest Epoch 16 step 16 with [31mce_loss_combined : 0.607078 [31mce_loss_c : 0.791364 [31mce_loss_g : 0.780213 [31mkl_synergy_rand_1 : 0.018829 [31mkl_synergy_rand_2 : 0.024963 [31mkl_synergy_1 : 0.015818 [31mkl_synergy_2 : 0.023902 [31mtotal : 0.690590 [31mdiag_kl_1 : 0.217047 [31mdiag_kl_2 : 0.153408 [94mAcc_combined: 71.21 [94mAcc_c: 53.79 [94mAcc_g: 72.30 [92mF1_combined: 70.68 [92mF1_c: 64.97 [92mF1_g: 72.50 [95mCEU_cue_audio: 0.2226 [95mCEU_cue_video: 0.8584 [95mCEU_synergy: 0.1266 [95mCEU_coexistence: 0.9145 [97mS:[93m12.7%[97m([91m1.3c[97m-[94mF1:12.5%) [97mU1:[93m22.2%[97m([91m2.9c[97m) [97mU2:[93m85.8%[97m([91m29.2c[97m) [97mR:[93m91.4%[97m([91m38.9c[97m) [97mS-L: [92m0:[96m8% [92m1:[96m18%[39m [39m
2026-07-25 15:55:43,607 - Agent - INFO - [37mModel saved successfully at: ./artifacts/models/multibench/mosi/vt/SynIB_RMask_U_foldREFABL_mosi_fold1_l0.1_perturbrandom_fillema_pmin0.3_refuniform_lr0.0005_wd0.001_bs32.pth.tar[39m
2026-07-25 15:55:50,017 - Agent - INFO - [37mVal Epoch 17 step 17 with [31mce_loss_combined : 0.528731 [31mce_loss_c : 0.836858 [31mce_loss_g : 0.612815 [31mkl_synergy_rand_1 : 0.021096 [31mkl_synergy_rand_2 : 0.026308 [31mkl_synergy_1 : 0.016979 [31mkl_synergy_2 : 0.023963 [31mtotal : 0.617078 [31mdiag_kl_1 : 0.192128 [31mdiag_kl_2 : 0.139172 [94mAcc_combined: 71.62 [94mAcc_c: 53.06 [94mAcc_g: 75.33 [92mF1_combined: 69.77 [92mF1_c: 61.95 [92mF1_g: 75.59 [95mCEU_cue_audio: 0.1908 [95mCEU_cue_video: 0.8666 [95mCEU_synergy: 0.0438 [95mCEU_coexistence: 0.9090 [97mS:[93m4.3%[97m([91m0.4c[97m-[94mF1:4.2%) [97mU1:[93m19.0%[97m([91m1.7c[97m) [97mU2:[93m86.7%[97m([91m28.4c[97m) [97mR:[93m90.9%[97m([91m43.7c[97m) [97mS-L: [92m0:[96m7%[39m [39m
2026-07-25 15:55:56,432 - Agent - INFO - [37mVal Epoch 18 step 18 with [31mce_loss_combined : 0.498769 [31mce_loss_c : 0.783973 [31mce_loss_g : 0.620430 [31mkl_synergy_rand_1 : 0.022290 [31mkl_synergy_rand_2 : 0.030831 [31mkl_synergy_1 : 0.016523 [31mkl_synergy_2 : 0.027247 [31mtotal : 0.595659 [31mdiag_kl_1 : 0.220820 [31mdiag_kl_2 : 0.097660 [94mAcc_combined: 76.42 [94mAcc_c: 52.84 [94mAcc_g: 77.07 [92mF1_combined: 76.42 [92mF1_c: 63.39 [92mF1_g: 77.12 [95mCEU_cue_audio: 0.1429 [95mCEU_cue_video: 0.9200 [95mCEU_synergy: 0.0438 [95mCEU_coexistence: 0.9273 [97mS:[93m4.3%[97m([91m0.4c[97m-[94mF1:4.2%) [97mU1:[93m14.3%[97m([91m1.3c[97m) [97mU2:[93m92.0%[97m([91m30.1c[97m) [97mR:[93m92.7%[97m([91m44.5c[97m) [97mS-L: [92m0:[96m7%[39m [39m
2026-07-25 15:56:02,802 - Agent - INFO - [37mVal Epoch 19 step 19 with [31mce_loss_combined : 0.491937 [31mce_loss_c : 0.733758 [31mce_loss_g : 0.590475 [31mkl_synergy_rand_1 : 0.019672 [31mkl_synergy_rand_2 : 0.025522 [31mkl_synergy_1 : 0.015174 [31mkl_synergy_2 : 0.024613 [31mtotal : 0.576919 [31mdiag_kl_1 : 0.212749 [31mdiag_kl_2 : 0.113994 [94mAcc_combined: 76.42 [94mAcc_c: 55.46 [94mAcc_g: 76.86 [92mF1_combined: 75.68 [92mF1_c: 66.11 [92mF1_g: 77.16 [95mCEU_cue_audio: 0.0949 [95mCEU_cue_video: 0.9200 [95mCEU_synergy: 0.2171 [95mCEU_coexistence: 0.9090 [97mS:[93m21.7%[97m([91m2.2c[97m-[94mF1:21.6%) [97mU1:[93m9.5%[97m([91m0.9c[97m) [97mU2:[93m92.0%[97m([91m30.1c[97m) [97mR:[93m90.9%[97m([91m43.7c[97m) [97mS-L: [92m0:[96m21% [92m1:[96m22%[39m [39m
2026-07-25 15:56:09,212 - Agent - INFO - [37mVal Epoch 20 step 20 with [31mce_loss_combined : 0.502433 [31mce_loss_c : 0.779397 [31mce_loss_g : 0.605157 [31mkl_synergy_rand_1 : 0.021828 [31mkl_synergy_rand_2 : 0.027033 [31mkl_synergy_1 : 0.016298 [31mkl_synergy_2 : 0.026546 [31mtotal : 0.594138 [31mdiag_kl_1 : 0.198885 [31mdiag_kl_2 : 0.124988 [94mAcc_combined: 74.89 [94mAcc_c: 55.02 [94mAcc_g: 75.76 [92mF1_combined: 73.56 [92mF1_c: 64.48 [92mF1_g: 75.92 [95mCEU_cue_audio: 0.1908 [95mCEU_cue_video: 0.8666 [95mCEU_synergy: 0.0867 [95mCEU_coexistence: 0.9546 [97mS:[93m8.7%[97m([91m0.9c[97m-[94mF1:8.7%) [97mU1:[93m19.0%[97m([91m1.7c[97m) [97mU2:[93m86.7%[97m([91m28.4c[97m) [97mR:[93m95.5%[97m([91m45.9c[97m) [97mS-L: [92m0:[96m7% [92m1:[96m11%[39m [39m
2026-07-25 15:56:15,640 - Agent - INFO - [37mVal Epoch 21 step 21 with [31mce_loss_combined : 0.508581 [31mce_loss_c : 0.798914 [31mce_loss_g : 0.640779 [31mkl_synergy_rand_1 : 0.024375 [31mkl_synergy_rand_2 : 0.028263 [31mkl_synergy_1 : 0.017417 [31mkl_synergy_2 : 0.025107 [31mtotal : 0.603742 [31mdiag_kl_1 : 0.203936 [31mdiag_kl_2 : 0.128000 [94mAcc_combined: 73.80 [94mAcc_c: 55.90 [94mAcc_g: 75.11 [92mF1_combined: 72.09 [92mF1_c: 64.31 [92mF1_g: 75.32 [95mCEU_cue_audio: 0.1908 [95mCEU_cue_video: 0.8666 [95mCEU_synergy: 0.0867 [95mCEU_coexistence: 0.9455 [97mS:[93m8.7%[97m([91m0.9c[97m-[94mF1:8.7%) [97mU1:[93m19.0%[97m([91m1.7c[97m) [97mU2:[93m86.7%[97m([91m28.4c[97m) [97mR:[93m94.5%[97m([91m45.4c[97m) [97mS-L: [92m0:[96m7% [92m1:[96m11%[39m [39m
2026-07-25 15:56:22,115 - Agent - INFO - [37mVal Epoch 22 step 22 with [31mce_loss_combined : 0.508369 [31mce_loss_c : 0.797829 [31mce_loss_g : 0.622402 [31mkl_synergy_rand_1 : 0.023758 [31mkl_synergy_rand_2 : 0.028511 [31mkl_synergy_1 : 0.017190 [31mkl_synergy_2 : 0.026166 [31mtotal : 0.603994 [31mdiag_kl_1 : 0.208632 [31mdiag_kl_2 : 0.126899 [94mAcc_combined: 73.58 [94mAcc_c: 56.55 [94mAcc_g: 75.55 [92mF1_combined: 72.06 [92mF1_c: 65.15 [92mF1_g: 75.76 [95mCEU_cue_audio: 0.1429 [95mCEU_cue_video: 0.8800 [95mCEU_synergy: 0.0438 [95mCEU_coexistence: 0.9363 [97mS:[93m4.3%[97m([91m0.4c[97m-[94mF1:4.2%) [97mU1:[93m14.3%[97m([91m1.3c[97m) [97mU2:[93m88.0%[97m([91m28.8c[97m) [97mR:[93m93.6%[97m([91m45.0c[97m) [97mS-L: [92m0:[96m7%[39m [39m
2026-07-25 15:56:28,596 - Agent - INFO - [37mVal Epoch 23 step 23 with [31mce_loss_combined : 0.510070 [31mce_loss_c : 0.796065 [31mce_loss_g : 0.634628 [31mkl_synergy_rand_1 : 0.024298 [31mkl_synergy_rand_2 : 0.028513 [31mkl_synergy_1 : 0.017379 [31mkl_synergy_2 : 0.026581 [31mtotal : 0.606842 [31mdiag_kl_1 : 0.209345 [31mdiag_kl_2 : 0.132777 [94mAcc_combined: 73.58 [94mAcc_c: 56.33 [94mAcc_g: 75.98 [92mF1_combined: 72.06 [92mF1_c: 64.79 [92mF1_g: 76.19 [95mCEU_cue_audio: 0.1429 [95mCEU_cue_video: 0.8800 [95mCEU_synergy: 0.0438 [95mCEU_coexistence: 0.9363 [97mS:[93m4.3%[97m([91m0.4c[97m-[94mF1:4.2%) [97mU1:[93m14.3%[97m([91m1.3c[97m) [97mU2:[93m88.0%[97m([91m28.8c[97m) [97mR:[93m93.6%[97m([91m45.0c[97m) [97mS-L: [92m0:[96m7%[39m [39m
2026-07-25 15:56:35,080 - Agent - INFO - [37mVal Epoch 24 step 24 with [31mce_loss_combined : 0.511956 [31mce_loss_c : 0.794301 [31mce_loss_g : 0.634910 [31mkl_synergy_rand_1 : 0.022763 [31mkl_synergy_rand_2 : 0.029104 [31mkl_synergy_1 : 0.016921 [31mkl_synergy_2 : 0.026065 [31mtotal : 0.606809 [31mdiag_kl_1 : 0.185849 [31mdiag_kl_2 : 0.128691 [94mAcc_combined: 73.80 [94mAcc_c: 56.77 [94mAcc_g: 75.76 [92mF1_combined: 71.96 [92mF1_c: 65.02 [92mF1_g: 76.03 [95mCEU_cue_audio: 0.1429 [95mCEU_cue_video: 0.8800 [95mCEU_synergy: 0.0867 [95mCEU_coexistence: 0.9455 [97mS:[93m8.7%[97m([91m0.9c[97m-[94mF1:8.7%) [97mU1:[93m14.3%[97m([91m1.3c[97m) [97mU2:[93m88.0%[97m([91m28.8c[97m) [97mR:[93m94.5%[97m([91m45.4c[97m) [97mS-L: [92m0:[96m7% [92m1:[96m11%[39m [39m
2026-07-25 15:56:41,477 - Agent - INFO - [37mVal Epoch 25 step 25 with [31mce_loss_combined : 0.505850 [31mce_loss_c : 0.812672 [31mce_loss_g : 0.647491 [31mkl_synergy_rand_1 : 0.023277 [31mkl_synergy_rand_2 : 0.028977 [31mkl_synergy_1 : 0.017897 [31mkl_synergy_2 : 0.026559 [31mtotal : 0.602561 [31mdiag_kl_1 : 0.219510 [31mdiag_kl_2 : 0.128383 [94mAcc_combined: 74.67 [94mAcc_c: 56.11 [94mAcc_g: 75.33 [92mF1_combined: 72.90 [92mF1_c: 63.91 [92mF1_g: 75.38 [95mCEU_cue_audio: 0.1429 [95mCEU_cue_video: 0.8934 [95mCEU_synergy: 0.0867 [95mCEU_coexistence: 0.9363 [97mS:[93m8.7%[97m([91m0.9c[97m-[94mF1:8.7%) [97mU1:[93m14.3%[97m([91m1.3c[97m) [97mU2:[93m89.3%[97m([91m29.3c[97m) [97mR:[93m93.6%[97m([91m45.0c[97m) [97mS-L: [92m0:[96m7% [92m1:[96m11%[39m [39m
2026-07-25 15:56:47,817 - Agent - INFO - [37mVal Epoch 26 step 26 with [31mce_loss_combined : 0.522860 [31mce_loss_c : 0.856501 [31mce_loss_g : 0.645496 [31mkl_synergy_rand_1 : 0.022713 [31mkl_synergy_rand_2 : 0.027904 [31mkl_synergy_1 : 0.017042 [31mkl_synergy_2 : 0.025438 [31mtotal : 0.615958 [31mdiag_kl_1 : 0.186313 [31mdiag_kl_2 : 0.150338 [94mAcc_combined: 77.29 [94mAcc_c: 55.46 [94mAcc_g: 75.76 [92mF1_combined: 76.99 [92mF1_c: 62.50 [92mF1_g: 75.82 [95mCEU_cue_audio: 0.1429 [95mCEU_cue_video: 0.8534 [95mCEU_synergy: 0.1305 [95mCEU_coexistence: 0.9636 [97mS:[93m13.0%[97m([91m1.3c[97m-[94mF1:12.9%) [97mU1:[93m14.3%[97m([91m1.3c[97m) [97mU2:[93m85.3%[97m([91m27.9c[97m) [97mR:[93m96.4%[97m([91m46.3c[97m) [97mS-L: [92m0:[96m7% [92m1:[96m22%[39m [39m
2026-07-25 15:56:54,252 - Agent - INFO - [37mVal Epoch 27 step 27 with [31mce_loss_combined : 0.499209 [31mce_loss_c : 0.804285 [31mce_loss_g : 0.530870 [31mkl_synergy_rand_1 : 0.016787 [31mkl_synergy_rand_2 : 0.020583 [31mkl_synergy_1 : 0.012368 [31mkl_synergy_2 : 0.018601 [31mtotal : 0.567547 [31mdiag_kl_1 : 0.181159 [31mdiag_kl_2 : 0.120773 [94mAcc_combined: 73.80 [94mAcc_c: 55.24 [94mAcc_g: 76.42 [92mF1_combined: 71.96 [92mF1_c: 64.10 [92mF1_g: 76.62 [95mCEU_cue_audio: 0.2377 [95mCEU_cue_video: 0.8934 [95mCEU_synergy: 0.0438 [95mCEU_coexistence: 0.9090 [97mS:[93m4.3%[97m([91m0.4c[97m-[94mF1:4.2%) [97mU1:[93m23.8%[97m([91m2.2c[97m) [97mU2:[93m89.3%[97m([91m29.3c[97m) [97mR:[93m90.9%[97m([91m43.7c[97m) [97mS-L: [92m0:[96m7%[39m [39m
2026-07-25 15:57:00,649 - Evaluator - INFO - New best with syn_accuracy-
2026-07-25 15:57:00,649 - Agent - INFO - [37mVal Epoch 28 step 28 with [31mce_loss_combined : 0.491796 [31mce_loss_c : 0.834719 [31mce_loss_g : 0.556571 [31mkl_synergy_rand_1 : 0.020606 [31mkl_synergy_rand_2 : 0.026211 [31mkl_synergy_1 : 0.013184 [31mkl_synergy_2 : 0.024672 [31mtotal : 0.576469 [31mdiag_kl_1 : 0.188654 [31mdiag_kl_2 : 0.128962 [94mAcc_combined: 78.17 [94mAcc_c: 55.02 [94mAcc_g: 78.38 [92mF1_combined: 78.17 [92mF1_c: 63.73 [92mF1_g: 78.71 [95mCEU_cue_audio: 0.1908 [95mCEU_cue_video: 0.8400 [95mCEU_synergy: 0.2610 [95mCEU_coexistence: 0.9636 [97mS:[93m26.1%[97m([91m2.6c[97m-[94mF1:25.5%) [97mU1:[93m19.0%[97m([91m1.7c[97m) [97mU2:[93m84.0%[97m([91m27.5c[97m) [97mR:[93m96.4%[97m([91m46.3c[97m) [97mS-L: [92m0:[96m14% [92m1:[96m44%[39m [39m
2026-07-25 15:57:00,665 - Agent - INFO - [37mTest Epoch 28 step 28 with [31mce_loss_combined : 0.611700 [31mce_loss_c : 0.815077 [31mce_loss_g : 0.766425 [31mkl_synergy_rand_1 : 0.018501 [31mkl_synergy_rand_2 : 0.024932 [31mkl_synergy_1 : 0.012607 [31mkl_synergy_2 : 0.024449 [31mtotal : 0.692188 [31mdiag_kl_1 : 0.247305 [31mdiag_kl_2 : 0.156981 [94mAcc_combined: 71.43 [94mAcc_c: 50.00 [94mAcc_g: 71.28 [92mF1_combined: 71.39 [92mF1_c: 62.60 [92mF1_g: 71.74 [95mCEU_cue_audio: 0.2447 [95mCEU_cue_video: 0.8325 [95mCEU_synergy: 0.1691 [95mCEU_coexistence: 0.9006 [97mS:[93m16.9%[97m([91m1.7c[97m-[94mF1:15.8%) [97mU1:[93m24.4%[97m([91m3.2c[97m) [97mU2:[93m83.3%[97m([91m28.3c[97m) [97mR:[93m90.1%[97m([91m38.3c[97m) [97mS-L: [92m0:[96m5% [92m1:[96m30%[39m [39m
2026-07-25 15:57:01,181 - Agent - INFO - [37mModel saved successfully at: ./artifacts/models/multibench/mosi/vt/SynIB_RMask_U_foldREFABL_mosi_fold1_l0.1_perturbrandom_fillema_pmin0.3_refuniform_lr0.0005_wd0.001_bs32.pth.tar[39m
2026-07-25 15:57:07,597 - Agent - INFO - [37mVal Epoch 29 step 29 with [31mce_loss_combined : 0.522663 [31mce_loss_c : 0.857973 [31mce_loss_g : 0.634243 [31mkl_synergy_rand_1 : 0.020728 [31mkl_synergy_rand_2 : 0.026703 [31mkl_synergy_1 : 0.014465 [31mkl_synergy_2 : 0.023733 [31mtotal : 0.608292 [31mdiag_kl_1 : 0.218283 [31mdiag_kl_2 : 0.115827 [94mAcc_combined: 75.33 [94mAcc_c: 55.90 [94mAcc_g: 75.33 [92mF1_combined: 75.27 [92mF1_c: 63.27 [92mF1_g: 75.38 [95mCEU_cue_audio: 0.0480 [95mCEU_cue_video: 0.9200 [95mCEU_synergy: 0.0438 [95mCEU_coexistence: 0.9273 [97mS:[93m4.3%[97m([91m0.4c[97m-[94mF1:4.2%) [97mU1:[93m4.8%[97m([91m0.4c[97m) [97mU2:[93m92.0%[97m([91m30.1c[97m) [97mR:[93m92.7%[97m([91m44.5c[97m) [97mS-L: [92m0:[96m7%[39m [39m
2026-07-25 15:57:14,047 - Agent - INFO - [37mVal Epoch 30 step 30 with [31mce_loss_combined : 0.498037 [31mce_loss_c : 0.754268 [31mce_loss_g : 0.617049 [31mkl_synergy_rand_1 : 0.022131 [31mkl_synergy_rand_2 : 0.026819 [31mkl_synergy_1 : 0.013664 [31mkl_synergy_2 : 0.023698 [31mtotal : 0.584349 [31mdiag_kl_1 : 0.235465 [31mdiag_kl_2 : 0.118334 [94mAcc_combined: 76.42 [94mAcc_c: 57.86 [94mAcc_g: 75.55 [92mF1_combined: 75.68 [92mF1_c: 65.72 [92mF1_g: 75.65 [95mCEU_cue_audio: 0.1429 [95mCEU_cue_video: 0.9066 [95mCEU_synergy: 0.1741 [95mCEU_coexistence: 0.9001 [97mS:[93m17.4%[97m([91m1.7c[97m-[94mF1:16.8%) [97mU1:[93m14.3%[97m([91m1.3c[97m) [97mU2:[93m90.7%[97m([91m29.7c[97m) [97mR:[93m90.0%[97m([91m43.2c[97m) [97mS-L: [92m0:[96m21% [92m1:[96m11%[39m [39m
2026-07-25 15:57:20,501 - Agent - INFO - [37mVal Epoch 31 step 31 with [31mce_loss_combined : 0.498198 [31mce_loss_c : 0.800745 [31mce_loss_g : 0.588793 [31mkl_synergy_rand_1 : 0.021012 [31mkl_synergy_rand_2 : 0.027577 [31mkl_synergy_1 : 0.014016 [31mkl_synergy_2 : 0.023926 [31mtotal : 0.584731 [31mdiag_kl_1 : 0.210500 [31mdiag_kl_2 : 0.116591 [94mAcc_combined: 76.20 [94mAcc_c: 56.77 [94mAcc_g: 77.07 [92mF1_combined: 76.15 [92mF1_c: 63.33 [92mF1_g: 77.42 [95mCEU_cue_audio: 0.1908 [95mCEU_cue_video: 0.8934 [95mCEU_synergy: 0.1305 [95mCEU_coexistence: 0.9090 [97mS:[93m13.0%[97m([91m1.3c[97m-[94mF1:11.5%) [97mU1:[93m19.0%[97m([91m1.7c[97m) [97mU2:[93m89.3%[97m([91m29.3c[97m) [97mR:[93m90.9%[97m([91m43.7c[97m) [97mS-L: [92m0:[96m21%[39m [39m
2026-07-25 15:57:26,997 - Agent - INFO - [37mVal Epoch 32 step 32 with [31mce_loss_combined : 0.541240 [31mce_loss_c : 0.947273 [31mce_loss_g : 0.592056 [31mkl_synergy_rand_1 : 0.019385 [31mkl_synergy_rand_2 : 0.024976 [31mkl_synergy_1 : 0.013959 [31mkl_synergy_2 : 0.020839 [31mtotal : 0.620400 [31mdiag_kl_1 : 0.165072 [31mdiag_kl_2 : 0.180378 [94mAcc_combined: 73.14 [94mAcc_c: 55.46 [94mAcc_g: 74.89 [92mF1_combined: 71.06 [92mF1_c: 60.62 [92mF1_g: 75.58 [95mCEU_cue_audio: 0.4286 [95mCEU_cue_video: 0.8534 [95mCEU_synergy: 0.1305 [95mCEU_coexistence: 0.9273 [97mS:[93m13.0%[97m([91m1.3c[97m-[94mF1:12.9%) [97mU1:[93m42.9%[97m([91m3.9c[97m) [97mU2:[93m85.3%[97m([91m27.9c[97m) [97mR:[93m92.7%[97m([91m44.5c[97m) [97mS-L: [92m0:[96m7% [92m1:[96m22%[39m [39m
2026-07-25 15:57:33,457 - Agent - INFO - [37mVal Epoch 33 step 33 with [31mce_loss_combined : 0.506992 [31mce_loss_c : 0.812728 [31mce_loss_g : 0.613793 [31mkl_synergy_rand_1 : 0.022518 [31mkl_synergy_rand_2 : 0.027456 [31mkl_synergy_1 : 0.015328 [31mkl_synergy_2 : 0.025575 [31mtotal : 0.597870 [31mdiag_kl_1 : 0.215989 [31mdiag_kl_2 : 0.130512 [94mAcc_combined: 74.45 [94mAcc_c: 56.55 [94mAcc_g: 77.07 [92mF1_combined: 72.85 [92mF1_c: 63.62 [92mF1_g: 77.22 [95mCEU_cue_audio: 0.1429 [95mCEU_cue_video: 0.8800 [95mCEU_synergy: 0.1305 [95mCEU_coexistence: 0.9455 [97mS:[93m13.0%[97m([91m1.3c[97m-[94mF1:12.9%) [97mU1:[93m14.3%[97m([91m1.3c[97m) [97mU2:[93m88.0%[97m([91m28.8c[97m) [97mR:[93m94.5%[97m([91m45.4c[97m) [97mS-L: [92m0:[96m7% [92m1:[96m22%[39m [39m
2026-07-25 15:57:39,938 - Agent - INFO - [37mVal Epoch 34 step 34 with [31mce_loss_combined : 0.539830 [31mce_loss_c : 0.838936 [31mce_loss_g : 0.657296 [31mkl_synergy_rand_1 : 0.024153 [31mkl_synergy_rand_2 : 0.027012 [31mkl_synergy_1 : 0.015839 [31mkl_synergy_2 : 0.024486 [31mtotal : 0.631321 [31mdiag_kl_1 : 0.200873 [31mdiag_kl_2 : 0.177255 [94mAcc_combined: 72.71 [94mAcc_c: 55.46 [94mAcc_g: 74.02 [92mF1_combined: 70.59 [92mF1_c: 62.64 [92mF1_g: 74.41 [95mCEU_cue_audio: 0.4286 [95mCEU_cue_video: 0.7866 [95mCEU_synergy: 0.0867 [95mCEU_coexistence: 0.9273 [97mS:[93m8.7%[97m([91m0.9c[97m-[94mF1:8.0%) [97mU1:[93m42.9%[97m([91m3.9c[97m) [97mU2:[93m78.7%[97m([91m25.8c[97m) [97mR:[93m92.7%[97m([91m44.5c[97m) [97mS-L: [92m1:[96m22%[39m [39m
2026-07-25 15:57:46,477 - Agent - INFO - [37mVal Epoch 35 step 35 with [31mce_loss_combined : 0.504297 [31mce_loss_c : 0.847000 [31mce_loss_g : 0.629025 [31mkl_synergy_rand_1 : 0.022309 [31mkl_synergy_rand_2 : 0.028318 [31mkl_synergy_1 : 0.015202 [31mkl_synergy_2 : 0.025356 [31mtotal : 0.595483 [31mdiag_kl_1 : 0.222204 [31mdiag_kl_2 : 0.129785 [94mAcc_combined: 76.64 [94mAcc_c: 57.21 [94mAcc_g: 76.64 [92mF1_combined: 75.40 [92mF1_c: 62.16 [92mF1_g: 76.99 [95mCEU_cue_audio: 0.2377 [95mCEU_cue_video: 0.9066 [95mCEU_synergy: 0.0867 [95mCEU_coexistence: 0.9546 [97mS:[93m8.7%[97m([91m0.9c[97m-[94mF1:8.7%) [97mU1:[93m23.8%[97m([91m2.2c[97m) [97mU2:[93m90.7%[97m([91m29.7c[97m) [97mR:[93m95.5%[97m([91m45.9c[97m) [97mS-L: [92m0:[96m7% [92m1:[96m11%[39m [39m
2026-07-25 15:57:52,918 - Agent - INFO - [37mVal Epoch 36 step 36 with [31mce_loss_combined : 0.498729 [31mce_loss_c : 0.803325 [31mce_loss_g : 0.631648 [31mkl_synergy_rand_1 : 0.024256 [31mkl_synergy_rand_2 : 0.030269 [31mkl_synergy_1 : 0.015333 [31mkl_synergy_2 : 0.025912 [31mtotal : 0.594499 [31mdiag_kl_1 : 0.219432 [31mdiag_kl_2 : 0.127688 [94mAcc_combined: 76.86 [94mAcc_c: 59.39 [94mAcc_g: 76.20 [92mF1_combined: 76.02 [92mF1_c: 64.37 [92mF1_g: 76.56 [95mCEU_cue_audio: 0.0949 [95mCEU_cue_video: 0.9066 [95mCEU_synergy: 0.1741 [95mCEU_coexistence: 0.9363 [97mS:[93m17.4%[97m([91m1.7c[97m-[94mF1:17.4%) [97mU1:[93m9.5%[97m([91m0.9c[97m) [97mU2:[93m90.7%[97m([91m29.7c[97m) [97mR:[93m93.6%[97m([91m45.0c[97m) [97mS-L: [92m0:[96m14% [92m1:[96m22%[39m [39m
2026-07-25 15:57:59,436 - Agent - INFO - [37mVal Epoch 37 step 37 with [31mce_loss_combined : 0.501897 [31mce_loss_c : 0.859483 [31mce_loss_g : 0.627511 [31mkl_synergy_rand_1 : 0.024350 [31mkl_synergy_rand_2 : 0.028103 [31mkl_synergy_1 : 0.014217 [31mkl_synergy_2 : 0.024775 [31mtotal : 0.593342 [31mdiag_kl_1 : 0.221048 [31mdiag_kl_2 : 0.131656 [94mAcc_combined: 74.89 [94mAcc_c: 58.73 [94mAcc_g: 76.20 [92mF1_combined: 72.94 [92mF1_c: 62.72 [92mF1_g: 76.36 [95mCEU_cue_audio: 0.1908 [95mCEU_cue_video: 0.8934 [95mCEU_synergy: 0.1741 [95mCEU_coexistence: 0.9455 [97mS:[93m17.4%[97m([91m1.7c[97m-[94mF1:17.4%) [97mU1:[93m19.0%[97m([91m1.7c[97m) [97mU2:[93m89.3%[97m([91m29.3c[97m) [97mR:[93m94.5%[97m([91m45.4c[97m) [97mS-L: [92m0:[96m14% [92m1:[96m22%[39m [39m
2026-07-25 15:58:05,905 - Agent - INFO - [37mVal Epoch 38 step 38 with [31mce_loss_combined : 0.504013 [31mce_loss_c : 0.861075 [31mce_loss_g : 0.611076 [31mkl_synergy_rand_1 : 0.021913 [31mkl_synergy_rand_2 : 0.028343 [31mkl_synergy_1 : 0.015140 [31mkl_synergy_2 : 0.024346 [31mtotal : 0.593755 [31mdiag_kl_1 : 0.184530 [31mdiag_kl_2 : 0.152399 [94mAcc_combined: 75.55 [94mAcc_c: 56.55 [94mAcc_g: 76.86 [92mF1_combined: 74.19 [92mF1_c: 62.10 [92mF1_g: 77.06 [95mCEU_cue_audio: 0.3806 [95mCEU_cue_video: 0.8400 [95mCEU_synergy: 0.0867 [95mCEU_coexistence: 0.9636 [97mS:[93m8.7%[97m([91m0.9c[97m-[94mF1:8.7%) [97mU1:[93m38.1%[97m([91m3.5c[97m) [97mU2:[93m84.0%[97m([91m27.5c[97m) [97mR:[93m96.4%[97m([91m46.3c[97m) [97mS-L: [92m0:[96m7% [92m1:[96m11%[39m [39m
2026-07-25 15:58:12,376 - Agent - INFO - [37mVal Epoch 39 step 39 with [31mce_loss_combined : 0.507755 [31mce_loss_c : 0.872006 [31mce_loss_g : 0.609656 [31mkl_synergy_rand_1 : 0.024878 [31mkl_synergy_rand_2 : 0.029963 [31mkl_synergy_1 : 0.016666 [31mkl_synergy_2 : 0.024911 [31mtotal : 0.604172 [31mdiag_kl_1 : 0.211005 [31mdiag_kl_2 : 0.164104 [94mAcc_combined: 74.89 [94mAcc_c: 59.39 [94mAcc_g: 77.29 [92mF1_combined: 73.19 [92mF1_c: 62.80 [92mF1_g: 77.68 [95mCEU_cue_audio: 0.5714 [95mCEU_cue_video: 0.7466 [95mCEU_synergy: 0.1305 [95mCEU_coexistence: 0.9546 [97mS:[93m13.0%[97m([91m1.3c[97m-[94mF1:12.9%) [97mU1:[93m57.1%[97m([91m5.2c[97m) [97mU2:[93m74.7%[97m([91m24.5c[97m) [97mR:[93m95.5%[97m([91m45.9c[97m) [97mS-L: [92m0:[96m7% [92m1:[96m22%[39m [39m
2026-07-25 15:58:18,751 - Agent - INFO - [37mVal Epoch 40 step 40 with [31mce_loss_combined : 0.500736 [31mce_loss_c : 0.904525 [31mce_loss_g : 0.609270 [31mkl_synergy_rand_1 : 0.025665 [31mkl_synergy_rand_2 : 0.029738 [31mkl_synergy_1 : 0.015950 [31mkl_synergy_2 : 0.024360 [31mtotal : 0.596449 [31mdiag_kl_1 : 0.202927 [31mdiag_kl_2 : 0.151725 [94mAcc_combined: 75.76 [94mAcc_c: 57.64 [94mAcc_g: 78.38 [92mF1_combined: 74.13 [92mF1_c: 60.25 [92mF1_g: 78.62 [95mCEU_cue_audio: 0.3806 [95mCEU_cue_video: 0.8400 [95mCEU_synergy: 0.1305 [95mCEU_coexistence: 0.9727 [97mS:[93m13.0%[97m([91m1.3c[97m-[94mF1:12.9%) [97mU1:[93m38.1%[97m([91m3.5c[97m) [97mU2:[93m84.0%[97m([91m27.5c[97m) [97mR:[93m97.3%[97m([91m46.7c[97m) [97mS-L: [92m0:[96m7% [92m1:[96m22%[39m [39m
2026-07-25 15:58:25,212 - Agent - INFO - [37mVal Epoch 41 step 41 with [31mce_loss_combined : 0.507629 [31mce_loss_c : 0.934520 [31mce_loss_g : 0.625624 [31mkl_synergy_rand_1 : 0.027146 [31mkl_synergy_rand_2 : 0.030553 [31mkl_synergy_1 : 0.016587 [31mkl_synergy_2 : 0.025294 [31mtotal : 0.607209 [31mdiag_kl_1 : 0.196733 [31mdiag_kl_2 : 0.149755 [94mAcc_combined: 75.76 [94mAcc_c: 57.64 [94mAcc_g: 77.95 [92mF1_combined: 74.00 [92mF1_c: 60.73 [92mF1_g: 78.00 [95mCEU_cue_audio: 0.3337 [95mCEU_cue_video: 0.8534 [95mCEU_synergy: 0.1305 [95mCEU_coexistence: 0.9727 [97mS:[93m13.0%[97m([91m1.3c[97m-[94mF1:12.9%) [97mU1:[93m33.3%[97m([91m3.1c[97m) [97mU2:[93m85.3%[97m([91m27.9c[97m) [97mR:[93m97.3%[97m([91m46.7c[97m) [97mS-L: [92m0:[96m7% [92m1:[96m22%[39m [39m
2026-07-25 15:58:31,695 - Agent - INFO - [37mVal Epoch 42 step 42 with [31mce_loss_combined : 0.502703 [31mce_loss_c : 0.921216 [31mce_loss_g : 0.611867 [31mkl_synergy_rand_1 : 0.027070 [31mkl_synergy_rand_2 : 0.028626 [31mkl_synergy_1 : 0.016600 [31mkl_synergy_2 : 0.022539 [31mtotal : 0.597538 [31mdiag_kl_1 : 0.191167 [31mdiag_kl_2 : 0.164982 [94mAcc_combined: 75.98 [94mAcc_c: 58.52 [94mAcc_g: 78.38 [92mF1_combined: 74.30 [92mF1_c: 61.07 [92mF1_g: 78.62 [95mCEU_cue_audio: 0.4286 [95mCEU_cue_video: 0.8400 [95mCEU_synergy: 0.1305 [95mCEU_coexistence: 0.9819 [97mS:[93m13.0%[97m([91m1.3c[97m-[94mF1:12.9%) [97mU1:[93m42.9%[97m([91m3.9c[97m) [97mU2:[93m84.0%[97m([91m27.5c[97m) [97mR:[93m98.2%[97m([91m47.2c[97m) [97mS-L: [92m0:[96m7% [92m1:[96m22%[39m [39m
2026-07-25 15:58:38,156 - Agent - INFO - [37mVal Epoch 43 step 43 with [31mce_loss_combined : 0.496190 [31mce_loss_c : 0.924758 [31mce_loss_g : 0.622572 [31mkl_synergy_rand_1 : 0.025913 [31mkl_synergy_rand_2 : 0.027862 [31mkl_synergy_1 : 0.015245 [31mkl_synergy_2 : 0.023572 [31mtotal : 0.588782 [31mdiag_kl_1 : 0.192374 [31mdiag_kl_2 : 0.144815 [94mAcc_combined: 76.42 [94mAcc_c: 58.73 [94mAcc_g: 77.51 [92mF1_combined: 74.65 [92mF1_c: 61.66 [92mF1_g: 77.56 [95mCEU_cue_audio: 0.3337 [95mCEU_cue_video: 0.8800 [95mCEU_synergy: 0.1305 [95mCEU_coexistence: 0.9819 [97mS:[93m13.0%[97m([91m1.3c[97m-[94mF1:12.9%) [97mU1:[93m33.3%[97m([91m3.1c[97m) [97mU2:[93m88.0%[97m([91m28.8c[97m) [97mR:[93m98.2%[97m([91m47.2c[97m) [97mS-L: [92m0:[96m7% [92m1:[96m22%[39m [39m
2026-07-25 15:58:44,607 - Agent - INFO - [37mVal Epoch 44 step 44 with [31mce_loss_combined : 0.489829 [31mce_loss_c : 0.932697 [31mce_loss_g : 0.609251 [31mkl_synergy_rand_1 : 0.024611 [31mkl_synergy_rand_2 : 0.028257 [31mkl_synergy_1 : 0.016594 [31mkl_synergy_2 : 0.021932 [31mtotal : 0.581223 [31mdiag_kl_1 : 0.191421 [31mdiag_kl_2 : 0.144001 [94mAcc_combined: 76.42 [94mAcc_c: 58.30 [94mAcc_g: 78.17 [92mF1_combined: 74.77 [92mF1_c: 60.29 [92mF1_g: 78.26 [95mCEU_cue_audio: 0.3806 [95mCEU_cue_video: 0.8666 [95mCEU_synergy: 0.1305 [95mCEU_coexistence: 0.9819 [97mS:[93m13.0%[97m([91m1.3c[97m-[94mF1:12.9%) [97mU1:[93m38.1%[97m([91m3.5c[97m) [97mU2:[93m86.7%[97m([91m28.4c[97m) [97mR:[93m98.2%[97m([91m47.2c[97m) [97mS-L: [92m0:[96m7% [92m1:[96m22%[39m [39m
2026-07-25 15:58:51,047 - Agent - INFO - [37mVal Epoch 45 step 45 with [31mce_loss_combined : 0.491594 [31mce_loss_c : 0.932671 [31mce_loss_g : 0.613325 [31mkl_synergy_rand_1 : 0.023977 [31mkl_synergy_rand_2 : 0.029764 [31mkl_synergy_1 : 0.015573 [31mkl_synergy_2 : 0.022471 [31mtotal : 0.583379 [31mdiag_kl_1 : 0.202983 [31mdiag_kl_2 : 0.150774 [94mAcc_combined: 76.20 [94mAcc_c: 58.52 [94mAcc_g: 78.38 [92mF1_combined: 74.47 [92mF1_c: 60.74 [92mF1_g: 78.52 [95mCEU_cue_audio: 0.3337 [95mCEU_cue_video: 0.8666 [95mCEU_synergy: 0.1305 [95mCEU_coexistence: 0.9819 [97mS:[93m13.0%[97m([91m1.3c[97m-[94mF1:12.9%) [97mU1:[93m33.3%[97m([91m3.1c[97m) [97mU2:[93m86.7%[97m([91m28.4c[97m) [97mR:[93m98.2%[97m([91m47.2c[97m) [97mS-L: [92m0:[96m7% [92m1:[96m22%[39m [39m
2026-07-25 15:58:57,602 - Agent - INFO - [37mVal Epoch 46 step 46 with [31mce_loss_combined : 0.498780 [31mce_loss_c : 0.946275 [31mce_loss_g : 0.615902 [31mkl_synergy_rand_1 : 0.023515 [31mkl_synergy_rand_2 : 0.029024 [31mkl_synergy_1 : 0.014605 [31mkl_synergy_2 : 0.021919 [31mtotal : 0.587843 [31mdiag_kl_1 : 0.185005 [31mdiag_kl_2 : 0.146117 [94mAcc_combined: 75.98 [94mAcc_c: 58.08 [94mAcc_g: 78.38 [92mF1_combined: 74.18 [92mF1_c: 60.49 [92mF1_g: 78.52 [95mCEU_cue_audio: 0.3337 [95mCEU_cue_video: 0.8666 [95mCEU_synergy: 0.1305 [95mCEU_coexistence: 0.9819 [97mS:[93m13.0%[97m([91m1.3c[97m-[94mF1:12.9%) [97mU1:[93m33.3%[97m([91m3.1c[97m) [97mU2:[93m86.7%[97m([91m28.4c[97m) [97mR:[93m98.2%[97m([91m47.2c[97m) [97mS-L: [92m0:[96m7% [92m1:[96m22%[39m [39m
2026-07-25 15:59:04,161 - Agent - INFO - [37mVal Epoch 47 step 47 with [31mce_loss_combined : 0.498429 [31mce_loss_c : 0.957838 [31mce_loss_g : 0.616715 [31mkl_synergy_rand_1 : 0.024095 [31mkl_synergy_rand_2 : 0.029244 [31mkl_synergy_1 : 0.016511 [31mkl_synergy_2 : 0.021683 [31mtotal : 0.589963 [31mdiag_kl_1 : 0.182212 [31mdiag_kl_2 : 0.152844 [94mAcc_combined: 75.76 [94mAcc_c: 58.30 [94mAcc_g: 78.38 [92mF1_combined: 73.88 [92mF1_c: 60.62 [92mF1_g: 78.43 [95mCEU_cue_audio: 0.3337 [95mCEU_cue_video: 0.8666 [95mCEU_synergy: 0.1305 [95mCEU_coexistence: 0.9819 [97mS:[93m13.0%[97m([91m1.3c[97m-[94mF1:12.9%) [97mU1:[93m33.3%[97m([91m3.1c[97m) [97mU2:[93m86.7%[97m([91m28.4c[97m) [97mR:[93m98.2%[97m([91m47.2c[97m) [97mS-L: [92m0:[96m7% [92m1:[96m22%[39m [39m
2026-07-25 15:59:10,540 - Agent - INFO - [37mVal Epoch 48 step 48 with [31mce_loss_combined : 0.497256 [31mce_loss_c : 0.955231 [31mce_loss_g : 0.616216 [31mkl_synergy_rand_1 : 0.024810 [31mkl_synergy_rand_2 : 0.027958 [31mkl_synergy_1 : 0.015125 [31mkl_synergy_2 : 0.021631 [31mtotal : 0.586781 [31mdiag_kl_1 : 0.195658 [31mdiag_kl_2 : 0.147384 [94mAcc_combined: 75.55 [94mAcc_c: 58.73 [94mAcc_g: 78.17 [92mF1_combined: 73.58 [92mF1_c: 61.19 [92mF1_g: 78.26 [95mCEU_cue_audio: 0.2857 [95mCEU_cue_video: 0.8666 [95mCEU_synergy: 0.1305 [95mCEU_coexistence: 0.9819 [97mS:[93m13.0%[97m([91m1.3c[97m-[94mF1:12.9%) [97mU1:[93m28.6%[97m([91m2.6c[97m) [97mU2:[93m86.7%[97m([91m28.4c[97m) [97mR:[93m98.2%[97m([91m47.2c[97m) [97mS-L: [92m0:[96m7% [92m1:[96m22%[39m [39m
2026-07-25 15:59:17,103 - Agent - INFO - [37mVal Epoch 49 step 49 with [31mce_loss_combined : 0.496632 [31mce_loss_c : 0.951753 [31mce_loss_g : 0.616714 [31mkl_synergy_rand_1 : 0.024782 [31mkl_synergy_rand_2 : 0.028987 [31mkl_synergy_1 : 0.015555 [31mkl_synergy_2 : 0.023613 [31mtotal : 0.589570 [31mdiag_kl_1 : 0.195850 [31mdiag_kl_2 : 0.148937 [94mAcc_combined: 75.76 [94mAcc_c: 58.95 [94mAcc_g: 78.17 [92mF1_combined: 73.88 [92mF1_c: 61.48 [92mF1_g: 78.26 [95mCEU_cue_audio: 0.2857 [95mCEU_cue_video: 0.8666 [95mCEU_synergy: 0.1305 [95mCEU_coexistence: 0.9819 [97mS:[93m13.0%[97m([91m1.3c[97m-[94mF1:12.9%) [97mU1:[93m28.6%[97m([91m2.6c[97m) [97mU2:[93m86.7%[97m([91m28.4c[97m) [97mR:[93m98.2%[97m([91m47.2c[97m) [97mS-L: [92m0:[96m7% [92m1:[96m22%[39m [39m
2026-07-25 15:59:23,536 - Agent - INFO - [37mVal Epoch 50 step 50 with [31mce_loss_combined : 0.505421 [31mce_loss_c : 0.981117 [31mce_loss_g : 0.615713 [31mkl_synergy_rand_1 : 0.024609 [31mkl_synergy_rand_2 : 0.026278 [31mkl_synergy_1 : 0.015100 [31mkl_synergy_2 : 0.020949 [31mtotal : 0.592357 [31mdiag_kl_1 : 0.186504 [31mdiag_kl_2 : 0.162435 [94mAcc_combined: 75.55 [94mAcc_c: 58.52 [94mAcc_g: 78.60 [92mF1_combined: 73.58 [92mF1_c: 61.07 [92mF1_g: 78.70 [95mCEU_cue_audio: 0.2857 [95mCEU_cue_video: 0.8666 [95mCEU_synergy: 0.1305 [95mCEU_coexistence: 0.9819 [97mS:[93m13.0%[97m([91m1.3c[97m-[94mF1:12.9%) [97mU1:[93m28.6%[97m([91m2.6c[97m) [97mU2:[93m86.7%[97m([91m28.4c[97m) [97mR:[93m98.2%[97m([91m47.2c[97m) [97mS-L: [92m0:[96m7% [92m1:[96m22%[39m [39m
2026-07-25 15:59:30,617 - Agent - INFO - [37mVal Epoch 51 step 51 with [31mce_loss_combined : 0.502812 [31mce_loss_c : 0.859587 [31mce_loss_g : 0.498673 [31mkl_synergy_rand_1 : 0.020728 [31mkl_synergy_rand_2 : 0.023169 [31mkl_synergy_1 : 0.015328 [31mkl_synergy_2 : 0.017452 [31mtotal : 0.579488 [31mdiag_kl_1 : 0.157220 [31mdiag_kl_2 : 0.193344 [94mAcc_combined: 74.02 [94mAcc_c: 56.77 [94mAcc_g: 77.51 [92mF1_combined: 71.87 [92mF1_c: 62.92 [92mF1_g: 77.75 [95mCEU_cue_audio: 0.5714 [95mCEU_cue_video: 0.7600 [95mCEU_synergy: 0.1305 [95mCEU_coexistence: 0.9273 [97mS:[93m13.0%[97m([91m1.3c[97m-[94mF1:12.9%) [97mU1:[93m57.1%[97m([91m5.2c[97m) [97mU2:[93m76.0%[97m([91m24.9c[97m) [97mR:[93m92.7%[97m([91m44.5c[97m) [97mS-L: [92m0:[96m7% [92m1:[96m22%[39m [39m
2026-07-25 15:59:37,086 - Agent - INFO - [37mVal Epoch 52 step 52 with [31mce_loss_combined : 0.497260 [31mce_loss_c : 0.803352 [31mce_loss_g : 0.580991 [31mkl_synergy_rand_1 : 0.022977 [31mkl_synergy_rand_2 : 0.027826 [31mkl_synergy_1 : 0.014259 [31mkl_synergy_2 : 0.023501 [31mtotal : 0.585822 [31mdiag_kl_1 : 0.193662 [31mdiag_kl_2 : 0.168227 [94mAcc_combined: 77.73 [94mAcc_c: 57.42 [94mAcc_g: 77.07 [92mF1_combined: 77.33 [92mF1_c: 64.86 [92mF1_g: 77.32 [95mCEU_cue_audio: 0.3337 [95mCEU_cue_video: 0.8534 [95mCEU_synergy: 0.1741 [95mCEU_coexistence: 0.9546 [97mS:[93m17.4%[97m([91m1.7c[97m-[94mF1:16.8%) [97mU1:[93m33.3%[97m([91m3.1c[97m) [97mU2:[93m85.3%[97m([91m27.9c[97m) [97mR:[93m95.5%[97m([91m45.9c[97m) [97mS-L: [92m0:[96m7% [92m1:[96m33%[39m [39m
2026-07-25 15:59:43,593 - Agent - INFO - [37mVal Epoch 53 step 53 with [31mce_loss_combined : 0.503201 [31mce_loss_c : 0.855733 [31mce_loss_g : 0.602058 [31mkl_synergy_rand_1 : 0.024260 [31mkl_synergy_rand_2 : 0.030640 [31mkl_synergy_1 : 0.016808 [31mkl_synergy_2 : 0.025237 [31mtotal : 0.600146 [31mdiag_kl_1 : 0.223675 [31mdiag_kl_2 : 0.142566 [94mAcc_combined: 79.26 [94mAcc_c: 55.46 [94mAcc_g: 77.51 [92mF1_combined: 79.03 [92mF1_c: 62.08 [92mF1_g: 77.75 [95mCEU_cue_audio: 0.2857 [95mCEU_cue_video: 0.9066 [95mCEU_synergy: 0.1741 [95mCEU_coexistence: 0.9455 [97mS:[93m17.4%[97m([91m1.7c[97m-[94mF1:16.8%) [97mU1:[93m28.6%[97m([91m2.6c[97m) [97mU2:[93m90.7%[97m([91m29.7c[97m) [97mR:[93m94.5%[97m([91m45.4c[97m) [97mS-L: [92m0:[96m21% [92m1:[96m11%[39m [39m
2026-07-25 15:59:50,055 - Agent - INFO - [37mVal Epoch 54 step 54 with [31mce_loss_combined : 0.480569 [31mce_loss_c : 0.818823 [31mce_loss_g : 0.525028 [31mkl_synergy_rand_1 : 0.019181 [31mkl_synergy_rand_2 : 0.023085 [31mkl_synergy_1 : 0.010952 [31mkl_synergy_2 : 0.019084 [31mtotal : 0.552871 [31mdiag_kl_1 : 0.216383 [31mdiag_kl_2 : 0.142649 [94mAcc_combined: 77.51 [94mAcc_c: 56.11 [94mAcc_g: 78.17 [92mF1_combined: 76.96 [92mF1_c: 61.57 [92mF1_g: 78.35 [95mCEU_cue_audio: 0.2857 [95mCEU_cue_video: 0.8666 [95mCEU_synergy: 0.2610 [95mCEU_coexistence: 0.9273 [97mS:[93m26.1%[97m([91m2.6c[97m-[94mF1:25.5%) [97mU1:[93m28.6%[97m([91m2.6c[97m) [97mU2:[93m86.7%[97m([91m28.4c[97m) [97mR:[93m92.7%[97m([91m44.5c[97m) [97mS-L: [92m0:[96m29% [92m1:[96m22%[39m [39m
2026-07-25 15:59:56,538 - Agent - INFO - [37mVal Epoch 55 step 55 with [31mce_loss_combined : 0.509444 [31mce_loss_c : 0.888402 [31mce_loss_g : 0.595999 [31mkl_synergy_rand_1 : 0.021711 [31mkl_synergy_rand_2 : 0.026872 [31mkl_synergy_1 : 0.016461 [31mkl_synergy_2 : 0.019665 [31mtotal : 0.594153 [31mdiag_kl_1 : 0.181652 [31mdiag_kl_2 : 0.189741 [94mAcc_combined: 77.29 [94mAcc_c: 56.11 [94mAcc_g: 77.29 [92mF1_combined: 76.99 [92mF1_c: 60.36 [92mF1_g: 77.49 [95mCEU_cue_audio: 0.2857 [95mCEU_cue_video: 0.8534 [95mCEU_synergy: 0.2171 [95mCEU_coexistence: 0.9363 [97mS:[93m21.7%[97m([91m2.2c[97m-[94mF1:21.6%) [97mU1:[93m28.6%[97m([91m2.6c[97m) [97mU2:[93m85.3%[97m([91m27.9c[97m) [97mR:[93m93.6%[97m([91m45.0c[97m) [97mS-L: [92m0:[96m14% [92m1:[96m33%[39m [39m
2026-07-25 16:00:02,983 - Evaluator - INFO - New best with accuracy-
2026-07-25 16:00:02,983 - Agent - INFO - [37mVal Epoch 56 step 56 with [31mce_loss_combined : 0.460157 [31mce_loss_c : 0.831450 [31mce_loss_g : 0.563780 [31mkl_synergy_rand_1 : 0.023787 [31mkl_synergy_rand_2 : 0.029906 [31mkl_synergy_1 : 0.013415 [31mkl_synergy_2 : 0.022901 [31mtotal : 0.550166 [31mdiag_kl_1 : 0.212228 [31mdiag_kl_2 : 0.123668 [94mAcc_combined: 80.35 [94mAcc_c: 58.52 [94mAcc_g: 78.82 [92mF1_combined: 80.18 [92mF1_c: 61.07 [92mF1_g: 78.96 [95mCEU_cue_audio: 0.1908 [95mCEU_cue_video: 0.9066 [95mCEU_synergy: 0.2610 [95mCEU_coexistence: 0.9636 [97mS:[93m26.1%[97m([91m2.6c[97m-[94mF1:26.1%) [97mU1:[93m19.0%[97m([91m1.7c[97m) [97mU2:[93m90.7%[97m([91m29.7c[97m) [97mR:[93m96.4%[97m([91m46.3c[97m) [97mS-L: [92m0:[96m21% [92m1:[96m33%[39m [39m
2026-07-25 16:00:03,001 - Agent - INFO - [37mTest Epoch 56 step 56 with [31mce_loss_combined : 0.596455 [31mce_loss_c : 0.876779 [31mce_loss_g : 0.779588 [31mkl_synergy_rand_1 : 0.020465 [31mkl_synergy_rand_2 : 0.027111 [31mkl_synergy_1 : 0.013625 [31mkl_synergy_2 : 0.024581 [31mtotal : 0.682237 [31mdiag_kl_1 : 0.272510 [31mdiag_kl_2 : 0.152747 [94mAcc_combined: 72.96 [94mAcc_c: 55.03 [94mAcc_g: 72.96 [92mF1_combined: 72.70 [92mF1_c: 60.17 [92mF1_g: 73.17 [95mCEU_cue_audio: 0.1890 [95mCEU_cue_video: 0.8755 [95mCEU_synergy: 0.1971 [95mCEU_coexistence: 0.9074 [97mS:[93m19.7%[97m([91m2.0c[97m-[94mF1:19.1%) [97mU1:[93m18.9%[97m([91m2.5c[97m) [97mU2:[93m87.6%[97m([91m29.7c[97m) [97mR:[93m90.8%[97m([91m38.6c[97m) [97mS-L: [92m0:[96m11% [92m1:[96m30%[39m [39m
2026-07-25 16:00:03,675 - Agent - INFO - [37mModel saved successfully at: ./artifacts/models/multibench/mosi/vt/SynIB_RMask_U_foldREFABL_mosi_fold1_l0.1_perturbrandom_fillema_pmin0.3_refuniform_lr0.0005_wd0.001_bs32.pth.tar[39m
2026-07-25 16:00:10,197 - Evaluator - INFO - New best with accuracy-
2026-07-25 16:00:10,197 - Agent - INFO - [37mVal Epoch 57 step 57 with [31mce_loss_combined : 0.464220 [31mce_loss_c : 0.824025 [31mce_loss_g : 0.520467 [31mkl_synergy_rand_1 : 0.022793 [31mkl_synergy_rand_2 : 0.028639 [31mkl_synergy_1 : 0.013564 [31mkl_synergy_2 : 0.026397 [31mtotal : 0.555613 [31mdiag_kl_1 : 0.221011 [31mdiag_kl_2 : 0.110518 [94mAcc_combined: 80.79 [94mAcc_c: 52.84 [94mAcc_g: 79.26 [92mF1_combined: 80.62 [92mF1_c: 62.63 [92mF1_g: 79.39 [95mCEU_cue_audio: 0.2377 [95mCEU_cue_video: 0.9066 [95mCEU_synergy: 0.1741 [95mCEU_coexistence: 0.9636 [97mS:[93m17.4%[97m([91m1.7c[97m-[94mF1:17.4%) [97mU1:[93m23.8%[97m([91m2.2c[97m) [97mU2:[93m90.7%[97m([91m29.7c[97m) [97mR:[93m96.4%[97m([91m46.3c[97m) [97mS-L: [92m0:[96m14% [92m1:[96m22%[39m [39m
2026-07-25 16:00:10,213 - Agent - INFO - [37mTest Epoch 57 step 57 with [31mce_loss_combined : 0.590216 [31mce_loss_c : 0.810059 [31mce_loss_g : 0.707900 [31mkl_synergy_rand_1 : 0.022057 [31mkl_synergy_rand_2 : 0.028414 [31mkl_synergy_1 : 0.014399 [31mkl_synergy_2 : 0.026089 [31mtotal : 0.681175 [31mdiag_kl_1 : 0.287667 [31mdiag_kl_2 : 0.136803 [94mAcc_combined: 72.81 [94mAcc_c: 51.09 [94mAcc_g: 73.62 [92mF1_combined: 72.39 [92mF1_c: 62.03 [92mF1_g: 73.84 [95mCEU_cue_audio: 0.2111 [95mCEU_cue_video: 0.8669 [95mCEU_synergy: 0.1971 [95mCEU_coexistence: 0.9110 [97mS:[93m19.7%[97m([91m2.0c[97m-[94mF1:19.7%) [97mU1:[93m21.1%[97m([91m2.8c[97m) [97mU2:[93m86.7%[97m([91m29.4c[97m) [97mR:[93m91.1%[97m([91m38.8c[97m) [97mS-L: [92m0:[96m16% [92m1:[96m24%[39m [39m
2026-07-25 16:00:10,896 - Agent - INFO - [37mModel saved successfully at: ./artifacts/models/multibench/mosi/vt/SynIB_RMask_U_foldREFABL_mosi_fold1_l0.1_perturbrandom_fillema_pmin0.3_refuniform_lr0.0005_wd0.001_bs32.pth.tar[39m
2026-07-25 16:00:17,566 - Agent - INFO - [37mVal Epoch 58 step 58 with [31mce_loss_combined : 0.491022 [31mce_loss_c : 0.837390 [31mce_loss_g : 0.604554 [31mkl_synergy_rand_1 : 0.022250 [31mkl_synergy_rand_2 : 0.028762 [31mkl_synergy_1 : 0.015000 [31mkl_synergy_2 : 0.022160 [31mtotal : 0.579195 [31mdiag_kl_1 : 0.214942 [31mdiag_kl_2 : 0.131477 [94mAcc_combined: 75.33 [94mAcc_c: 59.17 [94mAcc_g: 77.07 [92mF1_combined: 73.16 [92mF1_c: 62.97 [92mF1_g: 77.32 [95mCEU_cue_audio: 0.2377 [95mCEU_cue_video: 0.9334 [95mCEU_synergy: 0.0867 [95mCEU_coexistence: 0.8909 [97mS:[93m8.7%[97m([91m0.9c[97m-[94mF1:8.0%) [97mU1:[93m23.8%[97m([91m2.2c[97m) [97mU2:[93m93.3%[97m([91m30.6c[97m) [97mR:[93m89.1%[97m([91m42.8c[97m) [97mS-L: [92m0:[96m14%[39m [39m
2026-07-25 16:00:24,089 - Agent - INFO - [37mVal Epoch 59 step 59 with [31mce_loss_combined : 0.500845 [31mce_loss_c : 0.881173 [31mce_loss_g : 0.603829 [31mkl_synergy_rand_1 : 0.023169 [31mkl_synergy_rand_2 : 0.027896 [31mkl_synergy_1 : 0.014289 [31mkl_synergy_2 : 0.021307 [31mtotal : 0.587506 [31mdiag_kl_1 : 0.211758 [31mdiag_kl_2 : 0.154423 [94mAcc_combined: 74.02 [94mAcc_c: 57.64 [94mAcc_g: 77.07 [92mF1_combined: 72.00 [92mF1_c: 61.20 [92mF1_g: 77.32 [95mCEU_cue_audio: 0.2857 [95mCEU_cue_video: 0.8800 [95mCEU_synergy: 0.1741 [95mCEU_coexistence: 0.9363 [97mS:[93m17.4%[97m([91m1.7c[97m-[94mF1:16.8%) [97mU1:[93m28.6%[97m([91m2.6c[97m) [97mU2:[93m88.0%[97m([91m28.8c[97m) [97mR:[93m93.6%[97m([91m45.0c[97m) [97mS-L: [92m0:[96m21% [92m1:[96m11%[39m [39m
2026-07-25 16:00:30,658 - Agent - INFO - [37mVal Epoch 60 step 60 with [31mce_loss_combined : 0.501378 [31mce_loss_c : 0.869850 [31mce_loss_g : 0.624365 [31mkl_synergy_rand_1 : 0.024494 [31mkl_synergy_rand_2 : 0.028055 [31mkl_synergy_1 : 0.014593 [31mkl_synergy_2 : 0.021855 [31mtotal : 0.590375 [31mdiag_kl_1 : 0.205027 [31mdiag_kl_2 : 0.155689 [94mAcc_combined: 75.11 [94mAcc_c: 58.08 [94mAcc_g: 76.20 [92mF1_combined: 72.99 [92mF1_c: 61.60 [92mF1_g: 76.46 [95mCEU_cue_audio: 0.2377 [95mCEU_cue_video: 0.8800 [95mCEU_synergy: 0.1741 [95mCEU_coexistence: 0.9455 [97mS:[93m17.4%[97m([91m1.7c[97m-[94mF1:17.4%) [97mU1:[93m23.8%[97m([91m2.2c[97m) [97mU2:[93m88.0%[97m([91m28.8c[97m) [97mR:[93m94.5%[97m([91m45.4c[97m) [97mS-L: [92m0:[96m14% [92m1:[96m22%[39m [39m
2026-07-25 16:00:37,164 - Agent - INFO - [37mVal Epoch 61 step 61 with [31mce_loss_combined : 0.534939 [31mce_loss_c : 0.984773 [31mce_loss_g : 0.638386 [31mkl_synergy_rand_1 : 0.023439 [31mkl_synergy_rand_2 : 0.030223 [31mkl_synergy_1 : 0.016623 [31mkl_synergy_2 : 0.021187 [31mtotal : 0.626409 [31mdiag_kl_1 : 0.206268 [31mdiag_kl_2 : 0.139686 [94mAcc_combined: 72.71 [94mAcc_c: 55.90 [94mAcc_g: 75.55 [92mF1_combined: 70.02 [92mF1_c: 58.61 [92mF1_g: 75.55 [95mCEU_cue_audio: 0.1908 [95mCEU_cue_video: 0.8934 [95mCEU_synergy: 0.0867 [95mCEU_coexistence: 0.9273 [97mS:[93m8.7%[97m([91m0.9c[97m-[94mF1:8.0%) [97mU1:[93m19.0%[97m([91m1.7c[97m) [97mU2:[93m89.3%[97m([91m29.3c[97m) [97mR:[93m92.7%[97m([91m44.5c[97m) [97mS-L: [92m0:[96m14%[39m [39m
2026-07-25 16:00:43,774 - Agent - INFO - [37mVal Epoch 62 step 62 with [31mce_loss_combined : 0.519650 [31mce_loss_c : 0.896640 [31mce_loss_g : 0.639404 [31mkl_synergy_rand_1 : 0.026325 [31mkl_synergy_rand_2 : 0.032147 [31mkl_synergy_1 : 0.017879 [31mkl_synergy_2 : 0.022872 [31mtotal : 0.618873 [31mdiag_kl_1 : 0.194240 [31mdiag_kl_2 : 0.199814 [94mAcc_combined: 74.67 [94mAcc_c: 58.73 [94mAcc_g: 77.07 [92mF1_combined: 73.02 [92mF1_c: 62.12 [92mF1_g: 77.42 [95mCEU_cue_audio: 0.3806 [95mCEU_cue_video: 0.8134 [95mCEU_synergy: 0.1741 [95mCEU_coexistence: 0.9636 [97mS:[93m17.4%[97m([91m1.7c[97m-[94mF1:16.8%) [97mU1:[93m38.1%[97m([91m3.5c[97m) [97mU2:[93m81.3%[97m([91m26.6c[97m) [97mR:[93m96.4%[97m([91m46.3c[97m) [97mS-L: [92m0:[96m7% [92m1:[96m33%[39m [39m
2026-07-25 16:00:50,278 - Agent - INFO - [37mVal Epoch 63 step 63 with [31mce_loss_combined : 0.497294 [31mce_loss_c : 0.882020 [31mce_loss_g : 0.645107 [31mkl_synergy_rand_1 : 0.024239 [31mkl_synergy_rand_2 : 0.028122 [31mkl_synergy_1 : 0.016448 [31mkl_synergy_2 : 0.022070 [31mtotal : 0.588173 [31mdiag_kl_1 : 0.232459 [31mdiag_kl_2 : 0.171255 [94mAcc_combined: 75.11 [94mAcc_c: 58.73 [94mAcc_g: 76.42 [92mF1_combined: 72.99 [92mF1_c: 62.12 [92mF1_g: 76.52 [95mCEU_cue_audio: 0.3806 [95mCEU_cue_video: 0.8266 [95mCEU_synergy: 0.2610 [95mCEU_coexistence: 0.9455 [97mS:[93m26.1%[97m([91m2.6c[97m-[94mF1:26.1%) [97mU1:[93m38.1%[97m([91m3.5c[97m) [97mU2:[93m82.7%[97m([91m27.1c[97m) [97mR:[93m94.5%[97m([91m45.4c[97m) [97mS-L: [92m0:[96m21% [92m1:[96m33%[39m [39m
2026-07-25 16:00:56,811 - Agent - INFO - [37mVal Epoch 64 step 64 with [31mce_loss_combined : 0.516118 [31mce_loss_c : 1.001263 [31mce_loss_g : 0.657553 [31mkl_synergy_rand_1 : 0.023499 [31mkl_synergy_rand_2 : 0.027238 [31mkl_synergy_1 : 0.016237 [31mkl_synergy_2 : 0.019735 [31mtotal : 0.602826 [31mdiag_kl_1 : 0.200460 [31mdiag_kl_2 : 0.197580 [94mAcc_combined: 74.24 [94mAcc_c: 56.55 [94mAcc_g: 78.17 [92mF1_combined: 72.17 [92mF1_c: 58.28 [92mF1_g: 78.26 [95mCEU_cue_audio: 0.5714 [95mCEU_cue_video: 0.5600 [95mCEU_synergy: 0.1305 [95mCEU_coexistence: 0.9636 [97mS:[93m13.0%[97m([91m1.3c[97m-[94mF1:11.5%) [97mU1:[93m57.1%[97m([91m5.2c[97m) [97mU2:[93m56.0%[97m([91m18.3c[97m) [97mR:[93m96.4%[97m([91m46.3c[97m) [97mS-L: [92m1:[96m33%[39m [39m
2026-07-25 16:01:03,385 - Agent - INFO - [37mVal Epoch 65 step 65 with [31mce_loss_combined : 0.512837 [31mce_loss_c : 0.988132 [31mce_loss_g : 0.638491 [31mkl_synergy_rand_1 : 0.023733 [31mkl_synergy_rand_2 : 0.027476 [31mkl_synergy_1 : 0.015443 [31mkl_synergy_2 : 0.019779 [31mtotal : 0.599268 [31mdiag_kl_1 : 0.208022 [31mdiag_kl_2 : 0.156366 [94mAcc_combined: 74.67 [94mAcc_c: 57.42 [94mAcc_g: 76.64 [92mF1_combined: 71.98 [92mF1_c: 59.79 [92mF1_g: 76.79 [95mCEU_cue_audio: 0.5234 [95mCEU_cue_video: 0.6266 [95mCEU_synergy: 0.0867 [95mCEU_coexistence: 0.9455 [97mS:[93m8.7%[97m([91m0.9c[97m-[94mF1:8.7%) [97mU1:[93m52.4%[97m([91m4.8c[97m) [97mU2:[93m62.7%[97m([91m20.5c[97m) [97mR:[93m94.5%[97m([91m45.4c[97m) [97mS-L: [92m0:[96m7% [92m1:[96m11%[39m [39m
2026-07-25 16:01:09,926 - Agent - INFO - [37mVal Epoch 66 step 66 with [31mce_loss_combined : 0.510247 [31mce_loss_c : 0.983645 [31mce_loss_g : 0.610329 [31mkl_synergy_rand_1 : 0.023222 [31mkl_synergy_rand_2 : 0.028916 [31mkl_synergy_1 : 0.014883 [31mkl_synergy_2 : 0.019112 [31mtotal : 0.596380 [31mdiag_kl_1 : 0.183175 [31mdiag_kl_2 : 0.159703 [94mAcc_combined: 73.80 [94mAcc_c: 56.99 [94mAcc_g: 77.29 [92mF1_combined: 70.73 [92mF1_c: 60.36 [92mF1_g: 77.49 [95mCEU_cue_audio: 0.5234 [95mCEU_cue_video: 0.6934 [95mCEU_synergy: 0.1741 [95mCEU_coexistence: 0.9727 [97mS:[93m17.4%[97m([91m1.7c[97m-[94mF1:17.4%) [97mU1:[93m52.4%[97m([91m4.8c[97m) [97mU2:[93m69.3%[97m([91m22.7c[97m) [97mR:[93m97.3%[97m([91m46.7c[97m) [97mS-L: [92m0:[96m14% [92m1:[96m22%[39m [39m
2026-07-25 16:01:16,528 - Agent - INFO - [37mVal Epoch 67 step 67 with [31mce_loss_combined : 0.524304 [31mce_loss_c : 0.973483 [31mce_loss_g : 0.631078 [31mkl_synergy_rand_1 : 0.026829 [31mkl_synergy_rand_2 : 0.029963 [31mkl_synergy_1 : 0.016537 [31mkl_synergy_2 : 0.020829 [31mtotal : 0.618463 [31mdiag_kl_1 : 0.209685 [31mdiag_kl_2 : 0.163732 [94mAcc_combined: 70.96 [94mAcc_c: 57.64 [94mAcc_g: 76.86 [92mF1_combined: 70.25 [92mF1_c: 60.73 [92mF1_g: 76.96 [95mCEU_cue_audio: 0.5714 [95mCEU_cue_video: 0.6134 [95mCEU_synergy: 0.1305 [95mCEU_coexistence: 0.9363 [97mS:[93m13.0%[97m([91m1.3c[97m-[94mF1:12.9%) [97mU1:[93m57.1%[97m([91m5.2c[97m) [97mU2:[93m61.3%[97m([91m20.1c[97m) [97mR:[93m93.6%[97m([91m45.0c[97m) [97mS-L: [92m0:[96m7% [92m1:[96m22%[39m [39m
2026-07-25 16:01:23,076 - Agent - INFO - [37mVal Epoch 68 step 68 with [31mce_loss_combined : 0.508250 [31mce_loss_c : 0.964123 [31mce_loss_g : 0.616229 [31mkl_synergy_rand_1 : 0.025958 [31mkl_synergy_rand_2 : 0.027728 [31mkl_synergy_1 : 0.017040 [31mkl_synergy_2 : 0.021355 [31mtotal : 0.600332 [31mdiag_kl_1 : 0.197898 [31mdiag_kl_2 : 0.184903 [94mAcc_combined: 75.55 [94mAcc_c: 56.77 [94mAcc_g: 78.17 [92mF1_combined: 74.07 [92mF1_c: 59.09 [92mF1_g: 78.26 [95mCEU_cue_audio: 0.5714 [95mCEU_cue_video: 0.6266 [95mCEU_synergy: 0.1305 [95mCEU_coexistence: 0.9727 [97mS:[93m13.0%[97m([91m1.3c[97m-[94mF1:11.5%) [97mU1:[93m57.1%[97m([91m5.2c[97m) [97mU2:[93m62.7%[97m([91m20.5c[97m) [97mR:[93m97.3%[97m([91m46.7c[97m) [97mS-L: [92m1:[96m33%[39m [39m
2026-07-25 16:01:29,652 - Agent - INFO - [37mVal Epoch 69 step 69 with [31mce_loss_combined : 0.507587 [31mce_loss_c : 1.050234 [31mce_loss_g : 0.593988 [31mkl_synergy_rand_1 : 0.024249 [31mkl_synergy_rand_2 : 0.027208 [31mkl_synergy_1 : 0.017454 [31mkl_synergy_2 : 0.019548 [31mtotal : 0.596047 [31mdiag_kl_1 : 0.173130 [31mdiag_kl_2 : 0.161284 [94mAcc_combined: 74.67 [94mAcc_c: 54.80 [94mAcc_g: 79.04 [92mF1_combined: 72.25 [92mF1_c: 57.84 [92mF1_g: 79.22 [95mCEU_cue_audio: 0.4286 [95mCEU_cue_video: 0.6400 [95mCEU_synergy: 0.0867 [95mCEU_coexistence: 0.9727 [97mS:[93m8.7%[97m([91m0.9c[97m-[94mF1:8.0%) [97mU1:[93m42.9%[97m([91m3.9c[97m) [97mU2:[93m64.0%[97m([91m21.0c[97m) [97mR:[93m97.3%[97m([91m46.7c[97m) [97mS-L: [92m1:[96m22%[39m [39m
2026-07-25 16:01:36,162 - Agent - INFO - [37mVal Epoch 70 step 70 with [31mce_loss_combined : 0.493809 [31mce_loss_c : 0.997283 [31mce_loss_g : 0.601936 [31mkl_synergy_rand_1 : 0.026415 [31mkl_synergy_rand_2 : 0.030160 [31mkl_synergy_1 : 0.012934 [31mkl_synergy_2 : 0.020046 [31mtotal : 0.583364 [31mdiag_kl_1 : 0.183296 [31mdiag_kl_2 : 0.162528 [94mAcc_combined: 76.86 [94mAcc_c: 55.24 [94mAcc_g: 79.26 [92mF1_combined: 75.35 [92mF1_c: 58.75 [92mF1_g: 79.48 [95mCEU_cue_audio: 0.5234 [95mCEU_cue_video: 0.6400 [95mCEU_synergy: 0.1305 [95mCEU_coexistence: 0.9819 [97mS:[93m13.0%[97m([91m1.3c[97m-[94mF1:11.5%) [97mU1:[93m52.4%[97m([91m4.8c[97m) [97mU2:[93m64.0%[97m([91m21.0c[97m) [97mR:[93m98.2%[97m([91m47.2c[97m) [97mS-L: [92m1:[96m33%[39m [39m
2026-07-25 16:01:42,653 - Agent - INFO - [37mVal Epoch 71 step 71 with [31mce_loss_combined : 0.514289 [31mce_loss_c : 1.076172 [31mce_loss_g : 0.598452 [31mkl_synergy_rand_1 : 0.024837 [31mkl_synergy_rand_2 : 0.026712 [31mkl_synergy_1 : 0.015588 [31mkl_synergy_2 : 0.020290 [31mtotal : 0.601716 [31mdiag_kl_1 : 0.189910 [31mdiag_kl_2 : 0.195943 [94mAcc_combined: 74.24 [94mAcc_c: 55.46 [94mAcc_g: 79.26 [92mF1_combined: 71.63 [92mF1_c: 58.87 [92mF1_g: 79.30 [95mCEU_cue_audio: 0.6194 [95mCEU_cue_video: 0.5734 [95mCEU_synergy: 0.1305 [95mCEU_coexistence: 0.9636 [97mS:[93m13.0%[97m([91m1.3c[97m-[94mF1:11.5%) [97mU1:[93m61.9%[97m([91m5.7c[97m) [97mU2:[93m57.3%[97m([91m18.8c[97m) [97mR:[93m96.4%[97m([91m46.3c[97m) [97mS-L: [92m1:[96m33%[39m [39m
2026-07-25 16:01:49,234 - Agent - INFO - [37mVal Epoch 72 step 72 with [31mce_loss_combined : 0.488331 [31mce_loss_c : 1.004107 [31mce_loss_g : 0.597477 [31mkl_synergy_rand_1 : 0.023593 [31mkl_synergy_rand_2 : 0.028219 [31mkl_synergy_1 : 0.014665 [31mkl_synergy_2 : 0.020823 [31mtotal : 0.575632 [31mdiag_kl_1 : 0.196338 [31mdiag_kl_2 : 0.164912 [94mAcc_combined: 75.76 [94mAcc_c: 56.99 [94mAcc_g: 78.82 [92mF1_combined: 73.51 [92mF1_c: 60.52 [92mF1_g: 79.05 [95mCEU_cue_audio: 0.6194 [95mCEU_cue_video: 0.6534 [95mCEU_synergy: 0.1741 [95mCEU_coexistence: 0.9727 [97mS:[93m17.4%[97m([91m1.7c[97m-[94mF1:16.8%) [97mU1:[93m61.9%[97m([91m5.7c[97m) [97mU2:[93m65.3%[97m([91m21.4c[97m) [97mR:[93m97.3%[97m([91m46.7c[97m) [97mS-L: [92m0:[96m7% [92m1:[96m33%[39m [39m
2026-07-25 16:01:55,799 - Agent - INFO - [37mVal Epoch 73 step 73 with [31mce_loss_combined : 0.503341 [31mce_loss_c : 1.116574 [31mce_loss_g : 0.611106 [31mkl_synergy_rand_1 : 0.022402 [31mkl_synergy_rand_2 : 0.024539 [31mkl_synergy_1 : 0.014475 [31mkl_synergy_2 : 0.019375 [31mtotal : 0.584131 [31mdiag_kl_1 : 0.186028 [31mdiag_kl_2 : 0.178594 [94mAcc_combined: 74.45 [94mAcc_c: 55.46 [94mAcc_g: 79.04 [92mF1_combined: 72.73 [92mF1_c: 56.78 [92mF1_g: 79.13 [95mCEU_cue_audio: 0.5234 [95mCEU_cue_video: 0.6134 [95mCEU_synergy: 0.1305 [95mCEU_coexistence: 0.9546 [97mS:[93m13.0%[97m([91m1.3c[97m-[94mF1:11.5%) [97mU1:[93m52.4%[97m([91m4.8c[97m) [97mU2:[93m61.3%[97m([91m20.1c[97m) [97mR:[93m95.5%[97m([91m45.9c[97m) [97mS-L: [92m1:[96m33%[39m [39m
2026-07-25 16:02:02,297 - Agent - INFO - [37mVal Epoch 74 step 74 with [31mce_loss_combined : 0.518645 [31mce_loss_c : 1.046904 [31mce_loss_g : 0.622090 [31mkl_synergy_rand_1 : 0.025639 [31mkl_synergy_rand_2 : 0.025610 [31mkl_synergy_1 : 0.017115 [31mkl_synergy_2 : 0.020607 [31mtotal : 0.607616 [31mdiag_kl_1 : 0.181305 [31mdiag_kl_2 : 0.215827 [94mAcc_combined: 70.96 [94mAcc_c: 57.64 [94mAcc_g: 78.82 [92mF1_combined: 69.98 [92mF1_c: 60.89 [92mF1_g: 78.87 [95mCEU_cue_audio: 0.5714 [95mCEU_cue_video: 0.5334 [95mCEU_synergy: 0.1741 [95mCEU_coexistence: 0.9727 [97mS:[93m17.4%[97m([91m1.7c[97m-[94mF1:14.8%) [97mU1:[93m57.1%[97m([91m5.2c[97m) [97mU2:[93m53.3%[97m([91m17.5c[97m) [97mR:[93m97.3%[97m([91m46.7c[97m) [97mS-L: [92m1:[96m44%[39m [39m
2026-07-25 16:02:08,846 - Agent - INFO - [37mVal Epoch 75 step 75 with [31mce_loss_combined : 0.497466 [31mce_loss_c : 1.017789 [31mce_loss_g : 0.624045 [31mkl_synergy_rand_1 : 0.027322 [31mkl_synergy_rand_2 : 0.028530 [31mkl_synergy_1 : 0.015741 [31mkl_synergy_2 : 0.018347 [31mtotal : 0.587406 [31mdiag_kl_1 : 0.190976 [31mdiag_kl_2 : 0.195778 [94mAcc_combined: 70.74 [94mAcc_c: 59.17 [94mAcc_g: 78.82 [92mF1_combined: 70.22 [92mF1_c: 60.96 [92mF1_g: 78.87 [95mCEU_cue_audio: 0.6194 [95mCEU_cue_video: 0.5334 [95mCEU_synergy: 0.1305 [95mCEU_coexistence: 0.9636 [97mS:[93m13.0%[97m([91m1.3c[97m-[94mF1:11.5%) [97mU1:[93m61.9%[97m([91m5.7c[97m) [97mU2:[93m53.3%[97m([91m17.5c[97m) [97mR:[93m96.4%[97m([91m46.3c[97m) [97mS-L: [92m1:[96m33%[39m [39m
2026-07-25 16:02:15,404 - Agent - INFO - [37mVal Epoch 76 step 76 with [31mce_loss_combined : 0.521884 [31mce_loss_c : 1.092613 [31mce_loss_g : 0.624662 [31mkl_synergy_rand_1 : 0.025985 [31mkl_synergy_rand_2 : 0.026908 [31mkl_synergy_1 : 0.016483 [31mkl_synergy_2 : 0.021144 [31mtotal : 0.612403 [31mdiag_kl_1 : 0.170533 [31mdiag_kl_2 : 0.204295 [94mAcc_combined: 68.78 [94mAcc_c: 57.21 [94mAcc_g: 78.38 [92mF1_combined: 68.01 [92mF1_c: 58.82 [92mF1_g: 78.43 [95mCEU_cue_audio: 0.6194 [95mCEU_cue_video: 0.4934 [95mCEU_synergy: 0.2171 [95mCEU_coexistence: 0.9546 [97mS:[93m21.7%[97m([91m2.2c[97m-[94mF1:17.9%) [97mU1:[93m61.9%[97m([91m5.7c[97m) [97mU2:[93m49.3%[97m([91m16.2c[97m) [97mR:[93m95.5%[97m([91m45.9c[97m) [97mS-L: [92m1:[96m56%[39m [39m
2026-07-25 16:02:21,946 - Agent - INFO - [37mVal Epoch 77 step 77 with [31mce_loss_combined : 0.499410 [31mce_loss_c : 1.082032 [31mce_loss_g : 0.627350 [31mkl_synergy_rand_1 : 0.026745 [31mkl_synergy_rand_2 : 0.027553 [31mkl_synergy_1 : 0.015238 [31mkl_synergy_2 : 0.020027 [31mtotal : 0.588972 [31mdiag_kl_1 : 0.213035 [31mdiag_kl_2 : 0.208524 [94mAcc_combined: 70.09 [94mAcc_c: 56.99 [94mAcc_g: 78.82 [92mF1_combined: 69.21 [92mF1_c: 58.70 [92mF1_g: 78.87 [95mCEU_cue_audio: 0.5714 [95mCEU_cue_video: 0.5466 [95mCEU_synergy: 0.1305 [95mCEU_coexistence: 0.9546 [97mS:[93m13.0%[97m([91m1.3c[97m-[94mF1:11.5%) [97mU1:[93m57.1%[97m([91m5.2c[97m) [97mU2:[93m54.7%[97m([91m17.9c[97m) [97mR:[93m95.5%[97m([91m45.9c[97m) [97mS-L: [92m1:[96m33%[39m [39m
2026-07-25 16:02:28,532 - Agent - INFO - [37mVal Epoch 78 step 78 with [31mce_loss_combined : 0.509072 [31mce_loss_c : 1.084505 [31mce_loss_g : 0.638124 [31mkl_synergy_rand_1 : 0.025761 [31mkl_synergy_rand_2 : 0.028363 [31mkl_synergy_1 : 0.017519 [31mkl_synergy_2 : 0.020191 [31mtotal : 0.600907 [31mdiag_kl_1 : 0.183502 [31mdiag_kl_2 : 0.197906 [94mAcc_combined: 70.31 [94mAcc_c: 57.64 [94mAcc_g: 78.82 [92mF1_combined: 69.37 [92mF1_c: 59.58 [92mF1_g: 78.87 [95mCEU_cue_audio: 0.6194 [95mCEU_cue_video: 0.5600 [95mCEU_synergy: 0.2171 [95mCEU_coexistence: 0.9546 [97mS:[93m21.7%[97m([91m2.2c[97m-[94mF1:20.4%) [97mU1:[93m61.9%[97m([91m5.7c[97m) [97mU2:[93m56.0%[97m([91m18.3c[97m) [97mR:[93m95.5%[97m([91m45.9c[97m) [97mS-L: [92m0:[96m7% [92m1:[96m44%[39m [39m
2026-07-25 16:02:35,152 - Agent - INFO - [37mVal Epoch 79 step 79 with [31mce_loss_combined : 0.490591 [31mce_loss_c : 1.056303 [31mce_loss_g : 0.626156 [31mkl_synergy_rand_1 : 0.026095 [31mkl_synergy_rand_2 : 0.028534 [31mkl_synergy_1 : 0.015647 [31mkl_synergy_2 : 0.019432 [31mtotal : 0.580300 [31mdiag_kl_1 : 0.199948 [31mdiag_kl_2 : 0.181986 [94mAcc_combined: 72.27 [94mAcc_c: 59.17 [94mAcc_g: 79.48 [92mF1_combined: 71.59 [92mF1_c: 60.47 [92mF1_g: 79.57 [95mCEU_cue_audio: 0.6194 [95mCEU_cue_video: 0.5600 [95mCEU_synergy: 0.1741 [95mCEU_coexistence: 0.9636 [97mS:[93m17.4%[97m([91m1.7c[97m-[94mF1:14.8%) [97mU1:[93m61.9%[97m([91m5.7c[97m) [97mU2:[93m56.0%[97m([91m18.3c[97m) [97mR:[93m96.4%[97m([91m46.3c[97m) [97mS-L: [92m1:[96m44%[39m [39m
2026-07-25 16:02:41,958 - Agent - INFO - [37mVal Epoch 80 step 80 with [31mce_loss_combined : 0.530068 [31mce_loss_c : 1.110755 [31mce_loss_g : 0.637728 [31mkl_synergy_rand_1 : 0.025844 [31mkl_synergy_rand_2 : 0.027169 [31mkl_synergy_1 : 0.015498 [31mkl_synergy_2 : 0.019012 [31mtotal : 0.617591 [31mdiag_kl_1 : 0.155007 [31mdiag_kl_2 : 0.216186 [94mAcc_combined: 70.09 [94mAcc_c: 56.77 [94mAcc_g: 78.38 [92mF1_combined: 69.76 [92mF1_c: 58.05 [92mF1_g: 78.43 [95mCEU_cue_audio: 0.6194 [95mCEU_cue_video: 0.4934 [95mCEU_synergy: 0.1741 [95mCEU_coexistence: 0.9727 [97mS:[93m17.4%[97m([91m1.7c[97m-[94mF1:14.8%) [97mU1:[93m61.9%[97m([91m5.7c[97m) [97mU2:[93m49.3%[97m([91m16.2c[97m) [97mR:[93m97.3%[97m([91m46.7c[97m) [97mS-L: [92m1:[96m44%[39m [39m
2026-07-25 16:02:48,535 - Agent - INFO - [37mVal Epoch 81 step 81 with [31mce_loss_combined : 0.495809 [31mce_loss_c : 1.039415 [31mce_loss_g : 0.638081 [31mkl_synergy_rand_1 : 0.026044 [31mkl_synergy_rand_2 : 0.028538 [31mkl_synergy_1 : 0.015929 [31mkl_synergy_2 : 0.020121 [31mtotal : 0.586439 [31mdiag_kl_1 : 0.183958 [31mdiag_kl_2 : 0.192657 [94mAcc_combined: 72.27 [94mAcc_c: 58.73 [94mAcc_g: 78.17 [92mF1_combined: 71.84 [92mF1_c: 60.38 [92mF1_g: 78.17 [95mCEU_cue_audio: 0.6194 [95mCEU_cue_video: 0.5334 [95mCEU_synergy: 0.1741 [95mCEU_coexistence: 0.9819 [97mS:[93m17.4%[97m([91m1.7c[97m-[94mF1:14.8%) [97mU1:[93m61.9%[97m([91m5.7c[97m) [97mU2:[93m53.3%[97m([91m17.5c[97m) [97mR:[93m98.2%[97m([91m47.2c[97m) [97mS-L: [92m1:[96m44%[39m [39m
2026-07-25 16:02:54,992 - Agent - INFO - [37mVal Epoch 82 step 82 with [31mce_loss_combined : 0.501514 [31mce_loss_c : 1.044083 [31mce_loss_g : 0.635019 [31mkl_synergy_rand_1 : 0.026009 [31mkl_synergy_rand_2 : 0.028925 [31mkl_synergy_1 : 0.015195 [31mkl_synergy_2 : 0.019746 [31mtotal : 0.591389 [31mdiag_kl_1 : 0.170127 [31mdiag_kl_2 : 0.194721 [94mAcc_combined: 71.83 [94mAcc_c: 58.08 [94mAcc_g: 78.82 [92mF1_combined: 71.52 [92mF1_c: 59.49 [92mF1_g: 78.87 [95mCEU_cue_audio: 0.6194 [95mCEU_cue_video: 0.5334 [95mCEU_synergy: 0.1741 [95mCEU_coexistence: 0.9727 [97mS:[93m17.4%[97m([91m1.7c[97m-[94mF1:14.8%) [97mU1:[93m61.9%[97m([91m5.7c[97m) [97mU2:[93m53.3%[97m([91m17.5c[97m) [97mR:[93m97.3%[97m([91m46.7c[97m) [97mS-L: [92m1:[96m44%[39m [39m
2026-07-25 16:03:01,509 - Agent - INFO - [37mVal Epoch 83 step 83 with [31mce_loss_combined : 0.508299 [31mce_loss_c : 1.073474 [31mce_loss_g : 0.637207 [31mkl_synergy_rand_1 : 0.025865 [31mkl_synergy_rand_2 : 0.027148 [31mkl_synergy_1 : 0.015835 [31mkl_synergy_2 : 0.017602 [31mtotal : 0.594750 [31mdiag_kl_1 : 0.175783 [31mdiag_kl_2 : 0.208883 [94mAcc_combined: 71.62 [94mAcc_c: 59.17 [94mAcc_g: 78.38 [92mF1_combined: 71.24 [92mF1_c: 60.30 [92mF1_g: 78.43 [95mCEU_cue_audio: 0.6194 [95mCEU_cue_video: 0.5600 [95mCEU_synergy: 0.1741 [95mCEU_coexistence: 0.9636 [97mS:[93m17.4%[97m([91m1.7c[97m-[94mF1:14.8%) [97mU1:[93m61.9%[97m([91m5.7c[97m) [97mU2:[93m56.0%[97m([91m18.3c[97m) [97mR:[93m96.4%[97m([91m46.3c[97m) [97mS-L: [92m1:[96m44%[39m [39m
2026-07-25 16:03:08,088 - Agent - INFO - [37mVal Epoch 84 step 84 with [31mce_loss_combined : 0.508277 [31mce_loss_c : 1.059968 [31mce_loss_g : 0.645957 [31mkl_synergy_rand_1 : 0.026076 [31mkl_synergy_rand_2 : 0.028580 [31mkl_synergy_1 : 0.015896 [31mkl_synergy_2 : 0.019771 [31mtotal : 0.598599 [31mdiag_kl_1 : 0.188281 [31mdiag_kl_2 : 0.208348 [94mAcc_combined: 69.65 [94mAcc_c: 59.39 [94mAcc_g: 78.38 [92mF1_combined: 69.18 [92mF1_c: 60.76 [92mF1_g: 78.43 [95mCEU_cue_audio: 0.6194 [95mCEU_cue_video: 0.5200 [95mCEU_synergy: 0.1741 [95mCEU_coexistence: 0.9636 [97mS:[93m17.4%[97m([91m1.7c[97m-[94mF1:14.8%) [97mU1:[93m61.9%[97m([91m5.7c[97m) [97mU2:[93m52.0%[97m([91m17.0c[97m) [97mR:[93m96.4%[97m([91m46.3c[97m) [97mS-L: [92m1:[96m44%[39m [39m
2026-07-25 16:03:14,645 - Agent - INFO - [37mVal Epoch 85 step 85 with [31mce_loss_combined : 0.519768 [31mce_loss_c : 1.075050 [31mce_loss_g : 0.666312 [31mkl_synergy_rand_1 : 0.025973 [31mkl_synergy_rand_2 : 0.027526 [31mkl_synergy_1 : 0.015338 [31mkl_synergy_2 : 0.020087 [31mtotal : 0.608692 [31mdiag_kl_1 : 0.179162 [31mdiag_kl_2 : 0.211118 [94mAcc_combined: 69.43 [94mAcc_c: 59.83 [94mAcc_g: 77.07 [92mF1_combined: 68.47 [92mF1_c: 60.68 [92mF1_g: 77.12 [95mCEU_cue_audio: 0.6194 [95mCEU_cue_video: 0.5200 [95mCEU_synergy: 0.1741 [95mCEU_coexistence: 0.9546 [97mS:[93m17.4%[97m([91m1.7c[97m-[94mF1:14.8%) [97mU1:[93m61.9%[97m([91m5.7c[97m) [97mU2:[93m52.0%[97m([91m17.0c[97m) [97mR:[93m95.5%[97m([91m45.9c[97m) [97mS-L: [92m1:[96m44%[39m [39m
2026-07-25 16:03:21,267 - Agent - INFO - [37mVal Epoch 86 step 86 with [31mce_loss_combined : 0.499554 [31mce_loss_c : 1.101317 [31mce_loss_g : 0.624996 [31mkl_synergy_rand_1 : 0.023990 [31mkl_synergy_rand_2 : 0.027356 [31mkl_synergy_1 : 0.015380 [31mkl_synergy_2 : 0.018652 [31mtotal : 0.584932 [31mdiag_kl_1 : 0.161175 [31mdiag_kl_2 : 0.216916 [94mAcc_combined: 70.31 [94mAcc_c: 58.30 [94mAcc_g: 80.13 [92mF1_combined: 69.51 [92mF1_c: 60.13 [92mF1_g: 80.17 [95mCEU_cue_audio: 0.6194 [95mCEU_cue_video: 0.5200 [95mCEU_synergy: 0.2171 [95mCEU_coexistence: 0.9546 [97mS:[93m21.7%[97m([91m2.2c[97m-[94mF1:20.4%) [97mU1:[93m61.9%[97m([91m5.7c[97m) [97mU2:[93m52.0%[97m([91m17.0c[97m) [97mR:[93m95.5%[97m([91m45.9c[97m) [97mS-L: [92m0:[96m7% [92m1:[96m44%[39m [39m
2026-07-25 16:03:21,811 - Agent - INFO - We are in the final state.
2026-07-25 16:03:21,895 - root - INFO - Loaded best model from best_model_accuracy_state_dict
2026-07-25 16:03:22,890 - Agent - INFO - [37mVal Epoch 86 step 0 with [31mce_loss_combined : 0.464220 [31mce_loss_c : 0.824025 [31mce_loss_g : 0.520467 [31mkl_synergy_rand_1 : 0.022632 [31mkl_synergy_rand_2 : 0.029990 [31mkl_synergy_1 : 0.013551 [31mkl_synergy_2 : 0.026445 [31mtotal : 0.556839 [31mdiag_kl_1 : 0.236891 [31mdiag_kl_2 : 0.113025 [94mAcc_combined: 80.79 [94mAcc_c: 52.84 [94mAcc_g: 79.26 [92mF1_combined: 80.62 [92mF1_c: 62.63 [92mF1_g: 79.39 [95mCEU_cue_audio: 0.2377 [95mCEU_cue_video: 0.9066 [95mCEU_synergy: 0.1741 [95mCEU_coexistence: 0.9636 [97mS:[93m17.4%[97m([91m1.7c[97m-[94mF1:17.4%) [97mU1:[93m23.8%[97m([91m2.2c[97m) [97mU2:[93m90.7%[97m([91m29.7c[97m) [97mR:[93m96.4%[97m([91m46.3c[97m) [97mS-L: [92m0:[96m14% [92m1:[96m22%[39m [39m
2026-07-25 16:03:24,888 - Agent - INFO - [37mTest Epoch 86 step 0 with [31mce_loss_combined : 0.590216 [31mce_loss_c : 0.810059 [31mce_loss_g : 0.707900 [31mkl_synergy_rand_1 : 0.021323 [31mkl_synergy_rand_2 : 0.028366 [31mkl_synergy_1 : 0.014665 [31mkl_synergy_2 : 0.026601 [31mtotal : 0.681170 [31mdiag_kl_1 : 0.290078 [31mdiag_kl_2 : 0.140351 [94mAcc_combined: 72.81 [94mAcc_c: 51.09 [94mAcc_g: 73.62 [92mF1_combined: 72.39 [92mF1_c: 62.03 [92mF1_g: 73.84 [95mCEU_cue_audio: 0.2111 [95mCEU_cue_video: 0.8669 [95mCEU_synergy: 0.1971 [95mCEU_coexistence: 0.9110 [97mS:[93m19.7%[97m([91m2.0c[97m-[94mF1:19.7%) [97mU1:[93m21.1%[97m([91m2.8c[97m) [97mU2:[93m86.7%[97m([91m29.4c[97m) [97mR:[93m91.1%[97m([91m38.8c[97m) [97mS-L: [92m0:[96m16% [92m1:[96m24%[39m [39m
2026-07-25 16:03:25,558 - Agent - INFO - [37mModel saved successfully at: ./artifacts/models/multibench/mosi/vt/SynIB_RMask_U_foldREFABL_mosi_fold1_l0.1_perturbrandom_fillema_pmin0.3_refuniform_lr0.0005_wd0.001_bs32.pth.tar[39m
Job finished
