Starting SynIB reference-ablation job
Python 3.10.19
/esat/smcdata/users/kkontras/Image_Dataset/no_backup/git/SynIB  (git a2fb4fd)
GPU 0: NVIDIA GeForce RTX 4070 Ti SUPER (UUID: GPU-d2a33811-19af-7b18-0dbc-8a49767988ab)
Executing: PYTHONPATH=src /esat/smcdata/users/kkontras/Image_Dataset/no_backup/envs/synergy_new/bin/python -m synib.entrypoints.train --config run/configs/rebuttal_ref_ablation/urfunny_synib.json --default_config run/configs/rebuttal_ref_ablation/urfunny_default.json --fold 2 --rmask random --l 0.001 --perturb_pmin 0.7 --perturb_fill ema --lr 0.001 --wd 0.001 --reference_type class_prior --ref_diag --start_over --tag REFABL_urfunny
Namespace(config='run/configs/rebuttal_ref_ablation/urfunny_synib.json', default_config='run/configs/rebuttal_ref_ablation/urfunny_default.json', fold='2', alpha=None, tanh_mode_beta=None, regby=None, batch_size=None, l='0.001', multil=None, lib=None, kmepoch=None, num_samples=None, contrcoeff=None, contr_type=None, shuffle_type=None, validate_with=None, num_classes=None, optim_method=None, ending_epoch=None, load_ongoing=None, recon_weight1=None, recon_weight2=None, recon_epochstages=None, recon_ensemblestages=None, lr='0.001', wd='0.001', cls=None, ironic_rate=None, perturb='random', perturb_fill='ema', perturb_pmax=None, perturb_pmin='0.7', perturb_lsparse=None, rmask='random', pmin=None, pmax=None, lsparse=None, debug_mask_stats=False, pre=False, frozen=False, tdqm_disable=False, start_over=True, no_model_save=False, num_layers=None, grad_accum=None, init_from=None, init_strict=False, perturb_lsparse_sign=None, l_anneal_epochs=None, perturb_steps=None, perturb_lsparse_warmup=None, perturb_lsparse_schedule=None, persist_ell=False, save_masks=False, penalty_swap=False, disable_ce_random=False, disable_kl_learned=False, masking_only=False, modality_dropout=None, modality_dropout_target=None, l_z1_masked=None, l_z2_masked=None, l_pareto=None, reference_type='class_prior', ref_diag=True, ref_ema_decay=None, tag='REFABL_urfunny')
2026-07-25 16:59:11,897 - Config - INFO - run/configs/rebuttal_ref_ablation/urfunny_synib.json
2026-07-25 16:59:11,902 - Config - INFO -  THE Configuration of your experiment ..
{'agent': 'Agent',
 'dataset': {'data_roots': './src/synib/mydatasets/Factor_CL_Datasets/prepared/ur_funny/ur_funny_data.pkl',
             'data_type': 'humor',
             'dataloader_class': 'FactorCL_Dataloader',
             'kfold_data_roots': './src/synib/mydatasets/Factor_CL_Datasets/prepared/ur_funny/ur_funny_synergy3.pkl'},
 'early_stopping': {'end_of_epoch_check': True,
                    'log_interval': 10,
                    'max_epoch': 100,
                    'n_steps_stop': 30,
                    'n_steps_stop_after': 0,
                    'save_every_step': 3000,
                    'save_every_valstep': 50,
                    'validate_after': 0,
                    'validate_every': 185},
 'exp_name': 'UR-FUNNY Experiment',
 'model': {'args': {'bias_infusion': {'method': False},
                    'clip_grad': False,
                    'cls_type': 'mlp',
                    'd_model': 40,
                    'dropout': 0.1,
                    'fc_inner': 64,
                    'hidden_dim': 64,
                    'in_dim': 64,
                    'multi_loss': {'multi_supervised_w': {'c': 1,
                                                          'combined': 1,
                                                          'g': 1}},
                    'norm_decision': False,
                    'num_classes': 2},
           'ceu': {'test': './artifacts/ceus/ur_funny/ur_funny_ceu_test.pkl',
                   'val': './artifacts/ceus/ur_funny/ur_funny_ceu_val.pkl'},
           'encoders': [{'args': {'freeze_encoder': False,
                                  'hidden_size': 40,
                                  'modality': 'c',
                                  'n_features': 371,
                                  'num_classes': 2},
                         'model': 'FactorCL_Uni',
                         'pretrainedEncoder': {'dir': 'unimodal_video_fold{}_vldaccuracy_lr0.001_wd0.0001.pth.tar',
                                               'use': True}},
                        {'args': {'freeze_encoder': False,
                                  'hidden_size': 40,
                                  'modality': 'g',
                                  'n_features': 300,
                                  'num_classes': 2},
                         'model': 'FactorCL_Uni',
                         'pretrainedEncoder': {'dir': 'unimodal_text_fold{}_vldaccuracy_lr0.001_wd0.001.pth.tar',
                                               'use': True}}],
           'load_ongoing': False,
           'model_class': 'FusionIBModel_Mask',
           'save_base_dir': './artifacts/models/multibench/ur_funny/vt',
           'save_dir': 'SynIB_RMask_{}.pth.tar'},
 'optimizer': {'beta1': 0.9,
               'beta2': 0.999,
               'learning_rate': 0.0001,
               'momentum': 0.9,
               'type': 'Adam',
               'weight_decay': 0.0001},
 'scheduler': {'max_lr': 0.03, 'type': 'cosanneal', 'warm_up_steps': 780},
 'task': 'classification',
 'training_params': {'adversarial_training': {'adv_epsilon': 0.01,
                                              'use': False},
                     'async_loading': True,
                     'batch_size': 32,
                     'cuda': True,
                     'data_loader_workers': 8,
                     'gpu_device': [0],
                     'pin_memory': True,
                     'rec_test': True,
                     'res': True,
                     'seed': 109,
                     'tdqm_disable': False,
                     'test_batch_size': 32,
                     'test_on_bottoms': False,
                     'use_test_set': True,
                     'validation': True,
                     'verbose': True,
                     'wandb_disable': True}}
2026-07-25 16:59:11,907 - Config - INFO -  *************************************** 
2026-07-25 16:59:11,907 - Config - INFO - The experiment name is UR-FUNNY Experiment
2026-07-25 16:59:11,907 - Config - INFO -  *************************************** 
2026-07-25 16:59:11,907 - root - INFO - save_dir: SynIB_RMask_REFABL_urfunny_fold2_l0.001_perturbrandom_fillema_pmin0.7_refclass_prior_lr0.001_wd0.001.pth.tar
2026-07-25 16:59:12,073 - Cuda Statistics - INFO - __Python VERSION:  3.10.19 (main, Oct 21 2025, 16:43:05) [GCC 11.2.0]
2026-07-25 16:59:12,073 - Cuda Statistics - INFO - __pyTorch VERSION:  2.9.1+cu128
2026-07-25 16:59:12,073 - Cuda Statistics - INFO - __CUDA VERSION
2026-07-25 16:59:12,136 - Cuda Statistics - INFO - __CUDNN VERSION:  91002
2026-07-25 16:59:12,188 - Cuda Statistics - INFO - __Number CUDA Devices:  1
2026-07-25 16:59:12,188 - Cuda Statistics - INFO - __Devices
2026-07-25 16:59:12,188 - Cuda Statistics - INFO - index, name, driver_version, memory.total [MiB], memory.used [MiB], memory.free [MiB]
2026-07-25 16:59:12,188 - Cuda Statistics - INFO - 0, NVIDIA GeForce RTX 4070 Ti SUPER, 610.43.03, 16376 MiB, 657 MiB, 15316 MiB
2026-07-25 16:59:12,207 - Cuda Statistics - INFO - Active CUDA Device: GPU 0
2026-07-25 16:59:12,208 - Cuda Statistics - INFO - Available devices  1
2026-07-25 16:59:12,208 - Cuda Statistics - INFO - Current cuda device  0
2026-07-25 16:59:14,660 - Agent - INFO - Device: cuda:0
2026-07-25 16:59:14,661 - Agent - INFO - Total training batches: 253, validate every 185 batches, steps per epoch: 2
2026-07-25 16:59:21,552 - Agent - INFO - class_prior counts=[4032, 4042] prior=[0.4994, 0.5006]
2026-07-25 16:59:21,554 - Agent - INFO - Loss Weights are {'total': 1, 'combined': 1, 'c': 1, 'g': 1}
2026-07-25 16:59:21,554 - root - INFO - There is no CEU for train
2026-07-25 16:59:21,853 - root - INFO - Loading enc best model state dict from ./artifacts/models/multibench/ur_funny/vt/unimodal_video_fold2_vldaccuracy_lr0.001_wd0.0001.pth.tar
2026-07-25 16:59:22,115 - root - INFO - Loading enc best model state dict from ./artifacts/models/multibench/ur_funny/vt/unimodal_text_fold2_vldaccuracy_lr0.001_wd0.001.pth.tar
2026-07-25 16:59:22,357 - Agent - INFO - Total number of trainable parameters are: 3520992
2026-07-25 16:59:22,370 - Agent - INFO - Total number of trainable parameters are: 1767508
2026-07-25 17:00:11,936 - Evaluator - INFO - New best with loss-accuracy-syn_accuracy-
2026-07-25 17:00:11,937 - Agent - INFO - [37mVal Epoch 1 step 1 with [31mce_loss_combined : 0.678095 [31mce_loss_c : 0.700278 [31mce_loss_g : 0.680232 [31mkl_synergy_rand_1 : 0.000065 [31mkl_synergy_rand_2 : 0.000083 [31mkl_synergy_1 : 0.000049 [31mkl_synergy_2 : 0.000084 [31mtotal : 0.678376 [31mdiag_kl_1 : 0.061485 [31mdiag_kl_2 : 0.025657 [94mAcc_combined: 60.59 [94mAcc_c: 50.87 [94mAcc_g: 61.27 [92mF1_combined: 58.18 [92mF1_c: 66.84 [92mF1_g: 59.93 [95mCEU_cue_audio: 0.2753 [95mCEU_cue_video: 0.7771 [95mCEU_synergy: 0.2341 [95mCEU_coexistence: 0.8269 [97mS:[93m23.4%[97m([91m4.5c[97m-[94mF1:19.0%) [97mU1:[93m27.5%[97m([91m4.7c[97m) [97mU2:[93m77.7%[97m([91m23.6c[97m) [97mR:[93m82.7%[97m([91m27.3c[97m) [97mS-L: [92m1:[96m27%[39m [39m
2026-07-25 17:00:11,958 - Agent - INFO - [37mTest Epoch 1 step 1 with [31mce_loss_combined : 0.635060 [31mce_loss_c : 0.688304 [31mce_loss_g : 0.636912 [31mkl_synergy_rand_1 : 0.000073 [31mkl_synergy_rand_2 : 0.000085 [31mkl_synergy_1 : 0.000043 [31mkl_synergy_2 : 0.000090 [31mtotal : 0.635352 [31mdiag_kl_1 : 0.066545 [31mdiag_kl_2 : 0.027366 [94mAcc_combined: 63.37 [94mAcc_c: 50.43 [94mAcc_g: 63.52 [92mF1_combined: 61.42 [92mF1_c: 66.56 [92mF1_g: 62.12 [95mCEU_cue_audio: 0.3556 [95mCEU_cue_video: 0.7808 [95mCEU_synergy: 0.2615 [95mCEU_coexistence: 0.8610 [97mS:[93m26.2%[97m([91m4.8c[97m-[94mF1:20.7%) [97mU1:[93m35.5%[97m([91m7.1c[97m) [97mU2:[93m78.1%[97m([91m21.6c[97m) [97mR:[93m86.1%[97m([91m29.3c[97m) [97mS-L: [92m1:[96m32%[39m [39m
2026-07-25 17:00:12,105 - Agent - INFO - [37mModel saved successfully at: ./artifacts/models/multibench/ur_funny/vt/SynIB_RMask_REFABL_urfunny_fold2_l0.001_perturbrandom_fillema_pmin0.7_refclass_prior_lr0.001_wd0.001.pth.tar[39m
2026-07-25 17:00:59,460 - Evaluator - INFO - New best with accuracy-syn_accuracy-
2026-07-25 17:00:59,461 - Agent - INFO - [37mVal Epoch 2 step 2 with [31mce_loss_combined : 0.689934 [31mce_loss_c : 0.695577 [31mce_loss_g : 0.688719 [31mkl_synergy_rand_1 : 0.000084 [31mkl_synergy_rand_2 : 0.000111 [31mkl_synergy_1 : 0.000060 [31mkl_synergy_2 : 0.000113 [31mtotal : 0.690302 [31mdiag_kl_1 : 0.086282 [31mdiag_kl_2 : 0.027004 [94mAcc_combined: 61.17 [94mAcc_c: 51.16 [94mAcc_g: 61.12 [92mF1_combined: 58.97 [92mF1_c: 66.04 [92mF1_g: 59.80 [95mCEU_cue_audio: 0.1854 [95mCEU_cue_video: 0.8344 [95mCEU_synergy: 0.2937 [95mCEU_coexistence: 0.8005 [97mS:[93m29.4%[97m([91m5.7c[97m-[94mF1:22.7%) [97mU1:[93m18.5%[97m([91m3.2c[97m) [97mU2:[93m83.4%[97m([91m25.3c[97m) [97mR:[93m80.1%[97m([91m26.4c[97m) [97mS-L: [92m1:[96m35%[39m [39m
2026-07-25 17:00:59,481 - Agent - INFO - [37mTest Epoch 2 step 2 with [31mce_loss_combined : 0.647710 [31mce_loss_c : 0.685152 [31mce_loss_g : 0.647102 [31mkl_synergy_rand_1 : 0.000097 [31mkl_synergy_rand_2 : 0.000117 [31mkl_synergy_1 : 0.000058 [31mkl_synergy_2 : 0.000121 [31mtotal : 0.648102 [31mdiag_kl_1 : 0.093251 [31mdiag_kl_2 : 0.026461 [94mAcc_combined: 62.33 [94mAcc_c: 51.56 [94mAcc_g: 62.05 [92mF1_combined: 60.01 [92mF1_c: 66.21 [92mF1_g: 60.66 [95mCEU_cue_audio: 0.2939 [95mCEU_cue_video: 0.8460 [95mCEU_synergy: 0.2718 [95mCEU_coexistence: 0.8416 [97mS:[93m27.2%[97m([91m5.0c[97m-[94mF1:21.4%) [97mU1:[93m29.4%[97m([91m5.9c[97m) [97mU2:[93m84.6%[97m([91m23.3c[97m) [97mR:[93m84.2%[97m([91m28.6c[97m) [97mS-L: [92m1:[96m34%[39m [39m
2026-07-25 17:00:59,727 - Agent - INFO - [37mModel saved successfully at: ./artifacts/models/multibench/ur_funny/vt/SynIB_RMask_REFABL_urfunny_fold2_l0.001_perturbrandom_fillema_pmin0.7_refclass_prior_lr0.001_wd0.001.pth.tar[39m
2026-07-25 17:01:47,890 - Agent - INFO - [37mVal Epoch 3 step 3 with [31mce_loss_combined : 0.681844 [31mce_loss_c : 0.697865 [31mce_loss_g : 0.684455 [31mkl_synergy_rand_1 : 0.000052 [31mkl_synergy_rand_2 : 0.000065 [31mkl_synergy_1 : 0.000037 [31mkl_synergy_2 : 0.000063 [31mtotal : 0.682062 [31mdiag_kl_1 : 0.048917 [31mdiag_kl_2 : 0.039157 [94mAcc_combined: 59.67 [94mAcc_c: 49.37 [94mAcc_g: 60.69 [92mF1_combined: 59.00 [92mF1_c: 61.49 [92mF1_g: 59.41 [95mCEU_cue_audio: 0.2305 [95mCEU_cue_video: 0.8057 [95mCEU_synergy: 0.2788 [95mCEU_coexistence: 0.7859 [97mS:[93m27.9%[97m([91m5.4c[97m-[94mF1:21.8%) [97mU1:[93m23.0%[97m([91m4.0c[97m) [97mU2:[93m80.6%[97m([91m24.5c[97m) [97mR:[93m78.6%[97m([91m25.9c[97m) [97mS-L: [92m1:[96m33%[39m [39m
2026-07-25 17:02:35,483 - Evaluator - INFO - New best with accuracy-
2026-07-25 17:02:35,483 - Agent - INFO - [37mVal Epoch 4 step 4 with [31mce_loss_combined : 0.696461 [31mce_loss_c : 0.697370 [31mce_loss_g : 0.694016 [31mkl_synergy_rand_1 : 0.000123 [31mkl_synergy_rand_2 : 0.000147 [31mkl_synergy_1 : 0.000075 [31mkl_synergy_2 : 0.000149 [31mtotal : 0.696955 [31mdiag_kl_1 : 0.119640 [31mdiag_kl_2 : 0.018374 [94mAcc_combined: 61.61 [94mAcc_c: 50.87 [94mAcc_g: 61.75 [92mF1_combined: 60.14 [92mF1_c: 64.87 [92mF1_g: 60.78 [95mCEU_cue_audio: 0.1911 [95mCEU_cue_video: 0.8248 [95mCEU_synergy: 0.0947 [95mCEU_coexistence: 0.9384 [97mS:[93m9.5%[97m([91m1.8c[97m-[94mF1:8.6%) [97mU1:[93m19.1%[97m([91m3.3c[97m) [97mU2:[93m82.5%[97m([91m25.0c[97m) [97mR:[93m93.8%[97m([91m30.9c[97m) [97mS-L: [92m1:[96m11%[39m [39m
2026-07-25 17:02:35,504 - Agent - INFO - [37mTest Epoch 4 step 4 with [31mce_loss_combined : 0.652265 [31mce_loss_c : 0.684209 [31mce_loss_g : 0.653055 [31mkl_synergy_rand_1 : 0.000124 [31mkl_synergy_rand_2 : 0.000152 [31mkl_synergy_1 : 0.000073 [31mkl_synergy_2 : 0.000154 [31mtotal : 0.652768 [31mdiag_kl_1 : 0.119583 [31mdiag_kl_2 : 0.018300 [94mAcc_combined: 63.99 [94mAcc_c: 51.89 [94mAcc_g: 63.42 [92mF1_combined: 62.50 [92mF1_c: 65.40 [92mF1_g: 62.43 [95mCEU_cue_audio: 0.2702 [95mCEU_cue_video: 0.8630 [95mCEU_synergy: 0.1281 [95mCEU_coexistence: 0.9583 [97mS:[93m12.8%[97m([91m2.4c[97m-[94mF1:11.4%) [97mU1:[93m27.0%[97m([91m5.4c[97m) [97mU2:[93m86.3%[97m([91m23.8c[97m) [97mR:[93m95.8%[97m([91m32.6c[97m) [97mS-L: [92m1:[96m16%[39m [39m
2026-07-25 17:02:35,795 - Agent - INFO - [37mModel saved successfully at: ./artifacts/models/multibench/ur_funny/vt/SynIB_RMask_REFABL_urfunny_fold2_l0.001_perturbrandom_fillema_pmin0.7_refclass_prior_lr0.001_wd0.001.pth.tar[39m
2026-07-25 17:03:23,145 - Evaluator - INFO - New best with accuracy-
2026-07-25 17:03:23,145 - Agent - INFO - [37mVal Epoch 5 step 5 with [31mce_loss_combined : 0.725488 [31mce_loss_c : 0.699396 [31mce_loss_g : 0.721803 [31mkl_synergy_rand_1 : 0.000164 [31mkl_synergy_rand_2 : 0.000207 [31mkl_synergy_1 : 0.000106 [31mkl_synergy_2 : 0.000210 [31mtotal : 0.726175 [31mdiag_kl_1 : 0.162203 [31mdiag_kl_2 : 0.047274 [94mAcc_combined: 61.70 [94mAcc_c: 50.53 [94mAcc_g: 61.36 [92mF1_combined: 59.67 [92mF1_c: 66.69 [92mF1_g: 60.97 [95mCEU_cue_audio: 0.2305 [95mCEU_cue_video: 0.8311 [95mCEU_synergy: 0.2685 [95mCEU_coexistence: 0.8211 [97mS:[93m26.9%[97m([91m5.2c[97m-[94mF1:21.2%) [97mU1:[93m23.0%[97m([91m4.0c[97m) [97mU2:[93m83.1%[97m([91m25.2c[97m) [97mR:[93m82.1%[97m([91m27.1c[97m) [97mS-L: [92m1:[96m32%[39m [39m
2026-07-25 17:03:23,167 - Agent - INFO - [37mTest Epoch 5 step 5 with [31mce_loss_combined : 0.672494 [31mce_loss_c : 0.690583 [31mce_loss_g : 0.667440 [31mkl_synergy_rand_1 : 0.000170 [31mkl_synergy_rand_2 : 0.000208 [31mkl_synergy_1 : 0.000113 [31mkl_synergy_2 : 0.000209 [31mtotal : 0.673194 [31mdiag_kl_1 : 0.162820 [31mdiag_kl_2 : 0.045317 [94mAcc_combined: 63.61 [94mAcc_c: 50.28 [94mAcc_g: 63.89 [92mF1_combined: 62.14 [92mF1_c: 66.56 [92mF1_g: 63.62 [95mCEU_cue_audio: 0.3318 [95mCEU_cue_video: 0.8185 [95mCEU_synergy: 0.2821 [95mCEU_coexistence: 0.8584 [97mS:[93m28.2%[97m([91m5.2c[97m-[94mF1:22.0%) [97mU1:[93m33.2%[97m([91m6.6c[97m) [97mU2:[93m81.8%[97m([91m22.6c[97m) [97mR:[93m85.8%[97m([91m29.2c[97m) [97mS-L: [92m1:[96m35%[39m [39m
2026-07-25 17:03:23,469 - Agent - INFO - [37mModel saved successfully at: ./artifacts/models/multibench/ur_funny/vt/SynIB_RMask_REFABL_urfunny_fold2_l0.001_perturbrandom_fillema_pmin0.7_refclass_prior_lr0.001_wd0.001.pth.tar[39m
2026-07-25 17:04:11,222 - Agent - INFO - [37mVal Epoch 6 step 6 with [31mce_loss_combined : 0.696949 [31mce_loss_c : 0.698832 [31mce_loss_g : 0.696305 [31mkl_synergy_rand_1 : 0.000098 [31mkl_synergy_rand_2 : 0.000135 [31mkl_synergy_1 : 0.000071 [31mkl_synergy_2 : 0.000135 [31mtotal : 0.697387 [31mdiag_kl_1 : 0.091355 [31mdiag_kl_2 : 0.021779 [94mAcc_combined: 61.41 [94mAcc_c: 50.77 [94mAcc_g: 61.99 [92mF1_combined: 58.65 [92mF1_c: 63.82 [92mF1_g: 61.32 [95mCEU_cue_audio: 0.2416 [95mCEU_cue_video: 0.7833 [95mCEU_synergy: 0.1044 [95mCEU_coexistence: 0.9415 [97mS:[93m10.4%[97m([91m2.0c[97m-[94mF1:9.5%) [97mU1:[93m24.2%[97m([91m4.2c[97m) [97mU2:[93m78.3%[97m([91m23.8c[97m) [97mR:[93m94.1%[97m([91m31.0c[97m) [97mS-L: [92m1:[96m12%[39m [39m
2026-07-25 17:04:57,942 - Agent - INFO - [37mVal Epoch 7 step 7 with [31mce_loss_combined : 0.700425 [31mce_loss_c : 0.696853 [31mce_loss_g : 0.702303 [31mkl_synergy_rand_1 : 0.000107 [31mkl_synergy_rand_2 : 0.000130 [31mkl_synergy_1 : 0.000070 [31mkl_synergy_2 : 0.000128 [31mtotal : 0.700860 [31mdiag_kl_1 : 0.100463 [31mdiag_kl_2 : 0.019942 [94mAcc_combined: 61.32 [94mAcc_c: 50.68 [94mAcc_g: 61.56 [92mF1_combined: 58.93 [92mF1_c: 64.58 [92mF1_g: 60.59 [95mCEU_cue_audio: 0.1795 [95mCEU_cue_video: 0.8248 [95mCEU_synergy: 0.1245 [95mCEU_coexistence: 0.9151 [97mS:[93m12.4%[97m([91m2.4c[97m-[94mF1:11.1%) [97mU1:[93m18.0%[97m([91m3.1c[97m) [97mU2:[93m82.5%[97m([91m25.0c[97m) [97mR:[93m91.5%[97m([91m30.2c[97m) [97mS-L: [92m1:[96m15%[39m [39m
2026-07-25 17:05:46,945 - Agent - INFO - [37mVal Epoch 8 step 8 with [31mce_loss_combined : 0.714848 [31mce_loss_c : 0.697254 [31mce_loss_g : 0.714209 [31mkl_synergy_rand_1 : 0.000131 [31mkl_synergy_rand_2 : 0.000169 [31mkl_synergy_1 : 0.000088 [31mkl_synergy_2 : 0.000168 [31mtotal : 0.715403 [31mdiag_kl_1 : 0.128190 [31mdiag_kl_2 : 0.027235 [94mAcc_combined: 61.56 [94mAcc_c: 51.16 [94mAcc_g: 62.14 [92mF1_combined: 59.25 [92mF1_c: 65.86 [92mF1_g: 61.37 [95mCEU_cue_audio: 0.2079 [95mCEU_cue_video: 0.8185 [95mCEU_synergy: 0.1143 [95mCEU_coexistence: 0.9178 [97mS:[93m11.4%[97m([91m2.2c[97m-[94mF1:10.3%) [97mU1:[93m20.8%[97m([91m3.6c[97m) [97mU2:[93m81.8%[97m([91m24.9c[97m) [97mR:[93m91.8%[97m([91m30.3c[97m) [97mS-L: [92m1:[96m13%[39m [39m
2026-07-25 17:06:35,260 - Evaluator - INFO - New best with accuracy-
2026-07-25 17:06:35,261 - Agent - INFO - [37mVal Epoch 9 step 9 with [31mce_loss_combined : 0.713938 [31mce_loss_c : 0.696576 [31mce_loss_g : 0.712109 [31mkl_synergy_rand_1 : 0.000119 [31mkl_synergy_rand_2 : 0.000152 [31mkl_synergy_1 : 0.000076 [31mkl_synergy_2 : 0.000147 [31mtotal : 0.714432 [31mdiag_kl_1 : 0.115754 [31mdiag_kl_2 : 0.023743 [94mAcc_combined: 62.04 [94mAcc_c: 50.58 [94mAcc_g: 61.07 [92mF1_combined: 61.20 [92mF1_c: 63.66 [92mF1_g: 60.33 [95mCEU_cue_audio: 0.1854 [95mCEU_cue_video: 0.8248 [95mCEU_synergy: 0.1441 [95mCEU_coexistence: 0.8975 [97mS:[93m14.4%[97m([91m2.8c[97m-[94mF1:12.6%) [97mU1:[93m18.5%[97m([91m3.2c[97m) [97mU2:[93m82.5%[97m([91m25.0c[97m) [97mR:[93m89.7%[97m([91m29.6c[97m) [97mS-L: [92m1:[96m17%[39m [39m
2026-07-25 17:06:35,282 - Agent - INFO - [37mTest Epoch 9 step 9 with [31mce_loss_combined : 0.654746 [31mce_loss_c : 0.682860 [31mce_loss_g : 0.658477 [31mkl_synergy_rand_1 : 0.000122 [31mkl_synergy_rand_2 : 0.000154 [31mkl_synergy_1 : 0.000071 [31mkl_synergy_2 : 0.000149 [31mtotal : 0.655243 [31mdiag_kl_1 : 0.117474 [31mdiag_kl_2 : 0.023422 [94mAcc_combined: 62.90 [94mAcc_c: 53.02 [94mAcc_g: 61.96 [92mF1_combined: 61.73 [92mF1_c: 65.37 [92mF1_g: 60.90 [95mCEU_cue_audio: 0.2371 [95mCEU_cue_video: 0.8870 [95mCEU_synergy: 0.1232 [95mCEU_coexistence: 0.9195 [97mS:[93m12.3%[97m([91m2.3c[97m-[94mF1:11.0%) [97mU1:[93m23.7%[97m([91m4.7c[97m) [97mU2:[93m88.7%[97m([91m24.5c[97m) [97mR:[93m91.9%[97m([91m31.3c[97m) [97mS-L: [92m1:[96m15%[39m [39m
2026-07-25 17:06:35,585 - Agent - INFO - [37mModel saved successfully at: ./artifacts/models/multibench/ur_funny/vt/SynIB_RMask_REFABL_urfunny_fold2_l0.001_perturbrandom_fillema_pmin0.7_refclass_prior_lr0.001_wd0.001.pth.tar[39m
2026-07-25 17:07:23,196 - Agent - INFO - [37mVal Epoch 10 step 10 with [31mce_loss_combined : 0.717496 [31mce_loss_c : 0.697199 [31mce_loss_g : 0.711963 [31mkl_synergy_rand_1 : 0.000126 [31mkl_synergy_rand_2 : 0.000149 [31mkl_synergy_1 : 0.000081 [31mkl_synergy_2 : 0.000149 [31mtotal : 0.718001 [31mdiag_kl_1 : 0.119755 [31mdiag_kl_2 : 0.029761 [94mAcc_combined: 60.59 [94mAcc_c: 51.26 [94mAcc_g: 61.22 [92mF1_combined: 60.42 [92mF1_c: 64.95 [92mF1_g: 60.41 [95mCEU_cue_audio: 0.3033 [95mCEU_cue_video: 0.7580 [95mCEU_synergy: 0.0149 [95mCEU_coexistence: 0.9767 [97mS:[93m1.5%[97m([91m0.3c[97m-[94mF1:1.5%) [97mU1:[93m30.3%[97m([91m5.2c[97m) [97mU2:[93m75.8%[97m([91m23.0c[97m) [97mR:[93m97.7%[97m([91m32.2c[97m) [97mS-L: [92m0:[96m7% [92m1:[96m1%[39m [39m
2026-07-25 17:08:10,456 - Agent - INFO - [37mVal Epoch 11 step 11 with [31mce_loss_combined : 0.721459 [31mce_loss_c : 0.696634 [31mce_loss_g : 0.710544 [31mkl_synergy_rand_1 : 0.000136 [31mkl_synergy_rand_2 : 0.000163 [31mkl_synergy_1 : 0.000089 [31mkl_synergy_2 : 0.000165 [31mtotal : 0.722014 [31mdiag_kl_1 : 0.130439 [31mdiag_kl_2 : 0.026806 [94mAcc_combined: 60.49 [94mAcc_c: 50.44 [94mAcc_g: 62.23 [92mF1_combined: 60.78 [92mF1_c: 63.43 [92mF1_g: 61.20 [95mCEU_cue_audio: 0.3202 [95mCEU_cue_video: 0.7421 [95mCEU_synergy: 0.0298 [95mCEU_coexistence: 0.9794 [97mS:[93m3.0%[97m([91m0.6c[97m-[94mF1:3.0%) [97mU1:[93m32.0%[97m([91m5.5c[97m) [97mU2:[93m74.2%[97m([91m22.5c[97m) [97mR:[93m97.9%[97m([91m32.3c[97m) [97mS-L: [92m0:[96m13% [92m1:[96m1%[39m [39m
2026-07-25 17:08:56,298 - Agent - INFO - [37mVal Epoch 12 step 12 with [31mce_loss_combined : 0.708039 [31mce_loss_c : 0.696076 [31mce_loss_g : 0.703140 [31mkl_synergy_rand_1 : 0.000098 [31mkl_synergy_rand_2 : 0.000123 [31mkl_synergy_1 : 0.000063 [31mkl_synergy_2 : 0.000125 [31mtotal : 0.708447 [31mdiag_kl_1 : 0.094549 [31mdiag_kl_2 : 0.032041 [94mAcc_combined: 60.54 [94mAcc_c: 50.48 [94mAcc_g: 62.33 [92mF1_combined: 57.94 [92mF1_c: 66.18 [92mF1_g: 61.26 [95mCEU_cue_audio: 0.3089 [95mCEU_cue_video: 0.7547 [95mCEU_synergy: 0.0648 [95mCEU_coexistence: 0.9767 [97mS:[93m6.5%[97m([91m1.3c[97m-[94mF1:6.3%) [97mU1:[93m30.9%[97m([91m5.3c[97m) [97mU2:[93m75.5%[97m([91m22.9c[97m) [97mR:[93m97.7%[97m([91m32.2c[97m) [97mS-L: [92m0:[96m7% [92m1:[96m6%[39m [39m
2026-07-25 17:09:42,765 - Agent - INFO - [37mVal Epoch 13 step 13 with [31mce_loss_combined : 0.724843 [31mce_loss_c : 0.698046 [31mce_loss_g : 0.718423 [31mkl_synergy_rand_1 : 0.000143 [31mkl_synergy_rand_2 : 0.000168 [31mkl_synergy_1 : 0.000093 [31mkl_synergy_2 : 0.000168 [31mtotal : 0.725415 [31mdiag_kl_1 : 0.134786 [31mdiag_kl_2 : 0.034017 [94mAcc_combined: 60.98 [94mAcc_c: 51.84 [94mAcc_g: 61.90 [92mF1_combined: 59.79 [92mF1_c: 65.66 [92mF1_g: 60.60 [95mCEU_cue_audio: 0.2191 [95mCEU_cue_video: 0.7994 [95mCEU_synergy: 0.1394 [95mCEU_coexistence: 0.9090 [97mS:[93m13.9%[97m([91m2.7c[97m-[94mF1:12.2%) [97mU1:[93m21.9%[97m([91m3.8c[97m) [97mU2:[93m79.9%[97m([91m24.3c[97m) [97mR:[93m90.9%[97m([91m30.0c[97m) [97mS-L: [92m1:[96m16%[39m [39m
2026-07-25 17:10:31,841 - Agent - INFO - [37mVal Epoch 14 step 14 with [31mce_loss_combined : 0.735330 [31mce_loss_c : 0.697381 [31mce_loss_g : 0.728363 [31mkl_synergy_rand_1 : 0.000146 [31mkl_synergy_rand_2 : 0.000183 [31mkl_synergy_1 : 0.000095 [31mkl_synergy_2 : 0.000184 [31mtotal : 0.735937 [31mdiag_kl_1 : 0.139061 [31mdiag_kl_2 : 0.037097 [94mAcc_combined: 60.20 [94mAcc_c: 51.26 [94mAcc_g: 61.32 [92mF1_combined: 58.83 [92mF1_c: 65.83 [92mF1_g: 60.16 [95mCEU_cue_audio: 0.2359 [95mCEU_cue_video: 0.7899 [95mCEU_synergy: 0.1394 [95mCEU_coexistence: 0.8827 [97mS:[93m13.9%[97m([91m2.7c[97m-[94mF1:12.2%) [97mU1:[93m23.6%[97m([91m4.1c[97m) [97mU2:[93m79.0%[97m([91m24.0c[97m) [97mR:[93m88.3%[97m([91m29.1c[97m) [97mS-L: [92m1:[96m16%[39m [39m
2026-07-25 17:11:18,538 - Agent - INFO - [37mVal Epoch 15 step 15 with [31mce_loss_combined : 0.744116 [31mce_loss_c : 0.697605 [31mce_loss_g : 0.734999 [31mkl_synergy_rand_1 : 0.000153 [31mkl_synergy_rand_2 : 0.000190 [31mkl_synergy_1 : 0.000103 [31mkl_synergy_2 : 0.000190 [31mtotal : 0.744752 [31mdiag_kl_1 : 0.145720 [31mdiag_kl_2 : 0.034408 [94mAcc_combined: 60.78 [94mAcc_c: 51.31 [94mAcc_g: 61.90 [92mF1_combined: 59.18 [92mF1_c: 65.60 [92mF1_g: 60.64 [95mCEU_cue_audio: 0.2474 [95mCEU_cue_video: 0.7833 [95mCEU_synergy: 0.1193 [95mCEU_coexistence: 0.9239 [97mS:[93m11.9%[97m([91m2.3c[97m-[94mF1:10.9%) [97mU1:[93m24.7%[97m([91m4.3c[97m) [97mU2:[93m78.3%[97m([91m23.8c[97m) [97mR:[93m92.4%[97m([91m30.5c[97m) [97mS-L: [92m0:[96m3% [92m1:[96m13%[39m [39m
2026-07-25 17:12:05,423 - Agent - INFO - [37mVal Epoch 16 step 16 with [31mce_loss_combined : 0.751432 [31mce_loss_c : 0.697976 [31mce_loss_g : 0.741394 [31mkl_synergy_rand_1 : 0.000172 [31mkl_synergy_rand_2 : 0.000203 [31mkl_synergy_1 : 0.000110 [31mkl_synergy_2 : 0.000206 [31mtotal : 0.752123 [31mdiag_kl_1 : 0.165255 [31mdiag_kl_2 : 0.038806 [94mAcc_combined: 60.49 [94mAcc_c: 51.31 [94mAcc_g: 61.61 [92mF1_combined: 58.97 [92mF1_c: 65.85 [92mF1_g: 60.30 [95mCEU_cue_audio: 0.2474 [95mCEU_cue_video: 0.7866 [95mCEU_synergy: 0.1193 [95mCEU_coexistence: 0.9063 [97mS:[93m11.9%[97m([91m2.3c[97m-[94mF1:10.9%) [97mU1:[93m24.7%[97m([91m4.3c[97m) [97mU2:[93m78.7%[97m([91m23.9c[97m) [97mR:[93m90.6%[97m([91m29.9c[97m) [97mS-L: [92m0:[96m3% [92m1:[96m13%[39m [39m
2026-07-25 17:12:52,407 - Agent - INFO - [37mVal Epoch 17 step 17 with [31mce_loss_combined : 0.716208 [31mce_loss_c : 0.695456 [31mce_loss_g : 0.703538 [31mkl_synergy_rand_1 : 0.000086 [31mkl_synergy_rand_2 : 0.000106 [31mkl_synergy_1 : 0.000061 [31mkl_synergy_2 : 0.000104 [31mtotal : 0.716564 [31mdiag_kl_1 : 0.088204 [31mdiag_kl_2 : 0.049861 [94mAcc_combined: 56.96 [94mAcc_c: 51.02 [94mAcc_g: 59.67 [92mF1_combined: 56.46 [92mF1_c: 66.29 [92mF1_g: 57.71 [95mCEU_cue_audio: 0.4271 [95mCEU_cue_video: 0.5795 [95mCEU_synergy: 0.1096 [95mCEU_coexistence: 0.9178 [97mS:[93m10.9%[97m([91m2.1c[97m-[94mF1:10.2%) [97mU1:[93m42.7%[97m([91m7.4c[97m) [97mU2:[93m58.0%[97m([91m17.6c[97m) [97mR:[93m91.8%[97m([91m30.3c[97m) [97mS-L: [92m0:[96m67% [92m1:[96m1%[39m [39m
2026-07-25 17:13:39,328 - Agent - INFO - [37mVal Epoch 18 step 18 with [31mce_loss_combined : 0.685321 [31mce_loss_c : 0.698239 [31mce_loss_g : 0.693841 [31mkl_synergy_rand_1 : 0.000065 [31mkl_synergy_rand_2 : 0.000078 [31mkl_synergy_1 : 0.000039 [31mkl_synergy_2 : 0.000077 [31mtotal : 0.685581 [31mdiag_kl_1 : 0.062517 [31mdiag_kl_2 : 0.035541 [94mAcc_combined: 59.82 [94mAcc_c: 49.81 [94mAcc_g: 60.30 [92mF1_combined: 59.24 [92mF1_c: 60.65 [92mF1_g: 58.43 [95mCEU_cue_audio: 0.2811 [95mCEU_cue_video: 0.7421 [95mCEU_synergy: 0.1343 [95mCEU_coexistence: 0.9002 [97mS:[93m13.4%[97m([91m2.6c[97m-[94mF1:11.8%) [97mU1:[93m28.1%[97m([91m4.8c[97m) [97mU2:[93m74.2%[97m([91m22.5c[97m) [97mR:[93m90.0%[97m([91m29.7c[97m) [97mS-L: [92m1:[96m16%[39m [39m
2026-07-25 17:14:26,516 - Agent - INFO - [37mVal Epoch 19 step 19 with [31mce_loss_combined : 0.715753 [31mce_loss_c : 0.696431 [31mce_loss_g : 0.715556 [31mkl_synergy_rand_1 : 0.000121 [31mkl_synergy_rand_2 : 0.000143 [31mkl_synergy_1 : 0.000075 [31mkl_synergy_2 : 0.000143 [31mtotal : 0.716234 [31mdiag_kl_1 : 0.116492 [31mdiag_kl_2 : 0.024871 [94mAcc_combined: 61.03 [94mAcc_c: 51.69 [94mAcc_g: 60.93 [92mF1_combined: 60.45 [92mF1_c: 65.63 [92mF1_g: 59.72 [95mCEU_cue_audio: 0.2528 [95mCEU_cue_video: 0.7708 [95mCEU_synergy: 0.1292 [95mCEU_coexistence: 0.9178 [97mS:[93m12.9%[97m([91m2.5c[97m-[94mF1:11.5%) [97mU1:[93m25.3%[97m([91m4.4c[97m) [97mU2:[93m77.1%[97m([91m23.4c[97m) [97mR:[93m91.8%[97m([91m30.3c[97m) [97mS-L: [92m1:[96m15%[39m [39m
2026-07-25 17:15:14,042 - Evaluator - INFO - New best with syn_accuracy-
2026-07-25 17:15:14,042 - Agent - INFO - [37mVal Epoch 20 step 20 with [31mce_loss_combined : 0.749896 [31mce_loss_c : 0.696638 [31mce_loss_g : 0.722534 [31mkl_synergy_rand_1 : 0.000156 [31mkl_synergy_rand_2 : 0.000180 [31mkl_synergy_1 : 0.000105 [31mkl_synergy_2 : 0.000176 [31mtotal : 0.750512 [31mdiag_kl_1 : 0.151621 [31mdiag_kl_2 : 0.099724 [94mAcc_combined: 58.51 [94mAcc_c: 50.29 [94mAcc_g: 58.95 [92mF1_combined: 57.31 [92mF1_c: 5.69 [92mF1_g: 57.82 [95mCEU_cue_audio: 0.2079 [95mCEU_cue_video: 0.8024 [95mCEU_synergy: 0.4776 [95mCEU_coexistence: 0.6334 [97mS:[93m47.8%[97m([91m9.3c[97m-[94mF1:32.3%) [97mU1:[93m20.8%[97m([91m3.6c[97m) [97mU2:[93m80.3%[97m([91m24.4c[97m) [97mR:[93m63.3%[97m([91m20.9c[97m) [97mS-L: [92m1:[96m56%[39m [39m
2026-07-25 17:15:14,064 - Agent - INFO - [37mTest Epoch 20 step 20 with [31mce_loss_combined : 0.712654 [31mce_loss_c : 0.688993 [31mce_loss_g : 0.685657 [31mkl_synergy_rand_1 : 0.000150 [31mkl_synergy_rand_2 : 0.000177 [31mkl_synergy_1 : 0.000104 [31mkl_synergy_2 : 0.000173 [31mtotal : 0.713259 [31mdiag_kl_1 : 0.148198 [31mdiag_kl_2 : 0.100646 [94mAcc_combined: 61.20 [94mAcc_c: 50.99 [94mAcc_g: 61.53 [92mF1_combined: 60.01 [92mF1_c: 7.16 [92mF1_g: 60.41 [95mCEU_cue_audio: 0.3318 [95mCEU_cue_video: 0.8220 [95mCEU_synergy: 0.5079 [95mCEU_coexistence: 0.6694 [97mS:[93m50.8%[97m([91m9.4c[97m-[94mF1:33.7%) [97mU1:[93m33.2%[97m([91m6.6c[97m) [97mU2:[93m82.2%[97m([91m22.7c[97m) [97mR:[93m66.9%[97m([91m22.8c[97m) [97mS-L: [92m1:[96m63%[39m [39m
2026-07-25 17:15:14,375 - Agent - INFO - [37mModel saved successfully at: ./artifacts/models/multibench/ur_funny/vt/SynIB_RMask_REFABL_urfunny_fold2_l0.001_perturbrandom_fillema_pmin0.7_refclass_prior_lr0.001_wd0.001.pth.tar[39m
2026-07-25 17:16:01,381 - Agent - INFO - [37mVal Epoch 21 step 21 with [31mce_loss_combined : 0.739403 [31mce_loss_c : 0.697319 [31mce_loss_g : 0.741327 [31mkl_synergy_rand_1 : 0.000150 [31mkl_synergy_rand_2 : 0.000184 [31mkl_synergy_1 : 0.000088 [31mkl_synergy_2 : 0.000182 [31mtotal : 0.740007 [31mdiag_kl_1 : 0.144247 [31mdiag_kl_2 : 0.042073 [94mAcc_combined: 61.56 [94mAcc_c: 49.81 [94mAcc_g: 61.46 [92mF1_combined: 61.16 [92mF1_c: 61.47 [92mF1_g: 60.41 [95mCEU_cue_audio: 0.2305 [95mCEU_cue_video: 0.8281 [95mCEU_synergy: 0.2088 [95mCEU_coexistence: 0.8475 [97mS:[93m20.9%[97m([91m4.1c[97m-[94mF1:17.3%) [97mU1:[93m23.0%[97m([91m4.0c[97m) [97mU2:[93m82.8%[97m([91m25.1c[97m) [97mR:[93m84.8%[97m([91m27.9c[97m) [97mS-L: [92m1:[96m25%[39m [39m
2026-07-25 17:16:48,569 - Agent - INFO - [37mVal Epoch 22 step 22 with [31mce_loss_combined : 0.715445 [31mce_loss_c : 0.697134 [31mce_loss_g : 0.716573 [31mkl_synergy_rand_1 : 0.000116 [31mkl_synergy_rand_2 : 0.000137 [31mkl_synergy_1 : 0.000075 [31mkl_synergy_2 : 0.000137 [31mtotal : 0.715911 [31mdiag_kl_1 : 0.111622 [31mdiag_kl_2 : 0.034298 [94mAcc_combined: 60.40 [94mAcc_c: 51.45 [94mAcc_g: 61.85 [92mF1_combined: 59.07 [92mF1_c: 66.08 [92mF1_g: 60.29 [95mCEU_cue_audio: 0.2642 [95mCEU_cue_video: 0.7866 [95mCEU_synergy: 0.1991 [95mCEU_coexistence: 0.8563 [97mS:[93m19.9%[97m([91m3.9c[97m-[94mF1:16.6%) [97mU1:[93m26.4%[97m([91m4.5c[97m) [97mU2:[93m78.7%[97m([91m23.9c[97m) [97mR:[93m85.6%[97m([91m28.2c[97m) [97mS-L: [92m1:[96m23%[39m [39m
2026-07-25 17:17:37,340 - Agent - INFO - [37mVal Epoch 23 step 23 with [31mce_loss_combined : 0.777682 [31mce_loss_c : 0.697084 [31mce_loss_g : 0.767351 [31mkl_synergy_rand_1 : 0.000206 [31mkl_synergy_rand_2 : 0.000250 [31mkl_synergy_1 : 0.000128 [31mkl_synergy_2 : 0.000250 [31mtotal : 0.778516 [31mdiag_kl_1 : 0.199721 [31mdiag_kl_2 : 0.053432 [94mAcc_combined: 61.07 [94mAcc_c: 50.29 [94mAcc_g: 61.90 [92mF1_combined: 59.81 [92mF1_c: 66.23 [92mF1_g: 60.83 [95mCEU_cue_audio: 0.2191 [95mCEU_cue_video: 0.8281 [95mCEU_synergy: 0.1590 [95mCEU_coexistence: 0.8857 [97mS:[93m15.9%[97m([91m3.1c[97m-[94mF1:14.0%) [97mU1:[93m21.9%[97m([91m3.8c[97m) [97mU2:[93m82.8%[97m([91m25.1c[97m) [97mR:[93m88.6%[97m([91m29.2c[97m) [97mS-L: [92m0:[96m3% [92m1:[96m18%[39m [39m
2026-07-25 17:18:24,732 - Agent - INFO - [37mVal Epoch 24 step 24 with [31mce_loss_combined : 0.737821 [31mce_loss_c : 0.697852 [31mce_loss_g : 0.737758 [31mkl_synergy_rand_1 : 0.000140 [31mkl_synergy_rand_2 : 0.000175 [31mkl_synergy_1 : 0.000095 [31mkl_synergy_2 : 0.000174 [31mtotal : 0.738405 [31mdiag_kl_1 : 0.134098 [31mdiag_kl_2 : 0.044581 [94mAcc_combined: 60.49 [94mAcc_c: 51.45 [94mAcc_g: 61.70 [92mF1_combined: 59.29 [92mF1_c: 65.83 [92mF1_g: 60.36 [95mCEU_cue_audio: 0.2811 [95mCEU_cue_video: 0.7738 [95mCEU_synergy: 0.1740 [95mCEU_coexistence: 0.8796 [97mS:[93m17.4%[97m([91m3.4c[97m-[94mF1:15.1%) [97mU1:[93m28.1%[97m([91m4.8c[97m) [97mU2:[93m77.4%[97m([91m23.5c[97m) [97mR:[93m88.0%[97m([91m29.0c[97m) [97mS-L: [92m0:[96m3% [92m1:[96m20%[39m [39m
2026-07-25 17:19:11,516 - Agent - INFO - [37mVal Epoch 25 step 25 with [31mce_loss_combined : 0.742450 [31mce_loss_c : 0.696764 [31mce_loss_g : 0.739533 [31mkl_synergy_rand_1 : 0.000141 [31mkl_synergy_rand_2 : 0.000178 [31mkl_synergy_1 : 0.000101 [31mkl_synergy_2 : 0.000179 [31mtotal : 0.743049 [31mdiag_kl_1 : 0.131445 [31mdiag_kl_2 : 0.045992 [94mAcc_combined: 60.40 [94mAcc_c: 50.92 [94mAcc_g: 60.88 [92mF1_combined: 59.03 [92mF1_c: 63.89 [92mF1_g: 59.29 [95mCEU_cue_audio: 0.3033 [95mCEU_cue_video: 0.7451 [95mCEU_synergy: 0.1343 [95mCEU_coexistence: 0.9121 [97mS:[93m13.4%[97m([91m2.6c[97m-[94mF1:12.7%) [97mU1:[93m30.3%[97m([91m5.2c[97m) [97mU2:[93m74.5%[97m([91m22.6c[97m) [97mR:[93m91.2%[97m([91m30.1c[97m) [97mS-L: [92m0:[96m13% [92m1:[96m13%[39m [39m
2026-07-25 17:19:59,416 - Agent - INFO - [37mVal Epoch 26 step 26 with [31mce_loss_combined : 0.767338 [31mce_loss_c : 0.696134 [31mce_loss_g : 0.767567 [31mkl_synergy_rand_1 : 0.000163 [31mkl_synergy_rand_2 : 0.000203 [31mkl_synergy_1 : 0.000115 [31mkl_synergy_2 : 0.000204 [31mtotal : 0.768023 [31mdiag_kl_1 : 0.156784 [31mdiag_kl_2 : 0.052779 [94mAcc_combined: 60.01 [94mAcc_c: 51.31 [94mAcc_g: 60.78 [92mF1_combined: 58.34 [92mF1_c: 66.13 [92mF1_g: 59.23 [95mCEU_cue_audio: 0.2584 [95mCEU_cue_video: 0.7803 [95mCEU_synergy: 0.1939 [95mCEU_coexistence: 0.8827 [97mS:[93m19.4%[97m([91m3.8c[97m-[94mF1:17.2%) [97mU1:[93m25.8%[97m([91m4.4c[97m) [97mU2:[93m78.0%[97m([91m23.7c[97m) [97mR:[93m88.3%[97m([91m29.1c[97m) [97mS-L: [92m0:[96m10% [92m1:[96m21%[39m [39m
2026-07-25 17:20:45,916 - Agent - INFO - [37mVal Epoch 27 step 27 with [31mce_loss_combined : 0.784798 [31mce_loss_c : 0.697228 [31mce_loss_g : 0.774035 [31mkl_synergy_rand_1 : 0.000189 [31mkl_synergy_rand_2 : 0.000237 [31mkl_synergy_1 : 0.000128 [31mkl_synergy_2 : 0.000240 [31mtotal : 0.785592 [31mdiag_kl_1 : 0.184118 [31mdiag_kl_2 : 0.069418 [94mAcc_combined: 60.20 [94mAcc_c: 51.35 [94mAcc_g: 60.25 [92mF1_combined: 58.95 [92mF1_c: 65.64 [92mF1_g: 58.53 [95mCEU_cue_audio: 0.2921 [95mCEU_cue_video: 0.7738 [95mCEU_synergy: 0.2042 [95mCEU_coexistence: 0.8357 [97mS:[93m20.4%[97m([91m4.0c[97m-[94mF1:16.9%) [97mU1:[93m29.2%[97m([91m5.0c[97m) [97mU2:[93m77.4%[97m([91m23.5c[97m) [97mR:[93m83.6%[97m([91m27.6c[97m) [97mS-L: [92m1:[96m24%[39m [39m
2026-07-25 17:21:31,857 - Agent - INFO - [37mVal Epoch 28 step 28 with [31mce_loss_combined : 0.788743 [31mce_loss_c : 0.696956 [31mce_loss_g : 0.781076 [31mkl_synergy_rand_1 : 0.000199 [31mkl_synergy_rand_2 : 0.000236 [31mkl_synergy_1 : 0.000132 [31mkl_synergy_2 : 0.000234 [31mtotal : 0.789543 [31mdiag_kl_1 : 0.193096 [31mdiag_kl_2 : 0.067086 [94mAcc_combined: 59.82 [94mAcc_c: 51.31 [94mAcc_g: 60.20 [92mF1_combined: 58.22 [92mF1_c: 66.26 [92mF1_g: 58.71 [95mCEU_cue_audio: 0.2416 [95mCEU_cue_video: 0.7833 [95mCEU_synergy: 0.2238 [95mCEU_coexistence: 0.8299 [97mS:[93m22.4%[97m([91m4.4c[97m-[94mF1:19.4%) [97mU1:[93m24.2%[97m([91m4.2c[97m) [97mU2:[93m78.3%[97m([91m23.8c[97m) [97mR:[93m83.0%[97m([91m27.4c[97m) [97mS-L: [92m0:[96m10% [92m1:[96m25%[39m [39m
2026-07-25 17:22:19,022 - Agent - INFO - [37mVal Epoch 29 step 29 with [31mce_loss_combined : 0.779653 [31mce_loss_c : 0.697523 [31mce_loss_g : 0.772239 [31mkl_synergy_rand_1 : 0.000187 [31mkl_synergy_rand_2 : 0.000218 [31mkl_synergy_1 : 0.000125 [31mkl_synergy_2 : 0.000219 [31mtotal : 0.780402 [31mdiag_kl_1 : 0.176446 [31mdiag_kl_2 : 0.068126 [94mAcc_combined: 59.38 [94mAcc_c: 51.31 [94mAcc_g: 60.15 [92mF1_combined: 57.62 [92mF1_c: 65.60 [92mF1_g: 58.51 [95mCEU_cue_audio: 0.2979 [95mCEU_cue_video: 0.7642 [95mCEU_synergy: 0.2088 [95mCEU_coexistence: 0.8475 [97mS:[93m20.9%[97m([91m4.1c[97m-[94mF1:18.6%) [97mU1:[93m29.8%[97m([91m5.1c[97m) [97mU2:[93m76.4%[97m([91m23.2c[97m) [97mR:[93m84.8%[97m([91m27.9c[97m) [97mS-L: [92m0:[96m13% [92m1:[96m22%[39m [39m
2026-07-25 17:23:06,686 - Agent - INFO - [37mVal Epoch 30 step 30 with [31mce_loss_combined : 0.800630 [31mce_loss_c : 0.697604 [31mce_loss_g : 0.789356 [31mkl_synergy_rand_1 : 0.000202 [31mkl_synergy_rand_2 : 0.000251 [31mkl_synergy_1 : 0.000136 [31mkl_synergy_2 : 0.000247 [31mtotal : 0.801467 [31mdiag_kl_1 : 0.193029 [31mdiag_kl_2 : 0.076281 [94mAcc_combined: 59.24 [94mAcc_c: 51.45 [94mAcc_g: 59.82 [92mF1_combined: 57.79 [92mF1_c: 65.28 [92mF1_g: 58.30 [95mCEU_cue_audio: 0.2921 [95mCEU_cue_video: 0.7580 [95mCEU_synergy: 0.1939 [95mCEU_coexistence: 0.8445 [97mS:[93m19.4%[97m([91m3.8c[97m-[94mF1:17.4%) [97mU1:[93m29.2%[97m([91m5.0c[97m) [97mU2:[93m75.8%[97m([91m23.0c[97m) [97mR:[93m84.5%[97m([91m27.9c[97m) [97mS-L: [92m0:[96m13% [92m1:[96m20%[39m [39m
2026-07-25 17:23:53,215 - Agent - INFO - [37mVal Epoch 31 step 31 with [31mce_loss_combined : 0.804252 [31mce_loss_c : 0.697888 [31mce_loss_g : 0.793428 [31mkl_synergy_rand_1 : 0.000207 [31mkl_synergy_rand_2 : 0.000255 [31mkl_synergy_1 : 0.000138 [31mkl_synergy_2 : 0.000251 [31mtotal : 0.805103 [31mdiag_kl_1 : 0.200726 [31mdiag_kl_2 : 0.074215 [94mAcc_combined: 58.66 [94mAcc_c: 51.60 [94mAcc_g: 59.19 [92mF1_combined: 57.14 [92mF1_c: 65.18 [92mF1_g: 57.46 [95mCEU_cue_audio: 0.3089 [95mCEU_cue_video: 0.7293 [95mCEU_synergy: 0.1641 [95mCEU_coexistence: 0.8681 [97mS:[93m16.4%[97m([91m3.2c[97m-[94mF1:15.1%) [97mU1:[93m30.9%[97m([91m5.3c[97m) [97mU2:[93m72.9%[97m([91m22.1c[97m) [97mR:[93m86.8%[97m([91m28.6c[97m) [97mS-L: [92m0:[96m13% [92m1:[96m17%[39m [39m
2026-07-25 17:24:27,463 - Agent - INFO - [37mModel saved successfully at: ./artifacts/models/multibench/ur_funny/vt/SynIB_RMask_REFABL_urfunny_fold2_l0.001_perturbrandom_fillema_pmin0.7_refclass_prior_lr0.001_wd0.001.pth.tar[39m
2026-07-25 17:24:41,096 - Agent - INFO - [37mVal Epoch 32 step 32 with [31mce_loss_combined : 0.813943 [31mce_loss_c : 0.697828 [31mce_loss_g : 0.803283 [31mkl_synergy_rand_1 : 0.000211 [31mkl_synergy_rand_2 : 0.000271 [31mkl_synergy_1 : 0.000151 [31mkl_synergy_2 : 0.000269 [31mtotal : 0.814845 [31mdiag_kl_1 : 0.205437 [31mdiag_kl_2 : 0.080081 [94mAcc_combined: 59.33 [94mAcc_c: 51.16 [94mAcc_g: 59.96 [92mF1_combined: 57.93 [92mF1_c: 64.59 [92mF1_g: 58.31 [95mCEU_cue_audio: 0.2753 [95mCEU_cue_video: 0.7547 [95mCEU_synergy: 0.1790 [95mCEU_coexistence: 0.8681 [97mS:[93m17.9%[97m([91m3.5c[97m-[94mF1:16.3%) [97mU1:[93m27.5%[97m([91m4.7c[97m) [97mU2:[93m75.5%[97m([91m22.9c[97m) [97mR:[93m86.8%[97m([91m28.6c[97m) [97mS-L: [92m0:[96m13% [92m1:[96m19%[39m [39m
2026-07-25 17:25:28,095 - Agent - INFO - [37mVal Epoch 33 step 33 with [31mce_loss_combined : 0.702273 [31mce_loss_c : 0.694718 [31mce_loss_g : 0.707107 [31mkl_synergy_rand_1 : 0.000093 [31mkl_synergy_rand_2 : 0.000121 [31mkl_synergy_1 : 0.000062 [31mkl_synergy_2 : 0.000121 [31mtotal : 0.702670 [31mdiag_kl_1 : 0.092904 [31mdiag_kl_2 : 0.046025 [94mAcc_combined: 60.98 [94mAcc_c: 50.73 [94mAcc_g: 61.61 [92mF1_combined: 59.95 [92mF1_c: 66.22 [92mF1_g: 59.45 [95mCEU_cue_audio: 0.2642 [95mCEU_cue_video: 0.8215 [95mCEU_synergy: 0.3385 [95mCEU_coexistence: 0.7683 [97mS:[93m33.8%[97m([91m6.6c[97m-[94mF1:27.4%) [97mU1:[93m26.4%[97m([91m4.5c[97m) [97mU2:[93m82.2%[97m([91m25.0c[97m) [97mR:[93m76.8%[97m([91m25.3c[97m) [97mS-L: [92m0:[96m13% [92m1:[96m37%[39m [39m
2026-07-25 17:26:16,426 - Agent - INFO - [37mVal Epoch 34 step 34 with [31mce_loss_combined : 0.736623 [31mce_loss_c : 0.695100 [31mce_loss_g : 0.726125 [31mkl_synergy_rand_1 : 0.000120 [31mkl_synergy_rand_2 : 0.000143 [31mkl_synergy_1 : 0.000087 [31mkl_synergy_2 : 0.000142 [31mtotal : 0.737116 [31mdiag_kl_1 : 0.118670 [31mdiag_kl_2 : 0.049246 [94mAcc_combined: 58.66 [94mAcc_c: 50.48 [94mAcc_g: 59.24 [92mF1_combined: 57.48 [92mF1_c: 62.93 [92mF1_g: 56.84 [95mCEU_cue_audio: 0.3033 [95mCEU_cue_video: 0.7069 [95mCEU_synergy: 0.1394 [95mCEU_coexistence: 0.8796 [97mS:[93m13.9%[97m([91m2.7c[97m-[94mF1:13.6%) [97mU1:[93m30.3%[97m([91m5.2c[97m) [97mU2:[93m70.7%[97m([91m21.5c[97m) [97mR:[93m88.0%[97m([91m29.0c[97m) [97mS-L: [92m0:[96m27% [92m1:[96m12%[39m [39m
2026-07-25 17:27:03,845 - Agent - INFO - [37mVal Epoch 35 step 35 with [31mce_loss_combined : 0.737783 [31mce_loss_c : 0.694801 [31mce_loss_g : 0.735271 [31mkl_synergy_rand_1 : 0.000134 [31mkl_synergy_rand_2 : 0.000162 [31mkl_synergy_1 : 0.000081 [31mkl_synergy_2 : 0.000161 [31mtotal : 0.738321 [31mdiag_kl_1 : 0.137246 [31mdiag_kl_2 : 0.058285 [94mAcc_combined: 59.43 [94mAcc_c: 50.29 [94mAcc_g: 59.24 [92mF1_combined: 57.99 [92mF1_c: 66.25 [92mF1_g: 57.36 [95mCEU_cue_audio: 0.2191 [95mCEU_cue_video: 0.7962 [95mCEU_synergy: 0.2289 [95mCEU_coexistence: 0.8065 [97mS:[93m22.9%[97m([91m4.4c[97m-[94mF1:18.6%) [97mU1:[93m21.9%[97m([91m3.8c[97m) [97mU2:[93m79.6%[97m([91m24.2c[97m) [97mR:[93m80.6%[97m([91m26.6c[97m) [97mS-L: [92m1:[96m27%[39m [39m
2026-07-25 17:27:49,648 - Agent - INFO - [37mVal Epoch 36 step 36 with [31mce_loss_combined : 0.750164 [31mce_loss_c : 0.696411 [31mce_loss_g : 0.774078 [31mkl_synergy_rand_1 : 0.000149 [31mkl_synergy_rand_2 : 0.000190 [31mkl_synergy_1 : 0.000097 [31mkl_synergy_2 : 0.000191 [31mtotal : 0.750792 [31mdiag_kl_1 : 0.146869 [31mdiag_kl_2 : 0.054240 [94mAcc_combined: 58.56 [94mAcc_c: 49.56 [94mAcc_g: 58.56 [92mF1_combined: 57.26 [92mF1_c: 60.05 [92mF1_g: 57.30 [95mCEU_cue_audio: 0.3089 [95mCEU_cue_video: 0.6943 [95mCEU_synergy: 0.1096 [95mCEU_coexistence: 0.8975 [97mS:[93m10.9%[97m([91m2.1c[97m-[94mF1:10.5%) [97mU1:[93m30.9%[97m([91m5.3c[97m) [97mU2:[93m69.4%[97m([91m21.1c[97m) [97mR:[93m89.7%[97m([91m29.6c[97m) [97mS-L: [92m0:[96m13% [92m1:[96m11%[39m [39m
2026-07-25 17:28:37,011 - Agent - INFO - [37mVal Epoch 37 step 37 with [31mce_loss_combined : 0.732544 [31mce_loss_c : 0.697024 [31mce_loss_g : 0.734244 [31mkl_synergy_rand_1 : 0.000120 [31mkl_synergy_rand_2 : 0.000149 [31mkl_synergy_1 : 0.000078 [31mkl_synergy_2 : 0.000148 [31mtotal : 0.733039 [31mdiag_kl_1 : 0.120361 [31mdiag_kl_2 : 0.053612 [94mAcc_combined: 58.95 [94mAcc_c: 51.69 [94mAcc_g: 59.62 [92mF1_combined: 57.14 [92mF1_c: 66.19 [92mF1_g: 57.85 [95mCEU_cue_audio: 0.2811 [95mCEU_cue_video: 0.7260 [95mCEU_synergy: 0.2289 [95mCEU_coexistence: 0.8387 [97mS:[93m22.9%[97m([91m4.4c[97m-[94mF1:20.0%) [97mU1:[93m28.1%[97m([91m4.8c[97m) [97mU2:[93m72.6%[97m([91m22.1c[97m) [97mR:[93m83.9%[97m([91m27.7c[97m) [97mS-L: [92m0:[96m13% [92m1:[96m25%[39m [39m
2026-07-25 17:29:24,524 - Agent - INFO - [37mVal Epoch 38 step 38 with [31mce_loss_combined : 0.765570 [31mce_loss_c : 0.697915 [31mce_loss_g : 0.756640 [31mkl_synergy_rand_1 : 0.000173 [31mkl_synergy_rand_2 : 0.000199 [31mkl_synergy_1 : 0.000106 [31mkl_synergy_2 : 0.000201 [31mtotal : 0.766249 [31mdiag_kl_1 : 0.159356 [31mdiag_kl_2 : 0.060465 [94mAcc_combined: 58.66 [94mAcc_c: 50.19 [94mAcc_g: 58.95 [92mF1_combined: 57.90 [92mF1_c: 62.24 [92mF1_g: 56.93 [95mCEU_cue_audio: 0.2753 [95mCEU_cue_video: 0.7260 [95mCEU_synergy: 0.2088 [95mCEU_coexistence: 0.8357 [97mS:[93m20.9%[97m([91m4.1c[97m-[94mF1:17.3%) [97mU1:[93m27.5%[97m([91m4.7c[97m) [97mU2:[93m72.6%[97m([91m22.1c[97m) [97mR:[93m83.6%[97m([91m27.6c[97m) [97mS-L: [92m1:[96m25%[39m [39m
2026-07-25 17:30:12,492 - Agent - INFO - [37mVal Epoch 39 step 39 with [31mce_loss_combined : 0.731656 [31mce_loss_c : 0.696765 [31mce_loss_g : 0.727160 [31mkl_synergy_rand_1 : 0.000136 [31mkl_synergy_rand_2 : 0.000161 [31mkl_synergy_1 : 0.000083 [31mkl_synergy_2 : 0.000159 [31mtotal : 0.732195 [31mdiag_kl_1 : 0.132793 [31mdiag_kl_2 : 0.055442 [94mAcc_combined: 60.74 [94mAcc_c: 50.39 [94mAcc_g: 60.69 [92mF1_combined: 59.64 [92mF1_c: 62.72 [92mF1_g: 58.58 [95mCEU_cue_audio: 0.2979 [95mCEU_cue_video: 0.7547 [95mCEU_synergy: 0.2191 [95mCEU_coexistence: 0.8593 [97mS:[93m21.9%[97m([91m4.3c[97m-[94mF1:18.0%) [97mU1:[93m29.8%[97m([91m5.1c[97m) [97mU2:[93m75.5%[97m([91m22.9c[97m) [97mR:[93m85.9%[97m([91m28.3c[97m) [97mS-L: [92m1:[96m26%[39m [39m
2026-07-25 17:31:00,023 - Agent - INFO - [37mVal Epoch 40 step 40 with [31mce_loss_combined : 0.769773 [31mce_loss_c : 0.697810 [31mce_loss_g : 0.760744 [31mkl_synergy_rand_1 : 0.000188 [31mkl_synergy_rand_2 : 0.000233 [31mkl_synergy_1 : 0.000116 [31mkl_synergy_2 : 0.000232 [31mtotal : 0.770542 [31mdiag_kl_1 : 0.180045 [31mdiag_kl_2 : 0.066497 [94mAcc_combined: 59.28 [94mAcc_c: 49.90 [94mAcc_g: 59.72 [92mF1_combined: 58.44 [92mF1_c: 58.66 [92mF1_g: 57.87 [95mCEU_cue_audio: 0.2696 [95mCEU_cue_video: 0.7451 [95mCEU_synergy: 0.1641 [95mCEU_coexistence: 0.8681 [97mS:[93m16.4%[97m([91m3.2c[97m-[94mF1:14.6%) [97mU1:[93m27.0%[97m([91m4.6c[97m) [97mU2:[93m74.5%[97m([91m22.6c[97m) [97mR:[93m86.8%[97m([91m28.6c[97m) [97mS-L: [92m0:[96m7% [92m1:[96m18%[39m [39m
2026-07-25 17:31:47,862 - Agent - INFO - [37mVal Epoch 41 step 41 with [31mce_loss_combined : 0.788658 [31mce_loss_c : 0.698188 [31mce_loss_g : 0.780201 [31mkl_synergy_rand_1 : 0.000201 [31mkl_synergy_rand_2 : 0.000240 [31mkl_synergy_1 : 0.000129 [31mkl_synergy_2 : 0.000242 [31mtotal : 0.789470 [31mdiag_kl_1 : 0.194018 [31mdiag_kl_2 : 0.073865 [94mAcc_combined: 58.17 [94mAcc_c: 50.44 [94mAcc_g: 59.19 [92mF1_combined: 57.74 [92mF1_c: 62.88 [92mF1_g: 57.46 [95mCEU_cue_audio: 0.2696 [95mCEU_cue_video: 0.7134 [95mCEU_synergy: 0.1842 [95mCEU_coexistence: 0.8563 [97mS:[93m18.4%[97m([91m3.6c[97m-[94mF1:16.4%) [97mU1:[93m27.0%[97m([91m4.6c[97m) [97mU2:[93m71.3%[97m([91m21.7c[97m) [97mR:[93m85.6%[97m([91m28.2c[97m) [97mS-L: [92m0:[96m10% [92m1:[96m20%[39m [39m
2026-07-25 17:32:35,586 - Agent - INFO - [37mVal Epoch 42 step 42 with [31mce_loss_combined : 0.783492 [31mce_loss_c : 0.695871 [31mce_loss_g : 0.777907 [31mkl_synergy_rand_1 : 0.000195 [31mkl_synergy_rand_2 : 0.000244 [31mkl_synergy_1 : 0.000128 [31mkl_synergy_2 : 0.000240 [31mtotal : 0.784298 [31mdiag_kl_1 : 0.190293 [31mdiag_kl_2 : 0.086420 [94mAcc_combined: 59.38 [94mAcc_c: 50.39 [94mAcc_g: 59.67 [92mF1_combined: 59.18 [92mF1_c: 65.66 [92mF1_g: 57.84 [95mCEU_cue_audio: 0.2584 [95mCEU_cue_video: 0.7451 [95mCEU_synergy: 0.1939 [95mCEU_coexistence: 0.8651 [97mS:[93m19.4%[97m([91m3.8c[97m-[94mF1:17.4%) [97mU1:[93m25.8%[97m([91m4.4c[97m) [97mU2:[93m74.5%[97m([91m22.6c[97m) [97mR:[93m86.5%[97m([91m28.5c[97m) [97mS-L: [92m0:[96m13% [92m1:[96m20%[39m [39m
2026-07-25 17:33:23,863 - Agent - INFO - [37mVal Epoch 43 step 43 with [31mce_loss_combined : 0.796871 [31mce_loss_c : 0.695912 [31mce_loss_g : 0.790108 [31mkl_synergy_rand_1 : 0.000208 [31mkl_synergy_rand_2 : 0.000251 [31mkl_synergy_1 : 0.000124 [31mkl_synergy_2 : 0.000247 [31mtotal : 0.797701 [31mdiag_kl_1 : 0.205454 [31mdiag_kl_2 : 0.103578 [94mAcc_combined: 59.24 [94mAcc_c: 50.87 [94mAcc_g: 59.77 [92mF1_combined: 58.45 [92mF1_c: 66.18 [92mF1_g: 57.89 [95mCEU_cue_audio: 0.2474 [95mCEU_cue_video: 0.7803 [95mCEU_synergy: 0.2788 [95mCEU_coexistence: 0.7859 [97mS:[93m27.9%[97m([91m5.4c[97m-[94mF1:23.1%) [97mU1:[93m24.7%[97m([91m4.3c[97m) [97mU2:[93m78.0%[97m([91m23.7c[97m) [97mR:[93m78.6%[97m([91m25.9c[97m) [97mS-L: [92m0:[96m10% [92m1:[96m31%[39m [39m
2026-07-25 17:33:53,074 - Agent - INFO - [37mModel saved successfully at: ./artifacts/models/multibench/ur_funny/vt/SynIB_RMask_REFABL_urfunny_fold2_l0.001_perturbrandom_fillema_pmin0.7_refclass_prior_lr0.001_wd0.001.pth.tar[39m
2026-07-25 17:34:12,434 - Agent - INFO - [37mVal Epoch 44 step 44 with [31mce_loss_combined : 0.773950 [31mce_loss_c : 0.696165 [31mce_loss_g : 0.785779 [31mkl_synergy_rand_1 : 0.000182 [31mkl_synergy_rand_2 : 0.000228 [31mkl_synergy_1 : 0.000124 [31mkl_synergy_2 : 0.000228 [31mtotal : 0.774712 [31mdiag_kl_1 : 0.177453 [31mdiag_kl_2 : 0.075494 [94mAcc_combined: 58.75 [94mAcc_c: 49.42 [94mAcc_g: 59.14 [92mF1_combined: 58.29 [92mF1_c: 60.74 [92mF1_g: 57.39 [95mCEU_cue_audio: 0.2416 [95mCEU_cue_video: 0.7451 [95mCEU_synergy: 0.1740 [95mCEU_coexistence: 0.8593 [97mS:[93m17.4%[97m([91m3.4c[97m-[94mF1:15.9%) [97mU1:[93m24.2%[97m([91m4.2c[97m) [97mU2:[93m74.5%[97m([91m22.6c[97m) [97mR:[93m85.9%[97m([91m28.3c[97m) [97mS-L: [92m0:[96m13% [92m1:[96m18%[39m [39m
2026-07-25 17:34:58,510 - Agent - INFO - [37mVal Epoch 45 step 45 with [31mce_loss_combined : 0.766222 [31mce_loss_c : 0.696320 [31mce_loss_g : 0.775898 [31mkl_synergy_rand_1 : 0.000178 [31mkl_synergy_rand_2 : 0.000212 [31mkl_synergy_1 : 0.000115 [31mkl_synergy_2 : 0.000208 [31mtotal : 0.766935 [31mdiag_kl_1 : 0.172585 [31mdiag_kl_2 : 0.097316 [94mAcc_combined: 58.99 [94mAcc_c: 51.31 [94mAcc_g: 59.77 [92mF1_combined: 58.27 [92mF1_c: 65.41 [92mF1_g: 58.06 [95mCEU_cue_audio: 0.2921 [95mCEU_cue_video: 0.7260 [95mCEU_synergy: 0.2387 [95mCEU_coexistence: 0.8269 [97mS:[93m23.9%[97m([91m4.6c[97m-[94mF1:20.4%) [97mU1:[93m29.2%[97m([91m5.0c[97m) [97mU2:[93m72.6%[97m([91m22.1c[97m) [97mR:[93m82.7%[97m([91m27.3c[97m) [97mS-L: [92m0:[96m10% [92m1:[96m26%[39m [39m
2026-07-25 17:35:46,222 - Agent - INFO - [37mVal Epoch 46 step 46 with [31mce_loss_combined : 0.803441 [31mce_loss_c : 0.698226 [31mce_loss_g : 0.792420 [31mkl_synergy_rand_1 : 0.000209 [31mkl_synergy_rand_2 : 0.000247 [31mkl_synergy_1 : 0.000141 [31mkl_synergy_2 : 0.000248 [31mtotal : 0.804286 [31mdiag_kl_1 : 0.194356 [31mdiag_kl_2 : 0.094119 [94mAcc_combined: 57.74 [94mAcc_c: 49.61 [94mAcc_g: 58.37 [92mF1_combined: 56.65 [92mF1_c: 60.11 [92mF1_g: 56.58 [95mCEU_cue_audio: 0.3484 [95mCEU_cue_video: 0.6497 [95mCEU_synergy: 0.1394 [95mCEU_coexistence: 0.8914 [97mS:[93m13.9%[97m([91m2.7c[97m-[94mF1:12.9%) [97mU1:[93m34.8%[97m([91m6.0c[97m) [97mU2:[93m65.0%[97m([91m19.7c[97m) [97mR:[93m89.1%[97m([91m29.4c[97m) [97mS-L: [92m0:[96m10% [92m1:[96m15%[39m [39m
2026-07-25 17:36:33,463 - Agent - INFO - [37mVal Epoch 47 step 47 with [31mce_loss_combined : 0.789609 [31mce_loss_c : 0.701140 [31mce_loss_g : 0.794263 [31mkl_synergy_rand_1 : 0.000186 [31mkl_synergy_rand_2 : 0.000222 [31mkl_synergy_1 : 0.000121 [31mkl_synergy_2 : 0.000224 [31mtotal : 0.790363 [31mdiag_kl_1 : 0.179942 [31mdiag_kl_2 : 0.105027 [94mAcc_combined: 58.12 [94mAcc_c: 50.05 [94mAcc_g: 58.66 [92mF1_combined: 56.66 [92mF1_c: 63.89 [92mF1_g: 56.93 [95mCEU_cue_audio: 0.3763 [95mCEU_cue_video: 0.6497 [95mCEU_synergy: 0.2834 [95mCEU_coexistence: 0.8093 [97mS:[93m28.4%[97m([91m5.5c[97m-[94mF1:22.6%) [97mU1:[93m37.6%[97m([91m6.5c[97m) [97mU2:[93m65.0%[97m([91m19.7c[97m) [97mR:[93m80.9%[97m([91m26.7c[97m) [97mS-L: [92m0:[96m3% [92m1:[96m33%[39m [39m
2026-07-25 17:37:20,061 - Agent - INFO - [37mVal Epoch 48 step 48 with [31mce_loss_combined : 0.839073 [31mce_loss_c : 0.697487 [31mce_loss_g : 0.828867 [31mkl_synergy_rand_1 : 0.000245 [31mkl_synergy_rand_2 : 0.000291 [31mkl_synergy_1 : 0.000154 [31mkl_synergy_2 : 0.000292 [31mtotal : 0.840055 [31mdiag_kl_1 : 0.235236 [31mdiag_kl_2 : 0.124138 [94mAcc_combined: 58.51 [94mAcc_c: 50.39 [94mAcc_g: 59.19 [92mF1_combined: 57.23 [92mF1_c: 62.72 [92mF1_g: 57.16 [95mCEU_cue_audio: 0.2979 [95mCEU_cue_video: 0.7007 [95mCEU_synergy: 0.2042 [95mCEU_coexistence: 0.8387 [97mS:[93m20.4%[97m([91m4.0c[97m-[94mF1:17.6%) [97mU1:[93m29.8%[97m([91m5.1c[97m) [97mU2:[93m70.1%[97m([91m21.3c[97m) [97mR:[93m83.9%[97m([91m27.7c[97m) [97mS-L: [92m0:[96m7% [92m1:[96m23%[39m [39m
2026-07-25 17:38:08,101 - Agent - INFO - [37mVal Epoch 49 step 49 with [31mce_loss_combined : 0.836533 [31mce_loss_c : 0.698679 [31mce_loss_g : 0.822266 [31mkl_synergy_rand_1 : 0.000248 [31mkl_synergy_rand_2 : 0.000288 [31mkl_synergy_1 : 0.000163 [31mkl_synergy_2 : 0.000287 [31mtotal : 0.837519 [31mdiag_kl_1 : 0.239968 [31mdiag_kl_2 : 0.128838 [94mAcc_combined: 58.56 [94mAcc_c: 49.81 [94mAcc_g: 59.19 [92mF1_combined: 57.64 [92mF1_c: 58.41 [92mF1_g: 57.55 [95mCEU_cue_audio: 0.3258 [95mCEU_cue_video: 0.6783 [95mCEU_synergy: 0.1842 [95mCEU_coexistence: 0.8620 [97mS:[93m18.4%[97m([91m3.6c[97m-[94mF1:16.9%) [97mU1:[93m32.6%[97m([91m5.6c[97m) [97mU2:[93m67.8%[97m([91m20.6c[97m) [97mR:[93m86.2%[97m([91m28.4c[97m) [97mS-L: [92m0:[96m17% [92m1:[96m19%[39m [39m
2026-07-25 17:38:08,595 - Agent - INFO - We are in the final state.
2026-07-25 17:38:08,728 - root - INFO - Loaded best model from best_model_accuracy_state_dict
2026-07-25 17:38:12,757 - Agent - INFO - [37mVal Epoch 49 step 0 with [31mce_loss_combined : 0.713938 [31mce_loss_c : 0.696576 [31mce_loss_g : 0.712109 [31mkl_synergy_rand_1 : 0.000118 [31mkl_synergy_rand_2 : 0.000153 [31mkl_synergy_1 : 0.000081 [31mkl_synergy_2 : 0.000150 [31mtotal : 0.714441 [31mdiag_kl_1 : 0.113347 [31mdiag_kl_2 : 0.023699 [94mAcc_combined: 62.04 [94mAcc_c: 50.58 [94mAcc_g: 61.07 [92mF1_combined: 61.20 [92mF1_c: 63.66 [92mF1_g: 60.33 [95mCEU_cue_audio: 0.1854 [95mCEU_cue_video: 0.8248 [95mCEU_synergy: 0.1441 [95mCEU_coexistence: 0.8975 [97mS:[93m14.4%[97m([91m2.8c[97m-[94mF1:12.6%) [97mU1:[93m18.5%[97m([91m3.2c[97m) [97mU2:[93m82.5%[97m([91m25.0c[97m) [97mR:[93m89.7%[97m([91m29.6c[97m) [97mS-L: [92m1:[96m17%[39m [39m
2026-07-25 17:38:16,944 - Agent - INFO - [37mTest Epoch 49 step 0 with [31mce_loss_combined : 0.654746 [31mce_loss_c : 0.682860 [31mce_loss_g : 0.658477 [31mkl_synergy_rand_1 : 0.000132 [31mkl_synergy_rand_2 : 0.000153 [31mkl_synergy_1 : 0.000071 [31mkl_synergy_2 : 0.000153 [31mtotal : 0.655254 [31mdiag_kl_1 : 0.122224 [31mdiag_kl_2 : 0.023404 [94mAcc_combined: 62.90 [94mAcc_c: 53.02 [94mAcc_g: 61.96 [92mF1_combined: 61.73 [92mF1_c: 65.37 [92mF1_g: 60.90 [95mCEU_cue_audio: 0.2371 [95mCEU_cue_video: 0.8870 [95mCEU_synergy: 0.1232 [95mCEU_coexistence: 0.9195 [97mS:[93m12.3%[97m([91m2.3c[97m-[94mF1:11.0%) [97mU1:[93m23.7%[97m([91m4.7c[97m) [97mU2:[93m88.7%[97m([91m24.5c[97m) [97mR:[93m91.9%[97m([91m31.3c[97m) [97mS-L: [92m1:[96m15%[39m [39m
2026-07-25 17:38:17,315 - Agent - INFO - [37mModel saved successfully at: ./artifacts/models/multibench/ur_funny/vt/SynIB_RMask_REFABL_urfunny_fold2_l0.001_perturbrandom_fillema_pmin0.7_refclass_prior_lr0.001_wd0.001.pth.tar[39m
Job finished
