Starting SynIB reference-ablation job
Python 3.10.19
/esat/smcdata/users/kkontras/Image_Dataset/no_backup/git/SynIB  (git a2fb4fd)
GPU 0: NVIDIA GeForce RTX 2080 Ti (UUID: GPU-87e1744a-d67f-c235-1181-a8b3a626015d)
Executing: PYTHONPATH=src /esat/smcdata/users/kkontras/Image_Dataset/no_backup/envs/synergy_new/bin/python -m synib.entrypoints.train --config run/configs/rebuttal_ref_ablation/mustard_synib.json --default_config run/configs/rebuttal_ref_ablation/mustard_default.json --fold 1 --rmask random --l 0.001 --perturb_pmin 0.1 --perturb_fill ema --lr 0.0005 --wd 0.001 --reference_type class_prior --ref_diag --start_over --tag REFABL_mustard
Namespace(config='run/configs/rebuttal_ref_ablation/mustard_synib.json', default_config='run/configs/rebuttal_ref_ablation/mustard_default.json', fold='1', alpha=None, tanh_mode_beta=None, regby=None, batch_size=None, l='0.001', multil=None, lib=None, kmepoch=None, num_samples=None, contrcoeff=None, contr_type=None, shuffle_type=None, validate_with=None, num_classes=None, optim_method=None, ending_epoch=None, load_ongoing=None, recon_weight1=None, recon_weight2=None, recon_epochstages=None, recon_ensemblestages=None, lr='0.0005', wd='0.001', cls=None, ironic_rate=None, perturb='random', perturb_fill='ema', perturb_pmax=None, perturb_pmin='0.1', perturb_lsparse=None, rmask='random', pmin=None, pmax=None, lsparse=None, debug_mask_stats=False, pre=False, frozen=False, tdqm_disable=False, start_over=True, no_model_save=False, num_layers=None, grad_accum=None, init_from=None, init_strict=False, perturb_lsparse_sign=None, l_anneal_epochs=None, perturb_steps=None, perturb_lsparse_warmup=None, perturb_lsparse_schedule=None, persist_ell=False, save_masks=False, penalty_swap=False, disable_ce_random=False, disable_kl_learned=False, masking_only=False, modality_dropout=None, modality_dropout_target=None, l_z1_masked=None, l_z2_masked=None, l_pareto=None, reference_type='class_prior', ref_diag=True, ref_ema_decay=None, tag='REFABL_mustard')
2026-07-25 16:17:03,516 - Config - INFO - run/configs/rebuttal_ref_ablation/mustard_synib.json
2026-07-25 16:17:03,541 - Config - INFO -  THE Configuration of your experiment ..
{'agent': 'Agent',
 'dataset': {'data_roots': './src/synib/mydatasets/Factor_CL_Datasets/prepared/mustard/mustard_data.pkl',
             'data_type': 'sarcasm',
             'dataloader_class': 'FactorCL_MustardFiltered_Dataloader',
             'kfold_data_roots': './src/synib/mydatasets/Factor_CL_Datasets/prepared/mustard/mustard_synergy3.pkl',
             'mustard_video_filter': {'check_aligned_segment': True,
                                      'enabled': True,
                                      'min_aligned_len': 1,
                                      'vision_absmax_threshold': 1000000.0},
             'z_norm': True},
 'early_stopping': {'end_of_epoch_check': True,
                    'log_interval': 10,
                    'max_epoch': 100,
                    'n_steps_stop': 30,
                    'n_steps_stop_after': 0,
                    'save_every_step': 3000,
                    'save_every_valstep': 50,
                    'validate_after': 0,
                    'validate_every': 185},
 'exp_name': 'MUSTARD Experiment',
 'model': {'args': {'bias_infusion': {'method': False},
                    'clip_grad': False,
                    'cls_type': 'mlp',
                    'd_model': 40,
                    'dropout': 0.1,
                    'fc_inner': 64,
                    'multi_loss': {'multi_supervised_w': {'c': 1,
                                                          'combined': 1,
                                                          'g': 1}},
                    'norm_decision': False,
                    'num_classes': 2},
           'ceu': {'test': './artifacts/ceus/mustard/mustard_ceu_test.pkl',
                   'val': './artifacts/ceus/mustard/mustard_ceu_val.pkl'},
           'encoders': [{'args': {'freeze_encoder': False,
                                  'hidden_size': 40,
                                  'modality': 'c',
                                  'n_features': 371,
                                  'num_classes': 2},
                         'model': 'FactorCL_Uni',
                         'pretrainedEncoder': {'dir': 'unimodal_video_fold{}_vldaccuracy_lr0.0005_wd0.00001.pth.tar',
                                               'use': True}},
                        {'args': {'freeze_encoder': False,
                                  'hidden_size': 40,
                                  'modality': 'g',
                                  'n_features': 300,
                                  'num_classes': 2},
                         'model': 'FactorCL_Uni',
                         'pretrainedEncoder': {'dir': 'unimodal_text_fold{}_vldaccuracy_lr0.0005_wd0.0001.pth.tar',
                                               'use': True}},
                        {'args': {'d_model': 40,
                                  'dropout': 0.1,
                                  'fc_inner': 64,
                                  'freeze_encoder': False},
                         'model': 'FusionTrunkLinear',
                         'name': 'enc_2_fusion_trunk',
                         'pretrainedEncoder': {'dir': 'enc_2_fusion_trunk_{}.pth.tar',
                                               'use': False},
                         'save_encoder': False},
                        {'args': {'freeze_encoder': False,
                                  'in_dim': 64,
                                  'num_classes': 2},
                         'model': 'LinearHead',
                         'name': 'enc_3_fusion_head',
                         'pretrainedEncoder': {'dir': 'enc_3_fusion_head_{}.pth.tar',
                                               'use': False},
                         'save_encoder': False}],
           'load_ongoing': False,
           'model_class': 'FusionIBModel_Mask',
           'save_base_dir': './artifacts/models/multibench/mustard/vt',
           'save_dir': 'SynIB_RMask_{}.pth.tar'},
 'optimizer': {'beta1': 0.9,
               'beta2': 0.999,
               'learning_rate': 0.0001,
               'momentum': 0.9,
               'type': 'Adam',
               'weight_decay': 0.0001},
 'scheduler': {'max_lr': 0.03, 'type': 'cosanneal', 'warm_up_steps': 780},
 'task': 'classification',
 'training_params': {'adversarial_training': {'adv_epsilon': 0.01,
                                              'use': False},
                     'async_loading': True,
                     'batch_size': 32,
                     'cuda': True,
                     'data_loader_workers': 8,
                     'gpu_device': [0],
                     'pin_memory': True,
                     'rec_test': True,
                     'res': True,
                     'seed': 109,
                     'tdqm_disable': False,
                     'test_batch_size': 32,
                     'test_on_bottoms': False,
                     'use_test_set': True,
                     'validation': True,
                     'verbose': True,
                     'wandb_disable': True}}
2026-07-25 16:17:03,543 - Config - INFO -  *************************************** 
2026-07-25 16:17:03,544 - Config - INFO - The experiment name is MUSTARD Experiment
2026-07-25 16:17:03,544 - Config - INFO -  *************************************** 
2026-07-25 16:17:03,544 - root - INFO - save_dir: SynIB_RMask_REFABL_mustard_fold1_l0.001_perturbrandom_fillema_pmin0.1_refclass_prior_lr0.0005_wd0.001.pth.tar
2026-07-25 16:17:03,711 - Cuda Statistics - INFO - __Python VERSION:  3.10.19 (main, Oct 21 2025, 16:43:05) [GCC 11.2.0]
2026-07-25 16:17:03,711 - Cuda Statistics - INFO - __pyTorch VERSION:  2.9.1+cu128
2026-07-25 16:17:03,711 - Cuda Statistics - INFO - __CUDA VERSION
2026-07-25 16:17:03,821 - Cuda Statistics - INFO - __CUDNN VERSION:  91002
2026-07-25 16:17:03,845 - Cuda Statistics - INFO - __Number CUDA Devices:  1
2026-07-25 16:17:03,845 - Cuda Statistics - INFO - __Devices
2026-07-25 16:17:03,845 - Cuda Statistics - INFO - index, name, driver_version, memory.total [MiB], memory.used [MiB], memory.free [MiB]
2026-07-25 16:17:03,845 - Cuda Statistics - INFO - 0, NVIDIA GeForce RTX 2080 Ti, 610.43.03, 11264 MiB, 306 MiB, 10524 MiB
2026-07-25 16:17:03,890 - Cuda Statistics - INFO - Active CUDA Device: GPU 0
2026-07-25 16:17:03,891 - Cuda Statistics - INFO - Available devices  1
2026-07-25 16:17:03,891 - Cuda Statistics - INFO - Current cuda device  0
[MustardFilteredDataloader] train: dropped 31/412 samples (vision absmax threshold=1e+06, aligned=True)
[MustardFilteredDataloader] train: first drops -> 3:vision_absmax>1e+06 (2.7e+07), 7:vision_absmax>1e+06 (3.43e+07), 31:vision_absmax>1e+06 (1.29e+07), 45:vision_absmax>1e+06 (9.04e+06), 53:vision_absmax>1e+06 (2.67e+07), 72:vision_absmax>1e+06 (2.67e+07), 85:vision_absmax>1e+06 (3.93e+07), 94:vision_absmax>1e+06 (4.57e+07), 105:vision_absmax>1e+06 (3.62e+07), 122:vision_absmax>1e+06 (3.62e+07), ...
[MustardFilteredDataloader] valid: dropped 3/137 samples (vision absmax threshold=1e+06, aligned=True)
[MustardFilteredDataloader] valid: first drops -> 2:vision_absmax>1e+06 (2.67e+07), 20:vision_absmax>1e+06 (2.67e+07), 105:vision_absmax>1e+06 (4.57e+07)
[MustardFilteredDataloader] test: dropped 4/138 samples (vision absmax threshold=1e+06, aligned=True)
[MustardFilteredDataloader] test: first drops -> 3:vision_absmax>1e+06 (3.43e+07), 8:vision_absmax>1e+06 (2.67e+07), 65:vision_absmax>1e+06 (2.3e+07), 106:vision_absmax>1e+06 (2.67e+07)
2026-07-25 16:17:06,933 - Agent - INFO - Device: cuda:0
2026-07-25 16:17:06,933 - Agent - INFO - Total training batches: 12, validate every 185 batches, steps per epoch: 1
2026-07-25 16:17:13,258 - Agent - INFO - class_prior counts=[201, 180] prior=[0.5276, 0.4724]
2026-07-25 16:17:13,260 - Agent - INFO - Loss Weights are {'total': 1, 'combined': 1, 'c': 1, 'g': 1}
2026-07-25 16:17:13,260 - root - INFO - There is no CEU for train
2026-07-25 16:17:13,776 - root - INFO - Loading enc best model state dict from ./artifacts/models/multibench/mustard/vt/unimodal_video_fold1_vldaccuracy_lr0.0005_wd0.00001.pth.tar
2026-07-25 16:17:14,219 - root - INFO - Loading enc best model state dict from ./artifacts/models/multibench/mustard/vt/unimodal_text_fold1_vldaccuracy_lr0.0005_wd0.0001.pth.tar
2026-07-25 16:17:14,765 - Agent - INFO - Total number of trainable parameters are: 3517920
2026-07-25 16:17:14,783 - Agent - INFO - Total number of trainable parameters are: 1764436
2026-07-25 16:17:26,427 - Evaluator - INFO - New best with loss-accuracy-syn_accuracy-
2026-07-25 16:17:26,428 - Agent - INFO - [37mVal Epoch 1 step 1 with [31mce_loss_combined : 0.747894 [31mce_loss_c : 0.842573 [31mce_loss_g : 0.737641 [31mkl_synergy_rand_1 : 0.000020 [31mkl_synergy_rand_2 : 0.000018 [31mkl_synergy_1 : 0.000022 [31mkl_synergy_2 : 0.000013 [31mtotal : 0.747967 [31mdiag_kl_1 : 0.049877 [31mdiag_kl_2 : 0.016906 [94mAcc_combined: 50.75 [94mAcc_c: 50.75 [94mAcc_g: 50.00 [92mF1_combined: 64.52 [92mF1_c: 25.00 [92mF1_g: 66.67 [95mCEU_cue_audio: 0.5000 [95mCEU_cue_video: 0.5000 [95mCEU_synergy: 0.5806 [95mCEU_coexistence: 0.4366 [97mS:[93m58.1%[97m([91m13.4c[97m-[94mF1:42.8%) [97mU1:[93m50.0%[97m([91m5.2c[97m) [97mU2:[93m50.0%[97m([91m6.7c[97m) [97mR:[93m43.7%[97m([91m23.1c[97m) [97mS-L: [92m0:[96m65% [92m1:[96m20%[39m [39m
2026-07-25 16:17:26,463 - Agent - INFO - [37mTest Epoch 1 step 1 with [31mce_loss_combined : 0.650348 [31mce_loss_c : 0.636668 [31mce_loss_g : 0.663559 [31mkl_synergy_rand_1 : 0.000014 [31mkl_synergy_rand_2 : 0.000012 [31mkl_synergy_1 : 0.000014 [31mkl_synergy_2 : 0.000010 [31mtotal : 0.650399 [31mdiag_kl_1 : 0.036646 [31mdiag_kl_2 : 0.008675 [94mAcc_combined: 57.09 [94mAcc_c: 56.72 [94mAcc_g: 50.00 [92mF1_combined: 69.66 [92mF1_c: 31.76 [92mF1_g: 66.67 [95mCEU_cue_audio: 0.6113 [95mCEU_cue_video: 0.6248 [95mCEU_synergy: 0.4890 [95mCEU_coexistence: 0.6000 [97mS:[93m48.9%[97m([91m16.4c[97m-[94mF1:32.8%) [97mU1:[93m61.1%[97m([91m8.2c[97m) [97mU2:[93m62.5%[97m([91m7.5c[97m) [97mR:[93m60.0%[97m([91m24.6c[97m) [97mS-L: [92m0:[96m51%[39m [39m
2026-07-25 16:17:26,872 - Agent - INFO - [37mModel saved successfully at: ./artifacts/models/multibench/mustard/vt/SynIB_RMask_REFABL_mustard_fold1_l0.001_perturbrandom_fillema_pmin0.1_refclass_prior_lr0.0005_wd0.001.pth.tar[39m
2026-07-25 16:17:29,900 - Evaluator - INFO - New best with syn_accuracy-
2026-07-25 16:17:29,900 - Agent - INFO - [37mVal Epoch 2 step 2 with [31mce_loss_combined : 0.782418 [31mce_loss_c : 0.752299 [31mce_loss_g : 1.018283 [31mkl_synergy_rand_1 : 0.000044 [31mkl_synergy_rand_2 : 0.000041 [31mkl_synergy_1 : 0.000046 [31mkl_synergy_2 : 0.000030 [31mtotal : 0.782580 [31mdiag_kl_1 : 0.071211 [31mdiag_kl_2 : 0.015360 [94mAcc_combined: 50.75 [94mAcc_c: 51.87 [94mAcc_g: 50.75 [92mF1_combined: 64.52 [92mF1_c: 15.69 [92mF1_g: 64.89 [95mCEU_cue_audio: 0.5000 [95mCEU_cue_video: 0.5555 [95mCEU_synergy: 0.6775 [95mCEU_coexistence: 0.3662 [97mS:[93m67.7%[97m([91m15.7c[97m-[94mF1:48.3%) [97mU1:[93m50.0%[97m([91m5.2c[97m) [97mU2:[93m55.6%[97m([91m7.5c[97m) [97mR:[93m36.6%[97m([91m19.4c[97m) [97mS-L: [92m0:[96m77% [92m1:[96m20%[39m [39m
2026-07-25 16:17:29,919 - Agent - INFO - [37mTest Epoch 2 step 2 with [31mce_loss_combined : 0.650030 [31mce_loss_c : 0.654957 [31mce_loss_g : 0.716730 [31mkl_synergy_rand_1 : 0.000032 [31mkl_synergy_rand_2 : 0.000031 [31mkl_synergy_1 : 0.000030 [31mkl_synergy_2 : 0.000024 [31mtotal : 0.650147 [31mdiag_kl_1 : 0.047198 [31mdiag_kl_2 : 0.008725 [94mAcc_combined: 56.34 [94mAcc_c: 54.85 [94mAcc_g: 56.34 [92mF1_combined: 68.46 [92mF1_c: 18.79 [92mF1_g: 69.45 [95mCEU_cue_audio: 0.6113 [95mCEU_cue_video: 0.6248 [95mCEU_synergy: 0.5777 [95mCEU_coexistence: 0.5636 [97mS:[93m57.8%[97m([91m19.4c[97m-[94mF1:36.6%) [97mU1:[93m61.1%[97m([91m8.2c[97m) [97mU2:[93m62.5%[97m([91m7.5c[97m) [97mR:[93m56.4%[97m([91m23.1c[97m) [97mS-L: [92m0:[96m60%[39m [39m
2026-07-25 16:17:30,477 - Agent - INFO - [37mModel saved successfully at: ./artifacts/models/multibench/mustard/vt/SynIB_RMask_REFABL_mustard_fold1_l0.001_perturbrandom_fillema_pmin0.1_refclass_prior_lr0.0005_wd0.001.pth.tar[39m
2026-07-25 16:17:33,549 - Agent - INFO - [37mVal Epoch 3 step 3 with [31mce_loss_combined : 0.928536 [31mce_loss_c : 0.905573 [31mce_loss_g : 0.860254 [31mkl_synergy_rand_1 : 0.000126 [31mkl_synergy_rand_2 : 0.000115 [31mkl_synergy_1 : 0.000119 [31mkl_synergy_2 : 0.000092 [31mtotal : 0.928989 [31mdiag_kl_1 : 0.181964 [31mdiag_kl_2 : 0.036089 [94mAcc_combined: 49.63 [94mAcc_c: 50.00 [94mAcc_g: 50.37 [92mF1_combined: 60.87 [92mF1_c: 31.63 [92mF1_g: 66.50 [95mCEU_cue_audio: 0.6431 [95mCEU_cue_video: 0.3887 [95mCEU_synergy: 0.3225 [95mCEU_coexistence: 0.5211 [97mS:[93m32.3%[97m([91m7.5c[97m-[94mF1:27.4%) [97mU1:[93m64.3%[97m([91m6.7c[97m) [97mU2:[93m38.9%[97m([91m5.2c[97m) [97mR:[93m52.1%[97m([91m27.6c[97m) [97mS-L: [92m0:[96m35% [92m1:[96m20%[39m [39m
2026-07-25 16:17:36,580 - Agent - INFO - [37mVal Epoch 4 step 4 with [31mce_loss_combined : 0.787098 [31mce_loss_c : 0.726923 [31mce_loss_g : 1.173084 [31mkl_synergy_rand_1 : 0.000040 [31mkl_synergy_rand_2 : 0.000036 [31mkl_synergy_1 : 0.000032 [31mkl_synergy_2 : 0.000030 [31mtotal : 0.787236 [31mdiag_kl_1 : 0.051531 [31mdiag_kl_2 : 0.022899 [94mAcc_combined: 49.63 [94mAcc_c: 50.00 [94mAcc_g: 45.90 [92mF1_combined: 64.38 [92mF1_c: 4.29 [92mF1_g: 56.19 [95mCEU_cue_audio: 0.4287 [95mCEU_cue_video: 0.5555 [95mCEU_synergy: 0.5806 [95mCEU_coexistence: 0.4507 [97mS:[93m58.1%[97m([91m13.4c[97m-[94mF1:42.8%) [97mU1:[93m42.9%[97m([91m4.5c[97m) [97mU2:[93m55.6%[97m([91m7.5c[97m) [97mR:[93m45.1%[97m([91m23.9c[97m) [97mS-L: [92m0:[96m65% [92m1:[96m20%[39m [39m
2026-07-25 16:17:39,627 - Evaluator - INFO - New best with syn_accuracy-
2026-07-25 16:17:39,627 - Agent - INFO - [37mVal Epoch 5 step 5 with [31mce_loss_combined : 1.058903 [31mce_loss_c : 0.867286 [31mce_loss_g : 1.228117 [31mkl_synergy_rand_1 : 0.000186 [31mkl_synergy_rand_2 : 0.000180 [31mkl_synergy_1 : 0.000168 [31mkl_synergy_2 : 0.000156 [31mtotal : 1.059593 [31mdiag_kl_1 : 0.287371 [31mdiag_kl_2 : 0.051141 [94mAcc_combined: 44.78 [94mAcc_c: 49.63 [94mAcc_g: 44.03 [92mF1_combined: 49.66 [92mF1_c: 19.16 [92mF1_g: 50.00 [95mCEU_cue_audio: 0.5000 [95mCEU_cue_video: 0.5000 [95mCEU_synergy: 0.7419 [95mCEU_coexistence: 0.2254 [97mS:[93m74.2%[97m([91m17.2c[97m-[94mF1:52.3%) [97mU1:[93m50.0%[97m([91m5.2c[97m) [97mU2:[93m50.0%[97m([91m6.7c[97m) [97mR:[93m22.5%[97m([91m11.9c[97m) [97mS-L: [92m0:[96m85% [92m1:[96m20%[39m [39m
2026-07-25 16:17:39,647 - Agent - INFO - [37mTest Epoch 5 step 5 with [31mce_loss_combined : 0.734412 [31mce_loss_c : 0.671377 [31mce_loss_g : 0.807391 [31mkl_synergy_rand_1 : 0.000162 [31mkl_synergy_rand_2 : 0.000162 [31mkl_synergy_1 : 0.000157 [31mkl_synergy_2 : 0.000139 [31mtotal : 0.735032 [31mdiag_kl_1 : 0.248563 [31mdiag_kl_2 : 0.066298 [94mAcc_combined: 57.09 [94mAcc_c: 57.84 [94mAcc_g: 56.34 [92mF1_combined: 63.26 [92mF1_c: 33.14 [92mF1_g: 63.32 [95mCEU_cue_audio: 0.6113 [95mCEU_cue_video: 0.7498 [95mCEU_synergy: 0.8222 [95mCEU_coexistence: 0.3454 [97mS:[93m82.2%[97m([91m27.6c[97m-[94mF1:45.1%) [97mU1:[93m61.1%[97m([91m8.2c[97m) [97mU2:[93m75.0%[97m([91m9.0c[97m) [97mR:[93m34.5%[97m([91m14.2c[97m) [97mS-L: [92m0:[96m86%[39m [39m
2026-07-25 16:17:40,198 - Agent - INFO - [37mModel saved successfully at: ./artifacts/models/multibench/mustard/vt/SynIB_RMask_REFABL_mustard_fold1_l0.001_perturbrandom_fillema_pmin0.1_refclass_prior_lr0.0005_wd0.001.pth.tar[39m
2026-07-25 16:17:43,281 - Agent - INFO - [37mVal Epoch 6 step 6 with [31mce_loss_combined : 0.763226 [31mce_loss_c : 0.715386 [31mce_loss_g : 0.725678 [31mkl_synergy_rand_1 : 0.000053 [31mkl_synergy_rand_2 : 0.000048 [31mkl_synergy_1 : 0.000053 [31mkl_synergy_2 : 0.000036 [31mtotal : 0.763415 [31mdiag_kl_1 : 0.047265 [31mdiag_kl_2 : 0.059521 [94mAcc_combined: 49.25 [94mAcc_c: 54.10 [94mAcc_g: 50.37 [92mF1_combined: 64.58 [92mF1_c: 50.20 [92mF1_g: 66.50 [95mCEU_cue_audio: 0.6431 [95mCEU_cue_video: 0.4445 [95mCEU_synergy: 0.1613 [95mCEU_coexistence: 0.7888 [97mS:[93m16.1%[97m([91m3.7c[97m-[94mF1:15.3%) [97mU1:[93m64.3%[97m([91m6.7c[97m) [97mU2:[93m44.4%[97m([91m6.0c[97m) [97mR:[93m78.9%[97m([91m41.8c[97m) [97mS-L: [92m0:[96m15% [92m1:[96m20%[39m [39m
2026-07-25 16:17:46,314 - Evaluator - INFO - New best with loss-accuracy-
2026-07-25 16:17:46,315 - Agent - INFO - [37mVal Epoch 7 step 7 with [31mce_loss_combined : 0.733716 [31mce_loss_c : 0.707282 [31mce_loss_g : 0.795152 [31mkl_synergy_rand_1 : 0.000019 [31mkl_synergy_rand_2 : 0.000019 [31mkl_synergy_1 : 0.000019 [31mkl_synergy_2 : 0.000018 [31mtotal : 0.733791 [31mdiag_kl_1 : 0.026561 [31mdiag_kl_2 : 0.032492 [94mAcc_combined: 51.12 [94mAcc_c: 50.37 [94mAcc_g: 50.37 [92mF1_combined: 66.32 [92mF1_c: 4.32 [92mF1_g: 65.81 [95mCEU_cue_audio: 0.7139 [95mCEU_cue_video: 0.3887 [95mCEU_synergy: 0.2257 [95mCEU_coexistence: 0.6619 [97mS:[93m22.6%[97m([91m5.2c[97m-[94mF1:20.5%) [97mU1:[93m71.4%[97m([91m7.5c[97m) [97mU2:[93m38.9%[97m([91m5.2c[97m) [97mR:[93m66.2%[97m([91m35.1c[97m) [97mS-L: [92m0:[96m23% [92m1:[96m20%[39m [39m
2026-07-25 16:17:46,334 - Agent - INFO - [37mTest Epoch 7 step 7 with [31mce_loss_combined : 0.664764 [31mce_loss_c : 0.680594 [31mce_loss_g : 0.654061 [31mkl_synergy_rand_1 : 0.000015 [31mkl_synergy_rand_2 : 0.000016 [31mkl_synergy_1 : 0.000014 [31mkl_synergy_2 : 0.000014 [31mtotal : 0.664823 [31mdiag_kl_1 : 0.016053 [31mdiag_kl_2 : 0.018510 [94mAcc_combined: 54.10 [94mAcc_c: 51.49 [94mAcc_g: 54.10 [92mF1_combined: 68.38 [92mF1_c: 7.14 [92mF1_g: 68.38 [95mCEU_cue_audio: 0.8891 [95mCEU_cue_video: 0.4372 [95mCEU_synergy: 0.1778 [95mCEU_coexistence: 0.8728 [97mS:[93m17.8%[97m([91m6.0c[97m-[94mF1:15.1%) [97mU1:[93m88.9%[97m([91m11.9c[97m) [97mU2:[93m43.8%[97m([91m5.2c[97m) [97mR:[93m87.3%[97m([91m35.8c[97m) [97mS-L: [92m0:[96m19%[39m [39m
2026-07-25 16:17:46,884 - Agent - INFO - [37mModel saved successfully at: ./artifacts/models/multibench/mustard/vt/SynIB_RMask_REFABL_mustard_fold1_l0.001_perturbrandom_fillema_pmin0.1_refclass_prior_lr0.0005_wd0.001.pth.tar[39m
2026-07-25 16:17:49,917 - Evaluator - INFO - New best with syn_accuracy-
2026-07-25 16:17:49,917 - Agent - INFO - [37mVal Epoch 8 step 8 with [31mce_loss_combined : 0.858095 [31mce_loss_c : 0.734075 [31mce_loss_g : 1.041982 [31mkl_synergy_rand_1 : 0.000054 [31mkl_synergy_rand_2 : 0.000055 [31mkl_synergy_1 : 0.000043 [31mkl_synergy_2 : 0.000057 [31mtotal : 0.858305 [31mdiag_kl_1 : 0.115227 [31mdiag_kl_2 : 0.003692 [94mAcc_combined: 46.64 [94mAcc_c: 50.75 [94mAcc_g: 45.90 [92mF1_combined: 55.45 [92mF1_c: 9.59 [92mF1_g: 56.19 [95mCEU_cue_audio: 0.5000 [95mCEU_cue_video: 0.5555 [95mCEU_synergy: 0.8387 [95mCEU_coexistence: 0.1691 [97mS:[93m83.9%[97m([91m19.4c[97m-[94mF1:45.6%) [97mU1:[93m50.0%[97m([91m5.2c[97m) [97mU2:[93m55.6%[97m([91m7.5c[97m) [97mR:[93m16.9%[97m([91m9.0c[97m) [97mS-L: [92m0:[96m100%[39m [39m
2026-07-25 16:17:49,936 - Agent - INFO - [37mTest Epoch 8 step 8 with [31mce_loss_combined : 0.662984 [31mce_loss_c : 0.668413 [31mce_loss_g : 0.699593 [31mkl_synergy_rand_1 : 0.000041 [31mkl_synergy_rand_2 : 0.000040 [31mkl_synergy_1 : 0.000031 [31mkl_synergy_2 : 0.000041 [31mtotal : 0.663137 [31mdiag_kl_1 : 0.086637 [31mdiag_kl_2 : 0.004476 [94mAcc_combined: 60.07 [94mAcc_c: 54.48 [94mAcc_g: 59.70 [92mF1_combined: 68.80 [92mF1_c: 17.57 [92mF1_g: 68.97 [95mCEU_cue_audio: 0.6113 [95mCEU_cue_video: 0.7498 [95mCEU_synergy: 0.9556 [95mCEU_coexistence: 0.2000 [97mS:[93m95.6%[97m([91m32.1c[97m-[94mF1:48.9%) [97mU1:[93m61.1%[97m([91m8.2c[97m) [97mU2:[93m75.0%[97m([91m9.0c[97m) [97mR:[93m20.0%[97m([91m8.2c[97m) [97mS-L: [92m0:[96m100%[39m [39m
2026-07-25 16:17:50,488 - Agent - INFO - [37mModel saved successfully at: ./artifacts/models/multibench/mustard/vt/SynIB_RMask_REFABL_mustard_fold1_l0.001_perturbrandom_fillema_pmin0.1_refclass_prior_lr0.0005_wd0.001.pth.tar[39m
2026-07-25 16:17:53,512 - Agent - INFO - [37mVal Epoch 9 step 9 with [31mce_loss_combined : 0.876657 [31mce_loss_c : 0.768612 [31mce_loss_g : 0.979105 [31mkl_synergy_rand_1 : 0.000070 [31mkl_synergy_rand_2 : 0.000073 [31mkl_synergy_1 : 0.000057 [31mkl_synergy_2 : 0.000069 [31mtotal : 0.876926 [31mdiag_kl_1 : 0.128493 [31mdiag_kl_2 : 0.009551 [94mAcc_combined: 45.90 [94mAcc_c: 49.63 [94mAcc_g: 49.63 [92mF1_combined: 55.93 [92mF1_c: 14.01 [92mF1_g: 62.81 [95mCEU_cue_audio: 0.5000 [95mCEU_cue_video: 0.5000 [95mCEU_synergy: 0.7419 [95mCEU_coexistence: 0.2112 [97mS:[93m74.2%[97m([91m17.2c[97m-[94mF1:52.3%) [97mU1:[93m50.0%[97m([91m5.2c[97m) [97mU2:[93m50.0%[97m([91m6.7c[97m) [97mR:[93m21.1%[97m([91m11.2c[97m) [97mS-L: [92m0:[96m85% [92m1:[96m20%[39m [39m
2026-07-25 16:17:56,574 - Agent - INFO - [37mVal Epoch 10 step 10 with [31mce_loss_combined : 0.811149 [31mce_loss_c : 0.858525 [31mce_loss_g : 0.791545 [31mkl_synergy_rand_1 : 0.000051 [31mkl_synergy_rand_2 : 0.000048 [31mkl_synergy_1 : 0.000050 [31mkl_synergy_2 : 0.000036 [31mtotal : 0.811334 [31mdiag_kl_1 : 0.083910 [31mdiag_kl_2 : 0.026908 [94mAcc_combined: 48.13 [94mAcc_c: 52.99 [94mAcc_g: 50.00 [92mF1_combined: 61.71 [92mF1_c: 41.67 [92mF1_g: 66.67 [95mCEU_cue_audio: 0.7856 [95mCEU_cue_video: 0.5000 [95mCEU_synergy: 0.4516 [95mCEU_coexistence: 0.5071 [97mS:[93m45.2%[97m([91m10.4c[97m-[94mF1:35.5%) [97mU1:[93m78.6%[97m([91m8.2c[97m) [97mU2:[93m50.0%[97m([91m6.7c[97m) [97mR:[93m50.7%[97m([91m26.9c[97m) [97mS-L: [92m0:[96m50% [92m1:[96m20%[39m [39m
2026-07-25 16:17:59,622 - Agent - INFO - [37mVal Epoch 11 step 11 with [31mce_loss_combined : 0.829695 [31mce_loss_c : 0.773589 [31mce_loss_g : 0.897673 [31mkl_synergy_rand_1 : 0.000053 [31mkl_synergy_rand_2 : 0.000049 [31mkl_synergy_1 : 0.000046 [31mkl_synergy_2 : 0.000042 [31mtotal : 0.829885 [31mdiag_kl_1 : 0.086742 [31mdiag_kl_2 : 0.016323 [94mAcc_combined: 50.75 [94mAcc_c: 53.73 [94mAcc_g: 50.00 [92mF1_combined: 64.71 [92mF1_c: 38.00 [92mF1_g: 66.67 [95mCEU_cue_audio: 0.5000 [95mCEU_cue_video: 0.5000 [95mCEU_synergy: 0.7096 [95mCEU_coexistence: 0.2958 [97mS:[93m71.0%[97m([91m16.4c[97m-[94mF1:50.3%) [97mU1:[93m50.0%[97m([91m5.2c[97m) [97mU2:[93m50.0%[97m([91m6.7c[97m) [97mR:[93m29.6%[97m([91m15.7c[97m) [97mS-L: [92m0:[96m81% [92m1:[96m20%[39m [39m
2026-07-25 16:18:02,672 - Agent - INFO - [37mVal Epoch 12 step 12 with [31mce_loss_combined : 0.994963 [31mce_loss_c : 0.808910 [31mce_loss_g : 1.112150 [31mkl_synergy_rand_1 : 0.000137 [31mkl_synergy_rand_2 : 0.000136 [31mkl_synergy_1 : 0.000122 [31mkl_synergy_2 : 0.000124 [31mtotal : 0.995481 [31mdiag_kl_1 : 0.220409 [31mdiag_kl_2 : 0.036421 [94mAcc_combined: 44.40 [94mAcc_c: 48.51 [94mAcc_g: 46.27 [92mF1_combined: 50.50 [92mF1_c: 19.77 [92mF1_g: 55.56 [95mCEU_cue_audio: 0.5000 [95mCEU_cue_video: 0.5000 [95mCEU_synergy: 0.7419 [95mCEU_coexistence: 0.1972 [97mS:[93m74.2%[97m([91m17.2c[97m-[94mF1:52.3%) [97mU1:[93m50.0%[97m([91m5.2c[97m) [97mU2:[93m50.0%[97m([91m6.7c[97m) [97mR:[93m19.7%[97m([91m10.4c[97m) [97mS-L: [92m0:[96m85% [92m1:[96m20%[39m [39m
2026-07-25 16:18:05,718 - Agent - INFO - [37mVal Epoch 13 step 13 with [31mce_loss_combined : 0.979867 [31mce_loss_c : 0.795801 [31mce_loss_g : 1.171069 [31mkl_synergy_rand_1 : 0.000136 [31mkl_synergy_rand_2 : 0.000135 [31mkl_synergy_1 : 0.000125 [31mkl_synergy_2 : 0.000125 [31mtotal : 0.980390 [31mdiag_kl_1 : 0.203569 [31mdiag_kl_2 : 0.030510 [94mAcc_combined: 46.27 [94mAcc_c: 55.97 [94mAcc_g: 46.27 [92mF1_combined: 55.83 [92mF1_c: 54.62 [92mF1_g: 55.83 [95mCEU_cue_audio: 0.5000 [95mCEU_cue_video: 0.5555 [95mCEU_synergy: 0.6775 [95mCEU_coexistence: 0.3662 [97mS:[93m67.7%[97m([91m15.7c[97m-[94mF1:48.3%) [97mU1:[93m50.0%[97m([91m5.2c[97m) [97mU2:[93m55.6%[97m([91m7.5c[97m) [97mR:[93m36.6%[97m([91m19.4c[97m) [97mS-L: [92m0:[96m77% [92m1:[96m20%[39m [39m
2026-07-25 16:18:08,788 - Agent - INFO - [37mVal Epoch 14 step 14 with [31mce_loss_combined : 1.018675 [31mce_loss_c : 0.836974 [31mce_loss_g : 1.149239 [31mkl_synergy_rand_1 : 0.000178 [31mkl_synergy_rand_2 : 0.000178 [31mkl_synergy_1 : 0.000150 [31mkl_synergy_2 : 0.000172 [31mtotal : 1.019354 [31mdiag_kl_1 : 0.239792 [31mdiag_kl_2 : 0.052514 [94mAcc_combined: 47.39 [94mAcc_c: 52.61 [94mAcc_g: 47.39 [92mF1_combined: 57.66 [92mF1_c: 37.44 [92mF1_g: 58.16 [95mCEU_cue_audio: 0.5713 [95mCEU_cue_video: 0.4445 [95mCEU_synergy: 0.5162 [95mCEU_coexistence: 0.5211 [97mS:[93m51.6%[97m([91m11.9c[97m-[94mF1:39.2%) [97mU1:[93m57.1%[97m([91m6.0c[97m) [97mU2:[93m44.4%[97m([91m6.0c[97m) [97mR:[93m52.1%[97m([91m27.6c[97m) [97mS-L: [92m0:[96m58% [92m1:[96m20%[39m [39m
2026-07-25 16:18:11,875 - Agent - INFO - [37mVal Epoch 15 step 15 with [31mce_loss_combined : 1.234045 [31mce_loss_c : 0.891548 [31mce_loss_g : 1.411822 [31mkl_synergy_rand_1 : 0.000300 [31mkl_synergy_rand_2 : 0.000303 [31mkl_synergy_1 : 0.000266 [31mkl_synergy_2 : 0.000294 [31mtotal : 1.235208 [31mdiag_kl_1 : 0.435144 [31mdiag_kl_2 : 0.121336 [94mAcc_combined: 44.40 [94mAcc_c: 50.00 [94mAcc_g: 44.40 [92mF1_combined: 49.15 [92mF1_c: 23.86 [92mF1_g: 50.17 [95mCEU_cue_audio: 0.5000 [95mCEU_cue_video: 0.5000 [95mCEU_synergy: 0.7096 [95mCEU_coexistence: 0.3099 [97mS:[93m71.0%[97m([91m16.4c[97m-[94mF1:50.3%) [97mU1:[93m50.0%[97m([91m5.2c[97m) [97mU2:[93m50.0%[97m([91m6.7c[97m) [97mR:[93m31.0%[97m([91m16.4c[97m) [97mS-L: [92m0:[96m81% [92m1:[96m20%[39m [39m
2026-07-25 16:18:14,932 - Agent - INFO - [37mVal Epoch 16 step 16 with [31mce_loss_combined : 0.963613 [31mce_loss_c : 0.847531 [31mce_loss_g : 0.964218 [31mkl_synergy_rand_1 : 0.000153 [31mkl_synergy_rand_2 : 0.000158 [31mkl_synergy_1 : 0.000145 [31mkl_synergy_2 : 0.000149 [31mtotal : 0.964218 [31mdiag_kl_1 : 0.200974 [31mdiag_kl_2 : 0.050798 [94mAcc_combined: 48.13 [94mAcc_c: 59.33 [94mAcc_g: 49.25 [92mF1_combined: 59.24 [92mF1_c: 57.25 [92mF1_g: 61.36 [95mCEU_cue_audio: 0.7139 [95mCEU_cue_video: 0.5000 [95mCEU_synergy: 0.3225 [95mCEU_coexistence: 0.6056 [97mS:[93m32.3%[97m([91m7.5c[97m-[94mF1:27.4%) [97mU1:[93m71.4%[97m([91m7.5c[97m) [97mU2:[93m50.0%[97m([91m6.7c[97m) [97mR:[93m60.6%[97m([91m32.1c[97m) [97mS-L: [92m0:[96m35% [92m1:[96m20%[39m [39m
2026-07-25 16:18:18,017 - Agent - INFO - [37mVal Epoch 17 step 17 with [31mce_loss_combined : 0.902014 [31mce_loss_c : 0.748259 [31mce_loss_g : 0.992547 [31mkl_synergy_rand_1 : 0.000099 [31mkl_synergy_rand_2 : 0.000108 [31mkl_synergy_1 : 0.000078 [31mkl_synergy_2 : 0.000110 [31mtotal : 0.902409 [31mdiag_kl_1 : 0.126234 [31mdiag_kl_2 : 0.028252 [94mAcc_combined: 48.51 [94mAcc_c: 59.70 [94mAcc_g: 48.51 [92mF1_combined: 60.57 [92mF1_c: 56.45 [92mF1_g: 60.57 [95mCEU_cue_audio: 0.5713 [95mCEU_cue_video: 0.5000 [95mCEU_synergy: 0.2257 [95mCEU_coexistence: 0.6197 [97mS:[93m22.6%[97m([91m5.2c[97m-[94mF1:20.5%) [97mU1:[93m57.1%[97m([91m6.0c[97m) [97mU2:[93m50.0%[97m([91m6.7c[97m) [97mR:[93m62.0%[97m([91m32.8c[97m) [97mS-L: [92m0:[96m23% [92m1:[96m20%[39m [39m
2026-07-25 16:18:21,031 - Agent - INFO - [37mVal Epoch 18 step 18 with [31mce_loss_combined : 0.859422 [31mce_loss_c : 0.782830 [31mce_loss_g : 0.900342 [31mkl_synergy_rand_1 : 0.000087 [31mkl_synergy_rand_2 : 0.000093 [31mkl_synergy_1 : 0.000078 [31mkl_synergy_2 : 0.000096 [31mtotal : 0.859775 [31mdiag_kl_1 : 0.106427 [31mdiag_kl_2 : 0.029093 [94mAcc_combined: 50.37 [94mAcc_c: 40.67 [94mAcc_g: 51.12 [92mF1_combined: 63.16 [92mF1_c: 39.08 [92mF1_g: 64.11 [95mCEU_cue_audio: 0.7139 [95mCEU_cue_video: 0.5000 [95mCEU_synergy: 0.1936 [95mCEU_coexistence: 0.7324 [97mS:[93m19.4%[97m([91m4.5c[97m-[94mF1:18.0%) [97mU1:[93m71.4%[97m([91m7.5c[97m) [97mU2:[93m50.0%[97m([91m6.7c[97m) [97mR:[93m73.2%[97m([91m38.8c[97m) [97mS-L: [92m0:[96m19% [92m1:[96m20%[39m [39m
2026-07-25 16:18:24,067 - Agent - INFO - [37mVal Epoch 19 step 19 with [31mce_loss_combined : 1.079075 [31mce_loss_c : 0.764198 [31mce_loss_g : 1.150242 [31mkl_synergy_rand_1 : 0.000195 [31mkl_synergy_rand_2 : 0.000211 [31mkl_synergy_1 : 0.000186 [31mkl_synergy_2 : 0.000208 [31mtotal : 1.079875 [31mdiag_kl_1 : 0.268499 [31mdiag_kl_2 : 0.067365 [94mAcc_combined: 47.39 [94mAcc_c: 50.75 [94mAcc_g: 47.76 [92mF1_combined: 58.41 [92mF1_c: 15.38 [92mF1_g: 58.82 [95mCEU_cue_audio: 0.5713 [95mCEU_cue_video: 0.5000 [95mCEU_synergy: 0.3872 [95mCEU_coexistence: 0.5775 [97mS:[93m38.7%[97m([91m9.0c[97m-[94mF1:31.6%) [97mU1:[93m57.1%[97m([91m6.0c[97m) [97mU2:[93m50.0%[97m([91m6.7c[97m) [97mR:[93m57.7%[97m([91m30.6c[97m) [97mS-L: [92m0:[96m42% [92m1:[96m20%[39m [39m
2026-07-25 16:18:27,122 - Evaluator - INFO - New best with accuracy-
2026-07-25 16:18:27,123 - Agent - INFO - [37mVal Epoch 20 step 20 with [31mce_loss_combined : 0.803957 [31mce_loss_c : 0.771113 [31mce_loss_g : 0.786812 [31mkl_synergy_rand_1 : 0.000119 [31mkl_synergy_rand_2 : 0.000141 [31mkl_synergy_1 : 0.000121 [31mkl_synergy_2 : 0.000136 [31mtotal : 0.804474 [31mdiag_kl_1 : 0.128137 [31mdiag_kl_2 : 0.075117 [94mAcc_combined: 53.36 [94mAcc_c: 53.36 [94mAcc_g: 52.61 [92mF1_combined: 65.94 [92mF1_c: 35.90 [92mF1_g: 65.58 [95mCEU_cue_audio: 0.7856 [95mCEU_cue_video: 0.5555 [95mCEU_synergy: 0.0968 [95mCEU_coexistence: 0.8873 [97mS:[93m9.7%[97m([91m2.2c[97m-[94mF1:9.6%) [97mU1:[93m78.6%[97m([91m8.2c[97m) [97mU2:[93m55.6%[97m([91m7.5c[97m) [97mR:[93m88.7%[97m([91m47.0c[97m) [97mS-L: [92m0:[96m8% [92m1:[96m20%[39m [39m
2026-07-25 16:18:27,142 - Agent - INFO - [37mTest Epoch 20 step 20 with [31mce_loss_combined : 0.680159 [31mce_loss_c : 0.668937 [31mce_loss_g : 0.688253 [31mkl_synergy_rand_1 : 0.000098 [31mkl_synergy_rand_2 : 0.000108 [31mkl_synergy_1 : 0.000091 [31mkl_synergy_2 : 0.000109 [31mtotal : 0.680565 [31mdiag_kl_1 : 0.090277 [31mdiag_kl_2 : 0.056632 [94mAcc_combined: 55.97 [94mAcc_c: 55.60 [94mAcc_g: 55.97 [92mF1_combined: 68.45 [92mF1_c: 41.95 [92mF1_g: 68.45 [95mCEU_cue_audio: 0.7223 [95mCEU_cue_video: 0.6876 [95mCEU_synergy: 0.0890 [95mCEU_coexistence: 0.8545 [97mS:[93m8.9%[97m([91m3.0c[97m-[94mF1:8.2%) [97mU1:[93m72.2%[97m([91m9.7c[97m) [97mU2:[93m68.8%[97m([91m8.2c[97m) [97mR:[93m85.5%[97m([91m35.1c[97m) [97mS-L: [92m0:[96m9%[39m [39m
2026-07-25 16:18:27,830 - Agent - INFO - [37mModel saved successfully at: ./artifacts/models/multibench/mustard/vt/SynIB_RMask_REFABL_mustard_fold1_l0.001_perturbrandom_fillema_pmin0.1_refclass_prior_lr0.0005_wd0.001.pth.tar[39m
2026-07-25 16:18:30,859 - Agent - INFO - [37mVal Epoch 21 step 21 with [31mce_loss_combined : 0.955562 [31mce_loss_c : 0.775919 [31mce_loss_g : 0.980613 [31mkl_synergy_rand_1 : 0.000165 [31mkl_synergy_rand_2 : 0.000181 [31mkl_synergy_1 : 0.000157 [31mkl_synergy_2 : 0.000176 [31mtotal : 0.956241 [31mdiag_kl_1 : 0.218059 [31mdiag_kl_2 : 0.071423 [94mAcc_combined: 50.37 [94mAcc_c: 53.36 [94mAcc_g: 50.75 [92mF1_combined: 62.11 [92mF1_c: 40.19 [92mF1_g: 62.71 [95mCEU_cue_audio: 0.6431 [95mCEU_cue_video: 0.5000 [95mCEU_synergy: 0.2581 [95mCEU_coexistence: 0.7182 [97mS:[93m25.8%[97m([91m6.0c[97m-[94mF1:22.9%) [97mU1:[93m64.3%[97m([91m6.7c[97m) [97mU2:[93m50.0%[97m([91m6.7c[97m) [97mR:[93m71.8%[97m([91m38.1c[97m) [97mS-L: [92m0:[96m27% [92m1:[96m20%[39m [39m
2026-07-25 16:18:33,884 - Agent - INFO - [37mVal Epoch 22 step 22 with [31mce_loss_combined : 1.046877 [31mce_loss_c : 1.006367 [31mce_loss_g : 0.954851 [31mkl_synergy_rand_1 : 0.000220 [31mkl_synergy_rand_2 : 0.000220 [31mkl_synergy_1 : 0.000212 [31mkl_synergy_2 : 0.000214 [31mtotal : 1.047743 [31mdiag_kl_1 : 0.298989 [31mdiag_kl_2 : 0.082998 [94mAcc_combined: 47.76 [94mAcc_c: 52.99 [94mAcc_g: 51.49 [92mF1_combined: 58.33 [92mF1_c: 48.78 [92mF1_g: 63.48 [95mCEU_cue_audio: 0.7139 [95mCEU_cue_video: 0.5555 [95mCEU_synergy: 0.4194 [95mCEU_coexistence: 0.5493 [97mS:[93m41.9%[97m([91m9.7c[97m-[94mF1:33.6%) [97mU1:[93m71.4%[97m([91m7.5c[97m) [97mU2:[93m55.6%[97m([91m7.5c[97m) [97mR:[93m54.9%[97m([91m29.1c[97m) [97mS-L: [92m0:[96m46% [92m1:[96m20%[39m [39m
2026-07-25 16:18:36,941 - Agent - INFO - [37mVal Epoch 23 step 23 with [31mce_loss_combined : 0.932929 [31mce_loss_c : 0.749243 [31mce_loss_g : 0.975908 [31mkl_synergy_rand_1 : 0.000163 [31mkl_synergy_rand_2 : 0.000184 [31mkl_synergy_1 : 0.000150 [31mkl_synergy_2 : 0.000174 [31mtotal : 0.933600 [31mdiag_kl_1 : 0.192838 [31mdiag_kl_2 : 0.086351 [94mAcc_combined: 50.37 [94mAcc_c: 58.21 [94mAcc_g: 50.37 [92mF1_combined: 61.89 [92mF1_c: 56.25 [92mF1_g: 62.32 [95mCEU_cue_audio: 0.6431 [95mCEU_cue_video: 0.5555 [95mCEU_synergy: 0.2257 [95mCEU_coexistence: 0.7324 [97mS:[93m22.6%[97m([91m5.2c[97m-[94mF1:20.5%) [97mU1:[93m64.3%[97m([91m6.7c[97m) [97mU2:[93m55.6%[97m([91m7.5c[97m) [97mR:[93m73.2%[97m([91m38.8c[97m) [97mS-L: [92m0:[96m23% [92m1:[96m20%[39m [39m
2026-07-25 16:18:39,944 - Evaluator - INFO - New best with accuracy-
2026-07-25 16:18:39,944 - Agent - INFO - [37mVal Epoch 24 step 24 with [31mce_loss_combined : 0.955884 [31mce_loss_c : 0.905383 [31mce_loss_g : 0.877035 [31mkl_synergy_rand_1 : 0.000214 [31mkl_synergy_rand_2 : 0.000219 [31mkl_synergy_1 : 0.000207 [31mkl_synergy_2 : 0.000211 [31mtotal : 0.956734 [31mdiag_kl_1 : 0.246657 [31mdiag_kl_2 : 0.112373 [94mAcc_combined: 56.34 [94mAcc_c: 51.12 [94mAcc_g: 52.61 [92mF1_combined: 58.95 [92mF1_c: 41.26 [92mF1_g: 65.21 [95mCEU_cue_audio: 0.8574 [95mCEU_cue_video: 0.5000 [95mCEU_synergy: 0.2257 [95mCEU_coexistence: 0.6619 [97mS:[93m22.6%[97m([91m5.2c[97m-[94mF1:20.5%) [97mU1:[93m85.7%[97m([91m9.0c[97m) [97mU2:[93m50.0%[97m([91m6.7c[97m) [97mR:[93m66.2%[97m([91m35.1c[97m) [97mS-L: [92m0:[96m23% [92m1:[96m20%[39m [39m
2026-07-25 16:18:39,964 - Agent - INFO - [37mTest Epoch 24 step 24 with [31mce_loss_combined : 0.732536 [31mce_loss_c : 0.758403 [31mce_loss_g : 0.706041 [31mkl_synergy_rand_1 : 0.000174 [31mkl_synergy_rand_2 : 0.000177 [31mkl_synergy_1 : 0.000167 [31mkl_synergy_2 : 0.000170 [31mtotal : 0.733225 [31mdiag_kl_1 : 0.189959 [31mdiag_kl_2 : 0.103073 [94mAcc_combined: 62.69 [94mAcc_c: 56.72 [94mAcc_g: 56.34 [92mF1_combined: 65.75 [92mF1_c: 50.43 [92mF1_g: 68.46 [95mCEU_cue_audio: 0.6667 [95mCEU_cue_video: 0.6248 [95mCEU_synergy: 0.3778 [95mCEU_coexistence: 0.7636 [97mS:[93m37.8%[97m([91m12.7c[97m-[94mF1:27.4%) [97mU1:[93m66.7%[97m([91m9.0c[97m) [97mU2:[93m62.5%[97m([91m7.5c[97m) [97mR:[93m76.4%[97m([91m31.3c[97m) [97mS-L: [92m0:[96m40%[39m [39m
2026-07-25 16:18:40,676 - Agent - INFO - [37mModel saved successfully at: ./artifacts/models/multibench/mustard/vt/SynIB_RMask_REFABL_mustard_fold1_l0.001_perturbrandom_fillema_pmin0.1_refclass_prior_lr0.0005_wd0.001.pth.tar[39m
2026-07-25 16:18:43,757 - Agent - INFO - [37mVal Epoch 25 step 25 with [31mce_loss_combined : 0.960895 [31mce_loss_c : 0.826241 [31mce_loss_g : 0.924671 [31mkl_synergy_rand_1 : 0.000194 [31mkl_synergy_rand_2 : 0.000201 [31mkl_synergy_1 : 0.000192 [31mkl_synergy_2 : 0.000201 [31mtotal : 0.961683 [31mdiag_kl_1 : 0.234490 [31mdiag_kl_2 : 0.097603 [94mAcc_combined: 49.63 [94mAcc_c: 56.34 [94mAcc_g: 52.61 [92mF1_combined: 61.54 [92mF1_c: 53.39 [92mF1_g: 65.40 [95mCEU_cue_audio: 0.8574 [95mCEU_cue_video: 0.5555 [95mCEU_synergy: 0.2257 [95mCEU_coexistence: 0.6901 [97mS:[93m22.6%[97m([91m5.2c[97m-[94mF1:20.5%) [97mU1:[93m85.7%[97m([91m9.0c[97m) [97mU2:[93m55.6%[97m([91m7.5c[97m) [97mR:[93m69.0%[97m([91m36.6c[97m) [97mS-L: [92m0:[96m23% [92m1:[96m20%[39m [39m
2026-07-25 16:18:46,834 - Agent - INFO - [37mVal Epoch 26 step 26 with [31mce_loss_combined : 1.051818 [31mce_loss_c : 1.034435 [31mce_loss_g : 0.905589 [31mkl_synergy_rand_1 : 0.000226 [31mkl_synergy_rand_2 : 0.000246 [31mkl_synergy_1 : 0.000233 [31mkl_synergy_2 : 0.000220 [31mtotal : 1.052743 [31mdiag_kl_1 : 0.263212 [31mdiag_kl_2 : 0.143101 [94mAcc_combined: 51.49 [94mAcc_c: 49.63 [94mAcc_g: 52.24 [92mF1_combined: 53.90 [92mF1_c: 45.78 [92mF1_g: 65.03 [95mCEU_cue_audio: 0.7856 [95mCEU_cue_video: 0.5555 [95mCEU_synergy: 0.2904 [95mCEU_coexistence: 0.5352 [97mS:[93m29.0%[97m([91m6.7c[97m-[94mF1:25.2%) [97mU1:[93m78.6%[97m([91m8.2c[97m) [97mU2:[93m55.6%[97m([91m7.5c[97m) [97mR:[93m53.5%[97m([91m28.4c[97m) [97mS-L: [92m0:[96m31% [92m1:[96m20%[39m [39m
2026-07-25 16:18:49,918 - Agent - INFO - [37mVal Epoch 27 step 27 with [31mce_loss_combined : 1.090619 [31mce_loss_c : 0.812412 [31mce_loss_g : 1.083576 [31mkl_synergy_rand_1 : 0.000235 [31mkl_synergy_rand_2 : 0.000251 [31mkl_synergy_1 : 0.000219 [31mkl_synergy_2 : 0.000254 [31mtotal : 1.091579 [31mdiag_kl_1 : 0.275005 [31mdiag_kl_2 : 0.125591 [94mAcc_combined: 52.24 [94mAcc_c: 48.13 [94mAcc_g: 48.13 [92mF1_combined: 54.29 [92mF1_c: 9.15 [92mF1_g: 59.94 [95mCEU_cue_audio: 0.6431 [95mCEU_cue_video: 0.5555 [95mCEU_synergy: 0.2904 [95mCEU_coexistence: 0.6338 [97mS:[93m29.0%[97m([91m6.7c[97m-[94mF1:25.2%) [97mU1:[93m64.3%[97m([91m6.7c[97m) [97mU2:[93m55.6%[97m([91m7.5c[97m) [97mR:[93m63.4%[97m([91m33.6c[97m) [97mS-L: [92m0:[96m31% [92m1:[96m20%[39m [39m
2026-07-25 16:18:53,023 - Agent - INFO - [37mVal Epoch 28 step 28 with [31mce_loss_combined : 0.867850 [31mce_loss_c : 0.845713 [31mce_loss_g : 0.765730 [31mkl_synergy_rand_1 : 0.000147 [31mkl_synergy_rand_2 : 0.000162 [31mkl_synergy_1 : 0.000140 [31mkl_synergy_2 : 0.000153 [31mtotal : 0.868453 [31mdiag_kl_1 : 0.135349 [31mdiag_kl_2 : 0.116236 [94mAcc_combined: 50.37 [94mAcc_c: 48.51 [94mAcc_g: 52.99 [92mF1_combined: 62.95 [92mF1_c: 24.18 [92mF1_g: 66.67 [95mCEU_cue_audio: 0.7856 [95mCEU_cue_video: 0.5555 [95mCEU_synergy: 0.1613 [95mCEU_coexistence: 0.7324 [97mS:[93m16.1%[97m([91m3.7c[97m-[94mF1:15.3%) [97mU1:[93m78.6%[97m([91m8.2c[97m) [97mU2:[93m55.6%[97m([91m7.5c[97m) [97mR:[93m73.2%[97m([91m38.8c[97m) [97mS-L: [92m0:[96m15% [92m1:[96m20%[39m [39m
2026-07-25 16:18:56,118 - Agent - INFO - [37mVal Epoch 29 step 29 with [31mce_loss_combined : 1.132615 [31mce_loss_c : 0.932171 [31mce_loss_g : 1.028602 [31mkl_synergy_rand_1 : 0.000244 [31mkl_synergy_rand_2 : 0.000257 [31mkl_synergy_1 : 0.000239 [31mkl_synergy_2 : 0.000234 [31mtotal : 1.133587 [31mdiag_kl_1 : 0.309747 [31mdiag_kl_2 : 0.114918 [94mAcc_combined: 47.76 [94mAcc_c: 50.75 [94mAcc_g: 49.63 [92mF1_combined: 58.58 [92mF1_c: 45.90 [92mF1_g: 62.18 [95mCEU_cue_audio: 0.8574 [95mCEU_cue_video: 0.6113 [95mCEU_synergy: 0.2257 [95mCEU_coexistence: 0.5493 [97mS:[93m22.6%[97m([91m5.2c[97m-[94mF1:18.4%) [97mU1:[93m85.7%[97m([91m9.0c[97m) [97mU2:[93m61.1%[97m([91m8.2c[97m) [97mR:[93m54.9%[97m([91m29.1c[97m) [97mS-L: [92m0:[96m27%[39m [39m
2026-07-25 16:18:59,225 - Evaluator - INFO - New best with accuracy-
2026-07-25 16:18:59,225 - Agent - INFO - [37mVal Epoch 30 step 30 with [31mce_loss_combined : 0.947322 [31mce_loss_c : 0.820815 [31mce_loss_g : 0.979801 [31mkl_synergy_rand_1 : 0.000223 [31mkl_synergy_rand_2 : 0.000238 [31mkl_synergy_1 : 0.000198 [31mkl_synergy_2 : 0.000236 [31mtotal : 0.948218 [31mdiag_kl_1 : 0.220586 [31mdiag_kl_2 : 0.155324 [94mAcc_combined: 59.70 [94mAcc_c: 55.97 [94mAcc_g: 61.57 [92mF1_combined: 60.00 [92mF1_c: 54.96 [92mF1_g: 63.35 [95mCEU_cue_audio: 0.8574 [95mCEU_cue_video: 0.6113 [95mCEU_synergy: 0.1936 [95mCEU_coexistence: 0.7182 [97mS:[93m19.4%[97m([91m4.5c[97m-[94mF1:18.0%) [97mU1:[93m85.7%[97m([91m9.0c[97m) [97mU2:[93m61.1%[97m([91m8.2c[97m) [97mR:[93m71.8%[97m([91m38.1c[97m) [97mS-L: [92m0:[96m19% [92m1:[96m20%[39m [39m
2026-07-25 16:18:59,244 - Agent - INFO - [37mTest Epoch 30 step 30 with [31mce_loss_combined : 0.732237 [31mce_loss_c : 0.705777 [31mce_loss_g : 0.727916 [31mkl_synergy_rand_1 : 0.000212 [31mkl_synergy_rand_2 : 0.000225 [31mkl_synergy_1 : 0.000197 [31mkl_synergy_2 : 0.000218 [31mtotal : 0.733089 [31mdiag_kl_1 : 0.169857 [31mdiag_kl_2 : 0.179613 [94mAcc_combined: 61.57 [94mAcc_c: 53.36 [94mAcc_g: 59.33 [92mF1_combined: 61.99 [92mF1_c: 52.47 [92mF1_g: 61.75 [95mCEU_cue_audio: 0.8332 [95mCEU_cue_video: 0.6876 [95mCEU_synergy: 0.2001 [95mCEU_coexistence: 0.8545 [97mS:[93m20.0%[97m([91m6.7c[97m-[94mF1:16.7%) [97mU1:[93m83.3%[97m([91m11.2c[97m) [97mU2:[93m68.8%[97m([91m8.2c[97m) [97mR:[93m85.5%[97m([91m35.1c[97m) [97mS-L: [92m0:[96m21%[39m [39m
2026-07-25 16:19:00,128 - Agent - INFO - [37mModel saved successfully at: ./artifacts/models/multibench/mustard/vt/SynIB_RMask_REFABL_mustard_fold1_l0.001_perturbrandom_fillema_pmin0.1_refclass_prior_lr0.0005_wd0.001.pth.tar[39m
2026-07-25 16:19:03,229 - Agent - INFO - [37mVal Epoch 31 step 31 with [31mce_loss_combined : 1.153044 [31mce_loss_c : 1.017370 [31mce_loss_g : 1.024672 [31mkl_synergy_rand_1 : 0.000297 [31mkl_synergy_rand_2 : 0.000305 [31mkl_synergy_1 : 0.000281 [31mkl_synergy_2 : 0.000293 [31mtotal : 1.154219 [31mdiag_kl_1 : 0.346080 [31mdiag_kl_2 : 0.166513 [94mAcc_combined: 50.00 [94mAcc_c: 47.01 [94mAcc_g: 60.82 [92mF1_combined: 51.09 [92mF1_c: 43.20 [92mF1_g: 62.63 [95mCEU_cue_audio: 0.7856 [95mCEU_cue_video: 0.5555 [95mCEU_synergy: 0.2904 [95mCEU_coexistence: 0.5493 [97mS:[93m29.0%[97m([91m6.7c[97m-[94mF1:25.2%) [97mU1:[93m78.6%[97m([91m8.2c[97m) [97mU2:[93m55.6%[97m([91m7.5c[97m) [97mR:[93m54.9%[97m([91m29.1c[97m) [97mS-L: [92m0:[96m31% [92m1:[96m20%[39m [39m
2026-07-25 16:19:06,341 - Agent - INFO - [37mVal Epoch 32 step 32 with [31mce_loss_combined : 1.058451 [31mce_loss_c : 0.875490 [31mce_loss_g : 0.982957 [31mkl_synergy_rand_1 : 0.000245 [31mkl_synergy_rand_2 : 0.000268 [31mkl_synergy_1 : 0.000242 [31mkl_synergy_2 : 0.000266 [31mtotal : 1.059473 [31mdiag_kl_1 : 0.272493 [31mdiag_kl_2 : 0.155533 [94mAcc_combined: 55.22 [94mAcc_c: 54.48 [94mAcc_g: 50.00 [92mF1_combined: 56.52 [92mF1_c: 53.08 [92mF1_g: 62.57 [95mCEU_cue_audio: 0.7139 [95mCEU_cue_video: 0.6113 [95mCEU_synergy: 0.2904 [95mCEU_coexistence: 0.6619 [97mS:[93m29.0%[97m([91m6.7c[97m-[94mF1:25.2%) [97mU1:[93m71.4%[97m([91m7.5c[97m) [97mU2:[93m61.1%[97m([91m8.2c[97m) [97mR:[93m66.2%[97m([91m35.1c[97m) [97mS-L: [92m0:[96m31% [92m1:[96m20%[39m [39m
2026-07-25 16:19:09,426 - Evaluator - INFO - New best with accuracy-
2026-07-25 16:19:09,427 - Agent - INFO - [37mVal Epoch 33 step 33 with [31mce_loss_combined : 0.746767 [31mce_loss_c : 0.798265 [31mce_loss_g : 0.663612 [31mkl_synergy_rand_1 : 0.000197 [31mkl_synergy_rand_2 : 0.000196 [31mkl_synergy_1 : 0.000185 [31mkl_synergy_2 : 0.000176 [31mtotal : 0.747521 [31mdiag_kl_1 : 0.132695 [31mdiag_kl_2 : 0.231279 [94mAcc_combined: 62.31 [94mAcc_c: 58.21 [94mAcc_g: 66.04 [92mF1_combined: 62.45 [92mF1_c: 58.21 [92mF1_g: 67.15 [95mCEU_cue_audio: 0.7139 [95mCEU_cue_video: 0.4445 [95mCEU_synergy: 0.1613 [95mCEU_coexistence: 0.8451 [97mS:[93m16.1%[97m([91m3.7c[97m-[94mF1:15.3%) [97mU1:[93m71.4%[97m([91m7.5c[97m) [97mU2:[93m44.4%[97m([91m6.0c[97m) [97mR:[93m84.5%[97m([91m44.8c[97m) [97mS-L: [92m0:[96m15% [92m1:[96m20%[39m [39m
2026-07-25 16:19:09,446 - Agent - INFO - [37mTest Epoch 33 step 33 with [31mce_loss_combined : 0.773563 [31mce_loss_c : 0.707946 [31mce_loss_g : 0.736241 [31mkl_synergy_rand_1 : 0.000192 [31mkl_synergy_rand_2 : 0.000190 [31mkl_synergy_1 : 0.000178 [31mkl_synergy_2 : 0.000177 [31mtotal : 0.774299 [31mdiag_kl_1 : 0.113964 [31mdiag_kl_2 : 0.192840 [94mAcc_combined: 55.97 [94mAcc_c: 53.36 [94mAcc_g: 52.99 [92mF1_combined: 55.97 [92mF1_c: 53.18 [92mF1_g: 54.68 [95mCEU_cue_audio: 0.7775 [95mCEU_cue_video: 0.5628 [95mCEU_synergy: 0.0890 [95mCEU_coexistence: 0.8728 [97mS:[93m8.9%[97m([91m3.0c[97m-[94mF1:8.2%) [97mU1:[93m77.8%[97m([91m10.4c[97m) [97mU2:[93m56.2%[97m([91m6.7c[97m) [97mR:[93m87.3%[97m([91m35.8c[97m) [97mS-L: [92m0:[96m9%[39m [39m
2026-07-25 16:19:10,159 - Agent - INFO - [37mModel saved successfully at: ./artifacts/models/multibench/mustard/vt/SynIB_RMask_REFABL_mustard_fold1_l0.001_perturbrandom_fillema_pmin0.1_refclass_prior_lr0.0005_wd0.001.pth.tar[39m
2026-07-25 16:19:13,305 - Agent - INFO - [37mVal Epoch 34 step 34 with [31mce_loss_combined : 0.753882 [31mce_loss_c : 0.815245 [31mce_loss_g : 0.703588 [31mkl_synergy_rand_1 : 0.000129 [31mkl_synergy_rand_2 : 0.000129 [31mkl_synergy_1 : 0.000121 [31mkl_synergy_2 : 0.000114 [31mtotal : 0.754375 [31mdiag_kl_1 : 0.116342 [31mdiag_kl_2 : 0.118618 [94mAcc_combined: 60.82 [94mAcc_c: 58.21 [94mAcc_g: 53.73 [92mF1_combined: 62.09 [92mF1_c: 55.91 [92mF1_g: 67.02 [95mCEU_cue_audio: 0.7139 [95mCEU_cue_video: 0.4445 [95mCEU_synergy: 0.1936 [95mCEU_coexistence: 0.8028 [97mS:[93m19.4%[97m([91m4.5c[97m-[94mF1:18.0%) [97mU1:[93m71.4%[97m([91m7.5c[97m) [97mU2:[93m44.4%[97m([91m6.0c[97m) [97mR:[93m80.3%[97m([91m42.5c[97m) [97mS-L: [92m0:[96m19% [92m1:[96m20%[39m [39m
2026-07-25 16:19:16,419 - Agent - INFO - [37mVal Epoch 35 step 35 with [31mce_loss_combined : 0.944696 [31mce_loss_c : 0.839869 [31mce_loss_g : 0.953263 [31mkl_synergy_rand_1 : 0.000192 [31mkl_synergy_rand_2 : 0.000206 [31mkl_synergy_1 : 0.000182 [31mkl_synergy_2 : 0.000201 [31mtotal : 0.945478 [31mdiag_kl_1 : 0.222335 [31mdiag_kl_2 : 0.125792 [94mAcc_combined: 57.84 [94mAcc_c: 58.21 [94mAcc_g: 55.97 [92mF1_combined: 59.79 [92mF1_c: 55.20 [92mF1_g: 65.09 [95mCEU_cue_audio: 0.7856 [95mCEU_cue_video: 0.6113 [95mCEU_synergy: 0.3548 [95mCEU_coexistence: 0.6761 [97mS:[93m35.5%[97m([91m8.2c[97m-[94mF1:29.5%) [97mU1:[93m78.6%[97m([91m8.2c[97m) [97mU2:[93m61.1%[97m([91m8.2c[97m) [97mR:[93m67.6%[97m([91m35.8c[97m) [97mS-L: [92m0:[96m38% [92m1:[96m20%[39m [39m
2026-07-25 16:19:19,544 - Agent - INFO - [37mVal Epoch 36 step 36 with [31mce_loss_combined : 0.826142 [31mce_loss_c : 0.932855 [31mce_loss_g : 0.745089 [31mkl_synergy_rand_1 : 0.000225 [31mkl_synergy_rand_2 : 0.000236 [31mkl_synergy_1 : 0.000233 [31mkl_synergy_2 : 0.000229 [31mtotal : 0.827065 [31mdiag_kl_1 : 0.216239 [31mdiag_kl_2 : 0.209362 [94mAcc_combined: 58.21 [94mAcc_c: 51.87 [94mAcc_g: 63.43 [92mF1_combined: 60.28 [92mF1_c: 48.61 [92mF1_g: 65.49 [95mCEU_cue_audio: 0.7139 [95mCEU_cue_video: 0.6667 [95mCEU_synergy: 0.3225 [95mCEU_coexistence: 0.6901 [97mS:[93m32.3%[97m([91m7.5c[97m-[94mF1:24.4%) [97mU1:[93m71.4%[97m([91m7.5c[97m) [97mU2:[93m66.7%[97m([91m9.0c[97m) [97mR:[93m69.0%[97m([91m36.6c[97m) [97mS-L: [92m0:[96m38%[39m [39m
2026-07-25 16:19:22,622 - Agent - INFO - [37mVal Epoch 37 step 37 with [31mce_loss_combined : 0.874761 [31mce_loss_c : 0.909142 [31mce_loss_g : 0.788044 [31mkl_synergy_rand_1 : 0.000335 [31mkl_synergy_rand_2 : 0.000353 [31mkl_synergy_1 : 0.000325 [31mkl_synergy_2 : 0.000333 [31mtotal : 0.876107 [31mdiag_kl_1 : 0.286777 [31mdiag_kl_2 : 0.334909 [94mAcc_combined: 60.45 [94mAcc_c: 52.99 [94mAcc_g: 63.43 [92mF1_combined: 61.31 [92mF1_c: 51.54 [92mF1_g: 65.25 [95mCEU_cue_audio: 0.7856 [95mCEU_cue_video: 0.5555 [95mCEU_synergy: 0.1936 [95mCEU_coexistence: 0.7465 [97mS:[93m19.4%[97m([91m4.5c[97m-[94mF1:18.0%) [97mU1:[93m78.6%[97m([91m8.2c[97m) [97mU2:[93m55.6%[97m([91m7.5c[97m) [97mR:[93m74.6%[97m([91m39.6c[97m) [97mS-L: [92m0:[96m19% [92m1:[96m20%[39m [39m
2026-07-25 16:19:25,735 - Agent - INFO - [37mVal Epoch 38 step 38 with [31mce_loss_combined : 0.921922 [31mce_loss_c : 0.866106 [31mce_loss_g : 0.827855 [31mkl_synergy_rand_1 : 0.000465 [31mkl_synergy_rand_2 : 0.000490 [31mkl_synergy_1 : 0.000440 [31mkl_synergy_2 : 0.000455 [31mtotal : 0.923772 [31mdiag_kl_1 : 0.348784 [31mdiag_kl_2 : 0.514016 [94mAcc_combined: 61.19 [94mAcc_c: 55.22 [94mAcc_g: 64.55 [92mF1_combined: 61.48 [92mF1_c: 54.89 [92mF1_g: 65.70 [95mCEU_cue_audio: 0.7139 [95mCEU_cue_video: 0.5555 [95mCEU_synergy: 0.0644 [95mCEU_coexistence: 0.8451 [97mS:[93m6.5%[97m([91m1.5c[97m-[94mF1:6.5%) [97mU1:[93m71.4%[97m([91m7.5c[97m) [97mU2:[93m55.6%[97m([91m7.5c[97m) [97mR:[93m84.5%[97m([91m44.8c[97m) [97mS-L: [92m0:[96m4% [92m1:[96m20%[39m [39m
2026-07-25 16:19:28,871 - Agent - INFO - [37mVal Epoch 39 step 39 with [31mce_loss_combined : 0.892405 [31mce_loss_c : 1.013754 [31mce_loss_g : 0.777077 [31mkl_synergy_rand_1 : 0.000302 [31mkl_synergy_rand_2 : 0.000324 [31mkl_synergy_1 : 0.000308 [31mkl_synergy_2 : 0.000310 [31mtotal : 0.893649 [31mdiag_kl_1 : 0.307280 [31mdiag_kl_2 : 0.269863 [94mAcc_combined: 57.09 [94mAcc_c: 46.64 [94mAcc_g: 63.43 [92mF1_combined: 59.36 [92mF1_c: 35.87 [92mF1_g: 67.55 [95mCEU_cue_audio: 0.8574 [95mCEU_cue_video: 0.7223 [95mCEU_synergy: 0.3225 [95mCEU_coexistence: 0.6338 [97mS:[93m32.3%[97m([91m7.5c[97m-[94mF1:24.4%) [97mU1:[93m85.7%[97m([91m9.0c[97m) [97mU2:[93m72.2%[97m([91m9.7c[97m) [97mR:[93m63.4%[97m([91m33.6c[97m) [97mS-L: [92m0:[96m38%[39m [39m
2026-07-25 16:19:31,948 - Agent - INFO - [37mVal Epoch 40 step 40 with [31mce_loss_combined : 0.874484 [31mce_loss_c : 0.875866 [31mce_loss_g : 0.772359 [31mkl_synergy_rand_1 : 0.000370 [31mkl_synergy_rand_2 : 0.000378 [31mkl_synergy_1 : 0.000346 [31mkl_synergy_2 : 0.000373 [31mtotal : 0.875951 [31mdiag_kl_1 : 0.313512 [31mdiag_kl_2 : 0.369672 [94mAcc_combined: 60.82 [94mAcc_c: 55.60 [94mAcc_g: 63.43 [92mF1_combined: 61.54 [92mF1_c: 55.09 [92mF1_g: 66.89 [95mCEU_cue_audio: 0.7139 [95mCEU_cue_video: 0.6113 [95mCEU_synergy: 0.1936 [95mCEU_coexistence: 0.7605 [97mS:[93m19.4%[97m([91m4.5c[97m-[94mF1:18.0%) [97mU1:[93m71.4%[97m([91m7.5c[97m) [97mU2:[93m61.1%[97m([91m8.2c[97m) [97mR:[93m76.1%[97m([91m40.3c[97m) [97mS-L: [92m0:[96m19% [92m1:[96m20%[39m [39m
2026-07-25 16:19:35,017 - Agent - INFO - [37mVal Epoch 41 step 41 with [31mce_loss_combined : 0.908379 [31mce_loss_c : 0.985680 [31mce_loss_g : 0.774177 [31mkl_synergy_rand_1 : 0.000407 [31mkl_synergy_rand_2 : 0.000426 [31mkl_synergy_1 : 0.000424 [31mkl_synergy_2 : 0.000424 [31mtotal : 0.910060 [31mdiag_kl_1 : 0.348972 [31mdiag_kl_2 : 0.418338 [94mAcc_combined: 59.70 [94mAcc_c: 52.61 [94mAcc_g: 66.42 [92mF1_combined: 60.58 [92mF1_c: 51.71 [92mF1_g: 67.63 [95mCEU_cue_audio: 0.7856 [95mCEU_cue_video: 0.6667 [95mCEU_synergy: 0.2904 [95mCEU_coexistence: 0.6901 [97mS:[93m29.0%[97m([91m6.7c[97m-[94mF1:25.2%) [97mU1:[93m78.6%[97m([91m8.2c[97m) [97mU2:[93m66.7%[97m([91m9.0c[97m) [97mR:[93m69.0%[97m([91m36.6c[97m) [97mS-L: [92m0:[96m31% [92m1:[96m20%[39m [39m
2026-07-25 16:19:38,111 - Agent - INFO - [37mVal Epoch 42 step 42 with [31mce_loss_combined : 1.132869 [31mce_loss_c : 0.920160 [31mce_loss_g : 1.045131 [31mkl_synergy_rand_1 : 0.000454 [31mkl_synergy_rand_2 : 0.000479 [31mkl_synergy_1 : 0.000461 [31mkl_synergy_2 : 0.000480 [31mtotal : 1.134743 [31mdiag_kl_1 : 0.444222 [31mdiag_kl_2 : 0.389215 [94mAcc_combined: 57.84 [94mAcc_c: 55.60 [94mAcc_g: 58.96 [92mF1_combined: 59.50 [92mF1_c: 55.09 [92mF1_g: 63.09 [95mCEU_cue_audio: 0.9282 [95mCEU_cue_video: 0.6113 [95mCEU_synergy: 0.2904 [95mCEU_coexistence: 0.6619 [97mS:[93m29.0%[97m([91m6.7c[97m-[94mF1:25.2%) [97mU1:[93m92.9%[97m([91m9.7c[97m) [97mU2:[93m61.1%[97m([91m8.2c[97m) [97mR:[93m66.2%[97m([91m35.1c[97m) [97mS-L: [92m0:[96m31% [92m1:[96m20%[39m [39m
2026-07-25 16:19:41,218 - Agent - INFO - [37mVal Epoch 43 step 43 with [31mce_loss_combined : 1.024088 [31mce_loss_c : 0.998364 [31mce_loss_g : 0.819128 [31mkl_synergy_rand_1 : 0.000558 [31mkl_synergy_rand_2 : 0.000562 [31mkl_synergy_1 : 0.000532 [31mkl_synergy_2 : 0.000545 [31mtotal : 1.026286 [31mdiag_kl_1 : 0.453422 [31mdiag_kl_2 : 0.584562 [94mAcc_combined: 57.84 [94mAcc_c: 51.87 [94mAcc_g: 65.67 [92mF1_combined: 57.99 [92mF1_c: 50.19 [92mF1_g: 66.67 [95mCEU_cue_audio: 0.7139 [95mCEU_cue_video: 0.5000 [95mCEU_synergy: 0.2257 [95mCEU_coexistence: 0.7182 [97mS:[93m22.6%[97m([91m5.2c[97m-[94mF1:20.5%) [97mU1:[93m71.4%[97m([91m7.5c[97m) [97mU2:[93m50.0%[97m([91m6.7c[97m) [97mR:[93m71.8%[97m([91m38.1c[97m) [97mS-L: [92m0:[96m23% [92m1:[96m20%[39m [39m
2026-07-25 16:19:44,267 - Agent - INFO - [37mVal Epoch 44 step 44 with [31mce_loss_combined : 1.002438 [31mce_loss_c : 0.875509 [31mce_loss_g : 0.850777 [31mkl_synergy_rand_1 : 0.000608 [31mkl_synergy_rand_2 : 0.000639 [31mkl_synergy_1 : 0.000566 [31mkl_synergy_2 : 0.000634 [31mtotal : 1.004884 [31mdiag_kl_1 : 0.475490 [31mdiag_kl_2 : 0.699185 [94mAcc_combined: 60.45 [94mAcc_c: 55.97 [94mAcc_g: 65.30 [92mF1_combined: 61.87 [92mF1_c: 54.62 [92mF1_g: 66.18 [95mCEU_cue_audio: 0.7139 [95mCEU_cue_video: 0.5555 [95mCEU_synergy: 0.2257 [95mCEU_coexistence: 0.7888 [97mS:[93m22.6%[97m([91m5.2c[97m-[94mF1:20.5%) [97mU1:[93m71.4%[97m([91m7.5c[97m) [97mU2:[93m55.6%[97m([91m7.5c[97m) [97mR:[93m78.9%[97m([91m41.8c[97m) [97mS-L: [92m0:[96m23% [92m1:[96m20%[39m [39m
2026-07-25 16:19:47,358 - Agent - INFO - [37mVal Epoch 45 step 45 with [31mce_loss_combined : 0.990468 [31mce_loss_c : 0.973547 [31mce_loss_g : 0.864675 [31mkl_synergy_rand_1 : 0.000560 [31mkl_synergy_rand_2 : 0.000594 [31mkl_synergy_1 : 0.000525 [31mkl_synergy_2 : 0.000603 [31mtotal : 0.992750 [31mdiag_kl_1 : 0.470558 [31mdiag_kl_2 : 0.606639 [94mAcc_combined: 60.07 [94mAcc_c: 53.36 [94mAcc_g: 64.93 [92mF1_combined: 60.81 [92mF1_c: 50.20 [92mF1_g: 66.19 [95mCEU_cue_audio: 0.7139 [95mCEU_cue_video: 0.6113 [95mCEU_synergy: 0.2904 [95mCEU_coexistence: 0.7042 [97mS:[93m29.0%[97m([91m6.7c[97m-[94mF1:25.2%) [97mU1:[93m71.4%[97m([91m7.5c[97m) [97mU2:[93m61.1%[97m([91m8.2c[97m) [97mR:[93m70.4%[97m([91m37.3c[97m) [97mS-L: [92m0:[96m31% [92m1:[96m20%[39m [39m
2026-07-25 16:19:50,459 - Agent - INFO - [37mVal Epoch 46 step 46 with [31mce_loss_combined : 1.251641 [31mce_loss_c : 1.067554 [31mce_loss_g : 1.076042 [31mkl_synergy_rand_1 : 0.000634 [31mkl_synergy_rand_2 : 0.000667 [31mkl_synergy_1 : 0.000640 [31mkl_synergy_2 : 0.000658 [31mtotal : 1.254240 [31mdiag_kl_1 : 0.575693 [31mdiag_kl_2 : 0.611200 [94mAcc_combined: 57.09 [94mAcc_c: 49.25 [94mAcc_g: 63.43 [92mF1_combined: 58.48 [92mF1_c: 47.69 [92mF1_g: 65.00 [95mCEU_cue_audio: 0.7856 [95mCEU_cue_video: 0.5555 [95mCEU_synergy: 0.2904 [95mCEU_coexistence: 0.6197 [97mS:[93m29.0%[97m([91m6.7c[97m-[94mF1:25.2%) [97mU1:[93m78.6%[97m([91m8.2c[97m) [97mU2:[93m55.6%[97m([91m7.5c[97m) [97mR:[93m62.0%[97m([91m32.8c[97m) [97mS-L: [92m0:[96m31% [92m1:[96m20%[39m [39m
2026-07-25 16:19:53,511 - Agent - INFO - [37mVal Epoch 47 step 47 with [31mce_loss_combined : 1.134681 [31mce_loss_c : 1.099410 [31mce_loss_g : 0.921454 [31mkl_synergy_rand_1 : 0.000673 [31mkl_synergy_rand_2 : 0.000664 [31mkl_synergy_1 : 0.000659 [31mkl_synergy_2 : 0.000673 [31mtotal : 1.137348 [31mdiag_kl_1 : 0.586708 [31mdiag_kl_2 : 0.677157 [94mAcc_combined: 54.48 [94mAcc_c: 50.00 [94mAcc_g: 63.81 [92mF1_combined: 55.47 [92mF1_c: 47.66 [92mF1_g: 65.96 [95mCEU_cue_audio: 0.7856 [95mCEU_cue_video: 0.5000 [95mCEU_synergy: 0.2581 [95mCEU_coexistence: 0.6056 [97mS:[93m25.8%[97m([91m6.0c[97m-[94mF1:22.9%) [97mU1:[93m78.6%[97m([91m8.2c[97m) [97mU2:[93m50.0%[97m([91m6.7c[97m) [97mR:[93m60.6%[97m([91m32.1c[97m) [97mS-L: [92m0:[96m27% [92m1:[96m20%[39m [39m
2026-07-25 16:19:56,580 - Agent - INFO - [37mVal Epoch 48 step 48 with [31mce_loss_combined : 1.220340 [31mce_loss_c : 1.171194 [31mce_loss_g : 0.866534 [31mkl_synergy_rand_1 : 0.000740 [31mkl_synergy_rand_2 : 0.000740 [31mkl_synergy_1 : 0.000721 [31mkl_synergy_2 : 0.000711 [31mtotal : 1.223253 [31mdiag_kl_1 : 0.632871 [31mdiag_kl_2 : 0.798479 [94mAcc_combined: 51.12 [94mAcc_c: 48.51 [94mAcc_g: 61.94 [92mF1_combined: 52.71 [92mF1_c: 47.33 [92mF1_g: 65.31 [95mCEU_cue_audio: 0.7856 [95mCEU_cue_video: 0.4445 [95mCEU_synergy: 0.2581 [95mCEU_coexistence: 0.6056 [97mS:[93m25.8%[97m([91m6.0c[97m-[94mF1:22.9%) [97mU1:[93m78.6%[97m([91m8.2c[97m) [97mU2:[93m44.4%[97m([91m6.0c[97m) [97mR:[93m60.6%[97m([91m32.1c[97m) [97mS-L: [92m0:[96m27% [92m1:[96m20%[39m [39m
2026-07-25 16:19:59,693 - Agent - INFO - [37mVal Epoch 49 step 49 with [31mce_loss_combined : 1.227268 [31mce_loss_c : 1.136604 [31mce_loss_g : 0.930469 [31mkl_synergy_rand_1 : 0.000849 [31mkl_synergy_rand_2 : 0.000851 [31mkl_synergy_1 : 0.000839 [31mkl_synergy_2 : 0.000862 [31mtotal : 1.230670 [31mdiag_kl_1 : 0.707918 [31mdiag_kl_2 : 0.907797 [94mAcc_combined: 54.85 [94mAcc_c: 50.75 [94mAcc_g: 66.42 [92mF1_combined: 55.68 [92mF1_c: 48.84 [92mF1_g: 67.63 [95mCEU_cue_audio: 0.7856 [95mCEU_cue_video: 0.5555 [95mCEU_synergy: 0.2581 [95mCEU_coexistence: 0.6197 [97mS:[93m25.8%[97m([91m6.0c[97m-[94mF1:22.9%) [97mU1:[93m78.6%[97m([91m8.2c[97m) [97mU2:[93m55.6%[97m([91m7.5c[97m) [97mR:[93m62.0%[97m([91m32.8c[97m) [97mS-L: [92m0:[96m27% [92m1:[96m20%[39m [39m
2026-07-25 16:20:02,780 - Agent - INFO - [37mVal Epoch 50 step 50 with [31mce_loss_combined : 1.366375 [31mce_loss_c : 0.992171 [31mce_loss_g : 1.035072 [31mkl_synergy_rand_1 : 0.000993 [31mkl_synergy_rand_2 : 0.001024 [31mkl_synergy_1 : 0.001020 [31mkl_synergy_2 : 0.000980 [31mtotal : 1.370391 [31mdiag_kl_1 : 0.815538 [31mdiag_kl_2 : 1.064111 [94mAcc_combined: 59.33 [94mAcc_c: 56.34 [94mAcc_g: 65.30 [92mF1_combined: 59.48 [92mF1_c: 55.51 [92mF1_g: 66.67 [95mCEU_cue_audio: 0.7139 [95mCEU_cue_video: 0.5555 [95mCEU_synergy: 0.2257 [95mCEU_coexistence: 0.7465 [97mS:[93m22.6%[97m([91m5.2c[97m-[94mF1:20.5%) [97mU1:[93m71.4%[97m([91m7.5c[97m) [97mU2:[93m55.6%[97m([91m7.5c[97m) [97mR:[93m74.6%[97m([91m39.6c[97m) [97mS-L: [92m0:[96m23% [92m1:[96m20%[39m [39m
2026-07-25 16:20:06,773 - Agent - INFO - [37mVal Epoch 51 step 51 with [31mce_loss_combined : 1.056656 [31mce_loss_c : 1.115409 [31mce_loss_g : 0.786197 [31mkl_synergy_rand_1 : 0.000715 [31mkl_synergy_rand_2 : 0.000701 [31mkl_synergy_1 : 0.000713 [31mkl_synergy_2 : 0.000690 [31mtotal : 1.059474 [31mdiag_kl_1 : 0.585938 [31mdiag_kl_2 : 0.816243 [94mAcc_combined: 58.58 [94mAcc_c: 54.48 [94mAcc_g: 61.19 [92mF1_combined: 61.05 [92mF1_c: 53.44 [92mF1_g: 65.10 [95mCEU_cue_audio: 0.6431 [95mCEU_cue_video: 0.6667 [95mCEU_synergy: 0.3872 [95mCEU_coexistence: 0.6056 [97mS:[93m38.7%[97m([91m9.0c[97m-[94mF1:31.6%) [97mU1:[93m64.3%[97m([91m6.7c[97m) [97mU2:[93m66.7%[97m([91m9.0c[97m) [97mR:[93m60.6%[97m([91m32.1c[97m) [97mS-L: [92m0:[96m42% [92m1:[96m20%[39m [39m
2026-07-25 16:20:09,860 - Agent - INFO - [37mVal Epoch 52 step 52 with [31mce_loss_combined : 1.227933 [31mce_loss_c : 1.089539 [31mce_loss_g : 1.114249 [31mkl_synergy_rand_1 : 0.000960 [31mkl_synergy_rand_2 : 0.001002 [31mkl_synergy_1 : 0.000902 [31mkl_synergy_2 : 0.000998 [31mtotal : 1.231795 [31mdiag_kl_1 : 0.760631 [31mdiag_kl_2 : 1.113998 [94mAcc_combined: 61.19 [94mAcc_c: 49.63 [94mAcc_g: 63.06 [92mF1_combined: 63.38 [92mF1_c: 48.28 [92mF1_g: 64.26 [95mCEU_cue_audio: 0.6431 [95mCEU_cue_video: 0.5000 [95mCEU_synergy: 0.2257 [95mCEU_coexistence: 0.8451 [97mS:[93m22.6%[97m([91m5.2c[97m-[94mF1:21.8%) [97mU1:[93m64.3%[97m([91m6.7c[97m) [97mU2:[93m50.0%[97m([91m6.7c[97m) [97mR:[93m84.5%[97m([91m44.8c[97m) [97mS-L: [92m0:[96m19% [92m1:[96m40%[39m [39m
2026-07-25 16:20:12,966 - Agent - INFO - [37mVal Epoch 53 step 53 with [31mce_loss_combined : 1.139944 [31mce_loss_c : 1.072446 [31mce_loss_g : 0.970084 [31mkl_synergy_rand_1 : 0.000795 [31mkl_synergy_rand_2 : 0.000823 [31mkl_synergy_1 : 0.000759 [31mkl_synergy_2 : 0.000811 [31mtotal : 1.143133 [31mdiag_kl_1 : 0.653428 [31mdiag_kl_2 : 0.923160 [94mAcc_combined: 58.96 [94mAcc_c: 49.63 [94mAcc_g: 64.93 [92mF1_combined: 62.33 [92mF1_c: 44.90 [92mF1_g: 66.90 [95mCEU_cue_audio: 0.7856 [95mCEU_cue_video: 0.6113 [95mCEU_synergy: 0.3225 [95mCEU_coexistence: 0.6338 [97mS:[93m32.3%[97m([91m7.5c[97m-[94mF1:27.4%) [97mU1:[93m78.6%[97m([91m8.2c[97m) [97mU2:[93m61.1%[97m([91m8.2c[97m) [97mR:[93m63.4%[97m([91m33.6c[97m) [97mS-L: [92m0:[96m35% [92m1:[96m20%[39m [39m
2026-07-25 16:20:16,098 - Agent - INFO - [37mVal Epoch 54 step 54 with [31mce_loss_combined : 1.233242 [31mce_loss_c : 1.038791 [31mce_loss_g : 0.929096 [31mkl_synergy_rand_1 : 0.000760 [31mkl_synergy_rand_2 : 0.000762 [31mkl_synergy_1 : 0.000757 [31mkl_synergy_2 : 0.000761 [31mtotal : 1.236282 [31mdiag_kl_1 : 0.660376 [31mdiag_kl_2 : 0.798102 [94mAcc_combined: 54.48 [94mAcc_c: 48.88 [94mAcc_g: 61.94 [92mF1_combined: 56.43 [92mF1_c: 47.51 [92mF1_g: 66.00 [95mCEU_cue_audio: 0.5000 [95mCEU_cue_video: 0.7223 [95mCEU_synergy: 0.2257 [95mCEU_coexistence: 0.6479 [97mS:[93m22.6%[97m([91m5.2c[97m-[94mF1:18.4%) [97mU1:[93m50.0%[97m([91m5.2c[97m) [97mU2:[93m72.2%[97m([91m9.7c[97m) [97mR:[93m64.8%[97m([91m34.3c[97m) [97mS-L: [92m0:[96m27%[39m [39m
2026-07-25 16:20:19,190 - Agent - INFO - [37mVal Epoch 55 step 55 with [31mce_loss_combined : 1.156076 [31mce_loss_c : 1.054118 [31mce_loss_g : 0.911059 [31mkl_synergy_rand_1 : 0.000801 [31mkl_synergy_rand_2 : 0.000825 [31mkl_synergy_1 : 0.000784 [31mkl_synergy_2 : 0.000793 [31mtotal : 1.159279 [31mdiag_kl_1 : 0.654618 [31mdiag_kl_2 : 0.899965 [94mAcc_combined: 57.84 [94mAcc_c: 50.00 [94mAcc_g: 63.43 [92mF1_combined: 59.50 [92mF1_c: 47.66 [92mF1_g: 65.97 [95mCEU_cue_audio: 0.7139 [95mCEU_cue_video: 0.6667 [95mCEU_synergy: 0.2257 [95mCEU_coexistence: 0.6761 [97mS:[93m22.6%[97m([91m5.2c[97m-[94mF1:20.5%) [97mU1:[93m71.4%[97m([91m7.5c[97m) [97mU2:[93m66.7%[97m([91m9.0c[97m) [97mR:[93m67.6%[97m([91m35.8c[97m) [97mS-L: [92m0:[96m23% [92m1:[96m20%[39m [39m
2026-07-25 16:20:22,300 - Agent - INFO - [37mVal Epoch 56 step 56 with [31mce_loss_combined : 1.091972 [31mce_loss_c : 1.104921 [31mce_loss_g : 0.883550 [31mkl_synergy_rand_1 : 0.000797 [31mkl_synergy_rand_2 : 0.000792 [31mkl_synergy_1 : 0.000785 [31mkl_synergy_2 : 0.000762 [31mtotal : 1.095106 [31mdiag_kl_1 : 0.647548 [31mdiag_kl_2 : 0.868982 [94mAcc_combined: 58.58 [94mAcc_c: 52.61 [94mAcc_g: 65.30 [92mF1_combined: 61.05 [92mF1_c: 48.58 [92mF1_g: 67.60 [95mCEU_cue_audio: 0.7856 [95mCEU_cue_video: 0.6667 [95mCEU_synergy: 0.2904 [95mCEU_coexistence: 0.6761 [97mS:[93m29.0%[97m([91m6.7c[97m-[94mF1:22.5%) [97mU1:[93m78.6%[97m([91m8.2c[97m) [97mU2:[93m66.7%[97m([91m9.0c[97m) [97mR:[93m67.6%[97m([91m35.8c[97m) [97mS-L: [92m0:[96m35%[39m [39m
2026-07-25 16:20:25,414 - Agent - INFO - [37mVal Epoch 57 step 57 with [31mce_loss_combined : 1.394327 [31mce_loss_c : 1.300791 [31mce_loss_g : 1.076421 [31mkl_synergy_rand_1 : 0.000716 [31mkl_synergy_rand_2 : 0.000719 [31mkl_synergy_1 : 0.000719 [31mkl_synergy_2 : 0.000699 [31mtotal : 1.397180 [31mdiag_kl_1 : 0.757718 [31mdiag_kl_2 : 0.655046 [94mAcc_combined: 49.63 [94mAcc_c: 50.00 [94mAcc_g: 57.46 [92mF1_combined: 51.96 [92mF1_c: 47.66 [92mF1_g: 61.74 [95mCEU_cue_audio: 0.5000 [95mCEU_cue_video: 0.6113 [95mCEU_synergy: 0.5162 [95mCEU_coexistence: 0.4789 [97mS:[93m51.6%[97m([91m11.9c[97m-[94mF1:34.0%) [97mU1:[93m50.0%[97m([91m5.2c[97m) [97mU2:[93m61.1%[97m([91m8.2c[97m) [97mR:[93m47.9%[97m([91m25.4c[97m) [97mS-L: [92m0:[96m62%[39m [39m
2026-07-25 16:20:28,535 - Agent - INFO - [37mVal Epoch 58 step 58 with [31mce_loss_combined : 1.368993 [31mce_loss_c : 1.203481 [31mce_loss_g : 1.034973 [31mkl_synergy_rand_1 : 0.000921 [31mkl_synergy_rand_2 : 0.000927 [31mkl_synergy_1 : 0.000920 [31mkl_synergy_2 : 0.000873 [31mtotal : 1.372634 [31mdiag_kl_1 : 0.844327 [31mdiag_kl_2 : 0.928635 [94mAcc_combined: 54.48 [94mAcc_c: 47.76 [94mAcc_g: 64.18 [92mF1_combined: 55.80 [92mF1_c: 44.44 [92mF1_g: 66.20 [95mCEU_cue_audio: 0.7139 [95mCEU_cue_video: 0.7223 [95mCEU_synergy: 0.3548 [95mCEU_coexistence: 0.5775 [97mS:[93m35.5%[97m([91m8.2c[97m-[94mF1:26.2%) [97mU1:[93m71.4%[97m([91m7.5c[97m) [97mU2:[93m72.2%[97m([91m9.7c[97m) [97mR:[93m57.7%[97m([91m30.6c[97m) [97mS-L: [92m0:[96m42%[39m [39m
2026-07-25 16:20:31,655 - Agent - INFO - [37mVal Epoch 59 step 59 with [31mce_loss_combined : 1.301547 [31mce_loss_c : 1.084908 [31mce_loss_g : 1.000896 [31mkl_synergy_rand_1 : 0.001056 [31mkl_synergy_rand_2 : 0.001057 [31mkl_synergy_1 : 0.001044 [31mkl_synergy_2 : 0.001004 [31mtotal : 1.305707 [31mdiag_kl_1 : 0.879538 [31mdiag_kl_2 : 1.148944 [94mAcc_combined: 58.96 [94mAcc_c: 54.48 [94mAcc_g: 64.55 [92mF1_combined: 60.14 [92mF1_c: 52.71 [92mF1_g: 65.45 [95mCEU_cue_audio: 0.7856 [95mCEU_cue_video: 0.6113 [95mCEU_synergy: 0.2904 [95mCEU_coexistence: 0.6479 [97mS:[93m29.0%[97m([91m6.7c[97m-[94mF1:25.2%) [97mU1:[93m78.6%[97m([91m8.2c[97m) [97mU2:[93m61.1%[97m([91m8.2c[97m) [97mR:[93m64.8%[97m([91m34.3c[97m) [97mS-L: [92m0:[96m31% [92m1:[96m20%[39m [39m
2026-07-25 16:20:34,765 - Agent - INFO - [37mVal Epoch 60 step 60 with [31mce_loss_combined : 1.471981 [31mce_loss_c : 1.347277 [31mce_loss_g : 1.081843 [31mkl_synergy_rand_1 : 0.000966 [31mkl_synergy_rand_2 : 0.000959 [31mkl_synergy_1 : 0.000960 [31mkl_synergy_2 : 0.000934 [31mtotal : 1.475800 [31mdiag_kl_1 : 0.906692 [31mdiag_kl_2 : 0.943977 [94mAcc_combined: 52.61 [94mAcc_c: 48.13 [94mAcc_g: 62.69 [92mF1_combined: 54.15 [92mF1_c: 47.55 [92mF1_g: 65.03 [95mCEU_cue_audio: 0.7139 [95mCEU_cue_video: 0.5555 [95mCEU_synergy: 0.3872 [95mCEU_coexistence: 0.5352 [97mS:[93m38.7%[97m([91m9.0c[97m-[94mF1:27.9%) [97mU1:[93m71.4%[97m([91m7.5c[97m) [97mU2:[93m55.6%[97m([91m7.5c[97m) [97mR:[93m53.5%[97m([91m28.4c[97m) [97mS-L: [92m0:[96m46%[39m [39m
2026-07-25 16:20:37,820 - Agent - INFO - [37mVal Epoch 61 step 61 with [31mce_loss_combined : 1.491992 [31mce_loss_c : 1.492350 [31mce_loss_g : 1.288147 [31mkl_synergy_rand_1 : 0.000787 [31mkl_synergy_rand_2 : 0.000816 [31mkl_synergy_1 : 0.000765 [31mkl_synergy_2 : 0.000824 [31mtotal : 1.495185 [31mdiag_kl_1 : 0.817822 [31mdiag_kl_2 : 0.770478 [94mAcc_combined: 51.87 [94mAcc_c: 45.90 [94mAcc_g: 60.07 [92mF1_combined: 57.43 [92mF1_c: 43.58 [92mF1_g: 61.37 [95mCEU_cue_audio: 0.4287 [95mCEU_cue_video: 0.6667 [95mCEU_synergy: 0.4194 [95mCEU_coexistence: 0.4085 [97mS:[93m41.9%[97m([91m9.7c[97m-[94mF1:29.5%) [97mU1:[93m42.9%[97m([91m4.5c[97m) [97mU2:[93m66.7%[97m([91m9.0c[97m) [97mR:[93m40.8%[97m([91m21.6c[97m) [97mS-L: [92m0:[96m50%[39m [39m
2026-07-25 16:20:40,915 - Agent - INFO - [37mVal Epoch 62 step 62 with [31mce_loss_combined : 1.480481 [31mce_loss_c : 1.151330 [31mce_loss_g : 1.248071 [31mkl_synergy_rand_1 : 0.001028 [31mkl_synergy_rand_2 : 0.001094 [31mkl_synergy_1 : 0.001036 [31mkl_synergy_2 : 0.001046 [31mtotal : 1.484684 [31mdiag_kl_1 : 0.847319 [31mdiag_kl_2 : 1.174809 [94mAcc_combined: 55.97 [94mAcc_c: 48.88 [94mAcc_g: 60.82 [92mF1_combined: 58.74 [92mF1_c: 48.30 [92mF1_g: 62.63 [95mCEU_cue_audio: 0.5000 [95mCEU_cue_video: 0.5555 [95mCEU_synergy: 0.2257 [95mCEU_coexistence: 0.6901 [97mS:[93m22.6%[97m([91m5.2c[97m-[94mF1:20.5%) [97mU1:[93m50.0%[97m([91m5.2c[97m) [97mU2:[93m55.6%[97m([91m7.5c[97m) [97mR:[93m69.0%[97m([91m36.6c[97m) [97mS-L: [92m0:[96m23% [92m1:[96m20%[39m [39m
2026-07-25 16:20:41,360 - Agent - INFO - We are in the final state.
2026-07-25 16:20:41,488 - root - INFO - Loaded best model from best_model_accuracy_state_dict
2026-07-25 16:20:42,255 - Agent - INFO - [37mVal Epoch 62 step 0 with [31mce_loss_combined : 0.746767 [31mce_loss_c : 0.798265 [31mce_loss_g : 0.663612 [31mkl_synergy_rand_1 : 0.000199 [31mkl_synergy_rand_2 : 0.000198 [31mkl_synergy_1 : 0.000191 [31mkl_synergy_2 : 0.000189 [31mtotal : 0.747544 [31mdiag_kl_1 : 0.134274 [31mdiag_kl_2 : 0.234367 [94mAcc_combined: 62.31 [94mAcc_c: 58.21 [94mAcc_g: 66.04 [92mF1_combined: 62.45 [92mF1_c: 58.21 [92mF1_g: 67.15 [95mCEU_cue_audio: 0.7139 [95mCEU_cue_video: 0.4445 [95mCEU_synergy: 0.1613 [95mCEU_coexistence: 0.8451 [97mS:[93m16.1%[97m([91m3.7c[97m-[94mF1:15.3%) [97mU1:[93m71.4%[97m([91m7.5c[97m) [97mU2:[93m44.4%[97m([91m6.0c[97m) [97mR:[93m84.5%[97m([91m44.8c[97m) [97mS-L: [92m0:[96m15% [92m1:[96m20%[39m [39m
2026-07-25 16:20:42,986 - Agent - INFO - [37mTest Epoch 62 step 0 with [31mce_loss_combined : 0.773563 [31mce_loss_c : 0.707946 [31mce_loss_g : 0.736241 [31mkl_synergy_rand_1 : 0.000190 [31mkl_synergy_rand_2 : 0.000186 [31mkl_synergy_1 : 0.000170 [31mkl_synergy_2 : 0.000176 [31mtotal : 0.774286 [31mdiag_kl_1 : 0.113384 [31mdiag_kl_2 : 0.188908 [94mAcc_combined: 55.97 [94mAcc_c: 53.36 [94mAcc_g: 52.99 [92mF1_combined: 55.97 [92mF1_c: 53.18 [92mF1_g: 54.68 [95mCEU_cue_audio: 0.7775 [95mCEU_cue_video: 0.5628 [95mCEU_synergy: 0.0890 [95mCEU_coexistence: 0.8728 [97mS:[93m8.9%[97m([91m3.0c[97m-[94mF1:8.2%) [97mU1:[93m77.8%[97m([91m10.4c[97m) [97mU2:[93m56.2%[97m([91m6.7c[97m) [97mR:[93m87.3%[97m([91m35.8c[97m) [97mS-L: [92m0:[96m9%[39m [39m
2026-07-25 16:20:43,851 - Agent - INFO - [37mModel saved successfully at: ./artifacts/models/multibench/mustard/vt/SynIB_RMask_REFABL_mustard_fold1_l0.001_perturbrandom_fillema_pmin0.1_refclass_prior_lr0.0005_wd0.001.pth.tar[39m
Job finished
