Starting SynIB reference-ablation job
Python 3.10.19
/esat/smcdata/users/kkontras/Image_Dataset/no_backup/git/SynIB  (git a2fb4fd)
GPU 0: NVIDIA GeForce RTX 2080 Ti (UUID: GPU-80609ff0-d905-c2d8-7c85-30e2d01a3cb8)
Executing: PYTHONPATH=src /esat/smcdata/users/kkontras/Image_Dataset/no_backup/envs/synergy_new/bin/python -m synib.entrypoints.train --config run/configs/rebuttal_ref_ablation/mustard_synib.json --default_config run/configs/rebuttal_ref_ablation/mustard_default.json --fold 2 --rmask random --l 0.001 --perturb_pmin 0.1 --perturb_fill ema --lr 0.0005 --wd 0.001 --reference_type unimodal_anchor --ref_diag --start_over --tag REFABL_mustard
Namespace(config='run/configs/rebuttal_ref_ablation/mustard_synib.json', default_config='run/configs/rebuttal_ref_ablation/mustard_default.json', fold='2', alpha=None, tanh_mode_beta=None, regby=None, batch_size=None, l='0.001', multil=None, lib=None, kmepoch=None, num_samples=None, contrcoeff=None, contr_type=None, shuffle_type=None, validate_with=None, num_classes=None, optim_method=None, ending_epoch=None, load_ongoing=None, recon_weight1=None, recon_weight2=None, recon_epochstages=None, recon_ensemblestages=None, lr='0.0005', wd='0.001', cls=None, ironic_rate=None, perturb='random', perturb_fill='ema', perturb_pmax=None, perturb_pmin='0.1', perturb_lsparse=None, rmask='random', pmin=None, pmax=None, lsparse=None, debug_mask_stats=False, pre=False, frozen=False, tdqm_disable=False, start_over=True, no_model_save=False, num_layers=None, grad_accum=None, init_from=None, init_strict=False, perturb_lsparse_sign=None, l_anneal_epochs=None, perturb_steps=None, perturb_lsparse_warmup=None, perturb_lsparse_schedule=None, persist_ell=False, save_masks=False, penalty_swap=False, disable_ce_random=False, disable_kl_learned=False, masking_only=False, modality_dropout=None, modality_dropout_target=None, l_z1_masked=None, l_z2_masked=None, l_pareto=None, reference_type='unimodal_anchor', ref_diag=True, ref_ema_decay=None, tag='REFABL_mustard')
2026-07-25 15:56:25,084 - Config - INFO - run/configs/rebuttal_ref_ablation/mustard_synib.json
2026-07-25 15:56:25,086 - Config - INFO -  THE Configuration of your experiment ..
{'agent': 'Agent',
 'dataset': {'data_roots': './src/synib/mydatasets/Factor_CL_Datasets/prepared/mustard/mustard_data.pkl',
             'data_type': 'sarcasm',
             'dataloader_class': 'FactorCL_MustardFiltered_Dataloader',
             'kfold_data_roots': './src/synib/mydatasets/Factor_CL_Datasets/prepared/mustard/mustard_synergy3.pkl',
             'mustard_video_filter': {'check_aligned_segment': True,
                                      'enabled': True,
                                      'min_aligned_len': 1,
                                      'vision_absmax_threshold': 1000000.0},
             'z_norm': True},
 'early_stopping': {'end_of_epoch_check': True,
                    'log_interval': 10,
                    'max_epoch': 100,
                    'n_steps_stop': 30,
                    'n_steps_stop_after': 0,
                    'save_every_step': 3000,
                    'save_every_valstep': 50,
                    'validate_after': 0,
                    'validate_every': 185},
 'exp_name': 'MUSTARD Experiment',
 'model': {'args': {'bias_infusion': {'method': False},
                    'clip_grad': False,
                    'cls_type': 'mlp',
                    'd_model': 40,
                    'dropout': 0.1,
                    'fc_inner': 64,
                    'multi_loss': {'multi_supervised_w': {'c': 1,
                                                          'combined': 1,
                                                          'g': 1}},
                    'norm_decision': False,
                    'num_classes': 2},
           'ceu': {'test': './artifacts/ceus/mustard/mustard_ceu_test.pkl',
                   'val': './artifacts/ceus/mustard/mustard_ceu_val.pkl'},
           'encoders': [{'args': {'freeze_encoder': False,
                                  'hidden_size': 40,
                                  'modality': 'c',
                                  'n_features': 371,
                                  'num_classes': 2},
                         'model': 'FactorCL_Uni',
                         'pretrainedEncoder': {'dir': 'unimodal_video_fold{}_vldaccuracy_lr0.0005_wd0.00001.pth.tar',
                                               'use': True}},
                        {'args': {'freeze_encoder': False,
                                  'hidden_size': 40,
                                  'modality': 'g',
                                  'n_features': 300,
                                  'num_classes': 2},
                         'model': 'FactorCL_Uni',
                         'pretrainedEncoder': {'dir': 'unimodal_text_fold{}_vldaccuracy_lr0.0005_wd0.0001.pth.tar',
                                               'use': True}},
                        {'args': {'d_model': 40,
                                  'dropout': 0.1,
                                  'fc_inner': 64,
                                  'freeze_encoder': False},
                         'model': 'FusionTrunkLinear',
                         'name': 'enc_2_fusion_trunk',
                         'pretrainedEncoder': {'dir': 'enc_2_fusion_trunk_{}.pth.tar',
                                               'use': False},
                         'save_encoder': False},
                        {'args': {'freeze_encoder': False,
                                  'in_dim': 64,
                                  'num_classes': 2},
                         'model': 'LinearHead',
                         'name': 'enc_3_fusion_head',
                         'pretrainedEncoder': {'dir': 'enc_3_fusion_head_{}.pth.tar',
                                               'use': False},
                         'save_encoder': False}],
           'load_ongoing': False,
           'model_class': 'FusionIBModel_Mask',
           'save_base_dir': './artifacts/models/multibench/mustard/vt',
           'save_dir': 'SynIB_RMask_{}.pth.tar'},
 'optimizer': {'beta1': 0.9,
               'beta2': 0.999,
               'learning_rate': 0.0001,
               'momentum': 0.9,
               'type': 'Adam',
               'weight_decay': 0.0001},
 'scheduler': {'max_lr': 0.03, 'type': 'cosanneal', 'warm_up_steps': 780},
 'task': 'classification',
 'training_params': {'adversarial_training': {'adv_epsilon': 0.01,
                                              'use': False},
                     'async_loading': True,
                     'batch_size': 32,
                     'cuda': True,
                     'data_loader_workers': 8,
                     'gpu_device': [0],
                     'pin_memory': True,
                     'rec_test': True,
                     'res': True,
                     'seed': 109,
                     'tdqm_disable': False,
                     'test_batch_size': 32,
                     'test_on_bottoms': False,
                     'use_test_set': True,
                     'validation': True,
                     'verbose': True,
                     'wandb_disable': True}}
2026-07-25 15:56:25,089 - Config - INFO -  *************************************** 
2026-07-25 15:56:25,089 - Config - INFO - The experiment name is MUSTARD Experiment
2026-07-25 15:56:25,089 - Config - INFO -  *************************************** 
2026-07-25 15:56:25,089 - root - INFO - save_dir: SynIB_RMask_REFABL_mustard_fold2_l0.001_perturbrandom_fillema_pmin0.1_refunimodal_anchor_lr0.0005_wd0.001.pth.tar
2026-07-25 15:56:25,179 - Cuda Statistics - INFO - __Python VERSION:  3.10.19 (main, Oct 21 2025, 16:43:05) [GCC 11.2.0]
2026-07-25 15:56:25,179 - Cuda Statistics - INFO - __pyTorch VERSION:  2.9.1+cu128
2026-07-25 15:56:25,179 - Cuda Statistics - INFO - __CUDA VERSION
2026-07-25 15:56:25,180 - Cuda Statistics - INFO - __CUDNN VERSION:  91002
2026-07-25 15:56:25,199 - Cuda Statistics - INFO - __Number CUDA Devices:  1
2026-07-25 15:56:25,199 - Cuda Statistics - INFO - __Devices
2026-07-25 15:56:25,199 - Cuda Statistics - INFO - index, name, driver_version, memory.total [MiB], memory.used [MiB], memory.free [MiB]
2026-07-25 15:56:25,200 - Cuda Statistics - INFO - 0, NVIDIA GeForce RTX 2080 Ti, 610.43.03, 11264 MiB, 302 MiB, 10529 MiB
2026-07-25 15:56:25,203 - Cuda Statistics - INFO - Active CUDA Device: GPU 0
2026-07-25 15:56:25,203 - Cuda Statistics - INFO - Available devices  1
2026-07-25 15:56:25,203 - Cuda Statistics - INFO - Current cuda device  0
[MustardFilteredDataloader] train: dropped 31/412 samples (vision absmax threshold=1e+06, aligned=True)
[MustardFilteredDataloader] train: first drops -> 3:vision_absmax>1e+06 (2.7e+07), 7:vision_absmax>1e+06 (3.43e+07), 31:vision_absmax>1e+06 (1.29e+07), 45:vision_absmax>1e+06 (9.04e+06), 53:vision_absmax>1e+06 (2.67e+07), 72:vision_absmax>1e+06 (2.67e+07), 85:vision_absmax>1e+06 (3.93e+07), 94:vision_absmax>1e+06 (4.57e+07), 105:vision_absmax>1e+06 (3.62e+07), 122:vision_absmax>1e+06 (3.62e+07), ...
[MustardFilteredDataloader] valid: dropped 3/137 samples (vision absmax threshold=1e+06, aligned=True)
[MustardFilteredDataloader] valid: first drops -> 2:vision_absmax>1e+06 (2.67e+07), 20:vision_absmax>1e+06 (2.67e+07), 105:vision_absmax>1e+06 (4.57e+07)
[MustardFilteredDataloader] test: dropped 4/138 samples (vision absmax threshold=1e+06, aligned=True)
[MustardFilteredDataloader] test: first drops -> 3:vision_absmax>1e+06 (3.43e+07), 8:vision_absmax>1e+06 (2.67e+07), 65:vision_absmax>1e+06 (2.3e+07), 106:vision_absmax>1e+06 (2.67e+07)
2026-07-25 15:56:25,410 - Agent - INFO - Device: cuda:0
2026-07-25 15:56:25,410 - Agent - INFO - Total training batches: 12, validate every 185 batches, steps per epoch: 1
2026-07-25 15:56:25,498 - Agent - INFO - Loss Weights are {'total': 1, 'combined': 1, 'c': 1, 'g': 1}
2026-07-25 15:56:25,498 - root - INFO - There is no CEU for train
2026-07-25 15:56:25,869 - root - INFO - Loading enc best model state dict from ./artifacts/models/multibench/mustard/vt/unimodal_video_fold2_vldaccuracy_lr0.0005_wd0.00001.pth.tar
2026-07-25 15:56:26,224 - root - INFO - Loading enc best model state dict from ./artifacts/models/multibench/mustard/vt/unimodal_text_fold2_vldaccuracy_lr0.0005_wd0.0001.pth.tar
2026-07-25 15:56:26,417 - Agent - INFO - Total number of trainable parameters are: 5271404
2026-07-25 15:56:26,426 - Agent - INFO - Total number of trainable parameters are: 1764436
2026-07-25 15:56:30,054 - Evaluator - INFO - New best with loss-accuracy-syn_accuracy-
2026-07-25 15:56:30,054 - Agent - INFO - [37mVal Epoch 1 step 1 with [31mce_loss_combined : 0.775579 [31mce_loss_c : 1.208133 [31mce_loss_g : 1.153857 [31mkl_synergy_rand_1 : 0.000188 [31mkl_synergy_rand_2 : 0.000194 [31mkl_synergy_1 : 0.000201 [31mkl_synergy_2 : 0.000207 [31mtotal : 0.776370 [31mdiag_kl_1 : 0.195195 [31mdiag_kl_2 : 0.192851 [94mAcc_combined: 60.07 [94mAcc_c: 51.12 [94mAcc_g: 64.18 [92mF1_combined: 62.98 [92mF1_c: 54.98 [92mF1_g: 64.18 [95mCEU_cue_audio: 0.6001 [95mCEU_cue_video: 0.6801 [95mCEU_synergy: 0.4000 [95mCEU_coexistence: 0.7031 [97mS:[93m40.0%[97m([91m7.5c[97m-[94mF1:36.3%) [97mU1:[93m60.0%[97m([91m9.0c[97m) [97mU2:[93m68.0%[97m([91m12.7c[97m) [97mR:[93m70.3%[97m([91m33.6c[97m) [97mS-L: [92m0:[96m40% [92m1:[96m40%[39m [39m
2026-07-25 15:56:30,076 - Agent - INFO - [37mTest Epoch 1 step 1 with [31mce_loss_combined : 0.712284 [31mce_loss_c : 1.068998 [31mce_loss_g : 1.153256 [31mkl_synergy_rand_1 : 0.000229 [31mkl_synergy_rand_2 : 0.000261 [31mkl_synergy_1 : 0.000232 [31mkl_synergy_2 : 0.000251 [31mtotal : 0.713258 [31mdiag_kl_1 : 0.254020 [31mdiag_kl_2 : 0.262450 [94mAcc_combined: 62.69 [94mAcc_c: 56.34 [94mAcc_g: 62.69 [92mF1_combined: 64.79 [92mF1_c: 59.52 [92mF1_g: 63.24 [95mCEU_cue_audio: 0.4165 [95mCEU_cue_video: 0.6668 [95mCEU_synergy: 0.6362 [95mCEU_coexistence: 0.6595 [97mS:[93m63.6%[97m([91m15.7c[97m-[94mF1:38.9%) [97mU1:[93m41.7%[97m([91m7.5c[97m) [97mU2:[93m66.7%[97m([91m14.9c[97m) [97mR:[93m66.0%[97m([91m23.1c[97m) [97mS-L: [92m0:[96m68%[39m [39m
2026-07-25 15:56:30,512 - Agent - INFO - [37mModel saved successfully at: ./artifacts/models/multibench/mustard/vt/SynIB_RMask_REFABL_mustard_fold2_l0.001_perturbrandom_fillema_pmin0.1_refunimodal_anchor_lr0.0005_wd0.001.pth.tar[39m
2026-07-25 15:56:33,740 - Evaluator - INFO - New best with syn_accuracy-
2026-07-25 15:56:33,740 - Agent - INFO - [37mVal Epoch 2 step 2 with [31mce_loss_combined : 1.130309 [31mce_loss_c : 1.840610 [31mce_loss_g : 1.238416 [31mkl_synergy_rand_1 : 0.000402 [31mkl_synergy_rand_2 : 0.000268 [31mkl_synergy_1 : 0.000408 [31mkl_synergy_2 : 0.000264 [31mtotal : 1.131650 [31mdiag_kl_1 : 0.408618 [31mdiag_kl_2 : 0.270275 [94mAcc_combined: 57.09 [94mAcc_c: 47.76 [94mAcc_g: 64.18 [92mF1_combined: 62.54 [92mF1_c: 48.53 [92mF1_g: 64.18 [95mCEU_cue_audio: 0.3999 [95mCEU_cue_video: 0.7201 [95mCEU_synergy: 0.4400 [95mCEU_coexistence: 0.4843 [97mS:[93m44.0%[97m([91m8.2c[97m-[94mF1:30.6%) [97mU1:[93m40.0%[97m([91m6.0c[97m) [97mU2:[93m72.0%[97m([91m13.4c[97m) [97mR:[93m48.4%[97m([91m23.1c[97m) [97mS-L: [92m0:[96m55%[39m [39m
2026-07-25 15:56:33,760 - Agent - INFO - [37mTest Epoch 2 step 2 with [31mce_loss_combined : 0.854959 [31mce_loss_c : 1.270782 [31mce_loss_g : 1.287199 [31mkl_synergy_rand_1 : 0.000392 [31mkl_synergy_rand_2 : 0.000335 [31mkl_synergy_1 : 0.000391 [31mkl_synergy_2 : 0.000340 [31mtotal : 0.856417 [31mdiag_kl_1 : 0.457686 [31mdiag_kl_2 : 0.340971 [94mAcc_combined: 63.81 [94mAcc_c: 57.46 [94mAcc_g: 65.67 [92mF1_combined: 66.67 [92mF1_c: 58.09 [92mF1_g: 65.93 [95mCEU_cue_audio: 0.3333 [95mCEU_cue_video: 0.8334 [95mCEU_synergy: 0.7576 [95mCEU_coexistence: 0.6383 [97mS:[93m75.8%[97m([91m18.7c[97m-[94mF1:43.1%) [97mU1:[93m33.3%[97m([91m6.0c[97m) [97mU2:[93m83.3%[97m([91m18.7c[97m) [97mR:[93m63.8%[97m([91m22.4c[97m) [97mS-L: [92m0:[96m81%[39m [39m
2026-07-25 15:56:34,470 - Agent - INFO - [37mModel saved successfully at: ./artifacts/models/multibench/mustard/vt/SynIB_RMask_REFABL_mustard_fold2_l0.001_perturbrandom_fillema_pmin0.1_refunimodal_anchor_lr0.0005_wd0.001.pth.tar[39m
2026-07-25 15:56:37,690 - Agent - INFO - [37mVal Epoch 3 step 3 with [31mce_loss_combined : 1.376648 [31mce_loss_c : 1.813304 [31mce_loss_g : 1.429411 [31mkl_synergy_rand_1 : 0.000422 [31mkl_synergy_rand_2 : 0.000424 [31mkl_synergy_1 : 0.000419 [31mkl_synergy_2 : 0.000413 [31mtotal : 1.378326 [31mdiag_kl_1 : 0.437707 [31mdiag_kl_2 : 0.431072 [94mAcc_combined: 48.88 [94mAcc_c: 47.01 [94mAcc_g: 58.21 [92mF1_combined: 49.07 [92mF1_c: 48.18 [92mF1_g: 58.52 [95mCEU_cue_audio: 0.2500 [95mCEU_cue_video: 0.7201 [95mCEU_synergy: 0.4400 [95mCEU_coexistence: 0.4688 [97mS:[93m44.0%[97m([91m8.2c[97m-[94mF1:35.7%) [97mU1:[93m25.0%[97m([91m3.7c[97m) [97mU2:[93m72.0%[97m([91m13.4c[97m) [97mR:[93m46.9%[97m([91m22.4c[97m) [97mS-L: [92m0:[96m50% [92m1:[96m20%[39m [39m
2026-07-25 15:56:40,867 - Agent - INFO - [37mVal Epoch 4 step 4 with [31mce_loss_combined : 1.274932 [31mce_loss_c : 1.517838 [31mce_loss_g : 1.303250 [31mkl_synergy_rand_1 : 0.000383 [31mkl_synergy_rand_2 : 0.000297 [31mkl_synergy_1 : 0.000385 [31mkl_synergy_2 : 0.000296 [31mtotal : 1.276292 [31mdiag_kl_1 : 0.352766 [31mdiag_kl_2 : 0.317195 [94mAcc_combined: 49.25 [94mAcc_c: 48.51 [94mAcc_g: 61.94 [92mF1_combined: 49.25 [92mF1_c: 49.26 [92mF1_g: 61.94 [95mCEU_cue_audio: 0.4501 [95mCEU_cue_video: 0.6399 [95mCEU_synergy: 0.3601 [95mCEU_coexistence: 0.5000 [97mS:[93m36.0%[97m([91m6.7c[97m-[94mF1:30.6%) [97mU1:[93m45.0%[97m([91m6.7c[97m) [97mU2:[93m64.0%[97m([91m11.9c[97m) [97mR:[93m50.0%[97m([91m23.9c[97m) [97mS-L: [92m0:[96m40% [92m1:[96m20%[39m [39m
2026-07-25 15:56:44,031 - Evaluator - INFO - New best with syn_accuracy-
2026-07-25 15:56:44,031 - Agent - INFO - [37mVal Epoch 5 step 5 with [31mce_loss_combined : 1.332017 [31mce_loss_c : 1.483620 [31mce_loss_g : 1.384840 [31mkl_synergy_rand_1 : 0.000534 [31mkl_synergy_rand_2 : 0.000309 [31mkl_synergy_1 : 0.000543 [31mkl_synergy_2 : 0.000325 [31mtotal : 1.333729 [31mdiag_kl_1 : 0.445394 [31mdiag_kl_2 : 0.329568 [94mAcc_combined: 57.09 [94mAcc_c: 52.61 [94mAcc_g: 63.81 [92mF1_combined: 57.25 [92mF1_c: 53.14 [92mF1_g: 63.94 [95mCEU_cue_audio: 0.5000 [95mCEU_cue_video: 0.6801 [95mCEU_synergy: 0.4802 [95mCEU_coexistence: 0.5781 [97mS:[93m48.0%[97m([91m9.0c[97m-[94mF1:38.1%) [97mU1:[93m50.0%[97m([91m7.5c[97m) [97mU2:[93m68.0%[97m([91m12.7c[97m) [97mR:[93m57.8%[97m([91m27.6c[97m) [97mS-L: [92m0:[96m55% [92m1:[96m20%[39m [39m
2026-07-25 15:56:44,051 - Agent - INFO - [37mTest Epoch 5 step 5 with [31mce_loss_combined : 1.140694 [31mce_loss_c : 1.143703 [31mce_loss_g : 1.401878 [31mkl_synergy_rand_1 : 0.000587 [31mkl_synergy_rand_2 : 0.000332 [31mkl_synergy_1 : 0.000576 [31mkl_synergy_2 : 0.000291 [31mtotal : 1.142480 [31mdiag_kl_1 : 0.622741 [31mdiag_kl_2 : 0.344692 [94mAcc_combined: 64.18 [94mAcc_c: 58.58 [94mAcc_g: 61.57 [92mF1_combined: 64.18 [92mF1_c: 59.64 [92mF1_g: 61.71 [95mCEU_cue_audio: 0.3752 [95mCEU_cue_video: 0.6668 [95mCEU_synergy: 0.6970 [95mCEU_coexistence: 0.7234 [97mS:[93m69.7%[97m([91m17.2c[97m-[94mF1:41.1%) [97mU1:[93m37.5%[97m([91m6.7c[97m) [97mU2:[93m66.7%[97m([91m14.9c[97m) [97mR:[93m72.3%[97m([91m25.4c[97m) [97mS-L: [92m0:[96m74%[39m [39m
2026-07-25 15:56:44,782 - Agent - INFO - [37mModel saved successfully at: ./artifacts/models/multibench/mustard/vt/SynIB_RMask_REFABL_mustard_fold2_l0.001_perturbrandom_fillema_pmin0.1_refunimodal_anchor_lr0.0005_wd0.001.pth.tar[39m
2026-07-25 15:56:48,037 - Evaluator - INFO - New best with syn_accuracy-
2026-07-25 15:56:48,037 - Agent - INFO - [37mVal Epoch 6 step 6 with [31mce_loss_combined : 1.490597 [31mce_loss_c : 1.727623 [31mce_loss_g : 1.397807 [31mkl_synergy_rand_1 : 0.000872 [31mkl_synergy_rand_2 : 0.000402 [31mkl_synergy_1 : 0.000869 [31mkl_synergy_2 : 0.000390 [31mtotal : 1.493129 [31mdiag_kl_1 : 0.843454 [31mdiag_kl_2 : 0.430642 [94mAcc_combined: 51.12 [94mAcc_c: 47.01 [94mAcc_g: 64.18 [92mF1_combined: 51.30 [92mF1_c: 49.29 [92mF1_g: 64.18 [95mCEU_cue_audio: 0.3999 [95mCEU_cue_video: 0.7599 [95mCEU_synergy: 0.5600 [95mCEU_coexistence: 0.4375 [97mS:[93m56.0%[97m([91m10.4c[97m-[94mF1:35.9%) [97mU1:[93m40.0%[97m([91m6.0c[97m) [97mU2:[93m76.0%[97m([91m14.2c[97m) [97mR:[93m43.8%[97m([91m20.9c[97m) [97mS-L: [92m0:[96m70%[39m [39m
2026-07-25 15:56:48,056 - Agent - INFO - [37mTest Epoch 6 step 6 with [31mce_loss_combined : 1.084038 [31mce_loss_c : 0.968480 [31mce_loss_g : 1.392877 [31mkl_synergy_rand_1 : 0.000716 [31mkl_synergy_rand_2 : 0.000439 [31mkl_synergy_1 : 0.000709 [31mkl_synergy_2 : 0.000443 [31mtotal : 1.086344 [31mdiag_kl_1 : 0.925954 [31mdiag_kl_2 : 0.436131 [94mAcc_combined: 64.55 [94mAcc_c: 63.06 [94mAcc_g: 58.96 [92mF1_combined: 64.68 [92mF1_c: 64.52 [92mF1_g: 58.96 [95mCEU_cue_audio: 0.3333 [95mCEU_cue_video: 0.7999 [95mCEU_synergy: 0.8181 [95mCEU_coexistence: 0.5744 [97mS:[93m81.8%[97m([91m20.1c[97m-[94mF1:45.0%) [97mU1:[93m33.3%[97m([91m6.0c[97m) [97mU2:[93m80.0%[97m([91m17.9c[97m) [97mR:[93m57.4%[97m([91m20.1c[97m) [97mS-L: [92m0:[96m87%[39m [39m
2026-07-25 15:56:48,789 - Agent - INFO - [37mModel saved successfully at: ./artifacts/models/multibench/mustard/vt/SynIB_RMask_REFABL_mustard_fold2_l0.001_perturbrandom_fillema_pmin0.1_refunimodal_anchor_lr0.0005_wd0.001.pth.tar[39m
2026-07-25 15:56:52,068 - Agent - INFO - [37mVal Epoch 7 step 7 with [31mce_loss_combined : 1.355880 [31mce_loss_c : 1.464821 [31mce_loss_g : 1.201352 [31mkl_synergy_rand_1 : 0.000642 [31mkl_synergy_rand_2 : 0.000439 [31mkl_synergy_1 : 0.000656 [31mkl_synergy_2 : 0.000445 [31mtotal : 1.358061 [31mdiag_kl_1 : 0.610090 [31mdiag_kl_2 : 0.450341 [94mAcc_combined: 52.99 [94mAcc_c: 50.75 [94mAcc_g: 66.42 [92mF1_combined: 52.99 [92mF1_c: 52.86 [92mF1_g: 66.42 [95mCEU_cue_audio: 0.3999 [95mCEU_cue_video: 0.7201 [95mCEU_synergy: 0.4000 [95mCEU_coexistence: 0.5625 [97mS:[93m40.0%[97m([91m7.5c[97m-[94mF1:33.2%) [97mU1:[93m40.0%[97m([91m6.0c[97m) [97mU2:[93m72.0%[97m([91m13.4c[97m) [97mR:[93m56.2%[97m([91m26.9c[97m) [97mS-L: [92m0:[96m45% [92m1:[96m20%[39m [39m
2026-07-25 15:56:55,258 - Agent - INFO - [37mVal Epoch 8 step 8 with [31mce_loss_combined : 1.529309 [31mce_loss_c : 1.839487 [31mce_loss_g : 1.094080 [31mkl_synergy_rand_1 : 0.000389 [31mkl_synergy_rand_2 : 0.000642 [31mkl_synergy_1 : 0.000375 [31mkl_synergy_2 : 0.000652 [31mtotal : 1.531367 [31mdiag_kl_1 : 0.505492 [31mdiag_kl_2 : 0.631653 [94mAcc_combined: 50.37 [94mAcc_c: 48.51 [94mAcc_g: 64.18 [92mF1_combined: 50.19 [92mF1_c: 51.06 [92mF1_g: 64.96 [95mCEU_cue_audio: 0.3499 [95mCEU_cue_video: 0.6801 [95mCEU_synergy: 0.3601 [95mCEU_coexistence: 0.5312 [97mS:[93m36.0%[97m([91m6.7c[97m-[94mF1:30.6%) [97mU1:[93m35.0%[97m([91m5.2c[97m) [97mU2:[93m68.0%[97m([91m12.7c[97m) [97mR:[93m53.1%[97m([91m25.4c[97m) [97mS-L: [92m0:[96m40% [92m1:[96m20%[39m [39m
2026-07-25 15:56:58,508 - Agent - INFO - [37mVal Epoch 9 step 9 with [31mce_loss_combined : 1.497215 [31mce_loss_c : 1.898591 [31mce_loss_g : 1.249828 [31mkl_synergy_rand_1 : 0.000496 [31mkl_synergy_rand_2 : 0.000592 [31mkl_synergy_1 : 0.000488 [31mkl_synergy_2 : 0.000564 [31mtotal : 1.499355 [31mdiag_kl_1 : 0.558389 [31mdiag_kl_2 : 0.621177 [94mAcc_combined: 51.49 [94mAcc_c: 49.25 [94mAcc_g: 61.19 [92mF1_combined: 51.49 [92mF1_c: 51.43 [92mF1_g: 61.19 [95mCEU_cue_audio: 0.2500 [95mCEU_cue_video: 0.7201 [95mCEU_synergy: 0.4400 [95mCEU_coexistence: 0.5469 [97mS:[93m44.0%[97m([91m8.2c[97m-[94mF1:35.7%) [97mU1:[93m25.0%[97m([91m3.7c[97m) [97mU2:[93m72.0%[97m([91m13.4c[97m) [97mR:[93m54.7%[97m([91m26.1c[97m) [97mS-L: [92m0:[96m50% [92m1:[96m20%[39m [39m
2026-07-25 15:57:01,729 - Agent - INFO - [37mVal Epoch 10 step 10 with [31mce_loss_combined : 1.558512 [31mce_loss_c : 1.878643 [31mce_loss_g : 1.567252 [31mkl_synergy_rand_1 : 0.000505 [31mkl_synergy_rand_2 : 0.000330 [31mkl_synergy_1 : 0.000497 [31mkl_synergy_2 : 0.000327 [31mtotal : 1.560170 [31mdiag_kl_1 : 0.603792 [31mdiag_kl_2 : 0.428858 [94mAcc_combined: 45.90 [94mAcc_c: 44.78 [94mAcc_g: 60.45 [92mF1_combined: 46.10 [92mF1_c: 47.89 [92mF1_g: 60.45 [95mCEU_cue_audio: 0.2003 [95mCEU_cue_video: 0.6000 [95mCEU_synergy: 0.4000 [95mCEU_coexistence: 0.5000 [97mS:[93m40.0%[97m([91m7.5c[97m-[94mF1:33.2%) [97mU1:[93m20.0%[97m([91m3.0c[97m) [97mU2:[93m60.0%[97m([91m11.2c[97m) [97mR:[93m50.0%[97m([91m23.9c[97m) [97mS-L: [92m0:[96m45% [92m1:[96m20%[39m [39m
2026-07-25 15:57:04,933 - Agent - INFO - [37mVal Epoch 11 step 11 with [31mce_loss_combined : 1.630805 [31mce_loss_c : 1.858263 [31mce_loss_g : 1.512075 [31mkl_synergy_rand_1 : 0.000564 [31mkl_synergy_rand_2 : 0.000298 [31mkl_synergy_1 : 0.000575 [31mkl_synergy_2 : 0.000297 [31mtotal : 1.632538 [31mdiag_kl_1 : 0.696992 [31mdiag_kl_2 : 0.472905 [94mAcc_combined: 50.00 [94mAcc_c: 43.28 [94mAcc_g: 63.06 [92mF1_combined: 50.00 [92mF1_c: 46.10 [92mF1_g: 63.20 [95mCEU_cue_audio: 0.3001 [95mCEU_cue_video: 0.6399 [95mCEU_synergy: 0.4400 [95mCEU_coexistence: 0.5312 [97mS:[93m44.0%[97m([91m8.2c[97m-[94mF1:35.7%) [97mU1:[93m30.0%[97m([91m4.5c[97m) [97mU2:[93m64.0%[97m([91m11.9c[97m) [97mR:[93m53.1%[97m([91m25.4c[97m) [97mS-L: [92m0:[96m50% [92m1:[96m20%[39m [39m
2026-07-25 15:57:08,178 - Agent - INFO - [37mVal Epoch 12 step 12 with [31mce_loss_combined : 1.477326 [31mce_loss_c : 1.866791 [31mce_loss_g : 1.324037 [31mkl_synergy_rand_1 : 0.000514 [31mkl_synergy_rand_2 : 0.000352 [31mkl_synergy_1 : 0.000491 [31mkl_synergy_2 : 0.000337 [31mtotal : 1.479020 [31mdiag_kl_1 : 0.611913 [31mdiag_kl_2 : 0.406734 [94mAcc_combined: 50.00 [94mAcc_c: 47.76 [94mAcc_g: 63.06 [92mF1_combined: 50.00 [92mF1_c: 49.64 [92mF1_g: 63.20 [95mCEU_cue_audio: 0.3001 [95mCEU_cue_video: 0.6399 [95mCEU_synergy: 0.4400 [95mCEU_coexistence: 0.5312 [97mS:[93m44.0%[97m([91m8.2c[97m-[94mF1:35.7%) [97mU1:[93m30.0%[97m([91m4.5c[97m) [97mU2:[93m64.0%[97m([91m11.9c[97m) [97mR:[93m53.1%[97m([91m25.4c[97m) [97mS-L: [92m0:[96m50% [92m1:[96m20%[39m [39m
2026-07-25 15:57:11,397 - Agent - INFO - [37mVal Epoch 13 step 13 with [31mce_loss_combined : 1.411345 [31mce_loss_c : 1.539788 [31mce_loss_g : 1.369681 [31mkl_synergy_rand_1 : 0.000734 [31mkl_synergy_rand_2 : 0.000219 [31mkl_synergy_1 : 0.000724 [31mkl_synergy_2 : 0.000215 [31mtotal : 1.413237 [31mdiag_kl_1 : 0.581571 [31mdiag_kl_2 : 0.405202 [94mAcc_combined: 58.21 [94mAcc_c: 52.24 [94mAcc_g: 65.30 [92mF1_combined: 58.21 [92mF1_c: 53.62 [92mF1_g: 65.43 [95mCEU_cue_audio: 0.6001 [95mCEU_cue_video: 0.7201 [95mCEU_synergy: 0.3199 [95mCEU_coexistence: 0.6250 [97mS:[93m32.0%[97m([91m6.0c[97m-[94mF1:27.8%) [97mU1:[93m60.0%[97m([91m9.0c[97m) [97mU2:[93m72.0%[97m([91m13.4c[97m) [97mR:[93m62.5%[97m([91m29.9c[97m) [97mS-L: [92m0:[96m35% [92m1:[96m20%[39m [39m
2026-07-25 15:57:14,639 - Agent - INFO - [37mVal Epoch 14 step 14 with [31mce_loss_combined : 1.640262 [31mce_loss_c : 1.813410 [31mce_loss_g : 1.430117 [31mkl_synergy_rand_1 : 0.000586 [31mkl_synergy_rand_2 : 0.000266 [31mkl_synergy_1 : 0.000579 [31mkl_synergy_2 : 0.000259 [31mtotal : 1.641952 [31mdiag_kl_1 : 0.702483 [31mdiag_kl_2 : 0.416800 [94mAcc_combined: 50.00 [94mAcc_c: 43.66 [94mAcc_g: 63.06 [92mF1_combined: 50.00 [92mF1_c: 47.02 [92mF1_g: 63.20 [95mCEU_cue_audio: 0.4501 [95mCEU_cue_video: 0.6801 [95mCEU_synergy: 0.3199 [95mCEU_coexistence: 0.5157 [97mS:[93m32.0%[97m([91m6.0c[97m-[94mF1:27.8%) [97mU1:[93m45.0%[97m([91m6.7c[97m) [97mU2:[93m68.0%[97m([91m12.7c[97m) [97mR:[93m51.6%[97m([91m24.6c[97m) [97mS-L: [92m0:[96m35% [92m1:[96m20%[39m [39m
2026-07-25 15:57:17,802 - Agent - INFO - [37mVal Epoch 15 step 15 with [31mce_loss_combined : 1.574021 [31mce_loss_c : 1.976585 [31mce_loss_g : 1.287960 [31mkl_synergy_rand_1 : 0.000473 [31mkl_synergy_rand_2 : 0.000330 [31mkl_synergy_1 : 0.000511 [31mkl_synergy_2 : 0.000324 [31mtotal : 1.575659 [31mdiag_kl_1 : 0.736230 [31mdiag_kl_2 : 0.420617 [94mAcc_combined: 45.52 [94mAcc_c: 41.42 [94mAcc_g: 66.42 [92mF1_combined: 45.52 [92mF1_c: 44.52 [92mF1_g: 66.42 [95mCEU_cue_audio: 0.2003 [95mCEU_cue_video: 0.7599 [95mCEU_synergy: 0.4802 [95mCEU_coexistence: 0.4062 [97mS:[93m48.0%[97m([91m9.0c[97m-[94mF1:38.1%) [97mU1:[93m20.0%[97m([91m3.0c[97m) [97mU2:[93m76.0%[97m([91m14.2c[97m) [97mR:[93m40.6%[97m([91m19.4c[97m) [97mS-L: [92m0:[96m55% [92m1:[96m20%[39m [39m
2026-07-25 15:57:20,939 - Agent - INFO - [37mVal Epoch 16 step 16 with [31mce_loss_combined : 1.369860 [31mce_loss_c : 1.618856 [31mce_loss_g : 1.254880 [31mkl_synergy_rand_1 : 0.000591 [31mkl_synergy_rand_2 : 0.000388 [31mkl_synergy_1 : 0.000567 [31mkl_synergy_2 : 0.000359 [31mtotal : 1.371766 [31mdiag_kl_1 : 0.496513 [31mdiag_kl_2 : 0.358402 [94mAcc_combined: 50.75 [94mAcc_c: 46.64 [94mAcc_g: 64.93 [92mF1_combined: 50.75 [92mF1_c: 49.11 [92mF1_g: 64.93 [95mCEU_cue_audio: 0.3499 [95mCEU_cue_video: 0.6399 [95mCEU_synergy: 0.4400 [95mCEU_coexistence: 0.5312 [97mS:[93m44.0%[97m([91m8.2c[97m-[94mF1:35.7%) [97mU1:[93m35.0%[97m([91m5.2c[97m) [97mU2:[93m64.0%[97m([91m11.9c[97m) [97mR:[93m53.1%[97m([91m25.4c[97m) [97mS-L: [92m0:[96m50% [92m1:[96m20%[39m [39m
2026-07-25 15:57:24,157 - Agent - INFO - [37mVal Epoch 17 step 17 with [31mce_loss_combined : 1.633715 [31mce_loss_c : 2.075954 [31mce_loss_g : 1.234207 [31mkl_synergy_rand_1 : 0.000312 [31mkl_synergy_rand_2 : 0.000380 [31mkl_synergy_1 : 0.000299 [31mkl_synergy_2 : 0.000369 [31mtotal : 1.635075 [31mdiag_kl_1 : 0.667998 [31mdiag_kl_2 : 0.511987 [94mAcc_combined: 45.90 [94mAcc_c: 44.03 [94mAcc_g: 64.93 [92mF1_combined: 46.10 [92mF1_c: 45.65 [92mF1_g: 65.19 [95mCEU_cue_audio: 0.2003 [95mCEU_cue_video: 0.6801 [95mCEU_synergy: 0.4802 [95mCEU_coexistence: 0.4531 [97mS:[93m48.0%[97m([91m9.0c[97m-[94mF1:38.1%) [97mU1:[93m20.0%[97m([91m3.0c[97m) [97mU2:[93m68.0%[97m([91m12.7c[97m) [97mR:[93m45.3%[97m([91m21.6c[97m) [97mS-L: [92m0:[96m55% [92m1:[96m20%[39m [39m
2026-07-25 15:57:27,383 - Evaluator - INFO - New best with syn_accuracy-
2026-07-25 15:57:27,384 - Agent - INFO - [37mVal Epoch 18 step 18 with [31mce_loss_combined : 1.513855 [31mce_loss_c : 2.180357 [31mce_loss_g : 1.244302 [31mkl_synergy_rand_1 : 0.000629 [31mkl_synergy_rand_2 : 0.000483 [31mkl_synergy_1 : 0.000600 [31mkl_synergy_2 : 0.000460 [31mtotal : 1.516027 [31mdiag_kl_1 : 0.945309 [31mdiag_kl_2 : 0.672121 [94mAcc_combined: 44.78 [94mAcc_c: 43.28 [94mAcc_g: 67.16 [92mF1_combined: 44.78 [92mF1_c: 44.93 [92mF1_g: 67.16 [95mCEU_cue_audio: 0.2003 [95mCEU_cue_video: 0.8001 [95mCEU_synergy: 0.6399 [95mCEU_coexistence: 0.3125 [97mS:[93m64.0%[97m([91m11.9c[97m-[94mF1:47.6%) [97mU1:[93m20.0%[97m([91m3.0c[97m) [97mU2:[93m80.0%[97m([91m14.9c[97m) [97mR:[93m31.2%[97m([91m14.9c[97m) [97mS-L: [92m0:[96m75% [92m1:[96m20%[39m [39m
2026-07-25 15:57:27,403 - Agent - INFO - [37mTest Epoch 18 step 18 with [31mce_loss_combined : 1.242478 [31mce_loss_c : 1.682963 [31mce_loss_g : 1.237102 [31mkl_synergy_rand_1 : 0.000535 [31mkl_synergy_rand_2 : 0.000446 [31mkl_synergy_1 : 0.000534 [31mkl_synergy_2 : 0.000434 [31mtotal : 1.244427 [31mdiag_kl_1 : 1.056580 [31mdiag_kl_2 : 0.618858 [94mAcc_combined: 60.45 [94mAcc_c: 51.87 [94mAcc_g: 63.43 [92mF1_combined: 60.45 [92mF1_c: 53.09 [92mF1_g: 63.43 [95mCEU_cue_audio: 0.3752 [95mCEU_cue_video: 0.7668 [95mCEU_synergy: 0.8786 [95mCEU_coexistence: 0.4256 [97mS:[93m87.9%[97m([91m21.6c[97m-[94mF1:46.8%) [97mU1:[93m37.5%[97m([91m6.7c[97m) [97mU2:[93m76.7%[97m([91m17.2c[97m) [97mR:[93m42.6%[97m([91m14.9c[97m) [97mS-L: [92m0:[96m94%[39m [39m
2026-07-25 15:57:28,143 - Agent - INFO - [37mModel saved successfully at: ./artifacts/models/multibench/mustard/vt/SynIB_RMask_REFABL_mustard_fold2_l0.001_perturbrandom_fillema_pmin0.1_refunimodal_anchor_lr0.0005_wd0.001.pth.tar[39m
2026-07-25 15:57:31,431 - Agent - INFO - [37mVal Epoch 19 step 19 with [31mce_loss_combined : 1.535594 [31mce_loss_c : 1.471802 [31mce_loss_g : 1.286893 [31mkl_synergy_rand_1 : 0.000697 [31mkl_synergy_rand_2 : 0.000357 [31mkl_synergy_1 : 0.000722 [31mkl_synergy_2 : 0.000342 [31mtotal : 1.537712 [31mdiag_kl_1 : 0.588206 [31mdiag_kl_2 : 0.563219 [94mAcc_combined: 55.60 [94mAcc_c: 46.64 [94mAcc_g: 64.18 [92mF1_combined: 55.76 [92mF1_c: 51.53 [92mF1_g: 64.18 [95mCEU_cue_audio: 0.5000 [95mCEU_cue_video: 0.6399 [95mCEU_synergy: 0.3601 [95mCEU_coexistence: 0.6093 [97mS:[93m36.0%[97m([91m6.7c[97m-[94mF1:30.6%) [97mU1:[93m50.0%[97m([91m7.5c[97m) [97mU2:[93m64.0%[97m([91m11.9c[97m) [97mR:[93m60.9%[97m([91m29.1c[97m) [97mS-L: [92m0:[96m40% [92m1:[96m20%[39m [39m
2026-07-25 15:57:34,667 - Agent - INFO - [37mVal Epoch 20 step 20 with [31mce_loss_combined : 1.597821 [31mce_loss_c : 1.782891 [31mce_loss_g : 1.379380 [31mkl_synergy_rand_1 : 0.000522 [31mkl_synergy_rand_2 : 0.000421 [31mkl_synergy_1 : 0.000523 [31mkl_synergy_2 : 0.000426 [31mtotal : 1.599713 [31mdiag_kl_1 : 0.637732 [31mdiag_kl_2 : 0.561580 [94mAcc_combined: 47.76 [94mAcc_c: 44.40 [94mAcc_g: 61.94 [92mF1_combined: 47.76 [92mF1_c: 47.72 [92mF1_g: 61.94 [95mCEU_cue_audio: 0.3001 [95mCEU_cue_video: 0.6801 [95mCEU_synergy: 0.4400 [95mCEU_coexistence: 0.4688 [97mS:[93m44.0%[97m([91m8.2c[97m-[94mF1:35.7%) [97mU1:[93m30.0%[97m([91m4.5c[97m) [97mU2:[93m68.0%[97m([91m12.7c[97m) [97mR:[93m46.9%[97m([91m22.4c[97m) [97mS-L: [92m0:[96m50% [92m1:[96m20%[39m [39m
2026-07-25 15:57:37,900 - Agent - INFO - [37mVal Epoch 21 step 21 with [31mce_loss_combined : 1.641792 [31mce_loss_c : 1.876923 [31mce_loss_g : 1.484613 [31mkl_synergy_rand_1 : 0.000528 [31mkl_synergy_rand_2 : 0.000440 [31mkl_synergy_1 : 0.000535 [31mkl_synergy_2 : 0.000454 [31mtotal : 1.643748 [31mdiag_kl_1 : 0.691045 [31mdiag_kl_2 : 0.663797 [94mAcc_combined: 51.49 [94mAcc_c: 43.28 [94mAcc_g: 61.94 [92mF1_combined: 51.49 [92mF1_c: 47.22 [92mF1_g: 61.94 [95mCEU_cue_audio: 0.3001 [95mCEU_cue_video: 0.7201 [95mCEU_synergy: 0.5198 [95mCEU_coexistence: 0.5000 [97mS:[93m52.0%[97m([91m9.7c[97m-[94mF1:40.5%) [97mU1:[93m30.0%[97m([91m4.5c[97m) [97mU2:[93m72.0%[97m([91m13.4c[97m) [97mR:[93m50.0%[97m([91m23.9c[97m) [97mS-L: [92m0:[96m60% [92m1:[96m20%[39m [39m
2026-07-25 15:57:41,165 - Agent - INFO - [37mVal Epoch 22 step 22 with [31mce_loss_combined : 1.748563 [31mce_loss_c : 2.018946 [31mce_loss_g : 1.098963 [31mkl_synergy_rand_1 : 0.000372 [31mkl_synergy_rand_2 : 0.000754 [31mkl_synergy_1 : 0.000398 [31mkl_synergy_2 : 0.000765 [31mtotal : 1.750853 [31mdiag_kl_1 : 0.665145 [31mdiag_kl_2 : 0.923524 [94mAcc_combined: 48.51 [94mAcc_c: 43.28 [94mAcc_g: 63.06 [92mF1_combined: 48.51 [92mF1_c: 46.48 [92mF1_g: 63.20 [95mCEU_cue_audio: 0.1500 [95mCEU_cue_video: 0.7201 [95mCEU_synergy: 0.4400 [95mCEU_coexistence: 0.5157 [97mS:[93m44.0%[97m([91m8.2c[97m-[94mF1:35.7%) [97mU1:[93m15.0%[97m([91m2.2c[97m) [97mU2:[93m72.0%[97m([91m13.4c[97m) [97mR:[93m51.6%[97m([91m24.6c[97m) [97mS-L: [92m0:[96m50% [92m1:[96m20%[39m [39m
2026-07-25 15:57:44,410 - Agent - INFO - [37mVal Epoch 23 step 23 with [31mce_loss_combined : 1.645040 [31mce_loss_c : 1.570647 [31mce_loss_g : 1.336921 [31mkl_synergy_rand_1 : 0.000796 [31mkl_synergy_rand_2 : 0.000538 [31mkl_synergy_1 : 0.000767 [31mkl_synergy_2 : 0.000530 [31mtotal : 1.647670 [31mdiag_kl_1 : 0.518110 [31mdiag_kl_2 : 0.761844 [94mAcc_combined: 55.60 [94mAcc_c: 51.12 [94mAcc_g: 61.57 [92mF1_combined: 55.76 [92mF1_c: 53.71 [92mF1_g: 61.71 [95mCEU_cue_audio: 0.4501 [95mCEU_cue_video: 0.6801 [95mCEU_synergy: 0.2401 [95mCEU_coexistence: 0.6562 [97mS:[93m24.0%[97m([91m4.5c[97m-[94mF1:22.0%) [97mU1:[93m45.0%[97m([91m6.7c[97m) [97mU2:[93m68.0%[97m([91m12.7c[97m) [97mR:[93m65.6%[97m([91m31.3c[97m) [97mS-L: [92m0:[96m25% [92m1:[96m20%[39m [39m
2026-07-25 15:57:47,653 - Agent - INFO - [37mVal Epoch 24 step 24 with [31mce_loss_combined : 1.585431 [31mce_loss_c : 1.694917 [31mce_loss_g : 1.477488 [31mkl_synergy_rand_1 : 0.000618 [31mkl_synergy_rand_2 : 0.000418 [31mkl_synergy_1 : 0.000622 [31mkl_synergy_2 : 0.000437 [31mtotal : 1.587526 [31mdiag_kl_1 : 0.713671 [31mdiag_kl_2 : 0.715055 [94mAcc_combined: 54.48 [94mAcc_c: 48.51 [94mAcc_g: 61.94 [92mF1_combined: 54.48 [92mF1_c: 53.38 [92mF1_g: 61.94 [95mCEU_cue_audio: 0.3999 [95mCEU_cue_video: 0.7201 [95mCEU_synergy: 0.4000 [95mCEU_coexistence: 0.5781 [97mS:[93m40.0%[97m([91m7.5c[97m-[94mF1:33.2%) [97mU1:[93m40.0%[97m([91m6.0c[97m) [97mU2:[93m72.0%[97m([91m13.4c[97m) [97mR:[93m57.8%[97m([91m27.6c[97m) [97mS-L: [92m0:[96m45% [92m1:[96m20%[39m [39m
2026-07-25 15:57:50,861 - Agent - INFO - [37mVal Epoch 25 step 25 with [31mce_loss_combined : 1.724623 [31mce_loss_c : 2.012845 [31mce_loss_g : 1.554610 [31mkl_synergy_rand_1 : 0.000524 [31mkl_synergy_rand_2 : 0.000508 [31mkl_synergy_1 : 0.000538 [31mkl_synergy_2 : 0.000482 [31mtotal : 1.726676 [31mdiag_kl_1 : 0.999606 [31mdiag_kl_2 : 0.857127 [94mAcc_combined: 51.49 [94mAcc_c: 47.39 [94mAcc_g: 63.06 [92mF1_combined: 51.49 [92mF1_c: 50.18 [92mF1_g: 63.20 [95mCEU_cue_audio: 0.2500 [95mCEU_cue_video: 0.8001 [95mCEU_synergy: 0.5198 [95mCEU_coexistence: 0.4843 [97mS:[93m52.0%[97m([91m9.7c[97m-[94mF1:40.5%) [97mU1:[93m25.0%[97m([91m3.7c[97m) [97mU2:[93m80.0%[97m([91m14.9c[97m) [97mR:[93m48.4%[97m([91m23.1c[97m) [97mS-L: [92m0:[96m60% [92m1:[96m20%[39m [39m
2026-07-25 15:57:54,104 - Agent - INFO - [37mVal Epoch 26 step 26 with [31mce_loss_combined : 1.613701 [31mce_loss_c : 1.814933 [31mce_loss_g : 1.412877 [31mkl_synergy_rand_1 : 0.000647 [31mkl_synergy_rand_2 : 0.000450 [31mkl_synergy_1 : 0.000623 [31mkl_synergy_2 : 0.000455 [31mtotal : 1.615877 [31mdiag_kl_1 : 0.789228 [31mdiag_kl_2 : 0.863049 [94mAcc_combined: 54.10 [94mAcc_c: 52.24 [94mAcc_g: 61.19 [92mF1_combined: 54.28 [92mF1_c: 53.62 [92mF1_g: 61.19 [95mCEU_cue_audio: 0.2500 [95mCEU_cue_video: 0.8001 [95mCEU_synergy: 0.4000 [95mCEU_coexistence: 0.5938 [97mS:[93m40.0%[97m([91m7.5c[97m-[94mF1:33.2%) [97mU1:[93m25.0%[97m([91m3.7c[97m) [97mU2:[93m80.0%[97m([91m14.9c[97m) [97mR:[93m59.4%[97m([91m28.4c[97m) [97mS-L: [92m0:[96m45% [92m1:[96m20%[39m [39m
2026-07-25 15:57:57,348 - Agent - INFO - [37mVal Epoch 27 step 27 with [31mce_loss_combined : 1.770372 [31mce_loss_c : 2.119396 [31mce_loss_g : 1.331296 [31mkl_synergy_rand_1 : 0.000559 [31mkl_synergy_rand_2 : 0.000466 [31mkl_synergy_1 : 0.000520 [31mkl_synergy_2 : 0.000491 [31mtotal : 1.772408 [31mdiag_kl_1 : 0.824308 [31mdiag_kl_2 : 0.977546 [94mAcc_combined: 52.24 [94mAcc_c: 47.39 [94mAcc_g: 64.55 [92mF1_combined: 52.24 [92mF1_c: 48.73 [92mF1_g: 64.68 [95mCEU_cue_audio: 0.3499 [95mCEU_cue_video: 0.7599 [95mCEU_synergy: 0.4000 [95mCEU_coexistence: 0.5312 [97mS:[93m40.0%[97m([91m7.5c[97m-[94mF1:33.2%) [97mU1:[93m35.0%[97m([91m5.2c[97m) [97mU2:[93m76.0%[97m([91m14.2c[97m) [97mR:[93m53.1%[97m([91m25.4c[97m) [97mS-L: [92m0:[96m45% [92m1:[96m20%[39m [39m
2026-07-25 15:58:00,585 - Agent - INFO - [37mVal Epoch 28 step 28 with [31mce_loss_combined : 2.086424 [31mce_loss_c : 2.328089 [31mce_loss_g : 1.408701 [31mkl_synergy_rand_1 : 0.000383 [31mkl_synergy_rand_2 : 0.000663 [31mkl_synergy_1 : 0.000389 [31mkl_synergy_2 : 0.000714 [31mtotal : 2.088573 [31mdiag_kl_1 : 0.875021 [31mdiag_kl_2 : 1.183837 [94mAcc_combined: 48.88 [94mAcc_c: 44.40 [94mAcc_g: 63.43 [92mF1_combined: 48.69 [92mF1_c: 45.42 [92mF1_g: 63.43 [95mCEU_cue_audio: 0.2500 [95mCEU_cue_video: 0.7599 [95mCEU_synergy: 0.4802 [95mCEU_coexistence: 0.4688 [97mS:[93m48.0%[97m([91m9.0c[97m-[94mF1:38.1%) [97mU1:[93m25.0%[97m([91m3.7c[97m) [97mU2:[93m76.0%[97m([91m14.2c[97m) [97mR:[93m46.9%[97m([91m22.4c[97m) [97mS-L: [92m0:[96m55% [92m1:[96m20%[39m [39m
2026-07-25 15:58:04,006 - Agent - INFO - [37mVal Epoch 29 step 29 with [31mce_loss_combined : 1.917286 [31mce_loss_c : 2.150177 [31mce_loss_g : 1.352527 [31mkl_synergy_rand_1 : 0.000351 [31mkl_synergy_rand_2 : 0.000652 [31mkl_synergy_1 : 0.000332 [31mkl_synergy_2 : 0.000628 [31mtotal : 1.919250 [31mdiag_kl_1 : 0.938207 [31mdiag_kl_2 : 1.038273 [94mAcc_combined: 53.36 [94mAcc_c: 48.13 [94mAcc_g: 63.06 [92mF1_combined: 53.53 [92mF1_c: 48.71 [92mF1_g: 63.20 [95mCEU_cue_audio: 0.2003 [95mCEU_cue_video: 0.8001 [95mCEU_synergy: 0.4802 [95mCEU_coexistence: 0.5469 [97mS:[93m48.0%[97m([91m9.0c[97m-[94mF1:38.1%) [97mU1:[93m20.0%[97m([91m3.0c[97m) [97mU2:[93m80.0%[97m([91m14.9c[97m) [97mR:[93m54.7%[97m([91m26.1c[97m) [97mS-L: [92m0:[96m55% [92m1:[96m20%[39m [39m
2026-07-25 15:58:07,287 - Agent - INFO - [37mVal Epoch 30 step 30 with [31mce_loss_combined : 2.564173 [31mce_loss_c : 2.618236 [31mce_loss_g : 1.847027 [31mkl_synergy_rand_1 : 0.000552 [31mkl_synergy_rand_2 : 0.001221 [31mkl_synergy_1 : 0.000545 [31mkl_synergy_2 : 0.001200 [31mtotal : 2.567692 [31mdiag_kl_1 : 1.596669 [31mdiag_kl_2 : 1.363168 [94mAcc_combined: 45.15 [94mAcc_c: 39.93 [94mAcc_g: 58.21 [92mF1_combined: 45.35 [92mF1_c: 40.15 [92mF1_g: 58.21 [95mCEU_cue_audio: 0.0999 [95mCEU_cue_video: 0.8398 [95mCEU_synergy: 0.6000 [95mCEU_coexistence: 0.3438 [97mS:[93m60.0%[97m([91m11.2c[97m-[94mF1:45.2%) [97mU1:[93m10.0%[97m([91m1.5c[97m) [97mU2:[93m84.0%[97m([91m15.7c[97m) [97mR:[93m34.4%[97m([91m16.4c[97m) [97mS-L: [92m0:[96m70% [92m1:[96m20%[39m [39m
2026-07-25 15:58:10,516 - Agent - INFO - [37mVal Epoch 31 step 31 with [31mce_loss_combined : 2.061795 [31mce_loss_c : 2.237709 [31mce_loss_g : 1.474676 [31mkl_synergy_rand_1 : 0.000808 [31mkl_synergy_rand_2 : 0.000579 [31mkl_synergy_1 : 0.000862 [31mkl_synergy_2 : 0.000576 [31mtotal : 2.064621 [31mdiag_kl_1 : 1.201674 [31mdiag_kl_2 : 0.826451 [94mAcc_combined: 50.75 [94mAcc_c: 45.52 [94mAcc_g: 62.69 [92mF1_combined: 50.75 [92mF1_c: 46.32 [92mF1_g: 62.69 [95mCEU_cue_audio: 0.3999 [95mCEU_cue_video: 0.7201 [95mCEU_synergy: 0.4802 [95mCEU_coexistence: 0.4688 [97mS:[93m48.0%[97m([91m9.0c[97m-[94mF1:38.1%) [97mU1:[93m40.0%[97m([91m6.0c[97m) [97mU2:[93m72.0%[97m([91m13.4c[97m) [97mR:[93m46.9%[97m([91m22.4c[97m) [97mS-L: [92m0:[96m55% [92m1:[96m20%[39m [39m
2026-07-25 15:58:13,727 - Agent - INFO - [37mVal Epoch 32 step 32 with [31mce_loss_combined : 1.994029 [31mce_loss_c : 2.527913 [31mce_loss_g : 1.436986 [31mkl_synergy_rand_1 : 0.000674 [31mkl_synergy_rand_2 : 0.000736 [31mkl_synergy_1 : 0.000681 [31mkl_synergy_2 : 0.000723 [31mtotal : 1.996844 [31mdiag_kl_1 : 1.163765 [31mdiag_kl_2 : 1.233866 [94mAcc_combined: 42.54 [94mAcc_c: 37.69 [94mAcc_g: 65.67 [92mF1_combined: 42.54 [92mF1_c: 37.92 [92mF1_g: 65.67 [95mCEU_cue_audio: 0.1500 [95mCEU_cue_video: 0.8001 [95mCEU_synergy: 0.5198 [95mCEU_coexistence: 0.3281 [97mS:[93m52.0%[97m([91m9.7c[97m-[94mF1:34.2%) [97mU1:[93m15.0%[97m([91m2.2c[97m) [97mU2:[93m80.0%[97m([91m14.9c[97m) [97mR:[93m32.8%[97m([91m15.7c[97m) [97mS-L: [92m0:[96m65%[39m [39m
2026-07-25 15:58:16,930 - Agent - INFO - [37mVal Epoch 33 step 33 with [31mce_loss_combined : 1.659157 [31mce_loss_c : 1.810707 [31mce_loss_g : 1.380223 [31mkl_synergy_rand_1 : 0.000849 [31mkl_synergy_rand_2 : 0.000344 [31mkl_synergy_1 : 0.000919 [31mkl_synergy_2 : 0.000322 [31mtotal : 1.661592 [31mdiag_kl_1 : 0.892484 [31mdiag_kl_2 : 0.400180 [94mAcc_combined: 51.49 [94mAcc_c: 44.40 [94mAcc_g: 65.67 [92mF1_combined: 52.55 [92mF1_c: 47.35 [92mF1_g: 65.67 [95mCEU_cue_audio: 0.3999 [95mCEU_cue_video: 0.6399 [95mCEU_synergy: 0.2799 [95mCEU_coexistence: 0.5625 [97mS:[93m28.0%[97m([91m5.2c[97m-[94mF1:21.9%) [97mU1:[93m40.0%[97m([91m6.0c[97m) [97mU2:[93m64.0%[97m([91m11.9c[97m) [97mR:[93m56.2%[97m([91m26.9c[97m) [97mS-L: [92m0:[96m35%[39m [39m
2026-07-25 15:58:20,090 - Agent - INFO - [37mVal Epoch 34 step 34 with [31mce_loss_combined : 1.671056 [31mce_loss_c : 1.781870 [31mce_loss_g : 1.267203 [31mkl_synergy_rand_1 : 0.000790 [31mkl_synergy_rand_2 : 0.000338 [31mkl_synergy_1 : 0.000806 [31mkl_synergy_2 : 0.000358 [31mtotal : 1.673348 [31mdiag_kl_1 : 0.775549 [31mdiag_kl_2 : 0.569625 [94mAcc_combined: 52.61 [94mAcc_c: 47.76 [94mAcc_g: 63.06 [92mF1_combined: 52.79 [92mF1_c: 49.64 [92mF1_g: 63.20 [95mCEU_cue_audio: 0.3499 [95mCEU_cue_video: 0.7201 [95mCEU_synergy: 0.3199 [95mCEU_coexistence: 0.5781 [97mS:[93m32.0%[97m([91m6.0c[97m-[94mF1:24.2%) [97mU1:[93m35.0%[97m([91m5.2c[97m) [97mU2:[93m72.0%[97m([91m13.4c[97m) [97mR:[93m57.8%[97m([91m27.6c[97m) [97mS-L: [92m0:[96m40%[39m [39m
2026-07-25 15:58:23,324 - Agent - INFO - [37mVal Epoch 35 step 35 with [31mce_loss_combined : 1.727849 [31mce_loss_c : 1.896366 [31mce_loss_g : 1.368696 [31mkl_synergy_rand_1 : 0.000607 [31mkl_synergy_rand_2 : 0.000401 [31mkl_synergy_1 : 0.000578 [31mkl_synergy_2 : 0.000403 [31mtotal : 1.729838 [31mdiag_kl_1 : 0.961056 [31mdiag_kl_2 : 0.792136 [94mAcc_combined: 53.73 [94mAcc_c: 48.13 [94mAcc_g: 65.67 [92mF1_combined: 54.07 [92mF1_c: 49.45 [92mF1_g: 65.67 [95mCEU_cue_audio: 0.2003 [95mCEU_cue_video: 0.7599 [95mCEU_synergy: 0.4802 [95mCEU_coexistence: 0.5625 [97mS:[93m48.0%[97m([91m9.0c[97m-[94mF1:32.4%) [97mU1:[93m20.0%[97m([91m3.0c[97m) [97mU2:[93m76.0%[97m([91m14.2c[97m) [97mR:[93m56.2%[97m([91m26.9c[97m) [97mS-L: [92m0:[96m60%[39m [39m
2026-07-25 15:58:26,563 - Agent - INFO - [37mVal Epoch 36 step 36 with [31mce_loss_combined : 1.594958 [31mce_loss_c : 2.317262 [31mce_loss_g : 1.362027 [31mkl_synergy_rand_1 : 0.000394 [31mkl_synergy_rand_2 : 0.000363 [31mkl_synergy_1 : 0.000396 [31mkl_synergy_2 : 0.000338 [31mtotal : 1.596449 [31mdiag_kl_1 : 0.758416 [31mdiag_kl_2 : 0.476072 [94mAcc_combined: 48.88 [94mAcc_c: 42.16 [94mAcc_g: 64.18 [92mF1_combined: 49.45 [92mF1_c: 44.04 [92mF1_g: 64.18 [95mCEU_cue_audio: 0.2500 [95mCEU_cue_video: 0.7599 [95mCEU_synergy: 0.4000 [95mCEU_coexistence: 0.4843 [97mS:[93m40.0%[97m([91m7.5c[97m-[94mF1:28.6%) [97mU1:[93m25.0%[97m([91m3.7c[97m) [97mU2:[93m76.0%[97m([91m14.2c[97m) [97mR:[93m48.4%[97m([91m23.1c[97m) [97mS-L: [92m0:[96m50%[39m [39m
2026-07-25 15:58:29,783 - Evaluator - INFO - New best with accuracy-
2026-07-25 15:58:29,784 - Agent - INFO - [37mVal Epoch 37 step 37 with [31mce_loss_combined : 1.617819 [31mce_loss_c : 1.831187 [31mce_loss_g : 1.485712 [31mkl_synergy_rand_1 : 0.000965 [31mkl_synergy_rand_2 : 0.000213 [31mkl_synergy_1 : 0.000941 [31mkl_synergy_2 : 0.000208 [31mtotal : 1.620147 [31mdiag_kl_1 : 0.807847 [31mdiag_kl_2 : 0.621515 [94mAcc_combined: 64.18 [94mAcc_c: 48.13 [94mAcc_g: 67.16 [92mF1_combined: 64.96 [92mF1_c: 49.45 [92mF1_g: 67.16 [95mCEU_cue_audio: 0.5499 [95mCEU_cue_video: 0.7201 [95mCEU_synergy: 0.4000 [95mCEU_coexistence: 0.7657 [97mS:[93m40.0%[97m([91m7.5c[97m-[94mF1:36.3%) [97mU1:[93m55.0%[97m([91m8.2c[97m) [97mU2:[93m72.0%[97m([91m13.4c[97m) [97mR:[93m76.6%[97m([91m36.6c[97m) [97mS-L: [92m0:[96m40% [92m1:[96m40%[39m [39m
2026-07-25 15:58:29,803 - Agent - INFO - [37mTest Epoch 37 step 37 with [31mce_loss_combined : 1.533742 [31mce_loss_c : 1.264889 [31mce_loss_g : 1.712036 [31mkl_synergy_rand_1 : 0.000841 [31mkl_synergy_rand_2 : 0.000124 [31mkl_synergy_1 : 0.000853 [31mkl_synergy_2 : 0.000129 [31mtotal : 1.535689 [31mdiag_kl_1 : 1.260096 [31mdiag_kl_2 : 0.527768 [94mAcc_combined: 61.94 [94mAcc_c: 57.46 [94mAcc_g: 64.18 [92mF1_combined: 62.50 [92mF1_c: 58.70 [92mF1_g: 64.18 [95mCEU_cue_audio: 0.4165 [95mCEU_cue_video: 0.6333 [95mCEU_synergy: 0.6062 [95mCEU_coexistence: 0.7234 [97mS:[93m60.6%[97m([91m14.9c[97m-[94mF1:37.7%) [97mU1:[93m41.7%[97m([91m7.5c[97m) [97mU2:[93m63.3%[97m([91m14.2c[97m) [97mR:[93m72.3%[97m([91m25.4c[97m) [97mS-L: [92m0:[96m65%[39m [39m
2026-07-25 15:58:30,743 - Agent - INFO - [37mModel saved successfully at: ./artifacts/models/multibench/mustard/vt/SynIB_RMask_REFABL_mustard_fold2_l0.001_perturbrandom_fillema_pmin0.1_refunimodal_anchor_lr0.0005_wd0.001.pth.tar[39m
2026-07-25 15:58:34,063 - Agent - INFO - [37mVal Epoch 38 step 38 with [31mce_loss_combined : 1.890958 [31mce_loss_c : 1.831697 [31mce_loss_g : 1.821225 [31mkl_synergy_rand_1 : 0.000853 [31mkl_synergy_rand_2 : 0.000364 [31mkl_synergy_1 : 0.000874 [31mkl_synergy_2 : 0.000391 [31mtotal : 1.893440 [31mdiag_kl_1 : 1.086537 [31mdiag_kl_2 : 0.635899 [94mAcc_combined: 56.34 [94mAcc_c: 48.88 [94mAcc_g: 61.94 [92mF1_combined: 56.51 [92mF1_c: 51.25 [92mF1_g: 61.94 [95mCEU_cue_audio: 0.3499 [95mCEU_cue_video: 0.7599 [95mCEU_synergy: 0.5198 [95mCEU_coexistence: 0.5625 [97mS:[93m52.0%[97m([91m9.7c[97m-[94mF1:40.5%) [97mU1:[93m35.0%[97m([91m5.2c[97m) [97mU2:[93m76.0%[97m([91m14.2c[97m) [97mR:[93m56.2%[97m([91m26.9c[97m) [97mS-L: [92m0:[96m60% [92m1:[96m20%[39m [39m
2026-07-25 15:58:37,311 - Agent - INFO - [37mVal Epoch 39 step 39 with [31mce_loss_combined : 1.593629 [31mce_loss_c : 2.121318 [31mce_loss_g : 1.531923 [31mkl_synergy_rand_1 : 0.000667 [31mkl_synergy_rand_2 : 0.000591 [31mkl_synergy_1 : 0.000668 [31mkl_synergy_2 : 0.000555 [31mtotal : 1.596110 [31mdiag_kl_1 : 0.847170 [31mdiag_kl_2 : 0.674345 [94mAcc_combined: 46.27 [94mAcc_c: 43.28 [94mAcc_g: 64.55 [92mF1_combined: 46.27 [92mF1_c: 44.53 [92mF1_g: 64.42 [95mCEU_cue_audio: 0.1500 [95mCEU_cue_video: 0.8001 [95mCEU_synergy: 0.4400 [95mCEU_coexistence: 0.4375 [97mS:[93m44.0%[97m([91m8.2c[97m-[94mF1:30.6%) [97mU1:[93m15.0%[97m([91m2.2c[97m) [97mU2:[93m80.0%[97m([91m14.9c[97m) [97mR:[93m43.8%[97m([91m20.9c[97m) [97mS-L: [92m0:[96m55%[39m [39m
2026-07-25 15:58:40,562 - Agent - INFO - [37mVal Epoch 40 step 40 with [31mce_loss_combined : 1.972981 [31mce_loss_c : 2.092213 [31mce_loss_g : 1.820607 [31mkl_synergy_rand_1 : 0.000603 [31mkl_synergy_rand_2 : 0.000638 [31mkl_synergy_1 : 0.000611 [31mkl_synergy_2 : 0.000608 [31mtotal : 1.975441 [31mdiag_kl_1 : 1.029546 [31mdiag_kl_2 : 0.950599 [94mAcc_combined: 48.88 [94mAcc_c: 40.67 [94mAcc_g: 60.45 [92mF1_combined: 49.45 [92mF1_c: 43.01 [92mF1_g: 60.45 [95mCEU_cue_audio: 0.2500 [95mCEU_cue_video: 0.6801 [95mCEU_synergy: 0.5198 [95mCEU_coexistence: 0.4688 [97mS:[93m52.0%[97m([91m9.7c[97m-[94mF1:40.5%) [97mU1:[93m25.0%[97m([91m3.7c[97m) [97mU2:[93m68.0%[97m([91m12.7c[97m) [97mR:[93m46.9%[97m([91m22.4c[97m) [97mS-L: [92m0:[96m60% [92m1:[96m20%[39m [39m
2026-07-25 15:58:43,814 - Agent - INFO - [37mVal Epoch 41 step 41 with [31mce_loss_combined : 1.989676 [31mce_loss_c : 1.781421 [31mce_loss_g : 1.620573 [31mkl_synergy_rand_1 : 0.000812 [31mkl_synergy_rand_2 : 0.000534 [31mkl_synergy_1 : 0.000828 [31mkl_synergy_2 : 0.000519 [31mtotal : 1.992370 [31mdiag_kl_1 : 0.922006 [31mdiag_kl_2 : 0.790666 [94mAcc_combined: 55.22 [94mAcc_c: 46.27 [94mAcc_g: 60.45 [92mF1_combined: 56.83 [92mF1_c: 47.83 [92mF1_g: 60.45 [95mCEU_cue_audio: 0.5000 [95mCEU_cue_video: 0.6801 [95mCEU_synergy: 0.3199 [95mCEU_coexistence: 0.6250 [97mS:[93m32.0%[97m([91m6.0c[97m-[94mF1:27.8%) [97mU1:[93m50.0%[97m([91m7.5c[97m) [97mU2:[93m68.0%[97m([91m12.7c[97m) [97mR:[93m62.5%[97m([91m29.9c[97m) [97mS-L: [92m0:[96m35% [92m1:[96m20%[39m [39m
2026-07-25 15:58:47,030 - Agent - INFO - [37mVal Epoch 42 step 42 with [31mce_loss_combined : 1.881091 [31mce_loss_c : 1.932478 [31mce_loss_g : 1.528923 [31mkl_synergy_rand_1 : 0.000598 [31mkl_synergy_rand_2 : 0.000524 [31mkl_synergy_1 : 0.000584 [31mkl_synergy_2 : 0.000500 [31mtotal : 1.883298 [31mdiag_kl_1 : 0.787633 [31mdiag_kl_2 : 0.603772 [94mAcc_combined: 48.13 [94mAcc_c: 47.39 [94mAcc_g: 64.18 [92mF1_combined: 48.33 [92mF1_c: 48.73 [92mF1_g: 64.18 [95mCEU_cue_audio: 0.3001 [95mCEU_cue_video: 0.6801 [95mCEU_synergy: 0.3601 [95mCEU_coexistence: 0.5157 [97mS:[93m36.0%[97m([91m6.7c[97m-[94mF1:30.6%) [97mU1:[93m30.0%[97m([91m4.5c[97m) [97mU2:[93m68.0%[97m([91m12.7c[97m) [97mR:[93m51.6%[97m([91m24.6c[97m) [97mS-L: [92m0:[96m40% [92m1:[96m20%[39m [39m
2026-07-25 15:58:50,287 - Agent - INFO - [37mVal Epoch 43 step 43 with [31mce_loss_combined : 1.948830 [31mce_loss_c : 2.114728 [31mce_loss_g : 1.370147 [31mkl_synergy_rand_1 : 0.000479 [31mkl_synergy_rand_2 : 0.000582 [31mkl_synergy_1 : 0.000515 [31mkl_synergy_2 : 0.000587 [31mtotal : 1.950992 [31mdiag_kl_1 : 0.922940 [31mdiag_kl_2 : 0.993126 [94mAcc_combined: 50.37 [94mAcc_c: 45.90 [94mAcc_g: 67.91 [92mF1_combined: 50.56 [92mF1_c: 46.89 [92mF1_g: 67.91 [95mCEU_cue_audio: 0.2500 [95mCEU_cue_video: 0.7599 [95mCEU_synergy: 0.4400 [95mCEU_coexistence: 0.5000 [97mS:[93m44.0%[97m([91m8.2c[97m-[94mF1:35.7%) [97mU1:[93m25.0%[97m([91m3.7c[97m) [97mU2:[93m76.0%[97m([91m14.2c[97m) [97mR:[93m50.0%[97m([91m23.9c[97m) [97mS-L: [92m0:[96m50% [92m1:[96m20%[39m [39m
2026-07-25 15:58:53,518 - Agent - INFO - [37mVal Epoch 44 step 44 with [31mce_loss_combined : 2.005459 [31mce_loss_c : 2.348851 [31mce_loss_g : 1.351675 [31mkl_synergy_rand_1 : 0.000282 [31mkl_synergy_rand_2 : 0.000689 [31mkl_synergy_1 : 0.000292 [31mkl_synergy_2 : 0.000703 [31mtotal : 2.007425 [31mdiag_kl_1 : 0.941769 [31mdiag_kl_2 : 0.963177 [94mAcc_combined: 45.90 [94mAcc_c: 45.90 [94mAcc_g: 66.42 [92mF1_combined: 46.10 [92mF1_c: 46.89 [92mF1_g: 66.42 [95mCEU_cue_audio: 0.2003 [95mCEU_cue_video: 0.7599 [95mCEU_synergy: 0.4400 [95mCEU_coexistence: 0.4219 [97mS:[93m44.0%[97m([91m8.2c[97m-[94mF1:35.7%) [97mU1:[93m20.0%[97m([91m3.0c[97m) [97mU2:[93m76.0%[97m([91m14.2c[97m) [97mR:[93m42.2%[97m([91m20.1c[97m) [97mS-L: [92m0:[96m50% [92m1:[96m20%[39m [39m
2026-07-25 15:58:56,700 - Agent - INFO - [37mVal Epoch 45 step 45 with [31mce_loss_combined : 1.995380 [31mce_loss_c : 2.061344 [31mce_loss_g : 1.445708 [31mkl_synergy_rand_1 : 0.000652 [31mkl_synergy_rand_2 : 0.000594 [31mkl_synergy_1 : 0.000660 [31mkl_synergy_2 : 0.000640 [31mtotal : 1.997926 [31mdiag_kl_1 : 0.907287 [31mdiag_kl_2 : 1.001408 [94mAcc_combined: 52.24 [94mAcc_c: 49.25 [94mAcc_g: 66.42 [92mF1_combined: 52.24 [92mF1_c: 49.63 [92mF1_g: 66.42 [95mCEU_cue_audio: 0.3999 [95mCEU_cue_video: 0.6801 [95mCEU_synergy: 0.3601 [95mCEU_coexistence: 0.5625 [97mS:[93m36.0%[97m([91m6.7c[97m-[94mF1:30.6%) [97mU1:[93m40.0%[97m([91m6.0c[97m) [97mU2:[93m68.0%[97m([91m12.7c[97m) [97mR:[93m56.2%[97m([91m26.9c[97m) [97mS-L: [92m0:[96m40% [92m1:[96m20%[39m [39m
2026-07-25 15:58:59,905 - Agent - INFO - [37mVal Epoch 46 step 46 with [31mce_loss_combined : 1.883311 [31mce_loss_c : 2.000624 [31mce_loss_g : 1.516876 [31mkl_synergy_rand_1 : 0.000493 [31mkl_synergy_rand_2 : 0.000605 [31mkl_synergy_1 : 0.000533 [31mkl_synergy_2 : 0.000641 [31mtotal : 1.885584 [31mdiag_kl_1 : 0.965685 [31mdiag_kl_2 : 1.014400 [94mAcc_combined: 53.73 [94mAcc_c: 50.37 [94mAcc_g: 66.42 [92mF1_combined: 53.73 [92mF1_c: 51.28 [92mF1_g: 66.42 [95mCEU_cue_audio: 0.3999 [95mCEU_cue_video: 0.7599 [95mCEU_synergy: 0.4400 [95mCEU_coexistence: 0.5312 [97mS:[93m44.0%[97m([91m8.2c[97m-[94mF1:35.7%) [97mU1:[93m40.0%[97m([91m6.0c[97m) [97mU2:[93m76.0%[97m([91m14.2c[97m) [97mR:[93m53.1%[97m([91m25.4c[97m) [97mS-L: [92m0:[96m50% [92m1:[96m20%[39m [39m
2026-07-25 15:59:03,161 - Agent - INFO - [37mVal Epoch 47 step 47 with [31mce_loss_combined : 2.051713 [31mce_loss_c : 2.146539 [31mce_loss_g : 1.416530 [31mkl_synergy_rand_1 : 0.000441 [31mkl_synergy_rand_2 : 0.000618 [31mkl_synergy_1 : 0.000424 [31mkl_synergy_2 : 0.000641 [31mtotal : 2.053837 [31mdiag_kl_1 : 1.079021 [31mdiag_kl_2 : 0.986139 [94mAcc_combined: 52.99 [94mAcc_c: 49.25 [94mAcc_g: 67.91 [92mF1_combined: 52.99 [92mF1_c: 50.36 [92mF1_g: 67.67 [95mCEU_cue_audio: 0.3999 [95mCEU_cue_video: 0.7599 [95mCEU_synergy: 0.4400 [95mCEU_coexistence: 0.5157 [97mS:[93m44.0%[97m([91m8.2c[97m-[94mF1:35.7%) [97mU1:[93m40.0%[97m([91m6.0c[97m) [97mU2:[93m76.0%[97m([91m14.2c[97m) [97mR:[93m51.6%[97m([91m24.6c[97m) [97mS-L: [92m0:[96m50% [92m1:[96m20%[39m [39m
2026-07-25 15:59:06,345 - Agent - INFO - [37mVal Epoch 48 step 48 with [31mce_loss_combined : 1.937322 [31mce_loss_c : 2.160343 [31mce_loss_g : 1.462236 [31mkl_synergy_rand_1 : 0.000435 [31mkl_synergy_rand_2 : 0.000705 [31mkl_synergy_1 : 0.000502 [31mkl_synergy_2 : 0.000658 [31mtotal : 1.939621 [31mdiag_kl_1 : 0.889551 [31mdiag_kl_2 : 0.975886 [94mAcc_combined: 49.25 [94mAcc_c: 44.40 [94mAcc_g: 65.67 [92mF1_combined: 50.00 [92mF1_c: 46.59 [92mF1_g: 65.67 [95mCEU_cue_audio: 0.3001 [95mCEU_cue_video: 0.7201 [95mCEU_synergy: 0.4000 [95mCEU_coexistence: 0.4843 [97mS:[93m40.0%[97m([91m7.5c[97m-[94mF1:33.2%) [97mU1:[93m30.0%[97m([91m4.5c[97m) [97mU2:[93m72.0%[97m([91m13.4c[97m) [97mR:[93m48.4%[97m([91m23.1c[97m) [97mS-L: [92m0:[96m45% [92m1:[96m20%[39m [39m
2026-07-25 15:59:09,592 - Agent - INFO - [37mVal Epoch 49 step 49 with [31mce_loss_combined : 1.896578 [31mce_loss_c : 1.617017 [31mce_loss_g : 1.508143 [31mkl_synergy_rand_1 : 0.000911 [31mkl_synergy_rand_2 : 0.000441 [31mkl_synergy_1 : 0.000936 [31mkl_synergy_2 : 0.000504 [31mtotal : 1.899369 [31mdiag_kl_1 : 1.092207 [31mdiag_kl_2 : 0.743312 [94mAcc_combined: 57.84 [94mAcc_c: 51.49 [94mAcc_g: 64.93 [92mF1_combined: 58.30 [92mF1_c: 53.24 [92mF1_g: 64.93 [95mCEU_cue_audio: 0.5000 [95mCEU_cue_video: 0.7599 [95mCEU_synergy: 0.4802 [95mCEU_coexistence: 0.5781 [97mS:[93m48.0%[97m([91m9.0c[97m-[94mF1:38.1%) [97mU1:[93m50.0%[97m([91m7.5c[97m) [97mU2:[93m76.0%[97m([91m14.2c[97m) [97mR:[93m57.8%[97m([91m27.6c[97m) [97mS-L: [92m0:[96m55% [92m1:[96m20%[39m [39m
2026-07-25 15:59:12,828 - Agent - INFO - [37mVal Epoch 50 step 50 with [31mce_loss_combined : 2.113894 [31mce_loss_c : 2.234124 [31mce_loss_g : 1.362805 [31mkl_synergy_rand_1 : 0.000385 [31mkl_synergy_rand_2 : 0.000777 [31mkl_synergy_1 : 0.000432 [31mkl_synergy_2 : 0.000828 [31mtotal : 2.116316 [31mdiag_kl_1 : 1.045677 [31mdiag_kl_2 : 0.994882 [94mAcc_combined: 48.88 [94mAcc_c: 45.90 [94mAcc_g: 64.93 [92mF1_combined: 49.07 [92mF1_c: 48.03 [92mF1_g: 64.93 [95mCEU_cue_audio: 0.2500 [95mCEU_cue_video: 0.7599 [95mCEU_synergy: 0.4000 [95mCEU_coexistence: 0.5000 [97mS:[93m40.0%[97m([91m7.5c[97m-[94mF1:33.2%) [97mU1:[93m25.0%[97m([91m3.7c[97m) [97mU2:[93m76.0%[97m([91m14.2c[97m) [97mR:[93m50.0%[97m([91m23.9c[97m) [97mS-L: [92m0:[96m45% [92m1:[96m20%[39m [39m
2026-07-25 15:59:17,304 - Agent - INFO - [37mVal Epoch 51 step 51 with [31mce_loss_combined : 2.028239 [31mce_loss_c : 2.089073 [31mce_loss_g : 1.512845 [31mkl_synergy_rand_1 : 0.000499 [31mkl_synergy_rand_2 : 0.000606 [31mkl_synergy_1 : 0.000536 [31mkl_synergy_2 : 0.000626 [31mtotal : 2.030505 [31mdiag_kl_1 : 0.990293 [31mdiag_kl_2 : 0.868963 [94mAcc_combined: 54.10 [94mAcc_c: 47.76 [94mAcc_g: 63.81 [92mF1_combined: 54.28 [92mF1_c: 48.91 [92mF1_g: 63.40 [95mCEU_cue_audio: 0.3499 [95mCEU_cue_video: 0.7201 [95mCEU_synergy: 0.5198 [95mCEU_coexistence: 0.5469 [97mS:[93m52.0%[97m([91m9.7c[97m-[94mF1:40.5%) [97mU1:[93m35.0%[97m([91m5.2c[97m) [97mU2:[93m72.0%[97m([91m13.4c[97m) [97mR:[93m54.7%[97m([91m26.1c[97m) [97mS-L: [92m0:[96m60% [92m1:[96m20%[39m [39m
2026-07-25 15:59:20,583 - Agent - INFO - [37mVal Epoch 52 step 52 with [31mce_loss_combined : 1.912373 [31mce_loss_c : 2.013057 [31mce_loss_g : 1.501633 [31mkl_synergy_rand_1 : 0.000516 [31mkl_synergy_rand_2 : 0.000610 [31mkl_synergy_1 : 0.000606 [31mkl_synergy_2 : 0.000652 [31mtotal : 1.914757 [31mdiag_kl_1 : 0.967887 [31mdiag_kl_2 : 0.807754 [94mAcc_combined: 52.99 [94mAcc_c: 49.63 [94mAcc_g: 65.30 [92mF1_combined: 52.99 [92mF1_c: 50.18 [92mF1_g: 65.17 [95mCEU_cue_audio: 0.3999 [95mCEU_cue_video: 0.7201 [95mCEU_synergy: 0.4802 [95mCEU_coexistence: 0.5157 [97mS:[93m48.0%[97m([91m9.0c[97m-[94mF1:38.1%) [97mU1:[93m40.0%[97m([91m6.0c[97m) [97mU2:[93m72.0%[97m([91m13.4c[97m) [97mR:[93m51.6%[97m([91m24.6c[97m) [97mS-L: [92m0:[96m55% [92m1:[96m20%[39m [39m
2026-07-25 15:59:23,857 - Agent - INFO - [37mVal Epoch 53 step 53 with [31mce_loss_combined : 2.009089 [31mce_loss_c : 2.042991 [31mce_loss_g : 1.573628 [31mkl_synergy_rand_1 : 0.000592 [31mkl_synergy_rand_2 : 0.000621 [31mkl_synergy_1 : 0.000589 [31mkl_synergy_2 : 0.000650 [31mtotal : 2.011542 [31mdiag_kl_1 : 0.821653 [31mdiag_kl_2 : 1.025853 [94mAcc_combined: 50.75 [94mAcc_c: 48.88 [94mAcc_g: 64.93 [92mF1_combined: 51.11 [92mF1_c: 49.45 [92mF1_g: 64.93 [95mCEU_cue_audio: 0.4501 [95mCEU_cue_video: 0.6000 [95mCEU_synergy: 0.4000 [95mCEU_coexistence: 0.5312 [97mS:[93m40.0%[97m([91m7.5c[97m-[94mF1:33.2%) [97mU1:[93m45.0%[97m([91m6.7c[97m) [97mU2:[93m60.0%[97m([91m11.2c[97m) [97mR:[93m53.1%[97m([91m25.4c[97m) [97mS-L: [92m0:[96m45% [92m1:[96m20%[39m [39m
2026-07-25 15:59:27,113 - Agent - INFO - [37mVal Epoch 54 step 54 with [31mce_loss_combined : 2.035674 [31mce_loss_c : 2.086467 [31mce_loss_g : 1.479112 [31mkl_synergy_rand_1 : 0.000476 [31mkl_synergy_rand_2 : 0.000600 [31mkl_synergy_1 : 0.000487 [31mkl_synergy_2 : 0.000640 [31mtotal : 2.037877 [31mdiag_kl_1 : 0.818967 [31mdiag_kl_2 : 0.937591 [94mAcc_combined: 52.24 [94mAcc_c: 49.25 [94mAcc_g: 65.30 [92mF1_combined: 52.24 [92mF1_c: 49.63 [92mF1_g: 65.17 [95mCEU_cue_audio: 0.4501 [95mCEU_cue_video: 0.6399 [95mCEU_synergy: 0.4400 [95mCEU_coexistence: 0.5312 [97mS:[93m44.0%[97m([91m8.2c[97m-[94mF1:35.7%) [97mU1:[93m45.0%[97m([91m6.7c[97m) [97mU2:[93m64.0%[97m([91m11.9c[97m) [97mR:[93m53.1%[97m([91m25.4c[97m) [97mS-L: [92m0:[96m50% [92m1:[96m20%[39m [39m
2026-07-25 15:59:30,383 - Agent - INFO - [37mVal Epoch 55 step 55 with [31mce_loss_combined : 2.066449 [31mce_loss_c : 2.121386 [31mce_loss_g : 1.561476 [31mkl_synergy_rand_1 : 0.000440 [31mkl_synergy_rand_2 : 0.000747 [31mkl_synergy_1 : 0.000434 [31mkl_synergy_2 : 0.000858 [31mtotal : 2.068928 [31mdiag_kl_1 : 1.083564 [31mdiag_kl_2 : 0.875562 [94mAcc_combined: 52.99 [94mAcc_c: 48.51 [94mAcc_g: 66.42 [92mF1_combined: 53.33 [92mF1_c: 48.89 [92mF1_g: 66.42 [95mCEU_cue_audio: 0.3999 [95mCEU_cue_video: 0.7599 [95mCEU_synergy: 0.5198 [95mCEU_coexistence: 0.4843 [97mS:[93m52.0%[97m([91m9.7c[97m-[94mF1:40.5%) [97mU1:[93m40.0%[97m([91m6.0c[97m) [97mU2:[93m76.0%[97m([91m14.2c[97m) [97mR:[93m48.4%[97m([91m23.1c[97m) [97mS-L: [92m0:[96m60% [92m1:[96m20%[39m [39m
2026-07-25 15:59:33,655 - Agent - INFO - [37mVal Epoch 56 step 56 with [31mce_loss_combined : 2.289581 [31mce_loss_c : 2.173501 [31mce_loss_g : 1.629878 [31mkl_synergy_rand_1 : 0.000719 [31mkl_synergy_rand_2 : 0.000671 [31mkl_synergy_1 : 0.000767 [31mkl_synergy_2 : 0.000735 [31mtotal : 2.292474 [31mdiag_kl_1 : 1.148228 [31mdiag_kl_2 : 0.915815 [94mAcc_combined: 51.87 [94mAcc_c: 46.64 [94mAcc_g: 66.42 [92mF1_combined: 52.04 [92mF1_c: 46.84 [92mF1_g: 66.42 [95mCEU_cue_audio: 0.3499 [95mCEU_cue_video: 0.6801 [95mCEU_synergy: 0.5198 [95mCEU_coexistence: 0.5157 [97mS:[93m52.0%[97m([91m9.7c[97m-[94mF1:40.5%) [97mU1:[93m35.0%[97m([91m5.2c[97m) [97mU2:[93m68.0%[97m([91m12.7c[97m) [97mR:[93m51.6%[97m([91m24.6c[97m) [97mS-L: [92m0:[96m60% [92m1:[96m20%[39m [39m
2026-07-25 15:59:36,872 - Agent - INFO - [37mVal Epoch 57 step 57 with [31mce_loss_combined : 2.262727 [31mce_loss_c : 2.270555 [31mce_loss_g : 1.575721 [31mkl_synergy_rand_1 : 0.000939 [31mkl_synergy_rand_2 : 0.000849 [31mkl_synergy_1 : 0.000897 [31mkl_synergy_2 : 0.000835 [31mtotal : 2.266248 [31mdiag_kl_1 : 1.307350 [31mdiag_kl_2 : 1.150095 [94mAcc_combined: 45.52 [94mAcc_c: 42.54 [94mAcc_g: 64.18 [92mF1_combined: 45.52 [92mF1_c: 43.38 [92mF1_g: 64.18 [95mCEU_cue_audio: 0.3001 [95mCEU_cue_video: 0.6801 [95mCEU_synergy: 0.4802 [95mCEU_coexistence: 0.4062 [97mS:[93m48.0%[97m([91m9.0c[97m-[94mF1:38.1%) [97mU1:[93m30.0%[97m([91m4.5c[97m) [97mU2:[93m68.0%[97m([91m12.7c[97m) [97mR:[93m40.6%[97m([91m19.4c[97m) [97mS-L: [92m0:[96m55% [92m1:[96m20%[39m [39m
2026-07-25 15:59:40,134 - Agent - INFO - [37mVal Epoch 58 step 58 with [31mce_loss_combined : 2.283836 [31mce_loss_c : 1.940753 [31mce_loss_g : 1.774595 [31mkl_synergy_rand_1 : 0.001208 [31mkl_synergy_rand_2 : 0.000759 [31mkl_synergy_1 : 0.001290 [31mkl_synergy_2 : 0.000737 [31mtotal : 2.287829 [31mdiag_kl_1 : 1.832934 [31mdiag_kl_2 : 1.016169 [94mAcc_combined: 52.99 [94mAcc_c: 47.76 [94mAcc_g: 64.55 [92mF1_combined: 53.33 [92mF1_c: 48.91 [92mF1_g: 64.42 [95mCEU_cue_audio: 0.2500 [95mCEU_cue_video: 0.8398 [95mCEU_synergy: 0.6399 [95mCEU_coexistence: 0.4688 [97mS:[93m64.0%[97m([91m11.9c[97m-[94mF1:47.6%) [97mU1:[93m25.0%[97m([91m3.7c[97m) [97mU2:[93m84.0%[97m([91m15.7c[97m) [97mR:[93m46.9%[97m([91m22.4c[97m) [97mS-L: [92m0:[96m75% [92m1:[96m20%[39m [39m
2026-07-25 15:59:43,400 - Agent - INFO - [37mVal Epoch 59 step 59 with [31mce_loss_combined : 1.755058 [31mce_loss_c : 1.684489 [31mce_loss_g : 1.524207 [31mkl_synergy_rand_1 : 0.000956 [31mkl_synergy_rand_2 : 0.000586 [31mkl_synergy_1 : 0.000922 [31mkl_synergy_2 : 0.000577 [31mtotal : 1.758099 [31mdiag_kl_1 : 0.976596 [31mdiag_kl_2 : 0.639155 [94mAcc_combined: 55.22 [94mAcc_c: 48.13 [94mAcc_g: 62.31 [92mF1_combined: 56.20 [92mF1_c: 50.18 [92mF1_g: 62.17 [95mCEU_cue_audio: 0.4501 [95mCEU_cue_video: 0.6801 [95mCEU_synergy: 0.3601 [95mCEU_coexistence: 0.6250 [97mS:[93m36.0%[97m([91m6.7c[97m-[94mF1:30.6%) [97mU1:[93m45.0%[97m([91m6.7c[97m) [97mU2:[93m68.0%[97m([91m12.7c[97m) [97mR:[93m62.5%[97m([91m29.9c[97m) [97mS-L: [92m0:[96m40% [92m1:[96m20%[39m [39m
2026-07-25 15:59:46,663 - Agent - INFO - [37mVal Epoch 60 step 60 with [31mce_loss_combined : 2.005782 [31mce_loss_c : 1.809181 [31mce_loss_g : 1.555422 [31mkl_synergy_rand_1 : 0.000940 [31mkl_synergy_rand_2 : 0.000628 [31mkl_synergy_1 : 0.000998 [31mkl_synergy_2 : 0.000605 [31mtotal : 2.008952 [31mdiag_kl_1 : 0.968499 [31mdiag_kl_2 : 0.866275 [94mAcc_combined: 48.13 [94mAcc_c: 47.76 [94mAcc_g: 63.43 [92mF1_combined: 48.33 [92mF1_c: 48.53 [92mF1_g: 63.43 [95mCEU_cue_audio: 0.3999 [95mCEU_cue_video: 0.6399 [95mCEU_synergy: 0.3601 [95mCEU_coexistence: 0.5000 [97mS:[93m36.0%[97m([91m6.7c[97m-[94mF1:30.6%) [97mU1:[93m40.0%[97m([91m6.0c[97m) [97mU2:[93m64.0%[97m([91m11.9c[97m) [97mR:[93m50.0%[97m([91m23.9c[97m) [97mS-L: [92m0:[96m40% [92m1:[96m20%[39m [39m
2026-07-25 15:59:49,933 - Agent - INFO - [37mVal Epoch 61 step 61 with [31mce_loss_combined : 2.229835 [31mce_loss_c : 1.911505 [31mce_loss_g : 1.865957 [31mkl_synergy_rand_1 : 0.000771 [31mkl_synergy_rand_2 : 0.000737 [31mkl_synergy_1 : 0.000777 [31mkl_synergy_2 : 0.000786 [31mtotal : 2.232906 [31mdiag_kl_1 : 1.364789 [31mdiag_kl_2 : 0.925421 [94mAcc_combined: 50.75 [94mAcc_c: 47.76 [94mAcc_g: 63.81 [92mF1_combined: 51.11 [92mF1_c: 47.76 [92mF1_g: 63.67 [95mCEU_cue_audio: 0.3499 [95mCEU_cue_video: 0.7599 [95mCEU_synergy: 0.6000 [95mCEU_coexistence: 0.4375 [97mS:[93m60.0%[97m([91m11.2c[97m-[94mF1:45.2%) [97mU1:[93m35.0%[97m([91m5.2c[97m) [97mU2:[93m76.0%[97m([91m14.2c[97m) [97mR:[93m43.8%[97m([91m20.9c[97m) [97mS-L: [92m0:[96m70% [92m1:[96m20%[39m [39m
2026-07-25 15:59:53,199 - Agent - INFO - [37mVal Epoch 62 step 62 with [31mce_loss_combined : 2.012380 [31mce_loss_c : 2.081398 [31mce_loss_g : 1.621116 [31mkl_synergy_rand_1 : 0.000661 [31mkl_synergy_rand_2 : 0.000624 [31mkl_synergy_1 : 0.000766 [31mkl_synergy_2 : 0.000602 [31mtotal : 2.015032 [31mdiag_kl_1 : 0.882231 [31mdiag_kl_2 : 0.911239 [94mAcc_combined: 50.75 [94mAcc_c: 44.40 [94mAcc_g: 64.93 [92mF1_combined: 51.11 [92mF1_c: 45.02 [92mF1_g: 64.93 [95mCEU_cue_audio: 0.3001 [95mCEU_cue_video: 0.7201 [95mCEU_synergy: 0.4802 [95mCEU_coexistence: 0.4843 [97mS:[93m48.0%[97m([91m9.0c[97m-[94mF1:38.1%) [97mU1:[93m30.0%[97m([91m4.5c[97m) [97mU2:[93m72.0%[97m([91m13.4c[97m) [97mR:[93m48.4%[97m([91m23.1c[97m) [97mS-L: [92m0:[96m55% [92m1:[96m20%[39m [39m
2026-07-25 15:59:56,481 - Agent - INFO - [37mVal Epoch 63 step 63 with [31mce_loss_combined : 2.263431 [31mce_loss_c : 2.036801 [31mce_loss_g : 1.662179 [31mkl_synergy_rand_1 : 0.000504 [31mkl_synergy_rand_2 : 0.000837 [31mkl_synergy_1 : 0.000560 [31mkl_synergy_2 : 0.000878 [31mtotal : 2.266211 [31mdiag_kl_1 : 1.185986 [31mdiag_kl_2 : 1.106393 [94mAcc_combined: 51.87 [94mAcc_c: 47.01 [94mAcc_g: 63.43 [92mF1_combined: 52.04 [92mF1_c: 47.01 [92mF1_g: 63.43 [95mCEU_cue_audio: 0.2500 [95mCEU_cue_video: 0.8001 [95mCEU_synergy: 0.4802 [95mCEU_coexistence: 0.5000 [97mS:[93m48.0%[97m([91m9.0c[97m-[94mF1:38.1%) [97mU1:[93m25.0%[97m([91m3.7c[97m) [97mU2:[93m80.0%[97m([91m14.9c[97m) [97mR:[93m50.0%[97m([91m23.9c[97m) [97mS-L: [92m0:[96m55% [92m1:[96m20%[39m [39m
2026-07-25 15:59:59,773 - Agent - INFO - [37mVal Epoch 64 step 64 with [31mce_loss_combined : 2.395694 [31mce_loss_c : 1.960275 [31mce_loss_g : 1.704602 [31mkl_synergy_rand_1 : 0.000534 [31mkl_synergy_rand_2 : 0.000859 [31mkl_synergy_1 : 0.000555 [31mkl_synergy_2 : 0.000870 [31mtotal : 2.398512 [31mdiag_kl_1 : 1.273688 [31mdiag_kl_2 : 1.270280 [94mAcc_combined: 51.49 [94mAcc_c: 48.51 [94mAcc_g: 64.18 [92mF1_combined: 51.49 [92mF1_c: 48.89 [92mF1_g: 63.91 [95mCEU_cue_audio: 0.2003 [95mCEU_cue_video: 0.7599 [95mCEU_synergy: 0.4802 [95mCEU_coexistence: 0.5312 [97mS:[93m48.0%[97m([91m9.0c[97m-[94mF1:38.1%) [97mU1:[93m20.0%[97m([91m3.0c[97m) [97mU2:[93m76.0%[97m([91m14.2c[97m) [97mR:[93m53.1%[97m([91m25.4c[97m) [97mS-L: [92m0:[96m55% [92m1:[96m20%[39m [39m
2026-07-25 16:00:03,104 - Agent - INFO - [37mVal Epoch 65 step 65 with [31mce_loss_combined : 2.383076 [31mce_loss_c : 2.062910 [31mce_loss_g : 1.730604 [31mkl_synergy_rand_1 : 0.000645 [31mkl_synergy_rand_2 : 0.000681 [31mkl_synergy_1 : 0.000667 [31mkl_synergy_2 : 0.000714 [31mtotal : 2.385782 [31mdiag_kl_1 : 1.355051 [31mdiag_kl_2 : 1.156610 [94mAcc_combined: 46.64 [94mAcc_c: 43.28 [94mAcc_g: 64.55 [92mF1_combined: 46.84 [92mF1_c: 43.70 [92mF1_g: 64.42 [95mCEU_cue_audio: 0.2003 [95mCEU_cue_video: 0.7599 [95mCEU_synergy: 0.4802 [95mCEU_coexistence: 0.4375 [97mS:[93m48.0%[97m([91m9.0c[97m-[94mF1:38.1%) [97mU1:[93m20.0%[97m([91m3.0c[97m) [97mU2:[93m76.0%[97m([91m14.2c[97m) [97mR:[93m43.8%[97m([91m20.9c[97m) [97mS-L: [92m0:[96m55% [92m1:[96m20%[39m [39m
2026-07-25 16:00:06,374 - Agent - INFO - [37mVal Epoch 66 step 66 with [31mce_loss_combined : 2.364540 [31mce_loss_c : 1.970528 [31mce_loss_g : 1.787499 [31mkl_synergy_rand_1 : 0.000700 [31mkl_synergy_rand_2 : 0.000552 [31mkl_synergy_1 : 0.000714 [31mkl_synergy_2 : 0.000602 [31mtotal : 2.367109 [31mdiag_kl_1 : 1.348987 [31mdiag_kl_2 : 1.187829 [94mAcc_combined: 50.37 [94mAcc_c: 45.52 [94mAcc_g: 63.81 [92mF1_combined: 50.56 [92mF1_c: 46.32 [92mF1_g: 63.67 [95mCEU_cue_audio: 0.2003 [95mCEU_cue_video: 0.8001 [95mCEU_synergy: 0.4802 [95mCEU_coexistence: 0.5000 [97mS:[93m48.0%[97m([91m9.0c[97m-[94mF1:38.1%) [97mU1:[93m20.0%[97m([91m3.0c[97m) [97mU2:[93m80.0%[97m([91m14.9c[97m) [97mR:[93m50.0%[97m([91m23.9c[97m) [97mS-L: [92m0:[96m55% [92m1:[96m20%[39m [39m
2026-07-25 16:00:06,816 - Agent - INFO - We are in the final state.
2026-07-25 16:00:06,987 - root - INFO - Loaded best model from best_model_accuracy_state_dict
2026-07-25 16:00:07,871 - Agent - INFO - [37mVal Epoch 66 step 0 with [31mce_loss_combined : 1.617819 [31mce_loss_c : 1.831187 [31mce_loss_g : 1.485712 [31mkl_synergy_rand_1 : 0.000986 [31mkl_synergy_rand_2 : 0.000219 [31mkl_synergy_1 : 0.000939 [31mkl_synergy_2 : 0.000196 [31mtotal : 1.620159 [31mdiag_kl_1 : 0.826209 [31mdiag_kl_2 : 0.608765 [94mAcc_combined: 64.18 [94mAcc_c: 48.13 [94mAcc_g: 67.16 [92mF1_combined: 64.96 [92mF1_c: 49.45 [92mF1_g: 67.16 [95mCEU_cue_audio: 0.5499 [95mCEU_cue_video: 0.7201 [95mCEU_synergy: 0.4000 [95mCEU_coexistence: 0.7657 [97mS:[93m40.0%[97m([91m7.5c[97m-[94mF1:36.3%) [97mU1:[93m55.0%[97m([91m8.2c[97m) [97mU2:[93m72.0%[97m([91m13.4c[97m) [97mR:[93m76.6%[97m([91m36.6c[97m) [97mS-L: [92m0:[96m40% [92m1:[96m40%[39m [39m
2026-07-25 16:00:08,674 - Agent - INFO - [37mTest Epoch 66 step 0 with [31mce_loss_combined : 1.533742 [31mce_loss_c : 1.264889 [31mce_loss_g : 1.712036 [31mkl_synergy_rand_1 : 0.000811 [31mkl_synergy_rand_2 : 0.000122 [31mkl_synergy_1 : 0.000843 [31mkl_synergy_2 : 0.000124 [31mtotal : 1.535643 [31mdiag_kl_1 : 1.250835 [31mdiag_kl_2 : 0.524614 [94mAcc_combined: 61.94 [94mAcc_c: 57.46 [94mAcc_g: 64.18 [92mF1_combined: 62.50 [92mF1_c: 58.70 [92mF1_g: 64.18 [95mCEU_cue_audio: 0.4165 [95mCEU_cue_video: 0.6333 [95mCEU_synergy: 0.6062 [95mCEU_coexistence: 0.7234 [97mS:[93m60.6%[97m([91m14.9c[97m-[94mF1:37.7%) [97mU1:[93m41.7%[97m([91m7.5c[97m) [97mU2:[93m63.3%[97m([91m14.2c[97m) [97mR:[93m72.3%[97m([91m25.4c[97m) [97mS-L: [92m0:[96m65%[39m [39m
2026-07-25 16:00:09,871 - Agent - INFO - [37mModel saved successfully at: ./artifacts/models/multibench/mustard/vt/SynIB_RMask_REFABL_mustard_fold2_l0.001_perturbrandom_fillema_pmin0.1_refunimodal_anchor_lr0.0005_wd0.001.pth.tar[39m
Job finished
