Starting SynIB reference-ablation job
Python 3.10.19
/esat/smcdata/users/kkontras/Image_Dataset/no_backup/git/SynIB  (git cb39a55)
GPU 0: NVIDIA GeForce RTX 2080 Ti (UUID: GPU-1236270c-ad23-648a-e65a-80b2ab2cf0c3)
Executing: PYTHONPATH=src /esat/smcdata/users/kkontras/Image_Dataset/no_backup/envs/synergy_new/bin/python -m synib.entrypoints.train --config run/configs/rebuttal_ref_ablation/mustard_synib.json --default_config run/configs/rebuttal_ref_ablation/mustard_default.json --fold 0 --rmask random --l 0.001 --perturb_pmin 0.1 --perturb_fill ema --lr 0.0005 --wd 0.001 --reference_type unimodal_anchor --ref_diag --start_over --tag REFABL_mustard
Namespace(config='run/configs/rebuttal_ref_ablation/mustard_synib.json', default_config='run/configs/rebuttal_ref_ablation/mustard_default.json', fold='0', alpha=None, tanh_mode_beta=None, regby=None, batch_size=None, l='0.001', multil=None, lib=None, kmepoch=None, num_samples=None, contrcoeff=None, contr_type=None, shuffle_type=None, validate_with=None, num_classes=None, optim_method=None, ending_epoch=None, load_ongoing=None, recon_weight1=None, recon_weight2=None, recon_epochstages=None, recon_ensemblestages=None, lr='0.0005', wd='0.001', cls=None, ironic_rate=None, perturb='random', perturb_fill='ema', perturb_pmax=None, perturb_pmin='0.1', perturb_lsparse=None, rmask='random', pmin=None, pmax=None, lsparse=None, debug_mask_stats=False, pre=False, frozen=False, tdqm_disable=False, start_over=True, no_model_save=False, num_layers=None, grad_accum=None, init_from=None, init_strict=False, perturb_lsparse_sign=None, l_anneal_epochs=None, perturb_steps=None, perturb_lsparse_warmup=None, perturb_lsparse_schedule=None, persist_ell=False, save_masks=False, penalty_swap=False, disable_ce_random=False, disable_kl_learned=False, masking_only=False, modality_dropout=None, modality_dropout_target=None, l_z1_masked=None, l_z2_masked=None, l_pareto=None, reference_type='unimodal_anchor', ref_diag=True, ref_ema_decay=None, tag='REFABL_mustard')
2026-07-25 15:53:34,387 - Config - INFO - run/configs/rebuttal_ref_ablation/mustard_synib.json
2026-07-25 15:53:34,389 - Config - INFO -  THE Configuration of your experiment ..
{'agent': 'Agent',
 'dataset': {'data_roots': './src/synib/mydatasets/Factor_CL_Datasets/prepared/mustard/mustard_data.pkl',
             'data_type': 'sarcasm',
             'dataloader_class': 'FactorCL_MustardFiltered_Dataloader',
             'kfold_data_roots': './src/synib/mydatasets/Factor_CL_Datasets/prepared/mustard/mustard_synergy3.pkl',
             'mustard_video_filter': {'check_aligned_segment': True,
                                      'enabled': True,
                                      'min_aligned_len': 1,
                                      'vision_absmax_threshold': 1000000.0},
             'z_norm': True},
 'early_stopping': {'end_of_epoch_check': True,
                    'log_interval': 10,
                    'max_epoch': 100,
                    'n_steps_stop': 30,
                    'n_steps_stop_after': 0,
                    'save_every_step': 3000,
                    'save_every_valstep': 50,
                    'validate_after': 0,
                    'validate_every': 185},
 'exp_name': 'MUSTARD Experiment',
 'model': {'args': {'bias_infusion': {'method': False},
                    'clip_grad': False,
                    'cls_type': 'mlp',
                    'd_model': 40,
                    'dropout': 0.1,
                    'fc_inner': 64,
                    'multi_loss': {'multi_supervised_w': {'c': 1,
                                                          'combined': 1,
                                                          'g': 1}},
                    'norm_decision': False,
                    'num_classes': 2},
           'ceu': {'test': './artifacts/ceus/mustard/mustard_ceu_test.pkl',
                   'val': './artifacts/ceus/mustard/mustard_ceu_val.pkl'},
           'encoders': [{'args': {'freeze_encoder': False,
                                  'hidden_size': 40,
                                  'modality': 'c',
                                  'n_features': 371,
                                  'num_classes': 2},
                         'model': 'FactorCL_Uni',
                         'pretrainedEncoder': {'dir': 'unimodal_video_fold{}_vldaccuracy_lr0.0005_wd0.00001.pth.tar',
                                               'use': True}},
                        {'args': {'freeze_encoder': False,
                                  'hidden_size': 40,
                                  'modality': 'g',
                                  'n_features': 300,
                                  'num_classes': 2},
                         'model': 'FactorCL_Uni',
                         'pretrainedEncoder': {'dir': 'unimodal_text_fold{}_vldaccuracy_lr0.0005_wd0.0001.pth.tar',
                                               'use': True}},
                        {'args': {'d_model': 40,
                                  'dropout': 0.1,
                                  'fc_inner': 64,
                                  'freeze_encoder': False},
                         'model': 'FusionTrunkLinear',
                         'name': 'enc_2_fusion_trunk',
                         'pretrainedEncoder': {'dir': 'enc_2_fusion_trunk_{}.pth.tar',
                                               'use': False},
                         'save_encoder': False},
                        {'args': {'freeze_encoder': False,
                                  'in_dim': 64,
                                  'num_classes': 2},
                         'model': 'LinearHead',
                         'name': 'enc_3_fusion_head',
                         'pretrainedEncoder': {'dir': 'enc_3_fusion_head_{}.pth.tar',
                                               'use': False},
                         'save_encoder': False}],
           'load_ongoing': False,
           'model_class': 'FusionIBModel_Mask',
           'save_base_dir': './artifacts/models/multibench/mustard/vt',
           'save_dir': 'SynIB_RMask_{}.pth.tar'},
 'optimizer': {'beta1': 0.9,
               'beta2': 0.999,
               'learning_rate': 0.0001,
               'momentum': 0.9,
               'type': 'Adam',
               'weight_decay': 0.0001},
 'scheduler': {'max_lr': 0.03, 'type': 'cosanneal', 'warm_up_steps': 780},
 'task': 'classification',
 'training_params': {'adversarial_training': {'adv_epsilon': 0.01,
                                              'use': False},
                     'async_loading': True,
                     'batch_size': 32,
                     'cuda': True,
                     'data_loader_workers': 8,
                     'gpu_device': [0],
                     'pin_memory': True,
                     'rec_test': True,
                     'res': True,
                     'seed': 109,
                     'tdqm_disable': False,
                     'test_batch_size': 32,
                     'test_on_bottoms': False,
                     'use_test_set': True,
                     'validation': True,
                     'verbose': True,
                     'wandb_disable': True}}
2026-07-25 15:53:34,392 - Config - INFO -  *************************************** 
2026-07-25 15:53:34,392 - Config - INFO - The experiment name is MUSTARD Experiment
2026-07-25 15:53:34,392 - Config - INFO -  *************************************** 
2026-07-25 15:53:34,392 - root - INFO - save_dir: SynIB_RMask_REFABL_mustard_fold0_l0.001_perturbrandom_fillema_pmin0.1_refunimodal_anchor_lr0.0005_wd0.001.pth.tar
2026-07-25 15:53:34,474 - Cuda Statistics - INFO - __Python VERSION:  3.10.19 (main, Oct 21 2025, 16:43:05) [GCC 11.2.0]
2026-07-25 15:53:34,474 - Cuda Statistics - INFO - __pyTorch VERSION:  2.9.1+cu128
2026-07-25 15:53:34,474 - Cuda Statistics - INFO - __CUDA VERSION
2026-07-25 15:53:34,476 - Cuda Statistics - INFO - __CUDNN VERSION:  91002
2026-07-25 15:53:34,490 - Cuda Statistics - INFO - __Number CUDA Devices:  1
2026-07-25 15:53:34,490 - Cuda Statistics - INFO - __Devices
2026-07-25 15:53:34,490 - Cuda Statistics - INFO - index, name, driver_version, memory.total [MiB], memory.used [MiB], memory.free [MiB]
2026-07-25 15:53:34,490 - Cuda Statistics - INFO - 0, NVIDIA GeForce RTX 2080 Ti, 580.159.04, 11264 MiB, 4 MiB, 10818 MiB
2026-07-25 15:53:34,494 - Cuda Statistics - INFO - Active CUDA Device: GPU 0
2026-07-25 15:53:34,494 - Cuda Statistics - INFO - Available devices  1
2026-07-25 15:53:34,494 - Cuda Statistics - INFO - Current cuda device  0
[MustardFilteredDataloader] train: dropped 31/412 samples (vision absmax threshold=1e+06, aligned=True)
[MustardFilteredDataloader] train: first drops -> 3:vision_absmax>1e+06 (2.7e+07), 7:vision_absmax>1e+06 (3.43e+07), 31:vision_absmax>1e+06 (1.29e+07), 45:vision_absmax>1e+06 (9.04e+06), 53:vision_absmax>1e+06 (2.67e+07), 72:vision_absmax>1e+06 (2.67e+07), 85:vision_absmax>1e+06 (3.93e+07), 94:vision_absmax>1e+06 (4.57e+07), 105:vision_absmax>1e+06 (3.62e+07), 122:vision_absmax>1e+06 (3.62e+07), ...
[MustardFilteredDataloader] valid: dropped 3/137 samples (vision absmax threshold=1e+06, aligned=True)
[MustardFilteredDataloader] valid: first drops -> 2:vision_absmax>1e+06 (2.67e+07), 20:vision_absmax>1e+06 (2.67e+07), 105:vision_absmax>1e+06 (4.57e+07)
[MustardFilteredDataloader] test: dropped 4/138 samples (vision absmax threshold=1e+06, aligned=True)
[MustardFilteredDataloader] test: first drops -> 3:vision_absmax>1e+06 (3.43e+07), 8:vision_absmax>1e+06 (2.67e+07), 65:vision_absmax>1e+06 (2.3e+07), 106:vision_absmax>1e+06 (2.67e+07)
2026-07-25 15:53:34,771 - Agent - INFO - Device: cuda:0
2026-07-25 15:53:34,771 - Agent - INFO - Total training batches: 12, validate every 185 batches, steps per epoch: 1
2026-07-25 15:53:34,833 - Agent - INFO - Loss Weights are {'total': 1, 'combined': 1, 'c': 1, 'g': 1}
2026-07-25 15:53:34,833 - root - INFO - There is no CEU for train
2026-07-25 15:53:34,924 - root - INFO - Loading enc best model state dict from ./artifacts/models/multibench/mustard/vt/unimodal_video_fold0_vldaccuracy_lr0.0005_wd0.00001.pth.tar
2026-07-25 15:53:34,985 - root - INFO - Loading enc best model state dict from ./artifacts/models/multibench/mustard/vt/unimodal_text_fold0_vldaccuracy_lr0.0005_wd0.0001.pth.tar
2026-07-25 15:53:35,196 - Agent - INFO - Total number of trainable parameters are: 5271404
2026-07-25 15:53:35,205 - Agent - INFO - Total number of trainable parameters are: 1764436
2026-07-25 15:53:39,132 - Evaluator - INFO - New best with loss-accuracy-syn_accuracy-
2026-07-25 15:53:39,132 - Agent - INFO - [37mVal Epoch 1 step 1 with [31mce_loss_combined : 0.682534 [31mce_loss_c : 0.759268 [31mce_loss_g : 1.007902 [31mkl_synergy_rand_1 : 0.000149 [31mkl_synergy_rand_2 : 0.000243 [31mkl_synergy_1 : 0.000133 [31mkl_synergy_2 : 0.000239 [31mtotal : 0.683298 [31mdiag_kl_1 : 0.151324 [31mdiag_kl_2 : 0.246039 [94mAcc_combined: 62.69 [94mAcc_c: 51.87 [94mAcc_g: 63.06 [92mF1_combined: 62.96 [92mF1_c: 22.75 [92mF1_g: 64.52 [95mCEU_cue_audio: 0.4000 [95mCEU_cue_video: 0.5907 [95mCEU_synergy: 0.3702 [95mCEU_coexistence: 0.7858 [97mS:[93m37.0%[97m([91m7.5c[97m-[94mF1:33.8%) [97mU1:[93m40.0%[97m([91m4.5c[97m) [97mU2:[93m59.1%[97m([91m9.7c[97m) [97mR:[93m78.6%[97m([91m41.0c[97m) [97mS-L: [92m0:[96m38% [92m1:[96m33%[39m [39m
2026-07-25 15:53:39,151 - Agent - INFO - [37mTest Epoch 1 step 1 with [31mce_loss_combined : 0.725085 [31mce_loss_c : 0.671835 [31mce_loss_g : 1.173651 [31mkl_synergy_rand_1 : 0.000129 [31mkl_synergy_rand_2 : 0.000211 [31mkl_synergy_1 : 0.000124 [31mkl_synergy_2 : 0.000220 [31mtotal : 0.725768 [31mdiag_kl_1 : 0.130493 [31mdiag_kl_2 : 0.219155 [94mAcc_combined: 56.72 [94mAcc_c: 55.60 [94mAcc_g: 57.09 [92mF1_combined: 57.66 [92mF1_c: 26.99 [92mF1_g: 61.54 [95mCEU_cue_audio: 0.6431 [95mCEU_cue_video: 0.7826 [95mCEU_synergy: 0.4359 [95mCEU_coexistence: 0.5862 [97mS:[93m43.6%[97m([91m12.7c[97m-[94mF1:36.5%) [97mU1:[93m64.3%[97m([91m6.7c[97m) [97mU2:[93m78.3%[97m([91m13.4c[97m) [97mR:[93m58.6%[97m([91m25.4c[97m) [97mS-L: [92m0:[96m43% [92m1:[96m50%[39m [39m
2026-07-25 15:53:39,314 - Agent - INFO - [37mModel saved successfully at: ./artifacts/models/multibench/mustard/vt/SynIB_RMask_REFABL_mustard_fold0_l0.001_perturbrandom_fillema_pmin0.1_refunimodal_anchor_lr0.0005_wd0.001.pth.tar[39m
2026-07-25 15:53:42,398 - Evaluator - INFO - New best with accuracy-
2026-07-25 15:53:42,399 - Agent - INFO - [37mVal Epoch 2 step 2 with [31mce_loss_combined : 0.869244 [31mce_loss_c : 0.767942 [31mce_loss_g : 1.004419 [31mkl_synergy_rand_1 : 0.000472 [31mkl_synergy_rand_2 : 0.000235 [31mkl_synergy_1 : 0.000416 [31mkl_synergy_2 : 0.000233 [31mtotal : 0.870599 [31mdiag_kl_1 : 0.492694 [31mdiag_kl_2 : 0.257860 [94mAcc_combined: 63.43 [94mAcc_c: 50.37 [94mAcc_g: 63.81 [92mF1_combined: 63.43 [92mF1_c: 9.52 [92mF1_g: 64.47 [95mCEU_cue_audio: 0.4000 [95mCEU_cue_video: 0.6364 [95mCEU_synergy: 0.2963 [95mCEU_coexistence: 0.8143 [97mS:[93m29.6%[97m([91m6.0c[97m-[94mF1:28.1%) [97mU1:[93m40.0%[97m([91m4.5c[97m) [97mU2:[93m63.6%[97m([91m10.4c[97m) [97mR:[93m81.4%[97m([91m42.5c[97m) [97mS-L: [92m0:[96m29% [92m1:[96m33%[39m [39m
2026-07-25 15:53:42,421 - Agent - INFO - [37mTest Epoch 2 step 2 with [31mce_loss_combined : 1.042075 [31mce_loss_c : 0.674230 [31mce_loss_g : 1.254951 [31mkl_synergy_rand_1 : 0.000448 [31mkl_synergy_rand_2 : 0.000176 [31mkl_synergy_1 : 0.000421 [31mkl_synergy_2 : 0.000162 [31mtotal : 1.043282 [31mdiag_kl_1 : 0.459609 [31mdiag_kl_2 : 0.171786 [94mAcc_combined: 60.07 [94mAcc_c: 54.48 [94mAcc_g: 58.96 [92mF1_combined: 60.52 [92mF1_c: 18.67 [92mF1_g: 60.14 [95mCEU_cue_audio: 0.5713 [95mCEU_cue_video: 0.8259 [95mCEU_synergy: 0.4103 [95mCEU_coexistence: 0.6207 [97mS:[93m41.0%[97m([91m11.9c[97m-[94mF1:34.9%) [97mU1:[93m57.1%[97m([91m6.0c[97m) [97mU2:[93m82.6%[97m([91m14.2c[97m) [97mR:[93m62.1%[97m([91m26.9c[97m) [97mS-L: [92m0:[96m40% [92m1:[96m50%[39m [39m
2026-07-25 15:53:42,727 - Agent - INFO - [37mModel saved successfully at: ./artifacts/models/multibench/mustard/vt/SynIB_RMask_REFABL_mustard_fold0_l0.001_perturbrandom_fillema_pmin0.1_refunimodal_anchor_lr0.0005_wd0.001.pth.tar[39m
2026-07-25 15:53:46,080 - Evaluator - INFO - New best with accuracy-syn_accuracy-
2026-07-25 15:53:46,081 - Agent - INFO - [37mVal Epoch 3 step 3 with [31mce_loss_combined : 1.034872 [31mce_loss_c : 0.781781 [31mce_loss_g : 1.148965 [31mkl_synergy_rand_1 : 0.000584 [31mkl_synergy_rand_2 : 0.000098 [31mkl_synergy_1 : 0.000544 [31mkl_synergy_2 : 0.000107 [31mtotal : 1.036205 [31mdiag_kl_1 : 0.602121 [31mdiag_kl_2 : 0.168735 [94mAcc_combined: 63.81 [94mAcc_c: 51.49 [94mAcc_g: 63.06 [92mF1_combined: 63.94 [92mF1_c: 21.69 [92mF1_g: 64.77 [95mCEU_cue_audio: 0.5335 [95mCEU_cue_video: 0.5907 [95mCEU_synergy: 0.4074 [95mCEU_coexistence: 0.7714 [97mS:[93m40.7%[97m([91m8.2c[97m-[94mF1:36.5%) [97mU1:[93m53.3%[97m([91m6.0c[97m) [97mU2:[93m59.1%[97m([91m9.7c[97m) [97mR:[93m77.1%[97m([91m40.3c[97m) [97mS-L: [92m0:[96m43% [92m1:[96m33%[39m [39m
2026-07-25 15:53:46,103 - Agent - INFO - [37mTest Epoch 3 step 3 with [31mce_loss_combined : 1.213028 [31mce_loss_c : 0.756841 [31mce_loss_g : 1.356254 [31mkl_synergy_rand_1 : 0.000588 [31mkl_synergy_rand_2 : 0.000127 [31mkl_synergy_1 : 0.000551 [31mkl_synergy_2 : 0.000132 [31mtotal : 1.214425 [31mdiag_kl_1 : 0.613376 [31mdiag_kl_2 : 0.163648 [94mAcc_combined: 58.58 [94mAcc_c: 53.36 [94mAcc_g: 58.21 [92mF1_combined: 58.74 [92mF1_c: 22.36 [92mF1_g: 59.42 [95mCEU_cue_audio: 0.5000 [95mCEU_cue_video: 0.7391 [95mCEU_synergy: 0.4359 [95mCEU_coexistence: 0.6379 [97mS:[93m43.6%[97m([91m12.7c[97m-[94mF1:33.8%) [97mU1:[93m50.0%[97m([91m5.2c[97m) [97mU2:[93m73.9%[97m([91m12.7c[97m) [97mR:[93m63.8%[97m([91m27.6c[97m) [97mS-L: [92m0:[96m46% [92m1:[96m25%[39m [39m
2026-07-25 15:53:46,437 - Agent - INFO - [37mModel saved successfully at: ./artifacts/models/multibench/mustard/vt/SynIB_RMask_REFABL_mustard_fold0_l0.001_perturbrandom_fillema_pmin0.1_refunimodal_anchor_lr0.0005_wd0.001.pth.tar[39m
2026-07-25 15:53:49,904 - Agent - INFO - [37mVal Epoch 4 step 4 with [31mce_loss_combined : 1.059452 [31mce_loss_c : 0.906374 [31mce_loss_g : 1.111421 [31mkl_synergy_rand_1 : 0.000568 [31mkl_synergy_rand_2 : 0.000115 [31mkl_synergy_1 : 0.000598 [31mkl_synergy_2 : 0.000123 [31mtotal : 1.060855 [31mdiag_kl_1 : 0.593015 [31mdiag_kl_2 : 0.175013 [94mAcc_combined: 63.81 [94mAcc_c: 47.76 [94mAcc_g: 64.18 [92mF1_combined: 64.98 [92mF1_c: 26.32 [92mF1_g: 68.00 [95mCEU_cue_audio: 0.6667 [95mCEU_cue_video: 0.6364 [95mCEU_synergy: 0.4074 [95mCEU_coexistence: 0.7286 [97mS:[93m40.7%[97m([91m8.2c[97m-[94mF1:36.5%) [97mU1:[93m66.7%[97m([91m7.5c[97m) [97mU2:[93m63.6%[97m([91m10.4c[97m) [97mR:[93m72.9%[97m([91m38.1c[97m) [97mS-L: [92m0:[96m43% [92m1:[96m33%[39m [39m
2026-07-25 15:53:52,999 - Evaluator - INFO - New best with accuracy-
2026-07-25 15:53:52,999 - Agent - INFO - [37mVal Epoch 5 step 5 with [31mce_loss_combined : 1.169294 [31mce_loss_c : 0.685643 [31mce_loss_g : 1.246133 [31mkl_synergy_rand_1 : 0.000740 [31mkl_synergy_rand_2 : 0.000134 [31mkl_synergy_1 : 0.000753 [31mkl_synergy_2 : 0.000144 [31mtotal : 1.171064 [31mdiag_kl_1 : 0.783858 [31mdiag_kl_2 : 0.154854 [94mAcc_combined: 64.18 [94mAcc_c: 50.75 [94mAcc_g: 63.43 [92mF1_combined: 64.44 [92mF1_c: 9.59 [92mF1_g: 65.49 [95mCEU_cue_audio: 0.5335 [95mCEU_cue_video: 0.6364 [95mCEU_synergy: 0.4074 [95mCEU_coexistence: 0.7571 [97mS:[93m40.7%[97m([91m8.2c[97m-[94mF1:36.5%) [97mU1:[93m53.3%[97m([91m6.0c[97m) [97mU2:[93m63.6%[97m([91m10.4c[97m) [97mR:[93m75.7%[97m([91m39.6c[97m) [97mS-L: [92m0:[96m43% [92m1:[96m33%[39m [39m
2026-07-25 15:53:53,022 - Agent - INFO - [37mTest Epoch 5 step 5 with [31mce_loss_combined : 1.165633 [31mce_loss_c : 0.695009 [31mce_loss_g : 1.253486 [31mkl_synergy_rand_1 : 0.000632 [31mkl_synergy_rand_2 : 0.000184 [31mkl_synergy_1 : 0.000640 [31mkl_synergy_2 : 0.000192 [31mtotal : 1.167281 [31mdiag_kl_1 : 0.677894 [31mdiag_kl_2 : 0.186875 [94mAcc_combined: 61.57 [94mAcc_c: 54.10 [94mAcc_g: 59.70 [92mF1_combined: 63.86 [92mF1_c: 16.33 [92mF1_g: 64.00 [95mCEU_cue_audio: 0.5713 [95mCEU_cue_video: 0.8259 [95mCEU_synergy: 0.4615 [95mCEU_coexistence: 0.6897 [97mS:[93m46.2%[97m([91m13.4c[97m-[94mF1:35.3%) [97mU1:[93m57.1%[97m([91m6.0c[97m) [97mU2:[93m82.6%[97m([91m14.2c[97m) [97mR:[93m69.0%[97m([91m29.9c[97m) [97mS-L: [92m0:[96m49% [92m1:[96m25%[39m [39m
2026-07-25 15:53:53,401 - Agent - INFO - [37mModel saved successfully at: ./artifacts/models/multibench/mustard/vt/SynIB_RMask_REFABL_mustard_fold0_l0.001_perturbrandom_fillema_pmin0.1_refunimodal_anchor_lr0.0005_wd0.001.pth.tar[39m
2026-07-25 15:53:56,745 - Evaluator - INFO - New best with accuracy-
2026-07-25 15:53:56,745 - Agent - INFO - [37mVal Epoch 6 step 6 with [31mce_loss_combined : 1.225650 [31mce_loss_c : 0.791619 [31mce_loss_g : 1.262360 [31mkl_synergy_rand_1 : 0.000824 [31mkl_synergy_rand_2 : 0.000169 [31mkl_synergy_1 : 0.000834 [31mkl_synergy_2 : 0.000167 [31mtotal : 1.227645 [31mdiag_kl_1 : 0.898188 [31mdiag_kl_2 : 0.275754 [94mAcc_combined: 64.55 [94mAcc_c: 49.25 [94mAcc_g: 65.30 [92mF1_combined: 65.20 [92mF1_c: 25.27 [92mF1_g: 67.14 [95mCEU_cue_audio: 0.5335 [95mCEU_cue_video: 0.5457 [95mCEU_synergy: 0.3702 [95mCEU_coexistence: 0.8143 [97mS:[93m37.0%[97m([91m7.5c[97m-[94mF1:35.6%) [97mU1:[93m53.3%[97m([91m6.0c[97m) [97mU2:[93m54.5%[97m([91m9.0c[97m) [97mR:[93m81.4%[97m([91m42.5c[97m) [97mS-L: [92m0:[96m33% [92m1:[96m50%[39m [39m
2026-07-25 15:53:56,768 - Agent - INFO - [37mTest Epoch 6 step 6 with [31mce_loss_combined : 1.351697 [31mce_loss_c : 0.698724 [31mce_loss_g : 1.417644 [31mkl_synergy_rand_1 : 0.000734 [31mkl_synergy_rand_2 : 0.000232 [31mkl_synergy_1 : 0.000749 [31mkl_synergy_2 : 0.000230 [31mtotal : 1.353642 [31mdiag_kl_1 : 0.802653 [31mdiag_kl_2 : 0.288454 [94mAcc_combined: 58.58 [94mAcc_c: 52.61 [94mAcc_g: 59.33 [92mF1_combined: 59.04 [92mF1_c: 31.35 [92mF1_g: 62.54 [95mCEU_cue_audio: 0.5713 [95mCEU_cue_video: 0.7391 [95mCEU_synergy: 0.3845 [95mCEU_coexistence: 0.6551 [97mS:[93m38.5%[97m([91m11.2c[97m-[94mF1:30.8%) [97mU1:[93m57.1%[97m([91m6.0c[97m) [97mU2:[93m73.9%[97m([91m12.7c[97m) [97mR:[93m65.5%[97m([91m28.4c[97m) [97mS-L: [92m0:[96m40% [92m1:[96m25%[39m [39m
2026-07-25 15:53:57,205 - Agent - INFO - [37mModel saved successfully at: ./artifacts/models/multibench/mustard/vt/SynIB_RMask_REFABL_mustard_fold0_l0.001_perturbrandom_fillema_pmin0.1_refunimodal_anchor_lr0.0005_wd0.001.pth.tar[39m
2026-07-25 15:54:00,683 - Agent - INFO - [37mVal Epoch 7 step 7 with [31mce_loss_combined : 1.331195 [31mce_loss_c : 0.790325 [31mce_loss_g : 1.365712 [31mkl_synergy_rand_1 : 0.000864 [31mkl_synergy_rand_2 : 0.000127 [31mkl_synergy_1 : 0.000891 [31mkl_synergy_2 : 0.000127 [31mtotal : 1.333204 [31mdiag_kl_1 : 0.933939 [31mdiag_kl_2 : 0.265653 [94mAcc_combined: 63.06 [94mAcc_c: 48.88 [94mAcc_g: 62.69 [92mF1_combined: 63.20 [92mF1_c: 19.88 [92mF1_g: 63.50 [95mCEU_cue_audio: 0.4665 [95mCEU_cue_video: 0.5907 [95mCEU_synergy: 0.3702 [95mCEU_coexistence: 0.7714 [97mS:[93m37.0%[97m([91m7.5c[97m-[94mF1:31.0%) [97mU1:[93m46.7%[97m([91m5.2c[97m) [97mU2:[93m59.1%[97m([91m9.7c[97m) [97mR:[93m77.1%[97m([91m40.3c[97m) [97mS-L: [92m0:[96m43% [92m1:[96m17%[39m [39m
2026-07-25 15:54:04,155 - Agent - INFO - [37mVal Epoch 8 step 8 with [31mce_loss_combined : 1.161015 [31mce_loss_c : 0.731752 [31mce_loss_g : 1.178113 [31mkl_synergy_rand_1 : 0.000940 [31mkl_synergy_rand_2 : 0.000328 [31mkl_synergy_1 : 0.000924 [31mkl_synergy_2 : 0.000349 [31mtotal : 1.163556 [31mdiag_kl_1 : 1.084171 [31mdiag_kl_2 : 0.395625 [94mAcc_combined: 64.18 [94mAcc_c: 51.12 [94mAcc_g: 65.67 [92mF1_combined: 64.18 [92mF1_c: 12.08 [92mF1_g: 66.18 [95mCEU_cue_audio: 0.4000 [95mCEU_cue_video: 0.5907 [95mCEU_synergy: 0.3335 [95mCEU_coexistence: 0.8285 [97mS:[93m33.3%[97m([91m6.7c[97m-[94mF1:28.5%) [97mU1:[93m40.0%[97m([91m4.5c[97m) [97mU2:[93m59.1%[97m([91m9.7c[97m) [97mR:[93m82.9%[97m([91m43.3c[97m) [97mS-L: [92m0:[96m38% [92m1:[96m17%[39m [39m
2026-07-25 15:54:07,649 - Agent - INFO - [37mVal Epoch 9 step 9 with [31mce_loss_combined : 1.202630 [31mce_loss_c : 0.771763 [31mce_loss_g : 1.192045 [31mkl_synergy_rand_1 : 0.000925 [31mkl_synergy_rand_2 : 0.000485 [31mkl_synergy_1 : 0.000917 [31mkl_synergy_2 : 0.000460 [31mtotal : 1.205418 [31mdiag_kl_1 : 1.103988 [31mdiag_kl_2 : 0.521433 [94mAcc_combined: 63.81 [94mAcc_c: 49.63 [94mAcc_g: 64.18 [92mF1_combined: 63.94 [92mF1_c: 12.90 [92mF1_g: 65.47 [95mCEU_cue_audio: 0.4665 [95mCEU_cue_video: 0.5907 [95mCEU_synergy: 0.3702 [95mCEU_coexistence: 0.8000 [97mS:[93m37.0%[97m([91m7.5c[97m-[94mF1:35.6%) [97mU1:[93m46.7%[97m([91m5.2c[97m) [97mU2:[93m59.1%[97m([91m9.7c[97m) [97mR:[93m80.0%[97m([91m41.8c[97m) [97mS-L: [92m0:[96m33% [92m1:[96m50%[39m [39m
2026-07-25 15:54:11,126 - Agent - INFO - [37mVal Epoch 10 step 10 with [31mce_loss_combined : 1.259371 [31mce_loss_c : 0.758383 [31mce_loss_g : 1.341517 [31mkl_synergy_rand_1 : 0.000697 [31mkl_synergy_rand_2 : 0.000106 [31mkl_synergy_1 : 0.000724 [31mkl_synergy_2 : 0.000114 [31mtotal : 1.261010 [31mdiag_kl_1 : 0.764425 [31mdiag_kl_2 : 0.230473 [94mAcc_combined: 59.70 [94mAcc_c: 58.21 [94mAcc_g: 60.45 [92mF1_combined: 60.29 [92mF1_c: 50.44 [92mF1_g: 62.68 [95mCEU_cue_audio: 0.5335 [95mCEU_cue_video: 0.5907 [95mCEU_synergy: 0.3702 [95mCEU_coexistence: 0.6857 [97mS:[93m37.0%[97m([91m7.5c[97m-[94mF1:31.0%) [97mU1:[93m53.3%[97m([91m6.0c[97m) [97mU2:[93m59.1%[97m([91m9.7c[97m) [97mR:[93m68.6%[97m([91m35.8c[97m) [97mS-L: [92m0:[96m43% [92m1:[96m17%[39m [39m
2026-07-25 15:54:14,624 - Agent - INFO - [37mVal Epoch 11 step 11 with [31mce_loss_combined : 1.293242 [31mce_loss_c : 0.879997 [31mce_loss_g : 1.378026 [31mkl_synergy_rand_1 : 0.000825 [31mkl_synergy_rand_2 : 0.000162 [31mkl_synergy_1 : 0.000839 [31mkl_synergy_2 : 0.000163 [31mtotal : 1.295232 [31mdiag_kl_1 : 0.980566 [31mdiag_kl_2 : 0.266916 [94mAcc_combined: 61.94 [94mAcc_c: 52.99 [94mAcc_g: 63.06 [92mF1_combined: 62.22 [92mF1_c: 47.50 [92mF1_g: 64.52 [95mCEU_cue_audio: 0.5335 [95mCEU_cue_video: 0.5000 [95mCEU_synergy: 0.2963 [95mCEU_coexistence: 0.8000 [97mS:[93m29.6%[97m([91m6.0c[97m-[94mF1:26.0%) [97mU1:[93m53.3%[97m([91m6.0c[97m) [97mU2:[93m50.0%[97m([91m8.2c[97m) [97mR:[93m80.0%[97m([91m41.8c[97m) [97mS-L: [92m0:[96m33% [92m1:[96m17%[39m [39m
2026-07-25 15:54:18,206 - Agent - INFO - [37mVal Epoch 12 step 12 with [31mce_loss_combined : 1.479823 [31mce_loss_c : 0.918853 [31mce_loss_g : 1.573028 [31mkl_synergy_rand_1 : 0.000930 [31mkl_synergy_rand_2 : 0.000229 [31mkl_synergy_1 : 0.000977 [31mkl_synergy_2 : 0.000236 [31mtotal : 1.482197 [31mdiag_kl_1 : 0.980154 [31mdiag_kl_2 : 0.385233 [94mAcc_combined: 58.96 [94mAcc_c: 48.88 [94mAcc_g: 58.96 [92mF1_combined: 59.56 [92mF1_c: 18.93 [92mF1_g: 59.85 [95mCEU_cue_audio: 0.4000 [95mCEU_cue_video: 0.5907 [95mCEU_synergy: 0.3335 [95mCEU_coexistence: 0.7142 [97mS:[93m33.3%[97m([91m6.7c[97m-[94mF1:28.5%) [97mU1:[93m40.0%[97m([91m4.5c[97m) [97mU2:[93m59.1%[97m([91m9.7c[97m) [97mR:[93m71.4%[97m([91m37.3c[97m) [97mS-L: [92m0:[96m38% [92m1:[96m17%[39m [39m
2026-07-25 15:54:21,660 - Evaluator - INFO - New best with accuracy-
2026-07-25 15:54:21,660 - Agent - INFO - [37mVal Epoch 13 step 13 with [31mce_loss_combined : 1.317842 [31mce_loss_c : 0.880931 [31mce_loss_g : 1.394442 [31mkl_synergy_rand_1 : 0.000968 [31mkl_synergy_rand_2 : 0.000263 [31mkl_synergy_1 : 0.000933 [31mkl_synergy_2 : 0.000250 [31mtotal : 1.320256 [31mdiag_kl_1 : 1.159007 [31mdiag_kl_2 : 0.339485 [94mAcc_combined: 66.42 [94mAcc_c: 50.75 [94mAcc_g: 64.55 [92mF1_combined: 66.42 [92mF1_c: 45.00 [92mF1_g: 65.20 [95mCEU_cue_audio: 0.4665 [95mCEU_cue_video: 0.5907 [95mCEU_synergy: 0.3335 [95mCEU_coexistence: 0.8572 [97mS:[93m33.3%[97m([91m6.7c[97m-[94mF1:31.0%) [97mU1:[93m46.7%[97m([91m5.2c[97m) [97mU2:[93m59.1%[97m([91m9.7c[97m) [97mR:[93m85.7%[97m([91m44.8c[97m) [97mS-L: [92m0:[96m33% [92m1:[96m33%[39m [39m
2026-07-25 15:54:21,715 - Agent - INFO - [37mTest Epoch 13 step 13 with [31mce_loss_combined : 1.599792 [31mce_loss_c : 0.881203 [31mce_loss_g : 1.637355 [31mkl_synergy_rand_1 : 0.000908 [31mkl_synergy_rand_2 : 0.000623 [31mkl_synergy_1 : 0.000923 [31mkl_synergy_2 : 0.000637 [31mtotal : 1.602883 [31mdiag_kl_1 : 1.098811 [31mdiag_kl_2 : 0.629641 [94mAcc_combined: 56.72 [94mAcc_c: 45.52 [94mAcc_g: 56.34 [92mF1_combined: 57.04 [92mF1_c: 38.66 [92mF1_g: 57.45 [95mCEU_cue_audio: 0.4287 [95mCEU_cue_video: 0.8259 [95mCEU_synergy: 0.1539 [95mCEU_coexistence: 0.7759 [97mS:[93m15.4%[97m([91m4.5c[97m-[94mF1:15.2%) [97mU1:[93m42.9%[97m([91m4.5c[97m) [97mU2:[93m82.6%[97m([91m14.2c[97m) [97mR:[93m77.6%[97m([91m33.6c[97m) [97mS-L: [92m0:[96m11% [92m1:[96m50%[39m [39m
2026-07-25 15:54:22,373 - Agent - INFO - [37mModel saved successfully at: ./artifacts/models/multibench/mustard/vt/SynIB_RMask_REFABL_mustard_fold0_l0.001_perturbrandom_fillema_pmin0.1_refunimodal_anchor_lr0.0005_wd0.001.pth.tar[39m
2026-07-25 15:54:26,014 - Evaluator - INFO - New best with syn_accuracy-
2026-07-25 15:54:26,014 - Agent - INFO - [37mVal Epoch 14 step 14 with [31mce_loss_combined : 1.489422 [31mce_loss_c : 0.761699 [31mce_loss_g : 1.488813 [31mkl_synergy_rand_1 : 0.000995 [31mkl_synergy_rand_2 : 0.000413 [31mkl_synergy_1 : 0.001082 [31mkl_synergy_2 : 0.000414 [31mtotal : 1.492326 [31mdiag_kl_1 : 0.979802 [31mdiag_kl_2 : 0.511124 [94mAcc_combined: 61.19 [94mAcc_c: 50.37 [94mAcc_g: 61.57 [92mF1_combined: 61.48 [92mF1_c: 8.28 [92mF1_g: 62.55 [95mCEU_cue_audio: 0.6667 [95mCEU_cue_video: 0.5907 [95mCEU_synergy: 0.4814 [95mCEU_coexistence: 0.6572 [97mS:[93m48.1%[97m([91m9.7c[97m-[94mF1:37.8%) [97mU1:[93m66.7%[97m([91m7.5c[97m) [97mU2:[93m59.1%[97m([91m9.7c[97m) [97mR:[93m65.7%[97m([91m34.3c[97m) [97mS-L: [92m0:[96m57% [92m1:[96m17%[39m [39m
2026-07-25 15:54:26,033 - Agent - INFO - [37mTest Epoch 14 step 14 with [31mce_loss_combined : 1.556580 [31mce_loss_c : 0.706742 [31mce_loss_g : 1.554606 [31mkl_synergy_rand_1 : 0.001013 [31mkl_synergy_rand_2 : 0.000269 [31mkl_synergy_1 : 0.001085 [31mkl_synergy_2 : 0.000272 [31mtotal : 1.559219 [31mdiag_kl_1 : 1.017309 [31mdiag_kl_2 : 0.451739 [94mAcc_combined: 58.21 [94mAcc_c: 51.87 [94mAcc_g: 58.58 [92mF1_combined: 58.21 [92mF1_c: 12.24 [92mF1_g: 59.34 [95mCEU_cue_audio: 0.4287 [95mCEU_cue_video: 0.8259 [95mCEU_synergy: 0.4615 [95mCEU_coexistence: 0.6035 [97mS:[93m46.2%[97m([91m13.4c[97m-[94mF1:38.2%) [97mU1:[93m42.9%[97m([91m4.5c[97m) [97mU2:[93m82.6%[97m([91m14.2c[97m) [97mR:[93m60.3%[97m([91m26.1c[97m) [97mS-L: [92m0:[96m46% [92m1:[96m50%[39m [39m
2026-07-25 15:54:26,412 - Agent - INFO - [37mModel saved successfully at: ./artifacts/models/multibench/mustard/vt/SynIB_RMask_REFABL_mustard_fold0_l0.001_perturbrandom_fillema_pmin0.1_refunimodal_anchor_lr0.0005_wd0.001.pth.tar[39m
2026-07-25 15:54:30,012 - Agent - INFO - [37mVal Epoch 15 step 15 with [31mce_loss_combined : 1.310920 [31mce_loss_c : 0.852107 [31mce_loss_g : 1.358206 [31mkl_synergy_rand_1 : 0.000860 [31mkl_synergy_rand_2 : 0.000150 [31mkl_synergy_1 : 0.000830 [31mkl_synergy_2 : 0.000138 [31mtotal : 1.312898 [31mdiag_kl_1 : 0.995581 [31mdiag_kl_2 : 0.276977 [94mAcc_combined: 61.57 [94mAcc_c: 49.63 [94mAcc_g: 61.57 [92mF1_combined: 62.27 [92mF1_c: 27.03 [92mF1_g: 64.11 [95mCEU_cue_audio: 0.5335 [95mCEU_cue_video: 0.5000 [95mCEU_synergy: 0.3335 [95mCEU_coexistence: 0.7714 [97mS:[93m33.3%[97m([91m6.7c[97m-[94mF1:28.5%) [97mU1:[93m53.3%[97m([91m6.0c[97m) [97mU2:[93m50.0%[97m([91m8.2c[97m) [97mR:[93m77.1%[97m([91m40.3c[97m) [97mS-L: [92m0:[96m38% [92m1:[96m17%[39m [39m
2026-07-25 15:54:33,832 - Agent - INFO - [37mVal Epoch 16 step 16 with [31mce_loss_combined : 1.329476 [31mce_loss_c : 0.855824 [31mce_loss_g : 1.443640 [31mkl_synergy_rand_1 : 0.000790 [31mkl_synergy_rand_2 : 0.000122 [31mkl_synergy_1 : 0.000803 [31mkl_synergy_2 : 0.000129 [31mtotal : 1.331319 [31mdiag_kl_1 : 0.816102 [31mdiag_kl_2 : 0.308088 [94mAcc_combined: 59.33 [94mAcc_c: 55.22 [94mAcc_g: 60.45 [92mF1_combined: 60.07 [92mF1_c: 47.37 [92mF1_g: 62.68 [95mCEU_cue_audio: 0.5335 [95mCEU_cue_video: 0.5907 [95mCEU_synergy: 0.3702 [95mCEU_coexistence: 0.7000 [97mS:[93m37.0%[97m([91m7.5c[97m-[94mF1:31.0%) [97mU1:[93m53.3%[97m([91m6.0c[97m) [97mU2:[93m59.1%[97m([91m9.7c[97m) [97mR:[93m70.0%[97m([91m36.6c[97m) [97mS-L: [92m0:[96m43% [92m1:[96m17%[39m [39m
2026-07-25 15:54:37,638 - Agent - INFO - [37mVal Epoch 17 step 17 with [31mce_loss_combined : 1.487161 [31mce_loss_c : 0.757433 [31mce_loss_g : 1.568208 [31mkl_synergy_rand_1 : 0.001085 [31mkl_synergy_rand_2 : 0.000335 [31mkl_synergy_1 : 0.001056 [31mkl_synergy_2 : 0.000318 [31mtotal : 1.489954 [31mdiag_kl_1 : 1.288421 [31mdiag_kl_2 : 0.391195 [94mAcc_combined: 60.82 [94mAcc_c: 61.57 [94mAcc_g: 60.82 [92mF1_combined: 60.97 [92mF1_c: 59.29 [92mF1_g: 60.97 [95mCEU_cue_audio: 0.4000 [95mCEU_cue_video: 0.5457 [95mCEU_synergy: 0.3335 [95mCEU_coexistence: 0.7858 [97mS:[93m33.3%[97m([91m6.7c[97m-[94mF1:31.0%) [97mU1:[93m40.0%[97m([91m4.5c[97m) [97mU2:[93m54.5%[97m([91m9.0c[97m) [97mR:[93m78.6%[97m([91m41.0c[97m) [97mS-L: [92m0:[96m33% [92m1:[96m33%[39m [39m
2026-07-25 15:54:41,501 - Agent - INFO - [37mVal Epoch 18 step 18 with [31mce_loss_combined : 1.594385 [31mce_loss_c : 0.855370 [31mce_loss_g : 1.629201 [31mkl_synergy_rand_1 : 0.000993 [31mkl_synergy_rand_2 : 0.000201 [31mkl_synergy_1 : 0.001040 [31mkl_synergy_2 : 0.000201 [31mtotal : 1.596820 [31mdiag_kl_1 : 1.131178 [31mdiag_kl_2 : 0.346435 [94mAcc_combined: 58.21 [94mAcc_c: 53.73 [94mAcc_g: 57.84 [92mF1_combined: 58.21 [92mF1_c: 46.55 [92mF1_g: 59.21 [95mCEU_cue_audio: 0.4665 [95mCEU_cue_video: 0.5457 [95mCEU_synergy: 0.3335 [95mCEU_coexistence: 0.7142 [97mS:[93m33.3%[97m([91m6.7c[97m-[94mF1:28.5%) [97mU1:[93m46.7%[97m([91m5.2c[97m) [97mU2:[93m54.5%[97m([91m9.0c[97m) [97mR:[93m71.4%[97m([91m37.3c[97m) [97mS-L: [92m0:[96m38% [92m1:[96m17%[39m [39m
2026-07-25 15:54:45,347 - Agent - INFO - [37mVal Epoch 19 step 19 with [31mce_loss_combined : 1.578529 [31mce_loss_c : 1.106369 [31mce_loss_g : 1.616398 [31mkl_synergy_rand_1 : 0.001027 [31mkl_synergy_rand_2 : 0.000201 [31mkl_synergy_1 : 0.001076 [31mkl_synergy_2 : 0.000193 [31mtotal : 1.581026 [31mdiag_kl_1 : 1.145517 [31mdiag_kl_2 : 0.354981 [94mAcc_combined: 60.45 [94mAcc_c: 48.51 [94mAcc_g: 60.07 [92mF1_combined: 60.45 [92mF1_c: 45.24 [92mF1_g: 60.81 [95mCEU_cue_audio: 0.4665 [95mCEU_cue_video: 0.5907 [95mCEU_synergy: 0.3702 [95mCEU_coexistence: 0.7286 [97mS:[93m37.0%[97m([91m7.5c[97m-[94mF1:33.8%) [97mU1:[93m46.7%[97m([91m5.2c[97m) [97mU2:[93m59.1%[97m([91m9.7c[97m) [97mR:[93m72.9%[97m([91m38.1c[97m) [97mS-L: [92m0:[96m38% [92m1:[96m33%[39m [39m
2026-07-25 15:54:49,142 - Agent - INFO - [37mVal Epoch 20 step 20 with [31mce_loss_combined : 1.544799 [31mce_loss_c : 1.134843 [31mce_loss_g : 1.662935 [31mkl_synergy_rand_1 : 0.000964 [31mkl_synergy_rand_2 : 0.000339 [31mkl_synergy_1 : 0.001018 [31mkl_synergy_2 : 0.000318 [31mtotal : 1.547437 [31mdiag_kl_1 : 1.173732 [31mdiag_kl_2 : 0.395464 [94mAcc_combined: 60.45 [94mAcc_c: 51.49 [94mAcc_g: 60.82 [92mF1_combined: 60.45 [92mF1_c: 50.00 [92mF1_g: 60.97 [95mCEU_cue_audio: 0.4000 [95mCEU_cue_video: 0.5457 [95mCEU_synergy: 0.3335 [95mCEU_coexistence: 0.7714 [97mS:[93m33.3%[97m([91m6.7c[97m-[94mF1:31.0%) [97mU1:[93m40.0%[97m([91m4.5c[97m) [97mU2:[93m54.5%[97m([91m9.0c[97m) [97mR:[93m77.1%[97m([91m40.3c[97m) [97mS-L: [92m0:[96m33% [92m1:[96m33%[39m [39m
2026-07-25 15:54:52,833 - Agent - INFO - [37mVal Epoch 21 step 21 with [31mce_loss_combined : 1.600636 [31mce_loss_c : 1.285052 [31mce_loss_g : 1.647608 [31mkl_synergy_rand_1 : 0.001032 [31mkl_synergy_rand_2 : 0.000220 [31mkl_synergy_1 : 0.001093 [31mkl_synergy_2 : 0.000224 [31mtotal : 1.603205 [31mdiag_kl_1 : 1.198767 [31mdiag_kl_2 : 0.350449 [94mAcc_combined: 60.45 [94mAcc_c: 50.37 [94mAcc_g: 60.45 [92mF1_combined: 60.45 [92mF1_c: 49.81 [92mF1_g: 60.74 [95mCEU_cue_audio: 0.4000 [95mCEU_cue_video: 0.5907 [95mCEU_synergy: 0.3335 [95mCEU_coexistence: 0.7571 [97mS:[93m33.3%[97m([91m6.7c[97m-[94mF1:31.0%) [97mU1:[93m40.0%[97m([91m4.5c[97m) [97mU2:[93m59.1%[97m([91m9.7c[97m) [97mR:[93m75.7%[97m([91m39.6c[97m) [97mS-L: [92m0:[96m33% [92m1:[96m33%[39m [39m
2026-07-25 15:54:56,704 - Agent - INFO - [37mVal Epoch 22 step 22 with [31mce_loss_combined : 1.672170 [31mce_loss_c : 1.006027 [31mce_loss_g : 1.666349 [31mkl_synergy_rand_1 : 0.001153 [31mkl_synergy_rand_2 : 0.000081 [31mkl_synergy_1 : 0.001163 [31mkl_synergy_2 : 0.000088 [31mtotal : 1.674656 [31mdiag_kl_1 : 1.241844 [31mdiag_kl_2 : 0.374964 [94mAcc_combined: 61.94 [94mAcc_c: 51.12 [94mAcc_g: 61.19 [92mF1_combined: 62.22 [92mF1_c: 41.78 [92mF1_g: 61.76 [95mCEU_cue_audio: 0.4000 [95mCEU_cue_video: 0.6364 [95mCEU_synergy: 0.4074 [95mCEU_coexistence: 0.7429 [97mS:[93m40.7%[97m([91m8.2c[97m-[94mF1:36.5%) [97mU1:[93m40.0%[97m([91m4.5c[97m) [97mU2:[93m63.6%[97m([91m10.4c[97m) [97mR:[93m74.3%[97m([91m38.8c[97m) [97mS-L: [92m0:[96m43% [92m1:[96m33%[39m [39m
2026-07-25 15:55:00,307 - Agent - INFO - [37mVal Epoch 23 step 23 with [31mce_loss_combined : 1.953057 [31mce_loss_c : 1.097353 [31mce_loss_g : 1.929590 [31mkl_synergy_rand_1 : 0.001211 [31mkl_synergy_rand_2 : 0.000347 [31mkl_synergy_1 : 0.001274 [31mkl_synergy_2 : 0.000360 [31mtotal : 1.956250 [31mdiag_kl_1 : 1.197446 [31mdiag_kl_2 : 0.604763 [94mAcc_combined: 54.10 [94mAcc_c: 50.37 [94mAcc_g: 54.48 [92mF1_combined: 54.28 [92mF1_c: 44.81 [92mF1_g: 54.81 [95mCEU_cue_audio: 0.4000 [95mCEU_cue_video: 0.5457 [95mCEU_synergy: 0.3335 [95mCEU_coexistence: 0.6428 [97mS:[93m33.3%[97m([91m6.7c[97m-[94mF1:25.0%) [97mU1:[93m40.0%[97m([91m4.5c[97m) [97mU2:[93m54.5%[97m([91m9.0c[97m) [97mR:[93m64.3%[97m([91m33.6c[97m) [97mS-L: [92m0:[96m43%[39m [39m
2026-07-25 15:55:04,000 - Agent - INFO - [37mVal Epoch 24 step 24 with [31mce_loss_combined : 1.555140 [31mce_loss_c : 1.021400 [31mce_loss_g : 1.534109 [31mkl_synergy_rand_1 : 0.000940 [31mkl_synergy_rand_2 : 0.000622 [31mkl_synergy_1 : 0.000946 [31mkl_synergy_2 : 0.000576 [31mtotal : 1.558223 [31mdiag_kl_1 : 1.308212 [31mdiag_kl_2 : 0.718084 [94mAcc_combined: 63.81 [94mAcc_c: 54.48 [94mAcc_g: 63.06 [92mF1_combined: 63.94 [92mF1_c: 52.71 [92mF1_g: 63.20 [95mCEU_cue_audio: 0.3333 [95mCEU_cue_video: 0.5907 [95mCEU_synergy: 0.3335 [95mCEU_coexistence: 0.8285 [97mS:[93m33.3%[97m([91m6.7c[97m-[94mF1:31.0%) [97mU1:[93m33.3%[97m([91m3.7c[97m) [97mU2:[93m59.1%[97m([91m9.7c[97m) [97mR:[93m82.9%[97m([91m43.3c[97m) [97mS-L: [92m0:[96m33% [92m1:[96m33%[39m [39m
2026-07-25 15:55:07,768 - Agent - INFO - [37mVal Epoch 25 step 25 with [31mce_loss_combined : 1.294255 [31mce_loss_c : 0.933750 [31mce_loss_g : 1.581974 [31mkl_synergy_rand_1 : 0.000728 [31mkl_synergy_rand_2 : 0.000253 [31mkl_synergy_1 : 0.000689 [31mkl_synergy_2 : 0.000274 [31mtotal : 1.296198 [31mdiag_kl_1 : 0.725522 [31mdiag_kl_2 : 0.319599 [94mAcc_combined: 60.07 [94mAcc_c: 59.70 [94mAcc_g: 57.46 [92mF1_combined: 60.52 [92mF1_c: 58.78 [92mF1_g: 58.39 [95mCEU_cue_audio: 0.6667 [95mCEU_cue_video: 0.5457 [95mCEU_synergy: 0.4447 [95mCEU_coexistence: 0.6715 [97mS:[93m44.4%[97m([91m9.0c[97m-[94mF1:35.6%) [97mU1:[93m66.7%[97m([91m7.5c[97m) [97mU2:[93m54.5%[97m([91m9.0c[97m) [97mR:[93m67.1%[97m([91m35.1c[97m) [97mS-L: [92m0:[96m52% [92m1:[96m17%[39m [39m
2026-07-25 15:55:11,290 - Agent - INFO - [37mVal Epoch 26 step 26 with [31mce_loss_combined : 1.503665 [31mce_loss_c : 1.135825 [31mce_loss_g : 1.378993 [31mkl_synergy_rand_1 : 0.000714 [31mkl_synergy_rand_2 : 0.000379 [31mkl_synergy_1 : 0.000719 [31mkl_synergy_2 : 0.000356 [31mtotal : 1.505833 [31mdiag_kl_1 : 0.975286 [31mdiag_kl_2 : 0.373684 [94mAcc_combined: 60.45 [94mAcc_c: 52.99 [94mAcc_g: 61.19 [92mF1_combined: 61.03 [92mF1_c: 50.39 [92mF1_g: 61.48 [95mCEU_cue_audio: 0.4000 [95mCEU_cue_video: 0.5457 [95mCEU_synergy: 0.3335 [95mCEU_coexistence: 0.7714 [97mS:[93m33.3%[97m([91m6.7c[97m-[94mF1:28.5%) [97mU1:[93m40.0%[97m([91m4.5c[97m) [97mU2:[93m54.5%[97m([91m9.0c[97m) [97mR:[93m77.1%[97m([91m40.3c[97m) [97mS-L: [92m0:[96m38% [92m1:[96m17%[39m [39m
2026-07-25 15:55:14,896 - Agent - INFO - [37mVal Epoch 27 step 27 with [31mce_loss_combined : 1.371461 [31mce_loss_c : 1.252987 [31mce_loss_g : 1.293293 [31mkl_synergy_rand_1 : 0.000609 [31mkl_synergy_rand_2 : 0.000329 [31mkl_synergy_1 : 0.000610 [31mkl_synergy_2 : 0.000339 [31mtotal : 1.373349 [31mdiag_kl_1 : 0.899412 [31mdiag_kl_2 : 0.235092 [94mAcc_combined: 62.31 [94mAcc_c: 46.64 [94mAcc_g: 64.93 [92mF1_combined: 63.27 [92mF1_c: 44.36 [92mF1_g: 65.44 [95mCEU_cue_audio: 0.4665 [95mCEU_cue_video: 0.5907 [95mCEU_synergy: 0.4447 [95mCEU_coexistence: 0.7858 [97mS:[93m44.4%[97m([91m9.0c[97m-[94mF1:39.1%) [97mU1:[93m46.7%[97m([91m5.2c[97m) [97mU2:[93m59.1%[97m([91m9.7c[97m) [97mR:[93m78.6%[97m([91m41.0c[97m) [97mS-L: [92m0:[96m48% [92m1:[96m33%[39m [39m
2026-07-25 15:55:18,509 - Agent - INFO - [37mVal Epoch 28 step 28 with [31mce_loss_combined : 1.579552 [31mce_loss_c : 1.195307 [31mce_loss_g : 1.588391 [31mkl_synergy_rand_1 : 0.000785 [31mkl_synergy_rand_2 : 0.000365 [31mkl_synergy_1 : 0.000821 [31mkl_synergy_2 : 0.000360 [31mtotal : 1.581882 [31mdiag_kl_1 : 0.899232 [31mdiag_kl_2 : 0.545285 [94mAcc_combined: 58.96 [94mAcc_c: 47.76 [94mAcc_g: 60.07 [92mF1_combined: 58.96 [92mF1_c: 44.00 [92mF1_g: 60.81 [95mCEU_cue_audio: 0.4000 [95mCEU_cue_video: 0.5457 [95mCEU_synergy: 0.4074 [95mCEU_coexistence: 0.7142 [97mS:[93m40.7%[97m([91m8.2c[97m-[94mF1:33.3%) [97mU1:[93m40.0%[97m([91m4.5c[97m) [97mU2:[93m54.5%[97m([91m9.0c[97m) [97mR:[93m71.4%[97m([91m37.3c[97m) [97mS-L: [92m0:[96m48% [92m1:[96m17%[39m [39m
2026-07-25 15:55:22,077 - Agent - INFO - [37mVal Epoch 29 step 29 with [31mce_loss_combined : 1.359650 [31mce_loss_c : 1.141051 [31mce_loss_g : 1.352028 [31mkl_synergy_rand_1 : 0.000830 [31mkl_synergy_rand_2 : 0.000351 [31mkl_synergy_1 : 0.000895 [31mkl_synergy_2 : 0.000358 [31mtotal : 1.362085 [31mdiag_kl_1 : 1.019285 [31mdiag_kl_2 : 0.366680 [94mAcc_combined: 65.30 [94mAcc_c: 47.76 [94mAcc_g: 64.55 [92mF1_combined: 65.43 [92mF1_c: 43.09 [92mF1_g: 64.94 [95mCEU_cue_audio: 0.4665 [95mCEU_cue_video: 0.6364 [95mCEU_synergy: 0.3702 [95mCEU_coexistence: 0.8000 [97mS:[93m37.0%[97m([91m7.5c[97m-[94mF1:33.8%) [97mU1:[93m46.7%[97m([91m5.2c[97m) [97mU2:[93m63.6%[97m([91m10.4c[97m) [97mR:[93m80.0%[97m([91m41.8c[97m) [97mS-L: [92m0:[96m38% [92m1:[96m33%[39m [39m
2026-07-25 15:55:25,613 - Agent - INFO - [37mVal Epoch 30 step 30 with [31mce_loss_combined : 1.252822 [31mce_loss_c : 1.349216 [31mce_loss_g : 1.361597 [31mkl_synergy_rand_1 : 0.000633 [31mkl_synergy_rand_2 : 0.000276 [31mkl_synergy_1 : 0.000619 [31mkl_synergy_2 : 0.000236 [31mtotal : 1.254585 [31mdiag_kl_1 : 0.929960 [31mdiag_kl_2 : 0.321359 [94mAcc_combined: 63.43 [94mAcc_c: 50.37 [94mAcc_g: 64.18 [92mF1_combined: 63.43 [92mF1_c: 49.81 [92mF1_g: 64.71 [95mCEU_cue_audio: 0.4000 [95mCEU_cue_video: 0.6364 [95mCEU_synergy: 0.3335 [95mCEU_coexistence: 0.8000 [97mS:[93m33.3%[97m([91m6.7c[97m-[94mF1:31.0%) [97mU1:[93m40.0%[97m([91m4.5c[97m) [97mU2:[93m63.6%[97m([91m10.4c[97m) [97mR:[93m80.0%[97m([91m41.8c[97m) [97mS-L: [92m0:[96m33% [92m1:[96m33%[39m [39m
2026-07-25 15:55:29,097 - Agent - INFO - [37mVal Epoch 31 step 31 with [31mce_loss_combined : 1.422150 [31mce_loss_c : 1.538713 [31mce_loss_g : 1.395135 [31mkl_synergy_rand_1 : 0.000621 [31mkl_synergy_rand_2 : 0.000200 [31mkl_synergy_1 : 0.000658 [31mkl_synergy_2 : 0.000191 [31mtotal : 1.423820 [31mdiag_kl_1 : 0.933849 [31mdiag_kl_2 : 0.272137 [94mAcc_combined: 60.45 [94mAcc_c: 50.00 [94mAcc_g: 62.31 [92mF1_combined: 61.59 [92mF1_c: 49.24 [92mF1_g: 62.73 [95mCEU_cue_audio: 0.4665 [95mCEU_cue_video: 0.5457 [95mCEU_synergy: 0.3335 [95mCEU_coexistence: 0.7714 [97mS:[93m33.3%[97m([91m6.7c[97m-[94mF1:31.0%) [97mU1:[93m46.7%[97m([91m5.2c[97m) [97mU2:[93m54.5%[97m([91m9.0c[97m) [97mR:[93m77.1%[97m([91m40.3c[97m) [97mS-L: [92m0:[96m33% [92m1:[96m33%[39m [39m
2026-07-25 15:55:32,645 - Agent - INFO - [37mVal Epoch 32 step 32 with [31mce_loss_combined : 1.555337 [31mce_loss_c : 1.341912 [31mce_loss_g : 1.521464 [31mkl_synergy_rand_1 : 0.000701 [31mkl_synergy_rand_2 : 0.000179 [31mkl_synergy_1 : 0.000720 [31mkl_synergy_2 : 0.000171 [31mtotal : 1.557107 [31mdiag_kl_1 : 1.085578 [31mdiag_kl_2 : 0.294648 [94mAcc_combined: 61.19 [94mAcc_c: 48.88 [94mAcc_g: 61.94 [92mF1_combined: 61.19 [92mF1_c: 47.10 [92mF1_g: 62.50 [95mCEU_cue_audio: 0.4000 [95mCEU_cue_video: 0.5457 [95mCEU_synergy: 0.3702 [95mCEU_coexistence: 0.7714 [97mS:[93m37.0%[97m([91m7.5c[97m-[94mF1:33.8%) [97mU1:[93m40.0%[97m([91m4.5c[97m) [97mU2:[93m54.5%[97m([91m9.0c[97m) [97mR:[93m77.1%[97m([91m40.3c[97m) [97mS-L: [92m0:[96m38% [92m1:[96m33%[39m [39m
2026-07-25 15:55:36,249 - Agent - INFO - [37mVal Epoch 33 step 33 with [31mce_loss_combined : 1.639346 [31mce_loss_c : 1.337858 [31mce_loss_g : 1.572866 [31mkl_synergy_rand_1 : 0.000869 [31mkl_synergy_rand_2 : 0.000123 [31mkl_synergy_1 : 0.000892 [31mkl_synergy_2 : 0.000122 [31mtotal : 1.641352 [31mdiag_kl_1 : 1.195704 [31mdiag_kl_2 : 0.309725 [94mAcc_combined: 61.19 [94mAcc_c: 44.40 [94mAcc_g: 61.57 [92mF1_combined: 61.19 [92mF1_c: 42.47 [92mF1_g: 61.71 [95mCEU_cue_audio: 0.3333 [95mCEU_cue_video: 0.5907 [95mCEU_synergy: 0.3702 [95mCEU_coexistence: 0.7714 [97mS:[93m37.0%[97m([91m7.5c[97m-[94mF1:33.8%) [97mU1:[93m33.3%[97m([91m3.7c[97m) [97mU2:[93m59.1%[97m([91m9.7c[97m) [97mR:[93m77.1%[97m([91m40.3c[97m) [97mS-L: [92m0:[96m38% [92m1:[96m33%[39m [39m
2026-07-25 15:55:39,884 - Agent - INFO - [37mVal Epoch 34 step 34 with [31mce_loss_combined : 1.833461 [31mce_loss_c : 1.540405 [31mce_loss_g : 1.540161 [31mkl_synergy_rand_1 : 0.000885 [31mkl_synergy_rand_2 : 0.000225 [31mkl_synergy_1 : 0.000879 [31mkl_synergy_2 : 0.000206 [31mtotal : 1.835656 [31mdiag_kl_1 : 1.101616 [31mdiag_kl_2 : 0.499640 [94mAcc_combined: 52.61 [94mAcc_c: 41.79 [94mAcc_g: 61.57 [92mF1_combined: 56.95 [92mF1_c: 40.46 [92mF1_g: 62.55 [95mCEU_cue_audio: 0.3333 [95mCEU_cue_video: 0.5000 [95mCEU_synergy: 0.3702 [95mCEU_coexistence: 0.6715 [97mS:[93m37.0%[97m([91m7.5c[97m-[94mF1:31.0%) [97mU1:[93m33.3%[97m([91m3.7c[97m) [97mU2:[93m50.0%[97m([91m8.2c[97m) [97mR:[93m67.1%[97m([91m35.1c[97m) [97mS-L: [92m0:[96m43% [92m1:[96m17%[39m [39m
2026-07-25 15:55:43,462 - Agent - INFO - [37mVal Epoch 35 step 35 with [31mce_loss_combined : 1.607731 [31mce_loss_c : 1.346508 [31mce_loss_g : 1.551207 [31mkl_synergy_rand_1 : 0.000780 [31mkl_synergy_rand_2 : 0.000230 [31mkl_synergy_1 : 0.000855 [31mkl_synergy_2 : 0.000211 [31mtotal : 1.609808 [31mdiag_kl_1 : 1.226509 [31mdiag_kl_2 : 0.319457 [94mAcc_combined: 64.18 [94mAcc_c: 48.88 [94mAcc_g: 63.43 [92mF1_combined: 64.18 [92mF1_c: 47.91 [92mF1_g: 63.70 [95mCEU_cue_audio: 0.4000 [95mCEU_cue_video: 0.6819 [95mCEU_synergy: 0.3702 [95mCEU_coexistence: 0.7858 [97mS:[93m37.0%[97m([91m7.5c[97m-[94mF1:33.8%) [97mU1:[93m40.0%[97m([91m4.5c[97m) [97mU2:[93m68.2%[97m([91m11.2c[97m) [97mR:[93m78.6%[97m([91m41.0c[97m) [97mS-L: [92m0:[96m38% [92m1:[96m33%[39m [39m
2026-07-25 15:55:47,039 - Agent - INFO - [37mVal Epoch 36 step 36 with [31mce_loss_combined : 1.499536 [31mce_loss_c : 1.466552 [31mce_loss_g : 1.512084 [31mkl_synergy_rand_1 : 0.000685 [31mkl_synergy_rand_2 : 0.000289 [31mkl_synergy_1 : 0.000664 [31mkl_synergy_2 : 0.000286 [31mtotal : 1.501461 [31mdiag_kl_1 : 1.217114 [31mdiag_kl_2 : 0.375261 [94mAcc_combined: 63.06 [94mAcc_c: 47.76 [94mAcc_g: 62.69 [92mF1_combined: 63.47 [92mF1_c: 47.37 [92mF1_g: 62.96 [95mCEU_cue_audio: 0.4000 [95mCEU_cue_video: 0.6819 [95mCEU_synergy: 0.3702 [95mCEU_coexistence: 0.7858 [97mS:[93m37.0%[97m([91m7.5c[97m-[94mF1:33.8%) [97mU1:[93m40.0%[97m([91m4.5c[97m) [97mU2:[93m68.2%[97m([91m11.2c[97m) [97mR:[93m78.6%[97m([91m41.0c[97m) [97mS-L: [92m0:[96m38% [92m1:[96m33%[39m [39m
2026-07-25 15:55:50,571 - Agent - INFO - [37mVal Epoch 37 step 37 with [31mce_loss_combined : 1.571202 [31mce_loss_c : 1.633387 [31mce_loss_g : 1.546340 [31mkl_synergy_rand_1 : 0.000650 [31mkl_synergy_rand_2 : 0.000272 [31mkl_synergy_1 : 0.000661 [31mkl_synergy_2 : 0.000257 [31mtotal : 1.573043 [31mdiag_kl_1 : 1.244552 [31mdiag_kl_2 : 0.355451 [94mAcc_combined: 63.81 [94mAcc_c: 47.01 [94mAcc_g: 62.69 [92mF1_combined: 63.94 [92mF1_c: 45.80 [92mF1_g: 62.96 [95mCEU_cue_audio: 0.4000 [95mCEU_cue_video: 0.6364 [95mCEU_synergy: 0.3702 [95mCEU_coexistence: 0.7858 [97mS:[93m37.0%[97m([91m7.5c[97m-[94mF1:33.8%) [97mU1:[93m40.0%[97m([91m4.5c[97m) [97mU2:[93m63.6%[97m([91m10.4c[97m) [97mR:[93m78.6%[97m([91m41.0c[97m) [97mS-L: [92m0:[96m38% [92m1:[96m33%[39m [39m
2026-07-25 15:55:54,059 - Agent - INFO - [37mVal Epoch 38 step 38 with [31mce_loss_combined : 1.578902 [31mce_loss_c : 1.626684 [31mce_loss_g : 1.545847 [31mkl_synergy_rand_1 : 0.000810 [31mkl_synergy_rand_2 : 0.000260 [31mkl_synergy_1 : 0.000794 [31mkl_synergy_2 : 0.000247 [31mtotal : 1.581012 [31mdiag_kl_1 : 1.202264 [31mdiag_kl_2 : 0.337968 [94mAcc_combined: 61.94 [94mAcc_c: 50.37 [94mAcc_g: 62.31 [92mF1_combined: 61.94 [92mF1_c: 49.43 [92mF1_g: 62.73 [95mCEU_cue_audio: 0.3333 [95mCEU_cue_video: 0.6364 [95mCEU_synergy: 0.3702 [95mCEU_coexistence: 0.7714 [97mS:[93m37.0%[97m([91m7.5c[97m-[94mF1:33.8%) [97mU1:[93m33.3%[97m([91m3.7c[97m) [97mU2:[93m63.6%[97m([91m10.4c[97m) [97mR:[93m77.1%[97m([91m40.3c[97m) [97mS-L: [92m0:[96m38% [92m1:[96m33%[39m [39m
2026-07-25 15:55:57,623 - Agent - INFO - [37mVal Epoch 39 step 39 with [31mce_loss_combined : 1.604900 [31mce_loss_c : 1.583390 [31mce_loss_g : 1.607418 [31mkl_synergy_rand_1 : 0.000694 [31mkl_synergy_rand_2 : 0.000240 [31mkl_synergy_1 : 0.000705 [31mkl_synergy_2 : 0.000221 [31mtotal : 1.606761 [31mdiag_kl_1 : 1.142490 [31mdiag_kl_2 : 0.418338 [94mAcc_combined: 59.70 [94mAcc_c: 49.25 [94mAcc_g: 60.45 [92mF1_combined: 60.00 [92mF1_c: 48.87 [92mF1_g: 61.31 [95mCEU_cue_audio: 0.4000 [95mCEU_cue_video: 0.5457 [95mCEU_synergy: 0.3702 [95mCEU_coexistence: 0.7286 [97mS:[93m37.0%[97m([91m7.5c[97m-[94mF1:31.0%) [97mU1:[93m40.0%[97m([91m4.5c[97m) [97mU2:[93m54.5%[97m([91m9.0c[97m) [97mR:[93m72.9%[97m([91m38.1c[97m) [97mS-L: [92m0:[96m43% [92m1:[96m17%[39m [39m
2026-07-25 15:56:01,128 - Agent - INFO - [37mVal Epoch 40 step 40 with [31mce_loss_combined : 1.758792 [31mce_loss_c : 1.834723 [31mce_loss_g : 1.599272 [31mkl_synergy_rand_1 : 0.000620 [31mkl_synergy_rand_2 : 0.000330 [31mkl_synergy_1 : 0.000671 [31mkl_synergy_2 : 0.000325 [31mtotal : 1.760738 [31mdiag_kl_1 : 1.149632 [31mdiag_kl_2 : 0.464834 [94mAcc_combined: 58.96 [94mAcc_c: 45.90 [94mAcc_g: 61.94 [92mF1_combined: 59.26 [92mF1_c: 45.28 [92mF1_g: 62.77 [95mCEU_cue_audio: 0.4000 [95mCEU_cue_video: 0.5457 [95mCEU_synergy: 0.3702 [95mCEU_coexistence: 0.7429 [97mS:[93m37.0%[97m([91m7.5c[97m-[94mF1:31.0%) [97mU1:[93m40.0%[97m([91m4.5c[97m) [97mU2:[93m54.5%[97m([91m9.0c[97m) [97mR:[93m74.3%[97m([91m38.8c[97m) [97mS-L: [92m0:[96m43% [92m1:[96m17%[39m [39m
2026-07-25 15:56:04,674 - Agent - INFO - [37mVal Epoch 41 step 41 with [31mce_loss_combined : 1.538866 [31mce_loss_c : 1.953872 [31mce_loss_g : 1.591294 [31mkl_synergy_rand_1 : 0.000558 [31mkl_synergy_rand_2 : 0.000330 [31mkl_synergy_1 : 0.000573 [31mkl_synergy_2 : 0.000322 [31mtotal : 1.540648 [31mdiag_kl_1 : 1.007537 [31mdiag_kl_2 : 0.417497 [94mAcc_combined: 60.07 [94mAcc_c: 41.04 [94mAcc_g: 61.94 [92mF1_combined: 60.22 [92mF1_c: 40.15 [92mF1_g: 62.50 [95mCEU_cue_audio: 0.3333 [95mCEU_cue_video: 0.6364 [95mCEU_synergy: 0.3702 [95mCEU_coexistence: 0.7286 [97mS:[93m37.0%[97m([91m7.5c[97m-[94mF1:33.8%) [97mU1:[93m33.3%[97m([91m3.7c[97m) [97mU2:[93m63.6%[97m([91m10.4c[97m) [97mR:[93m72.9%[97m([91m38.1c[97m) [97mS-L: [92m0:[96m38% [92m1:[96m33%[39m [39m
2026-07-25 15:56:08,175 - Agent - INFO - [37mVal Epoch 42 step 42 with [31mce_loss_combined : 1.724041 [31mce_loss_c : 1.523555 [31mce_loss_g : 1.596440 [31mkl_synergy_rand_1 : 0.000818 [31mkl_synergy_rand_2 : 0.000308 [31mkl_synergy_1 : 0.000833 [31mkl_synergy_2 : 0.000287 [31mtotal : 1.726287 [31mdiag_kl_1 : 1.349461 [31mdiag_kl_2 : 0.439037 [94mAcc_combined: 59.70 [94mAcc_c: 45.15 [94mAcc_g: 62.69 [92mF1_combined: 59.70 [92mF1_c: 43.24 [92mF1_g: 63.24 [95mCEU_cue_audio: 0.2670 [95mCEU_cue_video: 0.6364 [95mCEU_synergy: 0.3702 [95mCEU_coexistence: 0.7429 [97mS:[93m37.0%[97m([91m7.5c[97m-[94mF1:33.8%) [97mU1:[93m26.7%[97m([91m3.0c[97m) [97mU2:[93m63.6%[97m([91m10.4c[97m) [97mR:[93m74.3%[97m([91m38.8c[97m) [97mS-L: [92m0:[96m38% [92m1:[96m33%[39m [39m
2026-07-25 15:56:11,676 - Agent - INFO - [37mVal Epoch 43 step 43 with [31mce_loss_combined : 1.705920 [31mce_loss_c : 1.756990 [31mce_loss_g : 1.604002 [31mkl_synergy_rand_1 : 0.000782 [31mkl_synergy_rand_2 : 0.000335 [31mkl_synergy_1 : 0.000834 [31mkl_synergy_2 : 0.000310 [31mtotal : 1.708180 [31mdiag_kl_1 : 1.237149 [31mdiag_kl_2 : 0.435049 [94mAcc_combined: 58.21 [94mAcc_c: 44.78 [94mAcc_g: 63.06 [92mF1_combined: 59.42 [92mF1_c: 43.51 [92mF1_g: 63.74 [95mCEU_cue_audio: 0.3333 [95mCEU_cue_video: 0.6364 [95mCEU_synergy: 0.4074 [95mCEU_coexistence: 0.7429 [97mS:[93m40.7%[97m([91m8.2c[97m-[94mF1:36.5%) [97mU1:[93m33.3%[97m([91m3.7c[97m) [97mU2:[93m63.6%[97m([91m10.4c[97m) [97mR:[93m74.3%[97m([91m38.8c[97m) [97mS-L: [92m0:[96m43% [92m1:[96m33%[39m [39m
2026-07-25 15:56:12,165 - Agent - INFO - We are in the final state.
2026-07-25 15:56:12,345 - root - INFO - Loaded best model from best_model_accuracy_state_dict
2026-07-25 15:56:13,262 - Agent - INFO - [37mVal Epoch 43 step 0 with [31mce_loss_combined : 1.317842 [31mce_loss_c : 0.880931 [31mce_loss_g : 1.394442 [31mkl_synergy_rand_1 : 0.000977 [31mkl_synergy_rand_2 : 0.000262 [31mkl_synergy_1 : 0.000922 [31mkl_synergy_2 : 0.000267 [31mtotal : 1.320270 [31mdiag_kl_1 : 1.154853 [31mdiag_kl_2 : 0.336992 [94mAcc_combined: 66.42 [94mAcc_c: 50.75 [94mAcc_g: 64.55 [92mF1_combined: 66.42 [92mF1_c: 45.00 [92mF1_g: 65.20 [95mCEU_cue_audio: 0.4665 [95mCEU_cue_video: 0.5907 [95mCEU_synergy: 0.3335 [95mCEU_coexistence: 0.8572 [97mS:[93m33.3%[97m([91m6.7c[97m-[94mF1:31.0%) [97mU1:[93m46.7%[97m([91m5.2c[97m) [97mU2:[93m59.1%[97m([91m9.7c[97m) [97mR:[93m85.7%[97m([91m44.8c[97m) [97mS-L: [92m0:[96m33% [92m1:[96m33%[39m [39m
2026-07-25 15:56:14,115 - Agent - INFO - [37mTest Epoch 43 step 0 with [31mce_loss_combined : 1.599792 [31mce_loss_c : 0.881203 [31mce_loss_g : 1.637355 [31mkl_synergy_rand_1 : 0.000925 [31mkl_synergy_rand_2 : 0.000627 [31mkl_synergy_1 : 0.000892 [31mkl_synergy_2 : 0.000624 [31mtotal : 1.602860 [31mdiag_kl_1 : 1.117330 [31mdiag_kl_2 : 0.631416 [94mAcc_combined: 56.72 [94mAcc_c: 45.52 [94mAcc_g: 56.34 [92mF1_combined: 57.04 [92mF1_c: 38.66 [92mF1_g: 57.45 [95mCEU_cue_audio: 0.4287 [95mCEU_cue_video: 0.8259 [95mCEU_synergy: 0.1539 [95mCEU_coexistence: 0.7759 [97mS:[93m15.4%[97m([91m4.5c[97m-[94mF1:15.2%) [97mU1:[93m42.9%[97m([91m4.5c[97m) [97mU2:[93m82.6%[97m([91m14.2c[97m) [97mR:[93m77.6%[97m([91m33.6c[97m) [97mS-L: [92m0:[96m11% [92m1:[96m50%[39m [39m
2026-07-25 15:56:14,504 - Agent - INFO - [37mModel saved successfully at: ./artifacts/models/multibench/mustard/vt/SynIB_RMask_REFABL_mustard_fold0_l0.001_perturbrandom_fillema_pmin0.1_refunimodal_anchor_lr0.0005_wd0.001.pth.tar[39m
Job finished
