Starting SynIB reference-ablation job
Python 3.10.19
/esat/smcdata/users/kkontras/Image_Dataset/no_backup/git/SynIB  (git cb39a55)
GPU 0: NVIDIA GeForce RTX 3080 Ti (UUID: GPU-85a45e01-d40f-8a87-f95c-d3739ff4f8b3)
Executing: PYTHONPATH=src /esat/smcdata/users/kkontras/Image_Dataset/no_backup/envs/synergy_new/bin/python -m synib.entrypoints.train --config run/configs/rebuttal_ref_ablation/urfunny_synib.json --default_config run/configs/rebuttal_ref_ablation/urfunny_default.json --fold 2 --rmask random --l 0.001 --perturb_pmin 0.7 --perturb_fill ema --lr 0.001 --wd 0.001 --reference_type uniform --ref_diag --start_over --tag REFABL_urfunny
Namespace(config='run/configs/rebuttal_ref_ablation/urfunny_synib.json', default_config='run/configs/rebuttal_ref_ablation/urfunny_default.json', fold='2', alpha=None, tanh_mode_beta=None, regby=None, batch_size=None, l='0.001', multil=None, lib=None, kmepoch=None, num_samples=None, contrcoeff=None, contr_type=None, shuffle_type=None, validate_with=None, num_classes=None, optim_method=None, ending_epoch=None, load_ongoing=None, recon_weight1=None, recon_weight2=None, recon_epochstages=None, recon_ensemblestages=None, lr='0.001', wd='0.001', cls=None, ironic_rate=None, perturb='random', perturb_fill='ema', perturb_pmax=None, perturb_pmin='0.7', perturb_lsparse=None, rmask='random', pmin=None, pmax=None, lsparse=None, debug_mask_stats=False, pre=False, frozen=False, tdqm_disable=False, start_over=True, no_model_save=False, num_layers=None, grad_accum=None, init_from=None, init_strict=False, perturb_lsparse_sign=None, l_anneal_epochs=None, perturb_steps=None, perturb_lsparse_warmup=None, perturb_lsparse_schedule=None, persist_ell=False, save_masks=False, penalty_swap=False, disable_ce_random=False, disable_kl_learned=False, masking_only=False, modality_dropout=None, modality_dropout_target=None, l_z1_masked=None, l_z2_masked=None, l_pareto=None, reference_type='uniform', ref_diag=True, ref_ema_decay=None, tag='REFABL_urfunny')
2026-07-25 15:53:37,774 - Config - INFO - run/configs/rebuttal_ref_ablation/urfunny_synib.json
2026-07-25 15:53:37,776 - Config - INFO -  THE Configuration of your experiment ..
{'agent': 'Agent',
 'dataset': {'data_roots': './src/synib/mydatasets/Factor_CL_Datasets/prepared/ur_funny/ur_funny_data.pkl',
             'data_type': 'humor',
             'dataloader_class': 'FactorCL_Dataloader',
             'kfold_data_roots': './src/synib/mydatasets/Factor_CL_Datasets/prepared/ur_funny/ur_funny_synergy3.pkl'},
 'early_stopping': {'end_of_epoch_check': True,
                    'log_interval': 10,
                    'max_epoch': 100,
                    'n_steps_stop': 30,
                    'n_steps_stop_after': 0,
                    'save_every_step': 3000,
                    'save_every_valstep': 50,
                    'validate_after': 0,
                    'validate_every': 185},
 'exp_name': 'UR-FUNNY Experiment',
 'model': {'args': {'bias_infusion': {'method': False},
                    'clip_grad': False,
                    'cls_type': 'mlp',
                    'd_model': 40,
                    'dropout': 0.1,
                    'fc_inner': 64,
                    'hidden_dim': 64,
                    'in_dim': 64,
                    'multi_loss': {'multi_supervised_w': {'c': 1,
                                                          'combined': 1,
                                                          'g': 1}},
                    'norm_decision': False,
                    'num_classes': 2},
           'ceu': {'test': './artifacts/ceus/ur_funny/ur_funny_ceu_test.pkl',
                   'val': './artifacts/ceus/ur_funny/ur_funny_ceu_val.pkl'},
           'encoders': [{'args': {'freeze_encoder': False,
                                  'hidden_size': 40,
                                  'modality': 'c',
                                  'n_features': 371,
                                  'num_classes': 2},
                         'model': 'FactorCL_Uni',
                         'pretrainedEncoder': {'dir': 'unimodal_video_fold{}_vldaccuracy_lr0.001_wd0.0001.pth.tar',
                                               'use': True}},
                        {'args': {'freeze_encoder': False,
                                  'hidden_size': 40,
                                  'modality': 'g',
                                  'n_features': 300,
                                  'num_classes': 2},
                         'model': 'FactorCL_Uni',
                         'pretrainedEncoder': {'dir': 'unimodal_text_fold{}_vldaccuracy_lr0.001_wd0.001.pth.tar',
                                               'use': True}}],
           'load_ongoing': False,
           'model_class': 'FusionIBModel_Mask',
           'save_base_dir': './artifacts/models/multibench/ur_funny/vt',
           'save_dir': 'SynIB_RMask_{}.pth.tar'},
 'optimizer': {'beta1': 0.9,
               'beta2': 0.999,
               'learning_rate': 0.0001,
               'momentum': 0.9,
               'type': 'Adam',
               'weight_decay': 0.0001},
 'scheduler': {'max_lr': 0.03, 'type': 'cosanneal', 'warm_up_steps': 780},
 'task': 'classification',
 'training_params': {'adversarial_training': {'adv_epsilon': 0.01,
                                              'use': False},
                     'async_loading': True,
                     'batch_size': 32,
                     'cuda': True,
                     'data_loader_workers': 8,
                     'gpu_device': [0],
                     'pin_memory': True,
                     'rec_test': True,
                     'res': True,
                     'seed': 109,
                     'tdqm_disable': False,
                     'test_batch_size': 32,
                     'test_on_bottoms': False,
                     'use_test_set': True,
                     'validation': True,
                     'verbose': True,
                     'wandb_disable': True}}
2026-07-25 15:53:37,778 - Config - INFO -  *************************************** 
2026-07-25 15:53:37,778 - Config - INFO - The experiment name is UR-FUNNY Experiment
2026-07-25 15:53:37,778 - Config - INFO -  *************************************** 
2026-07-25 15:53:37,778 - root - INFO - save_dir: SynIB_RMask_REFABL_urfunny_fold2_l0.001_perturbrandom_fillema_pmin0.7_refuniform_lr0.001_wd0.001.pth.tar
2026-07-25 15:53:37,894 - Cuda Statistics - INFO - __Python VERSION:  3.10.19 (main, Oct 21 2025, 16:43:05) [GCC 11.2.0]
2026-07-25 15:53:37,894 - Cuda Statistics - INFO - __pyTorch VERSION:  2.9.1+cu128
2026-07-25 15:53:37,894 - Cuda Statistics - INFO - __CUDA VERSION
2026-07-25 15:53:37,903 - Cuda Statistics - INFO - __CUDNN VERSION:  91002
2026-07-25 15:53:37,930 - Cuda Statistics - INFO - __Number CUDA Devices:  1
2026-07-25 15:53:37,930 - Cuda Statistics - INFO - __Devices
2026-07-25 15:53:37,930 - Cuda Statistics - INFO - index, name, driver_version, memory.total [MiB], memory.used [MiB], memory.free [MiB]
2026-07-25 15:53:37,930 - Cuda Statistics - INFO - 0, NVIDIA GeForce RTX 3080 Ti, 610.43.03, 12288 MiB, 590 MiB, 11318 MiB
2026-07-25 15:53:37,935 - Cuda Statistics - INFO - Active CUDA Device: GPU 0
2026-07-25 15:53:37,935 - Cuda Statistics - INFO - Available devices  1
2026-07-25 15:53:37,935 - Cuda Statistics - INFO - Current cuda device  0
2026-07-25 15:53:40,325 - Agent - INFO - Device: cuda:0
2026-07-25 15:53:40,325 - Agent - INFO - Total training batches: 253, validate every 185 batches, steps per epoch: 2
2026-07-25 15:53:40,406 - Agent - INFO - Loss Weights are {'total': 1, 'combined': 1, 'c': 1, 'g': 1}
2026-07-25 15:53:40,406 - root - INFO - There is no CEU for train
2026-07-25 15:53:40,709 - root - INFO - Loading enc best model state dict from ./artifacts/models/multibench/ur_funny/vt/unimodal_video_fold2_vldaccuracy_lr0.001_wd0.0001.pth.tar
2026-07-25 15:53:40,926 - root - INFO - Loading enc best model state dict from ./artifacts/models/multibench/ur_funny/vt/unimodal_text_fold2_vldaccuracy_lr0.001_wd0.001.pth.tar
2026-07-25 15:53:41,125 - Agent - INFO - Total number of trainable parameters are: 3520992
2026-07-25 15:53:41,131 - Agent - INFO - Total number of trainable parameters are: 1767508
2026-07-25 15:54:08,701 - Evaluator - INFO - New best with loss-accuracy-syn_accuracy-
2026-07-25 15:54:08,701 - Agent - INFO - [37mVal Epoch 1 step 1 with [31mce_loss_combined : 0.680261 [31mce_loss_c : 0.696146 [31mce_loss_g : 0.686106 [31mkl_synergy_rand_1 : 0.000059 [31mkl_synergy_rand_2 : 0.000079 [31mkl_synergy_1 : 0.000048 [31mkl_synergy_2 : 0.000079 [31mtotal : 0.680526 [31mdiag_kl_1 : 0.059279 [31mdiag_kl_2 : 0.031207 [94mAcc_combined: 60.59 [94mAcc_c: 51.35 [94mAcc_g: 60.64 [92mF1_combined: 57.57 [92mF1_c: 66.33 [92mF1_g: 59.10 [95mCEU_cue_audio: 0.2416 [95mCEU_cue_video: 0.7962 [95mCEU_synergy: 0.3729 [95mCEU_coexistence: 0.7477 [97mS:[93m37.3%[97m([91m7.3c[97m-[94mF1:27.2%) [97mU1:[93m24.2%[97m([91m4.2c[97m) [97mU2:[93m79.6%[97m([91m24.2c[97m) [97mR:[93m74.8%[97m([91m24.7c[97m) [97mS-L: [92m1:[96m44%[39m [39m
2026-07-25 15:54:08,754 - Agent - INFO - [37mTest Epoch 1 step 1 with [31mce_loss_combined : 0.641433 [31mce_loss_c : 0.686013 [31mce_loss_g : 0.644117 [31mkl_synergy_rand_1 : 0.000069 [31mkl_synergy_rand_2 : 0.000084 [31mkl_synergy_1 : 0.000045 [31mkl_synergy_2 : 0.000087 [31mtotal : 0.641719 [31mdiag_kl_1 : 0.066018 [31mdiag_kl_2 : 0.031824 [94mAcc_combined: 62.71 [94mAcc_c: 51.80 [94mAcc_g: 63.42 [92mF1_combined: 60.01 [92mF1_c: 66.67 [92mF1_g: 62.24 [95mCEU_cue_audio: 0.3696 [95mCEU_cue_video: 0.8083 [95mCEU_synergy: 0.3386 [95mCEU_coexistence: 0.8195 [97mS:[93m33.8%[97m([91m6.2c[97m-[94mF1:25.3%) [97mU1:[93m37.0%[97m([91m7.4c[97m) [97mU2:[93m80.8%[97m([91m22.3c[97m) [97mR:[93m81.9%[97m([91m27.9c[97m) [97mS-L: [92m1:[96m42%[39m [39m
2026-07-25 15:54:08,880 - Agent - INFO - [37mModel saved successfully at: ./artifacts/models/multibench/ur_funny/vt/SynIB_RMask_REFABL_urfunny_fold2_l0.001_perturbrandom_fillema_pmin0.7_refuniform_lr0.001_wd0.001.pth.tar[39m
2026-07-25 15:54:35,355 - Evaluator - INFO - New best with accuracy-
2026-07-25 15:54:35,356 - Agent - INFO - [37mVal Epoch 2 step 2 with [31mce_loss_combined : 0.680274 [31mce_loss_c : 0.694945 [31mce_loss_g : 0.684868 [31mkl_synergy_rand_1 : 0.000086 [31mkl_synergy_rand_2 : 0.000106 [31mkl_synergy_1 : 0.000058 [31mkl_synergy_2 : 0.000106 [31mtotal : 0.680630 [31mdiag_kl_1 : 0.087907 [31mdiag_kl_2 : 0.017868 [94mAcc_combined: 61.51 [94mAcc_c: 51.06 [94mAcc_g: 61.41 [92mF1_combined: 58.50 [92mF1_c: 65.60 [92mF1_g: 60.34 [95mCEU_cue_audio: 0.1685 [95mCEU_cue_video: 0.8568 [95mCEU_synergy: 0.1790 [95mCEU_coexistence: 0.8739 [97mS:[93m17.9%[97m([91m3.5c[97m-[94mF1:15.2%) [97mU1:[93m16.9%[97m([91m2.9c[97m) [97mU2:[93m85.7%[97m([91m26.0c[97m) [97mR:[93m87.4%[97m([91m28.8c[97m) [97mS-L: [92m1:[96m21%[39m [39m
2026-07-25 15:54:35,372 - Agent - INFO - [37mTest Epoch 2 step 2 with [31mce_loss_combined : 0.637226 [31mce_loss_c : 0.685133 [31mce_loss_g : 0.642062 [31mkl_synergy_rand_1 : 0.000091 [31mkl_synergy_rand_2 : 0.000111 [31mkl_synergy_1 : 0.000052 [31mkl_synergy_2 : 0.000111 [31mtotal : 0.637592 [31mdiag_kl_1 : 0.091366 [31mdiag_kl_2 : 0.016564 [94mAcc_combined: 62.38 [94mAcc_c: 51.70 [94mAcc_g: 63.23 [92mF1_combined: 59.43 [92mF1_c: 65.52 [92mF1_g: 62.20 [95mCEU_cue_audio: 0.2227 [95mCEU_cue_video: 0.8801 [95mCEU_synergy: 0.2002 [95mCEU_coexistence: 0.9165 [97mS:[93m20.0%[97m([91m3.7c[97m-[94mF1:16.7%) [97mU1:[93m22.3%[97m([91m4.4c[97m) [97mU2:[93m88.0%[97m([91m24.3c[97m) [97mR:[93m91.7%[97m([91m31.2c[97m) [97mS-L: [92m1:[96m25%[39m [39m
2026-07-25 15:54:35,580 - Agent - INFO - [37mModel saved successfully at: ./artifacts/models/multibench/ur_funny/vt/SynIB_RMask_REFABL_urfunny_fold2_l0.001_perturbrandom_fillema_pmin0.7_refuniform_lr0.001_wd0.001.pth.tar[39m
2026-07-25 15:55:01,887 - Evaluator - INFO - New best with syn_accuracy-
2026-07-25 15:55:01,887 - Agent - INFO - [37mVal Epoch 3 step 3 with [31mce_loss_combined : 0.693692 [31mce_loss_c : 0.698931 [31mce_loss_g : 0.683894 [31mkl_synergy_rand_1 : 0.000074 [31mkl_synergy_rand_2 : 0.000087 [31mkl_synergy_1 : 0.000054 [31mkl_synergy_2 : 0.000086 [31mtotal : 0.693992 [31mdiag_kl_1 : 0.067541 [31mdiag_kl_2 : 0.044360 [94mAcc_combined: 59.96 [94mAcc_c: 50.39 [94mAcc_g: 60.74 [92mF1_combined: 58.76 [92mF1_c: 63.44 [92mF1_g: 59.56 [95mCEU_cue_audio: 0.2753 [95mCEU_cue_video: 0.7642 [95mCEU_synergy: 0.4280 [95mCEU_coexistence: 0.7126 [97mS:[93m42.8%[97m([91m8.3c[97m-[94mF1:30.0%) [97mU1:[93m27.5%[97m([91m4.7c[97m) [97mU2:[93m76.4%[97m([91m23.2c[97m) [97mR:[93m71.3%[97m([91m23.5c[97m) [97mS-L: [92m1:[96m50%[39m [39m
2026-07-25 15:55:01,904 - Agent - INFO - [37mTest Epoch 3 step 3 with [31mce_loss_combined : 0.650864 [31mce_loss_c : 0.684765 [31mce_loss_g : 0.649205 [31mkl_synergy_rand_1 : 0.000078 [31mkl_synergy_rand_2 : 0.000090 [31mkl_synergy_1 : 0.000051 [31mkl_synergy_2 : 0.000088 [31mtotal : 0.651171 [31mdiag_kl_1 : 0.070960 [31mdiag_kl_2 : 0.045705 [94mAcc_combined: 62.10 [94mAcc_c: 53.21 [94mAcc_g: 63.00 [92mF1_combined: 60.88 [92mF1_c: 65.43 [92mF1_g: 61.56 [95mCEU_cue_audio: 0.3601 [95mCEU_cue_video: 0.7707 [95mCEU_synergy: 0.3999 [95mCEU_coexistence: 0.7499 [97mS:[93m40.0%[97m([91m7.4c[97m-[94mF1:28.6%) [97mU1:[93m36.0%[97m([91m7.2c[97m) [97mU2:[93m77.1%[97m([91m21.3c[97m) [97mR:[93m75.0%[97m([91m25.5c[97m) [97mS-L: [92m1:[96m49%[39m [39m
2026-07-25 15:55:02,152 - Agent - INFO - [37mModel saved successfully at: ./artifacts/models/multibench/ur_funny/vt/SynIB_RMask_REFABL_urfunny_fold2_l0.001_perturbrandom_fillema_pmin0.7_refuniform_lr0.001_wd0.001.pth.tar[39m
2026-07-25 15:55:28,768 - Evaluator - INFO - New best with accuracy-
2026-07-25 15:55:28,769 - Agent - INFO - [37mVal Epoch 4 step 4 with [31mce_loss_combined : 0.692361 [31mce_loss_c : 0.697883 [31mce_loss_g : 0.693281 [31mkl_synergy_rand_1 : 0.000110 [31mkl_synergy_rand_2 : 0.000136 [31mkl_synergy_1 : 0.000073 [31mkl_synergy_2 : 0.000137 [31mtotal : 0.692817 [31mdiag_kl_1 : 0.107533 [31mdiag_kl_2 : 0.019718 [94mAcc_combined: 62.38 [94mAcc_c: 50.19 [94mAcc_g: 61.61 [92mF1_combined: 60.98 [92mF1_c: 63.58 [92mF1_g: 60.73 [95mCEU_cue_audio: 0.2584 [95mCEU_cue_video: 0.8281 [95mCEU_synergy: 0.1143 [95mCEU_coexistence: 0.9239 [97mS:[93m11.4%[97m([91m2.2c[97m-[94mF1:10.3%) [97mU1:[93m25.8%[97m([91m4.4c[97m) [97mU2:[93m82.8%[97m([91m25.1c[97m) [97mR:[93m92.4%[97m([91m30.5c[97m) [97mS-L: [92m1:[96m13%[39m [39m
2026-07-25 15:55:28,785 - Agent - INFO - [37mTest Epoch 4 step 4 with [31mce_loss_combined : 0.643512 [31mce_loss_c : 0.683896 [31mce_loss_g : 0.646178 [31mkl_synergy_rand_1 : 0.000112 [31mkl_synergy_rand_2 : 0.000140 [31mkl_synergy_1 : 0.000068 [31mkl_synergy_2 : 0.000140 [31mtotal : 0.643972 [31mdiag_kl_1 : 0.108412 [31mdiag_kl_2 : 0.017241 [94mAcc_combined: 62.90 [94mAcc_c: 52.22 [94mAcc_g: 62.90 [92mF1_combined: 61.08 [92mF1_c: 64.86 [92mF1_g: 62.21 [95mCEU_cue_audio: 0.3128 [95mCEU_cue_video: 0.8355 [95mCEU_synergy: 0.1281 [95mCEU_coexistence: 0.9389 [97mS:[93m12.8%[97m([91m2.4c[97m-[94mF1:11.4%) [97mU1:[93m31.3%[97m([91m6.2c[97m) [97mU2:[93m83.6%[97m([91m23.1c[97m) [97mR:[93m93.9%[97m([91m31.9c[97m) [97mS-L: [92m1:[96m16%[39m [39m
2026-07-25 15:55:29,046 - Agent - INFO - [37mModel saved successfully at: ./artifacts/models/multibench/ur_funny/vt/SynIB_RMask_REFABL_urfunny_fold2_l0.001_perturbrandom_fillema_pmin0.7_refuniform_lr0.001_wd0.001.pth.tar[39m
2026-07-25 15:55:55,660 - Agent - INFO - [37mVal Epoch 5 step 5 with [31mce_loss_combined : 0.720466 [31mce_loss_c : 0.698605 [31mce_loss_g : 0.720562 [31mkl_synergy_rand_1 : 0.000145 [31mkl_synergy_rand_2 : 0.000191 [31mkl_synergy_1 : 0.000103 [31mkl_synergy_2 : 0.000194 [31mtotal : 0.721099 [31mdiag_kl_1 : 0.141675 [31mdiag_kl_2 : 0.035525 [94mAcc_combined: 61.94 [94mAcc_c: 50.19 [94mAcc_g: 61.85 [92mF1_combined: 60.79 [92mF1_c: 66.62 [92mF1_g: 61.23 [95mCEU_cue_audio: 0.2865 [95mCEU_cue_video: 0.7994 [95mCEU_synergy: 0.1939 [95mCEU_coexistence: 0.9002 [97mS:[93m19.4%[97m([91m3.8c[97m-[94mF1:16.2%) [97mU1:[93m28.7%[97m([91m4.9c[97m) [97mU2:[93m79.9%[97m([91m24.3c[97m) [97mR:[93m90.0%[97m([91m29.7c[97m) [97mS-L: [92m1:[96m23%[39m [39m
2026-07-25 15:56:22,540 - Agent - INFO - [37mVal Epoch 6 step 6 with [31mce_loss_combined : 0.692631 [31mce_loss_c : 0.698885 [31mce_loss_g : 0.691128 [31mkl_synergy_rand_1 : 0.000079 [31mkl_synergy_rand_2 : 0.000097 [31mkl_synergy_1 : 0.000053 [31mkl_synergy_2 : 0.000097 [31mtotal : 0.692957 [31mdiag_kl_1 : 0.072899 [31mdiag_kl_2 : 0.026111 [94mAcc_combined: 61.56 [94mAcc_c: 50.68 [94mAcc_g: 61.22 [92mF1_combined: 58.74 [92mF1_c: 64.71 [92mF1_g: 60.02 [95mCEU_cue_audio: 0.2753 [95mCEU_cue_video: 0.7771 [95mCEU_synergy: 0.1245 [95mCEU_coexistence: 0.9121 [97mS:[93m12.4%[97m([91m2.4c[97m-[94mF1:11.1%) [97mU1:[93m27.5%[97m([91m4.7c[97m) [97mU2:[93m77.7%[97m([91m23.6c[97m) [97mR:[93m91.2%[97m([91m30.1c[97m) [97mS-L: [92m1:[96m15%[39m [39m
2026-07-25 15:56:49,316 - Agent - INFO - [37mVal Epoch 7 step 7 with [31mce_loss_combined : 0.702253 [31mce_loss_c : 0.696534 [31mce_loss_g : 0.701608 [31mkl_synergy_rand_1 : 0.000111 [31mkl_synergy_rand_2 : 0.000130 [31mkl_synergy_1 : 0.000069 [31mkl_synergy_2 : 0.000131 [31mtotal : 0.702693 [31mdiag_kl_1 : 0.105965 [31mdiag_kl_2 : 0.019151 [94mAcc_combined: 61.99 [94mAcc_c: 51.16 [94mAcc_g: 62.04 [92mF1_combined: 60.02 [92mF1_c: 65.86 [92mF1_g: 60.69 [95mCEU_cue_audio: 0.1854 [95mCEU_cue_video: 0.8406 [95mCEU_synergy: 0.1394 [95mCEU_coexistence: 0.9121 [97mS:[93m13.9%[97m([91m2.7c[97m-[94mF1:12.2%) [97mU1:[93m18.5%[97m([91m3.2c[97m) [97mU2:[93m84.1%[97m([91m25.5c[97m) [97mR:[93m91.2%[97m([91m30.1c[97m) [97mS-L: [92m1:[96m16%[39m [39m
2026-07-25 15:57:16,007 - Agent - INFO - [37mVal Epoch 8 step 8 with [31mce_loss_combined : 0.719400 [31mce_loss_c : 0.697128 [31mce_loss_g : 0.716460 [31mkl_synergy_rand_1 : 0.000137 [31mkl_synergy_rand_2 : 0.000174 [31mkl_synergy_1 : 0.000093 [31mkl_synergy_2 : 0.000171 [31mtotal : 0.719974 [31mdiag_kl_1 : 0.132834 [31mdiag_kl_2 : 0.025089 [94mAcc_combined: 62.19 [94mAcc_c: 51.16 [94mAcc_g: 62.28 [92mF1_combined: 60.66 [92mF1_c: 65.86 [92mF1_g: 61.16 [95mCEU_cue_audio: 0.2079 [95mCEU_cue_video: 0.8311 [95mCEU_synergy: 0.1441 [95mCEU_coexistence: 0.9151 [97mS:[93m14.4%[97m([91m2.8c[97m-[94mF1:12.6%) [97mU1:[93m20.8%[97m([91m3.6c[97m) [97mU2:[93m83.1%[97m([91m25.2c[97m) [97mR:[93m91.5%[97m([91m30.2c[97m) [97mS-L: [92m1:[96m17%[39m [39m
2026-07-25 15:57:42,874 - Agent - INFO - [37mVal Epoch 9 step 9 with [31mce_loss_combined : 0.725535 [31mce_loss_c : 0.696424 [31mce_loss_g : 0.736461 [31mkl_synergy_rand_1 : 0.000144 [31mkl_synergy_rand_2 : 0.000179 [31mkl_synergy_1 : 0.000090 [31mkl_synergy_2 : 0.000173 [31mtotal : 0.726121 [31mdiag_kl_1 : 0.138675 [31mdiag_kl_2 : 0.036211 [94mAcc_combined: 61.32 [94mAcc_c: 51.06 [94mAcc_g: 61.61 [92mF1_combined: 60.04 [92mF1_c: 64.76 [92mF1_g: 60.73 [95mCEU_cue_audio: 0.2191 [95mCEU_cue_video: 0.8120 [95mCEU_synergy: 0.0597 [95mCEU_coexistence: 0.9442 [97mS:[93m6.0%[97m([91m1.2c[97m-[94mF1:5.6%) [97mU1:[93m21.9%[97m([91m3.8c[97m) [97mU2:[93m81.2%[97m([91m24.7c[97m) [97mR:[93m94.4%[97m([91m31.1c[97m) [97mS-L: [92m1:[96m7%[39m [39m
2026-07-25 15:58:09,692 - Agent - INFO - [37mVal Epoch 10 step 10 with [31mce_loss_combined : 0.749784 [31mce_loss_c : 0.697460 [31mce_loss_g : 0.736966 [31mkl_synergy_rand_1 : 0.000188 [31mkl_synergy_rand_2 : 0.000236 [31mkl_synergy_1 : 0.000127 [31mkl_synergy_2 : 0.000241 [31mtotal : 0.750576 [31mdiag_kl_1 : 0.179070 [31mdiag_kl_2 : 0.039650 [94mAcc_combined: 61.32 [94mAcc_c: 51.02 [94mAcc_g: 62.72 [92mF1_combined: 59.51 [92mF1_c: 65.56 [92mF1_g: 62.19 [95mCEU_cue_audio: 0.1854 [95mCEU_cue_video: 0.8502 [95mCEU_synergy: 0.1143 [95mCEU_coexistence: 0.9327 [97mS:[93m11.4%[97m([91m2.2c[97m-[94mF1:10.3%) [97mU1:[93m18.5%[97m([91m3.2c[97m) [97mU2:[93m85.0%[97m([91m25.8c[97m) [97mR:[93m93.3%[97m([91m30.8c[97m) [97mS-L: [92m1:[96m13%[39m [39m
2026-07-25 15:58:36,649 - Agent - INFO - [37mVal Epoch 11 step 11 with [31mce_loss_combined : 0.710968 [31mce_loss_c : 0.696427 [31mce_loss_g : 0.700906 [31mkl_synergy_rand_1 : 0.000115 [31mkl_synergy_rand_2 : 0.000131 [31mkl_synergy_1 : 0.000071 [31mkl_synergy_2 : 0.000127 [31mtotal : 0.711412 [31mdiag_kl_1 : 0.108711 [31mdiag_kl_2 : 0.022944 [94mAcc_combined: 58.70 [94mAcc_c: 50.53 [94mAcc_g: 62.38 [92mF1_combined: 55.57 [92mF1_c: 63.61 [92mF1_g: 60.83 [95mCEU_cue_audio: 0.3763 [95mCEU_cue_video: 0.6177 [95mCEU_synergy: 0.0396 [95mCEU_coexistence: 0.9706 [97mS:[93m4.0%[97m([91m0.8c[97m-[94mF1:3.9%) [97mU1:[93m37.6%[97m([91m6.5c[97m) [97mU2:[93m61.8%[97m([91m18.8c[97m) [97mR:[93m97.1%[97m([91m32.0c[97m) [97mS-L: [92m0:[96m23% [92m1:[96m1%[39m [39m
2026-07-25 15:59:03,410 - Agent - INFO - [37mVal Epoch 12 step 12 with [31mce_loss_combined : 0.694943 [31mce_loss_c : 0.696201 [31mce_loss_g : 0.693083 [31mkl_synergy_rand_1 : 0.000075 [31mkl_synergy_rand_2 : 0.000093 [31mkl_synergy_1 : 0.000052 [31mkl_synergy_2 : 0.000092 [31mtotal : 0.695254 [31mdiag_kl_1 : 0.071514 [31mdiag_kl_2 : 0.028342 [94mAcc_combined: 62.23 [94mAcc_c: 51.06 [94mAcc_g: 63.10 [92mF1_combined: 60.09 [92mF1_c: 66.31 [92mF1_g: 61.79 [95mCEU_cue_audio: 0.2416 [95mCEU_cue_video: 0.8057 [95mCEU_synergy: 0.0746 [95mCEU_coexistence: 0.9706 [97mS:[93m7.5%[97m([91m1.5c[97m-[94mF1:6.9%) [97mU1:[93m24.2%[97m([91m4.2c[97m) [97mU2:[93m80.6%[97m([91m24.5c[97m) [97mR:[93m97.1%[97m([91m32.0c[97m) [97mS-L: [92m1:[96m9%[39m [39m
2026-07-25 15:59:30,388 - Agent - INFO - [37mVal Epoch 13 step 13 with [31mce_loss_combined : 0.723656 [31mce_loss_c : 0.698162 [31mce_loss_g : 0.718356 [31mkl_synergy_rand_1 : 0.000148 [31mkl_synergy_rand_2 : 0.000178 [31mkl_synergy_1 : 0.000099 [31mkl_synergy_2 : 0.000181 [31mtotal : 0.724262 [31mdiag_kl_1 : 0.137732 [31mdiag_kl_2 : 0.034183 [94mAcc_combined: 61.61 [94mAcc_c: 50.48 [94mAcc_g: 62.48 [92mF1_combined: 60.96 [92mF1_c: 62.93 [92mF1_g: 61.47 [95mCEU_cue_audio: 0.2079 [95mCEU_cue_video: 0.8215 [95mCEU_synergy: 0.1441 [95mCEU_coexistence: 0.9121 [97mS:[93m14.4%[97m([91m2.8c[97m-[94mF1:12.6%) [97mU1:[93m20.8%[97m([91m3.6c[97m) [97mU2:[93m82.2%[97m([91m25.0c[97m) [97mR:[93m91.2%[97m([91m30.1c[97m) [97mS-L: [92m1:[96m17%[39m [39m
2026-07-25 15:59:57,285 - Agent - INFO - [37mVal Epoch 14 step 14 with [31mce_loss_combined : 0.722883 [31mce_loss_c : 0.696725 [31mce_loss_g : 0.718826 [31mkl_synergy_rand_1 : 0.000139 [31mkl_synergy_rand_2 : 0.000169 [31mkl_synergy_1 : 0.000086 [31mkl_synergy_2 : 0.000166 [31mtotal : 0.723444 [31mdiag_kl_1 : 0.135884 [31mdiag_kl_2 : 0.030662 [94mAcc_combined: 61.61 [94mAcc_c: 51.60 [94mAcc_g: 62.77 [92mF1_combined: 60.89 [92mF1_c: 65.92 [92mF1_g: 61.46 [95mCEU_cue_audio: 0.1964 [95mCEU_cue_video: 0.8311 [95mCEU_synergy: 0.1492 [95mCEU_coexistence: 0.9178 [97mS:[93m14.9%[97m([91m2.9c[97m-[94mF1:13.0%) [97mU1:[93m19.7%[97m([91m3.4c[97m) [97mU2:[93m83.1%[97m([91m25.2c[97m) [97mR:[93m91.8%[97m([91m30.3c[97m) [97mS-L: [92m1:[96m18%[39m [39m
2026-07-25 16:00:24,331 - Agent - INFO - [37mVal Epoch 15 step 15 with [31mce_loss_combined : 0.740069 [31mce_loss_c : 0.697271 [31mce_loss_g : 0.732528 [31mkl_synergy_rand_1 : 0.000168 [31mkl_synergy_rand_2 : 0.000197 [31mkl_synergy_1 : 0.000104 [31mkl_synergy_2 : 0.000198 [31mtotal : 0.740735 [31mdiag_kl_1 : 0.158542 [31mdiag_kl_2 : 0.033742 [94mAcc_combined: 61.80 [94mAcc_c: 51.45 [94mAcc_g: 63.44 [92mF1_combined: 60.81 [92mF1_c: 65.40 [92mF1_g: 62.35 [95mCEU_cue_audio: 0.2247 [95mCEU_cue_video: 0.7929 [95mCEU_synergy: 0.0694 [95mCEU_coexistence: 0.9648 [97mS:[93m7.0%[97m([91m1.4c[97m-[94mF1:6.5%) [97mU1:[93m22.5%[97m([91m3.9c[97m) [97mU2:[93m79.3%[97m([91m24.1c[97m) [97mR:[93m96.5%[97m([91m31.8c[97m) [97mS-L: [92m1:[96m8%[39m [39m
2026-07-25 16:00:43,366 - Agent - INFO - [37mModel saved successfully at: ./artifacts/models/multibench/ur_funny/vt/SynIB_RMask_REFABL_urfunny_fold2_l0.001_perturbrandom_fillema_pmin0.7_refuniform_lr0.001_wd0.001.pth.tar[39m
2026-07-25 16:00:51,984 - Agent - INFO - [37mVal Epoch 16 step 16 with [31mce_loss_combined : 0.741917 [31mce_loss_c : 0.697398 [31mce_loss_g : 0.734177 [31mkl_synergy_rand_1 : 0.000167 [31mkl_synergy_rand_2 : 0.000199 [31mkl_synergy_1 : 0.000104 [31mkl_synergy_2 : 0.000201 [31mtotal : 0.742587 [31mdiag_kl_1 : 0.156298 [31mdiag_kl_2 : 0.034479 [94mAcc_combined: 61.65 [94mAcc_c: 51.45 [94mAcc_g: 62.62 [92mF1_combined: 60.68 [92mF1_c: 65.40 [92mF1_g: 61.48 [95mCEU_cue_audio: 0.2079 [95mCEU_cue_video: 0.8185 [95mCEU_synergy: 0.0993 [95mCEU_coexistence: 0.9503 [97mS:[93m10.0%[97m([91m1.9c[97m-[94mF1:9.0%) [97mU1:[93m20.8%[97m([91m3.6c[97m) [97mU2:[93m81.8%[97m([91m24.9c[97m) [97mR:[93m95.0%[97m([91m31.3c[97m) [97mS-L: [92m1:[96m12%[39m [39m
2026-07-25 16:01:19,241 - Agent - INFO - [37mVal Epoch 17 step 17 with [31mce_loss_combined : 0.698780 [31mce_loss_c : 0.695978 [31mce_loss_g : 0.692131 [31mkl_synergy_rand_1 : 0.000071 [31mkl_synergy_rand_2 : 0.000086 [31mkl_synergy_1 : 0.000053 [31mkl_synergy_2 : 0.000086 [31mtotal : 0.699075 [31mdiag_kl_1 : 0.071853 [31mdiag_kl_2 : 0.042402 [94mAcc_combined: 55.46 [94mAcc_c: 50.92 [94mAcc_g: 57.88 [92mF1_combined: 55.27 [92mF1_c: 66.20 [92mF1_g: 55.99 [95mCEU_cue_audio: 0.4832 [95mCEU_cue_video: 0.5031 [95mCEU_synergy: 0.1143 [95mCEU_coexistence: 0.9033 [97mS:[93m11.4%[97m([91m2.2c[97m-[94mF1:10.3%) [97mU1:[93m48.3%[97m([91m8.3c[97m) [97mU2:[93m50.3%[97m([91m15.3c[97m) [97mR:[93m90.3%[97m([91m29.8c[97m) [97mS-L: [92m0:[96m77%[39m [39m
2026-07-25 16:01:46,442 - Agent - INFO - [37mVal Epoch 18 step 18 with [31mce_loss_combined : 0.695269 [31mce_loss_c : 0.697401 [31mce_loss_g : 0.704028 [31mkl_synergy_rand_1 : 0.000111 [31mkl_synergy_rand_2 : 0.000139 [31mkl_synergy_1 : 0.000065 [31mkl_synergy_2 : 0.000137 [31mtotal : 0.695720 [31mdiag_kl_1 : 0.109708 [31mdiag_kl_2 : 0.030575 [94mAcc_combined: 61.56 [94mAcc_c: 49.47 [94mAcc_g: 61.56 [92mF1_combined: 61.01 [92mF1_c: 60.79 [92mF1_g: 60.11 [95mCEU_cue_audio: 0.1854 [95mCEU_cue_video: 0.8535 [95mCEU_synergy: 0.2238 [95mCEU_coexistence: 0.8532 [97mS:[93m22.4%[97m([91m4.4c[97m-[94mF1:18.3%) [97mU1:[93m18.5%[97m([91m3.2c[97m) [97mU2:[93m85.4%[97m([91m25.9c[97m) [97mR:[93m85.3%[97m([91m28.1c[97m) [97mS-L: [92m1:[96m26%[39m [39m
2026-07-25 16:02:13,526 - Agent - INFO - [37mVal Epoch 19 step 19 with [31mce_loss_combined : 0.720225 [31mce_loss_c : 0.697503 [31mce_loss_g : 0.712081 [31mkl_synergy_rand_1 : 0.000125 [31mkl_synergy_rand_2 : 0.000147 [31mkl_synergy_1 : 0.000080 [31mkl_synergy_2 : 0.000148 [31mtotal : 0.720726 [31mdiag_kl_1 : 0.119778 [31mdiag_kl_2 : 0.046934 [94mAcc_combined: 60.30 [94mAcc_c: 49.61 [94mAcc_g: 60.49 [92mF1_combined: 59.01 [92mF1_c: 61.26 [92mF1_g: 59.41 [95mCEU_cue_audio: 0.2305 [95mCEU_cue_video: 0.7994 [95mCEU_synergy: 0.3184 [95mCEU_coexistence: 0.7802 [97mS:[93m31.8%[97m([91m6.2c[97m-[94mF1:24.2%) [97mU1:[93m23.0%[97m([91m4.0c[97m) [97mU2:[93m79.9%[97m([91m24.3c[97m) [97mR:[93m78.0%[97m([91m25.7c[97m) [97mS-L: [92m1:[96m37%[39m [39m
2026-07-25 16:02:40,998 - Evaluator - INFO - New best with syn_accuracy-
2026-07-25 16:02:40,998 - Agent - INFO - [37mVal Epoch 20 step 20 with [31mce_loss_combined : 0.711585 [31mce_loss_c : 0.696039 [31mce_loss_g : 0.702280 [31mkl_synergy_rand_1 : 0.000094 [31mkl_synergy_rand_2 : 0.000117 [31mkl_synergy_1 : 0.000068 [31mkl_synergy_2 : 0.000116 [31mtotal : 0.711979 [31mdiag_kl_1 : 0.093539 [31mdiag_kl_2 : 0.065399 [94mAcc_combined: 59.33 [94mAcc_c: 50.29 [94mAcc_g: 59.09 [92mF1_combined: 58.51 [92mF1_c: 5.69 [92mF1_g: 57.66 [95mCEU_cue_audio: 0.2528 [95mCEU_cue_video: 0.7962 [95mCEU_synergy: 0.4676 [95mCEU_coexistence: 0.6656 [97mS:[93m46.8%[97m([91m9.1c[97m-[94mF1:31.9%) [97mU1:[93m25.3%[97m([91m4.4c[97m) [97mU2:[93m79.6%[97m([91m24.2c[97m) [97mR:[93m66.6%[97m([91m22.0c[97m) [97mS-L: [92m1:[96m55%[39m [39m
2026-07-25 16:02:41,015 - Agent - INFO - [37mTest Epoch 20 step 20 with [31mce_loss_combined : 0.681785 [31mce_loss_c : 0.689936 [31mce_loss_g : 0.667384 [31mkl_synergy_rand_1 : 0.000108 [31mkl_synergy_rand_2 : 0.000122 [31mkl_synergy_1 : 0.000068 [31mkl_synergy_2 : 0.000122 [31mtotal : 0.682204 [31mdiag_kl_1 : 0.106891 [31mdiag_kl_2 : 0.070600 [94mAcc_combined: 62.00 [94mAcc_c: 50.99 [94mAcc_g: 62.62 [92mF1_combined: 61.57 [92mF1_c: 7.16 [92mF1_g: 61.55 [95mCEU_cue_audio: 0.3460 [95mCEU_cue_video: 0.7909 [95mCEU_synergy: 0.5128 [95mCEU_coexistence: 0.6888 [97mS:[93m51.3%[97m([91m9.5c[97m-[94mF1:33.9%) [97mU1:[93m34.6%[97m([91m6.9c[97m) [97mU2:[93m79.1%[97m([91m21.8c[97m) [97mR:[93m68.9%[97m([91m23.4c[97m) [97mS-L: [92m1:[96m63%[39m [39m
2026-07-25 16:02:41,315 - Agent - INFO - [37mModel saved successfully at: ./artifacts/models/multibench/ur_funny/vt/SynIB_RMask_REFABL_urfunny_fold2_l0.001_perturbrandom_fillema_pmin0.7_refuniform_lr0.001_wd0.001.pth.tar[39m
2026-07-25 16:03:09,029 - Agent - INFO - [37mVal Epoch 21 step 21 with [31mce_loss_combined : 0.711246 [31mce_loss_c : 0.696529 [31mce_loss_g : 0.712563 [31mkl_synergy_rand_1 : 0.000120 [31mkl_synergy_rand_2 : 0.000149 [31mkl_synergy_1 : 0.000076 [31mkl_synergy_2 : 0.000147 [31mtotal : 0.711738 [31mdiag_kl_1 : 0.114436 [31mdiag_kl_2 : 0.033396 [94mAcc_combined: 60.78 [94mAcc_c: 51.21 [94mAcc_g: 61.51 [92mF1_combined: 60.65 [92mF1_c: 65.62 [92mF1_g: 60.40 [95mCEU_cue_audio: 0.2247 [95mCEU_cue_video: 0.8057 [95mCEU_synergy: 0.0947 [95mCEU_coexistence: 0.9384 [97mS:[93m9.5%[97m([91m1.8c[97m-[94mF1:8.6%) [97mU1:[93m22.5%[97m([91m3.9c[97m) [97mU2:[93m80.6%[97m([91m24.5c[97m) [97mR:[93m93.8%[97m([91m30.9c[97m) [97mS-L: [92m1:[96m11%[39m [39m
2026-07-25 16:03:36,431 - Agent - INFO - [37mVal Epoch 22 step 22 with [31mce_loss_combined : 0.734055 [31mce_loss_c : 0.696917 [31mce_loss_g : 0.727479 [31mkl_synergy_rand_1 : 0.000153 [31mkl_synergy_rand_2 : 0.000176 [31mkl_synergy_1 : 0.000100 [31mkl_synergy_2 : 0.000180 [31mtotal : 0.734664 [31mdiag_kl_1 : 0.148980 [31mdiag_kl_2 : 0.038219 [94mAcc_combined: 60.59 [94mAcc_c: 51.31 [94mAcc_g: 61.12 [92mF1_combined: 60.42 [92mF1_c: 65.60 [92mF1_g: 59.76 [95mCEU_cue_audio: 0.2247 [95mCEU_cue_video: 0.8153 [95mCEU_synergy: 0.1641 [95mCEU_coexistence: 0.8827 [97mS:[93m16.4%[97m([91m3.2c[97m-[94mF1:14.1%) [97mU1:[93m22.5%[97m([91m3.9c[97m) [97mU2:[93m81.5%[97m([91m24.8c[97m) [97mR:[93m88.3%[97m([91m29.1c[97m) [97mS-L: [92m1:[96m19%[39m [39m
2026-07-25 16:04:03,641 - Agent - INFO - [37mVal Epoch 23 step 23 with [31mce_loss_combined : 0.722777 [31mce_loss_c : 0.695149 [31mce_loss_g : 0.724874 [31mkl_synergy_rand_1 : 0.000123 [31mkl_synergy_rand_2 : 0.000157 [31mkl_synergy_1 : 0.000083 [31mkl_synergy_2 : 0.000156 [31mtotal : 0.723296 [31mdiag_kl_1 : 0.119321 [31mdiag_kl_2 : 0.038058 [94mAcc_combined: 62.04 [94mAcc_c: 51.35 [94mAcc_g: 62.23 [92mF1_combined: 62.24 [92mF1_c: 65.41 [92mF1_g: 60.73 [95mCEU_cue_audio: 0.2584 [95mCEU_cue_video: 0.8090 [95mCEU_synergy: 0.0797 [95mCEU_coexistence: 0.9442 [97mS:[93m8.0%[97m([91m1.5c[97m-[94mF1:7.7%) [97mU1:[93m25.8%[97m([91m4.4c[97m) [97mU2:[93m80.9%[97m([91m24.6c[97m) [97mR:[93m94.4%[97m([91m31.1c[97m) [97mS-L: [92m0:[96m10% [92m1:[96m8%[39m [39m
2026-07-25 16:04:31,295 - Agent - INFO - [37mVal Epoch 24 step 24 with [31mce_loss_combined : 0.714795 [31mce_loss_c : 0.696722 [31mce_loss_g : 0.713729 [31mkl_synergy_rand_1 : 0.000128 [31mkl_synergy_rand_2 : 0.000158 [31mkl_synergy_1 : 0.000079 [31mkl_synergy_2 : 0.000160 [31mtotal : 0.715319 [31mdiag_kl_1 : 0.122726 [31mdiag_kl_2 : 0.043532 [94mAcc_combined: 60.83 [94mAcc_c: 50.97 [94mAcc_g: 61.27 [92mF1_combined: 61.17 [92mF1_c: 64.14 [92mF1_g: 59.61 [95mCEU_cue_audio: 0.2642 [95mCEU_cue_video: 0.7994 [95mCEU_synergy: 0.1543 [95mCEU_coexistence: 0.8769 [97mS:[93m15.4%[97m([91m3.0c[97m-[94mF1:13.4%) [97mU1:[93m26.4%[97m([91m4.5c[97m) [97mU2:[93m79.9%[97m([91m24.3c[97m) [97mR:[93m87.7%[97m([91m28.9c[97m) [97mS-L: [92m1:[96m18%[39m [39m
2026-07-25 16:04:58,895 - Agent - INFO - [37mVal Epoch 25 step 25 with [31mce_loss_combined : 0.756920 [31mce_loss_c : 0.696490 [31mce_loss_g : 0.747835 [31mkl_synergy_rand_1 : 0.000171 [31mkl_synergy_rand_2 : 0.000212 [31mkl_synergy_1 : 0.000112 [31mkl_synergy_2 : 0.000211 [31mtotal : 0.757625 [31mdiag_kl_1 : 0.164394 [31mdiag_kl_2 : 0.050931 [94mAcc_combined: 61.32 [94mAcc_c: 50.34 [94mAcc_g: 62.19 [92mF1_combined: 61.87 [92mF1_c: 62.78 [92mF1_g: 60.54 [95mCEU_cue_audio: 0.2696 [95mCEU_cue_video: 0.7962 [95mCEU_synergy: 0.1394 [95mCEU_coexistence: 0.9033 [97mS:[93m13.9%[97m([91m2.7c[97m-[94mF1:12.5%) [97mU1:[93m27.0%[97m([91m4.6c[97m) [97mU2:[93m79.6%[97m([91m24.2c[97m) [97mR:[93m90.3%[97m([91m29.8c[97m) [97mS-L: [92m0:[96m3% [92m1:[96m16%[39m [39m
2026-07-25 16:05:26,195 - Agent - INFO - [37mVal Epoch 26 step 26 with [31mce_loss_combined : 0.752398 [31mce_loss_c : 0.695680 [31mce_loss_g : 0.752026 [31mkl_synergy_rand_1 : 0.000160 [31mkl_synergy_rand_2 : 0.000198 [31mkl_synergy_1 : 0.000107 [31mkl_synergy_2 : 0.000199 [31mtotal : 0.753062 [31mdiag_kl_1 : 0.156264 [31mdiag_kl_2 : 0.049428 [94mAcc_combined: 61.51 [94mAcc_c: 51.69 [94mAcc_g: 61.03 [92mF1_combined: 61.77 [92mF1_c: 65.25 [92mF1_g: 59.29 [95mCEU_cue_audio: 0.2753 [95mCEU_cue_video: 0.7899 [95mCEU_synergy: 0.1193 [95mCEU_coexistence: 0.9209 [97mS:[93m11.9%[97m([91m2.3c[97m-[94mF1:11.2%) [97mU1:[93m27.5%[97m([91m4.7c[97m) [97mU2:[93m79.0%[97m([91m24.0c[97m) [97mR:[93m92.1%[97m([91m30.4c[97m) [97mS-L: [92m0:[96m10% [92m1:[96m12%[39m [39m
2026-07-25 16:05:53,572 - Agent - INFO - [37mVal Epoch 27 step 27 with [31mce_loss_combined : 0.777392 [31mce_loss_c : 0.697024 [31mce_loss_g : 0.767122 [31mkl_synergy_rand_1 : 0.000214 [31mkl_synergy_rand_2 : 0.000253 [31mkl_synergy_1 : 0.000133 [31mkl_synergy_2 : 0.000256 [31mtotal : 0.778249 [31mdiag_kl_1 : 0.206495 [31mdiag_kl_2 : 0.072226 [94mAcc_combined: 61.27 [94mAcc_c: 50.77 [94mAcc_g: 61.46 [92mF1_combined: 61.47 [92mF1_c: 63.82 [92mF1_g: 60.25 [95mCEU_cue_audio: 0.2584 [95mCEU_cue_video: 0.8057 [95mCEU_synergy: 0.2042 [95mCEU_coexistence: 0.8620 [97mS:[93m20.4%[97m([91m4.0c[97m-[94mF1:16.9%) [97mU1:[93m25.8%[97m([91m4.4c[97m) [97mU2:[93m80.6%[97m([91m24.5c[97m) [97mR:[93m86.2%[97m([91m28.4c[97m) [97mS-L: [92m1:[96m24%[39m [39m
2026-07-25 16:06:21,150 - Agent - INFO - [37mVal Epoch 28 step 28 with [31mce_loss_combined : 0.787491 [31mce_loss_c : 0.696502 [31mce_loss_g : 0.774556 [31mkl_synergy_rand_1 : 0.000199 [31mkl_synergy_rand_2 : 0.000248 [31mkl_synergy_1 : 0.000130 [31mkl_synergy_2 : 0.000245 [31mtotal : 0.788314 [31mdiag_kl_1 : 0.190838 [31mdiag_kl_2 : 0.081472 [94mAcc_combined: 59.62 [94mAcc_c: 51.60 [94mAcc_g: 60.15 [92mF1_combined: 59.84 [92mF1_c: 65.92 [92mF1_g: 58.68 [95mCEU_cue_audio: 0.2305 [95mCEU_cue_video: 0.7833 [95mCEU_synergy: 0.2341 [95mCEU_coexistence: 0.8329 [97mS:[93m23.4%[97m([91m4.5c[97m-[94mF1:19.0%) [97mU1:[93m23.0%[97m([91m4.0c[97m) [97mU2:[93m78.3%[97m([91m23.8c[97m) [97mR:[93m83.3%[97m([91m27.5c[97m) [97mS-L: [92m1:[96m27%[39m [39m
2026-07-25 16:06:48,851 - Agent - INFO - [37mVal Epoch 29 step 29 with [31mce_loss_combined : 0.777427 [31mce_loss_c : 0.697196 [31mce_loss_g : 0.764516 [31mkl_synergy_rand_1 : 0.000198 [31mkl_synergy_rand_2 : 0.000231 [31mkl_synergy_1 : 0.000125 [31mkl_synergy_2 : 0.000226 [31mtotal : 0.778208 [31mdiag_kl_1 : 0.188261 [31mdiag_kl_2 : 0.074760 [94mAcc_combined: 60.06 [94mAcc_c: 50.87 [94mAcc_g: 60.64 [92mF1_combined: 60.33 [92mF1_c: 63.92 [92mF1_g: 59.05 [95mCEU_cue_audio: 0.2753 [95mCEU_cue_video: 0.7771 [95mCEU_synergy: 0.1740 [95mCEU_coexistence: 0.8563 [97mS:[93m17.4%[97m([91m3.4c[97m-[94mF1:15.1%) [97mU1:[93m27.5%[97m([91m4.7c[97m) [97mU2:[93m77.7%[97m([91m23.6c[97m) [97mR:[93m85.6%[97m([91m28.2c[97m) [97mS-L: [92m0:[96m3% [92m1:[96m20%[39m [39m
2026-07-25 16:07:16,311 - Agent - INFO - [37mVal Epoch 30 step 30 with [31mce_loss_combined : 0.795023 [31mce_loss_c : 0.697035 [31mce_loss_g : 0.781174 [31mkl_synergy_rand_1 : 0.000224 [31mkl_synergy_rand_2 : 0.000263 [31mkl_synergy_1 : 0.000138 [31mkl_synergy_2 : 0.000258 [31mtotal : 0.795905 [31mdiag_kl_1 : 0.214958 [31mdiag_kl_2 : 0.080715 [94mAcc_combined: 60.35 [94mAcc_c: 50.73 [94mAcc_g: 61.07 [92mF1_combined: 60.61 [92mF1_c: 63.80 [92mF1_g: 59.49 [95mCEU_cue_audio: 0.2753 [95mCEU_cue_video: 0.7899 [95mCEU_synergy: 0.1641 [95mCEU_coexistence: 0.8593 [97mS:[93m16.4%[97m([91m3.2c[97m-[94mF1:14.4%) [97mU1:[93m27.5%[97m([91m4.7c[97m) [97mU2:[93m79.0%[97m([91m24.0c[97m) [97mR:[93m85.9%[97m([91m28.3c[97m) [97mS-L: [92m0:[96m3% [92m1:[96m19%[39m [39m
2026-07-25 16:07:43,635 - Agent - INFO - [37mVal Epoch 31 step 31 with [31mce_loss_combined : 0.794280 [31mce_loss_c : 0.697309 [31mce_loss_g : 0.782311 [31mkl_synergy_rand_1 : 0.000216 [31mkl_synergy_rand_2 : 0.000260 [31mkl_synergy_1 : 0.000137 [31mkl_synergy_2 : 0.000257 [31mtotal : 0.795150 [31mdiag_kl_1 : 0.210916 [31mdiag_kl_2 : 0.077253 [94mAcc_combined: 59.86 [94mAcc_c: 50.82 [94mAcc_g: 61.17 [92mF1_combined: 59.98 [92mF1_c: 63.79 [92mF1_g: 59.55 [95mCEU_cue_audio: 0.2811 [95mCEU_cue_video: 0.7708 [95mCEU_synergy: 0.1441 [95mCEU_coexistence: 0.8827 [97mS:[93m14.4%[97m([91m2.8c[97m-[94mF1:12.9%) [97mU1:[93m28.1%[97m([91m4.8c[97m) [97mU2:[93m77.1%[97m([91m23.4c[97m) [97mR:[93m88.3%[97m([91m29.1c[97m) [97mS-L: [92m0:[96m3% [92m1:[96m16%[39m [39m
2026-07-25 16:08:02,566 - Agent - INFO - [37mModel saved successfully at: ./artifacts/models/multibench/ur_funny/vt/SynIB_RMask_REFABL_urfunny_fold2_l0.001_perturbrandom_fillema_pmin0.7_refuniform_lr0.001_wd0.001.pth.tar[39m
2026-07-25 16:08:11,192 - Agent - INFO - [37mVal Epoch 32 step 32 with [31mce_loss_combined : 0.801025 [31mce_loss_c : 0.697198 [31mce_loss_g : 0.787446 [31mkl_synergy_rand_1 : 0.000231 [31mkl_synergy_rand_2 : 0.000271 [31mkl_synergy_1 : 0.000152 [31mkl_synergy_2 : 0.000266 [31mtotal : 0.801945 [31mdiag_kl_1 : 0.226388 [31mdiag_kl_2 : 0.081315 [94mAcc_combined: 60.01 [94mAcc_c: 50.87 [94mAcc_g: 61.22 [92mF1_combined: 60.18 [92mF1_c: 63.82 [92mF1_g: 59.66 [95mCEU_cue_audio: 0.2753 [95mCEU_cue_video: 0.7803 [95mCEU_synergy: 0.1492 [95mCEU_coexistence: 0.8681 [97mS:[93m14.9%[97m([91m2.9c[97m-[94mF1:13.2%) [97mU1:[93m27.5%[97m([91m4.7c[97m) [97mU2:[93m78.0%[97m([91m23.7c[97m) [97mR:[93m86.8%[97m([91m28.6c[97m) [97mS-L: [92m0:[96m3% [92m1:[96m17%[39m [39m
2026-07-25 16:08:38,844 - Agent - INFO - [37mVal Epoch 33 step 33 with [31mce_loss_combined : 0.701478 [31mce_loss_c : 0.696177 [31mce_loss_g : 0.714750 [31mkl_synergy_rand_1 : 0.000074 [31mkl_synergy_rand_2 : 0.000094 [31mkl_synergy_1 : 0.000048 [31mkl_synergy_2 : 0.000092 [31mtotal : 0.701786 [31mdiag_kl_1 : 0.073843 [31mdiag_kl_2 : 0.036377 [94mAcc_combined: 61.56 [94mAcc_c: 51.21 [94mAcc_g: 61.99 [92mF1_combined: 61.76 [92mF1_c: 64.90 [92mF1_g: 59.65 [95mCEU_cue_audio: 0.2753 [95mCEU_cue_video: 0.7833 [95mCEU_synergy: 0.1641 [95mCEU_coexistence: 0.9002 [97mS:[93m16.4%[97m([91m3.2c[97m-[94mF1:14.6%) [97mU1:[93m27.5%[97m([91m4.7c[97m) [97mU2:[93m78.3%[97m([91m23.8c[97m) [97mR:[93m90.0%[97m([91m29.7c[97m) [97mS-L: [92m0:[96m7% [92m1:[96m18%[39m [39m
2026-07-25 16:09:05,951 - Agent - INFO - [37mVal Epoch 34 step 34 with [31mce_loss_combined : 0.723923 [31mce_loss_c : 0.695476 [31mce_loss_g : 0.719546 [31mkl_synergy_rand_1 : 0.000117 [31mkl_synergy_rand_2 : 0.000148 [31mkl_synergy_1 : 0.000084 [31mkl_synergy_2 : 0.000149 [31mtotal : 0.724421 [31mdiag_kl_1 : 0.119540 [31mdiag_kl_2 : 0.044508 [94mAcc_combined: 61.17 [94mAcc_c: 51.21 [94mAcc_g: 61.46 [92mF1_combined: 61.34 [92mF1_c: 64.90 [92mF1_g: 59.97 [95mCEU_cue_audio: 0.3484 [95mCEU_cue_video: 0.7421 [95mCEU_synergy: 0.1641 [95mCEU_coexistence: 0.8914 [97mS:[93m16.4%[97m([91m3.2c[97m-[94mF1:16.4%) [97mU1:[93m34.8%[97m([91m6.0c[97m) [97mU2:[93m74.2%[97m([91m22.5c[97m) [97mR:[93m89.1%[97m([91m29.4c[97m) [97mS-L: [92m0:[96m53% [92m1:[96m10%[39m [39m
2026-07-25 16:09:33,277 - Agent - INFO - [37mVal Epoch 35 step 35 with [31mce_loss_combined : 0.764574 [31mce_loss_c : 0.696330 [31mce_loss_g : 0.766272 [31mkl_synergy_rand_1 : 0.000191 [31mkl_synergy_rand_2 : 0.000233 [31mkl_synergy_1 : 0.000114 [31mkl_synergy_2 : 0.000234 [31mtotal : 0.765346 [31mdiag_kl_1 : 0.190629 [31mdiag_kl_2 : 0.080993 [94mAcc_combined: 61.75 [94mAcc_c: 50.29 [94mAcc_g: 61.27 [92mF1_combined: 61.55 [92mF1_c: 66.25 [92mF1_g: 60.21 [95mCEU_cue_audio: 0.2247 [95mCEU_cue_video: 0.8502 [95mCEU_synergy: 0.2088 [95mCEU_coexistence: 0.8505 [97mS:[93m20.9%[97m([91m4.1c[97m-[94mF1:17.3%) [97mU1:[93m22.5%[97m([91m3.9c[97m) [97mU2:[93m85.0%[97m([91m25.8c[97m) [97mR:[93m85.0%[97m([91m28.0c[97m) [97mS-L: [92m1:[96m25%[39m [39m
2026-07-25 16:10:00,250 - Agent - INFO - [37mVal Epoch 36 step 36 with [31mce_loss_combined : 0.747238 [31mce_loss_c : 0.695596 [31mce_loss_g : 0.762423 [31mkl_synergy_rand_1 : 0.000154 [31mkl_synergy_rand_2 : 0.000197 [31mkl_synergy_1 : 0.000102 [31mkl_synergy_2 : 0.000196 [31mtotal : 0.747887 [31mdiag_kl_1 : 0.152523 [31mdiag_kl_2 : 0.051683 [94mAcc_combined: 61.12 [94mAcc_c: 51.16 [94mAcc_g: 61.03 [92mF1_combined: 60.28 [92mF1_c: 65.58 [92mF1_g: 59.42 [95mCEU_cue_audio: 0.3148 [95mCEU_cue_video: 0.7451 [95mCEU_synergy: 0.1044 [95mCEU_coexistence: 0.9327 [97mS:[93m10.4%[97m([91m2.0c[97m-[94mF1:9.8%) [97mU1:[93m31.5%[97m([91m5.4c[97m) [97mU2:[93m74.5%[97m([91m22.6c[97m) [97mR:[93m93.3%[97m([91m30.8c[97m) [97mS-L: [92m0:[96m7% [92m1:[96m11%[39m [39m
2026-07-25 16:10:27,258 - Agent - INFO - [37mVal Epoch 37 step 37 with [31mce_loss_combined : 0.710716 [31mce_loss_c : 0.696802 [31mce_loss_g : 0.710143 [31mkl_synergy_rand_1 : 0.000083 [31mkl_synergy_rand_2 : 0.000108 [31mkl_synergy_1 : 0.000060 [31mkl_synergy_2 : 0.000106 [31mtotal : 0.711074 [31mdiag_kl_1 : 0.082378 [31mdiag_kl_2 : 0.048191 [94mAcc_combined: 59.72 [94mAcc_c: 51.16 [94mAcc_g: 60.78 [92mF1_combined: 57.87 [92mF1_c: 65.67 [92mF1_g: 58.47 [95mCEU_cue_audio: 0.3653 [95mCEU_cue_video: 0.7039 [95mCEU_synergy: 0.1492 [95mCEU_coexistence: 0.9151 [97mS:[93m14.9%[97m([91m2.9c[97m-[94mF1:14.1%) [97mU1:[93m36.5%[97m([91m6.3c[97m) [97mU2:[93m70.4%[97m([91m21.4c[97m) [97mR:[93m91.5%[97m([91m30.2c[97m) [97mS-L: [92m0:[96m17% [92m1:[96m15%[39m [39m
2026-07-25 16:10:54,390 - Agent - INFO - [37mVal Epoch 38 step 38 with [31mce_loss_combined : 0.771611 [31mce_loss_c : 0.696528 [31mce_loss_g : 0.764709 [31mkl_synergy_rand_1 : 0.000187 [31mkl_synergy_rand_2 : 0.000225 [31mkl_synergy_1 : 0.000116 [31mkl_synergy_2 : 0.000228 [31mtotal : 0.772367 [31mdiag_kl_1 : 0.176219 [31mdiag_kl_2 : 0.064505 [94mAcc_combined: 60.01 [94mAcc_c: 51.21 [94mAcc_g: 60.78 [92mF1_combined: 58.55 [92mF1_c: 65.62 [92mF1_g: 59.47 [95mCEU_cue_audio: 0.2416 [95mCEU_cue_video: 0.7547 [95mCEU_synergy: 0.2387 [95mCEU_coexistence: 0.8475 [97mS:[93m23.9%[97m([91m4.6c[97m-[94mF1:20.4%) [97mU1:[93m24.2%[97m([91m4.2c[97m) [97mU2:[93m75.5%[97m([91m22.9c[97m) [97mR:[93m84.8%[97m([91m27.9c[97m) [97mS-L: [92m0:[96m10% [92m1:[96m26%[39m [39m
2026-07-25 16:11:21,424 - Agent - INFO - [37mVal Epoch 39 step 39 with [31mce_loss_combined : 0.728602 [31mce_loss_c : 0.696439 [31mce_loss_g : 0.737227 [31mkl_synergy_rand_1 : 0.000151 [31mkl_synergy_rand_2 : 0.000185 [31mkl_synergy_1 : 0.000089 [31mkl_synergy_2 : 0.000186 [31mtotal : 0.729213 [31mdiag_kl_1 : 0.151549 [31mdiag_kl_2 : 0.053478 [94mAcc_combined: 60.69 [94mAcc_c: 51.21 [94mAcc_g: 61.32 [92mF1_combined: 58.67 [92mF1_c: 65.62 [92mF1_g: 59.68 [95mCEU_cue_audio: 0.2696 [95mCEU_cue_video: 0.7580 [95mCEU_synergy: 0.1641 [95mCEU_coexistence: 0.8945 [97mS:[93m16.4%[97m([91m3.2c[97m-[94mF1:14.1%) [97mU1:[93m27.0%[97m([91m4.6c[97m) [97mU2:[93m75.8%[97m([91m23.0c[97m) [97mR:[93m89.4%[97m([91m29.5c[97m) [97mS-L: [92m1:[96m19%[39m [39m
2026-07-25 16:11:48,314 - Agent - INFO - [37mVal Epoch 40 step 40 with [31mce_loss_combined : 0.725387 [31mce_loss_c : 0.697801 [31mce_loss_g : 0.727725 [31mkl_synergy_rand_1 : 0.000156 [31mkl_synergy_rand_2 : 0.000189 [31mkl_synergy_1 : 0.000106 [31mkl_synergy_2 : 0.000186 [31mtotal : 0.726024 [31mdiag_kl_1 : 0.149074 [31mdiag_kl_2 : 0.063446 [94mAcc_combined: 62.33 [94mAcc_c: 49.81 [94mAcc_g: 62.48 [92mF1_combined: 61.72 [92mF1_c: 60.41 [92mF1_g: 61.28 [95mCEU_cue_audio: 0.3258 [95mCEU_cue_video: 0.7708 [95mCEU_synergy: 0.1991 [95mCEU_coexistence: 0.8827 [97mS:[93m19.9%[97m([91m3.9c[97m-[94mF1:17.5%) [97mU1:[93m32.6%[97m([91m5.6c[97m) [97mU2:[93m77.1%[97m([91m23.4c[97m) [97mR:[93m88.3%[97m([91m29.1c[97m) [97mS-L: [92m0:[96m10% [92m1:[96m22%[39m [39m
2026-07-25 16:12:15,207 - Agent - INFO - [37mVal Epoch 41 step 41 with [31mce_loss_combined : 0.760227 [31mce_loss_c : 0.696039 [31mce_loss_g : 0.761352 [31mkl_synergy_rand_1 : 0.000167 [31mkl_synergy_rand_2 : 0.000206 [31mkl_synergy_1 : 0.000112 [31mkl_synergy_2 : 0.000207 [31mtotal : 0.760919 [31mdiag_kl_1 : 0.164545 [31mdiag_kl_2 : 0.058661 [94mAcc_combined: 59.77 [94mAcc_c: 50.00 [94mAcc_g: 60.06 [92mF1_combined: 58.57 [92mF1_c: 59.36 [92mF1_g: 58.32 [95mCEU_cue_audio: 0.2528 [95mCEU_cue_video: 0.7389 [95mCEU_synergy: 0.1842 [95mCEU_coexistence: 0.8914 [97mS:[93m18.4%[97m([91m3.6c[97m-[94mF1:15.9%) [97mU1:[93m25.3%[97m([91m4.4c[97m) [97mU2:[93m73.9%[97m([91m22.4c[97m) [97mR:[93m89.1%[97m([91m29.4c[97m) [97mS-L: [92m0:[96m3% [92m1:[96m21%[39m [39m
2026-07-25 16:12:42,389 - Agent - INFO - [37mVal Epoch 42 step 42 with [31mce_loss_combined : 0.744671 [31mce_loss_c : 0.695576 [31mce_loss_g : 0.756719 [31mkl_synergy_rand_1 : 0.000146 [31mkl_synergy_rand_2 : 0.000187 [31mkl_synergy_1 : 0.000093 [31mkl_synergy_2 : 0.000186 [31mtotal : 0.745282 [31mdiag_kl_1 : 0.145128 [31mdiag_kl_2 : 0.060981 [94mAcc_combined: 60.59 [94mAcc_c: 50.63 [94mAcc_g: 60.93 [92mF1_combined: 59.99 [92mF1_c: 65.56 [92mF1_g: 59.27 [95mCEU_cue_audio: 0.2696 [95mCEU_cue_video: 0.7642 [95mCEU_synergy: 0.1641 [95mCEU_coexistence: 0.8857 [97mS:[93m16.4%[97m([91m3.2c[97m-[94mF1:14.9%) [97mU1:[93m27.0%[97m([91m4.6c[97m) [97mU2:[93m76.4%[97m([91m23.2c[97m) [97mR:[93m88.6%[97m([91m29.2c[97m) [97mS-L: [92m0:[96m10% [92m1:[96m18%[39m [39m
2026-07-25 16:13:09,214 - Agent - INFO - [37mVal Epoch 43 step 43 with [31mce_loss_combined : 0.771284 [31mce_loss_c : 0.695006 [31mce_loss_g : 0.772348 [31mkl_synergy_rand_1 : 0.000201 [31mkl_synergy_rand_2 : 0.000246 [31mkl_synergy_1 : 0.000124 [31mkl_synergy_2 : 0.000243 [31mtotal : 0.772098 [31mdiag_kl_1 : 0.199358 [31mdiag_kl_2 : 0.087395 [94mAcc_combined: 60.69 [94mAcc_c: 51.35 [94mAcc_g: 61.32 [92mF1_combined: 59.97 [92mF1_c: 64.68 [92mF1_g: 59.96 [95mCEU_cue_audio: 0.2359 [95mCEU_cue_video: 0.7962 [95mCEU_synergy: 0.2834 [95mCEU_coexistence: 0.8269 [97mS:[93m28.4%[97m([91m5.5c[97m-[94mF1:23.4%) [97mU1:[93m23.6%[97m([91m4.1c[97m) [97mU2:[93m79.6%[97m([91m24.2c[97m) [97mR:[93m82.7%[97m([91m27.3c[97m) [97mS-L: [92m0:[96m10% [92m1:[96m32%[39m [39m
2026-07-25 16:13:25,253 - Agent - INFO - [37mModel saved successfully at: ./artifacts/models/multibench/ur_funny/vt/SynIB_RMask_REFABL_urfunny_fold2_l0.001_perturbrandom_fillema_pmin0.7_refuniform_lr0.001_wd0.001.pth.tar[39m
2026-07-25 16:13:36,731 - Agent - INFO - [37mVal Epoch 44 step 44 with [31mce_loss_combined : 0.785376 [31mce_loss_c : 0.696064 [31mce_loss_g : 0.782621 [31mkl_synergy_rand_1 : 0.000202 [31mkl_synergy_rand_2 : 0.000250 [31mkl_synergy_1 : 0.000136 [31mkl_synergy_2 : 0.000251 [31mtotal : 0.786213 [31mdiag_kl_1 : 0.195477 [31mdiag_kl_2 : 0.084242 [94mAcc_combined: 59.82 [94mAcc_c: 49.71 [94mAcc_g: 59.72 [92mF1_combined: 59.12 [92mF1_c: 60.00 [92mF1_g: 58.33 [95mCEU_cue_audio: 0.2696 [95mCEU_cue_video: 0.7484 [95mCEU_synergy: 0.1790 [95mCEU_coexistence: 0.8827 [97mS:[93m17.9%[97m([91m3.5c[97m-[94mF1:16.7%) [97mU1:[93m27.0%[97m([91m4.6c[97m) [97mU2:[93m74.8%[97m([91m22.7c[97m) [97mR:[93m88.3%[97m([91m29.1c[97m) [97mS-L: [92m0:[96m20% [92m1:[96m18%[39m [39m
2026-07-25 16:14:03,838 - Agent - INFO - [37mVal Epoch 45 step 45 with [31mce_loss_combined : 0.771772 [31mce_loss_c : 0.696450 [31mce_loss_g : 0.774935 [31mkl_synergy_rand_1 : 0.000170 [31mkl_synergy_rand_2 : 0.000204 [31mkl_synergy_1 : 0.000109 [31mkl_synergy_2 : 0.000205 [31mtotal : 0.772460 [31mdiag_kl_1 : 0.168892 [31mdiag_kl_2 : 0.093208 [94mAcc_combined: 58.46 [94mAcc_c: 51.31 [94mAcc_g: 59.43 [92mF1_combined: 57.91 [92mF1_c: 65.12 [92mF1_g: 58.03 [95mCEU_cue_audio: 0.3202 [95mCEU_cue_video: 0.7293 [95mCEU_synergy: 0.2886 [95mCEU_coexistence: 0.7771 [97mS:[93m28.9%[97m([91m5.6c[97m-[94mF1:23.8%) [97mU1:[93m32.0%[97m([91m5.5c[97m) [97mU2:[93m72.9%[97m([91m22.1c[97m) [97mR:[93m77.7%[97m([91m25.6c[97m) [97mS-L: [92m0:[96m10% [92m1:[96m32%[39m [39m
2026-07-25 16:14:30,621 - Agent - INFO - [37mVal Epoch 46 step 46 with [31mce_loss_combined : 0.781510 [31mce_loss_c : 0.699256 [31mce_loss_g : 0.779137 [31mkl_synergy_rand_1 : 0.000183 [31mkl_synergy_rand_2 : 0.000211 [31mkl_synergy_1 : 0.000121 [31mkl_synergy_2 : 0.000213 [31mtotal : 0.782238 [31mdiag_kl_1 : 0.171487 [31mdiag_kl_2 : 0.077949 [94mAcc_combined: 58.56 [94mAcc_c: 50.05 [94mAcc_g: 59.91 [92mF1_combined: 58.30 [92mF1_c: 60.62 [92mF1_g: 57.94 [95mCEU_cue_audio: 0.3707 [95mCEU_cue_video: 0.6720 [95mCEU_synergy: 0.1740 [95mCEU_coexistence: 0.8593 [97mS:[93m17.4%[97m([91m3.4c[97m-[94mF1:15.7%) [97mU1:[93m37.1%[97m([91m6.4c[97m) [97mU2:[93m67.2%[97m([91m20.4c[97m) [97mR:[93m85.9%[97m([91m28.3c[97m) [97mS-L: [92m0:[96m10% [92m1:[96m19%[39m [39m
2026-07-25 16:14:57,483 - Agent - INFO - [37mVal Epoch 47 step 47 with [31mce_loss_combined : 0.799571 [31mce_loss_c : 0.702006 [31mce_loss_g : 0.805678 [31mkl_synergy_rand_1 : 0.000197 [31mkl_synergy_rand_2 : 0.000240 [31mkl_synergy_1 : 0.000134 [31mkl_synergy_2 : 0.000242 [31mtotal : 0.800385 [31mdiag_kl_1 : 0.187129 [31mdiag_kl_2 : 0.109321 [94mAcc_combined: 59.33 [94mAcc_c: 50.63 [94mAcc_g: 60.35 [92mF1_combined: 58.92 [92mF1_c: 63.50 [92mF1_g: 58.92 [95mCEU_cue_audio: 0.3484 [95mCEU_cue_video: 0.7325 [95mCEU_synergy: 0.2685 [95mCEU_coexistence: 0.7829 [97mS:[93m26.9%[97m([91m5.2c[97m-[94mF1:22.0%) [97mU1:[93m34.8%[97m([91m6.0c[97m) [97mU2:[93m73.2%[97m([91m22.2c[97m) [97mR:[93m78.3%[97m([91m25.8c[97m) [97mS-L: [92m0:[96m7% [92m1:[96m30%[39m [39m
2026-07-25 16:15:24,494 - Agent - INFO - [37mVal Epoch 48 step 48 with [31mce_loss_combined : 0.787919 [31mce_loss_c : 0.696849 [31mce_loss_g : 0.786150 [31mkl_synergy_rand_1 : 0.000193 [31mkl_synergy_rand_2 : 0.000233 [31mkl_synergy_1 : 0.000130 [31mkl_synergy_2 : 0.000234 [31mtotal : 0.788709 [31mdiag_kl_1 : 0.187956 [31mdiag_kl_2 : 0.093964 [94mAcc_combined: 59.96 [94mAcc_c: 50.73 [94mAcc_g: 60.44 [92mF1_combined: 59.37 [92mF1_c: 65.70 [92mF1_g: 58.81 [95mCEU_cue_audio: 0.2696 [95mCEU_cue_video: 0.7708 [95mCEU_synergy: 0.2438 [95mCEU_coexistence: 0.8123 [97mS:[93m24.4%[97m([91m4.7c[97m-[94mF1:20.8%) [97mU1:[93m27.0%[97m([91m4.6c[97m) [97mU2:[93m77.1%[97m([91m23.4c[97m) [97mR:[93m81.2%[97m([91m26.8c[97m) [97mS-L: [92m0:[96m10% [92m1:[96m27%[39m [39m
2026-07-25 16:15:51,683 - Agent - INFO - [37mVal Epoch 49 step 49 with [31mce_loss_combined : 0.789519 [31mce_loss_c : 0.698817 [31mce_loss_g : 0.780287 [31mkl_synergy_rand_1 : 0.000190 [31mkl_synergy_rand_2 : 0.000221 [31mkl_synergy_1 : 0.000126 [31mkl_synergy_2 : 0.000222 [31mtotal : 0.790278 [31mdiag_kl_1 : 0.181596 [31mdiag_kl_2 : 0.097934 [94mAcc_combined: 58.66 [94mAcc_c: 49.76 [94mAcc_g: 58.99 [92mF1_combined: 58.03 [92mF1_c: 59.96 [92mF1_g: 57.34 [95mCEU_cue_audio: 0.3426 [95mCEU_cue_video: 0.6752 [95mCEU_synergy: 0.2238 [95mCEU_coexistence: 0.8505 [97mS:[93m22.4%[97m([91m4.4c[97m-[94mF1:20.0%) [97mU1:[93m34.3%[97m([91m5.9c[97m) [97mU2:[93m67.5%[97m([91m20.5c[97m) [97mR:[93m85.0%[97m([91m28.0c[97m) [97mS-L: [92m0:[96m17% [92m1:[96m23%[39m [39m
2026-07-25 16:15:52,303 - Agent - INFO - We are in the final state.
2026-07-25 16:15:52,400 - root - INFO - Loaded best model from best_model_accuracy_state_dict
2026-07-25 16:15:55,202 - Agent - INFO - [37mVal Epoch 49 step 0 with [31mce_loss_combined : 0.692361 [31mce_loss_c : 0.697883 [31mce_loss_g : 0.693281 [31mkl_synergy_rand_1 : 0.000115 [31mkl_synergy_rand_2 : 0.000137 [31mkl_synergy_1 : 0.000070 [31mkl_synergy_2 : 0.000135 [31mtotal : 0.692818 [31mdiag_kl_1 : 0.109279 [31mdiag_kl_2 : 0.019148 [94mAcc_combined: 62.38 [94mAcc_c: 50.19 [94mAcc_g: 61.61 [92mF1_combined: 60.98 [92mF1_c: 63.58 [92mF1_g: 60.73 [95mCEU_cue_audio: 0.2584 [95mCEU_cue_video: 0.8281 [95mCEU_synergy: 0.1143 [95mCEU_coexistence: 0.9239 [97mS:[93m11.4%[97m([91m2.2c[97m-[94mF1:10.3%) [97mU1:[93m25.8%[97m([91m4.4c[97m) [97mU2:[93m82.8%[97m([91m25.1c[97m) [97mR:[93m92.4%[97m([91m30.5c[97m) [97mS-L: [92m1:[96m13%[39m [39m
2026-07-25 16:15:58,026 - Agent - INFO - [37mTest Epoch 49 step 0 with [31mce_loss_combined : 0.643512 [31mce_loss_c : 0.683896 [31mce_loss_g : 0.646178 [31mkl_synergy_rand_1 : 0.000115 [31mkl_synergy_rand_2 : 0.000139 [31mkl_synergy_1 : 0.000068 [31mkl_synergy_2 : 0.000139 [31mtotal : 0.643973 [31mdiag_kl_1 : 0.108081 [31mdiag_kl_2 : 0.017177 [94mAcc_combined: 62.90 [94mAcc_c: 52.22 [94mAcc_g: 62.90 [92mF1_combined: 61.08 [92mF1_c: 64.86 [92mF1_g: 62.21 [95mCEU_cue_audio: 0.3128 [95mCEU_cue_video: 0.8355 [95mCEU_synergy: 0.1281 [95mCEU_coexistence: 0.9389 [97mS:[93m12.8%[97m([91m2.4c[97m-[94mF1:11.4%) [97mU1:[93m31.3%[97m([91m6.2c[97m) [97mU2:[93m83.6%[97m([91m23.1c[97m) [97mR:[93m93.9%[97m([91m31.9c[97m) [97mS-L: [92m1:[96m16%[39m [39m
2026-07-25 16:15:58,370 - Agent - INFO - [37mModel saved successfully at: ./artifacts/models/multibench/ur_funny/vt/SynIB_RMask_REFABL_urfunny_fold2_l0.001_perturbrandom_fillema_pmin0.7_refuniform_lr0.001_wd0.001.pth.tar[39m
Job finished
