Starting SynIB reference-ablation job
Python 3.10.19
/esat/smcdata/users/kkontras/Image_Dataset/no_backup/git/SynIB  (git cb39a55)
GPU 0: NVIDIA GeForce RTX 2080 Ti (UUID: GPU-ebe8a4fd-f875-2528-4ec3-792027cc02ae)
Executing: PYTHONPATH=src /esat/smcdata/users/kkontras/Image_Dataset/no_backup/envs/synergy_new/bin/python -m synib.entrypoints.train --config run/configs/rebuttal_ref_ablation/mosi_synib_u.json --default_config run/configs/rebuttal_ref_ablation/mosi_default.json --fold 0 --rmask random --l 0.1 --perturb_pmin 0.3 --perturb_fill ema --lr 0.0005 --wd 0.001 --batch_size 32 --reference_type uniform --ref_diag --start_over --tag REFABL_mosi
Namespace(config='run/configs/rebuttal_ref_ablation/mosi_synib_u.json', default_config='run/configs/rebuttal_ref_ablation/mosi_default.json', fold='0', alpha=None, tanh_mode_beta=None, regby=None, batch_size='32', l='0.1', multil=None, lib=None, kmepoch=None, num_samples=None, contrcoeff=None, contr_type=None, shuffle_type=None, validate_with=None, num_classes=None, optim_method=None, ending_epoch=None, load_ongoing=None, recon_weight1=None, recon_weight2=None, recon_epochstages=None, recon_ensemblestages=None, lr='0.0005', wd='0.001', cls=None, ironic_rate=None, perturb='random', perturb_fill='ema', perturb_pmax=None, perturb_pmin='0.3', perturb_lsparse=None, rmask='random', pmin=None, pmax=None, lsparse=None, debug_mask_stats=False, pre=False, frozen=False, tdqm_disable=False, start_over=True, no_model_save=False, num_layers=None, grad_accum=None, init_from=None, init_strict=False, perturb_lsparse_sign=None, l_anneal_epochs=None, perturb_steps=None, perturb_lsparse_warmup=None, perturb_lsparse_schedule=None, persist_ell=False, save_masks=False, penalty_swap=False, disable_ce_random=False, disable_kl_learned=False, masking_only=False, modality_dropout=None, modality_dropout_target=None, l_z1_masked=None, l_z2_masked=None, l_pareto=None, reference_type='uniform', ref_diag=True, ref_ema_decay=None, tag='REFABL_mosi')
2026-07-25 15:53:41,116 - Config - INFO - run/configs/rebuttal_ref_ablation/mosi_synib_u.json
2026-07-25 15:53:41,119 - Config - INFO -  THE Configuration of your experiment ..
{'agent': 'Agent',
 'dataset': {'data_roots': './src/synib/mydatasets/Factor_CL_Datasets/prepared/mosi/mosi_data.pkl',
             'data_type': 'mosi',
             'dataloader_class': 'FactorCL_Dataloader',
             'kfold_data_roots': './src/synib/mydatasets/Factor_CL_Datasets/prepared/mosi/mosi_synergy3.pkl'},
 'early_stopping': {'end_of_epoch_check': True,
                    'log_interval': 10,
                    'max_epoch': 100,
                    'n_steps_stop': 30,
                    'n_steps_stop_after': 0,
                    'save_every_step': 3000,
                    'save_every_valstep': 50,
                    'validate_after': 0,
                    'validate_every': 185},
 'exp_name': 'Mosi Experiment',
 'model': {'args': {'bias_infusion': {'l': 0.1, 'method': False},
                    'clip_grad': False,
                    'cls_type': 'mlp',
                    'd_model': 40,
                    'dropout': 0.1,
                    'fc_inner': 64,
                    'hidden_dim': 64,
                    'in_dim': 64,
                    'multi_loss': {'multi_supervised_w': {'c': 1,
                                                          'combined': 1,
                                                          'g': 1}},
                    'norm_decision': False,
                    'num_classes': 2,
                    'synergy_type': 'unimodal_anchor'},
           'ceu': {'test': './artifacts/ceus/mosi/mosi_ceu_test.pkl',
                   'val': './artifacts/ceus/mosi/mosi_ceu_val.pkl'},
           'encoders': [{'args': {'freeze_encoder': False,
                                  'hidden_size': 40,
                                  'modality': 'c',
                                  'n_features': 20,
                                  'num_classes': 2},
                         'model': 'FactorCL_Uni',
                         'pretrainedEncoder': {'dir': 'unimodal_video_fold{}_vldaccuracy_lr0.0005_wd0.00001.pth.tar',
                                               'use': True}},
                        {'args': {'freeze_encoder': False,
                                  'hidden_size': 40,
                                  'modality': 'g',
                                  'n_features': 300,
                                  'num_classes': 2},
                         'model': 'FactorCL_Uni',
                         'pretrainedEncoder': {'dir': 'unimodal_text_fold{}_vldaccuracy_lr0.0005_wd0.0001.pth.tar',
                                               'use': True}},
                        {'args': {'d_model': 40,
                                  'dropout': 0.1,
                                  'fc_inner': 64,
                                  'freeze_encoder': False},
                         'model': 'FusionTrunkLinear',
                         'name': 'enc_2_fusion_trunk',
                         'pretrainedEncoder': {'dir': 'enc_2_fusion_trunk_fold{}.pth.tar',
                                               'use': False},
                         'save_encoder': False},
                        {'args': {'freeze_encoder': False,
                                  'in_dim': 64,
                                  'num_classes': 2},
                         'model': 'LinearHead',
                         'name': 'enc_3_fusion_head',
                         'pretrainedEncoder': {'dir': 'enc_3_fusion_head_fold{}.pth.tar',
                                               'use': False},
                         'save_encoder': False}],
           'load_ongoing': False,
           'model_class': 'FusionIBModel_Mask_U',
           'save_base_dir': './artifacts/models/multibench/mosi/vt',
           'save_dir': 'SynIB_RMask_U_fold{}.pth.tar'},
 'optimizer': {'beta1': 0.9,
               'beta2': 0.999,
               'learning_rate': 0.0001,
               'momentum': 0.9,
               'type': 'Adam',
               'weight_decay': 0.0001},
 'scheduler': {'max_lr': 0.03, 'type': 'cosanneal', 'warm_up_steps': 780},
 'task': 'classification',
 'training_params': {'adversarial_training': {'adv_epsilon': 0.01,
                                              'use': False},
                     'async_loading': True,
                     'batch_size': 32,
                     'cuda': True,
                     'data_loader_workers': 8,
                     'gpu_device': [0],
                     'pin_memory': True,
                     'rec_test': True,
                     'res': True,
                     'seed': 109,
                     'tdqm_disable': False,
                     'test_batch_size': 32,
                     'test_on_bottoms': False,
                     'use_test_set': True,
                     'validation': True,
                     'verbose': True,
                     'wandb_disable': True}}
2026-07-25 15:53:41,122 - Config - INFO -  *************************************** 
2026-07-25 15:53:41,123 - Config - INFO - The experiment name is Mosi Experiment
2026-07-25 15:53:41,123 - Config - INFO -  *************************************** 
2026-07-25 15:53:41,123 - root - INFO - save_dir: SynIB_RMask_U_foldREFABL_mosi_fold0_l0.1_perturbrandom_fillema_pmin0.3_refuniform_lr0.0005_wd0.001_bs32.pth.tar
2026-07-25 15:53:41,244 - Cuda Statistics - INFO - __Python VERSION:  3.10.19 (main, Oct 21 2025, 16:43:05) [GCC 11.2.0]
2026-07-25 15:53:41,244 - Cuda Statistics - INFO - __pyTorch VERSION:  2.9.1+cu128
2026-07-25 15:53:41,245 - Cuda Statistics - INFO - __CUDA VERSION
2026-07-25 15:53:41,265 - Cuda Statistics - INFO - __CUDNN VERSION:  91002
2026-07-25 15:53:41,289 - Cuda Statistics - INFO - __Number CUDA Devices:  1
2026-07-25 15:53:41,289 - Cuda Statistics - INFO - __Devices
2026-07-25 15:53:41,289 - Cuda Statistics - INFO - index, name, driver_version, memory.total [MiB], memory.used [MiB], memory.free [MiB]
2026-07-25 15:53:41,289 - Cuda Statistics - INFO - 0, NVIDIA GeForce RTX 2080 Ti, 610.43.03, 11264 MiB, 290 MiB, 10537 MiB
2026-07-25 15:53:41,296 - Cuda Statistics - INFO - Active CUDA Device: GPU 0
2026-07-25 15:53:41,296 - Cuda Statistics - INFO - Available devices  1
2026-07-25 15:53:41,296 - Cuda Statistics - INFO - Current cuda device  0
2026-07-25 15:53:42,692 - Agent - INFO - Device: cuda:0
2026-07-25 15:53:42,692 - Agent - INFO - Total training batches: 41, validate every 185 batches, steps per epoch: 1
2026-07-25 15:53:42,818 - Agent - INFO - Loss Weights are {'total': 1, 'combined': 1, 'c': 1, 'g': 1}
2026-07-25 15:53:42,818 - root - INFO - There is no CEU for train
2026-07-25 15:53:43,088 - root - INFO - Loading enc best model state dict from ./artifacts/models/multibench/mosi/vt/unimodal_video_fold0_vldaccuracy_lr0.0005_wd0.00001.pth.tar
2026-07-25 15:53:43,332 - root - INFO - Loading enc best model state dict from ./artifacts/models/multibench/mosi/vt/unimodal_text_fold0_vldaccuracy_lr0.0005_wd0.0001.pth.tar
2026-07-25 15:53:43,624 - Agent - INFO - Total number of trainable parameters are: 3492782
2026-07-25 15:53:43,634 - Agent - INFO - Total number of trainable parameters are: 1753338
2026-07-25 15:53:59,551 - Evaluator - INFO - New best with loss-accuracy-syn_accuracy-
2026-07-25 15:53:59,551 - Agent - INFO - [37mVal Epoch 1 step 1 with [31mce_loss_combined : 0.523133 [31mce_loss_c : 0.865819 [31mce_loss_g : 0.606737 [31mkl_synergy_rand_1 : 0.016825 [31mkl_synergy_rand_2 : 0.024834 [31mkl_synergy_1 : 0.021216 [31mkl_synergy_2 : 0.025046 [31mtotal : 0.611054 [31mdiag_kl_1 : 0.167927 [31mdiag_kl_2 : 0.147472 [94mAcc_combined: 74.24 [94mAcc_c: 55.68 [94mAcc_g: 73.36 [92mF1_combined: 74.46 [92mF1_c: 52.01 [92mF1_g: 73.36 [95mCEU_cue_audio: 0.0906 [95mCEU_cue_video: 0.9872 [95mCEU_synergy: 0.2171 [95mCEU_coexistence: 0.8286 [97mS:[93m21.7%[97m([91m2.2c[97m-[94mF1:20.4%) [97mU1:[93m9.1%[97m([91m0.9c[97m) [97mU2:[93m98.7%[97m([91m34.1c[97m) [97mR:[93m82.9%[97m([91m38.0c[97m) [97mS-L: [92m0:[96m24% [92m1:[96m17%[39m [39m
2026-07-25 15:53:59,588 - Agent - INFO - [37mTest Epoch 1 step 1 with [31mce_loss_combined : 0.581898 [31mce_loss_c : 0.919547 [31mce_loss_g : 0.659172 [31mkl_synergy_rand_1 : 0.016511 [31mkl_synergy_rand_2 : 0.022596 [31mkl_synergy_1 : 0.019450 [31mkl_synergy_2 : 0.023234 [31mtotal : 0.663691 [31mdiag_kl_1 : 0.195981 [31mdiag_kl_2 : 0.176714 [94mAcc_combined: 73.83 [94mAcc_c: 45.77 [94mAcc_g: 73.40 [92mF1_combined: 74.08 [92mF1_c: 36.63 [92mF1_g: 73.45 [95mCEU_cue_audio: 0.2220 [95mCEU_cue_video: 0.9116 [95mCEU_synergy: 0.3224 [95mCEU_coexistence: 0.8784 [97mS:[93m32.2%[97m([91m4.2c[97m-[94mF1:24.4%) [97mU1:[93m22.2%[97m([91m2.6c[97m) [97mU2:[93m91.2%[97m([91m34.5c[97m) [97mR:[93m87.8%[97m([91m32.7c[97m) [97mS-L: [92m0:[96m44%[39m [39m
2026-07-25 15:53:59,951 - Agent - INFO - [37mModel saved successfully at: ./artifacts/models/multibench/mosi/vt/SynIB_RMask_U_foldREFABL_mosi_fold0_l0.1_perturbrandom_fillema_pmin0.3_refuniform_lr0.0005_wd0.001_bs32.pth.tar[39m
2026-07-25 15:54:13,098 - Evaluator - INFO - New best with loss-accuracy-
2026-07-25 15:54:13,099 - Agent - INFO - [37mVal Epoch 2 step 2 with [31mce_loss_combined : 0.513959 [31mce_loss_c : 0.733939 [31mce_loss_g : 0.564551 [31mkl_synergy_rand_1 : 0.018092 [31mkl_synergy_rand_2 : 0.025416 [31mkl_synergy_1 : 0.023202 [31mkl_synergy_2 : 0.025839 [31mtotal : 0.606507 [31mdiag_kl_1 : 0.181261 [31mdiag_kl_2 : 0.117263 [94mAcc_combined: 77.29 [94mAcc_c: 51.09 [94mAcc_g: 77.73 [92mF1_combined: 77.39 [92mF1_c: 27.27 [92mF1_g: 77.73 [95mCEU_cue_audio: 0.1363 [95mCEU_cue_video: 0.9620 [95mCEU_synergy: 0.0438 [95mCEU_coexistence: 0.9239 [97mS:[93m4.3%[97m([91m0.4c[97m-[94mF1:4.2%) [97mU1:[93m13.6%[97m([91m1.3c[97m) [97mU2:[93m96.2%[97m([91m33.2c[97m) [97mR:[93m92.4%[97m([91m42.4c[97m) [97mS-L: [92m1:[96m17%[39m [39m
2026-07-25 15:54:13,124 - Agent - INFO - [37mTest Epoch 2 step 2 with [31mce_loss_combined : 0.583251 [31mce_loss_c : 0.748072 [31mce_loss_g : 0.667414 [31mkl_synergy_rand_1 : 0.017565 [31mkl_synergy_rand_2 : 0.024965 [31mkl_synergy_1 : 0.022029 [31mkl_synergy_2 : 0.024930 [31mtotal : 0.672739 [31mdiag_kl_1 : 0.220924 [31mdiag_kl_2 : 0.141280 [94mAcc_combined: 72.81 [94mAcc_c: 51.17 [94mAcc_g: 73.03 [92mF1_combined: 73.11 [92mF1_c: 24.38 [92mF1_g: 73.03 [95mCEU_cue_audio: 0.1854 [95mCEU_cue_video: 0.8884 [95mCEU_synergy: 0.2226 [95mCEU_coexistence: 0.9137 [97mS:[93m22.2%[97m([91m2.9c[97m-[94mF1:20.8%) [97mU1:[93m18.5%[97m([91m2.2c[97m) [97mU2:[93m88.8%[97m([91m33.7c[97m) [97mR:[93m91.4%[97m([91m34.0c[97m) [97mS-L: [92m0:[96m24% [92m1:[96m17%[39m [39m
2026-07-25 15:54:13,685 - Agent - INFO - [37mModel saved successfully at: ./artifacts/models/multibench/mosi/vt/SynIB_RMask_U_foldREFABL_mosi_fold0_l0.1_perturbrandom_fillema_pmin0.3_refuniform_lr0.0005_wd0.001_bs32.pth.tar[39m
2026-07-25 15:54:27,421 - Evaluator - INFO - New best with loss-accuracy-
2026-07-25 15:54:27,422 - Agent - INFO - [37mVal Epoch 3 step 3 with [31mce_loss_combined : 0.481290 [31mce_loss_c : 0.718817 [31mce_loss_g : 0.484067 [31mkl_synergy_rand_1 : 0.014585 [31mkl_synergy_rand_2 : 0.019627 [31mkl_synergy_1 : 0.016726 [31mkl_synergy_2 : 0.019587 [31mtotal : 0.551815 [31mdiag_kl_1 : 0.149175 [31mdiag_kl_2 : 0.122691 [94mAcc_combined: 79.26 [94mAcc_c: 56.11 [94mAcc_g: 79.26 [92mF1_combined: 79.57 [92mF1_c: 48.33 [92mF1_g: 79.57 [95mCEU_cue_audio: 0.1821 [95mCEU_cue_video: 0.9493 [95mCEU_synergy: 0.1305 [95mCEU_coexistence: 0.9429 [97mS:[93m13.0%[97m([91m1.3c[97m-[94mF1:12.9%) [97mU1:[93m18.2%[97m([91m1.7c[97m) [97mU2:[93m94.9%[97m([91m32.8c[97m) [97mR:[93m94.3%[97m([91m43.2c[97m) [97mS-L: [92m0:[96m6% [92m1:[96m33%[39m [39m
2026-07-25 15:54:27,446 - Agent - INFO - [37mTest Epoch 3 step 3 with [31mce_loss_combined : 0.545010 [31mce_loss_c : 0.766882 [31mce_loss_g : 0.585208 [31mkl_synergy_rand_1 : 0.012701 [31mkl_synergy_rand_2 : 0.018931 [31mkl_synergy_1 : 0.016273 [31mkl_synergy_2 : 0.019353 [31mtotal : 0.612268 [31mdiag_kl_1 : 0.166926 [31mdiag_kl_2 : 0.136517 [94mAcc_combined: 74.49 [94mAcc_c: 47.38 [94mAcc_g: 74.93 [92mF1_combined: 74.67 [92mF1_c: 32.65 [92mF1_g: 75.14 [95mCEU_cue_audio: 0.2220 [95mCEU_cue_video: 0.9077 [95mCEU_synergy: 0.1890 [95mCEU_coexistence: 0.9451 [97mS:[93m18.9%[97m([91m2.5c[97m-[94mF1:18.4%) [97mU1:[93m22.2%[97m([91m2.6c[97m) [97mU2:[93m90.8%[97m([91m34.4c[97m) [97mR:[93m94.5%[97m([91m35.1c[97m) [97mS-L: [92m0:[96m18% [92m1:[96m21%[39m [39m
2026-07-25 15:54:28,009 - Agent - INFO - [37mModel saved successfully at: ./artifacts/models/multibench/mosi/vt/SynIB_RMask_U_foldREFABL_mosi_fold0_l0.1_perturbrandom_fillema_pmin0.3_refuniform_lr0.0005_wd0.001_bs32.pth.tar[39m
2026-07-25 15:54:43,157 - Agent - INFO - [37mVal Epoch 4 step 4 with [31mce_loss_combined : 0.537882 [31mce_loss_c : 0.728963 [31mce_loss_g : 0.623845 [31mkl_synergy_rand_1 : 0.018522 [31mkl_synergy_rand_2 : 0.027593 [31mkl_synergy_1 : 0.024440 [31mkl_synergy_2 : 0.027104 [31mtotal : 0.635541 [31mdiag_kl_1 : 0.143832 [31mdiag_kl_2 : 0.158192 [94mAcc_combined: 77.73 [94mAcc_c: 56.11 [94mAcc_g: 77.73 [92mF1_combined: 77.83 [92mF1_c: 52.71 [92mF1_g: 77.83 [95mCEU_cue_audio: 0.2726 [95mCEU_cue_video: 0.8861 [95mCEU_synergy: 0.1305 [95mCEU_coexistence: 0.9429 [97mS:[93m13.0%[97m([91m1.3c[97m-[94mF1:12.9%) [97mU1:[93m27.3%[97m([91m2.6c[97m) [97mU2:[93m88.6%[97m([91m30.6c[97m) [97mR:[93m94.3%[97m([91m43.2c[97m) [97mS-L: [92m0:[96m6% [92m1:[96m33%[39m [39m
2026-07-25 15:54:56,609 - Evaluator - INFO - New best with syn_accuracy-
2026-07-25 15:54:56,609 - Agent - INFO - [37mVal Epoch 5 step 5 with [31mce_loss_combined : 0.545267 [31mce_loss_c : 0.706082 [31mce_loss_g : 0.619923 [31mkl_synergy_rand_1 : 0.015689 [31mkl_synergy_rand_2 : 0.022715 [31mkl_synergy_1 : 0.018593 [31mkl_synergy_2 : 0.022194 [31mtotal : 0.624458 [31mdiag_kl_1 : 0.160876 [31mdiag_kl_2 : 0.188117 [94mAcc_combined: 78.17 [94mAcc_c: 49.56 [94mAcc_g: 78.60 [92mF1_combined: 78.26 [92mF1_c: 31.86 [92mF1_g: 78.60 [95mCEU_cue_audio: 0.2271 [95mCEU_cue_video: 0.8988 [95mCEU_synergy: 0.2610 [95mCEU_coexistence: 0.9239 [97mS:[93m26.1%[97m([91m2.6c[97m-[94mF1:26.1%) [97mU1:[93m22.7%[97m([91m2.2c[97m) [97mU2:[93m89.9%[97m([91m31.0c[97m) [97mR:[93m92.4%[97m([91m42.4c[97m) [97mS-L: [92m0:[96m18% [92m1:[96m50%[39m [39m
2026-07-25 15:54:56,635 - Agent - INFO - [37mTest Epoch 5 step 5 with [31mce_loss_combined : 0.597250 [31mce_loss_c : 0.706861 [31mce_loss_g : 0.700243 [31mkl_synergy_rand_1 : 0.014701 [31mkl_synergy_rand_2 : 0.021576 [31mkl_synergy_1 : 0.017626 [31mkl_synergy_2 : 0.021745 [31mtotal : 0.672898 [31mdiag_kl_1 : 0.183027 [31mdiag_kl_2 : 0.173225 [94mAcc_combined: 71.79 [94mAcc_c: 53.94 [94mAcc_g: 71.28 [92mF1_combined: 72.02 [92mF1_c: 39.35 [92mF1_g: 71.32 [95mCEU_cue_audio: 0.1973 [95mCEU_cue_video: 0.8462 [95mCEU_synergy: 0.2332 [95mCEU_coexistence: 0.9177 [97mS:[93m23.3%[97m([91m3.1c[97m-[94mF1:23.2%) [97mU1:[93m19.8%[97m([91m2.3c[97m) [97mU2:[93m84.6%[97m([91m32.1c[97m) [97mR:[93m91.8%[97m([91m34.1c[97m) [97mS-L: [92m0:[96m18% [92m1:[96m38%[39m [39m
2026-07-25 15:54:57,197 - Agent - INFO - [37mModel saved successfully at: ./artifacts/models/multibench/mosi/vt/SynIB_RMask_U_foldREFABL_mosi_fold0_l0.1_perturbrandom_fillema_pmin0.3_refuniform_lr0.0005_wd0.001_bs32.pth.tar[39m
2026-07-25 15:55:10,878 - Agent - INFO - [37mVal Epoch 6 step 6 with [31mce_loss_combined : 0.529402 [31mce_loss_c : 0.688468 [31mce_loss_g : 0.657533 [31mkl_synergy_rand_1 : 0.020042 [31mkl_synergy_rand_2 : 0.028881 [31mkl_synergy_1 : 0.025291 [31mkl_synergy_2 : 0.029567 [31mtotal : 0.633182 [31mdiag_kl_1 : 0.217671 [31mdiag_kl_2 : 0.153003 [94mAcc_combined: 78.17 [94mAcc_c: 53.49 [94mAcc_g: 78.17 [92mF1_combined: 78.26 [92mF1_c: 20.82 [92mF1_g: 78.07 [95mCEU_cue_audio: 0.3635 [95mCEU_cue_video: 0.9241 [95mCEU_synergy: 0.1741 [95mCEU_coexistence: 0.9047 [97mS:[93m17.4%[97m([91m1.7c[97m-[94mF1:16.8%) [97mU1:[93m36.4%[97m([91m3.5c[97m) [97mU2:[93m92.4%[97m([91m31.9c[97m) [97mR:[93m90.5%[97m([91m41.5c[97m) [97mS-L: [92m0:[96m6% [92m1:[96m50%[39m [39m
2026-07-25 15:55:24,482 - Agent - INFO - [37mVal Epoch 7 step 7 with [31mce_loss_combined : 0.499743 [31mce_loss_c : 0.722659 [31mce_loss_g : 0.566613 [31mkl_synergy_rand_1 : 0.015743 [31mkl_synergy_rand_2 : 0.024106 [31mkl_synergy_1 : 0.020190 [31mkl_synergy_2 : 0.023897 [31mtotal : 0.583680 [31mdiag_kl_1 : 0.178859 [31mdiag_kl_2 : 0.111935 [94mAcc_combined: 76.86 [94mAcc_c: 53.06 [94mAcc_g: 77.07 [92mF1_combined: 76.96 [92mF1_c: 46.38 [92mF1_g: 76.92 [95mCEU_cue_audio: 0.1363 [95mCEU_cue_video: 0.9368 [95mCEU_synergy: 0.1305 [95mCEU_coexistence: 0.9143 [97mS:[93m13.0%[97m([91m1.3c[97m-[94mF1:12.9%) [97mU1:[93m13.6%[97m([91m1.3c[97m) [97mU2:[93m93.7%[97m([91m32.3c[97m) [97mR:[93m91.4%[97m([91m41.9c[97m) [97mS-L: [92m0:[96m12% [92m1:[96m17%[39m [39m
2026-07-25 15:55:38,230 - Agent - INFO - [37mVal Epoch 8 step 8 with [31mce_loss_combined : 0.551550 [31mce_loss_c : 0.763171 [31mce_loss_g : 0.701408 [31mkl_synergy_rand_1 : 0.016244 [31mkl_synergy_rand_2 : 0.024523 [31mkl_synergy_1 : 0.021399 [31mkl_synergy_2 : 0.025308 [31mtotal : 0.639024 [31mdiag_kl_1 : 0.150289 [31mdiag_kl_2 : 0.163615 [94mAcc_combined: 74.67 [94mAcc_c: 53.06 [94mAcc_g: 75.33 [92mF1_combined: 75.93 [92mF1_c: 54.55 [92mF1_g: 75.27 [95mCEU_cue_audio: 0.1363 [95mCEU_cue_video: 0.9493 [95mCEU_synergy: 0.1741 [95mCEU_coexistence: 0.8857 [97mS:[93m17.4%[97m([91m1.7c[97m-[94mF1:16.8%) [97mU1:[93m13.6%[97m([91m1.3c[97m) [97mU2:[93m94.9%[97m([91m32.8c[97m) [97mR:[93m88.6%[97m([91m40.6c[97m) [97mS-L: [92m0:[96m18% [92m1:[96m17%[39m [39m
2026-07-25 15:55:51,459 - Agent - INFO - [37mVal Epoch 9 step 9 with [31mce_loss_combined : 0.590443 [31mce_loss_c : 0.710641 [31mce_loss_g : 0.723101 [31mkl_synergy_rand_1 : 0.015275 [31mkl_synergy_rand_2 : 0.023581 [31mkl_synergy_1 : 0.018344 [31mkl_synergy_2 : 0.023663 [31mtotal : 0.671306 [31mdiag_kl_1 : 0.164696 [31mdiag_kl_2 : 0.193843 [94mAcc_combined: 74.45 [94mAcc_c: 54.37 [94mAcc_g: 74.02 [92mF1_combined: 75.05 [92mF1_c: 54.66 [92mF1_g: 74.30 [95mCEU_cue_audio: 0.1821 [95mCEU_cue_video: 0.8861 [95mCEU_synergy: 0.1741 [95mCEU_coexistence: 0.8953 [97mS:[93m17.4%[97m([91m1.7c[97m-[94mF1:17.4%) [97mU1:[93m18.2%[97m([91m1.7c[97m) [97mU2:[93m88.6%[97m([91m30.6c[97m) [97mR:[93m89.5%[97m([91m41.0c[97m) [97mS-L: [92m0:[96m12% [92m1:[96m33%[39m [39m
2026-07-25 15:56:05,081 - Agent - INFO - [37mVal Epoch 10 step 10 with [31mce_loss_combined : 0.524937 [31mce_loss_c : 0.723536 [31mce_loss_g : 0.659434 [31mkl_synergy_rand_1 : 0.017873 [31mkl_synergy_rand_2 : 0.025983 [31mkl_synergy_1 : 0.020495 [31mkl_synergy_2 : 0.025712 [31mtotal : 0.615000 [31mdiag_kl_1 : 0.237117 [31mdiag_kl_2 : 0.139652 [94mAcc_combined: 75.76 [94mAcc_c: 55.24 [94mAcc_g: 76.20 [92mF1_combined: 76.03 [92mF1_c: 59.57 [92mF1_g: 76.25 [95mCEU_cue_audio: 0.0458 [95mCEU_cue_video: 0.9620 [95mCEU_synergy: 0.2171 [95mCEU_coexistence: 0.8667 [97mS:[93m21.7%[97m([91m2.2c[97m-[94mF1:20.4%) [97mU1:[93m4.5%[97m([91m0.4c[97m) [97mU2:[93m96.2%[97m([91m33.2c[97m) [97mR:[93m86.7%[97m([91m39.7c[97m) [97mS-L: [92m0:[96m24% [92m1:[96m17%[39m [39m
2026-07-25 15:56:18,483 - Agent - INFO - [37mVal Epoch 11 step 11 with [31mce_loss_combined : 0.571198 [31mce_loss_c : 0.729859 [31mce_loss_g : 0.708335 [31mkl_synergy_rand_1 : 0.019484 [31mkl_synergy_rand_2 : 0.025887 [31mkl_synergy_1 : 0.021246 [31mkl_synergy_2 : 0.024987 [31mtotal : 0.662801 [31mdiag_kl_1 : 0.186985 [31mdiag_kl_2 : 0.173257 [94mAcc_combined: 75.76 [94mAcc_c: 53.93 [94mAcc_g: 76.42 [92mF1_combined: 76.23 [92mF1_c: 61.00 [92mF1_g: 76.72 [95mCEU_cue_audio: 0.2271 [95mCEU_cue_video: 0.8608 [95mCEU_synergy: 0.1741 [95mCEU_coexistence: 0.9333 [97mS:[93m17.4%[97m([91m1.7c[97m-[94mF1:16.8%) [97mU1:[93m22.7%[97m([91m2.2c[97m) [97mU2:[93m86.1%[97m([91m29.7c[97m) [97mR:[93m93.3%[97m([91m42.8c[97m) [97mS-L: [92m0:[96m6% [92m1:[96m50%[39m [39m
2026-07-25 15:56:31,993 - Agent - INFO - [37mVal Epoch 12 step 12 with [31mce_loss_combined : 0.543705 [31mce_loss_c : 0.725642 [31mce_loss_g : 0.703088 [31mkl_synergy_rand_1 : 0.021134 [31mkl_synergy_rand_2 : 0.027728 [31mkl_synergy_1 : 0.021505 [31mkl_synergy_2 : 0.027739 [31mtotal : 0.641811 [31mdiag_kl_1 : 0.212255 [31mdiag_kl_2 : 0.130526 [94mAcc_combined: 76.64 [94mAcc_c: 54.59 [94mAcc_g: 75.98 [92mF1_combined: 76.99 [92mF1_c: 63.38 [92mF1_g: 76.29 [95mCEU_cue_audio: 0.1821 [95mCEU_cue_video: 0.9241 [95mCEU_synergy: 0.0867 [95mCEU_coexistence: 0.9239 [97mS:[93m8.7%[97m([91m0.9c[97m-[94mF1:8.7%) [97mU1:[93m18.2%[97m([91m1.7c[97m) [97mU2:[93m92.4%[97m([91m31.9c[97m) [97mR:[93m92.4%[97m([91m42.4c[97m) [97mS-L: [92m0:[96m6% [92m1:[96m17%[39m [39m
2026-07-25 15:56:45,276 - Agent - INFO - [37mVal Epoch 13 step 13 with [31mce_loss_combined : 0.573607 [31mce_loss_c : 0.693199 [31mce_loss_g : 0.722515 [31mkl_synergy_rand_1 : 0.019804 [31mkl_synergy_rand_2 : 0.027907 [31mkl_synergy_1 : 0.021508 [31mkl_synergy_2 : 0.027966 [31mtotal : 0.670791 [31mdiag_kl_1 : 0.185996 [31mdiag_kl_2 : 0.165856 [94mAcc_combined: 76.20 [94mAcc_c: 56.33 [94mAcc_g: 76.42 [92mF1_combined: 76.46 [92mF1_c: 64.66 [92mF1_g: 76.52 [95mCEU_cue_audio: 0.1821 [95mCEU_cue_video: 0.8861 [95mCEU_synergy: 0.1305 [95mCEU_coexistence: 0.9429 [97mS:[93m13.0%[97m([91m1.3c[97m-[94mF1:12.9%) [97mU1:[93m18.2%[97m([91m1.7c[97m) [97mU2:[93m88.6%[97m([91m30.6c[97m) [97mR:[93m94.3%[97m([91m43.2c[97m) [97mS-L: [92m0:[96m6% [92m1:[96m33%[39m [39m
2026-07-25 15:57:00,533 - Agent - INFO - [37mVal Epoch 14 step 14 with [31mce_loss_combined : 0.511151 [31mce_loss_c : 0.785679 [31mce_loss_g : 0.611418 [31mkl_synergy_rand_1 : 0.017866 [31mkl_synergy_rand_2 : 0.024418 [31mkl_synergy_1 : 0.019209 [31mkl_synergy_2 : 0.024189 [31mtotal : 0.596832 [31mdiag_kl_1 : 0.179613 [31mdiag_kl_2 : 0.127050 [94mAcc_combined: 75.55 [94mAcc_c: 54.59 [94mAcc_g: 76.86 [92mF1_combined: 76.86 [92mF1_c: 61.19 [92mF1_g: 77.16 [95mCEU_cue_audio: 0.1363 [95mCEU_cue_video: 0.9620 [95mCEU_synergy: 0.1741 [95mCEU_coexistence: 0.9047 [97mS:[93m17.4%[97m([91m1.7c[97m-[94mF1:14.8%) [97mU1:[93m13.6%[97m([91m1.3c[97m) [97mU2:[93m96.2%[97m([91m33.2c[97m) [97mR:[93m90.5%[97m([91m41.5c[97m) [97mS-L: [92m0:[96m24%[39m [39m
2026-07-25 15:57:17,840 - Agent - INFO - [37mVal Epoch 15 step 15 with [31mce_loss_combined : 0.513780 [31mce_loss_c : 0.711520 [31mce_loss_g : 0.568389 [31mkl_synergy_rand_1 : 0.016768 [31mkl_synergy_rand_2 : 0.023491 [31mkl_synergy_1 : 0.017029 [31mkl_synergy_2 : 0.023180 [31mtotal : 0.594248 [31mdiag_kl_1 : 0.232186 [31mdiag_kl_2 : 0.122862 [94mAcc_combined: 74.24 [94mAcc_c: 52.62 [94mAcc_g: 75.76 [92mF1_combined: 75.42 [92mF1_c: 65.17 [92mF1_g: 76.23 [95mCEU_cue_audio: 0.0906 [95mCEU_cue_video: 0.9368 [95mCEU_synergy: 0.1741 [95mCEU_coexistence: 0.8953 [97mS:[93m17.4%[97m([91m1.7c[97m-[94mF1:14.8%) [97mU1:[93m9.1%[97m([91m0.9c[97m) [97mU2:[93m93.7%[97m([91m32.3c[97m) [97mR:[93m89.5%[97m([91m41.0c[97m) [97mS-L: [92m0:[96m24%[39m [39m
2026-07-25 15:57:31,652 - Agent - INFO - [37mVal Epoch 16 step 16 with [31mce_loss_combined : 0.602712 [31mce_loss_c : 0.819966 [31mce_loss_g : 0.720930 [31mkl_synergy_rand_1 : 0.019303 [31mkl_synergy_rand_2 : 0.023153 [31mkl_synergy_1 : 0.018462 [31mkl_synergy_2 : 0.021061 [31mtotal : 0.684690 [31mdiag_kl_1 : 0.148690 [31mdiag_kl_2 : 0.197910 [94mAcc_combined: 72.27 [94mAcc_c: 53.93 [94mAcc_g: 75.55 [92mF1_combined: 74.55 [92mF1_c: 57.55 [92mF1_g: 75.55 [95mCEU_cue_audio: 0.0906 [95mCEU_cue_video: 0.9113 [95mCEU_synergy: 0.1305 [95mCEU_coexistence: 0.9333 [97mS:[93m13.0%[97m([91m1.3c[97m-[94mF1:12.9%) [97mU1:[93m9.1%[97m([91m0.9c[97m) [97mU2:[93m91.1%[97m([91m31.4c[97m) [97mR:[93m93.3%[97m([91m42.8c[97m) [97mS-L: [92m0:[96m6% [92m1:[96m33%[39m [39m
2026-07-25 15:57:46,564 - Agent - INFO - [37mVal Epoch 17 step 17 with [31mce_loss_combined : 0.493987 [31mce_loss_c : 0.725001 [31mce_loss_g : 0.596536 [31mkl_synergy_rand_1 : 0.016874 [31mkl_synergy_rand_2 : 0.023767 [31mkl_synergy_1 : 0.017019 [31mkl_synergy_2 : 0.022307 [31mtotal : 0.573954 [31mdiag_kl_1 : 0.222754 [31mdiag_kl_2 : 0.107712 [94mAcc_combined: 75.98 [94mAcc_c: 57.86 [94mAcc_g: 76.64 [92mF1_combined: 76.19 [92mF1_c: 61.78 [92mF1_g: 76.89 [95mCEU_cue_audio: 0.0906 [95mCEU_cue_video: 0.9872 [95mCEU_synergy: 0.1305 [95mCEU_coexistence: 0.8761 [97mS:[93m13.0%[97m([91m1.3c[97m-[94mF1:11.5%) [97mU1:[93m9.1%[97m([91m0.9c[97m) [97mU2:[93m98.7%[97m([91m34.1c[97m) [97mR:[93m87.6%[97m([91m40.2c[97m) [97mS-L: [92m0:[96m18%[39m [39m
2026-07-25 15:58:01,528 - Agent - INFO - [37mVal Epoch 18 step 18 with [31mce_loss_combined : 0.588495 [31mce_loss_c : 0.784382 [31mce_loss_g : 0.748333 [31mkl_synergy_rand_1 : 0.017533 [31mkl_synergy_rand_2 : 0.025737 [31mkl_synergy_1 : 0.019515 [31mkl_synergy_2 : 0.025530 [31mtotal : 0.676810 [31mdiag_kl_1 : 0.177862 [31mdiag_kl_2 : 0.178801 [94mAcc_combined: 76.86 [94mAcc_c: 53.71 [94mAcc_g: 76.42 [92mF1_combined: 77.16 [92mF1_c: 59.85 [92mF1_g: 76.72 [95mCEU_cue_audio: 0.1821 [95mCEU_cue_video: 0.9493 [95mCEU_synergy: 0.1305 [95mCEU_coexistence: 0.9047 [97mS:[93m13.0%[97m([91m1.3c[97m-[94mF1:12.9%) [97mU1:[93m18.2%[97m([91m1.7c[97m) [97mU2:[93m94.9%[97m([91m32.8c[97m) [97mR:[93m90.5%[97m([91m41.5c[97m) [97mS-L: [92m0:[96m12% [92m1:[96m17%[39m [39m
2026-07-25 15:58:14,833 - Agent - INFO - [37mVal Epoch 19 step 19 with [31mce_loss_combined : 0.524179 [31mce_loss_c : 0.831967 [31mce_loss_g : 0.577584 [31mkl_synergy_rand_1 : 0.016026 [31mkl_synergy_rand_2 : 0.022386 [31mkl_synergy_1 : 0.015298 [31mkl_synergy_2 : 0.021200 [31mtotal : 0.599089 [31mdiag_kl_1 : 0.153407 [31mdiag_kl_2 : 0.127135 [94mAcc_combined: 76.20 [94mAcc_c: 50.22 [94mAcc_g: 76.20 [92mF1_combined: 76.96 [92mF1_c: 58.99 [92mF1_g: 76.56 [95mCEU_cue_audio: 0.1821 [95mCEU_cue_video: 0.9368 [95mCEU_synergy: 0.0867 [95mCEU_coexistence: 0.9239 [97mS:[93m8.7%[97m([91m0.9c[97m-[94mF1:8.7%) [97mU1:[93m18.2%[97m([91m1.7c[97m) [97mU2:[93m93.7%[97m([91m32.3c[97m) [97mR:[93m92.4%[97m([91m42.4c[97m) [97mS-L: [92m0:[96m6% [92m1:[96m17%[39m [39m
2026-07-25 15:58:28,637 - Agent - INFO - [37mVal Epoch 20 step 20 with [31mce_loss_combined : 0.517392 [31mce_loss_c : 0.764621 [31mce_loss_g : 0.605488 [31mkl_synergy_rand_1 : 0.017518 [31mkl_synergy_rand_2 : 0.023834 [31mkl_synergy_1 : 0.016876 [31mkl_synergy_2 : 0.021977 [31mtotal : 0.597597 [31mdiag_kl_1 : 0.179211 [31mdiag_kl_2 : 0.120910 [94mAcc_combined: 76.64 [94mAcc_c: 55.90 [94mAcc_g: 77.73 [92mF1_combined: 77.28 [92mF1_c: 63.54 [92mF1_g: 77.83 [95mCEU_cue_audio: 0.1363 [95mCEU_cue_video: 0.9872 [95mCEU_synergy: 0.0867 [95mCEU_coexistence: 0.9047 [97mS:[93m8.7%[97m([91m0.9c[97m-[94mF1:8.7%) [97mU1:[93m13.6%[97m([91m1.3c[97m) [97mU2:[93m98.7%[97m([91m34.1c[97m) [97mR:[93m90.5%[97m([91m41.5c[97m) [97mS-L: [92m0:[96m6% [92m1:[96m17%[39m [39m
2026-07-25 15:58:42,188 - Agent - INFO - [37mVal Epoch 21 step 21 with [31mce_loss_combined : 0.529179 [31mce_loss_c : 0.798316 [31mce_loss_g : 0.644956 [31mkl_synergy_rand_1 : 0.018334 [31mkl_synergy_rand_2 : 0.023966 [31mkl_synergy_1 : 0.018459 [31mkl_synergy_2 : 0.023263 [31mtotal : 0.613201 [31mdiag_kl_1 : 0.177668 [31mdiag_kl_2 : 0.127642 [94mAcc_combined: 77.07 [94mAcc_c: 54.37 [94mAcc_g: 77.51 [92mF1_combined: 77.42 [92mF1_c: 60.04 [92mF1_g: 77.56 [95mCEU_cue_audio: 0.1363 [95mCEU_cue_video: 0.9748 [95mCEU_synergy: 0.0867 [95mCEU_coexistence: 0.9047 [97mS:[93m8.7%[97m([91m0.9c[97m-[94mF1:8.7%) [97mU1:[93m13.6%[97m([91m1.3c[97m) [97mU2:[93m97.5%[97m([91m33.6c[97m) [97mR:[93m90.5%[97m([91m41.5c[97m) [97mS-L: [92m0:[96m6% [92m1:[96m17%[39m [39m
2026-07-25 15:58:55,932 - Agent - INFO - [37mVal Epoch 22 step 22 with [31mce_loss_combined : 0.528899 [31mce_loss_c : 0.776067 [31mce_loss_g : 0.656842 [31mkl_synergy_rand_1 : 0.020329 [31mkl_synergy_rand_2 : 0.025706 [31mkl_synergy_1 : 0.018877 [31mkl_synergy_2 : 0.025000 [31mtotal : 0.618812 [31mdiag_kl_1 : 0.208788 [31mdiag_kl_2 : 0.117577 [94mAcc_combined: 76.64 [94mAcc_c: 55.24 [94mAcc_g: 77.95 [92mF1_combined: 77.09 [92mF1_c: 61.10 [92mF1_g: 77.90 [95mCEU_cue_audio: 0.1363 [95mCEU_cue_video: 0.9368 [95mCEU_synergy: 0.1305 [95mCEU_coexistence: 0.9047 [97mS:[93m13.0%[97m([91m1.3c[97m-[94mF1:12.9%) [97mU1:[93m13.6%[97m([91m1.3c[97m) [97mU2:[93m93.7%[97m([91m32.3c[97m) [97mR:[93m90.5%[97m([91m41.5c[97m) [97mS-L: [92m0:[96m12% [92m1:[96m17%[39m [39m
2026-07-25 15:59:09,275 - Agent - INFO - [37mVal Epoch 23 step 23 with [31mce_loss_combined : 0.535637 [31mce_loss_c : 0.804953 [31mce_loss_g : 0.656429 [31mkl_synergy_rand_1 : 0.020033 [31mkl_synergy_rand_2 : 0.024938 [31mkl_synergy_1 : 0.018662 [31mkl_synergy_2 : 0.022990 [31mtotal : 0.622260 [31mdiag_kl_1 : 0.191005 [31mdiag_kl_2 : 0.128994 [94mAcc_combined: 76.64 [94mAcc_c: 54.15 [94mAcc_g: 77.73 [92mF1_combined: 77.19 [92mF1_c: 59.62 [92mF1_g: 77.73 [95mCEU_cue_audio: 0.1363 [95mCEU_cue_video: 0.9748 [95mCEU_synergy: 0.1305 [95mCEU_coexistence: 0.9047 [97mS:[93m13.0%[97m([91m1.3c[97m-[94mF1:12.9%) [97mU1:[93m13.6%[97m([91m1.3c[97m) [97mU2:[93m97.5%[97m([91m33.6c[97m) [97mR:[93m90.5%[97m([91m41.5c[97m) [97mS-L: [92m0:[96m12% [92m1:[96m17%[39m [39m
2026-07-25 15:59:23,591 - Agent - INFO - [37mVal Epoch 24 step 24 with [31mce_loss_combined : 0.539080 [31mce_loss_c : 0.803667 [31mce_loss_g : 0.670159 [31mkl_synergy_rand_1 : 0.019443 [31mkl_synergy_rand_2 : 0.025566 [31mkl_synergy_1 : 0.018901 [31mkl_synergy_2 : 0.023914 [31mtotal : 0.626904 [31mdiag_kl_1 : 0.193077 [31mdiag_kl_2 : 0.128815 [94mAcc_combined: 76.64 [94mAcc_c: 54.15 [94mAcc_g: 77.95 [92mF1_combined: 77.09 [92mF1_c: 58.98 [92mF1_g: 77.90 [95mCEU_cue_audio: 0.1363 [95mCEU_cue_video: 0.9493 [95mCEU_synergy: 0.0867 [95mCEU_coexistence: 0.9047 [97mS:[93m8.7%[97m([91m0.9c[97m-[94mF1:8.7%) [97mU1:[93m13.6%[97m([91m1.3c[97m) [97mU2:[93m94.9%[97m([91m32.8c[97m) [97mR:[93m90.5%[97m([91m41.5c[97m) [97mS-L: [92m0:[96m6% [92m1:[96m17%[39m [39m
2026-07-25 15:59:37,283 - Agent - INFO - [37mVal Epoch 25 step 25 with [31mce_loss_combined : 0.532930 [31mce_loss_c : 0.796425 [31mce_loss_g : 0.653240 [31mkl_synergy_rand_1 : 0.019392 [31mkl_synergy_rand_2 : 0.025345 [31mkl_synergy_1 : 0.019035 [31mkl_synergy_2 : 0.024783 [31mtotal : 0.621484 [31mdiag_kl_1 : 0.212702 [31mdiag_kl_2 : 0.116211 [94mAcc_combined: 76.86 [94mAcc_c: 51.97 [94mAcc_g: 77.29 [92mF1_combined: 77.06 [92mF1_c: 58.65 [92mF1_g: 77.39 [95mCEU_cue_audio: 0.0906 [95mCEU_cue_video: 0.9748 [95mCEU_synergy: 0.1305 [95mCEU_coexistence: 0.9047 [97mS:[93m13.0%[97m([91m1.3c[97m-[94mF1:12.9%) [97mU1:[93m9.1%[97m([91m0.9c[97m) [97mU2:[93m97.5%[97m([91m33.6c[97m) [97mR:[93m90.5%[97m([91m41.5c[97m) [97mS-L: [92m0:[96m12% [92m1:[96m17%[39m [39m
2026-07-25 15:59:50,487 - Agent - INFO - [37mVal Epoch 26 step 26 with [31mce_loss_combined : 0.559948 [31mce_loss_c : 0.771930 [31mce_loss_g : 0.727674 [31mkl_synergy_rand_1 : 0.020790 [31mkl_synergy_rand_2 : 0.028253 [31mkl_synergy_1 : 0.019322 [31mkl_synergy_2 : 0.027103 [31mtotal : 0.655416 [31mdiag_kl_1 : 0.239362 [31mdiag_kl_2 : 0.136095 [94mAcc_combined: 76.42 [94mAcc_c: 51.09 [94mAcc_g: 76.64 [92mF1_combined: 76.72 [92mF1_c: 58.97 [92mF1_g: 76.79 [95mCEU_cue_audio: 0.1363 [95mCEU_cue_video: 0.9620 [95mCEU_synergy: 0.0867 [95mCEU_coexistence: 0.8953 [97mS:[93m8.7%[97m([91m0.9c[97m-[94mF1:8.7%) [97mU1:[93m13.6%[97m([91m1.3c[97m) [97mU2:[93m96.2%[97m([91m33.2c[97m) [97mR:[93m89.5%[97m([91m41.0c[97m) [97mS-L: [92m0:[96m6% [92m1:[96m17%[39m [39m
2026-07-25 16:00:03,948 - Agent - INFO - [37mVal Epoch 27 step 27 with [31mce_loss_combined : 0.484901 [31mce_loss_c : 0.789433 [31mce_loss_g : 0.539403 [31mkl_synergy_rand_1 : 0.020068 [31mkl_synergy_rand_2 : 0.025588 [31mkl_synergy_1 : 0.017874 [31mkl_synergy_2 : 0.024020 [31mtotal : 0.572450 [31mdiag_kl_1 : 0.210431 [31mdiag_kl_2 : 0.133640 [94mAcc_combined: 77.73 [94mAcc_c: 53.71 [94mAcc_g: 78.60 [92mF1_combined: 78.02 [92mF1_c: 59.85 [92mF1_g: 78.79 [95mCEU_cue_audio: 0.2726 [95mCEU_cue_video: 0.9241 [95mCEU_synergy: 0.1305 [95mCEU_coexistence: 0.9239 [97mS:[93m13.0%[97m([91m1.3c[97m-[94mF1:12.9%) [97mU1:[93m27.3%[97m([91m2.6c[97m) [97mU2:[93m92.4%[97m([91m31.9c[97m) [97mR:[93m92.4%[97m([91m42.4c[97m) [97mS-L: [92m0:[96m12% [92m1:[96m17%[39m [39m
2026-07-25 16:00:19,641 - Agent - INFO - [37mVal Epoch 28 step 28 with [31mce_loss_combined : 0.549920 [31mce_loss_c : 0.764250 [31mce_loss_g : 0.633261 [31mkl_synergy_rand_1 : 0.016085 [31mkl_synergy_rand_2 : 0.020471 [31mkl_synergy_1 : 0.012936 [31mkl_synergy_2 : 0.020113 [31mtotal : 0.619526 [31mdiag_kl_1 : 0.194828 [31mdiag_kl_2 : 0.173296 [94mAcc_combined: 75.33 [94mAcc_c: 53.06 [94mAcc_g: 74.24 [92mF1_combined: 76.01 [92mF1_c: 59.66 [92mF1_g: 75.21 [95mCEU_cue_audio: 0.1821 [95mCEU_cue_video: 0.9113 [95mCEU_synergy: 0.1305 [95mCEU_coexistence: 0.8571 [97mS:[93m13.0%[97m([91m1.3c[97m-[94mF1:12.9%) [97mU1:[93m18.2%[97m([91m1.7c[97m) [97mU2:[93m91.1%[97m([91m31.4c[97m) [97mR:[93m85.7%[97m([91m39.3c[97m) [97mS-L: [92m0:[96m6% [92m1:[96m33%[39m [39m
2026-07-25 16:00:34,893 - Evaluator - INFO - New best with syn_accuracy-
2026-07-25 16:00:34,893 - Agent - INFO - [37mVal Epoch 29 step 29 with [31mce_loss_combined : 0.550455 [31mce_loss_c : 0.766618 [31mce_loss_g : 0.699867 [31mkl_synergy_rand_1 : 0.023648 [31mkl_synergy_rand_2 : 0.030296 [31mkl_synergy_1 : 0.019602 [31mkl_synergy_2 : 0.029163 [31mtotal : 0.653163 [31mdiag_kl_1 : 0.281486 [31mdiag_kl_2 : 0.191883 [94mAcc_combined: 74.67 [94mAcc_c: 53.28 [94mAcc_g: 76.64 [92mF1_combined: 75.53 [92mF1_c: 58.69 [92mF1_g: 76.79 [95mCEU_cue_audio: 0.1821 [95mCEU_cue_video: 0.9493 [95mCEU_synergy: 0.3045 [95mCEU_coexistence: 0.8475 [97mS:[93m30.4%[97m([91m3.1c[97m-[94mF1:30.3%) [97mU1:[93m18.2%[97m([91m1.7c[97m) [97mU2:[93m94.9%[97m([91m32.8c[97m) [97mR:[93m84.8%[97m([91m38.9c[97m) [97mS-L: [92m0:[96m24% [92m1:[96m50%[39m [39m
2026-07-25 16:00:34,921 - Agent - INFO - [37mTest Epoch 29 step 29 with [31mce_loss_combined : 0.657963 [31mce_loss_c : 0.786496 [31mce_loss_g : 0.850603 [31mkl_synergy_rand_1 : 0.023478 [31mkl_synergy_rand_2 : 0.031374 [31mkl_synergy_1 : 0.020931 [31mkl_synergy_2 : 0.030434 [31mtotal : 0.764180 [31mdiag_kl_1 : 0.309792 [31mdiag_kl_2 : 0.203540 [94mAcc_combined: 69.83 [94mAcc_c: 53.72 [94mAcc_g: 70.63 [92mF1_combined: 70.60 [92mF1_c: 59.99 [92mF1_g: 70.82 [95mCEU_cue_audio: 0.1854 [95mCEU_cue_video: 0.8538 [95mCEU_synergy: 0.2774 [95mCEU_coexistence: 0.8706 [97mS:[93m27.8%[97m([91m3.6c[97m-[94mF1:23.6%) [97mU1:[93m18.5%[97m([91m2.2c[97m) [97mU2:[93m85.4%[97m([91m32.4c[97m) [97mR:[93m87.1%[97m([91m32.4c[97m) [97mS-L: [92m0:[96m35% [92m1:[96m8%[39m [39m
2026-07-25 16:00:35,515 - Agent - INFO - [37mModel saved successfully at: ./artifacts/models/multibench/mosi/vt/SynIB_RMask_U_foldREFABL_mosi_fold0_l0.1_perturbrandom_fillema_pmin0.3_refuniform_lr0.0005_wd0.001_bs32.pth.tar[39m
2026-07-25 16:00:50,306 - Agent - INFO - [37mVal Epoch 30 step 30 with [31mce_loss_combined : 0.641727 [31mce_loss_c : 0.868426 [31mce_loss_g : 0.765626 [31mkl_synergy_rand_1 : 0.024693 [31mkl_synergy_rand_2 : 0.028387 [31mkl_synergy_1 : 0.020171 [31mkl_synergy_2 : 0.023488 [31mtotal : 0.738466 [31mdiag_kl_1 : 0.163786 [31mdiag_kl_2 : 0.253453 [94mAcc_combined: 69.43 [94mAcc_c: 56.33 [94mAcc_g: 76.86 [92mF1_combined: 72.22 [92mF1_c: 58.33 [92mF1_g: 76.96 [95mCEU_cue_audio: 0.4089 [95mCEU_cue_video: 0.4684 [95mCEU_synergy: 0.1741 [95mCEU_coexistence: 0.9429 [97mS:[93m17.4%[97m([91m1.7c[97m-[94mF1:16.8%) [97mU1:[93m40.9%[97m([91m3.9c[97m) [97mU2:[93m46.8%[97m([91m16.2c[97m) [97mR:[93m94.3%[97m([91m43.2c[97m) [97mS-L: [92m0:[96m6% [92m1:[96m50%[39m [39m
2026-07-25 16:01:05,665 - Agent - INFO - [37mVal Epoch 31 step 31 with [31mce_loss_combined : 0.586904 [31mce_loss_c : 0.796458 [31mce_loss_g : 0.733474 [31mkl_synergy_rand_1 : 0.018755 [31mkl_synergy_rand_2 : 0.022960 [31mkl_synergy_1 : 0.014495 [31mkl_synergy_2 : 0.020869 [31mtotal : 0.663983 [31mdiag_kl_1 : 0.171625 [31mdiag_kl_2 : 0.177173 [94mAcc_combined: 73.14 [94mAcc_c: 55.46 [94mAcc_g: 72.27 [92mF1_combined: 73.32 [92mF1_c: 60.31 [92mF1_g: 72.57 [95mCEU_cue_audio: 0.0906 [95mCEU_cue_video: 0.8861 [95mCEU_synergy: 0.0867 [95mCEU_coexistence: 0.8857 [97mS:[93m8.7%[97m([91m0.9c[97m-[94mF1:8.7%) [97mU1:[93m9.1%[97m([91m0.9c[97m) [97mU2:[93m88.6%[97m([91m30.6c[97m) [97mR:[93m88.6%[97m([91m40.6c[97m) [97mS-L: [92m0:[96m6% [92m1:[96m17%[39m [39m
2026-07-25 16:01:19,191 - Agent - INFO - [37mVal Epoch 32 step 32 with [31mce_loss_combined : 0.614615 [31mce_loss_c : 0.822152 [31mce_loss_g : 0.775148 [31mkl_synergy_rand_1 : 0.019612 [31mkl_synergy_rand_2 : 0.025680 [31mkl_synergy_1 : 0.016813 [31mkl_synergy_2 : 0.021648 [31mtotal : 0.698369 [31mdiag_kl_1 : 0.161954 [31mdiag_kl_2 : 0.225877 [94mAcc_combined: 71.83 [94mAcc_c: 54.80 [94mAcc_g: 75.76 [92mF1_combined: 73.73 [92mF1_c: 59.96 [92mF1_g: 75.82 [95mCEU_cue_audio: 0.0458 [95mCEU_cue_video: 0.8861 [95mCEU_synergy: 0.2610 [95mCEU_coexistence: 0.8953 [97mS:[93m26.1%[97m([91m2.6c[97m-[94mF1:25.5%) [97mU1:[93m4.5%[97m([91m0.4c[97m) [97mU2:[93m88.6%[97m([91m30.6c[97m) [97mR:[93m89.5%[97m([91m41.0c[97m) [97mS-L: [92m0:[96m12% [92m1:[96m67%[39m [39m
2026-07-25 16:01:36,395 - Agent - INFO - [37mVal Epoch 33 step 33 with [31mce_loss_combined : 0.594020 [31mce_loss_c : 0.743510 [31mce_loss_g : 0.746526 [31mkl_synergy_rand_1 : 0.020488 [31mkl_synergy_rand_2 : 0.027666 [31mkl_synergy_1 : 0.016961 [31mkl_synergy_2 : 0.025295 [31mtotal : 0.684429 [31mdiag_kl_1 : 0.213320 [31mdiag_kl_2 : 0.158011 [94mAcc_combined: 75.11 [94mAcc_c: 56.77 [94mAcc_g: 74.67 [92mF1_combined: 75.43 [92mF1_c: 63.33 [92mF1_g: 74.89 [95mCEU_cue_audio: 0.0458 [95mCEU_cue_video: 0.9368 [95mCEU_synergy: 0.0867 [95mCEU_coexistence: 0.9047 [97mS:[93m8.7%[97m([91m0.9c[97m-[94mF1:8.7%) [97mU1:[93m4.5%[97m([91m0.4c[97m) [97mU2:[93m93.7%[97m([91m32.3c[97m) [97mR:[93m90.5%[97m([91m41.5c[97m) [97mS-L: [92m0:[96m6% [92m1:[96m17%[39m [39m
2026-07-25 16:01:51,789 - Agent - INFO - [37mVal Epoch 34 step 34 with [31mce_loss_combined : 0.576176 [31mce_loss_c : 0.858667 [31mce_loss_g : 0.682641 [31mkl_synergy_rand_1 : 0.020226 [31mkl_synergy_rand_2 : 0.024887 [31mkl_synergy_1 : 0.016703 [31mkl_synergy_2 : 0.020869 [31mtotal : 0.658862 [31mdiag_kl_1 : 0.200752 [31mdiag_kl_2 : 0.153381 [94mAcc_combined: 75.55 [94mAcc_c: 55.02 [94mAcc_g: 74.24 [92mF1_combined: 75.86 [92mF1_c: 58.80 [92mF1_g: 74.46 [95mCEU_cue_audio: 0.0458 [95mCEU_cue_video: 0.9620 [95mCEU_synergy: 0.1305 [95mCEU_coexistence: 0.8857 [97mS:[93m13.0%[97m([91m1.3c[97m-[94mF1:12.9%) [97mU1:[93m4.5%[97m([91m0.4c[97m) [97mU2:[93m96.2%[97m([91m33.2c[97m) [97mR:[93m88.6%[97m([91m40.6c[97m) [97mS-L: [92m0:[96m12% [92m1:[96m17%[39m [39m
2026-07-25 16:02:07,120 - Agent - INFO - [37mVal Epoch 35 step 35 with [31mce_loss_combined : 0.623344 [31mce_loss_c : 0.852593 [31mce_loss_g : 0.794128 [31mkl_synergy_rand_1 : 0.020093 [31mkl_synergy_rand_2 : 0.026839 [31mkl_synergy_1 : 0.015629 [31mkl_synergy_2 : 0.022956 [31mtotal : 0.708861 [31mdiag_kl_1 : 0.200501 [31mdiag_kl_2 : 0.182043 [94mAcc_combined: 74.02 [94mAcc_c: 52.40 [94mAcc_g: 74.02 [92mF1_combined: 74.19 [92mF1_c: 56.05 [92mF1_g: 74.19 [95mCEU_cue_audio: 0.0458 [95mCEU_cue_video: 0.9241 [95mCEU_synergy: 0.0867 [95mCEU_coexistence: 0.9047 [97mS:[93m8.7%[97m([91m0.9c[97m-[94mF1:8.7%) [97mU1:[93m4.5%[97m([91m0.4c[97m) [97mU2:[93m92.4%[97m([91m31.9c[97m) [97mR:[93m90.5%[97m([91m41.5c[97m) [97mS-L: [92m0:[96m6% [92m1:[96m17%[39m [39m
2026-07-25 16:02:22,698 - Agent - INFO - [37mVal Epoch 36 step 36 with [31mce_loss_combined : 0.531803 [31mce_loss_c : 0.838453 [31mce_loss_g : 0.672442 [31mkl_synergy_rand_1 : 0.023294 [31mkl_synergy_rand_2 : 0.028514 [31mkl_synergy_1 : 0.016143 [31mkl_synergy_2 : 0.025129 [31mtotal : 0.624883 [31mdiag_kl_1 : 0.228334 [31mdiag_kl_2 : 0.131353 [94mAcc_combined: 75.98 [94mAcc_c: 53.06 [94mAcc_g: 75.33 [92mF1_combined: 75.98 [92mF1_c: 58.09 [92mF1_g: 75.38 [95mCEU_cue_audio: 0.0458 [95mCEU_cue_video: 0.9620 [95mCEU_synergy: 0.1305 [95mCEU_coexistence: 0.8953 [97mS:[93m13.0%[97m([91m1.3c[97m-[94mF1:12.9%) [97mU1:[93m4.5%[97m([91m0.4c[97m) [97mU2:[93m96.2%[97m([91m33.2c[97m) [97mR:[93m89.5%[97m([91m41.0c[97m) [97mS-L: [92m0:[96m12% [92m1:[96m17%[39m [39m
2026-07-25 16:02:37,433 - Agent - INFO - [37mVal Epoch 37 step 37 with [31mce_loss_combined : 0.546764 [31mce_loss_c : 0.826554 [31mce_loss_g : 0.672851 [31mkl_synergy_rand_1 : 0.018018 [31mkl_synergy_rand_2 : 0.024575 [31mkl_synergy_1 : 0.013952 [31mkl_synergy_2 : 0.022108 [31mtotal : 0.625417 [31mdiag_kl_1 : 0.209563 [31mdiag_kl_2 : 0.146741 [94mAcc_combined: 74.24 [94mAcc_c: 51.97 [94mAcc_g: 73.14 [92mF1_combined: 74.79 [92mF1_c: 57.36 [92mF1_g: 73.32 [95mCEU_cue_audio: 0.0458 [95mCEU_cue_video: 0.9493 [95mCEU_synergy: 0.2171 [95mCEU_coexistence: 0.8571 [97mS:[93m21.7%[97m([91m2.2c[97m-[94mF1:20.4%) [97mU1:[93m4.5%[97m([91m0.4c[97m) [97mU2:[93m94.9%[97m([91m32.8c[97m) [97mR:[93m85.7%[97m([91m39.3c[97m) [97mS-L: [92m0:[96m24% [92m1:[96m17%[39m [39m
2026-07-25 16:02:53,583 - Agent - INFO - [37mVal Epoch 38 step 38 with [31mce_loss_combined : 0.591688 [31mce_loss_c : 0.908862 [31mce_loss_g : 0.736325 [31mkl_synergy_rand_1 : 0.020262 [31mkl_synergy_rand_2 : 0.025132 [31mkl_synergy_1 : 0.015187 [31mkl_synergy_2 : 0.019872 [31mtotal : 0.672142 [31mdiag_kl_1 : 0.174214 [31mdiag_kl_2 : 0.182299 [94mAcc_combined: 71.40 [94mAcc_c: 55.02 [94mAcc_g: 73.80 [92mF1_combined: 73.75 [92mF1_c: 56.17 [92mF1_g: 73.80 [95mCEU_cue_audio: 0.1363 [95mCEU_cue_video: 0.9241 [95mCEU_synergy: 0.1305 [95mCEU_coexistence: 0.8761 [97mS:[93m13.0%[97m([91m1.3c[97m-[94mF1:12.9%) [97mU1:[93m13.6%[97m([91m1.3c[97m) [97mU2:[93m92.4%[97m([91m31.9c[97m) [97mR:[93m87.6%[97m([91m40.2c[97m) [97mS-L: [92m0:[96m12% [92m1:[96m17%[39m [39m
2026-07-25 16:03:07,284 - Agent - INFO - [37mVal Epoch 39 step 39 with [31mce_loss_combined : 0.556317 [31mce_loss_c : 0.897237 [31mce_loss_g : 0.685591 [31mkl_synergy_rand_1 : 0.021420 [31mkl_synergy_rand_2 : 0.026275 [31mkl_synergy_1 : 0.016975 [31mkl_synergy_2 : 0.024261 [31mtotal : 0.645248 [31mdiag_kl_1 : 0.257610 [31mdiag_kl_2 : 0.146732 [94mAcc_combined: 73.58 [94mAcc_c: 49.56 [94mAcc_g: 73.80 [92mF1_combined: 73.87 [92mF1_c: 53.89 [92mF1_g: 73.80 [95mCEU_cue_audio: 0.0458 [95mCEU_cue_video: 0.9748 [95mCEU_synergy: 0.1741 [95mCEU_coexistence: 0.8190 [97mS:[93m17.4%[97m([91m1.7c[97m-[94mF1:14.8%) [97mU1:[93m4.5%[97m([91m0.4c[97m) [97mU2:[93m97.5%[97m([91m33.6c[97m) [97mR:[93m81.9%[97m([91m37.6c[97m) [97mS-L: [92m0:[96m24%[39m [39m
2026-07-25 16:03:24,568 - Agent - INFO - [37mVal Epoch 40 step 40 with [31mce_loss_combined : 0.531656 [31mce_loss_c : 0.894965 [31mce_loss_g : 0.650028 [31mkl_synergy_rand_1 : 0.021107 [31mkl_synergy_rand_2 : 0.026436 [31mkl_synergy_1 : 0.013718 [31mkl_synergy_2 : 0.022358 [31mtotal : 0.615274 [31mdiag_kl_1 : 0.221915 [31mdiag_kl_2 : 0.125591 [94mAcc_combined: 74.45 [94mAcc_c: 51.75 [94mAcc_g: 75.11 [92mF1_combined: 75.68 [92mF1_c: 55.71 [92mF1_g: 75.11 [95mCEU_cue_audio: 0.0458 [95mCEU_cue_video: 0.9872 [95mCEU_synergy: 0.1305 [95mCEU_coexistence: 0.8667 [97mS:[93m13.0%[97m([91m1.3c[97m-[94mF1:11.5%) [97mU1:[93m4.5%[97m([91m0.4c[97m) [97mU2:[93m98.7%[97m([91m34.1c[97m) [97mR:[93m86.7%[97m([91m39.7c[97m) [97mS-L: [92m0:[96m18%[39m [39m
2026-07-25 16:03:39,929 - Agent - INFO - [37mVal Epoch 41 step 41 with [31mce_loss_combined : 0.579102 [31mce_loss_c : 0.911044 [31mce_loss_g : 0.740698 [31mkl_synergy_rand_1 : 0.020878 [31mkl_synergy_rand_2 : 0.026686 [31mkl_synergy_1 : 0.016550 [31mkl_synergy_2 : 0.022174 [31mtotal : 0.665390 [31mdiag_kl_1 : 0.213838 [31mdiag_kl_2 : 0.160808 [94mAcc_combined: 75.98 [94mAcc_c: 52.84 [94mAcc_g: 74.45 [92mF1_combined: 76.79 [92mF1_c: 54.62 [92mF1_g: 74.62 [95mCEU_cue_audio: 0.0906 [95mCEU_cue_video: 0.9368 [95mCEU_synergy: 0.1741 [95mCEU_coexistence: 0.8953 [97mS:[93m17.4%[97m([91m1.7c[97m-[94mF1:16.8%) [97mU1:[93m9.1%[97m([91m0.9c[97m) [97mU2:[93m93.7%[97m([91m32.3c[97m) [97mR:[93m89.5%[97m([91m41.0c[97m) [97mS-L: [92m0:[96m18% [92m1:[96m17%[39m [39m
2026-07-25 16:03:53,894 - Agent - INFO - [37mVal Epoch 42 step 42 with [31mce_loss_combined : 0.563485 [31mce_loss_c : 0.892420 [31mce_loss_g : 0.718220 [31mkl_synergy_rand_1 : 0.019489 [31mkl_synergy_rand_2 : 0.025915 [31mkl_synergy_1 : 0.014980 [31mkl_synergy_2 : 0.022728 [31mtotal : 0.646597 [31mdiag_kl_1 : 0.226456 [31mdiag_kl_2 : 0.154703 [94mAcc_combined: 74.67 [94mAcc_c: 52.84 [94mAcc_g: 75.33 [92mF1_combined: 74.89 [92mF1_c: 54.81 [92mF1_g: 75.38 [95mCEU_cue_audio: 0.0458 [95mCEU_cue_video: 0.9748 [95mCEU_synergy: 0.1741 [95mCEU_coexistence: 0.8475 [97mS:[93m17.4%[97m([91m1.7c[97m-[94mF1:16.8%) [97mU1:[93m4.5%[97m([91m0.4c[97m) [97mU2:[93m97.5%[97m([91m33.6c[97m) [97mR:[93m84.8%[97m([91m38.9c[97m) [97mS-L: [92m0:[96m18% [92m1:[96m17%[39m [39m
2026-07-25 16:04:07,441 - Agent - INFO - [37mVal Epoch 43 step 43 with [31mce_loss_combined : 0.571129 [31mce_loss_c : 0.877547 [31mce_loss_g : 0.739890 [31mkl_synergy_rand_1 : 0.020607 [31mkl_synergy_rand_2 : 0.025385 [31mkl_synergy_1 : 0.014602 [31mkl_synergy_2 : 0.023023 [31mtotal : 0.654745 [31mdiag_kl_1 : 0.231963 [31mdiag_kl_2 : 0.158347 [94mAcc_combined: 75.55 [94mAcc_c: 52.84 [94mAcc_g: 75.76 [92mF1_combined: 75.97 [92mF1_c: 54.62 [92mF1_g: 75.92 [95mCEU_cue_audio: 0.0906 [95mCEU_cue_video: 0.9493 [95mCEU_synergy: 0.1305 [95mCEU_coexistence: 0.8953 [97mS:[93m13.0%[97m([91m1.3c[97m-[94mF1:12.9%) [97mU1:[93m9.1%[97m([91m0.9c[97m) [97mU2:[93m94.9%[97m([91m32.8c[97m) [97mR:[93m89.5%[97m([91m41.0c[97m) [97mS-L: [92m0:[96m12% [92m1:[96m17%[39m [39m
2026-07-25 16:04:21,046 - Agent - INFO - [37mVal Epoch 44 step 44 with [31mce_loss_combined : 0.567756 [31mce_loss_c : 0.885373 [31mce_loss_g : 0.739600 [31mkl_synergy_rand_1 : 0.019262 [31mkl_synergy_rand_2 : 0.025790 [31mkl_synergy_1 : 0.014636 [31mkl_synergy_2 : 0.022070 [31mtotal : 0.649514 [31mdiag_kl_1 : 0.210536 [31mdiag_kl_2 : 0.159828 [94mAcc_combined: 75.33 [94mAcc_c: 52.84 [94mAcc_g: 75.33 [92mF1_combined: 76.31 [92mF1_c: 54.62 [92mF1_g: 75.38 [95mCEU_cue_audio: 0.0906 [95mCEU_cue_video: 0.9620 [95mCEU_synergy: 0.1305 [95mCEU_coexistence: 0.8857 [97mS:[93m13.0%[97m([91m1.3c[97m-[94mF1:12.9%) [97mU1:[93m9.1%[97m([91m0.9c[97m) [97mU2:[93m96.2%[97m([91m33.2c[97m) [97mR:[93m88.6%[97m([91m40.6c[97m) [97mS-L: [92m0:[96m12% [92m1:[96m17%[39m [39m
2026-07-25 16:04:34,839 - Agent - INFO - [37mVal Epoch 45 step 45 with [31mce_loss_combined : 0.564364 [31mce_loss_c : 0.899627 [31mce_loss_g : 0.734545 [31mkl_synergy_rand_1 : 0.021041 [31mkl_synergy_rand_2 : 0.025804 [31mkl_synergy_1 : 0.014890 [31mkl_synergy_2 : 0.021621 [31mtotal : 0.647720 [31mdiag_kl_1 : 0.229644 [31mdiag_kl_2 : 0.151368 [94mAcc_combined: 75.55 [94mAcc_c: 53.49 [94mAcc_g: 75.76 [92mF1_combined: 76.27 [92mF1_c: 54.78 [92mF1_g: 75.82 [95mCEU_cue_audio: 0.0458 [95mCEU_cue_video: 0.9493 [95mCEU_synergy: 0.1305 [95mCEU_coexistence: 0.8857 [97mS:[93m13.0%[97m([91m1.3c[97m-[94mF1:12.9%) [97mU1:[93m4.5%[97m([91m0.4c[97m) [97mU2:[93m94.9%[97m([91m32.8c[97m) [97mR:[93m88.6%[97m([91m40.6c[97m) [97mS-L: [92m0:[96m12% [92m1:[96m17%[39m [39m
2026-07-25 16:04:48,301 - Agent - INFO - [37mVal Epoch 46 step 46 with [31mce_loss_combined : 0.562387 [31mce_loss_c : 0.886493 [31mce_loss_g : 0.738153 [31mkl_synergy_rand_1 : 0.021291 [31mkl_synergy_rand_2 : 0.025759 [31mkl_synergy_1 : 0.013980 [31mkl_synergy_2 : 0.023086 [31mtotal : 0.646502 [31mdiag_kl_1 : 0.235857 [31mdiag_kl_2 : 0.156948 [94mAcc_combined: 75.33 [94mAcc_c: 53.93 [94mAcc_g: 75.11 [92mF1_combined: 76.01 [92mF1_c: 55.20 [92mF1_g: 75.11 [95mCEU_cue_audio: 0.0458 [95mCEU_cue_video: 0.9493 [95mCEU_synergy: 0.1305 [95mCEU_coexistence: 0.8761 [97mS:[93m13.0%[97m([91m1.3c[97m-[94mF1:12.9%) [97mU1:[93m4.5%[97m([91m0.4c[97m) [97mU2:[93m94.9%[97m([91m32.8c[97m) [97mR:[93m87.6%[97m([91m40.2c[97m) [97mS-L: [92m0:[96m12% [92m1:[96m17%[39m [39m
2026-07-25 16:05:02,030 - Agent - INFO - [37mVal Epoch 47 step 47 with [31mce_loss_combined : 0.567154 [31mce_loss_c : 0.894742 [31mce_loss_g : 0.739405 [31mkl_synergy_rand_1 : 0.019063 [31mkl_synergy_rand_2 : 0.026041 [31mkl_synergy_1 : 0.015025 [31mkl_synergy_2 : 0.022087 [31mtotal : 0.649370 [31mdiag_kl_1 : 0.194132 [31mdiag_kl_2 : 0.170547 [94mAcc_combined: 75.33 [94mAcc_c: 53.49 [94mAcc_g: 74.67 [92mF1_combined: 76.01 [92mF1_c: 54.78 [92mF1_g: 74.78 [95mCEU_cue_audio: 0.0906 [95mCEU_cue_video: 0.9493 [95mCEU_synergy: 0.1305 [95mCEU_coexistence: 0.8953 [97mS:[93m13.0%[97m([91m1.3c[97m-[94mF1:12.9%) [97mU1:[93m9.1%[97m([91m0.9c[97m) [97mU2:[93m94.9%[97m([91m32.8c[97m) [97mR:[93m89.5%[97m([91m41.0c[97m) [97mS-L: [92m0:[96m12% [92m1:[96m17%[39m [39m
2026-07-25 16:05:15,531 - Agent - INFO - [37mVal Epoch 48 step 48 with [31mce_loss_combined : 0.562481 [31mce_loss_c : 0.894307 [31mce_loss_g : 0.738951 [31mkl_synergy_rand_1 : 0.020271 [31mkl_synergy_rand_2 : 0.026736 [31mkl_synergy_1 : 0.015283 [31mkl_synergy_2 : 0.022323 [31mtotal : 0.647094 [31mdiag_kl_1 : 0.227784 [31mdiag_kl_2 : 0.157764 [94mAcc_combined: 75.33 [94mAcc_c: 53.93 [94mAcc_g: 75.33 [92mF1_combined: 76.21 [92mF1_c: 55.01 [92mF1_g: 75.38 [95mCEU_cue_audio: 0.0906 [95mCEU_cue_video: 0.9493 [95mCEU_synergy: 0.1305 [95mCEU_coexistence: 0.8667 [97mS:[93m13.0%[97m([91m1.3c[97m-[94mF1:12.9%) [97mU1:[93m9.1%[97m([91m0.9c[97m) [97mU2:[93m94.9%[97m([91m32.8c[97m) [97mR:[93m86.7%[97m([91m39.7c[97m) [97mS-L: [92m0:[96m12% [92m1:[96m17%[39m [39m
2026-07-25 16:05:29,423 - Agent - INFO - [37mVal Epoch 49 step 49 with [31mce_loss_combined : 0.563406 [31mce_loss_c : 0.894786 [31mce_loss_g : 0.741533 [31mkl_synergy_rand_1 : 0.018817 [31mkl_synergy_rand_2 : 0.026937 [31mkl_synergy_1 : 0.014589 [31mkl_synergy_2 : 0.021651 [31mtotal : 0.645400 [31mdiag_kl_1 : 0.203837 [31mdiag_kl_2 : 0.156285 [94mAcc_combined: 75.33 [94mAcc_c: 53.71 [94mAcc_g: 75.33 [92mF1_combined: 76.21 [92mF1_c: 54.89 [92mF1_g: 75.38 [95mCEU_cue_audio: 0.0906 [95mCEU_cue_video: 0.9493 [95mCEU_synergy: 0.1305 [95mCEU_coexistence: 0.8667 [97mS:[93m13.0%[97m([91m1.3c[97m-[94mF1:12.9%) [97mU1:[93m9.1%[97m([91m0.9c[97m) [97mU2:[93m94.9%[97m([91m32.8c[97m) [97mR:[93m86.7%[97m([91m39.7c[97m) [97mS-L: [92m0:[96m12% [92m1:[96m17%[39m [39m
2026-07-25 16:05:42,713 - Agent - INFO - [37mVal Epoch 50 step 50 with [31mce_loss_combined : 0.563343 [31mce_loss_c : 0.868850 [31mce_loss_g : 0.737024 [31mkl_synergy_rand_1 : 0.020021 [31mkl_synergy_rand_2 : 0.027098 [31mkl_synergy_1 : 0.014731 [31mkl_synergy_2 : 0.021855 [31mtotal : 0.647047 [31mdiag_kl_1 : 0.222249 [31mdiag_kl_2 : 0.159538 [94mAcc_combined: 75.33 [94mAcc_c: 55.24 [94mAcc_g: 74.89 [92mF1_combined: 75.70 [92mF1_c: 56.84 [92mF1_g: 74.95 [95mCEU_cue_audio: 0.0906 [95mCEU_cue_video: 0.9620 [95mCEU_synergy: 0.1305 [95mCEU_coexistence: 0.8761 [97mS:[93m13.0%[97m([91m1.3c[97m-[94mF1:12.9%) [97mU1:[93m9.1%[97m([91m0.9c[97m) [97mU2:[93m96.2%[97m([91m33.2c[97m) [97mR:[93m87.6%[97m([91m40.2c[97m) [97mS-L: [92m0:[96m12% [92m1:[96m17%[39m [39m
2026-07-25 16:06:01,478 - Agent - INFO - [37mVal Epoch 51 step 51 with [31mce_loss_combined : 0.578960 [31mce_loss_c : 0.868867 [31mce_loss_g : 0.781039 [31mkl_synergy_rand_1 : 0.020513 [31mkl_synergy_rand_2 : 0.025667 [31mkl_synergy_1 : 0.015109 [31mkl_synergy_2 : 0.021523 [31mtotal : 0.661770 [31mdiag_kl_1 : 0.250375 [31mdiag_kl_2 : 0.189494 [94mAcc_combined: 70.09 [94mAcc_c: 54.80 [94mAcc_g: 71.18 [92mF1_combined: 70.15 [92mF1_c: 56.96 [92mF1_g: 71.30 [95mCEU_cue_audio: 0.0458 [95mCEU_cue_video: 0.9493 [95mCEU_synergy: 0.1305 [95mCEU_coexistence: 0.7714 [97mS:[93m13.0%[97m([91m1.3c[97m-[94mF1:11.5%) [97mU1:[93m4.5%[97m([91m0.4c[97m) [97mU2:[93m94.9%[97m([91m32.8c[97m) [97mR:[93m77.1%[97m([91m35.4c[97m) [97mS-L: [92m0:[96m18%[39m [39m
2026-07-25 16:06:14,990 - Agent - INFO - [37mVal Epoch 52 step 52 with [31mce_loss_combined : 0.671867 [31mce_loss_c : 0.885985 [31mce_loss_g : 0.803327 [31mkl_synergy_rand_1 : 0.019743 [31mkl_synergy_rand_2 : 0.025762 [31mkl_synergy_1 : 0.015358 [31mkl_synergy_2 : 0.021077 [31mtotal : 0.753807 [31mdiag_kl_1 : 0.148739 [31mdiag_kl_2 : 0.260130 [94mAcc_combined: 66.16 [94mAcc_c: 53.06 [94mAcc_g: 73.14 [92mF1_combined: 66.08 [92mF1_c: 56.39 [92mF1_g: 73.43 [95mCEU_cue_audio: 0.3635 [95mCEU_cue_video: 0.6075 [95mCEU_synergy: 0.0867 [95mCEU_coexistence: 0.8857 [97mS:[93m8.7%[97m([91m0.9c[97m-[94mF1:8.7%) [97mU1:[93m36.4%[97m([91m3.5c[97m) [97mU2:[93m60.8%[97m([91m21.0c[97m) [97mR:[93m88.6%[97m([91m40.6c[97m) [97mS-L: [92m0:[96m6% [92m1:[96m17%[39m [39m
2026-07-25 16:06:30,187 - Agent - INFO - [37mVal Epoch 53 step 53 with [31mce_loss_combined : 0.646727 [31mce_loss_c : 0.894185 [31mce_loss_g : 0.816570 [31mkl_synergy_rand_1 : 0.018155 [31mkl_synergy_rand_2 : 0.023667 [31mkl_synergy_1 : 0.014602 [31mkl_synergy_2 : 0.020628 [31mtotal : 0.723780 [31mdiag_kl_1 : 0.183879 [31mdiag_kl_2 : 0.250595 [94mAcc_combined: 71.18 [94mAcc_c: 53.28 [94mAcc_g: 72.27 [92mF1_combined: 72.61 [92mF1_c: 54.47 [92mF1_g: 72.69 [95mCEU_cue_audio: 0.3184 [95mCEU_cue_video: 0.8354 [95mCEU_synergy: 0.1741 [95mCEU_coexistence: 0.8761 [97mS:[93m17.4%[97m([91m1.7c[97m-[94mF1:16.8%) [97mU1:[93m31.8%[97m([91m3.1c[97m) [97mU2:[93m83.5%[97m([91m28.8c[97m) [97mR:[93m87.6%[97m([91m40.2c[97m) [97mS-L: [92m0:[96m18% [92m1:[96m17%[39m [39m
2026-07-25 16:06:48,350 - Agent - INFO - [37mVal Epoch 54 step 54 with [31mce_loss_combined : 0.583987 [31mce_loss_c : 0.877326 [31mce_loss_g : 0.711417 [31mkl_synergy_rand_1 : 0.019156 [31mkl_synergy_rand_2 : 0.024092 [31mkl_synergy_1 : 0.013087 [31mkl_synergy_2 : 0.021652 [31mtotal : 0.661974 [31mdiag_kl_1 : 0.217298 [31mdiag_kl_2 : 0.196535 [94mAcc_combined: 72.27 [94mAcc_c: 52.62 [94mAcc_g: 73.36 [92mF1_combined: 73.26 [92mF1_c: 54.70 [92mF1_g: 73.48 [95mCEU_cue_audio: 0.2726 [95mCEU_cue_video: 0.8101 [95mCEU_synergy: 0.1741 [95mCEU_coexistence: 0.8761 [97mS:[93m17.4%[97m([91m1.7c[97m-[94mF1:17.4%) [97mU1:[93m27.3%[97m([91m2.6c[97m) [97mU2:[93m81.0%[97m([91m27.9c[97m) [97mR:[93m87.6%[97m([91m40.2c[97m) [97mS-L: [92m0:[96m12% [92m1:[96m33%[39m [39m
2026-07-25 16:07:03,602 - Agent - INFO - [37mVal Epoch 55 step 55 with [31mce_loss_combined : 0.550813 [31mce_loss_c : 0.886990 [31mce_loss_g : 0.630964 [31mkl_synergy_rand_1 : 0.020872 [31mkl_synergy_rand_2 : 0.024650 [31mkl_synergy_1 : 0.015677 [31mkl_synergy_2 : 0.019236 [31mtotal : 0.631247 [31mdiag_kl_1 : 0.198645 [31mdiag_kl_2 : 0.171360 [94mAcc_combined: 67.03 [94mAcc_c: 55.02 [94mAcc_g: 74.89 [92mF1_combined: 67.67 [92mF1_c: 56.90 [92mF1_g: 74.95 [95mCEU_cue_audio: 0.3184 [95mCEU_cue_video: 0.5950 [95mCEU_synergy: 0.1305 [95mCEU_coexistence: 0.9239 [97mS:[93m13.0%[97m([91m1.3c[97m-[94mF1:12.9%) [97mU1:[93m31.8%[97m([91m3.1c[97m) [97mU2:[93m59.5%[97m([91m20.5c[97m) [97mR:[93m92.4%[97m([91m42.4c[97m) [97mS-L: [92m0:[96m12% [92m1:[96m17%[39m [39m
2026-07-25 16:07:16,866 - Agent - INFO - [37mVal Epoch 56 step 56 with [31mce_loss_combined : 0.604638 [31mce_loss_c : 0.865162 [31mce_loss_g : 0.716757 [31mkl_synergy_rand_1 : 0.018747 [31mkl_synergy_rand_2 : 0.026392 [31mkl_synergy_1 : 0.013687 [31mkl_synergy_2 : 0.020797 [31mtotal : 0.684261 [31mdiag_kl_1 : 0.194295 [31mdiag_kl_2 : 0.203748 [94mAcc_combined: 67.03 [94mAcc_c: 55.02 [94mAcc_g: 74.45 [92mF1_combined: 67.39 [92mF1_c: 56.36 [92mF1_g: 74.51 [95mCEU_cue_audio: 0.3184 [95mCEU_cue_video: 0.5823 [95mCEU_synergy: 0.1305 [95mCEU_coexistence: 0.9143 [97mS:[93m13.0%[97m([91m1.3c[97m-[94mF1:12.9%) [97mU1:[93m31.8%[97m([91m3.1c[97m) [97mU2:[93m58.2%[97m([91m20.1c[97m) [97mR:[93m91.4%[97m([91m41.9c[97m) [97mS-L: [92m0:[96m6% [92m1:[96m33%[39m [39m
2026-07-25 16:07:31,697 - Agent - INFO - [37mVal Epoch 57 step 57 with [31mce_loss_combined : 0.575532 [31mce_loss_c : 0.880278 [31mce_loss_g : 0.724449 [31mkl_synergy_rand_1 : 0.021413 [31mkl_synergy_rand_2 : 0.025545 [31mkl_synergy_1 : 0.012752 [31mkl_synergy_2 : 0.020553 [31mtotal : 0.655795 [31mdiag_kl_1 : 0.258691 [31mdiag_kl_2 : 0.172046 [94mAcc_combined: 72.27 [94mAcc_c: 54.15 [94mAcc_g: 71.83 [92mF1_combined: 72.45 [92mF1_c: 55.13 [92mF1_g: 71.90 [95mCEU_cue_audio: 0.0000 [95mCEU_cue_video: 0.9748 [95mCEU_synergy: 0.1741 [95mCEU_coexistence: 0.8096 [97mS:[93m17.4%[97m([91m1.7c[97m-[94mF1:16.8%) [97mU1:[93m0.0%[97m([91m0.0c[97m) [97mU2:[93m97.5%[97m([91m33.6c[97m) [97mR:[93m81.0%[97m([91m37.1c[97m) [97mS-L: [92m0:[96m18% [92m1:[96m17%[39m [39m
2026-07-25 16:07:47,519 - Agent - INFO - [37mVal Epoch 58 step 58 with [31mce_loss_combined : 0.586944 [31mce_loss_c : 0.867951 [31mce_loss_g : 0.709345 [31mkl_synergy_rand_1 : 0.020747 [31mkl_synergy_rand_2 : 0.028151 [31mkl_synergy_1 : 0.015613 [31mkl_synergy_2 : 0.019990 [31mtotal : 0.671445 [31mdiag_kl_1 : 0.176785 [31mdiag_kl_2 : 0.189757 [94mAcc_combined: 73.14 [94mAcc_c: 54.80 [94mAcc_g: 74.45 [92mF1_combined: 73.43 [92mF1_c: 55.48 [92mF1_g: 74.51 [95mCEU_cue_audio: 0.1821 [95mCEU_cue_video: 0.8988 [95mCEU_synergy: 0.1305 [95mCEU_coexistence: 0.8475 [97mS:[93m13.0%[97m([91m1.3c[97m-[94mF1:12.9%) [97mU1:[93m18.2%[97m([91m1.7c[97m) [97mU2:[93m89.9%[97m([91m31.0c[97m) [97mR:[93m84.8%[97m([91m38.9c[97m) [97mS-L: [92m0:[96m12% [92m1:[96m17%[39m [39m
2026-07-25 16:07:50,649 - Agent - INFO - We are in the final state.
2026-07-25 16:07:50,776 - root - INFO - Loaded best model from best_model_accuracy_state_dict
2026-07-25 16:07:52,231 - Agent - INFO - [37mVal Epoch 58 step 0 with [31mce_loss_combined : 0.481290 [31mce_loss_c : 0.718817 [31mce_loss_g : 0.484067 [31mkl_synergy_rand_1 : 0.012370 [31mkl_synergy_rand_2 : 0.019610 [31mkl_synergy_1 : 0.017554 [31mkl_synergy_2 : 0.019230 [31mtotal : 0.550053 [31mdiag_kl_1 : 0.128822 [31mdiag_kl_2 : 0.124269 [94mAcc_combined: 79.26 [94mAcc_c: 56.11 [94mAcc_g: 79.26 [92mF1_combined: 79.57 [92mF1_c: 48.33 [92mF1_g: 79.57 [95mCEU_cue_audio: 0.1821 [95mCEU_cue_video: 0.9493 [95mCEU_synergy: 0.1305 [95mCEU_coexistence: 0.9429 [97mS:[93m13.0%[97m([91m1.3c[97m-[94mF1:12.9%) [97mU1:[93m18.2%[97m([91m1.7c[97m) [97mU2:[93m94.9%[97m([91m32.8c[97m) [97mR:[93m94.3%[97m([91m43.2c[97m) [97mS-L: [92m0:[96m6% [92m1:[96m33%[39m [39m
2026-07-25 16:07:55,761 - Agent - INFO - [37mTest Epoch 58 step 0 with [31mce_loss_combined : 0.545010 [31mce_loss_c : 0.766882 [31mce_loss_g : 0.585208 [31mkl_synergy_rand_1 : 0.012666 [31mkl_synergy_rand_2 : 0.018786 [31mkl_synergy_1 : 0.016205 [31mkl_synergy_2 : 0.019437 [31mtotal : 0.612105 [31mdiag_kl_1 : 0.167005 [31mdiag_kl_2 : 0.136519 [94mAcc_combined: 74.49 [94mAcc_c: 47.38 [94mAcc_g: 74.93 [92mF1_combined: 74.67 [92mF1_c: 32.65 [92mF1_g: 75.14 [95mCEU_cue_audio: 0.2220 [95mCEU_cue_video: 0.9077 [95mCEU_synergy: 0.1890 [95mCEU_coexistence: 0.9451 [97mS:[93m18.9%[97m([91m2.5c[97m-[94mF1:18.4%) [97mU1:[93m22.2%[97m([91m2.6c[97m) [97mU2:[93m90.8%[97m([91m34.4c[97m) [97mR:[93m94.5%[97m([91m35.1c[97m) [97mS-L: [92m0:[96m18% [92m1:[96m21%[39m [39m
2026-07-25 16:07:56,495 - Agent - INFO - [37mModel saved successfully at: ./artifacts/models/multibench/mosi/vt/SynIB_RMask_U_foldREFABL_mosi_fold0_l0.1_perturbrandom_fillema_pmin0.3_refuniform_lr0.0005_wd0.001_bs32.pth.tar[39m
Job finished
