Starting SynIB reference-ablation job
Python 3.12.12
/esat/smcdata/users/kkontras/Image_Dataset/no_backup/git/SynIB  (git a0225b1)
GPU 0: NVIDIA GeForce RTX 3090 (UUID: GPU-cbd14388-8b6f-8598-57f8-271cdeb47aba)
Executing: PYTHONPATH=src /esat/smcdata/users/kkontras/Image_Dataset/no_backup/envs/synergy/bin/python -m synib.entrypoints.train --config run/configs/rebuttal_ref_ablation/cremad_synib_u.json --default_config run/configs/rebuttal_ref_ablation/cremad_default.json --fold 0 --ironic_rate 0.1 --rmask random --l 1.0 --perturb_pmin 0.20 --perturb_fill ema --reference_type uniform --ref_diag --start_over --tag REFABL_cremad_a01
Namespace(config='run/configs/rebuttal_ref_ablation/cremad_synib_u.json', default_config='run/configs/rebuttal_ref_ablation/cremad_default.json', fold='0', alpha=None, tanh_mode_beta=None, regby=None, batch_size=None, l='1.0', multil=None, lib=None, kmepoch=None, num_samples=None, contrcoeff=None, contr_type=None, shuffle_type=None, validate_with=None, num_classes=None, optim_method=None, ending_epoch=None, load_ongoing=None, recon_weight1=None, recon_weight2=None, recon_epochstages=None, recon_ensemblestages=None, lr=None, wd=None, cls=None, ironic_rate='0.1', perturb='random', perturb_fill='ema', perturb_pmax=None, perturb_pmin='0.20', perturb_lsparse=None, rmask='random', pmin=None, pmax=None, lsparse=None, debug_mask_stats=False, pre=False, frozen=False, tdqm_disable=False, start_over=True, no_model_save=False, num_layers=None, grad_accum=None, init_from=None, init_strict=False, perturb_lsparse_sign=None, l_anneal_epochs=None, perturb_steps=None, perturb_lsparse_warmup=None, perturb_lsparse_schedule=None, persist_ell=False, save_masks=False, penalty_swap=False, disable_ce_random=False, disable_kl_learned=False, masking_only=False, modality_dropout=None, modality_dropout_target=None, l_z1_masked=None, l_z2_masked=None, l_pareto=None, reference_type='uniform', ref_diag=True, ref_ema_decay=None, tag='REFABL_cremad_a01')
2026-07-26 02:23:13,507 - Config - INFO - run/configs/rebuttal_ref_ablation/cremad_synib_u.json
2026-07-26 02:23:13,510 - Config - INFO -  THE Configuration of your experiment ..
{'agent': 'Agent',
 'dataset': {'data_roots': './data/CremaD/CREMA-D',
             'data_split': {'fold': 0, 'method': 'non_inclusive'},
             'dataloader_class': 'IronyCremadDataloader',
             'fps': 1,
             'ironic_label_name': 'SARCASM',
             'ironic_modes': ['train', 'val', 'test'],
             'ironic_rate': 1.0,
             'norm': False,
             'norm_face_path': './src/synib/mydatasets/Irony_Cremad/assets/norms/norm_face_path_fold{}.pkl',
             'norm_wav_path': './src/synib/mydatasets/Irony_Cremad/assets/norms/wav_norm_22050_fold{}.pkl',
             'num_frame': 3,
             'return_data': {'audio': False,
                             'face': False,
                             'spectrogram': True,
                             'video': True},
             'sampling_rate': 22050},
 'early_stopping': {'end_of_epoch_check': True,
                    'log_interval': 10,
                    'max_epoch': 1500,
                    'n_steps_stop': 30,
                    'n_steps_stop_after': 0,
                    'save_every_step': 3000,
                    'save_every_valstep': 10,
                    'validate_after': 0,
                    'validate_every': 25,
                    'validate_with': 'accuracy'},
 'exp_name': 'CREMAD Experiment',
 'model': {'args': {'bias_infusion': {'contrcoeff': 0.0, 'l': 1.0},
                    'cls_type': 'mlp',
                    'd_model': 512,
                    'dropout': 0.1,
                    'fc_inner': 64,
                    'in_dim': 64,
                    'multi_loss': {'multi_supervised_w': {'c': 1,
                                                          'combined': 1,
                                                          'g': 1}},
                    'norm_decision': False,
                    'num_classes': 7,
                    'synergy_type': 'unimodal_anchor'},
           'ceu': {'test': './artifacts/ceus/cremad/cremadplus_ceu_test_res_{}.pkl',
                   'val': './artifacts/ceus/cremad/cremadplus_ceu_val_res_{}.pkl'},
           'encoders': [{'args': {'d_model': 512,
                                  'dropout': 0.1,
                                  'fc_inner': 64,
                                  'freeze_encoder': False,
                                  'num_classes': 7},
                         'model': 'Audio_ResNet',
                         'name': 'enc_0_modality1_encoder',
                         'pretrainedEncoder': {'dir': 'unimodal_audio_fold{}_ir1.0_lr0.001_wd0.0001_clsmlp_bs64.pth.tar',
                                               'use': True},
                         'save_encoder': False},
                        {'args': {'d_model': 512,
                                  'dropout': 0.1,
                                  'fc_inner': 64,
                                  'freeze_encoder': False,
                                  'num_classes': 7},
                         'model': 'Video_ResNet',
                         'name': 'enc_1_modality2_encoder',
                         'pretrainedEncoder': {'dir': 'unimodal_video_fold{}_ir1.0_lr0.0001_wd0.0001_clsmlp_bs64.pth.tar',
                                               'use': True},
                         'save_encoder': False},
                        {'args': {'d_model': 512,
                                  'dropout': 0.1,
                                  'fc_inner': 64,
                                  'freeze_encoder': False},
                         'model': 'FusionTrunkLinear',
                         'name': 'enc_2_fusion_trunk',
                         'pretrainedEncoder': {'dir': 'enc_2_fusion_trunk_fold{}.pth.tar',
                                               'use': False},
                         'save_encoder': False},
                        {'args': {'freeze_encoder': False,
                                  'in_dim': 64,
                                  'num_classes': 7},
                         'model': 'LinearHead',
                         'name': 'enc_3_fusion_head',
                         'pretrainedEncoder': {'dir': 'enc_3_fusion_head_fold{}.pth.tar',
                                               'use': False},
                         'save_encoder': False},
                        {'args': {'dropout': 0.1,
                                  'freeze_encoder': False,
                                  'hidden_dim': 64,
                                  'in_dim': 512,
                                  'num_classes': 7},
                         'model': 'MLPHead',
                         'name': 'enc_4_unimodal_head_1',
                         'pretrainedEncoder': {'dir': 'enc_4_unimodal1_fold{}.pth.tar',
                                               'use': False},
                         'save_encoder': False},
                        {'args': {'dropout': 0.1,
                                  'freeze_encoder': False,
                                  'hidden_dim': 64,
                                  'in_dim': 512,
                                  'num_classes': 7},
                         'model': 'MLPHead',
                         'name': 'enc_5_unimodal_head_2',
                         'pretrainedEncoder': {'dir': 'enc_5_unimodal2_fold{}.pth.tar',
                                               'use': False},
                         'save_encoder': False}],
           'load_ongoing': False,
           'model_class': 'FusionIBModel_Mask_U',
           'save_base_dir': './data/data/2025_data/synergy/CremadPlus/v2',
           'save_dir': 'SynIB_RMask_U_{}.pth.tar'},
 'optimizer': {'beta1': 0.9,
               'beta2': 0.999,
               'learning_rate': 1e-05,
               'momentum': 0.9,
               'type': 'Adam',
               'weight_decay': 1e-05},
 'scheduler': {'max_lr': 0.03, 'type': 'cosanneal', 'warm_up_steps': 780},
 'training_params': {'async_loading': True,
                     'batch_size': 128,
                     'cuda': True,
                     'data_loader_workers': 8,
                     'gpu_device': [0],
                     'pin_memory': False,
                     'rec_test': True,
                     'res': True,
                     'seed': 109,
                     'tdqm_disable': False,
                     'test_batch_size': 128,
                     'test_on_bottoms': True,
                     'use_test_set': True,
                     'validation': True,
                     'verbose': True,
                     'wandb_disable': False}}
2026-07-26 02:23:13,514 - Config - INFO -  *************************************** 
2026-07-26 02:23:13,514 - Config - INFO - The experiment name is CREMAD Experiment
2026-07-26 02:23:13,514 - Config - INFO -  *************************************** 
2026-07-26 02:23:13,514 - root - INFO - save_dir: SynIB_RMask_U_REFABL_cremad_a01_fold0_l1.0_ir0.1_perturbrandom_fillema_pmin0.20_refuniform.pth.tar
2026-07-26 02:23:13,651 - Cuda Statistics - INFO - __Python VERSION:  3.12.12 | packaged by Anaconda, Inc. | (main, Oct 21 2025, 20:16:04) [GCC 11.2.0]
2026-07-26 02:23:13,651 - Cuda Statistics - INFO - __pyTorch VERSION:  2.7.1+cu118
2026-07-26 02:23:13,651 - Cuda Statistics - INFO - __CUDA VERSION
2026-07-26 02:23:13,659 - Cuda Statistics - INFO - __CUDNN VERSION:  90100
2026-07-26 02:23:13,688 - Cuda Statistics - INFO - __Number CUDA Devices:  1
2026-07-26 02:23:13,688 - Cuda Statistics - INFO - __Devices
2026-07-26 02:23:13,688 - Cuda Statistics - INFO - index, name, driver_version, memory.total [MiB], memory.used [MiB], memory.free [MiB]
2026-07-26 02:23:13,688 - Cuda Statistics - INFO - 0, NVIDIA GeForce RTX 3090, 610.43.03, 24576 MiB, 4 MiB, 24120 MiB
2026-07-26 02:23:13,692 - Cuda Statistics - INFO - Active CUDA Device: GPU 0
2026-07-26 02:23:13,693 - Cuda Statistics - INFO - Available devices  1
2026-07-26 02:23:13,693 - Cuda Statistics - INFO - Current cuda device  0
2026-07-26 02:23:15,070 - IronyCremadDataset - INFO - Loaded wav norm from ./src/synib/mydatasets/Irony_Cremad/assets/norms/wav_norm_22050_fold0.pkl
2026-07-26 02:23:15,422 - IronyCremadDataset - INFO - Loaded wav norm from ./src/synib/mydatasets/Irony_Cremad/assets/norms/wav_norm_22050_fold0.pkl
2026-07-26 02:23:15,756 - IronyCremadDataset - INFO - Loaded wav norm from ./src/synib/mydatasets/Irony_Cremad/assets/norms/wav_norm_22050_fold0.pkl
2026-07-26 02:23:15,760 - Agent - INFO - Device: cuda:0
2026-07-26 02:23:15,760 - Agent - INFO - Total training batches: 32, validate every 25 batches, steps per epoch: 2
2026-07-26 02:23:15,867 - Agent - INFO - Loss Weights are {'total': 1, 'combined': 1, 'c': 1, 'g': 1}
2026-07-26 02:23:15,867 - root - INFO - There is no CEU for train
2026-07-26 02:23:15,869 - root - INFO - There is no CEU for val
2026-07-26 02:23:15,869 - root - INFO - There is no CEU for test
{'d_model': 512, 'num_classes': 7, 'fc_inner': 64, 'dropout': 0.1, 'freeze_encoder': False}
2026-07-26 02:23:16,943 - root - INFO - Loading enc best model state dict from ./data/data/2025_data/synergy/CremadPlus/v2/unimodal_audio_fold0_ir0.1_lr0.001_wd0.0001_clsmlp_bs64.pth.tar
2026-07-26 02:23:17,739 - root - INFO - Loading enc best model state dict from ./data/data/2025_data/synergy/CremadPlus/v2/unimodal_video_fold0_ir0.1_lr0.0001_wd0.0001_clsmlp_bs64.pth.tar
2026-07-26 02:23:18,059 - Agent - INFO - Total number of trainable parameters are: 44840497
2026-07-26 02:23:18,066 - Agent - INFO - Total number of trainable parameters are: 22486563
2026-07-26 02:24:49,300 - Evaluator - INFO - New best with loss-accuracy-
2026-07-26 02:24:49,300 - Agent - INFO - [37mVal Epoch 1 step 1 with [31mce_loss_combined : 1.749094 [31mce_loss_c : 1.159107 [31mce_loss_g : 2.013482 [31mkl_synergy_rand_1 : 0.019128 [31mkl_synergy_rand_2 : 0.021044 [31mkl_synergy_1 : 0.019878 [31mkl_synergy_2 : 0.021745 [31mtotal : 1.830889 [31mdiag_kl_1 : 1.089003 [31mdiag_kl_2 : 0.938729 [94mAcc_combined: 52.96 [94mAcc_c: 62.64 [94mAcc_g: 48.18 [92mF1_combined: 42.38 [92mF1_c: 54.05 [92mF1_g: 38.04 [39m
2026-07-26 02:24:49,320 - Agent - INFO - [37mTest Epoch 1 step 1 with [31mce_loss_combined : 1.781950 [31mce_loss_c : 1.477160 [31mce_loss_g : 1.945610 [31mkl_synergy_rand_1 : 0.016550 [31mkl_synergy_rand_2 : 0.018359 [31mkl_synergy_1 : 0.017389 [31mkl_synergy_2 : 0.018128 [31mtotal : 1.852376 [31mdiag_kl_1 : 1.074975 [31mdiag_kl_2 : 1.043694 [94mAcc_combined: 50.83 [94mAcc_c: 57.17 [94mAcc_g: 52.06 [92mF1_combined: 40.94 [92mF1_c: 48.79 [92mF1_g: 41.00 [39m
2026-07-26 02:24:50,106 - Agent - INFO - [37mModel saved successfully at: ./data/data/2025_data/synergy/CremadPlus/v2/SynIB_RMask_U_REFABL_cremad_a01_fold0_l1.0_ir0.1_perturbrandom_fillema_pmin0.20_refuniform.pth.tar[39m
2026-07-26 02:26:13,143 - Evaluator - INFO - New best with loss-accuracy-
2026-07-26 02:26:13,143 - Agent - INFO - [37mVal Epoch 2 step 2 with [31mce_loss_combined : 1.565710 [31mce_loss_c : 1.174354 [31mce_loss_g : 1.743228 [31mkl_synergy_rand_1 : 0.042003 [31mkl_synergy_rand_2 : 0.047315 [31mkl_synergy_1 : 0.042003 [31mkl_synergy_2 : 0.048485 [31mtotal : 1.745517 [31mdiag_kl_1 : 0.958731 [31mdiag_kl_2 : 0.803508 [94mAcc_combined: 63.33 [94mAcc_c: 62.19 [94mAcc_g: 47.38 [92mF1_combined: 52.32 [92mF1_c: 53.64 [92mF1_g: 38.44 [39m
2026-07-26 02:26:13,163 - Agent - INFO - [37mTest Epoch 2 step 2 with [31mce_loss_combined : 1.615697 [31mce_loss_c : 1.468999 [31mce_loss_g : 1.738598 [31mkl_synergy_rand_1 : 0.034612 [31mkl_synergy_rand_2 : 0.037935 [31mkl_synergy_1 : 0.034905 [31mkl_synergy_2 : 0.039525 [31mtotal : 1.762675 [31mdiag_kl_1 : 0.973016 [31mdiag_kl_2 : 0.916041 [94mAcc_combined: 64.52 [94mAcc_c: 55.84 [94mAcc_g: 51.17 [92mF1_combined: 52.98 [92mF1_c: 47.56 [92mF1_g: 41.23 [39m
2026-07-26 02:26:14,456 - Agent - INFO - [37mModel saved successfully at: ./data/data/2025_data/synergy/CremadPlus/v2/SynIB_RMask_U_REFABL_cremad_a01_fold0_l1.0_ir0.1_perturbrandom_fillema_pmin0.20_refuniform.pth.tar[39m
2026-07-26 02:27:34,642 - Evaluator - INFO - New best with loss-accuracy-
2026-07-26 02:27:34,642 - Agent - INFO - [37mVal Epoch 3 step 3 with [31mce_loss_combined : 1.464779 [31mce_loss_c : 1.183364 [31mce_loss_g : 1.892602 [31mkl_synergy_rand_1 : 0.063182 [31mkl_synergy_rand_2 : 0.070401 [31mkl_synergy_1 : 0.063210 [31mkl_synergy_2 : 0.071466 [31mtotal : 1.733036 [31mdiag_kl_1 : 0.889402 [31mdiag_kl_2 : 0.735868 [94mAcc_combined: 65.49 [94mAcc_c: 62.19 [94mAcc_g: 47.61 [92mF1_combined: 54.28 [92mF1_c: 53.72 [92mF1_g: 38.11 [39m
2026-07-26 02:27:34,667 - Agent - INFO - [37mTest Epoch 3 step 3 with [31mce_loss_combined : 1.536701 [31mce_loss_c : 1.480560 [31mce_loss_g : 1.923631 [31mkl_synergy_rand_1 : 0.053426 [31mkl_synergy_rand_2 : 0.059097 [31mkl_synergy_1 : 0.054074 [31mkl_synergy_2 : 0.059240 [31mtotal : 1.762539 [31mdiag_kl_1 : 0.909752 [31mdiag_kl_2 : 0.849951 [94mAcc_combined: 63.74 [94mAcc_c: 55.95 [94mAcc_g: 52.73 [92mF1_combined: 51.70 [92mF1_c: 47.80 [92mF1_g: 41.96 [39m
2026-07-26 02:27:36,296 - Agent - INFO - [37mModel saved successfully at: ./data/data/2025_data/synergy/CremadPlus/v2/SynIB_RMask_U_REFABL_cremad_a01_fold0_l1.0_ir0.1_perturbrandom_fillema_pmin0.20_refuniform.pth.tar[39m
2026-07-26 02:28:57,962 - Evaluator - INFO - New best with loss-
2026-07-26 02:28:57,963 - Agent - INFO - [37mVal Epoch 4 step 4 with [31mce_loss_combined : 1.439850 [31mce_loss_c : 1.190041 [31mce_loss_g : 1.958763 [31mkl_synergy_rand_1 : 0.075058 [31mkl_synergy_rand_2 : 0.083824 [31mkl_synergy_1 : 0.074681 [31mkl_synergy_2 : 0.086741 [31mtotal : 1.760153 [31mdiag_kl_1 : 0.867327 [31mdiag_kl_2 : 0.707464 [94mAcc_combined: 64.24 [94mAcc_c: 62.19 [94mAcc_g: 46.24 [92mF1_combined: 53.78 [92mF1_c: 53.73 [92mF1_g: 36.44 [39m
2026-07-26 02:28:57,983 - Agent - INFO - [37mTest Epoch 4 step 4 with [31mce_loss_combined : 1.500868 [31mce_loss_c : 1.478684 [31mce_loss_g : 1.920150 [31mkl_synergy_rand_1 : 0.062306 [31mkl_synergy_rand_2 : 0.071704 [31mkl_synergy_1 : 0.066281 [31mkl_synergy_2 : 0.073359 [31mtotal : 1.774518 [31mdiag_kl_1 : 0.878736 [31mdiag_kl_2 : 0.837635 [94mAcc_combined: 64.74 [94mAcc_c: 55.84 [94mAcc_g: 53.28 [92mF1_combined: 52.88 [92mF1_c: 47.71 [92mF1_g: 42.33 [39m
2026-07-26 02:28:59,534 - Agent - INFO - [37mModel saved successfully at: ./data/data/2025_data/synergy/CremadPlus/v2/SynIB_RMask_U_REFABL_cremad_a01_fold0_l1.0_ir0.1_perturbrandom_fillema_pmin0.20_refuniform.pth.tar[39m
2026-07-26 02:30:25,736 - Evaluator - INFO - New best with loss-accuracy-
2026-07-26 02:30:25,736 - Agent - INFO - [37mVal Epoch 5 step 5 with [31mce_loss_combined : 1.407695 [31mce_loss_c : 1.201734 [31mce_loss_g : 1.728554 [31mkl_synergy_rand_1 : 0.077157 [31mkl_synergy_rand_2 : 0.086896 [31mkl_synergy_1 : 0.077497 [31mkl_synergy_2 : 0.091532 [31mtotal : 1.740777 [31mdiag_kl_1 : 0.847452 [31mdiag_kl_2 : 0.677544 [94mAcc_combined: 66.29 [94mAcc_c: 60.93 [94mAcc_g: 50.34 [92mF1_combined: 55.65 [92mF1_c: 52.33 [92mF1_g: 40.51 [39m
2026-07-26 02:30:25,759 - Agent - INFO - [37mTest Epoch 5 step 5 with [31mce_loss_combined : 1.496655 [31mce_loss_c : 1.500350 [31mce_loss_g : 1.853697 [31mkl_synergy_rand_1 : 0.065985 [31mkl_synergy_rand_2 : 0.072944 [31mkl_synergy_1 : 0.069199 [31mkl_synergy_2 : 0.075360 [31mtotal : 1.780143 [31mdiag_kl_1 : 0.885883 [31mdiag_kl_2 : 0.804030 [94mAcc_combined: 64.74 [94mAcc_c: 54.51 [94mAcc_g: 53.17 [92mF1_combined: 52.91 [92mF1_c: 46.29 [92mF1_g: 42.22 [39m
2026-07-26 02:30:27,319 - Agent - INFO - [37mModel saved successfully at: ./data/data/2025_data/synergy/CremadPlus/v2/SynIB_RMask_U_REFABL_cremad_a01_fold0_l1.0_ir0.1_perturbrandom_fillema_pmin0.20_refuniform.pth.tar[39m
2026-07-26 02:31:58,139 - Evaluator - INFO - New best with loss-accuracy-
2026-07-26 02:31:58,140 - Agent - INFO - [37mVal Epoch 6 step 6 with [31mce_loss_combined : 1.391218 [31mce_loss_c : 1.197168 [31mce_loss_g : 1.616881 [31mkl_synergy_rand_1 : 0.078917 [31mkl_synergy_rand_2 : 0.089113 [31mkl_synergy_1 : 0.080320 [31mkl_synergy_2 : 0.093327 [31mtotal : 1.732895 [31mdiag_kl_1 : 0.843223 [31mdiag_kl_2 : 0.673356 [94mAcc_combined: 67.54 [94mAcc_c: 61.85 [94mAcc_g: 50.68 [92mF1_combined: 56.84 [92mF1_c: 53.31 [92mF1_g: 41.06 [39m
2026-07-26 02:31:58,165 - Agent - INFO - [37mTest Epoch 6 step 6 with [31mce_loss_combined : 1.483266 [31mce_loss_c : 1.519555 [31mce_loss_g : 1.742793 [31mkl_synergy_rand_1 : 0.063420 [31mkl_synergy_rand_2 : 0.076296 [31mkl_synergy_1 : 0.067004 [31mkl_synergy_2 : 0.076597 [31mtotal : 1.766583 [31mdiag_kl_1 : 0.884054 [31mdiag_kl_2 : 0.796477 [94mAcc_combined: 65.52 [94mAcc_c: 55.51 [94mAcc_g: 52.17 [92mF1_combined: 53.84 [92mF1_c: 47.39 [92mF1_g: 41.33 [39m
2026-07-26 02:31:59,513 - Agent - INFO - [37mModel saved successfully at: ./data/data/2025_data/synergy/CremadPlus/v2/SynIB_RMask_U_REFABL_cremad_a01_fold0_l1.0_ir0.1_perturbrandom_fillema_pmin0.20_refuniform.pth.tar[39m
2026-07-26 02:33:24,814 - Agent - INFO - [37mVal Epoch 7 step 7 with [31mce_loss_combined : 1.392046 [31mce_loss_c : 1.206066 [31mce_loss_g : 1.633359 [31mkl_synergy_rand_1 : 0.076036 [31mkl_synergy_rand_2 : 0.085984 [31mkl_synergy_1 : 0.078077 [31mkl_synergy_2 : 0.092126 [31mtotal : 1.724270 [31mdiag_kl_1 : 0.847659 [31mdiag_kl_2 : 0.677693 [94mAcc_combined: 66.97 [94mAcc_c: 61.85 [94mAcc_g: 51.71 [92mF1_combined: 56.23 [92mF1_c: 53.29 [92mF1_g: 42.27 [39m
2026-07-26 02:33:24,839 - Agent - INFO - [37mTest Epoch 7 step 7 with [31mce_loss_combined : 1.492556 [31mce_loss_c : 1.536234 [31mce_loss_g : 1.772239 [31mkl_synergy_rand_1 : 0.067180 [31mkl_synergy_rand_2 : 0.074500 [31mkl_synergy_1 : 0.068985 [31mkl_synergy_2 : 0.077512 [31mtotal : 1.780733 [31mdiag_kl_1 : 0.890804 [31mdiag_kl_2 : 0.788783 [94mAcc_combined: 64.63 [94mAcc_c: 55.28 [94mAcc_g: 52.06 [92mF1_combined: 52.92 [92mF1_c: 47.16 [92mF1_g: 41.41 [39m
2026-07-26 02:34:52,953 - Evaluator - INFO - New best with loss-
2026-07-26 02:34:52,954 - Agent - INFO - [37mVal Epoch 8 step 8 with [31mce_loss_combined : 1.390671 [31mce_loss_c : 1.209955 [31mce_loss_g : 1.571571 [31mkl_synergy_rand_1 : 0.079817 [31mkl_synergy_rand_2 : 0.093085 [31mkl_synergy_1 : 0.080348 [31mkl_synergy_2 : 0.097065 [31mtotal : 1.740986 [31mdiag_kl_1 : 0.850096 [31mdiag_kl_2 : 0.670912 [94mAcc_combined: 66.74 [94mAcc_c: 61.39 [94mAcc_g: 51.37 [92mF1_combined: 56.81 [92mF1_c: 52.99 [92mF1_g: 41.79 [39m
2026-07-26 02:34:52,974 - Agent - INFO - [37mTest Epoch 8 step 8 with [31mce_loss_combined : 1.483346 [31mce_loss_c : 1.535739 [31mce_loss_g : 1.689983 [31mkl_synergy_rand_1 : 0.068603 [31mkl_synergy_rand_2 : 0.079919 [31mkl_synergy_1 : 0.070823 [31mkl_synergy_2 : 0.081446 [31mtotal : 1.784136 [31mdiag_kl_1 : 0.896394 [31mdiag_kl_2 : 0.796434 [94mAcc_combined: 64.52 [94mAcc_c: 56.06 [94mAcc_g: 52.73 [92mF1_combined: 52.80 [92mF1_c: 47.92 [92mF1_g: 42.64 [39m
2026-07-26 02:34:54,569 - Agent - INFO - [37mModel saved successfully at: ./data/data/2025_data/synergy/CremadPlus/v2/SynIB_RMask_U_REFABL_cremad_a01_fold0_l1.0_ir0.1_perturbrandom_fillema_pmin0.20_refuniform.pth.tar[39m
2026-07-26 02:36:17,783 - Evaluator - INFO - New best with loss-
2026-07-26 02:36:17,784 - Agent - INFO - [37mVal Epoch 9 step 9 with [31mce_loss_combined : 1.376795 [31mce_loss_c : 1.213321 [31mce_loss_g : 1.521821 [31mkl_synergy_rand_1 : 0.081893 [31mkl_synergy_rand_2 : 0.094592 [31mkl_synergy_1 : 0.081238 [31mkl_synergy_2 : 0.099655 [31mtotal : 1.734174 [31mdiag_kl_1 : 0.842755 [31mdiag_kl_2 : 0.662472 [94mAcc_combined: 67.31 [94mAcc_c: 61.28 [94mAcc_g: 50.91 [92mF1_combined: 57.30 [92mF1_c: 52.85 [92mF1_g: 41.65 [39m
2026-07-26 02:36:17,802 - Agent - INFO - [37mTest Epoch 9 step 9 with [31mce_loss_combined : 1.467538 [31mce_loss_c : 1.548206 [31mce_loss_g : 1.620101 [31mkl_synergy_rand_1 : 0.066581 [31mkl_synergy_rand_2 : 0.080852 [31mkl_synergy_1 : 0.071147 [31mkl_synergy_2 : 0.081953 [31mtotal : 1.768072 [31mdiag_kl_1 : 0.895347 [31mdiag_kl_2 : 0.786261 [94mAcc_combined: 64.63 [94mAcc_c: 56.06 [94mAcc_g: 50.39 [92mF1_combined: 53.09 [92mF1_c: 47.77 [92mF1_g: 40.87 [39m
2026-07-26 02:36:19,626 - Agent - INFO - [37mModel saved successfully at: ./data/data/2025_data/synergy/CremadPlus/v2/SynIB_RMask_U_REFABL_cremad_a01_fold0_l1.0_ir0.1_perturbrandom_fillema_pmin0.20_refuniform.pth.tar[39m
2026-07-26 02:37:48,870 - Evaluator - INFO - New best with accuracy-
2026-07-26 02:37:48,870 - Agent - INFO - [37mVal Epoch 10 step 10 with [31mce_loss_combined : 1.378901 [31mce_loss_c : 1.220021 [31mce_loss_g : 1.452713 [31mkl_synergy_rand_1 : 0.081255 [31mkl_synergy_rand_2 : 0.093964 [31mkl_synergy_1 : 0.079733 [31mkl_synergy_2 : 0.098131 [31mtotal : 1.731984 [31mdiag_kl_1 : 0.844141 [31mdiag_kl_2 : 0.665041 [94mAcc_combined: 67.77 [94mAcc_c: 61.16 [94mAcc_g: 50.91 [92mF1_combined: 57.93 [92mF1_c: 52.82 [92mF1_g: 42.55 [39m
2026-07-26 02:37:48,894 - Agent - INFO - [37mTest Epoch 10 step 10 with [31mce_loss_combined : 1.473448 [31mce_loss_c : 1.547956 [31mce_loss_g : 1.546544 [31mkl_synergy_rand_1 : 0.067673 [31mkl_synergy_rand_2 : 0.080464 [31mkl_synergy_1 : 0.071631 [31mkl_synergy_2 : 0.081436 [31mtotal : 1.774651 [31mdiag_kl_1 : 0.885881 [31mdiag_kl_2 : 0.787239 [94mAcc_combined: 64.52 [94mAcc_c: 55.84 [94mAcc_g: 50.28 [92mF1_combined: 53.18 [92mF1_c: 47.73 [92mF1_g: 41.28 [39m
2026-07-26 02:37:50,901 - Agent - INFO - [37mModel saved successfully at: ./data/data/2025_data/synergy/CremadPlus/v2/SynIB_RMask_U_REFABL_cremad_a01_fold0_l1.0_ir0.1_perturbrandom_fillema_pmin0.20_refuniform.pth.tar[39m
2026-07-26 02:39:21,997 - Agent - INFO - [37mVal Epoch 11 step 11 with [31mce_loss_combined : 1.390227 [31mce_loss_c : 1.227204 [31mce_loss_g : 1.480078 [31mkl_synergy_rand_1 : 0.082125 [31mkl_synergy_rand_2 : 0.093787 [31mkl_synergy_1 : 0.076910 [31mkl_synergy_2 : 0.100462 [31mtotal : 1.743511 [31mdiag_kl_1 : 0.852349 [31mdiag_kl_2 : 0.662406 [94mAcc_combined: 67.43 [94mAcc_c: 60.82 [94mAcc_g: 48.52 [92mF1_combined: 57.63 [92mF1_c: 52.50 [92mF1_g: 39.97 [39m
2026-07-26 02:39:22,020 - Agent - INFO - [37mTest Epoch 11 step 11 with [31mce_loss_combined : 1.471313 [31mce_loss_c : 1.555926 [31mce_loss_g : 1.520013 [31mkl_synergy_rand_1 : 0.069335 [31mkl_synergy_rand_2 : 0.080001 [31mkl_synergy_1 : 0.068355 [31mkl_synergy_2 : 0.085054 [31mtotal : 1.774059 [31mdiag_kl_1 : 0.891169 [31mdiag_kl_2 : 0.795589 [94mAcc_combined: 63.74 [94mAcc_c: 55.84 [94mAcc_g: 50.28 [92mF1_combined: 52.39 [92mF1_c: 47.68 [92mF1_g: 41.37 [39m
2026-07-26 02:40:52,670 - Agent - INFO - [37mVal Epoch 12 step 12 with [31mce_loss_combined : 1.391724 [31mce_loss_c : 1.240450 [31mce_loss_g : 1.492676 [31mkl_synergy_rand_1 : 0.080295 [31mkl_synergy_rand_2 : 0.092790 [31mkl_synergy_1 : 0.073486 [31mkl_synergy_2 : 0.098106 [31mtotal : 1.736401 [31mdiag_kl_1 : 0.852018 [31mdiag_kl_2 : 0.666645 [94mAcc_combined: 67.08 [94mAcc_c: 59.79 [94mAcc_g: 46.01 [92mF1_combined: 57.15 [92mF1_c: 51.65 [92mF1_g: 38.24 [39m
2026-07-26 02:40:52,690 - Agent - INFO - [37mTest Epoch 12 step 12 with [31mce_loss_combined : 1.470828 [31mce_loss_c : 1.553676 [31mce_loss_g : 1.527818 [31mkl_synergy_rand_1 : 0.071611 [31mkl_synergy_rand_2 : 0.082947 [31mkl_synergy_1 : 0.066420 [31mkl_synergy_2 : 0.081177 [31mtotal : 1.772983 [31mdiag_kl_1 : 0.882097 [31mdiag_kl_2 : 0.786216 [94mAcc_combined: 64.52 [94mAcc_c: 55.28 [94mAcc_g: 49.50 [92mF1_combined: 53.03 [92mF1_c: 47.14 [92mF1_g: 40.35 [39m
2026-07-26 02:42:20,689 - Agent - INFO - [37mVal Epoch 13 step 13 with [31mce_loss_combined : 1.381087 [31mce_loss_c : 1.255140 [31mce_loss_g : 1.489143 [31mkl_synergy_rand_1 : 0.083280 [31mkl_synergy_rand_2 : 0.095267 [31mkl_synergy_1 : 0.073123 [31mkl_synergy_2 : 0.101624 [31mtotal : 1.734382 [31mdiag_kl_1 : 0.846061 [31mdiag_kl_2 : 0.665245 [94mAcc_combined: 67.43 [94mAcc_c: 59.00 [94mAcc_g: 46.01 [92mF1_combined: 57.55 [92mF1_c: 51.04 [92mF1_g: 38.23 [39m
2026-07-26 02:42:20,711 - Agent - INFO - [37mTest Epoch 13 step 13 with [31mce_loss_combined : 1.468764 [31mce_loss_c : 1.556774 [31mce_loss_g : 1.540675 [31mkl_synergy_rand_1 : 0.067945 [31mkl_synergy_rand_2 : 0.083346 [31mkl_synergy_1 : 0.063983 [31mkl_synergy_2 : 0.087488 [31mtotal : 1.771525 [31mdiag_kl_1 : 0.889110 [31mdiag_kl_2 : 0.792694 [94mAcc_combined: 64.52 [94mAcc_c: 54.73 [94mAcc_g: 49.28 [92mF1_combined: 53.20 [92mF1_c: 46.67 [92mF1_g: 40.08 [39m
2026-07-26 02:43:38,943 - Evaluator - INFO - New best with loss-accuracy-
2026-07-26 02:43:38,944 - Agent - INFO - [37mVal Epoch 14 step 14 with [31mce_loss_combined : 1.373807 [31mce_loss_c : 1.261423 [31mce_loss_g : 1.506088 [31mkl_synergy_rand_1 : 0.081700 [31mkl_synergy_rand_2 : 0.095091 [31mkl_synergy_1 : 0.072024 [31mkl_synergy_2 : 0.100686 [31mtotal : 1.723307 [31mdiag_kl_1 : 0.843298 [31mdiag_kl_2 : 0.665347 [94mAcc_combined: 68.34 [94mAcc_c: 58.31 [94mAcc_g: 43.28 [92mF1_combined: 58.16 [92mF1_c: 50.41 [92mF1_g: 35.82 [39m
2026-07-26 02:43:38,960 - Agent - INFO - [37mTest Epoch 14 step 14 with [31mce_loss_combined : 1.476162 [31mce_loss_c : 1.550666 [31mce_loss_g : 1.569835 [31mkl_synergy_rand_1 : 0.068196 [31mkl_synergy_rand_2 : 0.080683 [31mkl_synergy_1 : 0.061301 [31mkl_synergy_2 : 0.085096 [31mtotal : 1.771437 [31mdiag_kl_1 : 0.895096 [31mdiag_kl_2 : 0.784633 [94mAcc_combined: 63.40 [94mAcc_c: 54.62 [94mAcc_g: 47.27 [92mF1_combined: 51.98 [92mF1_c: 46.61 [92mF1_g: 38.63 [39m
2026-07-26 02:43:40,306 - Agent - INFO - [37mModel saved successfully at: ./data/data/2025_data/synergy/CremadPlus/v2/SynIB_RMask_U_REFABL_cremad_a01_fold0_l1.0_ir0.1_perturbrandom_fillema_pmin0.20_refuniform.pth.tar[39m
2026-07-26 02:45:05,080 - Agent - INFO - [37mVal Epoch 15 step 15 with [31mce_loss_combined : 1.396325 [31mce_loss_c : 1.266355 [31mce_loss_g : 1.558570 [31mkl_synergy_rand_1 : 0.083575 [31mkl_synergy_rand_2 : 0.094197 [31mkl_synergy_1 : 0.071218 [31mkl_synergy_2 : 0.100442 [31mtotal : 1.745757 [31mdiag_kl_1 : 0.847596 [31mdiag_kl_2 : 0.676272 [94mAcc_combined: 65.95 [94mAcc_c: 57.97 [94mAcc_g: 40.09 [92mF1_combined: 56.38 [92mF1_c: 49.97 [92mF1_g: 33.58 [39m
2026-07-26 02:45:05,096 - Agent - INFO - [37mTest Epoch 15 step 15 with [31mce_loss_combined : 1.489364 [31mce_loss_c : 1.564111 [31mce_loss_g : 1.585414 [31mkl_synergy_rand_1 : 0.072204 [31mkl_synergy_rand_2 : 0.084838 [31mkl_synergy_1 : 0.063472 [31mkl_synergy_2 : 0.086170 [31mtotal : 1.796048 [31mdiag_kl_1 : 0.870668 [31mdiag_kl_2 : 0.814710 [94mAcc_combined: 63.07 [94mAcc_c: 53.84 [94mAcc_g: 44.61 [92mF1_combined: 51.93 [92mF1_c: 45.85 [92mF1_g: 36.69 [39m
2026-07-26 02:46:34,180 - Evaluator - INFO - New best with loss-
2026-07-26 02:46:34,181 - Agent - INFO - [37mVal Epoch 16 step 16 with [31mce_loss_combined : 1.367380 [31mce_loss_c : 1.271564 [31mce_loss_g : 1.625874 [31mkl_synergy_rand_1 : 0.083391 [31mkl_synergy_rand_2 : 0.093153 [31mkl_synergy_1 : 0.074494 [31mkl_synergy_2 : 0.097949 [31mtotal : 1.716368 [31mdiag_kl_1 : 0.830830 [31mdiag_kl_2 : 0.672309 [94mAcc_combined: 68.00 [94mAcc_c: 57.06 [94mAcc_g: 34.74 [92mF1_combined: 57.96 [92mF1_c: 49.16 [92mF1_g: 30.44 [39m
2026-07-26 02:46:34,197 - Agent - INFO - [37mTest Epoch 16 step 16 with [31mce_loss_combined : 1.466005 [31mce_loss_c : 1.547415 [31mce_loss_g : 1.604586 [31mkl_synergy_rand_1 : 0.070591 [31mkl_synergy_rand_2 : 0.083263 [31mkl_synergy_1 : 0.066491 [31mkl_synergy_2 : 0.085615 [31mtotal : 1.771964 [31mdiag_kl_1 : 0.858600 [31mdiag_kl_2 : 0.802878 [94mAcc_combined: 63.07 [94mAcc_c: 53.73 [94mAcc_g: 43.05 [92mF1_combined: 51.96 [92mF1_c: 45.79 [92mF1_g: 35.75 [39m
2026-07-26 02:46:35,764 - Agent - INFO - [37mModel saved successfully at: ./data/data/2025_data/synergy/CremadPlus/v2/SynIB_RMask_U_REFABL_cremad_a01_fold0_l1.0_ir0.1_perturbrandom_fillema_pmin0.20_refuniform.pth.tar[39m
2026-07-26 02:48:07,913 - Agent - INFO - [37mVal Epoch 17 step 17 with [31mce_loss_combined : 1.384548 [31mce_loss_c : 1.288681 [31mce_loss_g : 1.648024 [31mkl_synergy_rand_1 : 0.082449 [31mkl_synergy_rand_2 : 0.093262 [31mkl_synergy_1 : 0.072509 [31mkl_synergy_2 : 0.099305 [31mtotal : 1.732073 [31mdiag_kl_1 : 0.840094 [31mdiag_kl_2 : 0.676469 [94mAcc_combined: 66.63 [94mAcc_c: 56.15 [94mAcc_g: 34.17 [92mF1_combined: 56.76 [92mF1_c: 48.35 [92mF1_g: 29.34 [39m
2026-07-26 02:48:07,929 - Agent - INFO - [37mTest Epoch 17 step 17 with [31mce_loss_combined : 1.476363 [31mce_loss_c : 1.526632 [31mce_loss_g : 1.623707 [31mkl_synergy_rand_1 : 0.072039 [31mkl_synergy_rand_2 : 0.084177 [31mkl_synergy_1 : 0.066135 [31mkl_synergy_2 : 0.087114 [31mtotal : 1.785829 [31mdiag_kl_1 : 0.866590 [31mdiag_kl_2 : 0.805493 [94mAcc_combined: 63.40 [94mAcc_c: 53.06 [94mAcc_g: 41.82 [92mF1_combined: 52.11 [92mF1_c: 45.28 [92mF1_g: 35.11 [39m
2026-07-26 02:49:33,014 - Agent - INFO - [37mVal Epoch 18 step 18 with [31mce_loss_combined : 1.387674 [31mce_loss_c : 1.306444 [31mce_loss_g : 1.776842 [31mkl_synergy_rand_1 : 0.082647 [31mkl_synergy_rand_2 : 0.092018 [31mkl_synergy_1 : 0.071734 [31mkl_synergy_2 : 0.094959 [31mtotal : 1.729032 [31mdiag_kl_1 : 0.837226 [31mdiag_kl_2 : 0.689138 [94mAcc_combined: 66.29 [94mAcc_c: 54.78 [94mAcc_g: 27.45 [92mF1_combined: 56.58 [92mF1_c: 46.79 [92mF1_g: 24.27 [39m
2026-07-26 02:49:33,031 - Agent - INFO - [37mTest Epoch 18 step 18 with [31mce_loss_combined : 1.464177 [31mce_loss_c : 1.545728 [31mce_loss_g : 1.721645 [31mkl_synergy_rand_1 : 0.070548 [31mkl_synergy_rand_2 : 0.082096 [31mkl_synergy_1 : 0.065163 [31mkl_synergy_2 : 0.083788 [31mtotal : 1.765772 [31mdiag_kl_1 : 0.864496 [31mdiag_kl_2 : 0.822963 [94mAcc_combined: 63.96 [94mAcc_c: 53.06 [94mAcc_g: 35.48 [92mF1_combined: 53.05 [92mF1_c: 45.17 [92mF1_g: 30.45 [39m
2026-07-26 02:50:59,299 - Agent - INFO - [37mVal Epoch 19 step 19 with [31mce_loss_combined : 1.375223 [31mce_loss_c : 1.311377 [31mce_loss_g : 1.754864 [31mkl_synergy_rand_1 : 0.078170 [31mkl_synergy_rand_2 : 0.089897 [31mkl_synergy_1 : 0.071020 [31mkl_synergy_2 : 0.092500 [31mtotal : 1.706809 [31mdiag_kl_1 : 0.829601 [31mdiag_kl_2 : 0.678335 [94mAcc_combined: 68.22 [94mAcc_c: 54.44 [94mAcc_g: 26.88 [92mF1_combined: 57.76 [92mF1_c: 46.62 [92mF1_g: 22.70 [39m
2026-07-26 02:50:59,316 - Agent - INFO - [37mTest Epoch 19 step 19 with [31mce_loss_combined : 1.481377 [31mce_loss_c : 1.517459 [31mce_loss_g : 1.721672 [31mkl_synergy_rand_1 : 0.070585 [31mkl_synergy_rand_2 : 0.081107 [31mkl_synergy_1 : 0.062001 [31mkl_synergy_2 : 0.082299 [31mtotal : 1.777371 [31mdiag_kl_1 : 0.879082 [31mdiag_kl_2 : 0.796577 [94mAcc_combined: 62.96 [94mAcc_c: 52.95 [94mAcc_g: 35.15 [92mF1_combined: 51.36 [92mF1_c: 45.15 [92mF1_g: 29.04 [39m
2026-07-26 02:52:30,081 - Evaluator - INFO - New best with accuracy-
2026-07-26 02:52:30,081 - Agent - INFO - [37mVal Epoch 20 step 20 with [31mce_loss_combined : 1.370080 [31mce_loss_c : 1.327907 [31mce_loss_g : 1.818806 [31mkl_synergy_rand_1 : 0.080511 [31mkl_synergy_rand_2 : 0.088814 [31mkl_synergy_1 : 0.071231 [31mkl_synergy_2 : 0.092634 [31mtotal : 1.703269 [31mdiag_kl_1 : 0.825635 [31mdiag_kl_2 : 0.691674 [94mAcc_combined: 69.13 [94mAcc_c: 52.62 [94mAcc_g: 24.72 [92mF1_combined: 58.84 [92mF1_c: 45.15 [92mF1_g: 21.36 [39m
2026-07-26 02:52:30,097 - Agent - INFO - [37mTest Epoch 20 step 20 with [31mce_loss_combined : 1.463714 [31mce_loss_c : 1.536533 [31mce_loss_g : 1.733833 [31mkl_synergy_rand_1 : 0.070209 [31mkl_synergy_rand_2 : 0.080582 [31mkl_synergy_1 : 0.065348 [31mkl_synergy_2 : 0.083584 [31mtotal : 1.763436 [31mdiag_kl_1 : 0.872924 [31mdiag_kl_2 : 0.805157 [94mAcc_combined: 63.52 [94mAcc_c: 50.95 [94mAcc_g: 30.70 [92mF1_combined: 52.43 [92mF1_c: 43.52 [92mF1_g: 25.09 [39m
2026-07-26 02:52:31,795 - Agent - INFO - [37mModel saved successfully at: ./data/data/2025_data/synergy/CremadPlus/v2/SynIB_RMask_U_REFABL_cremad_a01_fold0_l1.0_ir0.1_perturbrandom_fillema_pmin0.20_refuniform.pth.tar[39m
2026-07-26 02:54:00,322 - Evaluator - INFO - New best with loss-
2026-07-26 02:54:00,322 - Agent - INFO - [37mVal Epoch 21 step 21 with [31mce_loss_combined : 1.363097 [31mce_loss_c : 1.332284 [31mce_loss_g : 1.764069 [31mkl_synergy_rand_1 : 0.082766 [31mkl_synergy_rand_2 : 0.089489 [31mkl_synergy_1 : 0.074741 [31mkl_synergy_2 : 0.091498 [31mtotal : 1.701591 [31mdiag_kl_1 : 0.808912 [31mdiag_kl_2 : 0.687327 [94mAcc_combined: 69.02 [94mAcc_c: 52.39 [94mAcc_g: 25.40 [92mF1_combined: 58.81 [92mF1_c: 44.98 [92mF1_g: 22.23 [39m
2026-07-26 02:54:00,339 - Agent - INFO - [37mTest Epoch 21 step 21 with [31mce_loss_combined : 1.463324 [31mce_loss_c : 1.515903 [31mce_loss_g : 1.702670 [31mkl_synergy_rand_1 : 0.075956 [31mkl_synergy_rand_2 : 0.082841 [31mkl_synergy_1 : 0.067173 [31mkl_synergy_2 : 0.084096 [31mtotal : 1.773389 [31mdiag_kl_1 : 0.846216 [31mdiag_kl_2 : 0.813661 [94mAcc_combined: 63.63 [94mAcc_c: 50.39 [94mAcc_g: 31.48 [92mF1_combined: 52.61 [92mF1_c: 42.98 [92mF1_g: 26.98 [39m
2026-07-26 02:54:02,040 - Agent - INFO - [37mModel saved successfully at: ./data/data/2025_data/synergy/CremadPlus/v2/SynIB_RMask_U_REFABL_cremad_a01_fold0_l1.0_ir0.1_perturbrandom_fillema_pmin0.20_refuniform.pth.tar[39m
2026-07-26 02:55:30,140 - Evaluator - INFO - New best with accuracy-
2026-07-26 02:55:30,141 - Agent - INFO - [37mVal Epoch 22 step 22 with [31mce_loss_combined : 1.366160 [31mce_loss_c : 1.352375 [31mce_loss_g : 1.830426 [31mkl_synergy_rand_1 : 0.081190 [31mkl_synergy_rand_2 : 0.090836 [31mkl_synergy_1 : 0.074467 [31mkl_synergy_2 : 0.092714 [31mtotal : 1.705367 [31mdiag_kl_1 : 0.808869 [31mdiag_kl_2 : 0.685325 [94mAcc_combined: 70.05 [94mAcc_c: 51.71 [94mAcc_g: 25.17 [92mF1_combined: 59.46 [92mF1_c: 44.27 [92mF1_g: 20.24 [39m
2026-07-26 02:55:30,156 - Agent - INFO - [37mTest Epoch 22 step 22 with [31mce_loss_combined : 1.459394 [31mce_loss_c : 1.532160 [31mce_loss_g : 1.745449 [31mkl_synergy_rand_1 : 0.076917 [31mkl_synergy_rand_2 : 0.083557 [31mkl_synergy_1 : 0.069222 [31mkl_synergy_2 : 0.086034 [31mtotal : 1.775124 [31mdiag_kl_1 : 0.834967 [31mdiag_kl_2 : 0.816092 [94mAcc_combined: 64.85 [94mAcc_c: 49.61 [94mAcc_g: 28.70 [92mF1_combined: 53.35 [92mF1_c: 42.28 [92mF1_g: 23.59 [39m
2026-07-26 02:55:31,765 - Agent - INFO - [37mModel saved successfully at: ./data/data/2025_data/synergy/CremadPlus/v2/SynIB_RMask_U_REFABL_cremad_a01_fold0_l1.0_ir0.1_perturbrandom_fillema_pmin0.20_refuniform.pth.tar[39m
2026-07-26 02:56:52,613 - Agent - INFO - [37mVal Epoch 23 step 23 with [31mce_loss_combined : 1.381773 [31mce_loss_c : 1.365976 [31mce_loss_g : 1.766378 [31mkl_synergy_rand_1 : 0.079699 [31mkl_synergy_rand_2 : 0.085865 [31mkl_synergy_1 : 0.073353 [31mkl_synergy_2 : 0.088140 [31mtotal : 1.708831 [31mdiag_kl_1 : 0.814159 [31mdiag_kl_2 : 0.699797 [94mAcc_combined: 68.34 [94mAcc_c: 51.25 [94mAcc_g: 25.06 [92mF1_combined: 58.21 [92mF1_c: 43.87 [92mF1_g: 21.50 [39m
2026-07-26 02:56:52,629 - Agent - INFO - [37mTest Epoch 23 step 23 with [31mce_loss_combined : 1.473565 [31mce_loss_c : 1.527620 [31mce_loss_g : 1.692486 [31mkl_synergy_rand_1 : 0.072408 [31mkl_synergy_rand_2 : 0.079595 [31mkl_synergy_1 : 0.065119 [31mkl_synergy_2 : 0.082653 [31mtotal : 1.773340 [31mdiag_kl_1 : 0.842924 [31mdiag_kl_2 : 0.833819 [94mAcc_combined: 64.85 [94mAcc_c: 48.28 [94mAcc_g: 31.03 [92mF1_combined: 53.80 [92mF1_c: 41.18 [92mF1_g: 26.30 [39m
2026-07-26 02:58:24,998 - Agent - INFO - [37mVal Epoch 24 step 24 with [31mce_loss_combined : 1.368198 [31mce_loss_c : 1.396117 [31mce_loss_g : 1.750283 [31mkl_synergy_rand_1 : 0.081758 [31mkl_synergy_rand_2 : 0.088729 [31mkl_synergy_1 : 0.074707 [31mkl_synergy_2 : 0.088754 [31mtotal : 1.702146 [31mdiag_kl_1 : 0.796524 [31mdiag_kl_2 : 0.685508 [94mAcc_combined: 69.93 [94mAcc_c: 49.43 [94mAcc_g: 25.74 [92mF1_combined: 59.22 [92mF1_c: 42.18 [92mF1_g: 21.19 [39m
2026-07-26 02:58:25,014 - Agent - INFO - [37mTest Epoch 24 step 24 with [31mce_loss_combined : 1.475991 [31mce_loss_c : 1.549360 [31mce_loss_g : 1.692946 [31mkl_synergy_rand_1 : 0.073935 [31mkl_synergy_rand_2 : 0.079755 [31mkl_synergy_1 : 0.067492 [31mkl_synergy_2 : 0.078560 [31mtotal : 1.775732 [31mdiag_kl_1 : 0.836058 [31mdiag_kl_2 : 0.812825 [94mAcc_combined: 64.29 [94mAcc_c: 47.27 [94mAcc_g: 30.14 [92mF1_combined: 53.01 [92mF1_c: 40.33 [92mF1_g: 25.10 [39m
2026-07-26 02:59:53,404 - Agent - INFO - [37mVal Epoch 25 step 25 with [31mce_loss_combined : 1.380923 [31mce_loss_c : 1.402665 [31mce_loss_g : 1.752529 [31mkl_synergy_rand_1 : 0.079261 [31mkl_synergy_rand_2 : 0.084628 [31mkl_synergy_1 : 0.073999 [31mkl_synergy_2 : 0.087276 [31mtotal : 1.706088 [31mdiag_kl_1 : 0.803257 [31mdiag_kl_2 : 0.704711 [94mAcc_combined: 68.00 [94mAcc_c: 48.75 [94mAcc_g: 26.54 [92mF1_combined: 57.81 [92mF1_c: 41.22 [92mF1_g: 21.57 [39m
2026-07-26 02:59:53,420 - Agent - INFO - [37mTest Epoch 25 step 25 with [31mce_loss_combined : 1.475941 [31mce_loss_c : 1.551352 [31mce_loss_g : 1.697103 [31mkl_synergy_rand_1 : 0.073003 [31mkl_synergy_rand_2 : 0.079886 [31mkl_synergy_1 : 0.066106 [31mkl_synergy_2 : 0.081294 [31mtotal : 1.776230 [31mdiag_kl_1 : 0.828358 [31mdiag_kl_2 : 0.834635 [94mAcc_combined: 65.41 [94mAcc_c: 47.05 [94mAcc_g: 32.70 [92mF1_combined: 54.09 [92mF1_c: 40.00 [92mF1_g: 27.12 [39m
2026-07-26 03:01:24,878 - Agent - INFO - [37mVal Epoch 26 step 26 with [31mce_loss_combined : 1.378247 [31mce_loss_c : 1.403385 [31mce_loss_g : 1.742542 [31mkl_synergy_rand_1 : 0.079772 [31mkl_synergy_rand_2 : 0.085554 [31mkl_synergy_1 : 0.073116 [31mkl_synergy_2 : 0.087805 [31mtotal : 1.704493 [31mdiag_kl_1 : 0.797047 [31mdiag_kl_2 : 0.703245 [94mAcc_combined: 68.22 [94mAcc_c: 48.52 [94mAcc_g: 26.65 [92mF1_combined: 57.95 [92mF1_c: 41.14 [92mF1_g: 21.58 [39m
2026-07-26 03:01:24,894 - Agent - INFO - [37mTest Epoch 26 step 26 with [31mce_loss_combined : 1.475026 [31mce_loss_c : 1.546025 [31mce_loss_g : 1.693123 [31mkl_synergy_rand_1 : 0.073079 [31mkl_synergy_rand_2 : 0.080033 [31mkl_synergy_1 : 0.067433 [31mkl_synergy_2 : 0.080496 [31mtotal : 1.776067 [31mdiag_kl_1 : 0.824903 [31mdiag_kl_2 : 0.839961 [94mAcc_combined: 65.07 [94mAcc_c: 47.05 [94mAcc_g: 32.15 [92mF1_combined: 53.87 [92mF1_c: 40.07 [92mF1_g: 26.47 [39m
2026-07-26 03:02:51,007 - Agent - INFO - [37mVal Epoch 27 step 27 with [31mce_loss_combined : 1.372918 [31mce_loss_c : 1.406012 [31mce_loss_g : 1.743859 [31mkl_synergy_rand_1 : 0.080417 [31mkl_synergy_rand_2 : 0.085416 [31mkl_synergy_1 : 0.074218 [31mkl_synergy_2 : 0.088880 [31mtotal : 1.701850 [31mdiag_kl_1 : 0.800158 [31mdiag_kl_2 : 0.700047 [94mAcc_combined: 69.13 [94mAcc_c: 48.63 [94mAcc_g: 27.56 [92mF1_combined: 58.70 [92mF1_c: 41.43 [92mF1_g: 22.01 [39m
2026-07-26 03:02:51,024 - Agent - INFO - [37mTest Epoch 27 step 27 with [31mce_loss_combined : 1.467200 [31mce_loss_c : 1.543220 [31mce_loss_g : 1.690819 [31mkl_synergy_rand_1 : 0.073431 [31mkl_synergy_rand_2 : 0.080765 [31mkl_synergy_1 : 0.067544 [31mkl_synergy_2 : 0.079830 [31mtotal : 1.768770 [31mdiag_kl_1 : 0.827842 [31mdiag_kl_2 : 0.834549 [94mAcc_combined: 65.29 [94mAcc_c: 47.27 [94mAcc_g: 33.15 [92mF1_combined: 54.07 [92mF1_c: 40.15 [92mF1_g: 26.81 [39m
2026-07-26 03:04:15,133 - Agent - INFO - [37mVal Epoch 28 step 28 with [31mce_loss_combined : 1.376652 [31mce_loss_c : 1.410868 [31mce_loss_g : 1.747150 [31mkl_synergy_rand_1 : 0.080399 [31mkl_synergy_rand_2 : 0.086115 [31mkl_synergy_1 : 0.073832 [31mkl_synergy_2 : 0.088903 [31mtotal : 1.705902 [31mdiag_kl_1 : 0.795208 [31mdiag_kl_2 : 0.701527 [94mAcc_combined: 68.22 [94mAcc_c: 47.95 [94mAcc_g: 27.22 [92mF1_combined: 58.01 [92mF1_c: 40.50 [92mF1_g: 21.49 [39m
2026-07-26 03:04:15,152 - Agent - INFO - [37mTest Epoch 28 step 28 with [31mce_loss_combined : 1.467254 [31mce_loss_c : 1.552980 [31mce_loss_g : 1.691543 [31mkl_synergy_rand_1 : 0.073362 [31mkl_synergy_rand_2 : 0.079654 [31mkl_synergy_1 : 0.069207 [31mkl_synergy_2 : 0.081458 [31mtotal : 1.770934 [31mdiag_kl_1 : 0.823288 [31mdiag_kl_2 : 0.838046 [94mAcc_combined: 65.18 [94mAcc_c: 46.72 [94mAcc_g: 33.37 [92mF1_combined: 53.88 [92mF1_c: 39.74 [92mF1_g: 26.70 [39m
2026-07-26 03:05:39,274 - Agent - INFO - [37mVal Epoch 29 step 29 with [31mce_loss_combined : 1.374857 [31mce_loss_c : 1.412618 [31mce_loss_g : 1.747899 [31mkl_synergy_rand_1 : 0.080287 [31mkl_synergy_rand_2 : 0.086452 [31mkl_synergy_1 : 0.072365 [31mkl_synergy_2 : 0.088791 [31mtotal : 1.702753 [31mdiag_kl_1 : 0.794422 [31mdiag_kl_2 : 0.700875 [94mAcc_combined: 69.13 [94mAcc_c: 47.84 [94mAcc_g: 27.22 [92mF1_combined: 58.71 [92mF1_c: 40.37 [92mF1_g: 21.75 [39m
2026-07-26 03:05:39,289 - Agent - INFO - [37mTest Epoch 29 step 29 with [31mce_loss_combined : 1.468010 [31mce_loss_c : 1.551878 [31mce_loss_g : 1.688889 [31mkl_synergy_rand_1 : 0.073688 [31mkl_synergy_rand_2 : 0.079873 [31mkl_synergy_1 : 0.070889 [31mkl_synergy_2 : 0.080230 [31mtotal : 1.772690 [31mdiag_kl_1 : 0.821168 [31mdiag_kl_2 : 0.832646 [94mAcc_combined: 65.74 [94mAcc_c: 46.94 [94mAcc_g: 33.70 [92mF1_combined: 54.50 [92mF1_c: 39.90 [92mF1_g: 27.10 [39m
2026-07-26 03:07:01,441 - Agent - INFO - [37mVal Epoch 30 step 30 with [31mce_loss_combined : 1.368602 [31mce_loss_c : 1.412709 [31mce_loss_g : 1.745086 [31mkl_synergy_rand_1 : 0.081027 [31mkl_synergy_rand_2 : 0.086785 [31mkl_synergy_1 : 0.073785 [31mkl_synergy_2 : 0.087298 [31mtotal : 1.697498 [31mdiag_kl_1 : 0.792228 [31mdiag_kl_2 : 0.698836 [94mAcc_combined: 69.82 [94mAcc_c: 47.84 [94mAcc_g: 26.99 [92mF1_combined: 59.35 [92mF1_c: 40.40 [92mF1_g: 21.51 [39m
2026-07-26 03:07:01,456 - Agent - INFO - [37mTest Epoch 30 step 30 with [31mce_loss_combined : 1.461763 [31mce_loss_c : 1.545745 [31mce_loss_g : 1.689029 [31mkl_synergy_rand_1 : 0.076851 [31mkl_synergy_rand_2 : 0.077848 [31mkl_synergy_1 : 0.067147 [31mkl_synergy_2 : 0.081417 [31mtotal : 1.765026 [31mdiag_kl_1 : 0.819123 [31mdiag_kl_2 : 0.835131 [94mAcc_combined: 65.74 [94mAcc_c: 47.50 [94mAcc_g: 33.26 [92mF1_combined: 54.54 [92mF1_c: 40.30 [92mF1_g: 26.73 [39m
2026-07-26 03:08:25,547 - Agent - INFO - [37mVal Epoch 31 step 31 with [31mce_loss_combined : 1.372551 [31mce_loss_c : 1.410983 [31mce_loss_g : 1.754992 [31mkl_synergy_rand_1 : 0.081888 [31mkl_synergy_rand_2 : 0.085390 [31mkl_synergy_1 : 0.074076 [31mkl_synergy_2 : 0.089286 [31mtotal : 1.703191 [31mdiag_kl_1 : 0.790303 [31mdiag_kl_2 : 0.703640 [94mAcc_combined: 69.59 [94mAcc_c: 48.63 [94mAcc_g: 26.77 [92mF1_combined: 59.24 [92mF1_c: 41.11 [92mF1_g: 21.24 [39m
2026-07-26 03:08:25,563 - Agent - INFO - [37mTest Epoch 31 step 31 with [31mce_loss_combined : 1.462324 [31mce_loss_c : 1.544623 [31mce_loss_g : 1.694612 [31mkl_synergy_rand_1 : 0.073069 [31mkl_synergy_rand_2 : 0.080022 [31mkl_synergy_1 : 0.067979 [31mkl_synergy_2 : 0.081768 [31mtotal : 1.765161 [31mdiag_kl_1 : 0.816456 [31mdiag_kl_2 : 0.828075 [94mAcc_combined: 65.85 [94mAcc_c: 47.61 [94mAcc_g: 32.48 [92mF1_combined: 54.58 [92mF1_c: 40.44 [92mF1_g: 25.99 [39m
2026-07-26 03:09:53,072 - Agent - INFO - [37mVal Epoch 32 step 32 with [31mce_loss_combined : 1.377087 [31mce_loss_c : 1.409690 [31mce_loss_g : 1.746689 [31mkl_synergy_rand_1 : 0.080682 [31mkl_synergy_rand_2 : 0.085033 [31mkl_synergy_1 : 0.073862 [31mkl_synergy_2 : 0.088496 [31mtotal : 1.705160 [31mdiag_kl_1 : 0.792486 [31mdiag_kl_2 : 0.700581 [94mAcc_combined: 68.91 [94mAcc_c: 48.18 [94mAcc_g: 27.11 [92mF1_combined: 58.43 [92mF1_c: 40.68 [92mF1_g: 21.48 [39m
2026-07-26 03:09:53,092 - Agent - INFO - [37mTest Epoch 32 step 32 with [31mce_loss_combined : 1.470161 [31mce_loss_c : 1.544721 [31mce_loss_g : 1.692259 [31mkl_synergy_rand_1 : 0.075527 [31mkl_synergy_rand_2 : 0.078766 [31mkl_synergy_1 : 0.068065 [31mkl_synergy_2 : 0.080767 [31mtotal : 1.773287 [31mdiag_kl_1 : 0.820512 [31mdiag_kl_2 : 0.832983 [94mAcc_combined: 65.29 [94mAcc_c: 46.94 [94mAcc_g: 32.26 [92mF1_combined: 54.08 [92mF1_c: 39.87 [92mF1_g: 25.34 [39m
2026-07-26 03:11:25,047 - Agent - INFO - [37mVal Epoch 33 step 33 with [31mce_loss_combined : 1.373470 [31mce_loss_c : 1.420690 [31mce_loss_g : 1.697753 [31mkl_synergy_rand_1 : 0.081255 [31mkl_synergy_rand_2 : 0.086202 [31mkl_synergy_1 : 0.073804 [31mkl_synergy_2 : 0.085974 [31mtotal : 1.700705 [31mdiag_kl_1 : 0.786876 [31mdiag_kl_2 : 0.696852 [94mAcc_combined: 69.13 [94mAcc_c: 47.95 [94mAcc_g: 30.30 [92mF1_combined: 58.73 [92mF1_c: 40.45 [92mF1_g: 22.32 [39m
2026-07-26 03:11:25,068 - Agent - INFO - [37mTest Epoch 33 step 33 with [31mce_loss_combined : 1.469020 [31mce_loss_c : 1.552831 [31mce_loss_g : 1.658069 [31mkl_synergy_rand_1 : 0.074919 [31mkl_synergy_rand_2 : 0.080252 [31mkl_synergy_1 : 0.068383 [31mkl_synergy_2 : 0.080178 [31mtotal : 1.772753 [31mdiag_kl_1 : 0.812460 [31mdiag_kl_2 : 0.839303 [94mAcc_combined: 66.18 [94mAcc_c: 46.72 [94mAcc_g: 35.71 [92mF1_combined: 55.22 [92mF1_c: 39.64 [92mF1_g: 27.64 [39m
2026-07-26 03:12:48,934 - Agent - INFO - [37mVal Epoch 34 step 34 with [31mce_loss_combined : 1.391099 [31mce_loss_c : 1.437010 [31mce_loss_g : 1.697721 [31mkl_synergy_rand_1 : 0.080023 [31mkl_synergy_rand_2 : 0.083273 [31mkl_synergy_1 : 0.072971 [31mkl_synergy_2 : 0.083601 [31mtotal : 1.710966 [31mdiag_kl_1 : 0.794333 [31mdiag_kl_2 : 0.708312 [94mAcc_combined: 68.79 [94mAcc_c: 47.49 [94mAcc_g: 31.55 [92mF1_combined: 58.25 [92mF1_c: 39.92 [92mF1_g: 23.03 [39m
2026-07-26 03:12:48,953 - Agent - INFO - [37mTest Epoch 34 step 34 with [31mce_loss_combined : 1.482758 [31mce_loss_c : 1.558198 [31mce_loss_g : 1.664132 [31mkl_synergy_rand_1 : 0.074473 [31mkl_synergy_rand_2 : 0.077567 [31mkl_synergy_1 : 0.068631 [31mkl_synergy_2 : 0.078000 [31mtotal : 1.781428 [31mdiag_kl_1 : 0.814885 [31mdiag_kl_2 : 0.842315 [94mAcc_combined: 64.07 [94mAcc_c: 46.38 [94mAcc_g: 36.60 [92mF1_combined: 52.88 [92mF1_c: 39.46 [92mF1_g: 27.36 [39m
2026-07-26 03:14:18,359 - Agent - INFO - [37mVal Epoch 35 step 35 with [31mce_loss_combined : 1.376187 [31mce_loss_c : 1.446595 [31mce_loss_g : 1.682814 [31mkl_synergy_rand_1 : 0.079979 [31mkl_synergy_rand_2 : 0.082309 [31mkl_synergy_1 : 0.074503 [31mkl_synergy_2 : 0.081608 [31mtotal : 1.694586 [31mdiag_kl_1 : 0.781012 [31mdiag_kl_2 : 0.708656 [94mAcc_combined: 69.48 [94mAcc_c: 47.49 [94mAcc_g: 32.12 [92mF1_combined: 59.01 [92mF1_c: 40.08 [92mF1_g: 23.37 [39m
2026-07-26 03:14:18,381 - Agent - INFO - [37mTest Epoch 35 step 35 with [31mce_loss_combined : 1.469337 [31mce_loss_c : 1.562080 [31mce_loss_g : 1.657748 [31mkl_synergy_rand_1 : 0.072071 [31mkl_synergy_rand_2 : 0.074071 [31mkl_synergy_1 : 0.066146 [31mkl_synergy_2 : 0.073553 [31mtotal : 1.755178 [31mdiag_kl_1 : 0.808133 [31mdiag_kl_2 : 0.846477 [94mAcc_combined: 66.63 [94mAcc_c: 45.05 [94mAcc_g: 35.82 [92mF1_combined: 55.63 [92mF1_c: 38.28 [92mF1_g: 26.49 [39m
2026-07-26 03:15:49,808 - Agent - INFO - [37mVal Epoch 36 step 36 with [31mce_loss_combined : 1.383971 [31mce_loss_c : 1.452379 [31mce_loss_g : 1.629948 [31mkl_synergy_rand_1 : 0.078654 [31mkl_synergy_rand_2 : 0.080114 [31mkl_synergy_1 : 0.072151 [31mkl_synergy_2 : 0.079770 [31mtotal : 1.694659 [31mdiag_kl_1 : 0.787693 [31mdiag_kl_2 : 0.724664 [94mAcc_combined: 69.25 [94mAcc_c: 47.15 [94mAcc_g: 33.37 [92mF1_combined: 59.00 [92mF1_c: 39.94 [92mF1_g: 25.63 [39m
2026-07-26 03:15:49,834 - Agent - INFO - [37mTest Epoch 36 step 36 with [31mce_loss_combined : 1.475391 [31mce_loss_c : 1.547508 [31mce_loss_g : 1.612479 [31mkl_synergy_rand_1 : 0.073998 [31mkl_synergy_rand_2 : 0.076772 [31mkl_synergy_1 : 0.068633 [31mkl_synergy_2 : 0.076510 [31mtotal : 1.771305 [31mdiag_kl_1 : 0.814891 [31mdiag_kl_2 : 0.869226 [94mAcc_combined: 65.74 [94mAcc_c: 44.94 [94mAcc_g: 39.04 [92mF1_combined: 54.93 [92mF1_c: 38.18 [92mF1_g: 29.78 [39m
2026-07-26 03:17:15,894 - Evaluator - INFO - New best with accuracy-
2026-07-26 03:17:15,894 - Agent - INFO - [37mVal Epoch 37 step 37 with [31mce_loss_combined : 1.383148 [31mce_loss_c : 1.473262 [31mce_loss_g : 1.610454 [31mkl_synergy_rand_1 : 0.078037 [31mkl_synergy_rand_2 : 0.079832 [31mkl_synergy_1 : 0.070926 [31mkl_synergy_2 : 0.081014 [31mtotal : 1.692957 [31mdiag_kl_1 : 0.784697 [31mdiag_kl_2 : 0.722465 [94mAcc_combined: 70.39 [94mAcc_c: 46.47 [94mAcc_g: 34.85 [92mF1_combined: 59.90 [92mF1_c: 39.08 [92mF1_g: 26.32 [39m
2026-07-26 03:17:15,918 - Agent - INFO - [37mTest Epoch 37 step 37 with [31mce_loss_combined : 1.467972 [31mce_loss_c : 1.561978 [31mce_loss_g : 1.596566 [31mkl_synergy_rand_1 : 0.072558 [31mkl_synergy_rand_2 : 0.074337 [31mkl_synergy_1 : 0.066615 [31mkl_synergy_2 : 0.073678 [31mtotal : 1.755159 [31mdiag_kl_1 : 0.805803 [31mdiag_kl_2 : 0.863274 [94mAcc_combined: 66.85 [94mAcc_c: 44.38 [94mAcc_g: 38.71 [92mF1_combined: 56.04 [92mF1_c: 37.45 [92mF1_g: 28.94 [39m
2026-07-26 03:17:17,800 - Agent - INFO - [37mModel saved successfully at: ./data/data/2025_data/synergy/CremadPlus/v2/SynIB_RMask_U_REFABL_cremad_a01_fold0_l1.0_ir0.1_perturbrandom_fillema_pmin0.20_refuniform.pth.tar[39m
2026-07-26 03:18:45,278 - Evaluator - INFO - New best with accuracy-
2026-07-26 03:18:45,279 - Agent - INFO - [37mVal Epoch 38 step 38 with [31mce_loss_combined : 1.398181 [31mce_loss_c : 1.486198 [31mce_loss_g : 1.583842 [31mkl_synergy_rand_1 : 0.075405 [31mkl_synergy_rand_2 : 0.077580 [31mkl_synergy_1 : 0.069626 [31mkl_synergy_2 : 0.077315 [31mtotal : 1.698107 [31mdiag_kl_1 : 0.795018 [31mdiag_kl_2 : 0.729006 [94mAcc_combined: 70.84 [94mAcc_c: 45.67 [94mAcc_g: 34.74 [92mF1_combined: 60.49 [92mF1_c: 38.06 [92mF1_g: 25.85 [39m
2026-07-26 03:18:45,297 - Agent - INFO - [37mTest Epoch 38 step 38 with [31mce_loss_combined : 1.481847 [31mce_loss_c : 1.557417 [31mce_loss_g : 1.582812 [31mkl_synergy_rand_1 : 0.072203 [31mkl_synergy_rand_2 : 0.071930 [31mkl_synergy_1 : 0.067614 [31mkl_synergy_2 : 0.072241 [31mtotal : 1.765836 [31mdiag_kl_1 : 0.818161 [31mdiag_kl_2 : 0.871800 [94mAcc_combined: 65.96 [94mAcc_c: 43.94 [94mAcc_g: 40.38 [92mF1_combined: 55.24 [92mF1_c: 36.94 [92mF1_g: 30.42 [39m
2026-07-26 03:18:46,942 - Agent - INFO - [37mModel saved successfully at: ./data/data/2025_data/synergy/CremadPlus/v2/SynIB_RMask_U_REFABL_cremad_a01_fold0_l1.0_ir0.1_perturbrandom_fillema_pmin0.20_refuniform.pth.tar[39m
2026-07-26 03:20:22,828 - Agent - INFO - [37mVal Epoch 39 step 39 with [31mce_loss_combined : 1.393057 [31mce_loss_c : 1.504569 [31mce_loss_g : 1.585094 [31mkl_synergy_rand_1 : 0.078123 [31mkl_synergy_rand_2 : 0.077330 [31mkl_synergy_1 : 0.073669 [31mkl_synergy_2 : 0.075206 [31mtotal : 1.697385 [31mdiag_kl_1 : 0.781004 [31mdiag_kl_2 : 0.729248 [94mAcc_combined: 70.39 [94mAcc_c: 44.87 [94mAcc_g: 35.76 [92mF1_combined: 59.55 [92mF1_c: 37.52 [92mF1_g: 26.82 [39m
2026-07-26 03:20:22,853 - Agent - INFO - [37mTest Epoch 39 step 39 with [31mce_loss_combined : 1.476476 [31mce_loss_c : 1.568771 [31mce_loss_g : 1.585786 [31mkl_synergy_rand_1 : 0.072250 [31mkl_synergy_rand_2 : 0.072961 [31mkl_synergy_1 : 0.065774 [31mkl_synergy_2 : 0.070708 [31mtotal : 1.758168 [31mdiag_kl_1 : 0.803365 [31mdiag_kl_2 : 0.875819 [94mAcc_combined: 66.07 [94mAcc_c: 42.71 [94mAcc_g: 40.82 [92mF1_combined: 55.19 [92mF1_c: 35.91 [92mF1_g: 30.60 [39m
2026-07-26 03:21:49,658 - Evaluator - INFO - New best with accuracy-
2026-07-26 03:21:49,660 - Agent - INFO - [37mVal Epoch 40 step 40 with [31mce_loss_combined : 1.376341 [31mce_loss_c : 1.513432 [31mce_loss_g : 1.535139 [31mkl_synergy_rand_1 : 0.078964 [31mkl_synergy_rand_2 : 0.079197 [31mkl_synergy_1 : 0.071095 [31mkl_synergy_2 : 0.077608 [31mtotal : 1.683205 [31mdiag_kl_1 : 0.776873 [31mdiag_kl_2 : 0.717508 [94mAcc_combined: 71.18 [94mAcc_c: 44.53 [94mAcc_g: 39.52 [92mF1_combined: 60.47 [92mF1_c: 37.02 [92mF1_g: 29.51 [39m
2026-07-26 03:21:49,685 - Agent - INFO - [37mTest Epoch 40 step 40 with [31mce_loss_combined : 1.484814 [31mce_loss_c : 1.581915 [31mce_loss_g : 1.556654 [31mkl_synergy_rand_1 : 0.073728 [31mkl_synergy_rand_2 : 0.073216 [31mkl_synergy_1 : 0.065510 [31mkl_synergy_2 : 0.070596 [31mtotal : 1.767864 [31mdiag_kl_1 : 0.812901 [31mdiag_kl_2 : 0.849718 [94mAcc_combined: 66.07 [94mAcc_c: 42.71 [94mAcc_g: 41.71 [92mF1_combined: 55.35 [92mF1_c: 35.89 [92mF1_g: 31.51 [39m
2026-07-26 03:21:51,423 - Agent - INFO - [37mModel saved successfully at: ./data/data/2025_data/synergy/CremadPlus/v2/SynIB_RMask_U_REFABL_cremad_a01_fold0_l1.0_ir0.1_perturbrandom_fillema_pmin0.20_refuniform.pth.tar[39m
2026-07-26 03:23:20,452 - Agent - INFO - [37mVal Epoch 41 step 41 with [31mce_loss_combined : 1.395381 [31mce_loss_c : 1.519821 [31mce_loss_g : 1.553064 [31mkl_synergy_rand_1 : 0.077854 [31mkl_synergy_rand_2 : 0.075894 [31mkl_synergy_1 : 0.071634 [31mkl_synergy_2 : 0.075769 [31mtotal : 1.696531 [31mdiag_kl_1 : 0.776709 [31mdiag_kl_2 : 0.737237 [94mAcc_combined: 69.93 [94mAcc_c: 44.19 [94mAcc_g: 38.61 [92mF1_combined: 59.39 [92mF1_c: 36.78 [92mF1_g: 29.46 [39m
2026-07-26 03:23:20,475 - Agent - INFO - [37mTest Epoch 41 step 41 with [31mce_loss_combined : 1.479598 [31mce_loss_c : 1.577376 [31mce_loss_g : 1.570858 [31mkl_synergy_rand_1 : 0.070369 [31mkl_synergy_rand_2 : 0.073291 [31mkl_synergy_1 : 0.069161 [31mkl_synergy_2 : 0.072320 [31mtotal : 1.764739 [31mdiag_kl_1 : 0.802993 [31mdiag_kl_2 : 0.876020 [94mAcc_combined: 66.63 [94mAcc_c: 42.60 [94mAcc_g: 41.71 [92mF1_combined: 55.98 [92mF1_c: 35.79 [92mF1_g: 31.33 [39m
2026-07-26 03:24:52,595 - Agent - INFO - [37mVal Epoch 42 step 42 with [31mce_loss_combined : 1.389134 [31mce_loss_c : 1.531287 [31mce_loss_g : 1.525380 [31mkl_synergy_rand_1 : 0.077719 [31mkl_synergy_rand_2 : 0.076241 [31mkl_synergy_1 : 0.073457 [31mkl_synergy_2 : 0.074661 [31mtotal : 1.691211 [31mdiag_kl_1 : 0.771944 [31mdiag_kl_2 : 0.737665 [94mAcc_combined: 71.18 [94mAcc_c: 43.51 [94mAcc_g: 40.55 [92mF1_combined: 60.55 [92mF1_c: 36.14 [92mF1_g: 31.35 [39m
2026-07-26 03:24:52,617 - Agent - INFO - [37mTest Epoch 42 step 42 with [31mce_loss_combined : 1.477534 [31mce_loss_c : 1.587083 [31mce_loss_g : 1.552577 [31mkl_synergy_rand_1 : 0.072345 [31mkl_synergy_rand_2 : 0.072706 [31mkl_synergy_1 : 0.067413 [31mkl_synergy_2 : 0.068592 [31mtotal : 1.758590 [31mdiag_kl_1 : 0.797399 [31mdiag_kl_2 : 0.881827 [94mAcc_combined: 66.85 [94mAcc_c: 41.60 [94mAcc_g: 41.94 [92mF1_combined: 56.20 [92mF1_c: 34.99 [92mF1_g: 32.02 [39m
2026-07-26 03:26:23,586 - Agent - INFO - [37mVal Epoch 43 step 43 with [31mce_loss_combined : 1.396769 [31mce_loss_c : 1.549796 [31mce_loss_g : 1.528992 [31mkl_synergy_rand_1 : 0.076401 [31mkl_synergy_rand_2 : 0.075275 [31mkl_synergy_1 : 0.071037 [31mkl_synergy_2 : 0.073549 [31mtotal : 1.693030 [31mdiag_kl_1 : 0.780737 [31mdiag_kl_2 : 0.739228 [94mAcc_combined: 69.93 [94mAcc_c: 42.82 [94mAcc_g: 41.46 [92mF1_combined: 59.20 [92mF1_c: 35.60 [92mF1_g: 31.66 [39m
2026-07-26 03:26:23,606 - Agent - INFO - [37mTest Epoch 43 step 43 with [31mce_loss_combined : 1.483748 [31mce_loss_c : 1.601854 [31mce_loss_g : 1.560406 [31mkl_synergy_rand_1 : 0.069592 [31mkl_synergy_rand_2 : 0.068663 [31mkl_synergy_1 : 0.065941 [31mkl_synergy_2 : 0.069206 [31mtotal : 1.757150 [31mdiag_kl_1 : 0.803020 [31mdiag_kl_2 : 0.876950 [94mAcc_combined: 66.41 [94mAcc_c: 40.93 [94mAcc_g: 41.60 [92mF1_combined: 55.82 [92mF1_c: 34.52 [92mF1_g: 31.24 [39m
2026-07-26 03:27:46,741 - Agent - INFO - [37mVal Epoch 44 step 44 with [31mce_loss_combined : 1.397087 [31mce_loss_c : 1.555641 [31mce_loss_g : 1.511348 [31mkl_synergy_rand_1 : 0.075571 [31mkl_synergy_rand_2 : 0.074450 [31mkl_synergy_1 : 0.071455 [31mkl_synergy_2 : 0.072004 [31mtotal : 1.690568 [31mdiag_kl_1 : 0.780132 [31mdiag_kl_2 : 0.741137 [94mAcc_combined: 69.70 [94mAcc_c: 42.94 [94mAcc_g: 42.71 [92mF1_combined: 59.22 [92mF1_c: 35.61 [92mF1_g: 33.53 [39m
2026-07-26 03:27:46,767 - Agent - INFO - [37mTest Epoch 44 step 44 with [31mce_loss_combined : 1.483651 [31mce_loss_c : 1.600273 [31mce_loss_g : 1.544978 [31mkl_synergy_rand_1 : 0.070425 [31mkl_synergy_rand_2 : 0.070862 [31mkl_synergy_1 : 0.067162 [31mkl_synergy_2 : 0.068345 [31mtotal : 1.760445 [31mdiag_kl_1 : 0.798468 [31mdiag_kl_2 : 0.882285 [94mAcc_combined: 66.30 [94mAcc_c: 41.27 [94mAcc_g: 43.38 [92mF1_combined: 55.63 [92mF1_c: 34.65 [92mF1_g: 33.30 [39m
2026-07-26 03:29:12,190 - Agent - INFO - [37mVal Epoch 45 step 45 with [31mce_loss_combined : 1.393889 [31mce_loss_c : 1.565193 [31mce_loss_g : 1.494790 [31mkl_synergy_rand_1 : 0.077522 [31mkl_synergy_rand_2 : 0.075292 [31mkl_synergy_1 : 0.070809 [31mkl_synergy_2 : 0.072371 [31mtotal : 1.689883 [31mdiag_kl_1 : 0.770642 [31mdiag_kl_2 : 0.738427 [94mAcc_combined: 70.62 [94mAcc_c: 42.71 [94mAcc_g: 43.62 [92mF1_combined: 60.00 [92mF1_c: 35.46 [92mF1_g: 34.24 [39m
2026-07-26 03:29:12,210 - Agent - INFO - [37mTest Epoch 45 step 45 with [31mce_loss_combined : 1.478433 [31mce_loss_c : 1.603700 [31mce_loss_g : 1.546685 [31mkl_synergy_rand_1 : 0.068213 [31mkl_synergy_rand_2 : 0.067172 [31mkl_synergy_1 : 0.066151 [31mkl_synergy_2 : 0.067691 [31mtotal : 1.747660 [31mdiag_kl_1 : 0.794724 [31mdiag_kl_2 : 0.887165 [94mAcc_combined: 66.30 [94mAcc_c: 40.82 [94mAcc_g: 42.27 [92mF1_combined: 55.78 [92mF1_c: 34.32 [92mF1_g: 31.74 [39m
2026-07-26 03:30:41,940 - Agent - INFO - [37mVal Epoch 46 step 46 with [31mce_loss_combined : 1.412145 [31mce_loss_c : 1.576991 [31mce_loss_g : 1.491652 [31mkl_synergy_rand_1 : 0.074565 [31mkl_synergy_rand_2 : 0.071330 [31mkl_synergy_1 : 0.069572 [31mkl_synergy_2 : 0.070882 [31mtotal : 1.698493 [31mdiag_kl_1 : 0.784778 [31mdiag_kl_2 : 0.751494 [94mAcc_combined: 69.82 [94mAcc_c: 42.26 [94mAcc_g: 43.62 [92mF1_combined: 59.57 [92mF1_c: 35.01 [92mF1_g: 34.34 [39m
2026-07-26 03:30:41,959 - Agent - INFO - [37mTest Epoch 46 step 46 with [31mce_loss_combined : 1.491640 [31mce_loss_c : 1.613929 [31mce_loss_g : 1.540039 [31mkl_synergy_rand_1 : 0.069468 [31mkl_synergy_rand_2 : 0.068288 [31mkl_synergy_1 : 0.066257 [31mkl_synergy_2 : 0.066762 [31mtotal : 1.762415 [31mdiag_kl_1 : 0.799973 [31mdiag_kl_2 : 0.904895 [94mAcc_combined: 66.52 [94mAcc_c: 40.71 [94mAcc_g: 44.38 [92mF1_combined: 55.93 [92mF1_c: 34.23 [92mF1_g: 34.24 [39m
2026-07-26 03:32:03,639 - Agent - INFO - [37mVal Epoch 47 step 47 with [31mce_loss_combined : 1.404221 [31mce_loss_c : 1.586535 [31mce_loss_g : 1.490269 [31mkl_synergy_rand_1 : 0.075885 [31mkl_synergy_rand_2 : 0.072957 [31mkl_synergy_1 : 0.069780 [31mkl_synergy_2 : 0.071361 [31mtotal : 1.694204 [31mdiag_kl_1 : 0.774397 [31mdiag_kl_2 : 0.751505 [94mAcc_combined: 69.59 [94mAcc_c: 42.03 [94mAcc_g: 44.87 [92mF1_combined: 58.92 [92mF1_c: 34.87 [92mF1_g: 36.42 [39m
2026-07-26 03:32:03,663 - Agent - INFO - [37mTest Epoch 47 step 47 with [31mce_loss_combined : 1.486226 [31mce_loss_c : 1.623584 [31mce_loss_g : 1.532082 [31mkl_synergy_rand_1 : 0.068074 [31mkl_synergy_rand_2 : 0.065803 [31mkl_synergy_1 : 0.064991 [31mkl_synergy_2 : 0.066126 [31mtotal : 1.751219 [31mdiag_kl_1 : 0.799884 [31mdiag_kl_2 : 0.891071 [94mAcc_combined: 66.85 [94mAcc_c: 40.04 [94mAcc_g: 45.83 [92mF1_combined: 56.31 [92mF1_c: 33.66 [92mF1_g: 35.69 [39m
2026-07-26 03:33:35,102 - Agent - INFO - [37mVal Epoch 48 step 48 with [31mce_loss_combined : 1.401763 [31mce_loss_c : 1.591202 [31mce_loss_g : 1.471872 [31mkl_synergy_rand_1 : 0.076172 [31mkl_synergy_rand_2 : 0.074278 [31mkl_synergy_1 : 0.070670 [31mkl_synergy_2 : 0.071392 [31mtotal : 1.694275 [31mdiag_kl_1 : 0.772004 [31mdiag_kl_2 : 0.745664 [94mAcc_combined: 69.82 [94mAcc_c: 41.69 [94mAcc_g: 45.67 [92mF1_combined: 59.30 [92mF1_c: 34.51 [92mF1_g: 36.17 [39m
2026-07-26 03:33:35,124 - Agent - INFO - [37mTest Epoch 48 step 48 with [31mce_loss_combined : 1.484619 [31mce_loss_c : 1.622791 [31mce_loss_g : 1.534304 [31mkl_synergy_rand_1 : 0.068616 [31mkl_synergy_rand_2 : 0.065728 [31mkl_synergy_1 : 0.064395 [31mkl_synergy_2 : 0.066818 [31mtotal : 1.750176 [31mdiag_kl_1 : 0.794838 [31mdiag_kl_2 : 0.897604 [94mAcc_combined: 67.96 [94mAcc_c: 39.93 [94mAcc_g: 43.60 [92mF1_combined: 57.29 [92mF1_c: 33.48 [92mF1_g: 33.25 [39m
2026-07-26 03:35:03,059 - Agent - INFO - [37mVal Epoch 49 step 49 with [31mce_loss_combined : 1.406809 [31mce_loss_c : 1.599851 [31mce_loss_g : 1.469636 [31mkl_synergy_rand_1 : 0.075298 [31mkl_synergy_rand_2 : 0.073037 [31mkl_synergy_1 : 0.069329 [31mkl_synergy_2 : 0.071497 [31mtotal : 1.695969 [31mdiag_kl_1 : 0.778315 [31mdiag_kl_2 : 0.750180 [94mAcc_combined: 68.91 [94mAcc_c: 40.77 [94mAcc_g: 46.13 [92mF1_combined: 58.38 [92mF1_c: 33.71 [92mF1_g: 36.94 [39m
2026-07-26 03:35:03,082 - Agent - INFO - [37mTest Epoch 49 step 49 with [31mce_loss_combined : 1.487132 [31mce_loss_c : 1.623956 [31mce_loss_g : 1.536581 [31mkl_synergy_rand_1 : 0.068783 [31mkl_synergy_rand_2 : 0.068409 [31mkl_synergy_1 : 0.065595 [31mkl_synergy_2 : 0.068253 [31mtotal : 1.758174 [31mdiag_kl_1 : 0.802656 [31mdiag_kl_2 : 0.896621 [94mAcc_combined: 67.07 [94mAcc_c: 40.38 [94mAcc_g: 44.83 [92mF1_combined: 56.48 [92mF1_c: 33.81 [92mF1_g: 34.54 [39m
2026-07-26 03:36:31,840 - Agent - INFO - [37mVal Epoch 50 step 50 with [31mce_loss_combined : 1.406759 [31mce_loss_c : 1.611183 [31mce_loss_g : 1.467725 [31mkl_synergy_rand_1 : 0.075418 [31mkl_synergy_rand_2 : 0.071562 [31mkl_synergy_1 : 0.069170 [31mkl_synergy_2 : 0.070253 [31mtotal : 1.693162 [31mdiag_kl_1 : 0.775395 [31mdiag_kl_2 : 0.748048 [94mAcc_combined: 70.05 [94mAcc_c: 39.64 [94mAcc_g: 46.13 [92mF1_combined: 59.56 [92mF1_c: 32.45 [92mF1_g: 36.82 [39m
2026-07-26 03:36:31,864 - Agent - INFO - [37mTest Epoch 50 step 50 with [31mce_loss_combined : 1.488402 [31mce_loss_c : 1.637637 [31mce_loss_g : 1.530556 [31mkl_synergy_rand_1 : 0.068992 [31mkl_synergy_rand_2 : 0.066376 [31mkl_synergy_1 : 0.064446 [31mkl_synergy_2 : 0.066449 [31mtotal : 1.754664 [31mdiag_kl_1 : 0.798085 [31mdiag_kl_2 : 0.899319 [94mAcc_combined: 67.30 [94mAcc_c: 39.38 [94mAcc_g: 44.38 [92mF1_combined: 56.69 [92mF1_c: 33.02 [92mF1_g: 34.22 [39m
2026-07-26 03:38:00,212 - Agent - INFO - [37mVal Epoch 51 step 51 with [31mce_loss_combined : 1.410532 [31mce_loss_c : 1.614424 [31mce_loss_g : 1.469216 [31mkl_synergy_rand_1 : 0.073562 [31mkl_synergy_rand_2 : 0.071327 [31mkl_synergy_1 : 0.069092 [31mkl_synergy_2 : 0.068988 [31mtotal : 1.693501 [31mdiag_kl_1 : 0.778376 [31mdiag_kl_2 : 0.750900 [94mAcc_combined: 69.48 [94mAcc_c: 39.75 [94mAcc_g: 45.56 [92mF1_combined: 58.99 [92mF1_c: 32.42 [92mF1_g: 35.92 [39m
2026-07-26 03:38:00,236 - Agent - INFO - [37mTest Epoch 51 step 51 with [31mce_loss_combined : 1.492306 [31mce_loss_c : 1.638161 [31mce_loss_g : 1.533903 [31mkl_synergy_rand_1 : 0.068351 [31mkl_synergy_rand_2 : 0.065632 [31mkl_synergy_1 : 0.067438 [31mkl_synergy_2 : 0.066935 [31mtotal : 1.760663 [31mdiag_kl_1 : 0.790616 [31mdiag_kl_2 : 0.902093 [94mAcc_combined: 67.19 [94mAcc_c: 39.27 [94mAcc_g: 43.94 [92mF1_combined: 56.70 [92mF1_c: 32.92 [92mF1_g: 33.52 [39m
2026-07-26 03:39:31,630 - Agent - INFO - [37mVal Epoch 52 step 52 with [31mce_loss_combined : 1.406426 [31mce_loss_c : 1.623306 [31mce_loss_g : 1.474175 [31mkl_synergy_rand_1 : 0.074736 [31mkl_synergy_rand_2 : 0.072041 [31mkl_synergy_1 : 0.068514 [31mkl_synergy_2 : 0.070228 [31mtotal : 1.691944 [31mdiag_kl_1 : 0.774385 [31mdiag_kl_2 : 0.751520 [94mAcc_combined: 69.93 [94mAcc_c: 39.07 [94mAcc_g: 45.10 [92mF1_combined: 59.48 [92mF1_c: 31.87 [92mF1_g: 35.92 [39m
2026-07-26 03:39:31,656 - Agent - INFO - [37mTest Epoch 52 step 52 with [31mce_loss_combined : 1.483829 [31mce_loss_c : 1.646167 [31mce_loss_g : 1.528134 [31mkl_synergy_rand_1 : 0.067960 [31mkl_synergy_rand_2 : 0.064905 [31mkl_synergy_1 : 0.063343 [31mkl_synergy_2 : 0.064168 [31mtotal : 1.744205 [31mdiag_kl_1 : 0.798700 [31mdiag_kl_2 : 0.897272 [94mAcc_combined: 67.63 [94mAcc_c: 38.71 [94mAcc_g: 44.94 [92mF1_combined: 57.04 [92mF1_c: 32.43 [92mF1_g: 34.75 [39m
2026-07-26 03:40:53,995 - Agent - INFO - [37mVal Epoch 53 step 53 with [31mce_loss_combined : 1.406866 [31mce_loss_c : 1.627794 [31mce_loss_g : 1.475996 [31mkl_synergy_rand_1 : 0.074037 [31mkl_synergy_rand_2 : 0.070990 [31mkl_synergy_1 : 0.069813 [31mkl_synergy_2 : 0.069825 [31mtotal : 1.691531 [31mdiag_kl_1 : 0.774703 [31mdiag_kl_2 : 0.755385 [94mAcc_combined: 69.82 [94mAcc_c: 38.04 [94mAcc_g: 46.47 [92mF1_combined: 59.42 [92mF1_c: 30.96 [92mF1_g: 37.75 [39m
2026-07-26 03:40:54,016 - Agent - INFO - [37mTest Epoch 53 step 53 with [31mce_loss_combined : 1.484748 [31mce_loss_c : 1.648292 [31mce_loss_g : 1.523711 [31mkl_synergy_rand_1 : 0.068424 [31mkl_synergy_rand_2 : 0.065310 [31mkl_synergy_1 : 0.065208 [31mkl_synergy_2 : 0.065125 [31mtotal : 1.748815 [31mdiag_kl_1 : 0.789878 [31mdiag_kl_2 : 0.899788 [94mAcc_combined: 67.41 [94mAcc_c: 38.71 [94mAcc_g: 46.38 [92mF1_combined: 56.96 [92mF1_c: 32.31 [92mF1_g: 36.30 [39m
2026-07-26 03:42:23,133 - Agent - INFO - [37mVal Epoch 54 step 54 with [31mce_loss_combined : 1.404579 [31mce_loss_c : 1.628497 [31mce_loss_g : 1.459032 [31mkl_synergy_rand_1 : 0.075400 [31mkl_synergy_rand_2 : 0.072298 [31mkl_synergy_1 : 0.070038 [31mkl_synergy_2 : 0.069635 [31mtotal : 1.691950 [31mdiag_kl_1 : 0.770102 [31mdiag_kl_2 : 0.748758 [94mAcc_combined: 69.93 [94mAcc_c: 37.93 [94mAcc_g: 47.27 [92mF1_combined: 59.28 [92mF1_c: 30.80 [92mF1_g: 38.14 [39m
2026-07-26 03:42:23,155 - Agent - INFO - [37mTest Epoch 54 step 54 with [31mce_loss_combined : 1.487956 [31mce_loss_c : 1.647730 [31mce_loss_g : 1.519059 [31mkl_synergy_rand_1 : 0.068994 [31mkl_synergy_rand_2 : 0.065790 [31mkl_synergy_1 : 0.067055 [31mkl_synergy_2 : 0.064201 [31mtotal : 1.753995 [31mdiag_kl_1 : 0.790435 [31mdiag_kl_2 : 0.891056 [94mAcc_combined: 66.96 [94mAcc_c: 38.26 [94mAcc_g: 44.94 [92mF1_combined: 56.41 [92mF1_c: 31.87 [92mF1_g: 34.66 [39m
2026-07-26 03:43:46,771 - Agent - INFO - [37mVal Epoch 55 step 55 with [31mce_loss_combined : 1.404370 [31mce_loss_c : 1.630033 [31mce_loss_g : 1.453220 [31mkl_synergy_rand_1 : 0.074963 [31mkl_synergy_rand_2 : 0.070809 [31mkl_synergy_1 : 0.069266 [31mkl_synergy_2 : 0.068823 [31mtotal : 1.688231 [31mdiag_kl_1 : 0.767880 [31mdiag_kl_2 : 0.751940 [94mAcc_combined: 70.05 [94mAcc_c: 38.50 [94mAcc_g: 46.70 [92mF1_combined: 59.47 [92mF1_c: 31.26 [92mF1_g: 37.31 [39m
2026-07-26 03:43:46,794 - Agent - INFO - [37mTest Epoch 55 step 55 with [31mce_loss_combined : 1.489228 [31mce_loss_c : 1.648782 [31mce_loss_g : 1.521158 [31mkl_synergy_rand_1 : 0.067311 [31mkl_synergy_rand_2 : 0.064970 [31mkl_synergy_1 : 0.063883 [31mkl_synergy_2 : 0.062362 [31mtotal : 1.747754 [31mdiag_kl_1 : 0.793689 [31mdiag_kl_2 : 0.898422 [94mAcc_combined: 67.52 [94mAcc_c: 37.93 [94mAcc_g: 44.49 [92mF1_combined: 57.02 [92mF1_c: 31.55 [92mF1_g: 34.14 [39m
2026-07-26 03:45:16,330 - Agent - INFO - [37mVal Epoch 56 step 56 with [31mce_loss_combined : 1.404037 [31mce_loss_c : 1.632922 [31mce_loss_g : 1.454140 [31mkl_synergy_rand_1 : 0.074964 [31mkl_synergy_rand_2 : 0.071640 [31mkl_synergy_1 : 0.070217 [31mkl_synergy_2 : 0.068815 [31mtotal : 1.689674 [31mdiag_kl_1 : 0.771446 [31mdiag_kl_2 : 0.750386 [94mAcc_combined: 70.16 [94mAcc_c: 38.15 [94mAcc_g: 46.70 [92mF1_combined: 59.60 [92mF1_c: 31.24 [92mF1_g: 37.39 [39m
2026-07-26 03:45:16,350 - Agent - INFO - [37mTest Epoch 56 step 56 with [31mce_loss_combined : 1.487365 [31mce_loss_c : 1.655122 [31mce_loss_g : 1.519922 [31mkl_synergy_rand_1 : 0.067883 [31mkl_synergy_rand_2 : 0.065277 [31mkl_synergy_1 : 0.065453 [31mkl_synergy_2 : 0.064659 [31mtotal : 1.750638 [31mdiag_kl_1 : 0.797343 [31mdiag_kl_2 : 0.897799 [94mAcc_combined: 67.63 [94mAcc_c: 37.93 [94mAcc_g: 45.16 [92mF1_combined: 56.98 [92mF1_c: 31.80 [92mF1_g: 34.87 [39m
2026-07-26 03:46:42,924 - Agent - INFO - [37mVal Epoch 57 step 57 with [31mce_loss_combined : 1.406593 [31mce_loss_c : 1.633826 [31mce_loss_g : 1.454140 [31mkl_synergy_rand_1 : 0.074315 [31mkl_synergy_rand_2 : 0.072382 [31mkl_synergy_1 : 0.068072 [31mkl_synergy_2 : 0.069621 [31mtotal : 1.690982 [31mdiag_kl_1 : 0.770918 [31mdiag_kl_2 : 0.750469 [94mAcc_combined: 69.70 [94mAcc_c: 37.70 [94mAcc_g: 47.15 [92mF1_combined: 59.06 [92mF1_c: 30.53 [92mF1_g: 37.89 [39m
2026-07-26 03:46:42,946 - Agent - INFO - [37mTest Epoch 57 step 57 with [31mce_loss_combined : 1.493788 [31mce_loss_c : 1.651108 [31mce_loss_g : 1.522601 [31mkl_synergy_rand_1 : 0.068752 [31mkl_synergy_rand_2 : 0.065540 [31mkl_synergy_1 : 0.067806 [31mkl_synergy_2 : 0.065679 [31mtotal : 1.761565 [31mdiag_kl_1 : 0.788174 [31mdiag_kl_2 : 0.901592 [94mAcc_combined: 66.74 [94mAcc_c: 37.71 [94mAcc_g: 44.72 [92mF1_combined: 56.20 [92mF1_c: 31.33 [92mF1_g: 34.43 [39m
2026-07-26 03:48:13,839 - Agent - INFO - [37mVal Epoch 58 step 58 with [31mce_loss_combined : 1.404571 [31mce_loss_c : 1.636650 [31mce_loss_g : 1.451833 [31mkl_synergy_rand_1 : 0.074624 [31mkl_synergy_rand_2 : 0.071491 [31mkl_synergy_1 : 0.070196 [31mkl_synergy_2 : 0.068408 [31mtotal : 1.689290 [31mdiag_kl_1 : 0.769036 [31mdiag_kl_2 : 0.751742 [94mAcc_combined: 69.82 [94mAcc_c: 37.24 [94mAcc_g: 46.70 [92mF1_combined: 59.19 [92mF1_c: 30.21 [92mF1_g: 37.34 [39m
2026-07-26 03:48:13,860 - Agent - INFO - [37mTest Epoch 58 step 58 with [31mce_loss_combined : 1.490044 [31mce_loss_c : 1.653577 [31mce_loss_g : 1.523464 [31mkl_synergy_rand_1 : 0.069226 [31mkl_synergy_rand_2 : 0.065266 [31mkl_synergy_1 : 0.067274 [31mkl_synergy_2 : 0.065901 [31mtotal : 1.757712 [31mdiag_kl_1 : 0.793823 [31mdiag_kl_2 : 0.897030 [94mAcc_combined: 67.52 [94mAcc_c: 37.49 [94mAcc_g: 44.27 [92mF1_combined: 56.94 [92mF1_c: 31.23 [92mF1_g: 33.86 [39m
2026-07-26 03:49:39,469 - Agent - INFO - [37mVal Epoch 59 step 59 with [31mce_loss_combined : 1.406075 [31mce_loss_c : 1.637155 [31mce_loss_g : 1.455421 [31mkl_synergy_rand_1 : 0.074397 [31mkl_synergy_rand_2 : 0.071413 [31mkl_synergy_1 : 0.068816 [31mkl_synergy_2 : 0.068903 [31mtotal : 1.689603 [31mdiag_kl_1 : 0.774270 [31mdiag_kl_2 : 0.749400 [94mAcc_combined: 70.16 [94mAcc_c: 38.04 [94mAcc_g: 46.70 [92mF1_combined: 59.61 [92mF1_c: 30.99 [92mF1_g: 37.55 [39m
2026-07-26 03:49:39,494 - Agent - INFO - [37mTest Epoch 59 step 59 with [31mce_loss_combined : 1.489206 [31mce_loss_c : 1.658294 [31mce_loss_g : 1.523236 [31mkl_synergy_rand_1 : 0.068898 [31mkl_synergy_rand_2 : 0.064060 [31mkl_synergy_1 : 0.066053 [31mkl_synergy_2 : 0.065627 [31mtotal : 1.753844 [31mdiag_kl_1 : 0.791623 [31mdiag_kl_2 : 0.898476 [94mAcc_combined: 67.30 [94mAcc_c: 37.71 [94mAcc_g: 44.49 [92mF1_combined: 56.68 [92mF1_c: 31.55 [92mF1_g: 34.26 [39m
2026-07-26 03:51:12,159 - Agent - INFO - [37mVal Epoch 60 step 60 with [31mce_loss_combined : 1.407416 [31mce_loss_c : 1.636266 [31mce_loss_g : 1.456241 [31mkl_synergy_rand_1 : 0.074740 [31mkl_synergy_rand_2 : 0.072096 [31mkl_synergy_1 : 0.070307 [31mkl_synergy_2 : 0.070313 [31mtotal : 1.694872 [31mdiag_kl_1 : 0.770734 [31mdiag_kl_2 : 0.751394 [94mAcc_combined: 69.93 [94mAcc_c: 36.90 [94mAcc_g: 46.92 [92mF1_combined: 59.26 [92mF1_c: 30.03 [92mF1_g: 37.80 [39m
2026-07-26 03:51:12,179 - Agent - INFO - [37mTest Epoch 60 step 60 with [31mce_loss_combined : 1.490974 [31mce_loss_c : 1.653285 [31mce_loss_g : 1.524207 [31mkl_synergy_rand_1 : 0.068664 [31mkl_synergy_rand_2 : 0.065775 [31mkl_synergy_1 : 0.064530 [31mkl_synergy_2 : 0.063968 [31mtotal : 1.753910 [31mdiag_kl_1 : 0.787150 [31mdiag_kl_2 : 0.898632 [94mAcc_combined: 67.07 [94mAcc_c: 37.71 [94mAcc_g: 45.61 [92mF1_combined: 56.54 [92mF1_c: 31.51 [92mF1_g: 35.37 [39m
2026-07-26 03:52:38,822 - Agent - INFO - [37mVal Epoch 61 step 61 with [31mce_loss_combined : 1.409072 [31mce_loss_c : 1.637252 [31mce_loss_g : 1.455473 [31mkl_synergy_rand_1 : 0.074866 [31mkl_synergy_rand_2 : 0.072336 [31mkl_synergy_1 : 0.068711 [31mkl_synergy_2 : 0.069218 [31mtotal : 1.694203 [31mdiag_kl_1 : 0.773016 [31mdiag_kl_2 : 0.750092 [94mAcc_combined: 69.82 [94mAcc_c: 37.47 [94mAcc_g: 47.15 [92mF1_combined: 59.14 [92mF1_c: 30.33 [92mF1_g: 38.12 [39m
2026-07-26 03:52:38,843 - Agent - INFO - [37mTest Epoch 61 step 61 with [31mce_loss_combined : 1.492445 [31mce_loss_c : 1.654604 [31mce_loss_g : 1.522033 [31mkl_synergy_rand_1 : 0.067721 [31mkl_synergy_rand_2 : 0.065417 [31mkl_synergy_1 : 0.067225 [31mkl_synergy_2 : 0.065794 [31mtotal : 1.758602 [31mdiag_kl_1 : 0.793844 [31mdiag_kl_2 : 0.892672 [94mAcc_combined: 66.85 [94mAcc_c: 37.60 [94mAcc_g: 45.16 [92mF1_combined: 56.33 [92mF1_c: 31.34 [92mF1_g: 34.76 [39m
2026-07-26 03:54:07,224 - Agent - INFO - [37mVal Epoch 62 step 62 with [31mce_loss_combined : 1.407879 [31mce_loss_c : 1.637953 [31mce_loss_g : 1.455494 [31mkl_synergy_rand_1 : 0.074779 [31mkl_synergy_rand_2 : 0.071463 [31mkl_synergy_1 : 0.069915 [31mkl_synergy_2 : 0.070433 [31mtotal : 1.694469 [31mdiag_kl_1 : 0.770341 [31mdiag_kl_2 : 0.750347 [94mAcc_combined: 69.93 [94mAcc_c: 37.47 [94mAcc_g: 46.58 [92mF1_combined: 59.39 [92mF1_c: 30.26 [92mF1_g: 37.43 [39m
2026-07-26 03:54:07,247 - Agent - INFO - [37mTest Epoch 62 step 62 with [31mce_loss_combined : 1.492141 [31mce_loss_c : 1.656992 [31mce_loss_g : 1.521420 [31mkl_synergy_rand_1 : 0.068782 [31mkl_synergy_rand_2 : 0.065827 [31mkl_synergy_1 : 0.064818 [31mkl_synergy_2 : 0.063811 [31mtotal : 1.755380 [31mdiag_kl_1 : 0.794459 [31mdiag_kl_2 : 0.903758 [94mAcc_combined: 66.85 [94mAcc_c: 37.71 [94mAcc_g: 45.27 [92mF1_combined: 56.37 [92mF1_c: 31.38 [92mF1_g: 34.97 [39m
2026-07-26 03:55:28,681 - Agent - INFO - [37mVal Epoch 63 step 63 with [31mce_loss_combined : 1.408612 [31mce_loss_c : 1.637557 [31mce_loss_g : 1.452040 [31mkl_synergy_rand_1 : 0.073931 [31mkl_synergy_rand_2 : 0.070167 [31mkl_synergy_1 : 0.067762 [31mkl_synergy_2 : 0.070282 [31mtotal : 1.690754 [31mdiag_kl_1 : 0.774044 [31mdiag_kl_2 : 0.750656 [94mAcc_combined: 69.48 [94mAcc_c: 37.13 [94mAcc_g: 46.81 [92mF1_combined: 58.83 [92mF1_c: 30.03 [92mF1_g: 37.68 [39m
2026-07-26 03:55:28,705 - Agent - INFO - [37mTest Epoch 63 step 63 with [31mce_loss_combined : 1.493878 [31mce_loss_c : 1.652761 [31mce_loss_g : 1.522692 [31mkl_synergy_rand_1 : 0.068171 [31mkl_synergy_rand_2 : 0.066163 [31mkl_synergy_1 : 0.067747 [31mkl_synergy_2 : 0.065507 [31mtotal : 1.761465 [31mdiag_kl_1 : 0.798540 [31mdiag_kl_2 : 0.894970 [94mAcc_combined: 66.63 [94mAcc_c: 37.71 [94mAcc_g: 44.83 [92mF1_combined: 56.08 [92mF1_c: 31.35 [92mF1_g: 34.44 [39m
2026-07-26 03:57:00,900 - Agent - INFO - [37mVal Epoch 64 step 64 with [31mce_loss_combined : 1.401441 [31mce_loss_c : 1.635681 [31mce_loss_g : 1.457709 [31mkl_synergy_rand_1 : 0.075554 [31mkl_synergy_rand_2 : 0.071816 [31mkl_synergy_1 : 0.070198 [31mkl_synergy_2 : 0.069016 [31mtotal : 1.688026 [31mdiag_kl_1 : 0.766388 [31mdiag_kl_2 : 0.750888 [94mAcc_combined: 69.93 [94mAcc_c: 37.13 [94mAcc_g: 46.36 [92mF1_combined: 59.41 [92mF1_c: 30.01 [92mF1_g: 37.16 [39m
2026-07-26 03:57:00,921 - Agent - INFO - [37mTest Epoch 64 step 64 with [31mce_loss_combined : 1.487646 [31mce_loss_c : 1.649453 [31mce_loss_g : 1.527230 [31mkl_synergy_rand_1 : 0.068970 [31mkl_synergy_rand_2 : 0.066089 [31mkl_synergy_1 : 0.066321 [31mkl_synergy_2 : 0.064870 [31mtotal : 1.753895 [31mdiag_kl_1 : 0.790537 [31mdiag_kl_2 : 0.896472 [94mAcc_combined: 67.74 [94mAcc_c: 37.71 [94mAcc_g: 43.94 [92mF1_combined: 57.17 [92mF1_c: 31.26 [92mF1_g: 33.62 [39m
2026-07-26 03:58:28,567 - Agent - INFO - [37mVal Epoch 65 step 65 with [31mce_loss_combined : 1.414522 [31mce_loss_c : 1.651543 [31mce_loss_g : 1.456940 [31mkl_synergy_rand_1 : 0.074802 [31mkl_synergy_rand_2 : 0.069885 [31mkl_synergy_1 : 0.068814 [31mkl_synergy_2 : 0.068900 [31mtotal : 1.696922 [31mdiag_kl_1 : 0.772725 [31mdiag_kl_2 : 0.758736 [94mAcc_combined: 69.02 [94mAcc_c: 36.67 [94mAcc_g: 47.84 [92mF1_combined: 58.56 [92mF1_c: 30.04 [92mF1_g: 39.00 [39m
2026-07-26 03:58:28,589 - Agent - INFO - [37mTest Epoch 65 step 65 with [31mce_loss_combined : 1.493788 [31mce_loss_c : 1.662899 [31mce_loss_g : 1.511155 [31mkl_synergy_rand_1 : 0.068239 [31mkl_synergy_rand_2 : 0.066450 [31mkl_synergy_1 : 0.062968 [31mkl_synergy_2 : 0.063350 [31mtotal : 1.754795 [31mdiag_kl_1 : 0.790585 [31mdiag_kl_2 : 0.914711 [94mAcc_combined: 67.07 [94mAcc_c: 37.82 [94mAcc_g: 46.05 [92mF1_combined: 56.74 [92mF1_c: 31.57 [92mF1_g: 35.96 [39m
2026-07-26 04:00:01,232 - Agent - INFO - [37mVal Epoch 66 step 66 with [31mce_loss_combined : 1.395076 [31mce_loss_c : 1.661934 [31mce_loss_g : 1.454692 [31mkl_synergy_rand_1 : 0.075679 [31mkl_synergy_rand_2 : 0.073309 [31mkl_synergy_1 : 0.070063 [31mkl_synergy_2 : 0.071660 [31mtotal : 1.685788 [31mdiag_kl_1 : 0.769482 [31mdiag_kl_2 : 0.747844 [94mAcc_combined: 70.39 [94mAcc_c: 36.10 [94mAcc_g: 48.06 [92mF1_combined: 59.96 [92mF1_c: 29.76 [92mF1_g: 39.48 [39m
2026-07-26 04:00:01,254 - Agent - INFO - [37mTest Epoch 66 step 66 with [31mce_loss_combined : 1.479297 [31mce_loss_c : 1.669892 [31mce_loss_g : 1.510787 [31mkl_synergy_rand_1 : 0.069343 [31mkl_synergy_rand_2 : 0.066162 [31mkl_synergy_1 : 0.064353 [31mkl_synergy_2 : 0.064738 [31mtotal : 1.743893 [31mdiag_kl_1 : 0.796994 [31mdiag_kl_2 : 0.890212 [94mAcc_combined: 68.52 [94mAcc_c: 36.26 [94mAcc_g: 45.16 [92mF1_combined: 57.85 [92mF1_c: 30.34 [92mF1_g: 35.03 [39m
2026-07-26 04:01:37,961 - Agent - INFO - [37mVal Epoch 67 step 67 with [31mce_loss_combined : 1.390277 [31mce_loss_c : 1.681238 [31mce_loss_g : 1.477756 [31mkl_synergy_rand_1 : 0.079041 [31mkl_synergy_rand_2 : 0.076081 [31mkl_synergy_1 : 0.071334 [31mkl_synergy_2 : 0.075644 [31mtotal : 1.692376 [31mdiag_kl_1 : 0.767188 [31mdiag_kl_2 : 0.741264 [94mAcc_combined: 70.05 [94mAcc_c: 34.28 [94mAcc_g: 47.61 [92mF1_combined: 59.14 [92mF1_c: 27.87 [92mF1_g: 38.37 [39m
2026-07-26 04:01:37,986 - Agent - INFO - [37mTest Epoch 67 step 67 with [31mce_loss_combined : 1.473592 [31mce_loss_c : 1.687919 [31mce_loss_g : 1.520152 [31mkl_synergy_rand_1 : 0.072092 [31mkl_synergy_rand_2 : 0.070330 [31mkl_synergy_1 : 0.065752 [31mkl_synergy_2 : 0.070938 [31mtotal : 1.752705 [31mdiag_kl_1 : 0.785549 [31mdiag_kl_2 : 0.874593 [94mAcc_combined: 67.19 [94mAcc_c: 35.48 [94mAcc_g: 44.94 [92mF1_combined: 56.42 [92mF1_c: 29.34 [92mF1_g: 34.26 [39m
2026-07-26 04:03:04,016 - Agent - INFO - [37mVal Epoch 68 step 68 with [31mce_loss_combined : 1.393375 [31mce_loss_c : 1.683956 [31mce_loss_g : 1.468807 [31mkl_synergy_rand_1 : 0.076875 [31mkl_synergy_rand_2 : 0.073878 [31mkl_synergy_1 : 0.068704 [31mkl_synergy_2 : 0.071801 [31mtotal : 1.684632 [31mdiag_kl_1 : 0.765898 [31mdiag_kl_2 : 0.742900 [94mAcc_combined: 69.82 [94mAcc_c: 34.62 [94mAcc_g: 47.95 [92mF1_combined: 59.23 [92mF1_c: 28.45 [92mF1_g: 40.15 [39m
2026-07-26 04:03:04,037 - Agent - INFO - [37mTest Epoch 68 step 68 with [31mce_loss_combined : 1.477313 [31mce_loss_c : 1.687249 [31mce_loss_g : 1.494072 [31mkl_synergy_rand_1 : 0.067667 [31mkl_synergy_rand_2 : 0.066877 [31mkl_synergy_1 : 0.063802 [31mkl_synergy_2 : 0.066549 [31mtotal : 1.742207 [31mdiag_kl_1 : 0.787572 [31mdiag_kl_2 : 0.879618 [94mAcc_combined: 67.96 [94mAcc_c: 35.82 [94mAcc_g: 46.16 [92mF1_combined: 57.33 [92mF1_c: 29.66 [92mF1_g: 36.42 [39m
2026-07-26 04:04:30,268 - Agent - INFO - [37mVal Epoch 69 step 69 with [31mce_loss_combined : 1.412332 [31mce_loss_c : 1.691103 [31mce_loss_g : 1.479090 [31mkl_synergy_rand_1 : 0.076439 [31mkl_synergy_rand_2 : 0.073869 [31mkl_synergy_1 : 0.068793 [31mkl_synergy_2 : 0.072529 [31mtotal : 1.703963 [31mdiag_kl_1 : 0.778421 [31mdiag_kl_2 : 0.750258 [94mAcc_combined: 69.13 [94mAcc_c: 34.40 [94mAcc_g: 48.41 [92mF1_combined: 58.31 [92mF1_c: 28.08 [92mF1_g: 39.99 [39m
2026-07-26 04:04:30,288 - Agent - INFO - [37mTest Epoch 69 step 69 with [31mce_loss_combined : 1.481481 [31mce_loss_c : 1.694995 [31mce_loss_g : 1.504846 [31mkl_synergy_rand_1 : 0.069169 [31mkl_synergy_rand_2 : 0.067900 [31mkl_synergy_1 : 0.064236 [31mkl_synergy_2 : 0.066331 [31mtotal : 1.749115 [31mdiag_kl_1 : 0.786870 [31mdiag_kl_2 : 0.894667 [94mAcc_combined: 67.41 [94mAcc_c: 35.37 [94mAcc_g: 47.27 [92mF1_combined: 56.58 [92mF1_c: 29.27 [92mF1_g: 36.90 [39m
2026-07-26 04:04:46,065 - Agent - INFO - We are in the final state.
2026-07-26 04:04:46,617 - root - INFO - Loaded best model from best_model_accuracy_state_dict
2026-07-26 04:05:04,665 - Agent - INFO - [37mVal Epoch 69 step 0 with [31mce_loss_combined : 1.376341 [31mce_loss_c : 1.513432 [31mce_loss_g : 1.535139 [31mkl_synergy_rand_1 : 0.078542 [31mkl_synergy_rand_2 : 0.079663 [31mkl_synergy_1 : 0.072400 [31mkl_synergy_2 : 0.077097 [31mtotal : 1.684044 [31mdiag_kl_1 : 0.776133 [31mdiag_kl_2 : 0.721189 [94mAcc_combined: 71.18 [94mAcc_c: 44.53 [94mAcc_g: 39.52 [92mF1_combined: 60.47 [92mF1_c: 37.02 [92mF1_g: 29.51 [39m
2026-07-26 04:05:18,814 - Agent - INFO - [37mTest Epoch 69 step 0 with [31mce_loss_combined : 1.484814 [31mce_loss_c : 1.581915 [31mce_loss_g : 1.556654 [31mkl_synergy_rand_1 : 0.071939 [31mkl_synergy_rand_2 : 0.073060 [31mkl_synergy_1 : 0.064389 [31mkl_synergy_2 : 0.073507 [31mtotal : 1.767708 [31mdiag_kl_1 : 0.811995 [31mdiag_kl_2 : 0.849423 [94mAcc_combined: 66.07 [94mAcc_c: 42.71 [94mAcc_g: 41.71 [92mF1_combined: 55.35 [92mF1_c: 35.89 [92mF1_g: 31.51 [39m
2026-07-26 04:05:20,864 - Agent - INFO - [37mModel saved successfully at: ./data/data/2025_data/synergy/CremadPlus/v2/SynIB_RMask_U_REFABL_cremad_a01_fold0_l1.0_ir0.1_perturbrandom_fillema_pmin0.20_refuniform.pth.tar[39m
Job finished
