Starting SynIB reference-ablation job
Python 3.12.12
/esat/smcdata/users/kkontras/Image_Dataset/no_backup/git/SynIB  (git a0225b1)
GPU 0: NVIDIA TITAN RTX (UUID: GPU-787d0d0e-3d6d-1bda-8204-741fb672d243)
Executing: PYTHONPATH=src /esat/smcdata/users/kkontras/Image_Dataset/no_backup/envs/synergy/bin/python -m synib.entrypoints.train --config run/configs/rebuttal_ref_ablation/cremad_synib_u.json --default_config run/configs/rebuttal_ref_ablation/cremad_default.json --fold 2 --ironic_rate 0.5 --rmask random --l 1.0 --perturb_pmin 0.20 --perturb_fill ema --reference_type class_prior --ref_diag --start_over --tag REFABL_cremad
Namespace(config='run/configs/rebuttal_ref_ablation/cremad_synib_u.json', default_config='run/configs/rebuttal_ref_ablation/cremad_default.json', fold='2', alpha=None, tanh_mode_beta=None, regby=None, batch_size=None, l='1.0', multil=None, lib=None, kmepoch=None, num_samples=None, contrcoeff=None, contr_type=None, shuffle_type=None, validate_with=None, num_classes=None, optim_method=None, ending_epoch=None, load_ongoing=None, recon_weight1=None, recon_weight2=None, recon_epochstages=None, recon_ensemblestages=None, lr=None, wd=None, cls=None, ironic_rate='0.5', perturb='random', perturb_fill='ema', perturb_pmax=None, perturb_pmin='0.20', perturb_lsparse=None, rmask='random', pmin=None, pmax=None, lsparse=None, debug_mask_stats=False, pre=False, frozen=False, tdqm_disable=False, start_over=True, no_model_save=False, num_layers=None, grad_accum=None, init_from=None, init_strict=False, perturb_lsparse_sign=None, l_anneal_epochs=None, perturb_steps=None, perturb_lsparse_warmup=None, perturb_lsparse_schedule=None, persist_ell=False, save_masks=False, penalty_swap=False, disable_ce_random=False, disable_kl_learned=False, masking_only=False, modality_dropout=None, modality_dropout_target=None, l_z1_masked=None, l_z2_masked=None, l_pareto=None, reference_type='class_prior', ref_diag=True, ref_ema_decay=None, tag='REFABL_cremad')
2026-07-26 02:00:53,015 - Config - INFO - run/configs/rebuttal_ref_ablation/cremad_synib_u.json
2026-07-26 02:00:53,018 - Config - INFO -  THE Configuration of your experiment ..
{'agent': 'Agent',
 'dataset': {'data_roots': './data/CremaD/CREMA-D',
             'data_split': {'fold': 0, 'method': 'non_inclusive'},
             'dataloader_class': 'IronyCremadDataloader',
             'fps': 1,
             'ironic_label_name': 'SARCASM',
             'ironic_modes': ['train', 'val', 'test'],
             'ironic_rate': 1.0,
             'norm': False,
             'norm_face_path': './src/synib/mydatasets/Irony_Cremad/assets/norms/norm_face_path_fold{}.pkl',
             'norm_wav_path': './src/synib/mydatasets/Irony_Cremad/assets/norms/wav_norm_22050_fold{}.pkl',
             'num_frame': 3,
             'return_data': {'audio': False,
                             'face': False,
                             'spectrogram': True,
                             'video': True},
             'sampling_rate': 22050},
 'early_stopping': {'end_of_epoch_check': True,
                    'log_interval': 10,
                    'max_epoch': 1500,
                    'n_steps_stop': 30,
                    'n_steps_stop_after': 0,
                    'save_every_step': 3000,
                    'save_every_valstep': 10,
                    'validate_after': 0,
                    'validate_every': 25,
                    'validate_with': 'accuracy'},
 'exp_name': 'CREMAD Experiment',
 'model': {'args': {'bias_infusion': {'contrcoeff': 0.0, 'l': 1.0},
                    'cls_type': 'mlp',
                    'd_model': 512,
                    'dropout': 0.1,
                    'fc_inner': 64,
                    'in_dim': 64,
                    'multi_loss': {'multi_supervised_w': {'c': 1,
                                                          'combined': 1,
                                                          'g': 1}},
                    'norm_decision': False,
                    'num_classes': 7,
                    'synergy_type': 'unimodal_anchor'},
           'ceu': {'test': './artifacts/ceus/cremad/cremadplus_ceu_test_res_{}.pkl',
                   'val': './artifacts/ceus/cremad/cremadplus_ceu_val_res_{}.pkl'},
           'encoders': [{'args': {'d_model': 512,
                                  'dropout': 0.1,
                                  'fc_inner': 64,
                                  'freeze_encoder': False,
                                  'num_classes': 7},
                         'model': 'Audio_ResNet',
                         'name': 'enc_0_modality1_encoder',
                         'pretrainedEncoder': {'dir': 'unimodal_audio_fold{}_ir1.0_lr0.001_wd0.0001_clsmlp_bs64.pth.tar',
                                               'use': True},
                         'save_encoder': False},
                        {'args': {'d_model': 512,
                                  'dropout': 0.1,
                                  'fc_inner': 64,
                                  'freeze_encoder': False,
                                  'num_classes': 7},
                         'model': 'Video_ResNet',
                         'name': 'enc_1_modality2_encoder',
                         'pretrainedEncoder': {'dir': 'unimodal_video_fold{}_ir1.0_lr0.0001_wd0.0001_clsmlp_bs64.pth.tar',
                                               'use': True},
                         'save_encoder': False},
                        {'args': {'d_model': 512,
                                  'dropout': 0.1,
                                  'fc_inner': 64,
                                  'freeze_encoder': False},
                         'model': 'FusionTrunkLinear',
                         'name': 'enc_2_fusion_trunk',
                         'pretrainedEncoder': {'dir': 'enc_2_fusion_trunk_fold{}.pth.tar',
                                               'use': False},
                         'save_encoder': False},
                        {'args': {'freeze_encoder': False,
                                  'in_dim': 64,
                                  'num_classes': 7},
                         'model': 'LinearHead',
                         'name': 'enc_3_fusion_head',
                         'pretrainedEncoder': {'dir': 'enc_3_fusion_head_fold{}.pth.tar',
                                               'use': False},
                         'save_encoder': False},
                        {'args': {'dropout': 0.1,
                                  'freeze_encoder': False,
                                  'hidden_dim': 64,
                                  'in_dim': 512,
                                  'num_classes': 7},
                         'model': 'MLPHead',
                         'name': 'enc_4_unimodal_head_1',
                         'pretrainedEncoder': {'dir': 'enc_4_unimodal1_fold{}.pth.tar',
                                               'use': False},
                         'save_encoder': False},
                        {'args': {'dropout': 0.1,
                                  'freeze_encoder': False,
                                  'hidden_dim': 64,
                                  'in_dim': 512,
                                  'num_classes': 7},
                         'model': 'MLPHead',
                         'name': 'enc_5_unimodal_head_2',
                         'pretrainedEncoder': {'dir': 'enc_5_unimodal2_fold{}.pth.tar',
                                               'use': False},
                         'save_encoder': False}],
           'load_ongoing': False,
           'model_class': 'FusionIBModel_Mask_U',
           'save_base_dir': './data/data/2025_data/synergy/CremadPlus/v2',
           'save_dir': 'SynIB_RMask_U_{}.pth.tar'},
 'optimizer': {'beta1': 0.9,
               'beta2': 0.999,
               'learning_rate': 1e-05,
               'momentum': 0.9,
               'type': 'Adam',
               'weight_decay': 1e-05},
 'scheduler': {'max_lr': 0.03, 'type': 'cosanneal', 'warm_up_steps': 780},
 'training_params': {'async_loading': True,
                     'batch_size': 128,
                     'cuda': True,
                     'data_loader_workers': 8,
                     'gpu_device': [0],
                     'pin_memory': False,
                     'rec_test': True,
                     'res': True,
                     'seed': 109,
                     'tdqm_disable': False,
                     'test_batch_size': 128,
                     'test_on_bottoms': True,
                     'use_test_set': True,
                     'validation': True,
                     'verbose': True,
                     'wandb_disable': False}}
2026-07-26 02:00:53,021 - Config - INFO -  *************************************** 
2026-07-26 02:00:53,021 - Config - INFO - The experiment name is CREMAD Experiment
2026-07-26 02:00:53,021 - Config - INFO -  *************************************** 
2026-07-26 02:00:53,021 - root - INFO - save_dir: SynIB_RMask_U_REFABL_cremad_fold2_l1.0_ir0.5_perturbrandom_fillema_pmin0.20_refclass_prior.pth.tar
2026-07-26 02:00:53,120 - Cuda Statistics - INFO - __Python VERSION:  3.12.12 | packaged by Anaconda, Inc. | (main, Oct 21 2025, 20:16:04) [GCC 11.2.0]
2026-07-26 02:00:53,120 - Cuda Statistics - INFO - __pyTorch VERSION:  2.7.1+cu118
2026-07-26 02:00:53,120 - Cuda Statistics - INFO - __CUDA VERSION
2026-07-26 02:00:53,128 - Cuda Statistics - INFO - __CUDNN VERSION:  90100
2026-07-26 02:00:53,147 - Cuda Statistics - INFO - __Number CUDA Devices:  1
2026-07-26 02:00:53,147 - Cuda Statistics - INFO - __Devices
2026-07-26 02:00:53,147 - Cuda Statistics - INFO - index, name, driver_version, memory.total [MiB], memory.used [MiB], memory.free [MiB]
2026-07-26 02:00:53,148 - Cuda Statistics - INFO - 0, NVIDIA TITAN RTX, 610.43.03, 24576 MiB, 14 MiB, 24018 MiB
2026-07-26 02:00:53,151 - Cuda Statistics - INFO - Active CUDA Device: GPU 0
2026-07-26 02:00:53,151 - Cuda Statistics - INFO - Available devices  1
2026-07-26 02:00:53,151 - Cuda Statistics - INFO - Current cuda device  0
2026-07-26 02:00:57,776 - IronyCremadDataset - INFO - Loaded wav norm from ./src/synib/mydatasets/Irony_Cremad/assets/norms/wav_norm_22050_fold2.pkl
2026-07-26 02:00:58,461 - IronyCremadDataset - INFO - Loaded wav norm from ./src/synib/mydatasets/Irony_Cremad/assets/norms/wav_norm_22050_fold2.pkl
2026-07-26 02:00:59,595 - IronyCremadDataset - INFO - Loaded wav norm from ./src/synib/mydatasets/Irony_Cremad/assets/norms/wav_norm_22050_fold2.pkl
2026-07-26 02:00:59,620 - Agent - INFO - Device: cuda:0
2026-07-26 02:00:59,620 - Agent - INFO - Total training batches: 32, validate every 25 batches, steps per epoch: 2
2026-07-26 02:00:59,769 - Agent - INFO - class_prior counts=[629, 770, 514, 585, 569, 615, 335] prior=[0.1566, 0.1917, 0.128, 0.1456, 0.1416, 0.1531, 0.0834]
2026-07-26 02:00:59,769 - Agent - INFO - Loss Weights are {'total': 1, 'combined': 1, 'c': 1, 'g': 1}
2026-07-26 02:00:59,769 - root - INFO - There is no CEU for train
2026-07-26 02:00:59,771 - root - INFO - There is no CEU for val
2026-07-26 02:00:59,771 - root - INFO - There is no CEU for test
{'d_model': 512, 'num_classes': 7, 'fc_inner': 64, 'dropout': 0.1, 'freeze_encoder': False}
2026-07-26 02:01:01,884 - root - INFO - Loading enc best model state dict from ./data/data/2025_data/synergy/CremadPlus/v2/unimodal_audio_fold2_ir0.5_lr0.001_wd0.0001_clsmlp_bs64.pth.tar
2026-07-26 02:01:04,435 - root - INFO - Loading enc best model state dict from ./data/data/2025_data/synergy/CremadPlus/v2/unimodal_video_fold2_ir0.5_lr0.0001_wd0.0001_clsmlp_bs64.pth.tar
2026-07-26 02:01:04,709 - Agent - INFO - Total number of trainable parameters are: 44840497
2026-07-26 02:01:04,715 - Agent - INFO - Total number of trainable parameters are: 22486563
2026-07-26 02:02:45,261 - Evaluator - INFO - New best with loss-accuracy-
2026-07-26 02:02:45,261 - Agent - INFO - [37mVal Epoch 1 step 1 with [31mce_loss_combined : 1.726854 [31mce_loss_c : 1.497635 [31mce_loss_g : 2.121720 [31mkl_synergy_rand_1 : 0.032950 [31mkl_synergy_rand_2 : 0.036533 [31mkl_synergy_1 : 0.034963 [31mkl_synergy_2 : 0.037663 [31mtotal : 1.868962 [31mdiag_kl_1 : 0.993114 [31mdiag_kl_2 : 1.156047 [94mAcc_combined: 49.71 [94mAcc_c: 52.70 [94mAcc_g: 47.76 [92mF1_combined: 41.70 [92mF1_c: 47.58 [92mF1_g: 42.18 [39m
2026-07-26 02:02:45,277 - Agent - INFO - [37mTest Epoch 1 step 1 with [31mce_loss_combined : 1.747281 [31mce_loss_c : 1.394810 [31mce_loss_g : 2.096243 [31mkl_synergy_rand_1 : 0.034201 [31mkl_synergy_rand_2 : 0.038019 [31mkl_synergy_1 : 0.034663 [31mkl_synergy_2 : 0.037867 [31mtotal : 1.892031 [31mdiag_kl_1 : 0.978343 [31mdiag_kl_2 : 1.097550 [94mAcc_combined: 48.72 [94mAcc_c: 55.03 [94mAcc_g: 42.72 [92mF1_combined: 40.81 [92mF1_c: 49.36 [92mF1_g: 39.88 [39m
2026-07-26 02:02:48,692 - Agent - INFO - [37mModel saved successfully at: ./data/data/2025_data/synergy/CremadPlus/v2/SynIB_RMask_U_REFABL_cremad_fold2_l1.0_ir0.5_perturbrandom_fillema_pmin0.20_refclass_prior.pth.tar[39m
2026-07-26 02:04:25,836 - Evaluator - INFO - New best with loss-accuracy-
2026-07-26 02:04:25,837 - Agent - INFO - [37mVal Epoch 2 step 2 with [31mce_loss_combined : 1.600788 [31mce_loss_c : 1.520851 [31mce_loss_g : 2.155139 [31mkl_synergy_rand_1 : 0.041804 [31mkl_synergy_rand_2 : 0.050249 [31mkl_synergy_1 : 0.044611 [31mkl_synergy_2 : 0.050673 [31mtotal : 1.788124 [31mdiag_kl_1 : 0.915191 [31mdiag_kl_2 : 1.031921 [94mAcc_combined: 58.57 [94mAcc_c: 51.67 [94mAcc_g: 44.88 [92mF1_combined: 50.68 [92mF1_c: 46.54 [92mF1_g: 40.04 [39m
2026-07-26 02:04:25,852 - Agent - INFO - [37mTest Epoch 2 step 2 with [31mce_loss_combined : 1.624337 [31mce_loss_c : 1.407335 [31mce_loss_g : 2.217064 [31mkl_synergy_rand_1 : 0.041941 [31mkl_synergy_rand_2 : 0.047833 [31mkl_synergy_1 : 0.041898 [31mkl_synergy_2 : 0.049049 [31mtotal : 1.805058 [31mdiag_kl_1 : 0.913653 [31mdiag_kl_2 : 0.984560 [94mAcc_combined: 59.74 [94mAcc_c: 53.53 [94mAcc_g: 40.79 [92mF1_combined: 52.01 [92mF1_c: 48.03 [92mF1_g: 38.97 [39m
2026-07-26 02:04:31,141 - Agent - INFO - [37mModel saved successfully at: ./data/data/2025_data/synergy/CremadPlus/v2/SynIB_RMask_U_REFABL_cremad_fold2_l1.0_ir0.5_perturbrandom_fillema_pmin0.20_refclass_prior.pth.tar[39m
2026-07-26 02:06:09,609 - Evaluator - INFO - New best with loss-accuracy-
2026-07-26 02:06:09,610 - Agent - INFO - [37mVal Epoch 3 step 3 with [31mce_loss_combined : 1.521481 [31mce_loss_c : 1.515706 [31mce_loss_g : 2.092737 [31mkl_synergy_rand_1 : 0.053902 [31mkl_synergy_rand_2 : 0.064867 [31mkl_synergy_1 : 0.057031 [31mkl_synergy_2 : 0.065849 [31mtotal : 1.763130 [31mdiag_kl_1 : 0.867796 [31mdiag_kl_2 : 0.965719 [94mAcc_combined: 60.53 [94mAcc_c: 52.24 [94mAcc_g: 46.26 [92mF1_combined: 52.62 [92mF1_c: 46.98 [92mF1_g: 42.56 [39m
2026-07-26 02:06:09,626 - Agent - INFO - [37mTest Epoch 3 step 3 with [31mce_loss_combined : 1.551930 [31mce_loss_c : 1.430245 [31mce_loss_g : 2.094833 [31mkl_synergy_rand_1 : 0.053119 [31mkl_synergy_rand_2 : 0.061525 [31mkl_synergy_1 : 0.053054 [31mkl_synergy_2 : 0.063024 [31mtotal : 1.782652 [31mdiag_kl_1 : 0.870186 [31mdiag_kl_2 : 0.914479 [94mAcc_combined: 61.13 [94mAcc_c: 52.57 [94mAcc_g: 42.18 [92mF1_combined: 53.52 [92mF1_c: 47.28 [92mF1_g: 40.85 [39m
2026-07-26 02:06:15,213 - Agent - INFO - [37mModel saved successfully at: ./data/data/2025_data/synergy/CremadPlus/v2/SynIB_RMask_U_REFABL_cremad_fold2_l1.0_ir0.5_perturbrandom_fillema_pmin0.20_refclass_prior.pth.tar[39m
2026-07-26 02:07:51,328 - Evaluator - INFO - New best with loss-accuracy-
2026-07-26 02:07:51,328 - Agent - INFO - [37mVal Epoch 4 step 4 with [31mce_loss_combined : 1.480164 [31mce_loss_c : 1.518346 [31mce_loss_g : 1.937160 [31mkl_synergy_rand_1 : 0.063536 [31mkl_synergy_rand_2 : 0.073594 [31mkl_synergy_1 : 0.064924 [31mkl_synergy_2 : 0.076261 [31mtotal : 1.758479 [31mdiag_kl_1 : 0.832724 [31mdiag_kl_2 : 0.915723 [94mAcc_combined: 62.49 [94mAcc_c: 52.70 [94mAcc_g: 43.50 [92mF1_combined: 54.84 [92mF1_c: 47.18 [92mF1_g: 40.61 [39m
2026-07-26 02:07:51,344 - Agent - INFO - [37mTest Epoch 4 step 4 with [31mce_loss_combined : 1.502107 [31mce_loss_c : 1.429295 [31mce_loss_g : 2.044165 [31mkl_synergy_rand_1 : 0.061229 [31mkl_synergy_rand_2 : 0.069504 [31mkl_synergy_1 : 0.061082 [31mkl_synergy_2 : 0.070277 [31mtotal : 1.764199 [31mdiag_kl_1 : 0.829042 [31mdiag_kl_2 : 0.880752 [94mAcc_combined: 62.74 [94mAcc_c: 52.57 [94mAcc_g: 42.40 [92mF1_combined: 55.25 [92mF1_c: 47.31 [92mF1_g: 41.21 [39m
2026-07-26 02:07:56,694 - Agent - INFO - [37mModel saved successfully at: ./data/data/2025_data/synergy/CremadPlus/v2/SynIB_RMask_U_REFABL_cremad_fold2_l1.0_ir0.5_perturbrandom_fillema_pmin0.20_refclass_prior.pth.tar[39m
2026-07-26 02:09:38,856 - Evaluator - INFO - New best with loss-
2026-07-26 02:09:38,856 - Agent - INFO - [37mVal Epoch 5 step 5 with [31mce_loss_combined : 1.460151 [31mce_loss_c : 1.495990 [31mce_loss_g : 1.890826 [31mkl_synergy_rand_1 : 0.066911 [31mkl_synergy_rand_2 : 0.077790 [31mkl_synergy_1 : 0.070225 [31mkl_synergy_2 : 0.081537 [31mtotal : 1.756614 [31mdiag_kl_1 : 0.818612 [31mdiag_kl_2 : 0.904398 [94mAcc_combined: 62.03 [94mAcc_c: 52.24 [94mAcc_g: 43.50 [92mF1_combined: 54.32 [92mF1_c: 46.90 [92mF1_g: 41.10 [39m
2026-07-26 02:09:38,873 - Agent - INFO - [37mTest Epoch 5 step 5 with [31mce_loss_combined : 1.489084 [31mce_loss_c : 1.419313 [31mce_loss_g : 1.933477 [31mkl_synergy_rand_1 : 0.062006 [31mkl_synergy_rand_2 : 0.071890 [31mkl_synergy_1 : 0.063015 [31mkl_synergy_2 : 0.073981 [31mtotal : 1.759976 [31mdiag_kl_1 : 0.828678 [31mdiag_kl_2 : 0.866360 [94mAcc_combined: 61.88 [94mAcc_c: 52.57 [94mAcc_g: 43.15 [92mF1_combined: 54.45 [92mF1_c: 47.91 [92mF1_g: 42.00 [39m
2026-07-26 02:09:45,852 - Agent - INFO - [37mModel saved successfully at: ./data/data/2025_data/synergy/CremadPlus/v2/SynIB_RMask_U_REFABL_cremad_fold2_l1.0_ir0.5_perturbrandom_fillema_pmin0.20_refclass_prior.pth.tar[39m
2026-07-26 02:11:23,369 - Evaluator - INFO - New best with loss-
2026-07-26 02:11:23,370 - Agent - INFO - [37mVal Epoch 6 step 6 with [31mce_loss_combined : 1.456104 [31mce_loss_c : 1.496501 [31mce_loss_g : 1.834815 [31mkl_synergy_rand_1 : 0.069878 [31mkl_synergy_rand_2 : 0.080879 [31mkl_synergy_1 : 0.073136 [31mkl_synergy_2 : 0.085128 [31mtotal : 1.765126 [31mdiag_kl_1 : 0.823644 [31mdiag_kl_2 : 0.915067 [94mAcc_combined: 62.49 [94mAcc_c: 51.67 [94mAcc_g: 45.68 [92mF1_combined: 54.66 [92mF1_c: 46.44 [92mF1_g: 42.07 [39m
2026-07-26 02:11:23,387 - Agent - INFO - [37mTest Epoch 6 step 6 with [31mce_loss_combined : 1.496493 [31mce_loss_c : 1.415073 [31mce_loss_g : 1.909028 [31mkl_synergy_rand_1 : 0.063545 [31mkl_synergy_rand_2 : 0.074770 [31mkl_synergy_1 : 0.063987 [31mkl_synergy_2 : 0.077949 [31mtotal : 1.776743 [31mdiag_kl_1 : 0.845700 [31mdiag_kl_2 : 0.870385 [94mAcc_combined: 60.92 [94mAcc_c: 52.36 [94mAcc_g: 43.25 [92mF1_combined: 53.93 [92mF1_c: 47.82 [92mF1_g: 40.76 [39m
2026-07-26 02:11:30,497 - Agent - INFO - [37mModel saved successfully at: ./data/data/2025_data/synergy/CremadPlus/v2/SynIB_RMask_U_REFABL_cremad_fold2_l1.0_ir0.5_perturbrandom_fillema_pmin0.20_refclass_prior.pth.tar[39m
2026-07-26 02:13:10,440 - Evaluator - INFO - New best with loss-
2026-07-26 02:13:10,440 - Agent - INFO - [37mVal Epoch 7 step 7 with [31mce_loss_combined : 1.437511 [31mce_loss_c : 1.495663 [31mce_loss_g : 1.813068 [31mkl_synergy_rand_1 : 0.070820 [31mkl_synergy_rand_2 : 0.084568 [31mkl_synergy_1 : 0.073552 [31mkl_synergy_2 : 0.087138 [31mtotal : 1.753588 [31mdiag_kl_1 : 0.810534 [31mdiag_kl_2 : 0.871986 [94mAcc_combined: 62.49 [94mAcc_c: 51.44 [94mAcc_g: 41.89 [92mF1_combined: 54.96 [92mF1_c: 46.22 [92mF1_g: 40.19 [39m
2026-07-26 02:13:10,457 - Agent - INFO - [37mTest Epoch 7 step 7 with [31mce_loss_combined : 1.464046 [31mce_loss_c : 1.422000 [31mce_loss_g : 1.875829 [31mkl_synergy_rand_1 : 0.066249 [31mkl_synergy_rand_2 : 0.077211 [31mkl_synergy_1 : 0.066681 [31mkl_synergy_2 : 0.081375 [31mtotal : 1.755563 [31mdiag_kl_1 : 0.815293 [31mdiag_kl_2 : 0.841565 [94mAcc_combined: 63.06 [94mAcc_c: 52.03 [94mAcc_g: 42.40 [92mF1_combined: 55.95 [92mF1_c: 47.50 [92mF1_g: 41.67 [39m
2026-07-26 02:13:17,550 - Agent - INFO - [37mModel saved successfully at: ./data/data/2025_data/synergy/CremadPlus/v2/SynIB_RMask_U_REFABL_cremad_fold2_l1.0_ir0.5_perturbrandom_fillema_pmin0.20_refclass_prior.pth.tar[39m
2026-07-26 02:14:58,582 - Evaluator - INFO - New best with loss-accuracy-
2026-07-26 02:14:58,582 - Agent - INFO - [37mVal Epoch 8 step 8 with [31mce_loss_combined : 1.431464 [31mce_loss_c : 1.507457 [31mce_loss_g : 1.778188 [31mkl_synergy_rand_1 : 0.072679 [31mkl_synergy_rand_2 : 0.086139 [31mkl_synergy_1 : 0.075103 [31mkl_synergy_2 : 0.091769 [31mtotal : 1.757154 [31mdiag_kl_1 : 0.812158 [31mdiag_kl_2 : 0.887231 [94mAcc_combined: 62.72 [94mAcc_c: 50.75 [94mAcc_g: 41.31 [92mF1_combined: 55.27 [92mF1_c: 45.69 [92mF1_g: 40.05 [39m
2026-07-26 02:14:58,599 - Agent - INFO - [37mTest Epoch 8 step 8 with [31mce_loss_combined : 1.462069 [31mce_loss_c : 1.422948 [31mce_loss_g : 1.826091 [31mkl_synergy_rand_1 : 0.068468 [31mkl_synergy_rand_2 : 0.081161 [31mkl_synergy_1 : 0.069229 [31mkl_synergy_2 : 0.083168 [31mtotal : 1.764094 [31mdiag_kl_1 : 0.821128 [31mdiag_kl_2 : 0.848059 [94mAcc_combined: 62.53 [94mAcc_c: 52.25 [94mAcc_g: 41.86 [92mF1_combined: 55.92 [92mF1_c: 47.63 [92mF1_g: 41.18 [39m
2026-07-26 02:15:04,080 - Agent - INFO - [37mModel saved successfully at: ./data/data/2025_data/synergy/CremadPlus/v2/SynIB_RMask_U_REFABL_cremad_fold2_l1.0_ir0.5_perturbrandom_fillema_pmin0.20_refclass_prior.pth.tar[39m
2026-07-26 02:16:45,635 - Evaluator - INFO - New best with loss-
2026-07-26 02:16:45,636 - Agent - INFO - [37mVal Epoch 9 step 9 with [31mce_loss_combined : 1.425397 [31mce_loss_c : 1.474770 [31mce_loss_g : 1.812545 [31mkl_synergy_rand_1 : 0.073488 [31mkl_synergy_rand_2 : 0.086819 [31mkl_synergy_1 : 0.073856 [31mkl_synergy_2 : 0.091922 [31mtotal : 1.751483 [31mdiag_kl_1 : 0.813138 [31mdiag_kl_2 : 0.855830 [94mAcc_combined: 62.03 [94mAcc_c: 51.90 [94mAcc_g: 41.43 [92mF1_combined: 54.67 [92mF1_c: 46.88 [92mF1_g: 40.02 [39m
2026-07-26 02:16:45,653 - Agent - INFO - [37mTest Epoch 9 step 9 with [31mce_loss_combined : 1.455587 [31mce_loss_c : 1.416040 [31mce_loss_g : 1.812780 [31mkl_synergy_rand_1 : 0.069765 [31mkl_synergy_rand_2 : 0.080567 [31mkl_synergy_1 : 0.069055 [31mkl_synergy_2 : 0.084943 [31mtotal : 1.759916 [31mdiag_kl_1 : 0.812985 [31mdiag_kl_2 : 0.825009 [94mAcc_combined: 62.42 [94mAcc_c: 53.10 [94mAcc_g: 41.33 [92mF1_combined: 55.68 [92mF1_c: 48.38 [92mF1_g: 40.75 [39m
2026-07-26 02:16:52,640 - Agent - INFO - [37mModel saved successfully at: ./data/data/2025_data/synergy/CremadPlus/v2/SynIB_RMask_U_REFABL_cremad_fold2_l1.0_ir0.5_perturbrandom_fillema_pmin0.20_refclass_prior.pth.tar[39m
2026-07-26 02:18:36,413 - Evaluator - INFO - New best with loss-
2026-07-26 02:18:36,414 - Agent - INFO - [37mVal Epoch 10 step 10 with [31mce_loss_combined : 1.420566 [31mce_loss_c : 1.488118 [31mce_loss_g : 1.805013 [31mkl_synergy_rand_1 : 0.077129 [31mkl_synergy_rand_2 : 0.090774 [31mkl_synergy_1 : 0.075898 [31mkl_synergy_2 : 0.096114 [31mtotal : 1.760481 [31mdiag_kl_1 : 0.807965 [31mdiag_kl_2 : 0.863944 [94mAcc_combined: 62.60 [94mAcc_c: 51.90 [94mAcc_g: 40.85 [92mF1_combined: 55.21 [92mF1_c: 46.94 [92mF1_g: 39.16 [39m
2026-07-26 02:18:36,430 - Agent - INFO - [37mTest Epoch 10 step 10 with [31mce_loss_combined : 1.458687 [31mce_loss_c : 1.418806 [31mce_loss_g : 1.841445 [31mkl_synergy_rand_1 : 0.073722 [31mkl_synergy_rand_2 : 0.084167 [31mkl_synergy_1 : 0.070669 [31mkl_synergy_2 : 0.087694 [31mtotal : 1.774940 [31mdiag_kl_1 : 0.828533 [31mdiag_kl_2 : 0.841969 [94mAcc_combined: 62.10 [94mAcc_c: 52.78 [94mAcc_g: 39.29 [92mF1_combined: 55.34 [92mF1_c: 48.08 [92mF1_g: 38.14 [39m
2026-07-26 02:18:43,533 - Agent - INFO - [37mModel saved successfully at: ./data/data/2025_data/synergy/CremadPlus/v2/SynIB_RMask_U_REFABL_cremad_fold2_l1.0_ir0.5_perturbrandom_fillema_pmin0.20_refclass_prior.pth.tar[39m
2026-07-26 02:20:26,972 - Evaluator - INFO - New best with loss-accuracy-
2026-07-26 02:20:26,972 - Agent - INFO - [37mVal Epoch 11 step 11 with [31mce_loss_combined : 1.410735 [31mce_loss_c : 1.468748 [31mce_loss_g : 1.718626 [31mkl_synergy_rand_1 : 0.077887 [31mkl_synergy_rand_2 : 0.091628 [31mkl_synergy_1 : 0.074433 [31mkl_synergy_2 : 0.094037 [31mtotal : 1.748719 [31mdiag_kl_1 : 0.800058 [31mdiag_kl_2 : 0.866302 [94mAcc_combined: 63.06 [94mAcc_c: 52.13 [94mAcc_g: 41.31 [92mF1_combined: 56.09 [92mF1_c: 47.06 [92mF1_g: 39.51 [39m
2026-07-26 02:20:26,990 - Agent - INFO - [37mTest Epoch 11 step 11 with [31mce_loss_combined : 1.448909 [31mce_loss_c : 1.424717 [31mce_loss_g : 1.754878 [31mkl_synergy_rand_1 : 0.072916 [31mkl_synergy_rand_2 : 0.085985 [31mkl_synergy_1 : 0.070556 [31mkl_synergy_2 : 0.088934 [31mtotal : 1.767300 [31mdiag_kl_1 : 0.817328 [31mdiag_kl_2 : 0.832257 [94mAcc_combined: 61.99 [94mAcc_c: 53.00 [94mAcc_g: 39.29 [92mF1_combined: 55.47 [92mF1_c: 48.40 [92mF1_g: 38.56 [39m
2026-07-26 02:20:32,440 - Agent - INFO - [37mModel saved successfully at: ./data/data/2025_data/synergy/CremadPlus/v2/SynIB_RMask_U_REFABL_cremad_fold2_l1.0_ir0.5_perturbrandom_fillema_pmin0.20_refclass_prior.pth.tar[39m
2026-07-26 02:22:13,695 - Agent - INFO - [37mVal Epoch 12 step 12 with [31mce_loss_combined : 1.420835 [31mce_loss_c : 1.479475 [31mce_loss_g : 1.817921 [31mkl_synergy_rand_1 : 0.078904 [31mkl_synergy_rand_2 : 0.092903 [31mkl_synergy_1 : 0.075732 [31mkl_synergy_2 : 0.097096 [31mtotal : 1.765470 [31mdiag_kl_1 : 0.812136 [31mdiag_kl_2 : 0.839746 [94mAcc_combined: 61.91 [94mAcc_c: 51.44 [94mAcc_g: 39.24 [92mF1_combined: 54.11 [92mF1_c: 46.31 [92mF1_g: 36.83 [39m
2026-07-26 02:22:13,713 - Agent - INFO - [37mTest Epoch 12 step 12 with [31mce_loss_combined : 1.464117 [31mce_loss_c : 1.427555 [31mce_loss_g : 1.848590 [31mkl_synergy_rand_1 : 0.070672 [31mkl_synergy_rand_2 : 0.085128 [31mkl_synergy_1 : 0.069167 [31mkl_synergy_2 : 0.090309 [31mtotal : 1.779392 [31mdiag_kl_1 : 0.837083 [31mdiag_kl_2 : 0.817603 [94mAcc_combined: 59.64 [94mAcc_c: 52.57 [94mAcc_g: 36.83 [92mF1_combined: 52.75 [92mF1_c: 47.88 [92mF1_g: 35.48 [39m
2026-07-26 02:23:55,168 - Agent - INFO - [37mVal Epoch 13 step 13 with [31mce_loss_combined : 1.416345 [31mce_loss_c : 1.470011 [31mce_loss_g : 1.740969 [31mkl_synergy_rand_1 : 0.078614 [31mkl_synergy_rand_2 : 0.090907 [31mkl_synergy_1 : 0.074077 [31mkl_synergy_2 : 0.098970 [31mtotal : 1.758913 [31mdiag_kl_1 : 0.802854 [31mdiag_kl_2 : 0.875517 [94mAcc_combined: 62.83 [94mAcc_c: 51.55 [94mAcc_g: 38.09 [92mF1_combined: 55.96 [92mF1_c: 46.30 [92mF1_g: 36.40 [39m
2026-07-26 02:23:55,185 - Agent - INFO - [37mTest Epoch 13 step 13 with [31mce_loss_combined : 1.453412 [31mce_loss_c : 1.422520 [31mce_loss_g : 1.762414 [31mkl_synergy_rand_1 : 0.072374 [31mkl_synergy_rand_2 : 0.086160 [31mkl_synergy_1 : 0.069422 [31mkl_synergy_2 : 0.092164 [31mtotal : 1.773531 [31mdiag_kl_1 : 0.825143 [31mdiag_kl_2 : 0.841185 [94mAcc_combined: 61.13 [94mAcc_c: 52.57 [94mAcc_g: 37.04 [92mF1_combined: 54.94 [92mF1_c: 48.15 [92mF1_g: 35.07 [39m
2026-07-26 02:25:39,644 - Agent - INFO - [37mVal Epoch 14 step 14 with [31mce_loss_combined : 1.415444 [31mce_loss_c : 1.464288 [31mce_loss_g : 1.771468 [31mkl_synergy_rand_1 : 0.078579 [31mkl_synergy_rand_2 : 0.090035 [31mkl_synergy_1 : 0.074000 [31mkl_synergy_2 : 0.096093 [31mtotal : 1.754150 [31mdiag_kl_1 : 0.795724 [31mdiag_kl_2 : 0.854639 [94mAcc_combined: 62.72 [94mAcc_c: 51.44 [94mAcc_g: 35.67 [92mF1_combined: 55.47 [92mF1_c: 46.25 [92mF1_g: 34.05 [39m
2026-07-26 02:25:39,661 - Agent - INFO - [37mTest Epoch 14 step 14 with [31mce_loss_combined : 1.441106 [31mce_loss_c : 1.433436 [31mce_loss_g : 1.765838 [31mkl_synergy_rand_1 : 0.073557 [31mkl_synergy_rand_2 : 0.085762 [31mkl_synergy_1 : 0.070761 [31mkl_synergy_2 : 0.090804 [31mtotal : 1.761991 [31mdiag_kl_1 : 0.809002 [31mdiag_kl_2 : 0.821102 [94mAcc_combined: 62.10 [94mAcc_c: 51.82 [94mAcc_g: 35.65 [92mF1_combined: 55.76 [92mF1_c: 47.41 [92mF1_g: 34.20 [39m
2026-07-26 02:27:14,816 - Agent - INFO - [37mVal Epoch 15 step 15 with [31mce_loss_combined : 1.420883 [31mce_loss_c : 1.465810 [31mce_loss_g : 1.746523 [31mkl_synergy_rand_1 : 0.075438 [31mkl_synergy_rand_2 : 0.089070 [31mkl_synergy_1 : 0.074038 [31mkl_synergy_2 : 0.093400 [31mtotal : 1.752828 [31mdiag_kl_1 : 0.796460 [31mdiag_kl_2 : 0.868577 [94mAcc_combined: 61.80 [94mAcc_c: 50.86 [94mAcc_g: 35.67 [92mF1_combined: 55.34 [92mF1_c: 45.73 [92mF1_g: 33.65 [39m
2026-07-26 02:27:14,832 - Agent - INFO - [37mTest Epoch 15 step 15 with [31mce_loss_combined : 1.441513 [31mce_loss_c : 1.431729 [31mce_loss_g : 1.750929 [31mkl_synergy_rand_1 : 0.073605 [31mkl_synergy_rand_2 : 0.083741 [31mkl_synergy_1 : 0.070353 [31mkl_synergy_2 : 0.089499 [31mtotal : 1.758710 [31mdiag_kl_1 : 0.808737 [31mdiag_kl_2 : 0.827366 [94mAcc_combined: 61.99 [94mAcc_c: 51.18 [94mAcc_g: 35.87 [92mF1_combined: 56.00 [92mF1_c: 46.87 [92mF1_g: 33.96 [39m
2026-07-26 02:28:56,594 - Agent - INFO - [37mVal Epoch 16 step 16 with [31mce_loss_combined : 1.416879 [31mce_loss_c : 1.471669 [31mce_loss_g : 1.771627 [31mkl_synergy_rand_1 : 0.077599 [31mkl_synergy_rand_2 : 0.088422 [31mkl_synergy_1 : 0.073699 [31mkl_synergy_2 : 0.093647 [31mtotal : 1.750246 [31mdiag_kl_1 : 0.790863 [31mdiag_kl_2 : 0.861115 [94mAcc_combined: 62.49 [94mAcc_c: 50.40 [94mAcc_g: 35.79 [92mF1_combined: 55.34 [92mF1_c: 45.33 [92mF1_g: 32.48 [39m
2026-07-26 02:28:56,611 - Agent - INFO - [37mTest Epoch 16 step 16 with [31mce_loss_combined : 1.438274 [31mce_loss_c : 1.442905 [31mce_loss_g : 1.779010 [31mkl_synergy_rand_1 : 0.072936 [31mkl_synergy_rand_2 : 0.083927 [31mkl_synergy_1 : 0.070760 [31mkl_synergy_2 : 0.088422 [31mtotal : 1.754319 [31mdiag_kl_1 : 0.804037 [31mdiag_kl_2 : 0.828964 [94mAcc_combined: 63.38 [94mAcc_c: 50.54 [94mAcc_g: 36.40 [92mF1_combined: 57.10 [92mF1_c: 46.35 [92mF1_g: 33.41 [39m
2026-07-26 02:30:36,413 - Agent - INFO - [37mVal Epoch 17 step 17 with [31mce_loss_combined : 1.413492 [31mce_loss_c : 1.464266 [31mce_loss_g : 1.780045 [31mkl_synergy_rand_1 : 0.076640 [31mkl_synergy_rand_2 : 0.086152 [31mkl_synergy_1 : 0.073813 [31mkl_synergy_2 : 0.092481 [31mtotal : 1.742577 [31mdiag_kl_1 : 0.784596 [31mdiag_kl_2 : 0.886810 [94mAcc_combined: 62.72 [94mAcc_c: 50.06 [94mAcc_g: 32.80 [92mF1_combined: 56.41 [92mF1_c: 45.24 [92mF1_g: 30.75 [39m
2026-07-26 02:30:36,430 - Agent - INFO - [37mTest Epoch 17 step 17 with [31mce_loss_combined : 1.434251 [31mce_loss_c : 1.439124 [31mce_loss_g : 1.769756 [31mkl_synergy_rand_1 : 0.073876 [31mkl_synergy_rand_2 : 0.084152 [31mkl_synergy_1 : 0.069679 [31mkl_synergy_2 : 0.087426 [31mtotal : 1.749383 [31mdiag_kl_1 : 0.787612 [31mdiag_kl_2 : 0.841516 [94mAcc_combined: 63.38 [94mAcc_c: 50.43 [94mAcc_g: 34.58 [92mF1_combined: 57.74 [92mF1_c: 46.48 [92mF1_g: 32.37 [39m
2026-07-26 02:32:17,451 - Agent - INFO - [37mVal Epoch 18 step 18 with [31mce_loss_combined : 1.421422 [31mce_loss_c : 1.457332 [31mce_loss_g : 1.848464 [31mkl_synergy_rand_1 : 0.077782 [31mkl_synergy_rand_2 : 0.087659 [31mkl_synergy_1 : 0.074924 [31mkl_synergy_2 : 0.093282 [31mtotal : 1.755068 [31mdiag_kl_1 : 0.787669 [31mdiag_kl_2 : 0.869176 [94mAcc_combined: 61.91 [94mAcc_c: 50.63 [94mAcc_g: 30.38 [92mF1_combined: 54.41 [92mF1_c: 45.61 [92mF1_g: 26.57 [39m
2026-07-26 02:32:17,468 - Agent - INFO - [37mTest Epoch 18 step 18 with [31mce_loss_combined : 1.451196 [31mce_loss_c : 1.448712 [31mce_loss_g : 1.838800 [31mkl_synergy_rand_1 : 0.072849 [31mkl_synergy_rand_2 : 0.083144 [31mkl_synergy_1 : 0.070980 [31mkl_synergy_2 : 0.088082 [31mtotal : 1.766250 [31mdiag_kl_1 : 0.812698 [31mdiag_kl_2 : 0.840404 [94mAcc_combined: 61.56 [94mAcc_c: 49.25 [94mAcc_g: 33.08 [92mF1_combined: 55.48 [92mF1_c: 45.03 [92mF1_g: 28.77 [39m
2026-07-26 02:34:02,914 - Evaluator - INFO - New best with accuracy-
2026-07-26 02:34:02,915 - Agent - INFO - [37mVal Epoch 19 step 19 with [31mce_loss_combined : 1.413524 [31mce_loss_c : 1.446013 [31mce_loss_g : 1.836440 [31mkl_synergy_rand_1 : 0.075826 [31mkl_synergy_rand_2 : 0.084998 [31mkl_synergy_1 : 0.073523 [31mkl_synergy_2 : 0.091503 [31mtotal : 1.739373 [31mdiag_kl_1 : 0.775769 [31mdiag_kl_2 : 0.889655 [94mAcc_combined: 63.29 [94mAcc_c: 50.52 [94mAcc_g: 27.16 [92mF1_combined: 56.83 [92mF1_c: 45.60 [92mF1_g: 25.00 [39m
2026-07-26 02:34:02,931 - Agent - INFO - [37mTest Epoch 19 step 19 with [31mce_loss_combined : 1.433395 [31mce_loss_c : 1.446210 [31mce_loss_g : 1.825093 [31mkl_synergy_rand_1 : 0.073326 [31mkl_synergy_rand_2 : 0.082923 [31mkl_synergy_1 : 0.071806 [31mkl_synergy_2 : 0.085482 [31mtotal : 1.746931 [31mdiag_kl_1 : 0.781943 [31mdiag_kl_2 : 0.841498 [94mAcc_combined: 63.28 [94mAcc_c: 49.46 [94mAcc_g: 30.84 [92mF1_combined: 57.55 [92mF1_c: 45.30 [92mF1_g: 28.24 [39m
2026-07-26 02:34:09,913 - Agent - INFO - [37mModel saved successfully at: ./data/data/2025_data/synergy/CremadPlus/v2/SynIB_RMask_U_REFABL_cremad_fold2_l1.0_ir0.5_perturbrandom_fillema_pmin0.20_refclass_prior.pth.tar[39m
2026-07-26 02:35:52,695 - Agent - INFO - [37mVal Epoch 20 step 20 with [31mce_loss_combined : 1.419379 [31mce_loss_c : 1.468313 [31mce_loss_g : 1.878505 [31mkl_synergy_rand_1 : 0.076529 [31mkl_synergy_rand_2 : 0.084627 [31mkl_synergy_1 : 0.075553 [31mkl_synergy_2 : 0.089282 [31mtotal : 1.745369 [31mdiag_kl_1 : 0.775819 [31mdiag_kl_2 : 0.872944 [94mAcc_combined: 62.95 [94mAcc_c: 49.83 [94mAcc_g: 27.39 [92mF1_combined: 56.24 [92mF1_c: 44.65 [92mF1_g: 23.68 [39m
2026-07-26 02:35:52,712 - Agent - INFO - [37mTest Epoch 20 step 20 with [31mce_loss_combined : 1.439318 [31mce_loss_c : 1.457860 [31mce_loss_g : 1.862499 [31mkl_synergy_rand_1 : 0.074618 [31mkl_synergy_rand_2 : 0.081647 [31mkl_synergy_1 : 0.071581 [31mkl_synergy_2 : 0.086974 [31mtotal : 1.754137 [31mdiag_kl_1 : 0.786121 [31mdiag_kl_2 : 0.844521 [94mAcc_combined: 63.81 [94mAcc_c: 48.72 [94mAcc_g: 30.51 [92mF1_combined: 58.14 [92mF1_c: 44.64 [92mF1_g: 27.21 [39m
2026-07-26 02:37:42,235 - Agent - INFO - [37mVal Epoch 21 step 21 with [31mce_loss_combined : 1.417117 [31mce_loss_c : 1.462561 [31mce_loss_g : 1.846855 [31mkl_synergy_rand_1 : 0.075250 [31mkl_synergy_rand_2 : 0.084485 [31mkl_synergy_1 : 0.072687 [31mkl_synergy_2 : 0.088497 [31mtotal : 1.738037 [31mdiag_kl_1 : 0.766335 [31mdiag_kl_2 : 0.885480 [94mAcc_combined: 62.26 [94mAcc_c: 49.37 [94mAcc_g: 26.81 [92mF1_combined: 55.32 [92mF1_c: 44.54 [92mF1_g: 23.32 [39m
2026-07-26 02:37:42,252 - Agent - INFO - [37mTest Epoch 21 step 21 with [31mce_loss_combined : 1.429356 [31mce_loss_c : 1.455169 [31mce_loss_g : 1.814498 [31mkl_synergy_rand_1 : 0.073563 [31mkl_synergy_rand_2 : 0.082167 [31mkl_synergy_1 : 0.071475 [31mkl_synergy_2 : 0.086320 [31mtotal : 1.742880 [31mdiag_kl_1 : 0.773068 [31mdiag_kl_2 : 0.848856 [94mAcc_combined: 64.35 [94mAcc_c: 48.39 [94mAcc_g: 32.01 [92mF1_combined: 58.45 [92mF1_c: 44.37 [92mF1_g: 27.97 [39m
2026-07-26 02:39:23,594 - Agent - INFO - [37mVal Epoch 22 step 22 with [31mce_loss_combined : 1.421336 [31mce_loss_c : 1.463382 [31mce_loss_g : 1.879720 [31mkl_synergy_rand_1 : 0.075524 [31mkl_synergy_rand_2 : 0.082374 [31mkl_synergy_1 : 0.071324 [31mkl_synergy_2 : 0.087143 [31mtotal : 1.737701 [31mdiag_kl_1 : 0.762908 [31mdiag_kl_2 : 0.887040 [94mAcc_combined: 62.49 [94mAcc_c: 49.37 [94mAcc_g: 25.32 [92mF1_combined: 55.55 [92mF1_c: 44.52 [92mF1_g: 21.74 [39m
2026-07-26 02:39:23,611 - Agent - INFO - [37mTest Epoch 22 step 22 with [31mce_loss_combined : 1.432236 [31mce_loss_c : 1.463222 [31mce_loss_g : 1.844880 [31mkl_synergy_rand_1 : 0.073725 [31mkl_synergy_rand_2 : 0.080851 [31mkl_synergy_1 : 0.070746 [31mkl_synergy_2 : 0.082884 [31mtotal : 1.740443 [31mdiag_kl_1 : 0.771952 [31mdiag_kl_2 : 0.851327 [94mAcc_combined: 64.24 [94mAcc_c: 47.97 [94mAcc_g: 28.59 [92mF1_combined: 58.48 [92mF1_c: 43.78 [92mF1_g: 25.01 [39m
2026-07-26 02:41:14,116 - Evaluator - INFO - New best with accuracy-
2026-07-26 02:41:14,116 - Agent - INFO - [37mVal Epoch 23 step 23 with [31mce_loss_combined : 1.421662 [31mce_loss_c : 1.461465 [31mce_loss_g : 1.885613 [31mkl_synergy_rand_1 : 0.075040 [31mkl_synergy_rand_2 : 0.079707 [31mkl_synergy_1 : 0.071820 [31mkl_synergy_2 : 0.084405 [31mtotal : 1.732634 [31mdiag_kl_1 : 0.759794 [31mdiag_kl_2 : 0.898382 [94mAcc_combined: 63.64 [94mAcc_c: 49.25 [94mAcc_g: 25.89 [92mF1_combined: 57.84 [92mF1_c: 44.05 [92mF1_g: 22.20 [39m
2026-07-26 02:41:14,134 - Agent - INFO - [37mTest Epoch 23 step 23 with [31mce_loss_combined : 1.436191 [31mce_loss_c : 1.462145 [31mce_loss_g : 1.855186 [31mkl_synergy_rand_1 : 0.072908 [31mkl_synergy_rand_2 : 0.077746 [31mkl_synergy_1 : 0.070785 [31mkl_synergy_2 : 0.081693 [31mtotal : 1.739322 [31mdiag_kl_1 : 0.767675 [31mdiag_kl_2 : 0.863466 [94mAcc_combined: 65.10 [94mAcc_c: 48.07 [94mAcc_g: 28.27 [92mF1_combined: 59.91 [92mF1_c: 43.75 [92mF1_g: 24.05 [39m
2026-07-26 02:41:21,305 - Agent - INFO - [37mModel saved successfully at: ./data/data/2025_data/synergy/CremadPlus/v2/SynIB_RMask_U_REFABL_cremad_fold2_l1.0_ir0.5_perturbrandom_fillema_pmin0.20_refclass_prior.pth.tar[39m
2026-07-26 02:43:01,214 - Evaluator - INFO - New best with accuracy-
2026-07-26 02:43:01,215 - Agent - INFO - [37mVal Epoch 24 step 24 with [31mce_loss_combined : 1.417713 [31mce_loss_c : 1.473229 [31mce_loss_g : 1.858665 [31mkl_synergy_rand_1 : 0.077079 [31mkl_synergy_rand_2 : 0.083926 [31mkl_synergy_1 : 0.073937 [31mkl_synergy_2 : 0.087964 [31mtotal : 1.740620 [31mdiag_kl_1 : 0.760696 [31mdiag_kl_2 : 0.906149 [94mAcc_combined: 63.75 [94mAcc_c: 48.56 [94mAcc_g: 24.97 [92mF1_combined: 57.60 [92mF1_c: 43.29 [92mF1_g: 21.89 [39m
2026-07-26 02:43:01,231 - Agent - INFO - [37mTest Epoch 24 step 24 with [31mce_loss_combined : 1.438436 [31mce_loss_c : 1.472280 [31mce_loss_g : 1.840600 [31mkl_synergy_rand_1 : 0.076955 [31mkl_synergy_rand_2 : 0.080973 [31mkl_synergy_1 : 0.070760 [31mkl_synergy_2 : 0.084339 [31mtotal : 1.751463 [31mdiag_kl_1 : 0.774629 [31mdiag_kl_2 : 0.868788 [94mAcc_combined: 64.99 [94mAcc_c: 46.68 [94mAcc_g: 29.12 [92mF1_combined: 59.99 [92mF1_c: 42.45 [92mF1_g: 25.78 [39m
2026-07-26 02:43:08,310 - Agent - INFO - [37mModel saved successfully at: ./data/data/2025_data/synergy/CremadPlus/v2/SynIB_RMask_U_REFABL_cremad_fold2_l1.0_ir0.5_perturbrandom_fillema_pmin0.20_refclass_prior.pth.tar[39m
2026-07-26 02:44:51,452 - Agent - INFO - [37mVal Epoch 25 step 25 with [31mce_loss_combined : 1.420232 [31mce_loss_c : 1.469782 [31mce_loss_g : 1.831649 [31mkl_synergy_rand_1 : 0.075094 [31mkl_synergy_rand_2 : 0.079815 [31mkl_synergy_1 : 0.071203 [31mkl_synergy_2 : 0.083313 [31mtotal : 1.729657 [31mdiag_kl_1 : 0.748893 [31mdiag_kl_2 : 0.904469 [94mAcc_combined: 63.41 [94mAcc_c: 48.68 [94mAcc_g: 27.96 [92mF1_combined: 57.62 [92mF1_c: 43.40 [92mF1_g: 23.64 [39m
2026-07-26 02:44:51,470 - Agent - INFO - [37mTest Epoch 25 step 25 with [31mce_loss_combined : 1.432916 [31mce_loss_c : 1.482120 [31mce_loss_g : 1.805420 [31mkl_synergy_rand_1 : 0.073633 [31mkl_synergy_rand_2 : 0.078277 [31mkl_synergy_1 : 0.070742 [31mkl_synergy_2 : 0.081976 [31mtotal : 1.737544 [31mdiag_kl_1 : 0.752472 [31mdiag_kl_2 : 0.865439 [94mAcc_combined: 65.10 [94mAcc_c: 46.57 [94mAcc_g: 30.30 [92mF1_combined: 59.86 [92mF1_c: 42.17 [92mF1_g: 26.45 [39m
2026-07-26 02:46:32,491 - Agent - INFO - [37mVal Epoch 26 step 26 with [31mce_loss_combined : 1.417383 [31mce_loss_c : 1.466564 [31mce_loss_g : 1.839173 [31mkl_synergy_rand_1 : 0.077759 [31mkl_synergy_rand_2 : 0.082230 [31mkl_synergy_1 : 0.074531 [31mkl_synergy_2 : 0.083156 [31mtotal : 1.735059 [31mdiag_kl_1 : 0.745724 [31mdiag_kl_2 : 0.899307 [94mAcc_combined: 63.64 [94mAcc_c: 49.25 [94mAcc_g: 27.04 [92mF1_combined: 57.84 [92mF1_c: 43.90 [92mF1_g: 22.72 [39m
2026-07-26 02:46:32,508 - Agent - INFO - [37mTest Epoch 26 step 26 with [31mce_loss_combined : 1.432773 [31mce_loss_c : 1.485936 [31mce_loss_g : 1.819517 [31mkl_synergy_rand_1 : 0.075269 [31mkl_synergy_rand_2 : 0.078403 [31mkl_synergy_1 : 0.071430 [31mkl_synergy_2 : 0.080786 [31mtotal : 1.738662 [31mdiag_kl_1 : 0.752104 [31mdiag_kl_2 : 0.871359 [94mAcc_combined: 65.63 [94mAcc_c: 46.68 [94mAcc_g: 29.87 [92mF1_combined: 60.57 [92mF1_c: 42.65 [92mF1_g: 25.46 [39m
2026-07-26 02:48:16,506 - Agent - INFO - [37mVal Epoch 27 step 27 with [31mce_loss_combined : 1.420652 [31mce_loss_c : 1.481241 [31mce_loss_g : 1.834315 [31mkl_synergy_rand_1 : 0.077438 [31mkl_synergy_rand_2 : 0.081805 [31mkl_synergy_1 : 0.074582 [31mkl_synergy_2 : 0.083624 [31mtotal : 1.738101 [31mdiag_kl_1 : 0.745328 [31mdiag_kl_2 : 0.900379 [94mAcc_combined: 63.29 [94mAcc_c: 47.99 [94mAcc_g: 27.27 [92mF1_combined: 57.52 [92mF1_c: 42.72 [92mF1_g: 22.96 [39m
2026-07-26 02:48:16,523 - Agent - INFO - [37mTest Epoch 27 step 27 with [31mce_loss_combined : 1.433678 [31mce_loss_c : 1.488046 [31mce_loss_g : 1.807696 [31mkl_synergy_rand_1 : 0.075744 [31mkl_synergy_rand_2 : 0.080939 [31mkl_synergy_1 : 0.071542 [31mkl_synergy_2 : 0.082532 [31mtotal : 1.744435 [31mdiag_kl_1 : 0.755108 [31mdiag_kl_2 : 0.863775 [94mAcc_combined: 65.63 [94mAcc_c: 46.25 [94mAcc_g: 30.30 [92mF1_combined: 60.58 [92mF1_c: 42.20 [92mF1_g: 25.94 [39m
2026-07-26 02:49:52,901 - Evaluator - INFO - New best with accuracy-
2026-07-26 02:49:52,901 - Agent - INFO - [37mVal Epoch 28 step 28 with [31mce_loss_combined : 1.414572 [31mce_loss_c : 1.470370 [31mce_loss_g : 1.834532 [31mkl_synergy_rand_1 : 0.076807 [31mkl_synergy_rand_2 : 0.082017 [31mkl_synergy_1 : 0.074845 [31mkl_synergy_2 : 0.084879 [31mtotal : 1.733120 [31mdiag_kl_1 : 0.744089 [31mdiag_kl_2 : 0.898033 [94mAcc_combined: 64.10 [94mAcc_c: 48.79 [94mAcc_g: 27.50 [92mF1_combined: 58.35 [92mF1_c: 43.47 [92mF1_g: 23.33 [39m
2026-07-26 02:49:52,918 - Agent - INFO - [37mTest Epoch 28 step 28 with [31mce_loss_combined : 1.428787 [31mce_loss_c : 1.487723 [31mce_loss_g : 1.802551 [31mkl_synergy_rand_1 : 0.075739 [31mkl_synergy_rand_2 : 0.080104 [31mkl_synergy_1 : 0.072584 [31mkl_synergy_2 : 0.081690 [31mtotal : 1.738904 [31mdiag_kl_1 : 0.751478 [31mdiag_kl_2 : 0.869622 [94mAcc_combined: 66.17 [94mAcc_c: 46.36 [94mAcc_g: 30.09 [92mF1_combined: 60.95 [92mF1_c: 42.33 [92mF1_g: 25.85 [39m
2026-07-26 02:50:00,028 - Agent - INFO - [37mModel saved successfully at: ./data/data/2025_data/synergy/CremadPlus/v2/SynIB_RMask_U_REFABL_cremad_fold2_l1.0_ir0.5_perturbrandom_fillema_pmin0.20_refclass_prior.pth.tar[39m
2026-07-26 02:51:43,882 - Agent - INFO - [37mVal Epoch 29 step 29 with [31mce_loss_combined : 1.415868 [31mce_loss_c : 1.468922 [31mce_loss_g : 1.837025 [31mkl_synergy_rand_1 : 0.076994 [31mkl_synergy_rand_2 : 0.082063 [31mkl_synergy_1 : 0.075634 [31mkl_synergy_2 : 0.084172 [31mtotal : 1.734731 [31mdiag_kl_1 : 0.745355 [31mdiag_kl_2 : 0.897899 [94mAcc_combined: 64.10 [94mAcc_c: 48.79 [94mAcc_g: 27.16 [92mF1_combined: 58.55 [92mF1_c: 43.53 [92mF1_g: 22.97 [39m
2026-07-26 02:51:43,900 - Agent - INFO - [37mTest Epoch 29 step 29 with [31mce_loss_combined : 1.431737 [31mce_loss_c : 1.487306 [31mce_loss_g : 1.810435 [31mkl_synergy_rand_1 : 0.076904 [31mkl_synergy_rand_2 : 0.080105 [31mkl_synergy_1 : 0.072711 [31mkl_synergy_2 : 0.081908 [31mtotal : 1.743365 [31mdiag_kl_1 : 0.744660 [31mdiag_kl_2 : 0.868906 [94mAcc_combined: 66.49 [94mAcc_c: 46.36 [94mAcc_g: 30.51 [92mF1_combined: 61.20 [92mF1_c: 42.38 [92mF1_g: 25.96 [39m
2026-07-26 02:53:29,813 - Agent - INFO - [37mVal Epoch 30 step 30 with [31mce_loss_combined : 1.417742 [31mce_loss_c : 1.470832 [31mce_loss_g : 1.830001 [31mkl_synergy_rand_1 : 0.077293 [31mkl_synergy_rand_2 : 0.081727 [31mkl_synergy_1 : 0.075086 [31mkl_synergy_2 : 0.084920 [31mtotal : 1.736767 [31mdiag_kl_1 : 0.744404 [31mdiag_kl_2 : 0.899116 [94mAcc_combined: 63.75 [94mAcc_c: 49.37 [94mAcc_g: 27.73 [92mF1_combined: 58.37 [92mF1_c: 43.91 [92mF1_g: 23.46 [39m
2026-07-26 02:53:29,830 - Agent - INFO - [37mTest Epoch 30 step 30 with [31mce_loss_combined : 1.432751 [31mce_loss_c : 1.491859 [31mce_loss_g : 1.801989 [31mkl_synergy_rand_1 : 0.075823 [31mkl_synergy_rand_2 : 0.079085 [31mkl_synergy_1 : 0.071357 [31mkl_synergy_2 : 0.082062 [31mtotal : 1.741078 [31mdiag_kl_1 : 0.751487 [31mdiag_kl_2 : 0.872754 [94mAcc_combined: 65.52 [94mAcc_c: 46.36 [94mAcc_g: 30.51 [92mF1_combined: 60.28 [92mF1_c: 42.31 [92mF1_g: 26.14 [39m
2026-07-26 02:55:21,603 - Agent - INFO - [37mVal Epoch 31 step 31 with [31mce_loss_combined : 1.419616 [31mce_loss_c : 1.472303 [31mce_loss_g : 1.825154 [31mkl_synergy_rand_1 : 0.076461 [31mkl_synergy_rand_2 : 0.081134 [31mkl_synergy_1 : 0.074476 [31mkl_synergy_2 : 0.084796 [31mtotal : 1.736483 [31mdiag_kl_1 : 0.747347 [31mdiag_kl_2 : 0.905732 [94mAcc_combined: 63.64 [94mAcc_c: 48.68 [94mAcc_g: 27.73 [92mF1_combined: 58.06 [92mF1_c: 43.31 [92mF1_g: 23.33 [39m
2026-07-26 02:55:21,620 - Agent - INFO - [37mTest Epoch 31 step 31 with [31mce_loss_combined : 1.434163 [31mce_loss_c : 1.490776 [31mce_loss_g : 1.796139 [31mkl_synergy_rand_1 : 0.074823 [31mkl_synergy_rand_2 : 0.079129 [31mkl_synergy_1 : 0.072698 [31mkl_synergy_2 : 0.081686 [31mtotal : 1.742500 [31mdiag_kl_1 : 0.758388 [31mdiag_kl_2 : 0.869115 [94mAcc_combined: 65.85 [94mAcc_c: 46.15 [94mAcc_g: 31.05 [92mF1_combined: 60.57 [92mF1_c: 42.13 [92mF1_g: 26.46 [39m
2026-07-26 02:57:03,119 - Agent - INFO - [37mVal Epoch 32 step 32 with [31mce_loss_combined : 1.420070 [31mce_loss_c : 1.470834 [31mce_loss_g : 1.823096 [31mkl_synergy_rand_1 : 0.076220 [31mkl_synergy_rand_2 : 0.080506 [31mkl_synergy_1 : 0.073230 [31mkl_synergy_2 : 0.084181 [31mtotal : 1.734209 [31mdiag_kl_1 : 0.746086 [31mdiag_kl_2 : 0.902208 [94mAcc_combined: 63.52 [94mAcc_c: 48.33 [94mAcc_g: 28.42 [92mF1_combined: 57.72 [92mF1_c: 43.08 [92mF1_g: 24.02 [39m
2026-07-26 02:57:03,136 - Agent - INFO - [37mTest Epoch 32 step 32 with [31mce_loss_combined : 1.435271 [31mce_loss_c : 1.488494 [31mce_loss_g : 1.797987 [31mkl_synergy_rand_1 : 0.074596 [31mkl_synergy_rand_2 : 0.079030 [31mkl_synergy_1 : 0.070199 [31mkl_synergy_2 : 0.079395 [31mtotal : 1.738490 [31mdiag_kl_1 : 0.750319 [31mdiag_kl_2 : 0.865273 [94mAcc_combined: 65.52 [94mAcc_c: 46.15 [94mAcc_g: 31.37 [92mF1_combined: 60.23 [92mF1_c: 42.10 [92mF1_g: 26.73 [39m
2026-07-26 02:58:43,290 - Evaluator - INFO - New best with accuracy-
2026-07-26 02:58:43,290 - Agent - INFO - [37mVal Epoch 33 step 33 with [31mce_loss_combined : 1.417255 [31mce_loss_c : 1.474728 [31mce_loss_g : 1.820194 [31mkl_synergy_rand_1 : 0.078184 [31mkl_synergy_rand_2 : 0.082360 [31mkl_synergy_1 : 0.074091 [31mkl_synergy_2 : 0.085044 [31mtotal : 1.736934 [31mdiag_kl_1 : 0.741721 [31mdiag_kl_2 : 0.916801 [94mAcc_combined: 64.90 [94mAcc_c: 47.87 [94mAcc_g: 27.16 [92mF1_combined: 59.33 [92mF1_c: 42.62 [92mF1_g: 23.26 [39m
2026-07-26 02:58:43,308 - Agent - INFO - [37mTest Epoch 33 step 33 with [31mce_loss_combined : 1.434648 [31mce_loss_c : 1.496470 [31mce_loss_g : 1.792258 [31mkl_synergy_rand_1 : 0.077608 [31mkl_synergy_rand_2 : 0.081202 [31mkl_synergy_1 : 0.073259 [31mkl_synergy_2 : 0.081246 [31mtotal : 1.747963 [31mdiag_kl_1 : 0.751011 [31mdiag_kl_2 : 0.883544 [94mAcc_combined: 64.88 [94mAcc_c: 46.04 [94mAcc_g: 30.41 [92mF1_combined: 59.37 [92mF1_c: 41.70 [92mF1_g: 26.66 [39m
2026-07-26 02:58:50,477 - Agent - INFO - [37mModel saved successfully at: ./data/data/2025_data/synergy/CremadPlus/v2/SynIB_RMask_U_REFABL_cremad_fold2_l1.0_ir0.5_perturbrandom_fillema_pmin0.20_refclass_prior.pth.tar[39m
2026-07-26 03:00:30,183 - Agent - INFO - [37mVal Epoch 34 step 34 with [31mce_loss_combined : 1.426454 [31mce_loss_c : 1.486911 [31mce_loss_g : 1.752974 [31mkl_synergy_rand_1 : 0.076267 [31mkl_synergy_rand_2 : 0.077970 [31mkl_synergy_1 : 0.072837 [31mkl_synergy_2 : 0.079167 [31mtotal : 1.732695 [31mdiag_kl_1 : 0.737990 [31mdiag_kl_2 : 0.918674 [94mAcc_combined: 62.95 [94mAcc_c: 47.53 [94mAcc_g: 32.45 [92mF1_combined: 57.64 [92mF1_c: 42.22 [92mF1_g: 26.34 [39m
2026-07-26 03:00:30,200 - Agent - INFO - [37mTest Epoch 34 step 34 with [31mce_loss_combined : 1.441685 [31mce_loss_c : 1.504256 [31mce_loss_g : 1.724550 [31mkl_synergy_rand_1 : 0.073618 [31mkl_synergy_rand_2 : 0.075821 [31mkl_synergy_1 : 0.070662 [31mkl_synergy_2 : 0.077388 [31mtotal : 1.739176 [31mdiag_kl_1 : 0.745930 [31mdiag_kl_2 : 0.884613 [94mAcc_combined: 65.52 [94mAcc_c: 45.40 [94mAcc_g: 36.19 [92mF1_combined: 60.48 [92mF1_c: 41.16 [92mF1_g: 31.29 [39m
2026-07-26 03:02:15,436 - Agent - INFO - [37mVal Epoch 35 step 35 with [31mce_loss_combined : 1.424587 [31mce_loss_c : 1.494793 [31mce_loss_g : 1.754220 [31mkl_synergy_rand_1 : 0.078345 [31mkl_synergy_rand_2 : 0.079996 [31mkl_synergy_1 : 0.073335 [31mkl_synergy_2 : 0.080731 [31mtotal : 1.736994 [31mdiag_kl_1 : 0.735828 [31mdiag_kl_2 : 0.906552 [94mAcc_combined: 63.52 [94mAcc_c: 46.14 [94mAcc_g: 32.11 [92mF1_combined: 57.50 [92mF1_c: 40.99 [92mF1_g: 26.26 [39m
2026-07-26 03:02:15,454 - Agent - INFO - [37mTest Epoch 35 step 35 with [31mce_loss_combined : 1.436591 [31mce_loss_c : 1.513905 [31mce_loss_g : 1.726461 [31mkl_synergy_rand_1 : 0.075217 [31mkl_synergy_rand_2 : 0.076608 [31mkl_synergy_1 : 0.070213 [31mkl_synergy_2 : 0.077941 [31mtotal : 1.736571 [31mdiag_kl_1 : 0.744289 [31mdiag_kl_2 : 0.876988 [94mAcc_combined: 65.74 [94mAcc_c: 44.75 [94mAcc_g: 36.40 [92mF1_combined: 60.75 [92mF1_c: 40.24 [92mF1_g: 30.90 [39m
2026-07-26 03:04:01,129 - Agent - INFO - [37mVal Epoch 36 step 36 with [31mce_loss_combined : 1.414024 [31mce_loss_c : 1.500464 [31mce_loss_g : 1.724173 [31mkl_synergy_rand_1 : 0.078223 [31mkl_synergy_rand_2 : 0.080332 [31mkl_synergy_1 : 0.074539 [31mkl_synergy_2 : 0.081297 [31mtotal : 1.728414 [31mdiag_kl_1 : 0.730293 [31mdiag_kl_2 : 0.924224 [94mAcc_combined: 64.79 [94mAcc_c: 46.03 [94mAcc_g: 33.72 [92mF1_combined: 59.77 [92mF1_c: 40.87 [92mF1_g: 27.73 [39m
2026-07-26 03:04:01,146 - Agent - INFO - [37mTest Epoch 36 step 36 with [31mce_loss_combined : 1.432667 [31mce_loss_c : 1.529027 [31mce_loss_g : 1.708288 [31mkl_synergy_rand_1 : 0.078217 [31mkl_synergy_rand_2 : 0.078286 [31mkl_synergy_1 : 0.073106 [31mkl_synergy_2 : 0.077628 [31mtotal : 1.739903 [31mdiag_kl_1 : 0.732221 [31mdiag_kl_2 : 0.889884 [94mAcc_combined: 65.63 [94mAcc_c: 44.54 [94mAcc_g: 37.90 [92mF1_combined: 60.29 [92mF1_c: 40.36 [92mF1_g: 31.43 [39m
2026-07-26 03:05:41,465 - Agent - INFO - [37mVal Epoch 37 step 37 with [31mce_loss_combined : 1.430553 [31mce_loss_c : 1.524513 [31mce_loss_g : 1.730651 [31mkl_synergy_rand_1 : 0.077326 [31mkl_synergy_rand_2 : 0.077983 [31mkl_synergy_1 : 0.073719 [31mkl_synergy_2 : 0.077591 [31mtotal : 1.737172 [31mdiag_kl_1 : 0.731615 [31mdiag_kl_2 : 0.911577 [94mAcc_combined: 63.75 [94mAcc_c: 45.22 [94mAcc_g: 33.72 [92mF1_combined: 58.29 [92mF1_c: 39.99 [92mF1_g: 27.53 [39m
2026-07-26 03:05:41,482 - Agent - INFO - [37mTest Epoch 37 step 37 with [31mce_loss_combined : 1.438321 [31mce_loss_c : 1.553760 [31mce_loss_g : 1.698817 [31mkl_synergy_rand_1 : 0.075242 [31mkl_synergy_rand_2 : 0.075023 [31mkl_synergy_1 : 0.072671 [31mkl_synergy_2 : 0.073640 [31mtotal : 1.734896 [31mdiag_kl_1 : 0.732514 [31mdiag_kl_2 : 0.889969 [94mAcc_combined: 64.99 [94mAcc_c: 43.58 [94mAcc_g: 37.47 [92mF1_combined: 59.59 [92mF1_c: 39.20 [92mF1_g: 31.16 [39m
2026-07-26 03:07:20,303 - Agent - INFO - [37mVal Epoch 38 step 38 with [31mce_loss_combined : 1.428978 [31mce_loss_c : 1.539211 [31mce_loss_g : 1.710383 [31mkl_synergy_rand_1 : 0.076810 [31mkl_synergy_rand_2 : 0.076687 [31mkl_synergy_1 : 0.074238 [31mkl_synergy_2 : 0.077494 [31mtotal : 1.734208 [31mdiag_kl_1 : 0.732351 [31mdiag_kl_2 : 0.916905 [94mAcc_combined: 64.33 [94mAcc_c: 44.65 [94mAcc_g: 34.64 [92mF1_combined: 58.18 [92mF1_c: 39.71 [92mF1_g: 28.44 [39m
2026-07-26 03:07:20,320 - Agent - INFO - [37mTest Epoch 38 step 38 with [31mce_loss_combined : 1.440130 [31mce_loss_c : 1.569675 [31mce_loss_g : 1.687257 [31mkl_synergy_rand_1 : 0.075489 [31mkl_synergy_rand_2 : 0.073925 [31mkl_synergy_1 : 0.072533 [31mkl_synergy_2 : 0.072945 [31mtotal : 1.735021 [31mdiag_kl_1 : 0.731310 [31mdiag_kl_2 : 0.889586 [94mAcc_combined: 65.20 [94mAcc_c: 43.47 [94mAcc_g: 39.29 [92mF1_combined: 59.65 [92mF1_c: 39.15 [92mF1_g: 32.33 [39m
2026-07-26 03:09:01,161 - Evaluator - INFO - New best with accuracy-
2026-07-26 03:09:01,161 - Agent - INFO - [37mVal Epoch 39 step 39 with [31mce_loss_combined : 1.416537 [31mce_loss_c : 1.544945 [31mce_loss_g : 1.693981 [31mkl_synergy_rand_1 : 0.080209 [31mkl_synergy_rand_2 : 0.079141 [31mkl_synergy_1 : 0.076347 [31mkl_synergy_2 : 0.078658 [31mtotal : 1.730892 [31mdiag_kl_1 : 0.720016 [31mdiag_kl_2 : 0.936556 [94mAcc_combined: 65.25 [94mAcc_c: 44.65 [94mAcc_g: 36.71 [92mF1_combined: 60.14 [92mF1_c: 39.79 [92mF1_g: 30.80 [39m
2026-07-26 03:09:01,179 - Agent - INFO - [37mTest Epoch 39 step 39 with [31mce_loss_combined : 1.434669 [31mce_loss_c : 1.579285 [31mce_loss_g : 1.682541 [31mkl_synergy_rand_1 : 0.078789 [31mkl_synergy_rand_2 : 0.075793 [31mkl_synergy_1 : 0.074285 [31mkl_synergy_2 : 0.075221 [31mtotal : 1.738757 [31mdiag_kl_1 : 0.724751 [31mdiag_kl_2 : 0.906575 [94mAcc_combined: 65.31 [94mAcc_c: 43.90 [94mAcc_g: 39.08 [92mF1_combined: 60.31 [92mF1_c: 39.42 [92mF1_g: 32.35 [39m
2026-07-26 03:09:08,263 - Agent - INFO - [37mModel saved successfully at: ./data/data/2025_data/synergy/CremadPlus/v2/SynIB_RMask_U_REFABL_cremad_fold2_l1.0_ir0.5_perturbrandom_fillema_pmin0.20_refclass_prior.pth.tar[39m
2026-07-26 03:10:48,286 - Agent - INFO - [37mVal Epoch 40 step 40 with [31mce_loss_combined : 1.430843 [31mce_loss_c : 1.565233 [31mce_loss_g : 1.680590 [31mkl_synergy_rand_1 : 0.076485 [31mkl_synergy_rand_2 : 0.076402 [31mkl_synergy_1 : 0.074076 [31mkl_synergy_2 : 0.074222 [31mtotal : 1.732028 [31mdiag_kl_1 : 0.720989 [31mdiag_kl_2 : 0.932682 [94mAcc_combined: 64.44 [94mAcc_c: 43.38 [94mAcc_g: 36.36 [92mF1_combined: 59.32 [92mF1_c: 38.46 [92mF1_g: 29.35 [39m
2026-07-26 03:10:48,303 - Agent - INFO - [37mTest Epoch 40 step 40 with [31mce_loss_combined : 1.438219 [31mce_loss_c : 1.601450 [31mce_loss_g : 1.656706 [31mkl_synergy_rand_1 : 0.076409 [31mkl_synergy_rand_2 : 0.074627 [31mkl_synergy_1 : 0.072352 [31mkl_synergy_2 : 0.071865 [31mtotal : 1.733472 [31mdiag_kl_1 : 0.720756 [31mdiag_kl_2 : 0.901897 [94mAcc_combined: 65.10 [94mAcc_c: 42.61 [94mAcc_g: 40.69 [92mF1_combined: 59.97 [92mF1_c: 38.40 [92mF1_g: 32.85 [39m
2026-07-26 03:12:42,229 - Agent - INFO - [37mVal Epoch 41 step 41 with [31mce_loss_combined : 1.423549 [31mce_loss_c : 1.581921 [31mce_loss_g : 1.671849 [31mkl_synergy_rand_1 : 0.079595 [31mkl_synergy_rand_2 : 0.078568 [31mkl_synergy_1 : 0.076788 [31mkl_synergy_2 : 0.076377 [31mtotal : 1.734877 [31mdiag_kl_1 : 0.720507 [31mdiag_kl_2 : 0.931104 [94mAcc_combined: 64.67 [94mAcc_c: 44.07 [94mAcc_g: 38.32 [92mF1_combined: 59.67 [92mF1_c: 39.48 [92mF1_g: 32.56 [39m
2026-07-26 03:12:42,246 - Agent - INFO - [37mTest Epoch 41 step 41 with [31mce_loss_combined : 1.442714 [31mce_loss_c : 1.618252 [31mce_loss_g : 1.672325 [31mkl_synergy_rand_1 : 0.077035 [31mkl_synergy_rand_2 : 0.074370 [31mkl_synergy_1 : 0.073938 [31mkl_synergy_2 : 0.072467 [31mtotal : 1.740524 [31mdiag_kl_1 : 0.728544 [31mdiag_kl_2 : 0.903820 [94mAcc_combined: 65.20 [94mAcc_c: 42.40 [94mAcc_g: 39.72 [92mF1_combined: 60.53 [92mF1_c: 38.18 [92mF1_g: 32.77 [39m
2026-07-26 03:14:27,853 - Agent - INFO - [37mVal Epoch 42 step 42 with [31mce_loss_combined : 1.429340 [31mce_loss_c : 1.596052 [31mce_loss_g : 1.673292 [31mkl_synergy_rand_1 : 0.076824 [31mkl_synergy_rand_2 : 0.076444 [31mkl_synergy_1 : 0.074161 [31mkl_synergy_2 : 0.074206 [31mtotal : 1.730975 [31mdiag_kl_1 : 0.717935 [31mdiag_kl_2 : 0.930489 [94mAcc_combined: 64.44 [94mAcc_c: 43.04 [94mAcc_g: 38.67 [92mF1_combined: 59.18 [92mF1_c: 38.32 [92mF1_g: 32.34 [39m
2026-07-26 03:14:27,870 - Agent - INFO - [37mTest Epoch 42 step 42 with [31mce_loss_combined : 1.439427 [31mce_loss_c : 1.634751 [31mce_loss_g : 1.649446 [31mkl_synergy_rand_1 : 0.076897 [31mkl_synergy_rand_2 : 0.073513 [31mkl_synergy_1 : 0.072967 [31mkl_synergy_2 : 0.072273 [31mtotal : 1.735078 [31mdiag_kl_1 : 0.717479 [31mdiag_kl_2 : 0.899995 [94mAcc_combined: 65.31 [94mAcc_c: 41.43 [94mAcc_g: 40.90 [92mF1_combined: 59.87 [92mF1_c: 37.34 [92mF1_g: 33.23 [39m
2026-07-26 03:16:10,867 - Agent - INFO - [37mVal Epoch 43 step 43 with [31mce_loss_combined : 1.428585 [31mce_loss_c : 1.609498 [31mce_loss_g : 1.667943 [31mkl_synergy_rand_1 : 0.078556 [31mkl_synergy_rand_2 : 0.075592 [31mkl_synergy_1 : 0.075127 [31mkl_synergy_2 : 0.074830 [31mtotal : 1.732690 [31mdiag_kl_1 : 0.718813 [31mdiag_kl_2 : 0.939853 [94mAcc_combined: 64.67 [94mAcc_c: 42.69 [94mAcc_g: 39.36 [92mF1_combined: 59.68 [92mF1_c: 38.13 [92mF1_g: 32.92 [39m
2026-07-26 03:16:10,884 - Agent - INFO - [37mTest Epoch 43 step 43 with [31mce_loss_combined : 1.440241 [31mce_loss_c : 1.649356 [31mce_loss_g : 1.650133 [31mkl_synergy_rand_1 : 0.075432 [31mkl_synergy_rand_2 : 0.072820 [31mkl_synergy_1 : 0.073384 [31mkl_synergy_2 : 0.070851 [31mtotal : 1.732728 [31mdiag_kl_1 : 0.726599 [31mdiag_kl_2 : 0.908778 [94mAcc_combined: 64.67 [94mAcc_c: 40.15 [94mAcc_g: 41.01 [92mF1_combined: 59.56 [92mF1_c: 36.03 [92mF1_g: 33.08 [39m
2026-07-26 03:17:59,088 - Agent - INFO - [37mVal Epoch 44 step 44 with [31mce_loss_combined : 1.429277 [31mce_loss_c : 1.625278 [31mce_loss_g : 1.656291 [31mkl_synergy_rand_1 : 0.076892 [31mkl_synergy_rand_2 : 0.075042 [31mkl_synergy_1 : 0.074174 [31mkl_synergy_2 : 0.074103 [31mtotal : 1.729488 [31mdiag_kl_1 : 0.721004 [31mdiag_kl_2 : 0.936699 [94mAcc_combined: 64.44 [94mAcc_c: 40.97 [94mAcc_g: 39.36 [92mF1_combined: 59.09 [92mF1_c: 36.44 [92mF1_g: 32.46 [39m
2026-07-26 03:17:59,106 - Agent - INFO - [37mTest Epoch 44 step 44 with [31mce_loss_combined : 1.438705 [31mce_loss_c : 1.665221 [31mce_loss_g : 1.630940 [31mkl_synergy_rand_1 : 0.076566 [31mkl_synergy_rand_2 : 0.072982 [31mkl_synergy_1 : 0.073923 [31mkl_synergy_2 : 0.070873 [31mtotal : 1.733049 [31mdiag_kl_1 : 0.717176 [31mdiag_kl_2 : 0.903151 [94mAcc_combined: 64.88 [94mAcc_c: 39.83 [94mAcc_g: 41.97 [92mF1_combined: 59.72 [92mF1_c: 35.72 [92mF1_g: 33.92 [39m
2026-07-26 03:19:41,227 - Agent - INFO - [37mVal Epoch 45 step 45 with [31mce_loss_combined : 1.429292 [31mce_loss_c : 1.647681 [31mce_loss_g : 1.647385 [31mkl_synergy_rand_1 : 0.077962 [31mkl_synergy_rand_2 : 0.076866 [31mkl_synergy_1 : 0.074499 [31mkl_synergy_2 : 0.073354 [31mtotal : 1.731973 [31mdiag_kl_1 : 0.722889 [31mdiag_kl_2 : 0.935500 [94mAcc_combined: 64.44 [94mAcc_c: 39.36 [94mAcc_g: 40.39 [92mF1_combined: 59.57 [92mF1_c: 34.61 [92mF1_g: 34.35 [39m
2026-07-26 03:19:41,244 - Agent - INFO - [37mTest Epoch 45 step 45 with [31mce_loss_combined : 1.438784 [31mce_loss_c : 1.685227 [31mce_loss_g : 1.629861 [31mkl_synergy_rand_1 : 0.075756 [31mkl_synergy_rand_2 : 0.073426 [31mkl_synergy_1 : 0.072785 [31mkl_synergy_2 : 0.070563 [31mtotal : 1.731316 [31mdiag_kl_1 : 0.723340 [31mdiag_kl_2 : 0.904298 [94mAcc_combined: 65.52 [94mAcc_c: 39.40 [94mAcc_g: 41.22 [92mF1_combined: 60.34 [92mF1_c: 35.36 [92mF1_g: 33.86 [39m
2026-07-26 03:21:29,188 - Agent - INFO - [37mVal Epoch 46 step 46 with [31mce_loss_combined : 1.433752 [31mce_loss_c : 1.651037 [31mce_loss_g : 1.661125 [31mkl_synergy_rand_1 : 0.078428 [31mkl_synergy_rand_2 : 0.075264 [31mkl_synergy_1 : 0.074026 [31mkl_synergy_2 : 0.074430 [31mtotal : 1.735900 [31mdiag_kl_1 : 0.716897 [31mdiag_kl_2 : 0.938019 [94mAcc_combined: 64.10 [94mAcc_c: 39.13 [94mAcc_g: 39.70 [92mF1_combined: 58.97 [92mF1_c: 34.60 [92mF1_g: 33.45 [39m
2026-07-26 03:21:29,205 - Agent - INFO - [37mTest Epoch 46 step 46 with [31mce_loss_combined : 1.439475 [31mce_loss_c : 1.689175 [31mce_loss_g : 1.629726 [31mkl_synergy_rand_1 : 0.075195 [31mkl_synergy_rand_2 : 0.071913 [31mkl_synergy_1 : 0.072530 [31mkl_synergy_2 : 0.070214 [31mtotal : 1.729327 [31mdiag_kl_1 : 0.721359 [31mdiag_kl_2 : 0.905158 [94mAcc_combined: 65.74 [94mAcc_c: 39.08 [94mAcc_g: 41.97 [92mF1_combined: 60.48 [92mF1_c: 35.18 [92mF1_g: 34.06 [39m
2026-07-26 03:23:14,922 - Agent - INFO - [37mVal Epoch 47 step 47 with [31mce_loss_combined : 1.433724 [31mce_loss_c : 1.664986 [31mce_loss_g : 1.650026 [31mkl_synergy_rand_1 : 0.078328 [31mkl_synergy_rand_2 : 0.075139 [31mkl_synergy_1 : 0.073511 [31mkl_synergy_2 : 0.073688 [31mtotal : 1.734390 [31mdiag_kl_1 : 0.719369 [31mdiag_kl_2 : 0.940348 [94mAcc_combined: 64.10 [94mAcc_c: 38.09 [94mAcc_g: 40.85 [92mF1_combined: 59.03 [92mF1_c: 33.87 [92mF1_g: 34.40 [39m
2026-07-26 03:23:14,939 - Agent - INFO - [37mTest Epoch 47 step 47 with [31mce_loss_combined : 1.444653 [31mce_loss_c : 1.702894 [31mce_loss_g : 1.628162 [31mkl_synergy_rand_1 : 0.074614 [31mkl_synergy_rand_2 : 0.072317 [31mkl_synergy_1 : 0.071760 [31mkl_synergy_2 : 0.069306 [31mtotal : 1.732650 [31mdiag_kl_1 : 0.727749 [31mdiag_kl_2 : 0.909394 [94mAcc_combined: 65.63 [94mAcc_c: 38.44 [94mAcc_g: 41.86 [92mF1_combined: 60.47 [92mF1_c: 34.64 [92mF1_g: 33.57 [39m
2026-07-26 03:24:59,770 - Agent - INFO - [37mVal Epoch 48 step 48 with [31mce_loss_combined : 1.435945 [31mce_loss_c : 1.676582 [31mce_loss_g : 1.643961 [31mkl_synergy_rand_1 : 0.075724 [31mkl_synergy_rand_2 : 0.074243 [31mkl_synergy_1 : 0.072782 [31mkl_synergy_2 : 0.072127 [31mtotal : 1.730821 [31mdiag_kl_1 : 0.717131 [31mdiag_kl_2 : 0.951749 [94mAcc_combined: 64.56 [94mAcc_c: 38.09 [94mAcc_g: 40.97 [92mF1_combined: 59.90 [92mF1_c: 33.87 [92mF1_g: 34.65 [39m
2026-07-26 03:24:59,787 - Agent - INFO - [37mTest Epoch 48 step 48 with [31mce_loss_combined : 1.440421 [31mce_loss_c : 1.715364 [31mce_loss_g : 1.616852 [31mkl_synergy_rand_1 : 0.075600 [31mkl_synergy_rand_2 : 0.070156 [31mkl_synergy_1 : 0.072167 [31mkl_synergy_2 : 0.068499 [31mtotal : 1.726842 [31mdiag_kl_1 : 0.719354 [31mdiag_kl_2 : 0.916648 [94mAcc_combined: 66.38 [94mAcc_c: 37.58 [94mAcc_g: 42.51 [92mF1_combined: 61.47 [92mF1_c: 33.80 [92mF1_g: 34.72 [39m
2026-07-26 03:26:50,543 - Agent - INFO - [37mVal Epoch 49 step 49 with [31mce_loss_combined : 1.440379 [31mce_loss_c : 1.681803 [31mce_loss_g : 1.646309 [31mkl_synergy_rand_1 : 0.076164 [31mkl_synergy_rand_2 : 0.072542 [31mkl_synergy_1 : 0.073043 [31mkl_synergy_2 : 0.072717 [31mtotal : 1.734845 [31mdiag_kl_1 : 0.719540 [31mdiag_kl_2 : 0.947120 [94mAcc_combined: 63.87 [94mAcc_c: 38.32 [94mAcc_g: 41.08 [92mF1_combined: 59.24 [92mF1_c: 33.79 [92mF1_g: 34.36 [39m
2026-07-26 03:26:50,560 - Agent - INFO - [37mTest Epoch 49 step 49 with [31mce_loss_combined : 1.443543 [31mce_loss_c : 1.721305 [31mce_loss_g : 1.617526 [31mkl_synergy_rand_1 : 0.074233 [31mkl_synergy_rand_2 : 0.070457 [31mkl_synergy_1 : 0.071340 [31mkl_synergy_2 : 0.069407 [31mtotal : 1.728979 [31mdiag_kl_1 : 0.719933 [31mdiag_kl_2 : 0.913319 [94mAcc_combined: 65.20 [94mAcc_c: 37.04 [94mAcc_g: 42.40 [92mF1_combined: 59.96 [92mF1_c: 33.36 [92mF1_g: 34.16 [39m
2026-07-26 03:28:31,745 - Agent - INFO - [37mVal Epoch 50 step 50 with [31mce_loss_combined : 1.442124 [31mce_loss_c : 1.689124 [31mce_loss_g : 1.641822 [31mkl_synergy_rand_1 : 0.075548 [31mkl_synergy_rand_2 : 0.073744 [31mkl_synergy_1 : 0.073352 [31mkl_synergy_2 : 0.071515 [31mtotal : 1.736282 [31mdiag_kl_1 : 0.724950 [31mdiag_kl_2 : 0.946865 [94mAcc_combined: 63.98 [94mAcc_c: 36.25 [94mAcc_g: 40.85 [92mF1_combined: 59.33 [92mF1_c: 31.99 [92mF1_g: 33.72 [39m
2026-07-26 03:28:31,763 - Agent - INFO - [37mTest Epoch 50 step 50 with [31mce_loss_combined : 1.444191 [31mce_loss_c : 1.728675 [31mce_loss_g : 1.615530 [31mkl_synergy_rand_1 : 0.073418 [31mkl_synergy_rand_2 : 0.071515 [31mkl_synergy_1 : 0.071678 [31mkl_synergy_2 : 0.069337 [31mtotal : 1.730138 [31mdiag_kl_1 : 0.725648 [31mdiag_kl_2 : 0.911505 [94mAcc_combined: 65.63 [94mAcc_c: 36.30 [94mAcc_g: 42.40 [92mF1_combined: 60.24 [92mF1_c: 32.62 [92mF1_g: 33.91 [39m
2026-07-26 03:30:19,896 - Agent - INFO - [37mVal Epoch 51 step 51 with [31mce_loss_combined : 1.441024 [31mce_loss_c : 1.701935 [31mce_loss_g : 1.644520 [31mkl_synergy_rand_1 : 0.074642 [31mkl_synergy_rand_2 : 0.072594 [31mkl_synergy_1 : 0.072868 [31mkl_synergy_2 : 0.069692 [31mtotal : 1.730820 [31mdiag_kl_1 : 0.721997 [31mdiag_kl_2 : 0.952153 [94mAcc_combined: 64.56 [94mAcc_c: 35.79 [94mAcc_g: 40.28 [92mF1_combined: 59.85 [92mF1_c: 31.55 [92mF1_g: 33.62 [39m
2026-07-26 03:30:19,913 - Agent - INFO - [37mTest Epoch 51 step 51 with [31mce_loss_combined : 1.444811 [31mce_loss_c : 1.742160 [31mce_loss_g : 1.616214 [31mkl_synergy_rand_1 : 0.073804 [31mkl_synergy_rand_2 : 0.068460 [31mkl_synergy_1 : 0.070470 [31mkl_synergy_2 : 0.068843 [31mtotal : 1.726389 [31mdiag_kl_1 : 0.723180 [31mdiag_kl_2 : 0.916430 [94mAcc_combined: 65.10 [94mAcc_c: 35.55 [94mAcc_g: 42.72 [92mF1_combined: 59.95 [92mF1_c: 31.93 [92mF1_g: 34.67 [39m
2026-07-26 03:31:59,720 - Agent - INFO - [37mVal Epoch 52 step 52 with [31mce_loss_combined : 1.441336 [31mce_loss_c : 1.709071 [31mce_loss_g : 1.635463 [31mkl_synergy_rand_1 : 0.075902 [31mkl_synergy_rand_2 : 0.072427 [31mkl_synergy_1 : 0.071843 [31mkl_synergy_2 : 0.070969 [31mtotal : 1.732476 [31mdiag_kl_1 : 0.721623 [31mdiag_kl_2 : 0.949181 [94mAcc_combined: 64.33 [94mAcc_c: 35.21 [94mAcc_g: 41.54 [92mF1_combined: 59.54 [92mF1_c: 31.34 [92mF1_g: 34.48 [39m
2026-07-26 03:31:59,736 - Agent - INFO - [37mTest Epoch 52 step 52 with [31mce_loss_combined : 1.447663 [31mce_loss_c : 1.748338 [31mce_loss_g : 1.612269 [31mkl_synergy_rand_1 : 0.072060 [31mkl_synergy_rand_2 : 0.069186 [31mkl_synergy_1 : 0.071067 [31mkl_synergy_2 : 0.067661 [31mtotal : 1.727637 [31mdiag_kl_1 : 0.727421 [31mdiag_kl_2 : 0.914700 [94mAcc_combined: 65.52 [94mAcc_c: 35.12 [94mAcc_g: 43.25 [92mF1_combined: 60.07 [92mF1_c: 31.49 [92mF1_g: 34.77 [39m
2026-07-26 03:33:40,567 - Agent - INFO - [37mVal Epoch 53 step 53 with [31mce_loss_combined : 1.437077 [31mce_loss_c : 1.716550 [31mce_loss_g : 1.637809 [31mkl_synergy_rand_1 : 0.076333 [31mkl_synergy_rand_2 : 0.073041 [31mkl_synergy_1 : 0.072867 [31mkl_synergy_2 : 0.071743 [31mtotal : 1.731061 [31mdiag_kl_1 : 0.721443 [31mdiag_kl_2 : 0.948205 [94mAcc_combined: 64.44 [94mAcc_c: 35.56 [94mAcc_g: 40.28 [92mF1_combined: 59.48 [92mF1_c: 31.44 [92mF1_g: 33.95 [39m
2026-07-26 03:33:40,585 - Agent - INFO - [37mTest Epoch 53 step 53 with [31mce_loss_combined : 1.445125 [31mce_loss_c : 1.755554 [31mce_loss_g : 1.616299 [31mkl_synergy_rand_1 : 0.075551 [31mkl_synergy_rand_2 : 0.070145 [31mkl_synergy_1 : 0.071122 [31mkl_synergy_2 : 0.068652 [31mtotal : 1.730596 [31mdiag_kl_1 : 0.722597 [31mdiag_kl_2 : 0.911360 [94mAcc_combined: 65.95 [94mAcc_c: 34.26 [94mAcc_g: 42.61 [92mF1_combined: 60.76 [92mF1_c: 30.73 [92mF1_g: 34.79 [39m
2026-07-26 03:35:18,562 - Agent - INFO - [37mVal Epoch 54 step 54 with [31mce_loss_combined : 1.443403 [31mce_loss_c : 1.719927 [31mce_loss_g : 1.637177 [31mkl_synergy_rand_1 : 0.075405 [31mkl_synergy_rand_2 : 0.072232 [31mkl_synergy_1 : 0.073101 [31mkl_synergy_2 : 0.071016 [31mtotal : 1.735157 [31mdiag_kl_1 : 0.719781 [31mdiag_kl_2 : 0.948959 [94mAcc_combined: 64.10 [94mAcc_c: 34.52 [94mAcc_g: 40.28 [92mF1_combined: 59.22 [92mF1_c: 30.68 [92mF1_g: 33.48 [39m
2026-07-26 03:35:18,579 - Agent - INFO - [37mTest Epoch 54 step 54 with [31mce_loss_combined : 1.445364 [31mce_loss_c : 1.758536 [31mce_loss_g : 1.612147 [31mkl_synergy_rand_1 : 0.073796 [31mkl_synergy_rand_2 : 0.069200 [31mkl_synergy_1 : 0.070580 [31mkl_synergy_2 : 0.068194 [31mtotal : 1.727135 [31mdiag_kl_1 : 0.723096 [31mdiag_kl_2 : 0.915252 [94mAcc_combined: 65.74 [94mAcc_c: 34.15 [94mAcc_g: 42.83 [92mF1_combined: 60.43 [92mF1_c: 30.57 [92mF1_g: 34.63 [39m
2026-07-26 03:36:59,408 - Agent - INFO - [37mVal Epoch 55 step 55 with [31mce_loss_combined : 1.439913 [31mce_loss_c : 1.723330 [31mce_loss_g : 1.623558 [31mkl_synergy_rand_1 : 0.075109 [31mkl_synergy_rand_2 : 0.072045 [31mkl_synergy_1 : 0.072206 [31mkl_synergy_2 : 0.070938 [31mtotal : 1.730211 [31mdiag_kl_1 : 0.719961 [31mdiag_kl_2 : 0.952302 [94mAcc_combined: 64.56 [94mAcc_c: 35.33 [94mAcc_g: 42.23 [92mF1_combined: 59.52 [92mF1_c: 31.26 [92mF1_g: 35.15 [39m
2026-07-26 03:36:59,425 - Agent - INFO - [37mTest Epoch 55 step 55 with [31mce_loss_combined : 1.445909 [31mce_loss_c : 1.763019 [31mce_loss_g : 1.601383 [31mkl_synergy_rand_1 : 0.073472 [31mkl_synergy_rand_2 : 0.068945 [31mkl_synergy_1 : 0.071084 [31mkl_synergy_2 : 0.068291 [31mtotal : 1.727702 [31mdiag_kl_1 : 0.724517 [31mdiag_kl_2 : 0.918982 [94mAcc_combined: 65.74 [94mAcc_c: 33.51 [94mAcc_g: 42.61 [92mF1_combined: 60.52 [92mF1_c: 29.98 [92mF1_g: 34.22 [39m
2026-07-26 03:38:44,338 - Agent - INFO - [37mVal Epoch 56 step 56 with [31mce_loss_combined : 1.443001 [31mce_loss_c : 1.727741 [31mce_loss_g : 1.626476 [31mkl_synergy_rand_1 : 0.075353 [31mkl_synergy_rand_2 : 0.072322 [31mkl_synergy_1 : 0.073313 [31mkl_synergy_2 : 0.072252 [31mtotal : 1.736241 [31mdiag_kl_1 : 0.723769 [31mdiag_kl_2 : 0.950557 [94mAcc_combined: 64.21 [94mAcc_c: 34.64 [94mAcc_g: 42.23 [92mF1_combined: 59.32 [92mF1_c: 30.90 [92mF1_g: 35.00 [39m
2026-07-26 03:38:44,355 - Agent - INFO - [37mTest Epoch 56 step 56 with [31mce_loss_combined : 1.447283 [31mce_loss_c : 1.765742 [31mce_loss_g : 1.605610 [31mkl_synergy_rand_1 : 0.073611 [31mkl_synergy_rand_2 : 0.070464 [31mkl_synergy_1 : 0.070529 [31mkl_synergy_2 : 0.067602 [31mtotal : 1.729489 [31mdiag_kl_1 : 0.730620 [31mdiag_kl_2 : 0.912276 [94mAcc_combined: 65.85 [94mAcc_c: 33.62 [94mAcc_g: 42.93 [92mF1_combined: 60.63 [92mF1_c: 30.05 [92mF1_g: 34.77 [39m
2026-07-26 03:40:29,321 - Agent - INFO - [37mVal Epoch 57 step 57 with [31mce_loss_combined : 1.443969 [31mce_loss_c : 1.729687 [31mce_loss_g : 1.628330 [31mkl_synergy_rand_1 : 0.075397 [31mkl_synergy_rand_2 : 0.072355 [31mkl_synergy_1 : 0.073066 [31mkl_synergy_2 : 0.070851 [31mtotal : 1.735637 [31mdiag_kl_1 : 0.723790 [31mdiag_kl_2 : 0.950804 [94mAcc_combined: 63.87 [94mAcc_c: 34.75 [94mAcc_g: 42.23 [92mF1_combined: 59.21 [92mF1_c: 30.89 [92mF1_g: 35.25 [39m
2026-07-26 03:40:29,339 - Agent - INFO - [37mTest Epoch 57 step 57 with [31mce_loss_combined : 1.447311 [31mce_loss_c : 1.768432 [31mce_loss_g : 1.605749 [31mkl_synergy_rand_1 : 0.072637 [31mkl_synergy_rand_2 : 0.069915 [31mkl_synergy_1 : 0.071113 [31mkl_synergy_2 : 0.067889 [31mtotal : 1.728864 [31mdiag_kl_1 : 0.731107 [31mdiag_kl_2 : 0.915668 [94mAcc_combined: 65.74 [94mAcc_c: 33.51 [94mAcc_g: 43.15 [92mF1_combined: 60.51 [92mF1_c: 29.92 [92mF1_g: 34.71 [39m
2026-07-26 03:42:11,883 - Agent - INFO - [37mVal Epoch 58 step 58 with [31mce_loss_combined : 1.442160 [31mce_loss_c : 1.729135 [31mce_loss_g : 1.622064 [31mkl_synergy_rand_1 : 0.075191 [31mkl_synergy_rand_2 : 0.071571 [31mkl_synergy_1 : 0.071994 [31mkl_synergy_2 : 0.070020 [31mtotal : 1.730937 [31mdiag_kl_1 : 0.717398 [31mdiag_kl_2 : 0.950113 [94mAcc_combined: 63.98 [94mAcc_c: 34.75 [94mAcc_g: 42.46 [92mF1_combined: 59.06 [92mF1_c: 30.79 [92mF1_g: 35.37 [39m
2026-07-26 03:42:11,900 - Agent - INFO - [37mTest Epoch 58 step 58 with [31mce_loss_combined : 1.447401 [31mce_loss_c : 1.767779 [31mce_loss_g : 1.594594 [31mkl_synergy_rand_1 : 0.073343 [31mkl_synergy_rand_2 : 0.069052 [31mkl_synergy_1 : 0.071974 [31mkl_synergy_2 : 0.066893 [31mtotal : 1.728664 [31mdiag_kl_1 : 0.721660 [31mdiag_kl_2 : 0.912978 [94mAcc_combined: 65.85 [94mAcc_c: 32.87 [94mAcc_g: 43.25 [92mF1_combined: 60.56 [92mF1_c: 29.15 [92mF1_g: 35.05 [39m
2026-07-26 03:43:53,127 - Agent - INFO - [37mVal Epoch 59 step 59 with [31mce_loss_combined : 1.440802 [31mce_loss_c : 1.732205 [31mce_loss_g : 1.629849 [31mkl_synergy_rand_1 : 0.074971 [31mkl_synergy_rand_2 : 0.071755 [31mkl_synergy_1 : 0.072439 [31mkl_synergy_2 : 0.070033 [31mtotal : 1.730000 [31mdiag_kl_1 : 0.720184 [31mdiag_kl_2 : 0.955289 [94mAcc_combined: 64.21 [94mAcc_c: 34.75 [94mAcc_g: 41.43 [92mF1_combined: 59.43 [92mF1_c: 30.94 [92mF1_g: 34.81 [39m
2026-07-26 03:43:53,144 - Agent - INFO - [37mTest Epoch 59 step 59 with [31mce_loss_combined : 1.446563 [31mce_loss_c : 1.770837 [31mce_loss_g : 1.606932 [31mkl_synergy_rand_1 : 0.074222 [31mkl_synergy_rand_2 : 0.070152 [31mkl_synergy_1 : 0.072406 [31mkl_synergy_2 : 0.068112 [31mtotal : 1.731453 [31mdiag_kl_1 : 0.724929 [31mdiag_kl_2 : 0.914373 [94mAcc_combined: 66.27 [94mAcc_c: 33.19 [94mAcc_g: 43.25 [92mF1_combined: 61.00 [92mF1_c: 29.67 [92mF1_g: 35.35 [39m
2026-07-26 03:45:32,034 - Agent - INFO - [37mVal Epoch 60 step 60 with [31mce_loss_combined : 1.443369 [31mce_loss_c : 1.734967 [31mce_loss_g : 1.626011 [31mkl_synergy_rand_1 : 0.075603 [31mkl_synergy_rand_2 : 0.072008 [31mkl_synergy_1 : 0.071143 [31mkl_synergy_2 : 0.070891 [31mtotal : 1.733014 [31mdiag_kl_1 : 0.721604 [31mdiag_kl_2 : 0.950280 [94mAcc_combined: 64.10 [94mAcc_c: 34.29 [94mAcc_g: 42.00 [92mF1_combined: 59.40 [92mF1_c: 30.55 [92mF1_g: 35.30 [39m
2026-07-26 03:45:32,052 - Agent - INFO - [37mTest Epoch 60 step 60 with [31mce_loss_combined : 1.448380 [31mce_loss_c : 1.772694 [31mce_loss_g : 1.603180 [31mkl_synergy_rand_1 : 0.073892 [31mkl_synergy_rand_2 : 0.068096 [31mkl_synergy_1 : 0.070274 [31mkl_synergy_2 : 0.067917 [31mtotal : 1.728558 [31mdiag_kl_1 : 0.727678 [31mdiag_kl_2 : 0.920709 [94mAcc_combined: 66.06 [94mAcc_c: 32.76 [94mAcc_g: 42.93 [92mF1_combined: 60.78 [92mF1_c: 29.30 [92mF1_g: 35.09 [39m
2026-07-26 03:47:22,422 - Agent - INFO - [37mVal Epoch 61 step 61 with [31mce_loss_combined : 1.446311 [31mce_loss_c : 1.731270 [31mce_loss_g : 1.628461 [31mkl_synergy_rand_1 : 0.075844 [31mkl_synergy_rand_2 : 0.072241 [31mkl_synergy_1 : 0.072379 [31mkl_synergy_2 : 0.071167 [31mtotal : 1.737941 [31mdiag_kl_1 : 0.724236 [31mdiag_kl_2 : 0.952018 [94mAcc_combined: 63.52 [94mAcc_c: 34.41 [94mAcc_g: 41.89 [92mF1_combined: 59.08 [92mF1_c: 30.50 [92mF1_g: 34.84 [39m
2026-07-26 03:47:22,439 - Agent - INFO - [37mTest Epoch 61 step 61 with [31mce_loss_combined : 1.448985 [31mce_loss_c : 1.769454 [31mce_loss_g : 1.604781 [31mkl_synergy_rand_1 : 0.072796 [31mkl_synergy_rand_2 : 0.069345 [31mkl_synergy_1 : 0.070146 [31mkl_synergy_2 : 0.067634 [31mtotal : 1.728906 [31mdiag_kl_1 : 0.730276 [31mdiag_kl_2 : 0.915947 [94mAcc_combined: 65.31 [94mAcc_c: 33.51 [94mAcc_g: 43.47 [92mF1_combined: 60.13 [92mF1_c: 29.89 [92mF1_g: 35.07 [39m
2026-07-26 03:49:03,041 - Agent - INFO - [37mVal Epoch 62 step 62 with [31mce_loss_combined : 1.443549 [31mce_loss_c : 1.733603 [31mce_loss_g : 1.626837 [31mkl_synergy_rand_1 : 0.074467 [31mkl_synergy_rand_2 : 0.071711 [31mkl_synergy_1 : 0.071454 [31mkl_synergy_2 : 0.070492 [31mtotal : 1.731673 [31mdiag_kl_1 : 0.723289 [31mdiag_kl_2 : 0.949768 [94mAcc_combined: 64.21 [94mAcc_c: 34.29 [94mAcc_g: 41.66 [92mF1_combined: 59.32 [92mF1_c: 30.63 [92mF1_g: 34.59 [39m
2026-07-26 03:49:03,058 - Agent - INFO - [37mTest Epoch 62 step 62 with [31mce_loss_combined : 1.447942 [31mce_loss_c : 1.772034 [31mce_loss_g : 1.602554 [31mkl_synergy_rand_1 : 0.072022 [31mkl_synergy_rand_2 : 0.068273 [31mkl_synergy_1 : 0.070767 [31mkl_synergy_2 : 0.067361 [31mtotal : 1.726365 [31mdiag_kl_1 : 0.728053 [31mdiag_kl_2 : 0.915877 [94mAcc_combined: 66.06 [94mAcc_c: 32.76 [94mAcc_g: 43.79 [92mF1_combined: 60.78 [92mF1_c: 29.19 [92mF1_g: 35.64 [39m
2026-07-26 03:50:43,589 - Agent - INFO - [37mVal Epoch 63 step 63 with [31mce_loss_combined : 1.443902 [31mce_loss_c : 1.731323 [31mce_loss_g : 1.627166 [31mkl_synergy_rand_1 : 0.075711 [31mkl_synergy_rand_2 : 0.071383 [31mkl_synergy_1 : 0.070797 [31mkl_synergy_2 : 0.070792 [31mtotal : 1.732584 [31mdiag_kl_1 : 0.722974 [31mdiag_kl_2 : 0.951476 [94mAcc_combined: 63.87 [94mAcc_c: 34.41 [94mAcc_g: 42.00 [92mF1_combined: 59.24 [92mF1_c: 30.64 [92mF1_g: 35.09 [39m
2026-07-26 03:50:43,607 - Agent - INFO - [37mTest Epoch 63 step 63 with [31mce_loss_combined : 1.448493 [31mce_loss_c : 1.769371 [31mce_loss_g : 1.606490 [31mkl_synergy_rand_1 : 0.074018 [31mkl_synergy_rand_2 : 0.069295 [31mkl_synergy_1 : 0.070473 [31mkl_synergy_2 : 0.067142 [31mtotal : 1.729420 [31mdiag_kl_1 : 0.727932 [31mdiag_kl_2 : 0.914996 [94mAcc_combined: 65.95 [94mAcc_c: 33.08 [94mAcc_g: 43.15 [92mF1_combined: 60.68 [92mF1_c: 29.45 [92mF1_g: 34.81 [39m
2026-07-26 03:52:26,348 - Agent - INFO - [37mVal Epoch 64 step 64 with [31mce_loss_combined : 1.445353 [31mce_loss_c : 1.733317 [31mce_loss_g : 1.634610 [31mkl_synergy_rand_1 : 0.074696 [31mkl_synergy_rand_2 : 0.071093 [31mkl_synergy_1 : 0.071253 [31mkl_synergy_2 : 0.071677 [31mtotal : 1.734072 [31mdiag_kl_1 : 0.721411 [31mdiag_kl_2 : 0.950458 [94mAcc_combined: 63.98 [94mAcc_c: 34.52 [94mAcc_g: 41.31 [92mF1_combined: 59.28 [92mF1_c: 30.65 [92mF1_g: 34.27 [39m
2026-07-26 03:52:26,365 - Agent - INFO - [37mTest Epoch 64 step 64 with [31mce_loss_combined : 1.446660 [31mce_loss_c : 1.770859 [31mce_loss_g : 1.605746 [31mkl_synergy_rand_1 : 0.074460 [31mkl_synergy_rand_2 : 0.069417 [31mkl_synergy_1 : 0.070676 [31mkl_synergy_2 : 0.068356 [31mtotal : 1.729569 [31mdiag_kl_1 : 0.724859 [31mdiag_kl_2 : 0.914065 [94mAcc_combined: 66.06 [94mAcc_c: 33.19 [94mAcc_g: 43.47 [92mF1_combined: 60.73 [92mF1_c: 29.45 [92mF1_g: 35.46 [39m
2026-07-26 03:54:06,635 - Agent - INFO - [37mVal Epoch 65 step 65 with [31mce_loss_combined : 1.450937 [31mce_loss_c : 1.746946 [31mce_loss_g : 1.614336 [31mkl_synergy_rand_1 : 0.073094 [31mkl_synergy_rand_2 : 0.069288 [31mkl_synergy_1 : 0.069432 [31mkl_synergy_2 : 0.068365 [31mtotal : 1.731116 [31mdiag_kl_1 : 0.726642 [31mdiag_kl_2 : 0.956492 [94mAcc_combined: 63.41 [94mAcc_c: 33.49 [94mAcc_g: 42.58 [92mF1_combined: 58.45 [92mF1_c: 30.08 [92mF1_g: 34.82 [39m
2026-07-26 03:54:06,652 - Agent - INFO - [37mTest Epoch 65 step 65 with [31mce_loss_combined : 1.455060 [31mce_loss_c : 1.782810 [31mce_loss_g : 1.586550 [31mkl_synergy_rand_1 : 0.069956 [31mkl_synergy_rand_2 : 0.067236 [31mkl_synergy_1 : 0.067092 [31mkl_synergy_2 : 0.065189 [31mtotal : 1.724533 [31mdiag_kl_1 : 0.738370 [31mdiag_kl_2 : 0.914544 [94mAcc_combined: 65.20 [94mAcc_c: 31.80 [94mAcc_g: 43.79 [92mF1_combined: 60.03 [92mF1_c: 28.54 [92mF1_g: 34.90 [39m
2026-07-26 03:55:48,253 - Agent - INFO - [37mVal Epoch 66 step 66 with [31mce_loss_combined : 1.450247 [31mce_loss_c : 1.773764 [31mce_loss_g : 1.599868 [31mkl_synergy_rand_1 : 0.072575 [31mkl_synergy_rand_2 : 0.069518 [31mkl_synergy_1 : 0.069616 [31mkl_synergy_2 : 0.068855 [31mtotal : 1.730811 [31mdiag_kl_1 : 0.729646 [31mdiag_kl_2 : 0.964921 [94mAcc_combined: 64.44 [94mAcc_c: 31.88 [94mAcc_g: 43.96 [92mF1_combined: 59.70 [92mF1_c: 28.55 [92mF1_g: 36.37 [39m
2026-07-26 03:55:48,271 - Agent - INFO - [37mTest Epoch 66 step 66 with [31mce_loss_combined : 1.454080 [31mce_loss_c : 1.810765 [31mce_loss_g : 1.580551 [31mkl_synergy_rand_1 : 0.070275 [31mkl_synergy_rand_2 : 0.066721 [31mkl_synergy_1 : 0.067072 [31mkl_synergy_2 : 0.064971 [31mtotal : 1.723119 [31mdiag_kl_1 : 0.737066 [31mdiag_kl_2 : 0.923099 [94mAcc_combined: 65.42 [94mAcc_c: 29.23 [94mAcc_g: 43.47 [92mF1_combined: 59.52 [92mF1_c: 26.04 [92mF1_g: 34.91 [39m
2026-07-26 03:57:23,997 - Agent - INFO - [37mVal Epoch 67 step 67 with [31mce_loss_combined : 1.448736 [31mce_loss_c : 1.778250 [31mce_loss_g : 1.625439 [31mkl_synergy_rand_1 : 0.074376 [31mkl_synergy_rand_2 : 0.069658 [31mkl_synergy_1 : 0.069230 [31mkl_synergy_2 : 0.067789 [31mtotal : 1.729789 [31mdiag_kl_1 : 0.729149 [31mdiag_kl_2 : 0.955212 [94mAcc_combined: 64.33 [94mAcc_c: 30.72 [94mAcc_g: 42.12 [92mF1_combined: 59.46 [92mF1_c: 27.25 [92mF1_g: 35.49 [39m
2026-07-26 03:57:24,014 - Agent - INFO - [37mTest Epoch 67 step 67 with [31mce_loss_combined : 1.453543 [31mce_loss_c : 1.814354 [31mce_loss_g : 1.609171 [31mkl_synergy_rand_1 : 0.071813 [31mkl_synergy_rand_2 : 0.068417 [31mkl_synergy_1 : 0.069048 [31mkl_synergy_2 : 0.067086 [31mtotal : 1.729906 [31mdiag_kl_1 : 0.739759 [31mdiag_kl_2 : 0.919924 [94mAcc_combined: 66.27 [94mAcc_c: 29.98 [94mAcc_g: 41.65 [92mF1_combined: 61.05 [92mF1_c: 26.61 [92mF1_g: 34.52 [39m
2026-07-26 03:59:04,123 - Agent - INFO - [37mVal Epoch 68 step 68 with [31mce_loss_combined : 1.451977 [31mce_loss_c : 1.785169 [31mce_loss_g : 1.629294 [31mkl_synergy_rand_1 : 0.071954 [31mkl_synergy_rand_2 : 0.067442 [31mkl_synergy_1 : 0.066948 [31mkl_synergy_2 : 0.064664 [31mtotal : 1.722986 [31mdiag_kl_1 : 0.726383 [31mdiag_kl_2 : 0.967426 [94mAcc_combined: 65.02 [94mAcc_c: 30.03 [94mAcc_g: 39.59 [92mF1_combined: 60.10 [92mF1_c: 26.52 [92mF1_g: 32.68 [39m
2026-07-26 03:59:04,140 - Agent - INFO - [37mTest Epoch 68 step 68 with [31mce_loss_combined : 1.450596 [31mce_loss_c : 1.819165 [31mce_loss_g : 1.592997 [31mkl_synergy_rand_1 : 0.071111 [31mkl_synergy_rand_2 : 0.067342 [31mkl_synergy_1 : 0.066534 [31mkl_synergy_2 : 0.066256 [31mtotal : 1.721839 [31mdiag_kl_1 : 0.728682 [31mdiag_kl_2 : 0.917017 [94mAcc_combined: 66.49 [94mAcc_c: 29.44 [94mAcc_g: 42.29 [92mF1_combined: 60.83 [92mF1_c: 25.88 [92mF1_g: 35.20 [39m
2026-07-26 03:59:19,943 - Agent - INFO - We are in the final state.
2026-07-26 03:59:20,348 - root - INFO - Loaded best model from best_model_accuracy_state_dict
2026-07-26 03:59:38,800 - Agent - INFO - [37mVal Epoch 68 step 0 with [31mce_loss_combined : 1.416537 [31mce_loss_c : 1.544945 [31mce_loss_g : 1.693981 [31mkl_synergy_rand_1 : 0.079804 [31mkl_synergy_rand_2 : 0.080377 [31mkl_synergy_1 : 0.076540 [31mkl_synergy_2 : 0.079524 [31mtotal : 1.732781 [31mdiag_kl_1 : 0.721229 [31mdiag_kl_2 : 0.930911 [94mAcc_combined: 65.25 [94mAcc_c: 44.65 [94mAcc_g: 36.71 [92mF1_combined: 60.14 [92mF1_c: 39.79 [92mF1_g: 30.80 [39m
2026-07-26 03:59:55,436 - Agent - INFO - [37mTest Epoch 68 step 0 with [31mce_loss_combined : 1.434669 [31mce_loss_c : 1.579285 [31mce_loss_g : 1.682541 [31mkl_synergy_rand_1 : 0.078404 [31mkl_synergy_rand_2 : 0.075832 [31mkl_synergy_1 : 0.074552 [31mkl_synergy_2 : 0.074484 [31mtotal : 1.737941 [31mdiag_kl_1 : 0.728501 [31mdiag_kl_2 : 0.904521 [94mAcc_combined: 65.31 [94mAcc_c: 43.90 [94mAcc_g: 39.08 [92mF1_combined: 60.31 [92mF1_c: 39.42 [92mF1_g: 32.35 [39m
2026-07-26 04:00:04,204 - Agent - INFO - [37mModel saved successfully at: ./data/data/2025_data/synergy/CremadPlus/v2/SynIB_RMask_U_REFABL_cremad_fold2_l1.0_ir0.5_perturbrandom_fillema_pmin0.20_refclass_prior.pth.tar[39m
Job finished
