Starting SynIB reference-ablation job
Python 3.12.12
/esat/smcdata/users/kkontras/Image_Dataset/no_backup/git/SynIB  (git 16830bb)
GPU 0: NVIDIA GeForce RTX 3090 (UUID: GPU-cbd14388-8b6f-8598-57f8-271cdeb47aba)
Executing: PYTHONPATH=src /esat/smcdata/users/kkontras/Image_Dataset/no_backup/envs/synergy/bin/python -m synib.entrypoints.train --config run/configs/rebuttal_ref_ablation/cremad_synib_u.json --default_config run/configs/rebuttal_ref_ablation/cremad_default.json --fold 1 --ironic_rate 0.1 --rmask random --l 1.0 --perturb_pmin 0.20 --perturb_fill ema --reference_type class_prior --ref_diag --start_over --tag REFABL_cremad_a01
Namespace(config='run/configs/rebuttal_ref_ablation/cremad_synib_u.json', default_config='run/configs/rebuttal_ref_ablation/cremad_default.json', fold='1', alpha=None, tanh_mode_beta=None, regby=None, batch_size=None, l='1.0', multil=None, lib=None, kmepoch=None, num_samples=None, contrcoeff=None, contr_type=None, shuffle_type=None, validate_with=None, num_classes=None, optim_method=None, ending_epoch=None, load_ongoing=None, recon_weight1=None, recon_weight2=None, recon_epochstages=None, recon_ensemblestages=None, lr=None, wd=None, cls=None, ironic_rate='0.1', perturb='random', perturb_fill='ema', perturb_pmax=None, perturb_pmin='0.20', perturb_lsparse=None, rmask='random', pmin=None, pmax=None, lsparse=None, debug_mask_stats=False, pre=False, frozen=False, tdqm_disable=False, start_over=True, no_model_save=False, num_layers=None, grad_accum=None, init_from=None, init_strict=False, perturb_lsparse_sign=None, l_anneal_epochs=None, perturb_steps=None, perturb_lsparse_warmup=None, perturb_lsparse_schedule=None, persist_ell=False, save_masks=False, penalty_swap=False, disable_ce_random=False, disable_kl_learned=False, masking_only=False, modality_dropout=None, modality_dropout_target=None, l_z1_masked=None, l_z2_masked=None, l_pareto=None, reference_type='class_prior', ref_diag=True, ref_ema_decay=None, tag='REFABL_cremad_a01')
2026-07-26 04:06:02,495 - Config - INFO - run/configs/rebuttal_ref_ablation/cremad_synib_u.json
2026-07-26 04:06:02,496 - Config - INFO -  THE Configuration of your experiment ..
{'agent': 'Agent',
 'dataset': {'data_roots': './data/CremaD/CREMA-D',
             'data_split': {'fold': 0, 'method': 'non_inclusive'},
             'dataloader_class': 'IronyCremadDataloader',
             'fps': 1,
             'ironic_label_name': 'SARCASM',
             'ironic_modes': ['train', 'val', 'test'],
             'ironic_rate': 1.0,
             'norm': False,
             'norm_face_path': './src/synib/mydatasets/Irony_Cremad/assets/norms/norm_face_path_fold{}.pkl',
             'norm_wav_path': './src/synib/mydatasets/Irony_Cremad/assets/norms/wav_norm_22050_fold{}.pkl',
             'num_frame': 3,
             'return_data': {'audio': False,
                             'face': False,
                             'spectrogram': True,
                             'video': True},
             'sampling_rate': 22050},
 'early_stopping': {'end_of_epoch_check': True,
                    'log_interval': 10,
                    'max_epoch': 1500,
                    'n_steps_stop': 30,
                    'n_steps_stop_after': 0,
                    'save_every_step': 3000,
                    'save_every_valstep': 10,
                    'validate_after': 0,
                    'validate_every': 25,
                    'validate_with': 'accuracy'},
 'exp_name': 'CREMAD Experiment',
 'model': {'args': {'bias_infusion': {'contrcoeff': 0.0, 'l': 1.0},
                    'cls_type': 'mlp',
                    'd_model': 512,
                    'dropout': 0.1,
                    'fc_inner': 64,
                    'in_dim': 64,
                    'multi_loss': {'multi_supervised_w': {'c': 1,
                                                          'combined': 1,
                                                          'g': 1}},
                    'norm_decision': False,
                    'num_classes': 7,
                    'synergy_type': 'unimodal_anchor'},
           'ceu': {'test': './artifacts/ceus/cremad/cremadplus_ceu_test_res_{}.pkl',
                   'val': './artifacts/ceus/cremad/cremadplus_ceu_val_res_{}.pkl'},
           'encoders': [{'args': {'d_model': 512,
                                  'dropout': 0.1,
                                  'fc_inner': 64,
                                  'freeze_encoder': False,
                                  'num_classes': 7},
                         'model': 'Audio_ResNet',
                         'name': 'enc_0_modality1_encoder',
                         'pretrainedEncoder': {'dir': 'unimodal_audio_fold{}_ir1.0_lr0.001_wd0.0001_clsmlp_bs64.pth.tar',
                                               'use': True},
                         'save_encoder': False},
                        {'args': {'d_model': 512,
                                  'dropout': 0.1,
                                  'fc_inner': 64,
                                  'freeze_encoder': False,
                                  'num_classes': 7},
                         'model': 'Video_ResNet',
                         'name': 'enc_1_modality2_encoder',
                         'pretrainedEncoder': {'dir': 'unimodal_video_fold{}_ir1.0_lr0.0001_wd0.0001_clsmlp_bs64.pth.tar',
                                               'use': True},
                         'save_encoder': False},
                        {'args': {'d_model': 512,
                                  'dropout': 0.1,
                                  'fc_inner': 64,
                                  'freeze_encoder': False},
                         'model': 'FusionTrunkLinear',
                         'name': 'enc_2_fusion_trunk',
                         'pretrainedEncoder': {'dir': 'enc_2_fusion_trunk_fold{}.pth.tar',
                                               'use': False},
                         'save_encoder': False},
                        {'args': {'freeze_encoder': False,
                                  'in_dim': 64,
                                  'num_classes': 7},
                         'model': 'LinearHead',
                         'name': 'enc_3_fusion_head',
                         'pretrainedEncoder': {'dir': 'enc_3_fusion_head_fold{}.pth.tar',
                                               'use': False},
                         'save_encoder': False},
                        {'args': {'dropout': 0.1,
                                  'freeze_encoder': False,
                                  'hidden_dim': 64,
                                  'in_dim': 512,
                                  'num_classes': 7},
                         'model': 'MLPHead',
                         'name': 'enc_4_unimodal_head_1',
                         'pretrainedEncoder': {'dir': 'enc_4_unimodal1_fold{}.pth.tar',
                                               'use': False},
                         'save_encoder': False},
                        {'args': {'dropout': 0.1,
                                  'freeze_encoder': False,
                                  'hidden_dim': 64,
                                  'in_dim': 512,
                                  'num_classes': 7},
                         'model': 'MLPHead',
                         'name': 'enc_5_unimodal_head_2',
                         'pretrainedEncoder': {'dir': 'enc_5_unimodal2_fold{}.pth.tar',
                                               'use': False},
                         'save_encoder': False}],
           'load_ongoing': False,
           'model_class': 'FusionIBModel_Mask_U',
           'save_base_dir': './data/data/2025_data/synergy/CremadPlus/v2',
           'save_dir': 'SynIB_RMask_U_{}.pth.tar'},
 'optimizer': {'beta1': 0.9,
               'beta2': 0.999,
               'learning_rate': 1e-05,
               'momentum': 0.9,
               'type': 'Adam',
               'weight_decay': 1e-05},
 'scheduler': {'max_lr': 0.03, 'type': 'cosanneal', 'warm_up_steps': 780},
 'training_params': {'async_loading': True,
                     'batch_size': 128,
                     'cuda': True,
                     'data_loader_workers': 8,
                     'gpu_device': [0],
                     'pin_memory': False,
                     'rec_test': True,
                     'res': True,
                     'seed': 109,
                     'tdqm_disable': False,
                     'test_batch_size': 128,
                     'test_on_bottoms': True,
                     'use_test_set': True,
                     'validation': True,
                     'verbose': True,
                     'wandb_disable': False}}
2026-07-26 04:06:02,500 - Config - INFO -  *************************************** 
2026-07-26 04:06:02,500 - Config - INFO - The experiment name is CREMAD Experiment
2026-07-26 04:06:02,500 - Config - INFO -  *************************************** 
2026-07-26 04:06:02,500 - root - INFO - save_dir: SynIB_RMask_U_REFABL_cremad_a01_fold1_l1.0_ir0.1_perturbrandom_fillema_pmin0.20_refclass_prior.pth.tar
2026-07-26 04:06:02,632 - Cuda Statistics - INFO - __Python VERSION:  3.12.12 | packaged by Anaconda, Inc. | (main, Oct 21 2025, 20:16:04) [GCC 11.2.0]
2026-07-26 04:06:02,632 - Cuda Statistics - INFO - __pyTorch VERSION:  2.7.1+cu118
2026-07-26 04:06:02,632 - Cuda Statistics - INFO - __CUDA VERSION
2026-07-26 04:06:02,634 - Cuda Statistics - INFO - __CUDNN VERSION:  90100
2026-07-26 04:06:02,675 - Cuda Statistics - INFO - __Number CUDA Devices:  1
2026-07-26 04:06:02,675 - Cuda Statistics - INFO - __Devices
2026-07-26 04:06:02,675 - Cuda Statistics - INFO - index, name, driver_version, memory.total [MiB], memory.used [MiB], memory.free [MiB]
2026-07-26 04:06:02,675 - Cuda Statistics - INFO - 0, NVIDIA GeForce RTX 3090, 610.43.03, 24576 MiB, 4 MiB, 24120 MiB
2026-07-26 04:06:02,678 - Cuda Statistics - INFO - Active CUDA Device: GPU 0
2026-07-26 04:06:02,678 - Cuda Statistics - INFO - Available devices  1
2026-07-26 04:06:02,678 - Cuda Statistics - INFO - Current cuda device  0
2026-07-26 04:06:03,736 - IronyCremadDataset - INFO - Loaded wav norm from ./src/synib/mydatasets/Irony_Cremad/assets/norms/wav_norm_22050_fold1.pkl
2026-07-26 04:06:03,969 - IronyCremadDataset - INFO - Loaded wav norm from ./src/synib/mydatasets/Irony_Cremad/assets/norms/wav_norm_22050_fold1.pkl
2026-07-26 04:06:04,205 - IronyCremadDataset - INFO - Loaded wav norm from ./src/synib/mydatasets/Irony_Cremad/assets/norms/wav_norm_22050_fold1.pkl
2026-07-26 04:06:04,207 - Agent - INFO - Device: cuda:0
2026-07-26 04:06:04,207 - Agent - INFO - Total training batches: 32, validate every 25 batches, steps per epoch: 2
2026-07-26 04:06:04,265 - Agent - INFO - class_prior counts=[678, 817, 533, 638, 624, 667, 67] prior=[0.1685, 0.203, 0.1325, 0.1585, 0.1551, 0.1658, 0.0167]
2026-07-26 04:06:04,266 - Agent - INFO - Loss Weights are {'total': 1, 'combined': 1, 'c': 1, 'g': 1}
2026-07-26 04:06:04,266 - root - INFO - There is no CEU for train
2026-07-26 04:06:04,267 - root - INFO - There is no CEU for val
2026-07-26 04:06:04,267 - root - INFO - There is no CEU for test
{'d_model': 512, 'num_classes': 7, 'fc_inner': 64, 'dropout': 0.1, 'freeze_encoder': False}
2026-07-26 04:06:04,769 - root - INFO - Loading enc best model state dict from ./data/data/2025_data/synergy/CremadPlus/v2/unimodal_audio_fold1_ir0.1_lr0.001_wd0.0001_clsmlp_bs64.pth.tar
2026-07-26 04:06:05,299 - root - INFO - Loading enc best model state dict from ./data/data/2025_data/synergy/CremadPlus/v2/unimodal_video_fold1_ir0.1_lr0.0001_wd0.0001_clsmlp_bs64.pth.tar
2026-07-26 04:06:05,579 - Agent - INFO - Total number of trainable parameters are: 44840497
2026-07-26 04:06:05,586 - Agent - INFO - Total number of trainable parameters are: 22486563
2026-07-26 04:07:29,066 - Evaluator - INFO - New best with loss-accuracy-
2026-07-26 04:07:29,066 - Agent - INFO - [37mVal Epoch 1 step 1 with [31mce_loss_combined : 1.698640 [31mce_loss_c : 1.786752 [31mce_loss_g : 2.745499 [31mkl_synergy_rand_1 : 0.104356 [31mkl_synergy_rand_2 : 0.107168 [31mkl_synergy_1 : 0.104504 [31mkl_synergy_2 : 0.109721 [31mtotal : 2.124390 [31mdiag_kl_1 : 1.353667 [31mdiag_kl_2 : 1.304391 [94mAcc_combined: 54.48 [94mAcc_c: 60.16 [94mAcc_g: 48.58 [92mF1_combined: 42.61 [92mF1_c: 52.00 [92mF1_g: 40.09 [39m
2026-07-26 04:07:29,081 - Agent - INFO - [37mTest Epoch 1 step 1 with [31mce_loss_combined : 1.698401 [31mce_loss_c : 1.909861 [31mce_loss_g : 2.682207 [31mkl_synergy_rand_1 : 0.105510 [31mkl_synergy_rand_2 : 0.107804 [31mkl_synergy_1 : 0.104957 [31mkl_synergy_2 : 0.109923 [31mtotal : 2.126595 [31mdiag_kl_1 : 1.385402 [31mdiag_kl_2 : 1.356297 [94mAcc_combined: 55.08 [94mAcc_c: 61.09 [94mAcc_g: 52.13 [92mF1_combined: 44.73 [92mF1_c: 52.44 [92mF1_g: 43.15 [39m
2026-07-26 04:07:29,770 - Agent - INFO - [37mModel saved successfully at: ./data/data/2025_data/synergy/CremadPlus/v2/SynIB_RMask_U_REFABL_cremad_a01_fold1_l1.0_ir0.1_perturbrandom_fillema_pmin0.20_refclass_prior.pth.tar[39m
2026-07-26 04:08:57,397 - Evaluator - INFO - New best with loss-accuracy-
2026-07-26 04:08:57,397 - Agent - INFO - [37mVal Epoch 2 step 2 with [31mce_loss_combined : 1.545661 [31mce_loss_c : 1.773955 [31mce_loss_g : 2.726538 [31mkl_synergy_rand_1 : 0.104367 [31mkl_synergy_rand_2 : 0.110996 [31mkl_synergy_1 : 0.107220 [31mkl_synergy_2 : 0.114165 [31mtotal : 1.982408 [31mdiag_kl_1 : 1.213073 [31mdiag_kl_2 : 1.154379 [94mAcc_combined: 60.16 [94mAcc_c: 60.27 [94mAcc_g: 47.22 [92mF1_combined: 49.15 [92mF1_c: 52.03 [92mF1_g: 40.25 [39m
2026-07-26 04:08:57,412 - Agent - INFO - [37mTest Epoch 2 step 2 with [31mce_loss_combined : 1.531764 [31mce_loss_c : 1.884667 [31mce_loss_g : 2.487648 [31mkl_synergy_rand_1 : 0.102972 [31mkl_synergy_rand_2 : 0.107435 [31mkl_synergy_1 : 0.105656 [31mkl_synergy_2 : 0.111858 [31mtotal : 1.959685 [31mdiag_kl_1 : 1.245199 [31mdiag_kl_2 : 1.212628 [94mAcc_combined: 64.37 [94mAcc_c: 60.98 [94mAcc_g: 51.26 [92mF1_combined: 53.34 [92mF1_c: 52.18 [92mF1_g: 44.20 [39m
2026-07-26 04:08:58,702 - Agent - INFO - [37mModel saved successfully at: ./data/data/2025_data/synergy/CremadPlus/v2/SynIB_RMask_U_REFABL_cremad_a01_fold1_l1.0_ir0.1_perturbrandom_fillema_pmin0.20_refclass_prior.pth.tar[39m
2026-07-26 04:10:22,587 - Evaluator - INFO - New best with loss-accuracy-
2026-07-26 04:10:22,587 - Agent - INFO - [37mVal Epoch 3 step 3 with [31mce_loss_combined : 1.474790 [31mce_loss_c : 1.762576 [31mce_loss_g : 2.771097 [31mkl_synergy_rand_1 : 0.106080 [31mkl_synergy_rand_2 : 0.109432 [31mkl_synergy_1 : 0.108771 [31mkl_synergy_2 : 0.114935 [31mtotal : 1.914009 [31mdiag_kl_1 : 1.136232 [31mdiag_kl_2 : 1.089367 [94mAcc_combined: 61.52 [94mAcc_c: 59.48 [94mAcc_g: 46.20 [92mF1_combined: 51.67 [92mF1_c: 51.28 [92mF1_g: 39.46 [39m
2026-07-26 04:10:22,604 - Agent - INFO - [37mTest Epoch 3 step 3 with [31mce_loss_combined : 1.462277 [31mce_loss_c : 1.842297 [31mce_loss_g : 2.544901 [31mkl_synergy_rand_1 : 0.101182 [31mkl_synergy_rand_2 : 0.105659 [31mkl_synergy_1 : 0.106728 [31mkl_synergy_2 : 0.110438 [31mtotal : 1.886284 [31mdiag_kl_1 : 1.178482 [31mdiag_kl_2 : 1.144958 [94mAcc_combined: 66.56 [94mAcc_c: 60.44 [94mAcc_g: 50.93 [92mF1_combined: 55.76 [92mF1_c: 51.89 [92mF1_g: 43.55 [39m
2026-07-26 04:10:23,983 - Agent - INFO - [37mModel saved successfully at: ./data/data/2025_data/synergy/CremadPlus/v2/SynIB_RMask_U_REFABL_cremad_a01_fold1_l1.0_ir0.1_perturbrandom_fillema_pmin0.20_refclass_prior.pth.tar[39m
2026-07-26 04:11:42,777 - Evaluator - INFO - New best with loss-accuracy-
2026-07-26 04:11:42,778 - Agent - INFO - [37mVal Epoch 4 step 4 with [31mce_loss_combined : 1.400017 [31mce_loss_c : 1.722614 [31mce_loss_g : 2.359545 [31mkl_synergy_rand_1 : 0.099070 [31mkl_synergy_rand_2 : 0.101282 [31mkl_synergy_1 : 0.102608 [31mkl_synergy_2 : 0.109066 [31mtotal : 1.812043 [31mdiag_kl_1 : 1.058097 [31mdiag_kl_2 : 1.043765 [94mAcc_combined: 66.74 [94mAcc_c: 58.57 [94mAcc_g: 45.40 [92mF1_combined: 57.14 [92mF1_c: 50.58 [92mF1_g: 39.38 [39m
2026-07-26 04:11:42,803 - Agent - INFO - [37mTest Epoch 4 step 4 with [31mce_loss_combined : 1.381740 [31mce_loss_c : 1.779644 [31mce_loss_g : 2.190634 [31mkl_synergy_rand_1 : 0.098050 [31mkl_synergy_rand_2 : 0.098650 [31mkl_synergy_1 : 0.102769 [31mkl_synergy_2 : 0.106724 [31mtotal : 1.787933 [31mdiag_kl_1 : 1.091186 [31mdiag_kl_2 : 1.100094 [94mAcc_combined: 72.68 [94mAcc_c: 60.44 [94mAcc_g: 50.16 [92mF1_combined: 61.89 [92mF1_c: 52.05 [92mF1_g: 42.96 [39m
2026-07-26 04:11:44,153 - Agent - INFO - [37mModel saved successfully at: ./data/data/2025_data/synergy/CremadPlus/v2/SynIB_RMask_U_REFABL_cremad_a01_fold1_l1.0_ir0.1_perturbrandom_fillema_pmin0.20_refclass_prior.pth.tar[39m
2026-07-26 04:13:08,850 - Evaluator - INFO - New best with loss-accuracy-
2026-07-26 04:13:08,850 - Agent - INFO - [37mVal Epoch 5 step 5 with [31mce_loss_combined : 1.357606 [31mce_loss_c : 1.670321 [31mce_loss_g : 2.244728 [31mkl_synergy_rand_1 : 0.096495 [31mkl_synergy_rand_2 : 0.096837 [31mkl_synergy_1 : 0.100405 [31mkl_synergy_2 : 0.106333 [31mtotal : 1.757676 [31mdiag_kl_1 : 0.999922 [31mdiag_kl_2 : 1.028501 [94mAcc_combined: 69.01 [94mAcc_c: 58.91 [94mAcc_g: 44.61 [92mF1_combined: 59.09 [92mF1_c: 50.85 [92mF1_g: 39.34 [39m
2026-07-26 04:13:08,871 - Agent - INFO - [37mTest Epoch 5 step 5 with [31mce_loss_combined : 1.338569 [31mce_loss_c : 1.719210 [31mce_loss_g : 2.068330 [31mkl_synergy_rand_1 : 0.096664 [31mkl_synergy_rand_2 : 0.096957 [31mkl_synergy_1 : 0.104385 [31mkl_synergy_2 : 0.106497 [31mtotal : 1.743072 [31mdiag_kl_1 : 1.031665 [31mdiag_kl_2 : 1.091547 [94mAcc_combined: 73.11 [94mAcc_c: 60.11 [94mAcc_g: 48.85 [92mF1_combined: 62.25 [92mF1_c: 51.89 [92mF1_g: 41.98 [39m
2026-07-26 04:13:10,435 - Agent - INFO - [37mModel saved successfully at: ./data/data/2025_data/synergy/CremadPlus/v2/SynIB_RMask_U_REFABL_cremad_a01_fold1_l1.0_ir0.1_perturbrandom_fillema_pmin0.20_refclass_prior.pth.tar[39m
2026-07-26 04:14:39,004 - Evaluator - INFO - New best with loss-accuracy-
2026-07-26 04:14:39,004 - Agent - INFO - [37mVal Epoch 6 step 6 with [31mce_loss_combined : 1.356434 [31mce_loss_c : 1.621792 [31mce_loss_g : 2.243511 [31mkl_synergy_rand_1 : 0.094114 [31mkl_synergy_rand_2 : 0.092799 [31mkl_synergy_1 : 0.098859 [31mkl_synergy_2 : 0.102579 [31mtotal : 1.744787 [31mdiag_kl_1 : 0.984283 [31mdiag_kl_2 : 1.030319 [94mAcc_combined: 69.24 [94mAcc_c: 58.46 [94mAcc_g: 42.22 [92mF1_combined: 59.34 [92mF1_c: 50.58 [92mF1_g: 36.68 [39m
2026-07-26 04:14:39,024 - Agent - INFO - [37mTest Epoch 6 step 6 with [31mce_loss_combined : 1.339505 [31mce_loss_c : 1.677941 [31mce_loss_g : 2.191398 [31mkl_synergy_rand_1 : 0.091796 [31mkl_synergy_rand_2 : 0.089608 [31mkl_synergy_1 : 0.098112 [31mkl_synergy_2 : 0.099509 [31mtotal : 1.718529 [31mdiag_kl_1 : 1.018512 [31mdiag_kl_2 : 1.088537 [94mAcc_combined: 73.33 [94mAcc_c: 58.69 [94mAcc_g: 46.23 [92mF1_combined: 62.61 [92mF1_c: 50.79 [92mF1_g: 39.52 [39m
2026-07-26 04:14:40,364 - Agent - INFO - [37mModel saved successfully at: ./data/data/2025_data/synergy/CremadPlus/v2/SynIB_RMask_U_REFABL_cremad_a01_fold1_l1.0_ir0.1_perturbrandom_fillema_pmin0.20_refclass_prior.pth.tar[39m
2026-07-26 04:16:07,182 - Evaluator - INFO - New best with loss-
2026-07-26 04:16:07,182 - Agent - INFO - [37mVal Epoch 7 step 7 with [31mce_loss_combined : 1.337822 [31mce_loss_c : 1.574525 [31mce_loss_g : 2.012119 [31mkl_synergy_rand_1 : 0.091193 [31mkl_synergy_rand_2 : 0.087751 [31mkl_synergy_1 : 0.098141 [31mkl_synergy_2 : 0.099488 [31mtotal : 1.714395 [31mdiag_kl_1 : 0.959298 [31mdiag_kl_2 : 1.040910 [94mAcc_combined: 69.01 [94mAcc_c: 57.66 [94mAcc_g: 43.81 [92mF1_combined: 58.97 [92mF1_c: 49.95 [92mF1_g: 38.12 [39m
2026-07-26 04:16:07,208 - Agent - INFO - [37mTest Epoch 7 step 7 with [31mce_loss_combined : 1.322318 [31mce_loss_c : 1.627465 [31mce_loss_g : 1.935889 [31mkl_synergy_rand_1 : 0.089323 [31mkl_synergy_rand_2 : 0.086974 [31mkl_synergy_1 : 0.097849 [31mkl_synergy_2 : 0.098370 [31mtotal : 1.694834 [31mdiag_kl_1 : 0.991282 [31mdiag_kl_2 : 1.096875 [94mAcc_combined: 74.32 [94mAcc_c: 58.91 [94mAcc_g: 46.01 [92mF1_combined: 63.30 [92mF1_c: 50.94 [92mF1_g: 38.84 [39m
2026-07-26 04:16:08,914 - Agent - INFO - [37mModel saved successfully at: ./data/data/2025_data/synergy/CremadPlus/v2/SynIB_RMask_U_REFABL_cremad_a01_fold1_l1.0_ir0.1_perturbrandom_fillema_pmin0.20_refclass_prior.pth.tar[39m
2026-07-26 04:17:34,547 - Evaluator - INFO - New best with loss-accuracy-
2026-07-26 04:17:34,547 - Agent - INFO - [37mVal Epoch 8 step 8 with [31mce_loss_combined : 1.320842 [31mce_loss_c : 1.543269 [31mce_loss_g : 1.927786 [31mkl_synergy_rand_1 : 0.091359 [31mkl_synergy_rand_2 : 0.086566 [31mkl_synergy_1 : 0.097328 [31mkl_synergy_2 : 0.098316 [31mtotal : 1.694412 [31mdiag_kl_1 : 0.942704 [31mdiag_kl_2 : 1.037522 [94mAcc_combined: 69.69 [94mAcc_c: 57.43 [94mAcc_g: 41.54 [92mF1_combined: 59.40 [92mF1_c: 49.88 [92mF1_g: 36.68 [39m
2026-07-26 04:17:34,563 - Agent - INFO - [37mTest Epoch 8 step 8 with [31mce_loss_combined : 1.307894 [31mce_loss_c : 1.582951 [31mce_loss_g : 1.924001 [31mkl_synergy_rand_1 : 0.089123 [31mkl_synergy_rand_2 : 0.084150 [31mkl_synergy_1 : 0.097202 [31mkl_synergy_2 : 0.093663 [31mtotal : 1.672032 [31mdiag_kl_1 : 0.969349 [31mdiag_kl_2 : 1.107322 [94mAcc_combined: 75.52 [94mAcc_c: 57.92 [94mAcc_g: 44.70 [92mF1_combined: 64.41 [92mF1_c: 50.34 [92mF1_g: 37.99 [39m
2026-07-26 04:17:36,110 - Agent - INFO - [37mModel saved successfully at: ./data/data/2025_data/synergy/CremadPlus/v2/SynIB_RMask_U_REFABL_cremad_a01_fold1_l1.0_ir0.1_perturbrandom_fillema_pmin0.20_refclass_prior.pth.tar[39m
2026-07-26 04:19:00,256 - Agent - INFO - [37mVal Epoch 9 step 9 with [31mce_loss_combined : 1.332341 [31mce_loss_c : 1.499087 [31mce_loss_g : 1.853839 [31mkl_synergy_rand_1 : 0.089417 [31mkl_synergy_rand_2 : 0.082442 [31mkl_synergy_1 : 0.097993 [31mkl_synergy_2 : 0.094730 [31mtotal : 1.696923 [31mdiag_kl_1 : 0.941064 [31mdiag_kl_2 : 1.060400 [94mAcc_combined: 69.47 [94mAcc_c: 56.53 [94mAcc_g: 40.64 [92mF1_combined: 59.25 [92mF1_c: 48.99 [92mF1_g: 35.06 [39m
2026-07-26 04:19:00,272 - Agent - INFO - [37mTest Epoch 9 step 9 with [31mce_loss_combined : 1.317117 [31mce_loss_c : 1.531592 [31mce_loss_g : 1.908249 [31mkl_synergy_rand_1 : 0.088503 [31mkl_synergy_rand_2 : 0.079443 [31mkl_synergy_1 : 0.095195 [31mkl_synergy_2 : 0.090554 [31mtotal : 1.670812 [31mdiag_kl_1 : 0.968298 [31mdiag_kl_2 : 1.115003 [94mAcc_combined: 74.75 [94mAcc_c: 57.38 [94mAcc_g: 42.40 [92mF1_combined: 63.72 [92mF1_c: 49.91 [92mF1_g: 36.68 [39m
2026-07-26 04:20:26,731 - Evaluator - INFO - New best with loss-accuracy-
2026-07-26 04:20:26,732 - Agent - INFO - [37mVal Epoch 10 step 10 with [31mce_loss_combined : 1.320717 [31mce_loss_c : 1.460938 [31mce_loss_g : 1.828909 [31mkl_synergy_rand_1 : 0.089437 [31mkl_synergy_rand_2 : 0.079645 [31mkl_synergy_1 : 0.096317 [31mkl_synergy_2 : 0.093119 [31mtotal : 1.679235 [31mdiag_kl_1 : 0.922452 [31mdiag_kl_2 : 1.063792 [94mAcc_combined: 70.03 [94mAcc_c: 54.37 [94mAcc_g: 40.75 [92mF1_combined: 59.73 [92mF1_c: 47.25 [92mF1_g: 35.76 [39m
2026-07-26 04:20:26,752 - Agent - INFO - [37mTest Epoch 10 step 10 with [31mce_loss_combined : 1.308949 [31mce_loss_c : 1.493878 [31mce_loss_g : 1.839379 [31mkl_synergy_rand_1 : 0.088369 [31mkl_synergy_rand_2 : 0.077388 [31mkl_synergy_1 : 0.096469 [31mkl_synergy_2 : 0.087693 [31mtotal : 1.658868 [31mdiag_kl_1 : 0.943929 [31mdiag_kl_2 : 1.136838 [94mAcc_combined: 74.10 [94mAcc_c: 55.41 [94mAcc_g: 44.92 [92mF1_combined: 63.14 [92mF1_c: 48.39 [92mF1_g: 38.49 [39m
2026-07-26 04:20:28,078 - Agent - INFO - [37mModel saved successfully at: ./data/data/2025_data/synergy/CremadPlus/v2/SynIB_RMask_U_REFABL_cremad_a01_fold1_l1.0_ir0.1_perturbrandom_fillema_pmin0.20_refclass_prior.pth.tar[39m
2026-07-26 04:21:55,220 - Agent - INFO - [37mVal Epoch 11 step 11 with [31mce_loss_combined : 1.332022 [31mce_loss_c : 1.408892 [31mce_loss_g : 1.823233 [31mkl_synergy_rand_1 : 0.086782 [31mkl_synergy_rand_2 : 0.077114 [31mkl_synergy_1 : 0.095709 [31mkl_synergy_2 : 0.087991 [31mtotal : 1.679619 [31mdiag_kl_1 : 0.929744 [31mdiag_kl_2 : 1.078663 [94mAcc_combined: 68.90 [94mAcc_c: 54.03 [94mAcc_g: 40.18 [92mF1_combined: 58.90 [92mF1_c: 46.93 [92mF1_g: 35.05 [39m
2026-07-26 04:21:55,244 - Agent - INFO - [37mTest Epoch 11 step 11 with [31mce_loss_combined : 1.323639 [31mce_loss_c : 1.455300 [31mce_loss_g : 1.874701 [31mkl_synergy_rand_1 : 0.084287 [31mkl_synergy_rand_2 : 0.074631 [31mkl_synergy_1 : 0.093789 [31mkl_synergy_2 : 0.084138 [31mtotal : 1.660485 [31mdiag_kl_1 : 0.957900 [31mdiag_kl_2 : 1.147752 [94mAcc_combined: 73.88 [94mAcc_c: 54.54 [94mAcc_g: 43.17 [92mF1_combined: 63.01 [92mF1_c: 47.54 [92mF1_g: 36.71 [39m
2026-07-26 04:23:25,221 - Agent - INFO - [37mVal Epoch 12 step 12 with [31mce_loss_combined : 1.328991 [31mce_loss_c : 1.394560 [31mce_loss_g : 1.834263 [31mkl_synergy_rand_1 : 0.085441 [31mkl_synergy_rand_2 : 0.074678 [31mkl_synergy_1 : 0.095368 [31mkl_synergy_2 : 0.080994 [31mtotal : 1.665473 [31mdiag_kl_1 : 0.918581 [31mdiag_kl_2 : 1.089034 [94mAcc_combined: 69.58 [94mAcc_c: 53.12 [94mAcc_g: 39.84 [92mF1_combined: 59.35 [92mF1_c: 45.95 [92mF1_g: 34.15 [39m
2026-07-26 04:23:25,238 - Agent - INFO - [37mTest Epoch 12 step 12 with [31mce_loss_combined : 1.326222 [31mce_loss_c : 1.412848 [31mce_loss_g : 1.847868 [31mkl_synergy_rand_1 : 0.083219 [31mkl_synergy_rand_2 : 0.072856 [31mkl_synergy_1 : 0.091434 [31mkl_synergy_2 : 0.081271 [31mtotal : 1.655002 [31mdiag_kl_1 : 0.944201 [31mdiag_kl_2 : 1.166137 [94mAcc_combined: 73.01 [94mAcc_c: 54.86 [94mAcc_g: 42.62 [92mF1_combined: 62.09 [92mF1_c: 47.73 [92mF1_g: 36.16 [39m
2026-07-26 04:24:46,426 - Agent - INFO - [37mVal Epoch 13 step 13 with [31mce_loss_combined : 1.334909 [31mce_loss_c : 1.376274 [31mce_loss_g : 1.809033 [31mkl_synergy_rand_1 : 0.086829 [31mkl_synergy_rand_2 : 0.074235 [31mkl_synergy_1 : 0.094049 [31mkl_synergy_2 : 0.080502 [31mtotal : 1.670524 [31mdiag_kl_1 : 0.912832 [31mdiag_kl_2 : 1.096446 [94mAcc_combined: 69.24 [94mAcc_c: 52.78 [94mAcc_g: 39.27 [92mF1_combined: 59.25 [92mF1_c: 45.57 [92mF1_g: 33.77 [39m
2026-07-26 04:24:46,444 - Agent - INFO - [37mTest Epoch 13 step 13 with [31mce_loss_combined : 1.325664 [31mce_loss_c : 1.413935 [31mce_loss_g : 1.809916 [31mkl_synergy_rand_1 : 0.084777 [31mkl_synergy_rand_2 : 0.071651 [31mkl_synergy_1 : 0.094963 [31mkl_synergy_2 : 0.080386 [31mtotal : 1.657440 [31mdiag_kl_1 : 0.937839 [31mdiag_kl_2 : 1.163950 [94mAcc_combined: 73.33 [94mAcc_c: 53.33 [94mAcc_g: 42.84 [92mF1_combined: 62.52 [92mF1_c: 46.22 [92mF1_g: 36.83 [39m
2026-07-26 04:26:18,152 - Agent - INFO - [37mVal Epoch 14 step 14 with [31mce_loss_combined : 1.342936 [31mce_loss_c : 1.370898 [31mce_loss_g : 1.847827 [31mkl_synergy_rand_1 : 0.086906 [31mkl_synergy_rand_2 : 0.073785 [31mkl_synergy_1 : 0.094345 [31mkl_synergy_2 : 0.078149 [31mtotal : 1.676121 [31mdiag_kl_1 : 0.918771 [31mdiag_kl_2 : 1.103804 [94mAcc_combined: 68.22 [94mAcc_c: 52.33 [94mAcc_g: 35.98 [92mF1_combined: 58.24 [92mF1_c: 44.90 [92mF1_g: 31.26 [39m
2026-07-26 04:26:18,178 - Agent - INFO - [37mTest Epoch 14 step 14 with [31mce_loss_combined : 1.335806 [31mce_loss_c : 1.421871 [31mce_loss_g : 1.866330 [31mkl_synergy_rand_1 : 0.082815 [31mkl_synergy_rand_2 : 0.069954 [31mkl_synergy_1 : 0.092300 [31mkl_synergy_2 : 0.074891 [31mtotal : 1.655767 [31mdiag_kl_1 : 0.947551 [31mdiag_kl_2 : 1.173881 [94mAcc_combined: 72.46 [94mAcc_c: 51.69 [94mAcc_g: 41.86 [92mF1_combined: 61.66 [92mF1_c: 44.59 [92mF1_g: 35.64 [39m
2026-07-26 04:27:44,800 - Agent - INFO - [37mVal Epoch 15 step 15 with [31mce_loss_combined : 1.351725 [31mce_loss_c : 1.402406 [31mce_loss_g : 1.827371 [31mkl_synergy_rand_1 : 0.082156 [31mkl_synergy_rand_2 : 0.068786 [31mkl_synergy_1 : 0.091722 [31mkl_synergy_2 : 0.072735 [31mtotal : 1.667124 [31mdiag_kl_1 : 0.927197 [31mdiag_kl_2 : 1.121947 [94mAcc_combined: 68.56 [94mAcc_c: 51.08 [94mAcc_g: 35.98 [92mF1_combined: 58.91 [92mF1_c: 43.58 [92mF1_g: 31.00 [39m
2026-07-26 04:27:44,826 - Agent - INFO - [37mTest Epoch 15 step 15 with [31mce_loss_combined : 1.342401 [31mce_loss_c : 1.429402 [31mce_loss_g : 1.858005 [31mkl_synergy_rand_1 : 0.083497 [31mkl_synergy_rand_2 : 0.069645 [31mkl_synergy_1 : 0.090716 [31mkl_synergy_2 : 0.069869 [31mtotal : 1.656128 [31mdiag_kl_1 : 0.940855 [31mdiag_kl_2 : 1.189091 [94mAcc_combined: 71.91 [94mAcc_c: 50.49 [94mAcc_g: 41.31 [92mF1_combined: 61.42 [92mF1_c: 44.26 [92mF1_g: 35.16 [39m
2026-07-26 04:29:20,084 - Agent - INFO - [37mVal Epoch 16 step 16 with [31mce_loss_combined : 1.341307 [31mce_loss_c : 1.431374 [31mce_loss_g : 1.852392 [31mkl_synergy_rand_1 : 0.084325 [31mkl_synergy_rand_2 : 0.069235 [31mkl_synergy_1 : 0.093700 [31mkl_synergy_2 : 0.071890 [31mtotal : 1.660458 [31mdiag_kl_1 : 0.914483 [31mdiag_kl_2 : 1.118827 [94mAcc_combined: 68.56 [94mAcc_c: 49.49 [94mAcc_g: 34.39 [92mF1_combined: 58.60 [92mF1_c: 42.13 [92mF1_g: 29.25 [39m
2026-07-26 04:29:20,112 - Agent - INFO - [37mTest Epoch 16 step 16 with [31mce_loss_combined : 1.335377 [31mce_loss_c : 1.467890 [31mce_loss_g : 1.852859 [31mkl_synergy_rand_1 : 0.083342 [31mkl_synergy_rand_2 : 0.069356 [31mkl_synergy_1 : 0.091756 [31mkl_synergy_2 : 0.069984 [31mtotal : 1.649815 [31mdiag_kl_1 : 0.930069 [31mdiag_kl_2 : 1.187119 [94mAcc_combined: 71.91 [94mAcc_c: 49.51 [94mAcc_g: 39.89 [92mF1_combined: 61.23 [92mF1_c: 43.20 [92mF1_g: 35.11 [39m
2026-07-26 04:30:51,148 - Agent - INFO - [37mVal Epoch 17 step 17 with [31mce_loss_combined : 1.347676 [31mce_loss_c : 1.481102 [31mce_loss_g : 1.847479 [31mkl_synergy_rand_1 : 0.080755 [31mkl_synergy_rand_2 : 0.069028 [31mkl_synergy_1 : 0.090137 [31mkl_synergy_2 : 0.070284 [31mtotal : 1.657880 [31mdiag_kl_1 : 0.922617 [31mdiag_kl_2 : 1.113498 [94mAcc_combined: 67.54 [94mAcc_c: 47.33 [94mAcc_g: 31.67 [92mF1_combined: 57.44 [92mF1_c: 40.18 [92mF1_g: 26.63 [39m
2026-07-26 04:30:51,164 - Agent - INFO - [37mTest Epoch 17 step 17 with [31mce_loss_combined : 1.342435 [31mce_loss_c : 1.497053 [31mce_loss_g : 1.892786 [31mkl_synergy_rand_1 : 0.081468 [31mkl_synergy_rand_2 : 0.067227 [31mkl_synergy_1 : 0.089524 [31mkl_synergy_2 : 0.067129 [31mtotal : 1.647784 [31mdiag_kl_1 : 0.935080 [31mdiag_kl_2 : 1.187737 [94mAcc_combined: 71.69 [94mAcc_c: 47.54 [94mAcc_g: 35.08 [92mF1_combined: 60.80 [92mF1_c: 40.52 [92mF1_g: 29.25 [39m
2026-07-26 04:32:21,169 - Agent - INFO - [37mVal Epoch 18 step 18 with [31mce_loss_combined : 1.357522 [31mce_loss_c : 1.526834 [31mce_loss_g : 1.902107 [31mkl_synergy_rand_1 : 0.078633 [31mkl_synergy_rand_2 : 0.063372 [31mkl_synergy_1 : 0.087979 [31mkl_synergy_2 : 0.063997 [31mtotal : 1.651502 [31mdiag_kl_1 : 0.923549 [31mdiag_kl_2 : 1.128734 [94mAcc_combined: 68.33 [94mAcc_c: 45.40 [94mAcc_g: 28.15 [92mF1_combined: 58.54 [92mF1_c: 38.30 [92mF1_g: 23.42 [39m
2026-07-26 04:32:21,187 - Agent - INFO - [37mTest Epoch 18 step 18 with [31mce_loss_combined : 1.351585 [31mce_loss_c : 1.545945 [31mce_loss_g : 1.942910 [31mkl_synergy_rand_1 : 0.078568 [31mkl_synergy_rand_2 : 0.065388 [31mkl_synergy_1 : 0.086913 [31mkl_synergy_2 : 0.063601 [31mtotal : 1.646056 [31mdiag_kl_1 : 0.940630 [31mdiag_kl_2 : 1.202989 [94mAcc_combined: 71.15 [94mAcc_c: 44.04 [94mAcc_g: 33.44 [92mF1_combined: 60.49 [92mF1_c: 36.94 [92mF1_g: 27.11 [39m
2026-07-26 04:33:46,846 - Agent - INFO - [37mVal Epoch 19 step 19 with [31mce_loss_combined : 1.355065 [31mce_loss_c : 1.593758 [31mce_loss_g : 1.925887 [31mkl_synergy_rand_1 : 0.077705 [31mkl_synergy_rand_2 : 0.064073 [31mkl_synergy_1 : 0.086476 [31mkl_synergy_2 : 0.063106 [31mtotal : 1.646425 [31mdiag_kl_1 : 0.927730 [31mdiag_kl_2 : 1.125427 [94mAcc_combined: 68.44 [94mAcc_c: 40.75 [94mAcc_g: 27.13 [92mF1_combined: 58.41 [92mF1_c: 34.14 [92mF1_g: 22.02 [39m
2026-07-26 04:33:46,866 - Agent - INFO - [37mTest Epoch 19 step 19 with [31mce_loss_combined : 1.345952 [31mce_loss_c : 1.593154 [31mce_loss_g : 1.923561 [31mkl_synergy_rand_1 : 0.077533 [31mkl_synergy_rand_2 : 0.064653 [31mkl_synergy_1 : 0.086535 [31mkl_synergy_2 : 0.061793 [31mtotal : 1.636465 [31mdiag_kl_1 : 0.941864 [31mdiag_kl_2 : 1.193810 [94mAcc_combined: 70.82 [94mAcc_c: 41.09 [94mAcc_g: 32.68 [92mF1_combined: 60.28 [92mF1_c: 34.40 [92mF1_g: 26.53 [39m
2026-07-26 04:35:16,003 - Agent - INFO - [37mVal Epoch 20 step 20 with [31mce_loss_combined : 1.364788 [31mce_loss_c : 1.647728 [31mce_loss_g : 1.873784 [31mkl_synergy_rand_1 : 0.075388 [31mkl_synergy_rand_2 : 0.062779 [31mkl_synergy_1 : 0.083744 [31mkl_synergy_2 : 0.062178 [31mtotal : 1.648875 [31mdiag_kl_1 : 0.937020 [31mdiag_kl_2 : 1.125851 [94mAcc_combined: 67.08 [94mAcc_c: 38.02 [94mAcc_g: 27.81 [92mF1_combined: 57.18 [92mF1_c: 32.05 [92mF1_g: 23.65 [39m
2026-07-26 04:35:16,024 - Agent - INFO - [37mTest Epoch 20 step 20 with [31mce_loss_combined : 1.353503 [31mce_loss_c : 1.638043 [31mce_loss_g : 1.880098 [31mkl_synergy_rand_1 : 0.076753 [31mkl_synergy_rand_2 : 0.062189 [31mkl_synergy_1 : 0.084247 [31mkl_synergy_2 : 0.061138 [31mtotal : 1.637829 [31mdiag_kl_1 : 0.942985 [31mdiag_kl_2 : 1.201694 [94mAcc_combined: 70.05 [94mAcc_c: 38.47 [94mAcc_g: 32.68 [92mF1_combined: 59.57 [92mF1_c: 32.34 [92mF1_g: 27.02 [39m
2026-07-26 04:36:42,698 - Agent - INFO - [37mVal Epoch 21 step 21 with [31mce_loss_combined : 1.353957 [31mce_loss_c : 1.740041 [31mce_loss_g : 1.887980 [31mkl_synergy_rand_1 : 0.076847 [31mkl_synergy_rand_2 : 0.063884 [31mkl_synergy_1 : 0.085054 [31mkl_synergy_2 : 0.062035 [31mtotal : 1.641777 [31mdiag_kl_1 : 0.927112 [31mdiag_kl_2 : 1.117873 [94mAcc_combined: 67.88 [94mAcc_c: 30.87 [94mAcc_g: 27.47 [92mF1_combined: 58.03 [92mF1_c: 26.50 [92mF1_g: 23.57 [39m
2026-07-26 04:36:42,725 - Agent - INFO - [37mTest Epoch 21 step 21 with [31mce_loss_combined : 1.351275 [31mce_loss_c : 1.720434 [31mce_loss_g : 1.915028 [31mkl_synergy_rand_1 : 0.078388 [31mkl_synergy_rand_2 : 0.063230 [31mkl_synergy_1 : 0.085792 [31mkl_synergy_2 : 0.062025 [31mtotal : 1.640709 [31mdiag_kl_1 : 0.928665 [31mdiag_kl_2 : 1.193302 [94mAcc_combined: 68.96 [94mAcc_c: 29.40 [94mAcc_g: 32.68 [92mF1_combined: 58.73 [92mF1_c: 24.88 [92mF1_g: 26.96 [39m
2026-07-26 04:38:11,139 - Agent - INFO - [37mVal Epoch 22 step 22 with [31mce_loss_combined : 1.365158 [31mce_loss_c : 1.811995 [31mce_loss_g : 1.925478 [31mkl_synergy_rand_1 : 0.075231 [31mkl_synergy_rand_2 : 0.061385 [31mkl_synergy_1 : 0.083103 [31mkl_synergy_2 : 0.060052 [31mtotal : 1.644929 [31mdiag_kl_1 : 0.930889 [31mdiag_kl_2 : 1.123736 [94mAcc_combined: 67.54 [94mAcc_c: 25.31 [94mAcc_g: 24.86 [92mF1_combined: 57.71 [92mF1_c: 21.37 [92mF1_g: 20.97 [39m
2026-07-26 04:38:11,160 - Agent - INFO - [37mTest Epoch 22 step 22 with [31mce_loss_combined : 1.359553 [31mce_loss_c : 1.787819 [31mce_loss_g : 1.951534 [31mkl_synergy_rand_1 : 0.076576 [31mkl_synergy_rand_2 : 0.063070 [31mkl_synergy_1 : 0.083506 [31mkl_synergy_2 : 0.058788 [31mtotal : 1.641494 [31mdiag_kl_1 : 0.937665 [31mdiag_kl_2 : 1.191327 [94mAcc_combined: 69.51 [94mAcc_c: 25.90 [94mAcc_g: 30.16 [92mF1_combined: 59.10 [92mF1_c: 21.92 [92mF1_g: 24.24 [39m
2026-07-26 04:39:37,163 - Agent - INFO - [37mVal Epoch 23 step 23 with [31mce_loss_combined : 1.359957 [31mce_loss_c : 1.884399 [31mce_loss_g : 1.905242 [31mkl_synergy_rand_1 : 0.076586 [31mkl_synergy_rand_2 : 0.062759 [31mkl_synergy_1 : 0.085108 [31mkl_synergy_2 : 0.061077 [31mtotal : 1.645488 [31mdiag_kl_1 : 0.929900 [31mdiag_kl_2 : 1.129654 [94mAcc_combined: 67.65 [94mAcc_c: 19.41 [94mAcc_g: 25.54 [92mF1_combined: 57.94 [92mF1_c: 16.18 [92mF1_g: 22.07 [39m
2026-07-26 04:39:37,188 - Agent - INFO - [37mTest Epoch 23 step 23 with [31mce_loss_combined : 1.354523 [31mce_loss_c : 1.854114 [31mce_loss_g : 1.934157 [31mkl_synergy_rand_1 : 0.080018 [31mkl_synergy_rand_2 : 0.064023 [31mkl_synergy_1 : 0.084273 [31mkl_synergy_2 : 0.059822 [31mtotal : 1.642659 [31mdiag_kl_1 : 0.926200 [31mdiag_kl_2 : 1.201804 [94mAcc_combined: 68.42 [94mAcc_c: 20.87 [94mAcc_g: 30.16 [92mF1_combined: 58.14 [92mF1_c: 17.26 [92mF1_g: 24.35 [39m
2026-07-26 04:41:04,250 - Agent - INFO - [37mVal Epoch 24 step 24 with [31mce_loss_combined : 1.371860 [31mce_loss_c : 1.934792 [31mce_loss_g : 1.912878 [31mkl_synergy_rand_1 : 0.074087 [31mkl_synergy_rand_2 : 0.061367 [31mkl_synergy_1 : 0.078806 [31mkl_synergy_2 : 0.058450 [31mtotal : 1.644570 [31mdiag_kl_1 : 0.944965 [31mdiag_kl_2 : 1.122510 [94mAcc_combined: 67.42 [94mAcc_c: 17.71 [94mAcc_g: 24.86 [92mF1_combined: 57.66 [92mF1_c: 14.84 [92mF1_g: 22.00 [39m
2026-07-26 04:41:04,274 - Agent - INFO - [37mTest Epoch 24 step 24 with [31mce_loss_combined : 1.360187 [31mce_loss_c : 1.895222 [31mce_loss_g : 1.962372 [31mkl_synergy_rand_1 : 0.074630 [31mkl_synergy_rand_2 : 0.061073 [31mkl_synergy_1 : 0.080851 [31mkl_synergy_2 : 0.057488 [31mtotal : 1.634229 [31mdiag_kl_1 : 0.953290 [31mdiag_kl_2 : 1.185148 [94mAcc_combined: 70.60 [94mAcc_c: 17.92 [94mAcc_g: 30.16 [92mF1_combined: 60.14 [92mF1_c: 15.15 [92mF1_g: 25.45 [39m
2026-07-26 04:42:24,108 - Agent - INFO - [37mVal Epoch 25 step 25 with [31mce_loss_combined : 1.364432 [31mce_loss_c : 1.983675 [31mce_loss_g : 1.867458 [31mkl_synergy_rand_1 : 0.075898 [31mkl_synergy_rand_2 : 0.062144 [31mkl_synergy_1 : 0.082319 [31mkl_synergy_2 : 0.059320 [31mtotal : 1.644113 [31mdiag_kl_1 : 0.935226 [31mdiag_kl_2 : 1.120925 [94mAcc_combined: 67.54 [94mAcc_c: 14.87 [94mAcc_g: 26.45 [92mF1_combined: 57.81 [92mF1_c: 12.86 [92mF1_g: 23.29 [39m
2026-07-26 04:42:24,123 - Agent - INFO - [37mTest Epoch 25 step 25 with [31mce_loss_combined : 1.358797 [31mce_loss_c : 1.939582 [31mce_loss_g : 1.897438 [31mkl_synergy_rand_1 : 0.076523 [31mkl_synergy_rand_2 : 0.063443 [31mkl_synergy_1 : 0.081616 [31mkl_synergy_2 : 0.058811 [31mtotal : 1.639190 [31mdiag_kl_1 : 0.936901 [31mdiag_kl_2 : 1.193611 [94mAcc_combined: 68.96 [94mAcc_c: 15.30 [94mAcc_g: 31.48 [92mF1_combined: 58.60 [92mF1_c: 13.48 [92mF1_g: 26.57 [39m
2026-07-26 04:43:46,896 - Agent - INFO - [37mVal Epoch 26 step 26 with [31mce_loss_combined : 1.364816 [31mce_loss_c : 2.013810 [31mce_loss_g : 1.871717 [31mkl_synergy_rand_1 : 0.075636 [31mkl_synergy_rand_2 : 0.061374 [31mkl_synergy_1 : 0.080556 [31mkl_synergy_2 : 0.058958 [31mtotal : 1.641341 [31mdiag_kl_1 : 0.932687 [31mdiag_kl_2 : 1.119779 [94mAcc_combined: 67.99 [94mAcc_c: 13.96 [94mAcc_g: 26.33 [92mF1_combined: 58.21 [92mF1_c: 12.04 [92mF1_g: 23.28 [39m
2026-07-26 04:43:46,912 - Agent - INFO - [37mTest Epoch 26 step 26 with [31mce_loss_combined : 1.358356 [31mce_loss_c : 1.968259 [31mce_loss_g : 1.890783 [31mkl_synergy_rand_1 : 0.076407 [31mkl_synergy_rand_2 : 0.063203 [31mkl_synergy_1 : 0.081970 [31mkl_synergy_2 : 0.058857 [31mtotal : 1.638792 [31mdiag_kl_1 : 0.937297 [31mdiag_kl_2 : 1.185598 [94mAcc_combined: 68.85 [94mAcc_c: 13.88 [94mAcc_g: 31.48 [92mF1_combined: 58.48 [92mF1_c: 11.91 [92mF1_g: 26.31 [39m
2026-07-26 04:45:10,508 - Agent - INFO - [37mVal Epoch 27 step 27 with [31mce_loss_combined : 1.365914 [31mce_loss_c : 2.034187 [31mce_loss_g : 1.863244 [31mkl_synergy_rand_1 : 0.075341 [31mkl_synergy_rand_2 : 0.061531 [31mkl_synergy_1 : 0.081502 [31mkl_synergy_2 : 0.059918 [31mtotal : 1.644206 [31mdiag_kl_1 : 0.936741 [31mdiag_kl_2 : 1.113750 [94mAcc_combined: 67.20 [94mAcc_c: 12.60 [94mAcc_g: 26.56 [92mF1_combined: 57.63 [92mF1_c: 10.88 [92mF1_g: 23.65 [39m
2026-07-26 04:45:10,524 - Agent - INFO - [37mTest Epoch 27 step 27 with [31mce_loss_combined : 1.358327 [31mce_loss_c : 1.982861 [31mce_loss_g : 1.893687 [31mkl_synergy_rand_1 : 0.076461 [31mkl_synergy_rand_2 : 0.062877 [31mkl_synergy_1 : 0.082901 [31mkl_synergy_2 : 0.059467 [31mtotal : 1.640033 [31mdiag_kl_1 : 0.939071 [31mdiag_kl_2 : 1.185057 [94mAcc_combined: 68.96 [94mAcc_c: 12.90 [94mAcc_g: 30.82 [92mF1_combined: 58.63 [92mF1_c: 11.21 [92mF1_g: 25.40 [39m
2026-07-26 04:46:38,352 - Agent - INFO - [37mVal Epoch 28 step 28 with [31mce_loss_combined : 1.368592 [31mce_loss_c : 2.047509 [31mce_loss_g : 1.858349 [31mkl_synergy_rand_1 : 0.075731 [31mkl_synergy_rand_2 : 0.062267 [31mkl_synergy_1 : 0.082607 [31mkl_synergy_2 : 0.061508 [31mtotal : 1.650704 [31mdiag_kl_1 : 0.935833 [31mdiag_kl_2 : 1.116158 [94mAcc_combined: 67.54 [94mAcc_c: 12.15 [94mAcc_g: 26.67 [92mF1_combined: 57.99 [92mF1_c: 10.45 [92mF1_g: 23.79 [39m
2026-07-26 04:46:38,368 - Agent - INFO - [37mTest Epoch 28 step 28 with [31mce_loss_combined : 1.357669 [31mce_loss_c : 1.997861 [31mce_loss_g : 1.890127 [31mkl_synergy_rand_1 : 0.075518 [31mkl_synergy_rand_2 : 0.062073 [31mkl_synergy_1 : 0.082671 [31mkl_synergy_2 : 0.060126 [31mtotal : 1.638057 [31mdiag_kl_1 : 0.946948 [31mdiag_kl_2 : 1.182111 [94mAcc_combined: 69.29 [94mAcc_c: 12.57 [94mAcc_g: 30.82 [92mF1_combined: 58.92 [92mF1_c: 10.76 [92mF1_g: 25.52 [39m
2026-07-26 04:48:03,144 - Agent - INFO - [37mVal Epoch 29 step 29 with [31mce_loss_combined : 1.368961 [31mce_loss_c : 2.053905 [31mce_loss_g : 1.856955 [31mkl_synergy_rand_1 : 0.075730 [31mkl_synergy_rand_2 : 0.061501 [31mkl_synergy_1 : 0.082013 [31mkl_synergy_2 : 0.058877 [31mtotal : 1.647082 [31mdiag_kl_1 : 0.937686 [31mdiag_kl_2 : 1.120057 [94mAcc_combined: 66.97 [94mAcc_c: 11.80 [94mAcc_g: 26.56 [92mF1_combined: 57.33 [92mF1_c: 10.33 [92mF1_g: 23.75 [39m
2026-07-26 04:48:03,173 - Agent - INFO - [37mTest Epoch 29 step 29 with [31mce_loss_combined : 1.356541 [31mce_loss_c : 2.002312 [31mce_loss_g : 1.885292 [31mkl_synergy_rand_1 : 0.074607 [31mkl_synergy_rand_2 : 0.062042 [31mkl_synergy_1 : 0.081799 [31mkl_synergy_2 : 0.059866 [31mtotal : 1.634855 [31mdiag_kl_1 : 0.948617 [31mdiag_kl_2 : 1.180380 [94mAcc_combined: 69.40 [94mAcc_c: 12.13 [94mAcc_g: 31.15 [92mF1_combined: 58.96 [92mF1_c: 10.70 [92mF1_g: 25.52 [39m
2026-07-26 04:49:34,890 - Agent - INFO - [37mVal Epoch 30 step 30 with [31mce_loss_combined : 1.366782 [31mce_loss_c : 2.049883 [31mce_loss_g : 1.846470 [31mkl_synergy_rand_1 : 0.075097 [31mkl_synergy_rand_2 : 0.062182 [31mkl_synergy_1 : 0.082154 [31mkl_synergy_2 : 0.059911 [31mtotal : 1.646126 [31mdiag_kl_1 : 0.936647 [31mdiag_kl_2 : 1.119207 [94mAcc_combined: 67.20 [94mAcc_c: 11.58 [94mAcc_g: 26.45 [92mF1_combined: 57.49 [92mF1_c: 10.15 [92mF1_g: 23.64 [39m
2026-07-26 04:49:34,911 - Agent - INFO - [37mTest Epoch 30 step 30 with [31mce_loss_combined : 1.355711 [31mce_loss_c : 2.000582 [31mce_loss_g : 1.875563 [31mkl_synergy_rand_1 : 0.075764 [31mkl_synergy_rand_2 : 0.063574 [31mkl_synergy_1 : 0.083551 [31mkl_synergy_2 : 0.059732 [31mtotal : 1.638331 [31mdiag_kl_1 : 0.941980 [31mdiag_kl_2 : 1.182337 [94mAcc_combined: 69.18 [94mAcc_c: 12.68 [94mAcc_g: 31.48 [92mF1_combined: 58.66 [92mF1_c: 11.08 [92mF1_g: 25.96 [39m
2026-07-26 04:51:00,750 - Agent - INFO - [37mVal Epoch 31 step 31 with [31mce_loss_combined : 1.365440 [31mce_loss_c : 2.062210 [31mce_loss_g : 1.850994 [31mkl_synergy_rand_1 : 0.075541 [31mkl_synergy_rand_2 : 0.061910 [31mkl_synergy_1 : 0.081806 [31mkl_synergy_2 : 0.058876 [31mtotal : 1.643573 [31mdiag_kl_1 : 0.935887 [31mdiag_kl_2 : 1.116030 [94mAcc_combined: 67.31 [94mAcc_c: 11.58 [94mAcc_g: 26.79 [92mF1_combined: 57.71 [92mF1_c: 10.04 [92mF1_g: 23.92 [39m
2026-07-26 04:51:00,776 - Agent - INFO - [37mTest Epoch 31 step 31 with [31mce_loss_combined : 1.355935 [31mce_loss_c : 2.010430 [31mce_loss_g : 1.880805 [31mkl_synergy_rand_1 : 0.076570 [31mkl_synergy_rand_2 : 0.062721 [31mkl_synergy_1 : 0.083422 [31mkl_synergy_2 : 0.061059 [31mtotal : 1.639706 [31mdiag_kl_1 : 0.939909 [31mdiag_kl_2 : 1.183411 [94mAcc_combined: 68.96 [94mAcc_c: 12.57 [94mAcc_g: 31.04 [92mF1_combined: 58.54 [92mF1_c: 10.97 [92mF1_g: 25.52 [39m
2026-07-26 04:52:29,538 - Agent - INFO - [37mVal Epoch 32 step 32 with [31mce_loss_combined : 1.369927 [31mce_loss_c : 2.052862 [31mce_loss_g : 1.849238 [31mkl_synergy_rand_1 : 0.074646 [31mkl_synergy_rand_2 : 0.061584 [31mkl_synergy_1 : 0.080626 [31mkl_synergy_2 : 0.059380 [31mtotal : 1.646164 [31mdiag_kl_1 : 0.940614 [31mdiag_kl_2 : 1.113822 [94mAcc_combined: 66.97 [94mAcc_c: 12.83 [94mAcc_g: 27.47 [92mF1_combined: 57.26 [92mF1_c: 11.36 [92mF1_g: 24.42 [39m
2026-07-26 04:52:29,559 - Agent - INFO - [37mTest Epoch 32 step 32 with [31mce_loss_combined : 1.358354 [31mce_loss_c : 2.002072 [31mce_loss_g : 1.871392 [31mkl_synergy_rand_1 : 0.074675 [31mkl_synergy_rand_2 : 0.060757 [31mkl_synergy_1 : 0.080174 [31mkl_synergy_2 : 0.060345 [31mtotal : 1.634306 [31mdiag_kl_1 : 0.946449 [31mdiag_kl_2 : 1.182015 [94mAcc_combined: 69.18 [94mAcc_c: 12.57 [94mAcc_g: 31.26 [92mF1_combined: 58.77 [92mF1_c: 11.19 [92mF1_g: 25.95 [39m
2026-07-26 04:53:51,145 - Agent - INFO - [37mVal Epoch 33 step 33 with [31mce_loss_combined : 1.371386 [31mce_loss_c : 2.099024 [31mce_loss_g : 1.788144 [31mkl_synergy_rand_1 : 0.072939 [31mkl_synergy_rand_2 : 0.061810 [31mkl_synergy_1 : 0.079532 [31mkl_synergy_2 : 0.057787 [31mtotal : 1.643455 [31mdiag_kl_1 : 0.944582 [31mdiag_kl_2 : 1.104453 [94mAcc_combined: 67.20 [94mAcc_c: 11.24 [94mAcc_g: 29.51 [92mF1_combined: 57.63 [92mF1_c: 10.23 [92mF1_g: 26.10 [39m
2026-07-26 04:53:51,171 - Agent - INFO - [37mTest Epoch 33 step 33 with [31mce_loss_combined : 1.361757 [31mce_loss_c : 2.041184 [31mce_loss_g : 1.821082 [31mkl_synergy_rand_1 : 0.074673 [31mkl_synergy_rand_2 : 0.061255 [31mkl_synergy_1 : 0.079051 [31mkl_synergy_2 : 0.059148 [31mtotal : 1.635885 [31mdiag_kl_1 : 0.947965 [31mdiag_kl_2 : 1.177959 [94mAcc_combined: 67.76 [94mAcc_c: 11.80 [94mAcc_g: 34.75 [92mF1_combined: 57.66 [92mF1_c: 10.52 [92mF1_g: 28.56 [39m
2026-07-26 04:55:13,693 - Agent - INFO - [37mVal Epoch 34 step 34 with [31mce_loss_combined : 1.375395 [31mce_loss_c : 2.131894 [31mce_loss_g : 1.812351 [31mkl_synergy_rand_1 : 0.070393 [31mkl_synergy_rand_2 : 0.059870 [31mkl_synergy_1 : 0.076711 [31mkl_synergy_2 : 0.056840 [31mtotal : 1.639208 [31mdiag_kl_1 : 0.953604 [31mdiag_kl_2 : 1.114985 [94mAcc_combined: 68.22 [94mAcc_c: 10.44 [94mAcc_g: 27.13 [92mF1_combined: 58.20 [92mF1_c: 9.25 [92mF1_g: 24.14 [39m
2026-07-26 04:55:13,714 - Agent - INFO - [37mTest Epoch 34 step 34 with [31mce_loss_combined : 1.363181 [31mce_loss_c : 2.066249 [31mce_loss_g : 1.831571 [31mkl_synergy_rand_1 : 0.071798 [31mkl_synergy_rand_2 : 0.060118 [31mkl_synergy_1 : 0.076011 [31mkl_synergy_2 : 0.056377 [31mtotal : 1.627485 [31mdiag_kl_1 : 0.956239 [31mdiag_kl_2 : 1.183040 [94mAcc_combined: 69.40 [94mAcc_c: 10.71 [94mAcc_g: 33.11 [92mF1_combined: 58.89 [92mF1_c: 9.46 [92mF1_g: 26.80 [39m
2026-07-26 04:56:38,162 - Agent - INFO - [37mVal Epoch 35 step 35 with [31mce_loss_combined : 1.372813 [31mce_loss_c : 2.178075 [31mce_loss_g : 1.804074 [31mkl_synergy_rand_1 : 0.072017 [31mkl_synergy_rand_2 : 0.060876 [31mkl_synergy_1 : 0.077830 [31mkl_synergy_2 : 0.058749 [31mtotal : 1.642286 [31mdiag_kl_1 : 0.947537 [31mdiag_kl_2 : 1.110745 [94mAcc_combined: 66.74 [94mAcc_c: 9.65 [94mAcc_g: 26.56 [92mF1_combined: 57.10 [92mF1_c: 8.42 [92mF1_g: 24.13 [39m
2026-07-26 04:56:38,183 - Agent - INFO - [37mTest Epoch 35 step 35 with [31mce_loss_combined : 1.365264 [31mce_loss_c : 2.116100 [31mce_loss_g : 1.825545 [31mkl_synergy_rand_1 : 0.072908 [31mkl_synergy_rand_2 : 0.060518 [31mkl_synergy_1 : 0.078058 [31mkl_synergy_2 : 0.057566 [31mtotal : 1.634313 [31mdiag_kl_1 : 0.953526 [31mdiag_kl_2 : 1.172299 [94mAcc_combined: 69.29 [94mAcc_c: 9.62 [94mAcc_g: 32.79 [92mF1_combined: 58.70 [92mF1_c: 8.25 [92mF1_g: 26.78 [39m
2026-07-26 04:58:02,775 - Agent - INFO - [37mVal Epoch 36 step 36 with [31mce_loss_combined : 1.379785 [31mce_loss_c : 2.191080 [31mce_loss_g : 1.782584 [31mkl_synergy_rand_1 : 0.073406 [31mkl_synergy_rand_2 : 0.060772 [31mkl_synergy_1 : 0.078683 [31mkl_synergy_2 : 0.060153 [31mtotal : 1.652800 [31mdiag_kl_1 : 0.952053 [31mdiag_kl_2 : 1.113941 [94mAcc_combined: 67.42 [94mAcc_c: 8.85 [94mAcc_g: 27.58 [92mF1_combined: 57.81 [92mF1_c: 7.45 [92mF1_g: 24.56 [39m
2026-07-26 04:58:02,796 - Agent - INFO - [37mTest Epoch 36 step 36 with [31mce_loss_combined : 1.365841 [31mce_loss_c : 2.134153 [31mce_loss_g : 1.795130 [31mkl_synergy_rand_1 : 0.073443 [31mkl_synergy_rand_2 : 0.061376 [31mkl_synergy_1 : 0.078923 [31mkl_synergy_2 : 0.058070 [31mtotal : 1.637653 [31mdiag_kl_1 : 0.959205 [31mdiag_kl_2 : 1.176723 [94mAcc_combined: 69.07 [94mAcc_c: 8.63 [94mAcc_g: 33.88 [92mF1_combined: 58.46 [92mF1_c: 7.38 [92mF1_g: 27.11 [39m
2026-07-26 04:59:31,920 - Agent - INFO - [37mVal Epoch 37 step 37 with [31mce_loss_combined : 1.373245 [31mce_loss_c : 2.208612 [31mce_loss_g : 1.779546 [31mkl_synergy_rand_1 : 0.074927 [31mkl_synergy_rand_2 : 0.063317 [31mkl_synergy_1 : 0.078851 [31mkl_synergy_2 : 0.060650 [31mtotal : 1.650990 [31mdiag_kl_1 : 0.942516 [31mdiag_kl_2 : 1.107272 [94mAcc_combined: 66.40 [94mAcc_c: 8.74 [94mAcc_g: 26.90 [92mF1_combined: 56.96 [92mF1_c: 7.35 [92mF1_g: 22.43 [39m
2026-07-26 04:59:31,937 - Agent - INFO - [37mTest Epoch 37 step 37 with [31mce_loss_combined : 1.358441 [31mce_loss_c : 2.152256 [31mce_loss_g : 1.808738 [31mkl_synergy_rand_1 : 0.074923 [31mkl_synergy_rand_2 : 0.061977 [31mkl_synergy_1 : 0.081024 [31mkl_synergy_2 : 0.060295 [31mtotal : 1.636660 [31mdiag_kl_1 : 0.949534 [31mdiag_kl_2 : 1.166423 [94mAcc_combined: 69.40 [94mAcc_c: 8.96 [94mAcc_g: 31.48 [92mF1_combined: 58.86 [92mF1_c: 7.58 [92mF1_g: 23.40 [39m
2026-07-26 05:00:59,161 - Agent - INFO - [37mVal Epoch 38 step 38 with [31mce_loss_combined : 1.368074 [31mce_loss_c : 2.216522 [31mce_loss_g : 1.791629 [31mkl_synergy_rand_1 : 0.072722 [31mkl_synergy_rand_2 : 0.063250 [31mkl_synergy_1 : 0.078807 [31mkl_synergy_2 : 0.060000 [31mtotal : 1.642853 [31mdiag_kl_1 : 0.946072 [31mdiag_kl_2 : 1.098745 [94mAcc_combined: 66.52 [94mAcc_c: 8.29 [94mAcc_g: 27.70 [92mF1_combined: 56.69 [92mF1_c: 7.06 [92mF1_g: 21.98 [39m
2026-07-26 05:00:59,179 - Agent - INFO - [37mTest Epoch 38 step 38 with [31mce_loss_combined : 1.361314 [31mce_loss_c : 2.152623 [31mce_loss_g : 1.832106 [31mkl_synergy_rand_1 : 0.073979 [31mkl_synergy_rand_2 : 0.063990 [31mkl_synergy_1 : 0.081173 [31mkl_synergy_2 : 0.059929 [31mtotal : 1.640384 [31mdiag_kl_1 : 0.955076 [31mdiag_kl_2 : 1.157246 [94mAcc_combined: 67.32 [94mAcc_c: 8.85 [94mAcc_g: 31.48 [92mF1_combined: 56.51 [92mF1_c: 7.58 [92mF1_g: 20.69 [39m
2026-07-26 05:02:24,619 - Agent - INFO - [37mVal Epoch 39 step 39 with [31mce_loss_combined : 1.378235 [31mce_loss_c : 2.219595 [31mce_loss_g : 1.745804 [31mkl_synergy_rand_1 : 0.071176 [31mkl_synergy_rand_2 : 0.060281 [31mkl_synergy_1 : 0.075342 [31mkl_synergy_2 : 0.059557 [31mtotal : 1.644591 [31mdiag_kl_1 : 0.957356 [31mdiag_kl_2 : 1.093807 [94mAcc_combined: 67.31 [94mAcc_c: 8.63 [94mAcc_g: 29.74 [92mF1_combined: 57.25 [92mF1_c: 7.15 [92mF1_g: 22.88 [39m
2026-07-26 05:02:24,648 - Agent - INFO - [37mTest Epoch 39 step 39 with [31mce_loss_combined : 1.366876 [31mce_loss_c : 2.149853 [31mce_loss_g : 1.771576 [31mkl_synergy_rand_1 : 0.069535 [31mkl_synergy_rand_2 : 0.060197 [31mkl_synergy_1 : 0.077052 [31mkl_synergy_2 : 0.058529 [31mtotal : 1.632188 [31mdiag_kl_1 : 0.971096 [31mdiag_kl_2 : 1.155141 [94mAcc_combined: 68.96 [94mAcc_c: 9.18 [94mAcc_g: 34.64 [92mF1_combined: 58.26 [92mF1_c: 7.45 [92mF1_g: 24.43 [39m
2026-07-26 05:02:36,999 - Agent - INFO - We are in the final state.
2026-07-26 05:02:37,474 - root - INFO - Loaded best model from best_model_accuracy_state_dict
2026-07-26 05:02:55,017 - Agent - INFO - [37mVal Epoch 39 step 0 with [31mce_loss_combined : 1.320717 [31mce_loss_c : 1.460938 [31mce_loss_g : 1.828909 [31mkl_synergy_rand_1 : 0.088094 [31mkl_synergy_rand_2 : 0.078360 [31mkl_synergy_1 : 0.095081 [31mkl_synergy_2 : 0.089271 [31mtotal : 1.671523 [31mdiag_kl_1 : 0.924079 [31mdiag_kl_2 : 1.067978 [94mAcc_combined: 70.03 [94mAcc_c: 54.37 [94mAcc_g: 40.75 [92mF1_combined: 59.73 [92mF1_c: 47.25 [92mF1_g: 35.76 [39m
2026-07-26 05:03:08,667 - Agent - INFO - [37mTest Epoch 39 step 0 with [31mce_loss_combined : 1.308949 [31mce_loss_c : 1.493878 [31mce_loss_g : 1.839379 [31mkl_synergy_rand_1 : 0.086786 [31mkl_synergy_rand_2 : 0.078374 [31mkl_synergy_1 : 0.095199 [31mkl_synergy_2 : 0.091469 [31mtotal : 1.660778 [31mdiag_kl_1 : 0.949468 [31mdiag_kl_2 : 1.133623 [94mAcc_combined: 74.10 [94mAcc_c: 55.41 [94mAcc_g: 44.92 [92mF1_combined: 63.14 [92mF1_c: 48.39 [92mF1_g: 38.49 [39m
2026-07-26 05:03:10,397 - Agent - INFO - [37mModel saved successfully at: ./data/data/2025_data/synergy/CremadPlus/v2/SynIB_RMask_U_REFABL_cremad_a01_fold1_l1.0_ir0.1_perturbrandom_fillema_pmin0.20_refclass_prior.pth.tar[39m
Job finished
