Starting SynIB reference-ablation job
Python 3.10.19
/esat/smcdata/users/kkontras/Image_Dataset/no_backup/git/SynIB  (git 9191f76)
GPU 0: NVIDIA GeForce RTX 3080 Ti (UUID: GPU-2d5395f5-1e2d-a59b-ed83-f672b78d7137)
Executing: PYTHONPATH=src /esat/smcdata/users/kkontras/Image_Dataset/no_backup/envs/synergy_new/bin/python -m synib.entrypoints.train --config run/configs/rebuttal_ref_ablation/mustard_synib.json --default_config run/configs/rebuttal_ref_ablation/mustard_default.json --fold 0 --rmask random --l 0.0005 --perturb_pmin 0.1 --perturb_fill ema --lr 0.0005 --wd 0.001 --reference_type uniform --ref_diag --start_over --tag REFABL_mustard_lam0.5x
Namespace(config='run/configs/rebuttal_ref_ablation/mustard_synib.json', default_config='run/configs/rebuttal_ref_ablation/mustard_default.json', fold='0', alpha=None, tanh_mode_beta=None, regby=None, batch_size=None, l='0.0005', multil=None, lib=None, kmepoch=None, num_samples=None, contrcoeff=None, contr_type=None, shuffle_type=None, validate_with=None, num_classes=None, optim_method=None, ending_epoch=None, load_ongoing=None, recon_weight1=None, recon_weight2=None, recon_epochstages=None, recon_ensemblestages=None, lr='0.0005', wd='0.001', cls=None, ironic_rate=None, perturb='random', perturb_fill='ema', perturb_pmax=None, perturb_pmin='0.1', perturb_lsparse=None, rmask='random', pmin=None, pmax=None, lsparse=None, debug_mask_stats=False, pre=False, frozen=False, tdqm_disable=False, start_over=True, no_model_save=False, num_layers=None, grad_accum=None, init_from=None, init_strict=False, perturb_lsparse_sign=None, l_anneal_epochs=None, perturb_steps=None, perturb_lsparse_warmup=None, perturb_lsparse_schedule=None, persist_ell=False, save_masks=False, penalty_swap=False, disable_ce_random=False, disable_kl_learned=False, masking_only=False, modality_dropout=None, modality_dropout_target=None, l_z1_masked=None, l_z2_masked=None, l_pareto=None, reference_type='uniform', ref_diag=True, ref_ema_decay=None, tag='REFABL_mustard_lam0.5x')
2026-07-25 19:17:56,838 - Config - INFO - run/configs/rebuttal_ref_ablation/mustard_synib.json
2026-07-25 19:17:56,861 - Config - INFO -  THE Configuration of your experiment ..
{'agent': 'Agent',
 'dataset': {'data_roots': './src/synib/mydatasets/Factor_CL_Datasets/prepared/mustard/mustard_data.pkl',
             'data_type': 'sarcasm',
             'dataloader_class': 'FactorCL_MustardFiltered_Dataloader',
             'kfold_data_roots': './src/synib/mydatasets/Factor_CL_Datasets/prepared/mustard/mustard_synergy3.pkl',
             'mustard_video_filter': {'check_aligned_segment': True,
                                      'enabled': True,
                                      'min_aligned_len': 1,
                                      'vision_absmax_threshold': 1000000.0},
             'z_norm': True},
 'early_stopping': {'end_of_epoch_check': True,
                    'log_interval': 10,
                    'max_epoch': 100,
                    'n_steps_stop': 30,
                    'n_steps_stop_after': 0,
                    'save_every_step': 3000,
                    'save_every_valstep': 50,
                    'validate_after': 0,
                    'validate_every': 185},
 'exp_name': 'MUSTARD Experiment',
 'model': {'args': {'bias_infusion': {'method': False},
                    'clip_grad': False,
                    'cls_type': 'mlp',
                    'd_model': 40,
                    'dropout': 0.1,
                    'fc_inner': 64,
                    'multi_loss': {'multi_supervised_w': {'c': 1,
                                                          'combined': 1,
                                                          'g': 1}},
                    'norm_decision': False,
                    'num_classes': 2},
           'ceu': {'test': './artifacts/ceus/mustard/mustard_ceu_test.pkl',
                   'val': './artifacts/ceus/mustard/mustard_ceu_val.pkl'},
           'encoders': [{'args': {'freeze_encoder': False,
                                  'hidden_size': 40,
                                  'modality': 'c',
                                  'n_features': 371,
                                  'num_classes': 2},
                         'model': 'FactorCL_Uni',
                         'pretrainedEncoder': {'dir': 'unimodal_video_fold{}_vldaccuracy_lr0.0005_wd0.00001.pth.tar',
                                               'use': True}},
                        {'args': {'freeze_encoder': False,
                                  'hidden_size': 40,
                                  'modality': 'g',
                                  'n_features': 300,
                                  'num_classes': 2},
                         'model': 'FactorCL_Uni',
                         'pretrainedEncoder': {'dir': 'unimodal_text_fold{}_vldaccuracy_lr0.0005_wd0.0001.pth.tar',
                                               'use': True}},
                        {'args': {'d_model': 40,
                                  'dropout': 0.1,
                                  'fc_inner': 64,
                                  'freeze_encoder': False},
                         'model': 'FusionTrunkLinear',
                         'name': 'enc_2_fusion_trunk',
                         'pretrainedEncoder': {'dir': 'enc_2_fusion_trunk_{}.pth.tar',
                                               'use': False},
                         'save_encoder': False},
                        {'args': {'freeze_encoder': False,
                                  'in_dim': 64,
                                  'num_classes': 2},
                         'model': 'LinearHead',
                         'name': 'enc_3_fusion_head',
                         'pretrainedEncoder': {'dir': 'enc_3_fusion_head_{}.pth.tar',
                                               'use': False},
                         'save_encoder': False}],
           'load_ongoing': False,
           'model_class': 'FusionIBModel_Mask',
           'save_base_dir': './artifacts/models/multibench/mustard/vt',
           'save_dir': 'SynIB_RMask_{}.pth.tar'},
 'optimizer': {'beta1': 0.9,
               'beta2': 0.999,
               'learning_rate': 0.0001,
               'momentum': 0.9,
               'type': 'Adam',
               'weight_decay': 0.0001},
 'scheduler': {'max_lr': 0.03, 'type': 'cosanneal', 'warm_up_steps': 780},
 'task': 'classification',
 'training_params': {'adversarial_training': {'adv_epsilon': 0.01,
                                              'use': False},
                     'async_loading': True,
                     'batch_size': 32,
                     'cuda': True,
                     'data_loader_workers': 8,
                     'gpu_device': [0],
                     'pin_memory': True,
                     'rec_test': True,
                     'res': True,
                     'seed': 109,
                     'tdqm_disable': False,
                     'test_batch_size': 32,
                     'test_on_bottoms': False,
                     'use_test_set': True,
                     'validation': True,
                     'verbose': True,
                     'wandb_disable': True}}
2026-07-25 19:17:56,863 - Config - INFO -  *************************************** 
2026-07-25 19:17:56,863 - Config - INFO - The experiment name is MUSTARD Experiment
2026-07-25 19:17:56,863 - Config - INFO -  *************************************** 
2026-07-25 19:17:56,863 - root - INFO - save_dir: SynIB_RMask_REFABL_mustard_lam0.5x_fold0_l0.0005_perturbrandom_fillema_pmin0.1_refuniform_lr0.0005_wd0.001.pth.tar
2026-07-25 19:17:56,969 - Cuda Statistics - INFO - __Python VERSION:  3.10.19 (main, Oct 21 2025, 16:43:05) [GCC 11.2.0]
2026-07-25 19:17:56,969 - Cuda Statistics - INFO - __pyTorch VERSION:  2.9.1+cu128
2026-07-25 19:17:56,969 - Cuda Statistics - INFO - __CUDA VERSION
2026-07-25 19:17:56,971 - Cuda Statistics - INFO - __CUDNN VERSION:  91002
2026-07-25 19:17:56,996 - Cuda Statistics - INFO - __Number CUDA Devices:  1
2026-07-25 19:17:56,996 - Cuda Statistics - INFO - __Devices
2026-07-25 19:17:56,996 - Cuda Statistics - INFO - index, name, driver_version, memory.total [MiB], memory.used [MiB], memory.free [MiB]
2026-07-25 19:17:56,996 - Cuda Statistics - INFO - 0, NVIDIA GeForce RTX 3080 Ti, 610.43.03, 12288 MiB, 4 MiB, 11907 MiB
2026-07-25 19:17:56,999 - Cuda Statistics - INFO - Active CUDA Device: GPU 0
2026-07-25 19:17:56,999 - Cuda Statistics - INFO - Available devices  1
2026-07-25 19:17:57,000 - Cuda Statistics - INFO - Current cuda device  0
[MustardFilteredDataloader] train: dropped 31/412 samples (vision absmax threshold=1e+06, aligned=True)
[MustardFilteredDataloader] train: first drops -> 3:vision_absmax>1e+06 (2.7e+07), 7:vision_absmax>1e+06 (3.43e+07), 31:vision_absmax>1e+06 (1.29e+07), 45:vision_absmax>1e+06 (9.04e+06), 53:vision_absmax>1e+06 (2.67e+07), 72:vision_absmax>1e+06 (2.67e+07), 85:vision_absmax>1e+06 (3.93e+07), 94:vision_absmax>1e+06 (4.57e+07), 105:vision_absmax>1e+06 (3.62e+07), 122:vision_absmax>1e+06 (3.62e+07), ...
[MustardFilteredDataloader] valid: dropped 3/137 samples (vision absmax threshold=1e+06, aligned=True)
[MustardFilteredDataloader] valid: first drops -> 2:vision_absmax>1e+06 (2.67e+07), 20:vision_absmax>1e+06 (2.67e+07), 105:vision_absmax>1e+06 (4.57e+07)
[MustardFilteredDataloader] test: dropped 4/138 samples (vision absmax threshold=1e+06, aligned=True)
[MustardFilteredDataloader] test: first drops -> 3:vision_absmax>1e+06 (3.43e+07), 8:vision_absmax>1e+06 (2.67e+07), 65:vision_absmax>1e+06 (2.3e+07), 106:vision_absmax>1e+06 (2.67e+07)
2026-07-25 19:18:00,287 - Agent - INFO - Device: cuda:0
2026-07-25 19:18:00,287 - Agent - INFO - Total training batches: 12, validate every 185 batches, steps per epoch: 1
2026-07-25 19:18:00,362 - Agent - INFO - Loss Weights are {'total': 1, 'combined': 1, 'c': 1, 'g': 1}
2026-07-25 19:18:00,362 - root - INFO - There is no CEU for train
2026-07-25 19:18:00,566 - root - INFO - Loading enc best model state dict from ./artifacts/models/multibench/mustard/vt/unimodal_video_fold0_vldaccuracy_lr0.0005_wd0.00001.pth.tar
2026-07-25 19:18:00,731 - root - INFO - Loading enc best model state dict from ./artifacts/models/multibench/mustard/vt/unimodal_text_fold0_vldaccuracy_lr0.0005_wd0.0001.pth.tar
2026-07-25 19:18:00,907 - Agent - INFO - Total number of trainable parameters are: 3517920
2026-07-25 19:18:00,913 - Agent - INFO - Total number of trainable parameters are: 1764436
2026-07-25 19:18:04,427 - Evaluator - INFO - New best with loss-accuracy-syn_accuracy-
2026-07-25 19:18:04,427 - Agent - INFO - [37mVal Epoch 1 step 1 with [31mce_loss_combined : 0.705117 [31mce_loss_c : 0.751302 [31mce_loss_g : 1.061849 [31mkl_synergy_rand_1 : 0.000056 [31mkl_synergy_rand_2 : 0.000067 [31mkl_synergy_1 : 0.000054 [31mkl_synergy_2 : 0.000068 [31mtotal : 0.705362 [31mdiag_kl_1 : 0.127331 [31mdiag_kl_2 : 0.223803 [94mAcc_combined: 61.94 [94mAcc_c: 51.87 [94mAcc_g: 61.19 [92mF1_combined: 63.31 [92mF1_c: 25.43 [92mF1_g: 65.10 [95mCEU_cue_audio: 0.4665 [95mCEU_cue_video: 0.6819 [95mCEU_synergy: 0.3702 [95mCEU_coexistence: 0.7286 [97mS:[93m37.0%[97m([91m7.5c[97m-[94mF1:33.8%) [97mU1:[93m46.7%[97m([91m5.2c[97m) [97mU2:[93m68.2%[97m([91m11.2c[97m) [97mR:[93m72.9%[97m([91m38.1c[97m) [97mS-L: [92m0:[96m38% [92m1:[96m33%[39m [39m
2026-07-25 19:18:04,440 - Agent - INFO - [37mTest Epoch 1 step 1 with [31mce_loss_combined : 0.756546 [31mce_loss_c : 0.677849 [31mce_loss_g : 1.345086 [31mkl_synergy_rand_1 : 0.000056 [31mkl_synergy_rand_2 : 0.000066 [31mkl_synergy_1 : 0.000055 [31mkl_synergy_2 : 0.000063 [31mtotal : 0.756786 [31mdiag_kl_1 : 0.114213 [31mdiag_kl_2 : 0.243608 [94mAcc_combined: 55.97 [94mAcc_c: 55.97 [94mAcc_g: 55.97 [92mF1_combined: 57.25 [92mF1_c: 30.59 [92mF1_g: 60.93 [95mCEU_cue_audio: 0.5000 [95mCEU_cue_video: 0.6958 [95mCEU_synergy: 0.3590 [95mCEU_coexistence: 0.6379 [97mS:[93m35.9%[97m([91m10.4c[97m-[94mF1:31.4%) [97mU1:[93m50.0%[97m([91m5.2c[97m) [97mU2:[93m69.6%[97m([91m11.9c[97m) [97mR:[93m63.8%[97m([91m27.6c[97m) [97mS-L: [92m0:[96m34% [92m1:[96m50%[39m [39m
2026-07-25 19:18:04,758 - Agent - INFO - [37mModel saved successfully at: ./artifacts/models/multibench/mustard/vt/SynIB_RMask_REFABL_mustard_lam0.5x_fold0_l0.0005_perturbrandom_fillema_pmin0.1_refuniform_lr0.0005_wd0.001.pth.tar[39m
2026-07-25 19:18:07,909 - Evaluator - INFO - New best with accuracy-
2026-07-25 19:18:07,910 - Agent - INFO - [37mVal Epoch 2 step 2 with [31mce_loss_combined : 0.889279 [31mce_loss_c : 0.699624 [31mce_loss_g : 1.036735 [31mkl_synergy_rand_1 : 0.000229 [31mkl_synergy_rand_2 : 0.000260 [31mkl_synergy_1 : 0.000214 [31mkl_synergy_2 : 0.000253 [31mtotal : 0.890235 [31mdiag_kl_1 : 0.440667 [31mdiag_kl_2 : 0.149196 [94mAcc_combined: 65.30 [94mAcc_c: 52.99 [94mAcc_g: 64.55 [92mF1_combined: 65.68 [92mF1_c: 20.25 [92mF1_g: 65.20 [95mCEU_cue_audio: 0.4665 [95mCEU_cue_video: 0.7272 [95mCEU_synergy: 0.3702 [95mCEU_coexistence: 0.7714 [97mS:[93m37.0%[97m([91m7.5c[97m-[94mF1:33.8%) [97mU1:[93m46.7%[97m([91m5.2c[97m) [97mU2:[93m72.7%[97m([91m11.9c[97m) [97mR:[93m77.1%[97m([91m40.3c[97m) [97mS-L: [92m0:[96m38% [92m1:[96m33%[39m [39m
2026-07-25 19:18:07,926 - Agent - INFO - [37mTest Epoch 2 step 2 with [31mce_loss_combined : 0.991090 [31mce_loss_c : 0.660846 [31mce_loss_g : 1.196338 [31mkl_synergy_rand_1 : 0.000223 [31mkl_synergy_rand_2 : 0.000253 [31mkl_synergy_1 : 0.000203 [31mkl_synergy_2 : 0.000243 [31mtotal : 0.992012 [31mdiag_kl_1 : 0.409086 [31mdiag_kl_2 : 0.165206 [94mAcc_combined: 59.33 [94mAcc_c: 55.22 [94mAcc_g: 59.70 [92mF1_combined: 59.48 [92mF1_c: 24.05 [92mF1_g: 61.43 [95mCEU_cue_audio: 0.6431 [95mCEU_cue_video: 0.7391 [95mCEU_synergy: 0.4359 [95mCEU_coexistence: 0.6207 [97mS:[93m43.6%[97m([91m12.7c[97m-[94mF1:36.5%) [97mU1:[93m64.3%[97m([91m6.7c[97m) [97mU2:[93m73.9%[97m([91m12.7c[97m) [97mR:[93m62.1%[97m([91m26.9c[97m) [97mS-L: [92m0:[96m43% [92m1:[96m50%[39m [39m
2026-07-25 19:18:08,422 - Agent - INFO - [37mModel saved successfully at: ./artifacts/models/multibench/mustard/vt/SynIB_RMask_REFABL_mustard_lam0.5x_fold0_l0.0005_perturbrandom_fillema_pmin0.1_refuniform_lr0.0005_wd0.001.pth.tar[39m
2026-07-25 19:18:11,586 - Agent - INFO - [37mVal Epoch 3 step 3 with [31mce_loss_combined : 1.099225 [31mce_loss_c : 0.742620 [31mce_loss_g : 1.246014 [31mkl_synergy_rand_1 : 0.000322 [31mkl_synergy_rand_2 : 0.000375 [31mkl_synergy_1 : 0.000325 [31mkl_synergy_2 : 0.000376 [31mtotal : 1.100624 [31mdiag_kl_1 : 0.607540 [31mdiag_kl_2 : 0.199773 [94mAcc_combined: 63.43 [94mAcc_c: 51.87 [94mAcc_g: 63.43 [92mF1_combined: 63.70 [92mF1_c: 19.88 [92mF1_g: 63.97 [95mCEU_cue_audio: 0.6000 [95mCEU_cue_video: 0.6364 [95mCEU_synergy: 0.3702 [95mCEU_coexistence: 0.7286 [97mS:[93m37.0%[97m([91m7.5c[97m-[94mF1:33.8%) [97mU1:[93m60.0%[97m([91m6.7c[97m) [97mU2:[93m63.6%[97m([91m10.4c[97m) [97mR:[93m72.9%[97m([91m38.1c[97m) [97mS-L: [92m0:[96m38% [92m1:[96m33%[39m [39m
2026-07-25 19:18:14,856 - Agent - INFO - [37mVal Epoch 4 step 4 with [31mce_loss_combined : 1.142229 [31mce_loss_c : 0.786555 [31mce_loss_g : 1.229370 [31mkl_synergy_rand_1 : 0.000390 [31mkl_synergy_rand_2 : 0.000440 [31mkl_synergy_1 : 0.000388 [31mkl_synergy_2 : 0.000436 [31mtotal : 1.143883 [31mdiag_kl_1 : 0.758015 [31mdiag_kl_2 : 0.176879 [94mAcc_combined: 63.06 [94mAcc_c: 51.87 [94mAcc_g: 63.06 [92mF1_combined: 63.20 [92mF1_c: 17.83 [92mF1_g: 65.02 [95mCEU_cue_audio: 0.4665 [95mCEU_cue_video: 0.6819 [95mCEU_synergy: 0.3335 [95mCEU_coexistence: 0.7571 [97mS:[93m33.3%[97m([91m6.7c[97m-[94mF1:31.0%) [97mU1:[93m46.7%[97m([91m5.2c[97m) [97mU2:[93m68.2%[97m([91m11.2c[97m) [97mR:[93m75.7%[97m([91m39.6c[97m) [97mS-L: [92m0:[96m33% [92m1:[96m33%[39m [39m
2026-07-25 19:18:18,038 - Agent - INFO - [37mVal Epoch 5 step 5 with [31mce_loss_combined : 1.397227 [31mce_loss_c : 0.734435 [31mce_loss_g : 1.453964 [31mkl_synergy_rand_1 : 0.000443 [31mkl_synergy_rand_2 : 0.000503 [31mkl_synergy_1 : 0.000443 [31mkl_synergy_2 : 0.000495 [31mtotal : 1.399111 [31mdiag_kl_1 : 0.832760 [31mdiag_kl_2 : 0.237115 [94mAcc_combined: 58.58 [94mAcc_c: 50.75 [94mAcc_g: 59.33 [92mF1_combined: 58.74 [92mF1_c: 13.16 [92mF1_g: 59.78 [95mCEU_cue_audio: 0.4000 [95mCEU_cue_video: 0.6364 [95mCEU_synergy: 0.2963 [95mCEU_coexistence: 0.7142 [97mS:[93m29.6%[97m([91m6.0c[97m-[94mF1:26.0%) [97mU1:[93m40.0%[97m([91m4.5c[97m) [97mU2:[93m63.6%[97m([91m10.4c[97m) [97mR:[93m71.4%[97m([91m37.3c[97m) [97mS-L: [92m0:[96m33% [92m1:[96m17%[39m [39m
2026-07-25 19:18:21,159 - Agent - INFO - [37mVal Epoch 6 step 6 with [31mce_loss_combined : 1.337026 [31mce_loss_c : 0.818166 [31mce_loss_g : 1.378617 [31mkl_synergy_rand_1 : 0.000402 [31mkl_synergy_rand_2 : 0.000460 [31mkl_synergy_1 : 0.000408 [31mkl_synergy_2 : 0.000468 [31mtotal : 1.338764 [31mdiag_kl_1 : 0.701968 [31mdiag_kl_2 : 0.240786 [94mAcc_combined: 58.96 [94mAcc_c: 49.25 [94mAcc_g: 59.33 [92mF1_combined: 58.96 [92mF1_c: 16.05 [92mF1_g: 60.65 [95mCEU_cue_audio: 0.5335 [95mCEU_cue_video: 0.6819 [95mCEU_synergy: 0.3702 [95mCEU_coexistence: 0.6572 [97mS:[93m37.0%[97m([91m7.5c[97m-[94mF1:31.0%) [97mU1:[93m53.3%[97m([91m6.0c[97m) [97mU2:[93m68.2%[97m([91m11.2c[97m) [97mR:[93m65.7%[97m([91m34.3c[97m) [97mS-L: [92m0:[96m43% [92m1:[96m17%[39m [39m
2026-07-25 19:18:24,279 - Evaluator - INFO - New best with syn_accuracy-
2026-07-25 19:18:24,279 - Agent - INFO - [37mVal Epoch 7 step 7 with [31mce_loss_combined : 1.252314 [31mce_loss_c : 0.815711 [31mce_loss_g : 1.348748 [31mkl_synergy_rand_1 : 0.000416 [31mkl_synergy_rand_2 : 0.000469 [31mkl_synergy_1 : 0.000423 [31mkl_synergy_2 : 0.000478 [31mtotal : 1.254100 [31mdiag_kl_1 : 0.779527 [31mdiag_kl_2 : 0.153775 [94mAcc_combined: 60.45 [94mAcc_c: 50.75 [94mAcc_g: 60.82 [92mF1_combined: 60.74 [92mF1_c: 15.38 [92mF1_g: 63.92 [95mCEU_cue_audio: 0.6000 [95mCEU_cue_video: 0.5907 [95mCEU_synergy: 0.4074 [95mCEU_coexistence: 0.7000 [97mS:[93m40.7%[97m([91m8.2c[97m-[94mF1:36.5%) [97mU1:[93m60.0%[97m([91m6.7c[97m) [97mU2:[93m59.1%[97m([91m9.7c[97m) [97mR:[93m70.0%[97m([91m36.6c[97m) [97mS-L: [92m0:[96m43% [92m1:[96m33%[39m [39m
2026-07-25 19:18:24,292 - Agent - INFO - [37mTest Epoch 7 step 7 with [31mce_loss_combined : 1.211586 [31mce_loss_c : 0.725876 [31mce_loss_g : 1.289223 [31mkl_synergy_rand_1 : 0.000410 [31mkl_synergy_rand_2 : 0.000451 [31mkl_synergy_1 : 0.000404 [31mkl_synergy_2 : 0.000463 [31mtotal : 1.213313 [31mdiag_kl_1 : 0.775492 [31mdiag_kl_2 : 0.262759 [94mAcc_combined: 60.82 [94mAcc_c: 52.99 [94mAcc_g: 61.57 [92mF1_combined: 61.25 [92mF1_c: 20.25 [92mF1_g: 64.60 [95mCEU_cue_audio: 0.5713 [95mCEU_cue_video: 0.8259 [95mCEU_synergy: 0.5385 [95mCEU_coexistence: 0.6035 [97mS:[93m53.8%[97m([91m15.7c[97m-[94mF1:43.0%) [97mU1:[93m57.1%[97m([91m6.0c[97m) [97mU2:[93m82.6%[97m([91m14.2c[97m) [97mR:[93m60.3%[97m([91m26.1c[97m) [97mS-L: [92m0:[96m54% [92m1:[96m50%[39m [39m
2026-07-25 19:18:24,929 - Agent - INFO - [37mModel saved successfully at: ./artifacts/models/multibench/mustard/vt/SynIB_RMask_REFABL_mustard_lam0.5x_fold0_l0.0005_perturbrandom_fillema_pmin0.1_refuniform_lr0.0005_wd0.001.pth.tar[39m
2026-07-25 19:18:28,146 - Agent - INFO - [37mVal Epoch 8 step 8 with [31mce_loss_combined : 1.206718 [31mce_loss_c : 0.803430 [31mce_loss_g : 1.266349 [31mkl_synergy_rand_1 : 0.000442 [31mkl_synergy_rand_2 : 0.000493 [31mkl_synergy_1 : 0.000464 [31mkl_synergy_2 : 0.000492 [31mtotal : 1.208609 [31mdiag_kl_1 : 0.856094 [31mdiag_kl_2 : 0.159994 [94mAcc_combined: 63.81 [94mAcc_c: 50.37 [94mAcc_g: 63.81 [92mF1_combined: 63.94 [92mF1_c: 17.39 [92mF1_g: 66.20 [95mCEU_cue_audio: 0.4665 [95mCEU_cue_video: 0.5907 [95mCEU_synergy: 0.3335 [95mCEU_coexistence: 0.8143 [97mS:[93m33.3%[97m([91m6.7c[97m-[94mF1:31.0%) [97mU1:[93m46.7%[97m([91m5.2c[97m) [97mU2:[93m59.1%[97m([91m9.7c[97m) [97mR:[93m81.4%[97m([91m42.5c[97m) [97mS-L: [92m0:[96m33% [92m1:[96m33%[39m [39m
2026-07-25 19:18:31,334 - Agent - INFO - [37mVal Epoch 9 step 9 with [31mce_loss_combined : 1.146806 [31mce_loss_c : 0.779154 [31mce_loss_g : 1.157391 [31mkl_synergy_rand_1 : 0.000457 [31mkl_synergy_rand_2 : 0.000507 [31mkl_synergy_1 : 0.000452 [31mkl_synergy_2 : 0.000498 [31mtotal : 1.148720 [31mdiag_kl_1 : 0.883557 [31mdiag_kl_2 : 0.210949 [94mAcc_combined: 64.18 [94mAcc_c: 50.75 [94mAcc_g: 62.69 [92mF1_combined: 64.44 [92mF1_c: 18.52 [92mF1_g: 63.77 [95mCEU_cue_audio: 0.5335 [95mCEU_cue_video: 0.6364 [95mCEU_synergy: 0.4074 [95mCEU_coexistence: 0.7571 [97mS:[93m40.7%[97m([91m8.2c[97m-[94mF1:36.5%) [97mU1:[93m53.3%[97m([91m6.0c[97m) [97mU2:[93m63.6%[97m([91m10.4c[97m) [97mR:[93m75.7%[97m([91m39.6c[97m) [97mS-L: [92m0:[96m43% [92m1:[96m33%[39m [39m
2026-07-25 19:18:34,537 - Agent - INFO - [37mVal Epoch 10 step 10 with [31mce_loss_combined : 1.252143 [31mce_loss_c : 0.770224 [31mce_loss_g : 1.215394 [31mkl_synergy_rand_1 : 0.000466 [31mkl_synergy_rand_2 : 0.000517 [31mkl_synergy_1 : 0.000446 [31mkl_synergy_2 : 0.000521 [31mtotal : 1.254093 [31mdiag_kl_1 : 0.884467 [31mdiag_kl_2 : 0.214803 [94mAcc_combined: 63.81 [94mAcc_c: 48.51 [94mAcc_g: 63.81 [92mF1_combined: 63.94 [92mF1_c: 14.81 [92mF1_g: 64.73 [95mCEU_cue_audio: 0.5335 [95mCEU_cue_video: 0.5907 [95mCEU_synergy: 0.4074 [95mCEU_coexistence: 0.7571 [97mS:[93m40.7%[97m([91m8.2c[97m-[94mF1:36.5%) [97mU1:[93m53.3%[97m([91m6.0c[97m) [97mU2:[93m59.1%[97m([91m9.7c[97m) [97mR:[93m75.7%[97m([91m39.6c[97m) [97mS-L: [92m0:[96m43% [92m1:[96m33%[39m [39m
2026-07-25 19:18:37,689 - Evaluator - INFO - New best with accuracy-
2026-07-25 19:18:37,689 - Agent - INFO - [37mVal Epoch 11 step 11 with [31mce_loss_combined : 1.198341 [31mce_loss_c : 0.787382 [31mce_loss_g : 1.296144 [31mkl_synergy_rand_1 : 0.000455 [31mkl_synergy_rand_2 : 0.000510 [31mkl_synergy_1 : 0.000448 [31mkl_synergy_2 : 0.000499 [31mtotal : 1.200254 [31mdiag_kl_1 : 0.902113 [31mdiag_kl_2 : 0.244049 [94mAcc_combined: 66.42 [94mAcc_c: 52.61 [94mAcc_g: 63.81 [92mF1_combined: 66.42 [92mF1_c: 29.05 [92mF1_g: 65.23 [95mCEU_cue_audio: 0.5335 [95mCEU_cue_video: 0.7272 [95mCEU_synergy: 0.4074 [95mCEU_coexistence: 0.7714 [97mS:[93m40.7%[97m([91m8.2c[97m-[94mF1:36.5%) [97mU1:[93m53.3%[97m([91m6.0c[97m) [97mU2:[93m72.7%[97m([91m11.9c[97m) [97mR:[93m77.1%[97m([91m40.3c[97m) [97mS-L: [92m0:[96m43% [92m1:[96m33%[39m [39m
2026-07-25 19:18:37,702 - Agent - INFO - [37mTest Epoch 11 step 11 with [31mce_loss_combined : 1.249337 [31mce_loss_c : 0.743655 [31mce_loss_g : 1.301980 [31mkl_synergy_rand_1 : 0.000469 [31mkl_synergy_rand_2 : 0.000515 [31mkl_synergy_1 : 0.000469 [31mkl_synergy_2 : 0.000515 [31mtotal : 1.251305 [31mdiag_kl_1 : 0.919013 [31mdiag_kl_2 : 0.388406 [94mAcc_combined: 62.31 [94mAcc_c: 52.99 [94mAcc_g: 62.31 [92mF1_combined: 62.45 [92mF1_c: 26.74 [92mF1_g: 63.54 [95mCEU_cue_audio: 0.5000 [95mCEU_cue_video: 0.7391 [95mCEU_synergy: 0.4615 [95mCEU_coexistence: 0.7069 [97mS:[93m46.2%[97m([91m13.4c[97m-[94mF1:38.2%) [97mU1:[93m50.0%[97m([91m5.2c[97m) [97mU2:[93m73.9%[97m([91m12.7c[97m) [97mR:[93m70.7%[97m([91m30.6c[97m) [97mS-L: [92m0:[96m46% [92m1:[96m50%[39m [39m
2026-07-25 19:18:38,363 - Agent - INFO - [37mModel saved successfully at: ./artifacts/models/multibench/mustard/vt/SynIB_RMask_REFABL_mustard_lam0.5x_fold0_l0.0005_perturbrandom_fillema_pmin0.1_refuniform_lr0.0005_wd0.001.pth.tar[39m
2026-07-25 19:18:41,610 - Agent - INFO - [37mVal Epoch 12 step 12 with [31mce_loss_combined : 1.340337 [31mce_loss_c : 0.877129 [31mce_loss_g : 1.444415 [31mkl_synergy_rand_1 : 0.000495 [31mkl_synergy_rand_2 : 0.000561 [31mkl_synergy_1 : 0.000503 [31mkl_synergy_2 : 0.000580 [31mtotal : 1.342476 [31mdiag_kl_1 : 0.966741 [31mdiag_kl_2 : 0.351850 [94mAcc_combined: 63.06 [94mAcc_c: 51.49 [94mAcc_g: 64.18 [92mF1_combined: 63.20 [92mF1_c: 25.29 [92mF1_g: 64.96 [95mCEU_cue_audio: 0.5335 [95mCEU_cue_video: 0.6819 [95mCEU_synergy: 0.4074 [95mCEU_coexistence: 0.7142 [97mS:[93m40.7%[97m([91m8.2c[97m-[94mF1:36.5%) [97mU1:[93m53.3%[97m([91m6.0c[97m) [97mU2:[93m68.2%[97m([91m11.2c[97m) [97mR:[93m71.4%[97m([91m37.3c[97m) [97mS-L: [92m0:[96m43% [92m1:[96m33%[39m [39m
2026-07-25 19:18:44,851 - Agent - INFO - [37mVal Epoch 13 step 13 with [31mce_loss_combined : 1.253896 [31mce_loss_c : 0.904929 [31mce_loss_g : 1.275407 [31mkl_synergy_rand_1 : 0.000530 [31mkl_synergy_rand_2 : 0.000589 [31mkl_synergy_1 : 0.000536 [31mkl_synergy_2 : 0.000584 [31mtotal : 1.256135 [31mdiag_kl_1 : 1.092276 [31mdiag_kl_2 : 0.255161 [94mAcc_combined: 64.93 [94mAcc_c: 47.39 [94mAcc_g: 65.30 [92mF1_combined: 65.44 [92mF1_c: 13.50 [92mF1_g: 66.67 [95mCEU_cue_audio: 0.3333 [95mCEU_cue_video: 0.6819 [95mCEU_synergy: 0.3335 [95mCEU_coexistence: 0.8285 [97mS:[93m33.3%[97m([91m6.7c[97m-[94mF1:31.0%) [97mU1:[93m33.3%[97m([91m3.7c[97m) [97mU2:[93m68.2%[97m([91m11.2c[97m) [97mR:[93m82.9%[97m([91m43.3c[97m) [97mS-L: [92m0:[96m33% [92m1:[96m33%[39m [39m
2026-07-25 19:18:48,160 - Agent - INFO - [37mVal Epoch 14 step 14 with [31mce_loss_combined : 1.203799 [31mce_loss_c : 0.801697 [31mce_loss_g : 1.220250 [31mkl_synergy_rand_1 : 0.000497 [31mkl_synergy_rand_2 : 0.000550 [31mkl_synergy_1 : 0.000502 [31mkl_synergy_2 : 0.000561 [31mtotal : 1.205910 [31mdiag_kl_1 : 0.997351 [31mdiag_kl_2 : 0.420251 [94mAcc_combined: 61.94 [94mAcc_c: 50.37 [94mAcc_g: 61.94 [92mF1_combined: 62.22 [92mF1_c: 17.39 [92mF1_g: 63.31 [95mCEU_cue_audio: 0.5335 [95mCEU_cue_video: 0.6364 [95mCEU_synergy: 0.4074 [95mCEU_coexistence: 0.7000 [97mS:[93m40.7%[97m([91m8.2c[97m-[94mF1:36.5%) [97mU1:[93m53.3%[97m([91m6.0c[97m) [97mU2:[93m63.6%[97m([91m10.4c[97m) [97mR:[93m70.0%[97m([91m36.6c[97m) [97mS-L: [92m0:[96m43% [92m1:[96m33%[39m [39m
2026-07-25 19:18:51,470 - Agent - INFO - [37mVal Epoch 15 step 15 with [31mce_loss_combined : 1.097184 [31mce_loss_c : 0.790156 [31mce_loss_g : 1.129188 [31mkl_synergy_rand_1 : 0.000383 [31mkl_synergy_rand_2 : 0.000434 [31mkl_synergy_1 : 0.000381 [31mkl_synergy_2 : 0.000442 [31mtotal : 1.098824 [31mdiag_kl_1 : 0.704729 [31mdiag_kl_2 : 0.254114 [94mAcc_combined: 60.82 [94mAcc_c: 50.37 [94mAcc_g: 60.82 [92mF1_combined: 60.97 [92mF1_c: 17.39 [92mF1_g: 63.67 [95mCEU_cue_audio: 0.6000 [95mCEU_cue_video: 0.5907 [95mCEU_synergy: 0.3335 [95mCEU_coexistence: 0.7142 [97mS:[93m33.3%[97m([91m6.7c[97m-[94mF1:25.0%) [97mU1:[93m60.0%[97m([91m6.7c[97m) [97mU2:[93m59.1%[97m([91m9.7c[97m) [97mR:[93m71.4%[97m([91m37.3c[97m) [97mS-L: [92m0:[96m43%[39m [39m
2026-07-25 19:18:54,665 - Agent - INFO - [37mVal Epoch 16 step 16 with [31mce_loss_combined : 1.164476 [31mce_loss_c : 0.893089 [31mce_loss_g : 1.196322 [31mkl_synergy_rand_1 : 0.000501 [31mkl_synergy_rand_2 : 0.000573 [31mkl_synergy_1 : 0.000524 [31mkl_synergy_2 : 0.000573 [31mtotal : 1.166647 [31mdiag_kl_1 : 0.987801 [31mdiag_kl_2 : 0.342901 [94mAcc_combined: 63.81 [94mAcc_c: 49.25 [94mAcc_g: 64.18 [92mF1_combined: 63.94 [92mF1_c: 21.84 [92mF1_g: 65.47 [95mCEU_cue_audio: 0.5335 [95mCEU_cue_video: 0.6364 [95mCEU_synergy: 0.3702 [95mCEU_coexistence: 0.7714 [97mS:[93m37.0%[97m([91m7.5c[97m-[94mF1:33.8%) [97mU1:[93m53.3%[97m([91m6.0c[97m) [97mU2:[93m63.6%[97m([91m10.4c[97m) [97mR:[93m77.1%[97m([91m40.3c[97m) [97mS-L: [92m0:[96m38% [92m1:[96m33%[39m [39m
2026-07-25 19:18:57,871 - Agent - INFO - [37mVal Epoch 17 step 17 with [31mce_loss_combined : 1.277655 [31mce_loss_c : 0.916101 [31mce_loss_g : 1.266010 [31mkl_synergy_rand_1 : 0.000576 [31mkl_synergy_rand_2 : 0.000630 [31mkl_synergy_1 : 0.000582 [31mkl_synergy_2 : 0.000628 [31mtotal : 1.280072 [31mdiag_kl_1 : 1.094103 [31mdiag_kl_2 : 0.402208 [94mAcc_combined: 62.69 [94mAcc_c: 48.13 [94mAcc_g: 64.55 [92mF1_combined: 62.69 [92mF1_c: 16.77 [92mF1_g: 65.20 [95mCEU_cue_audio: 0.6000 [95mCEU_cue_video: 0.6819 [95mCEU_synergy: 0.3702 [95mCEU_coexistence: 0.7142 [97mS:[93m37.0%[97m([91m7.5c[97m-[94mF1:33.8%) [97mU1:[93m60.0%[97m([91m6.7c[97m) [97mU2:[93m68.2%[97m([91m11.2c[97m) [97mR:[93m71.4%[97m([91m37.3c[97m) [97mS-L: [92m0:[96m38% [92m1:[96m33%[39m [39m
2026-07-25 19:19:01,329 - Agent - INFO - [37mVal Epoch 18 step 18 with [31mce_loss_combined : 1.376102 [31mce_loss_c : 0.953928 [31mce_loss_g : 1.377808 [31mkl_synergy_rand_1 : 0.000542 [31mkl_synergy_rand_2 : 0.000608 [31mkl_synergy_1 : 0.000556 [31mkl_synergy_2 : 0.000600 [31mtotal : 1.378407 [31mdiag_kl_1 : 1.029739 [31mdiag_kl_2 : 0.261735 [94mAcc_combined: 63.06 [94mAcc_c: 51.49 [94mAcc_g: 62.69 [92mF1_combined: 63.47 [92mF1_c: 45.83 [92mF1_g: 63.77 [95mCEU_cue_audio: 0.6000 [95mCEU_cue_video: 0.6364 [95mCEU_synergy: 0.4074 [95mCEU_coexistence: 0.7429 [97mS:[93m40.7%[97m([91m8.2c[97m-[94mF1:36.5%) [97mU1:[93m60.0%[97m([91m6.7c[97m) [97mU2:[93m63.6%[97m([91m10.4c[97m) [97mR:[93m74.3%[97m([91m38.8c[97m) [97mS-L: [92m0:[96m43% [92m1:[96m33%[39m [39m
2026-07-25 19:19:04,546 - Agent - INFO - [37mVal Epoch 19 step 19 with [31mce_loss_combined : 1.360405 [31mce_loss_c : 1.001070 [31mce_loss_g : 1.413864 [31mkl_synergy_rand_1 : 0.000570 [31mkl_synergy_rand_2 : 0.000613 [31mkl_synergy_1 : 0.000562 [31mkl_synergy_2 : 0.000634 [31mtotal : 1.362783 [31mdiag_kl_1 : 1.178503 [31mdiag_kl_2 : 0.321681 [94mAcc_combined: 63.81 [94mAcc_c: 54.10 [94mAcc_g: 64.18 [92mF1_combined: 63.94 [92mF1_c: 51.38 [92mF1_g: 64.71 [95mCEU_cue_audio: 0.4665 [95mCEU_cue_video: 0.6364 [95mCEU_synergy: 0.3335 [95mCEU_coexistence: 0.8000 [97mS:[93m33.3%[97m([91m6.7c[97m-[94mF1:31.0%) [97mU1:[93m46.7%[97m([91m5.2c[97m) [97mU2:[93m63.6%[97m([91m10.4c[97m) [97mR:[93m80.0%[97m([91m41.8c[97m) [97mS-L: [92m0:[96m33% [92m1:[96m33%[39m [39m
2026-07-25 19:19:07,854 - Evaluator - INFO - New best with syn_accuracy-
2026-07-25 19:19:07,854 - Agent - INFO - [37mVal Epoch 20 step 20 with [31mce_loss_combined : 1.395128 [31mce_loss_c : 0.780035 [31mce_loss_g : 1.520853 [31mkl_synergy_rand_1 : 0.000453 [31mkl_synergy_rand_2 : 0.000507 [31mkl_synergy_1 : 0.000464 [31mkl_synergy_2 : 0.000527 [31mtotal : 1.397080 [31mdiag_kl_1 : 0.816233 [31mdiag_kl_2 : 0.339779 [94mAcc_combined: 55.97 [94mAcc_c: 62.31 [94mAcc_g: 56.34 [92mF1_combined: 56.30 [92mF1_c: 61.60 [92mF1_g: 57.76 [95mCEU_cue_audio: 0.5335 [95mCEU_cue_video: 0.5907 [95mCEU_synergy: 0.4814 [95mCEU_coexistence: 0.5858 [97mS:[93m48.1%[97m([91m9.7c[97m-[94mF1:32.5%) [97mU1:[93m53.3%[97m([91m6.0c[97m) [97mU2:[93m59.1%[97m([91m9.7c[97m) [97mR:[93m58.6%[97m([91m30.6c[97m) [97mS-L: [92m0:[96m62%[39m [39m
2026-07-25 19:19:07,895 - Agent - INFO - [37mTest Epoch 20 step 20 with [31mce_loss_combined : 1.375415 [31mce_loss_c : 0.795007 [31mce_loss_g : 1.507448 [31mkl_synergy_rand_1 : 0.000439 [31mkl_synergy_rand_2 : 0.000489 [31mkl_synergy_1 : 0.000442 [31mkl_synergy_2 : 0.000493 [31mtotal : 1.377277 [31mdiag_kl_1 : 0.788919 [31mdiag_kl_2 : 0.552691 [94mAcc_combined: 59.33 [94mAcc_c: 50.00 [94mAcc_g: 58.96 [92mF1_combined: 59.48 [92mF1_c: 49.24 [92mF1_g: 60.14 [95mCEU_cue_audio: 0.5713 [95mCEU_cue_video: 0.6521 [95mCEU_synergy: 0.6667 [95mCEU_coexistence: 0.5172 [97mS:[93m66.7%[97m([91m19.4c[97m-[94mF1:46.3%) [97mU1:[93m57.1%[97m([91m6.0c[97m) [97mU2:[93m65.2%[97m([91m11.2c[97m) [97mR:[93m51.7%[97m([91m22.4c[97m) [97mS-L: [92m0:[96m71% [92m1:[96m25%[39m [39m
2026-07-25 19:19:08,552 - Agent - INFO - [37mModel saved successfully at: ./artifacts/models/multibench/mustard/vt/SynIB_RMask_REFABL_mustard_lam0.5x_fold0_l0.0005_perturbrandom_fillema_pmin0.1_refuniform_lr0.0005_wd0.001.pth.tar[39m
2026-07-25 19:19:11,792 - Agent - INFO - [37mVal Epoch 21 step 21 with [31mce_loss_combined : 1.295691 [31mce_loss_c : 0.838422 [31mce_loss_g : 1.400422 [31mkl_synergy_rand_1 : 0.000529 [31mkl_synergy_rand_2 : 0.000613 [31mkl_synergy_1 : 0.000573 [31mkl_synergy_2 : 0.000608 [31mtotal : 1.298014 [31mdiag_kl_1 : 1.054330 [31mdiag_kl_2 : 0.272819 [94mAcc_combined: 63.81 [94mAcc_c: 49.63 [94mAcc_g: 64.55 [92mF1_combined: 64.21 [92mF1_c: 19.16 [92mF1_g: 64.94 [95mCEU_cue_audio: 0.4665 [95mCEU_cue_video: 0.6364 [95mCEU_synergy: 0.3335 [95mCEU_coexistence: 0.8143 [97mS:[93m33.3%[97m([91m6.7c[97m-[94mF1:31.0%) [97mU1:[93m46.7%[97m([91m5.2c[97m) [97mU2:[93m63.6%[97m([91m10.4c[97m) [97mR:[93m81.4%[97m([91m42.5c[97m) [97mS-L: [92m0:[96m33% [92m1:[96m33%[39m [39m
2026-07-25 19:19:15,045 - Agent - INFO - [37mVal Epoch 22 step 22 with [31mce_loss_combined : 1.425411 [31mce_loss_c : 0.905813 [31mce_loss_g : 1.427074 [31mkl_synergy_rand_1 : 0.000535 [31mkl_synergy_rand_2 : 0.000609 [31mkl_synergy_1 : 0.000560 [31mkl_synergy_2 : 0.000587 [31mtotal : 1.427701 [31mdiag_kl_1 : 0.983508 [31mdiag_kl_2 : 0.368555 [94mAcc_combined: 60.07 [94mAcc_c: 52.24 [94mAcc_g: 63.06 [92mF1_combined: 60.52 [92mF1_c: 49.61 [92mF1_g: 64.00 [95mCEU_cue_audio: 0.5335 [95mCEU_cue_video: 0.5457 [95mCEU_synergy: 0.3702 [95mCEU_coexistence: 0.7286 [97mS:[93m37.0%[97m([91m7.5c[97m-[94mF1:27.0%) [97mU1:[93m53.3%[97m([91m6.0c[97m) [97mU2:[93m54.5%[97m([91m9.0c[97m) [97mR:[93m72.9%[97m([91m38.1c[97m) [97mS-L: [92m0:[96m48%[39m [39m
2026-07-25 19:19:18,416 - Agent - INFO - [37mVal Epoch 23 step 23 with [31mce_loss_combined : 1.419622 [31mce_loss_c : 1.263775 [31mce_loss_g : 1.417359 [31mkl_synergy_rand_1 : 0.000570 [31mkl_synergy_rand_2 : 0.000628 [31mkl_synergy_1 : 0.000579 [31mkl_synergy_2 : 0.000642 [31mtotal : 1.422041 [31mdiag_kl_1 : 1.140479 [31mdiag_kl_2 : 0.351217 [94mAcc_combined: 63.81 [94mAcc_c: 46.27 [94mAcc_g: 63.43 [92mF1_combined: 64.21 [92mF1_c: 33.94 [92mF1_g: 63.70 [95mCEU_cue_audio: 0.4000 [95mCEU_cue_video: 0.7272 [95mCEU_synergy: 0.2963 [95mCEU_coexistence: 0.7858 [97mS:[93m29.6%[97m([91m6.0c[97m-[94mF1:28.1%) [97mU1:[93m40.0%[97m([91m4.5c[97m) [97mU2:[93m72.7%[97m([91m11.9c[97m) [97mR:[93m78.6%[97m([91m41.0c[97m) [97mS-L: [92m0:[96m29% [92m1:[96m33%[39m [39m
2026-07-25 19:19:21,802 - Agent - INFO - [37mVal Epoch 24 step 24 with [31mce_loss_combined : 1.338217 [31mce_loss_c : 0.991602 [31mce_loss_g : 1.381472 [31mkl_synergy_rand_1 : 0.000433 [31mkl_synergy_rand_2 : 0.000485 [31mkl_synergy_1 : 0.000443 [31mkl_synergy_2 : 0.000488 [31mtotal : 1.340067 [31mdiag_kl_1 : 0.770286 [31mdiag_kl_2 : 0.281840 [94mAcc_combined: 59.33 [94mAcc_c: 54.10 [94mAcc_g: 60.07 [92mF1_combined: 59.48 [92mF1_c: 52.14 [92mF1_g: 61.92 [95mCEU_cue_audio: 0.6667 [95mCEU_cue_video: 0.6364 [95mCEU_synergy: 0.4074 [95mCEU_coexistence: 0.6286 [97mS:[93m40.7%[97m([91m8.2c[97m-[94mF1:28.9%) [97mU1:[93m66.7%[97m([91m7.5c[97m) [97mU2:[93m63.6%[97m([91m10.4c[97m) [97mR:[93m62.9%[97m([91m32.8c[97m) [97mS-L: [92m0:[96m52%[39m [39m
2026-07-25 19:19:25,073 - Agent - INFO - [37mVal Epoch 25 step 25 with [31mce_loss_combined : 1.266334 [31mce_loss_c : 0.934155 [31mce_loss_g : 1.304724 [31mkl_synergy_rand_1 : 0.000491 [31mkl_synergy_rand_2 : 0.000548 [31mkl_synergy_1 : 0.000507 [31mkl_synergy_2 : 0.000551 [31mtotal : 1.268431 [31mdiag_kl_1 : 0.952518 [31mdiag_kl_2 : 0.234363 [94mAcc_combined: 62.31 [94mAcc_c: 53.36 [94mAcc_g: 63.81 [92mF1_combined: 62.45 [92mF1_c: 51.36 [92mF1_g: 65.23 [95mCEU_cue_audio: 0.4665 [95mCEU_cue_video: 0.5907 [95mCEU_synergy: 0.2963 [95mCEU_coexistence: 0.8000 [97mS:[93m29.6%[97m([91m6.0c[97m-[94mF1:26.0%) [97mU1:[93m46.7%[97m([91m5.2c[97m) [97mU2:[93m59.1%[97m([91m9.7c[97m) [97mR:[93m80.0%[97m([91m41.8c[97m) [97mS-L: [92m0:[96m33% [92m1:[96m17%[39m [39m
2026-07-25 19:19:28,282 - Agent - INFO - [37mVal Epoch 26 step 26 with [31mce_loss_combined : 1.452433 [31mce_loss_c : 0.874449 [31mce_loss_g : 1.427717 [31mkl_synergy_rand_1 : 0.000578 [31mkl_synergy_rand_2 : 0.000629 [31mkl_synergy_1 : 0.000580 [31mkl_synergy_2 : 0.000634 [31mtotal : 1.454854 [31mdiag_kl_1 : 1.056011 [31mdiag_kl_2 : 0.267456 [94mAcc_combined: 62.31 [94mAcc_c: 54.85 [94mAcc_g: 63.06 [92mF1_combined: 62.45 [92mF1_c: 53.28 [92mF1_g: 63.74 [95mCEU_cue_audio: 0.5335 [95mCEU_cue_video: 0.5907 [95mCEU_synergy: 0.3702 [95mCEU_coexistence: 0.7571 [97mS:[93m37.0%[97m([91m7.5c[97m-[94mF1:31.0%) [97mU1:[93m53.3%[97m([91m6.0c[97m) [97mU2:[93m59.1%[97m([91m9.7c[97m) [97mR:[93m75.7%[97m([91m39.6c[97m) [97mS-L: [92m0:[96m43% [92m1:[96m17%[39m [39m
2026-07-25 19:19:31,659 - Agent - INFO - [37mVal Epoch 27 step 27 with [31mce_loss_combined : 1.559182 [31mce_loss_c : 1.147279 [31mce_loss_g : 1.519537 [31mkl_synergy_rand_1 : 0.000626 [31mkl_synergy_rand_2 : 0.000694 [31mkl_synergy_1 : 0.000644 [31mkl_synergy_2 : 0.000698 [31mtotal : 1.561846 [31mdiag_kl_1 : 1.240612 [31mdiag_kl_2 : 0.318795 [94mAcc_combined: 61.94 [94mAcc_c: 47.39 [94mAcc_g: 62.31 [92mF1_combined: 61.94 [92mF1_c: 44.71 [92mF1_g: 62.45 [95mCEU_cue_audio: 0.4665 [95mCEU_cue_video: 0.5457 [95mCEU_synergy: 0.2963 [95mCEU_coexistence: 0.8000 [97mS:[93m29.6%[97m([91m6.0c[97m-[94mF1:28.1%) [97mU1:[93m46.7%[97m([91m5.2c[97m) [97mU2:[93m54.5%[97m([91m9.0c[97m) [97mR:[93m80.0%[97m([91m41.8c[97m) [97mS-L: [92m0:[96m29% [92m1:[96m33%[39m [39m
2026-07-25 19:19:34,952 - Agent - INFO - [37mVal Epoch 28 step 28 with [31mce_loss_combined : 1.475011 [31mce_loss_c : 1.211966 [31mce_loss_g : 1.484390 [31mkl_synergy_rand_1 : 0.000574 [31mkl_synergy_rand_2 : 0.000636 [31mkl_synergy_1 : 0.000574 [31mkl_synergy_2 : 0.000630 [31mtotal : 1.477425 [31mdiag_kl_1 : 1.145894 [31mdiag_kl_2 : 0.332027 [94mAcc_combined: 63.81 [94mAcc_c: 48.51 [94mAcc_g: 63.43 [92mF1_combined: 63.94 [92mF1_c: 46.51 [92mF1_g: 63.70 [95mCEU_cue_audio: 0.5335 [95mCEU_cue_video: 0.5907 [95mCEU_synergy: 0.4074 [95mCEU_coexistence: 0.7571 [97mS:[93m40.7%[97m([91m8.2c[97m-[94mF1:33.3%) [97mU1:[93m53.3%[97m([91m6.0c[97m) [97mU2:[93m59.1%[97m([91m9.7c[97m) [97mR:[93m75.7%[97m([91m39.6c[97m) [97mS-L: [92m0:[96m48% [92m1:[96m17%[39m [39m
2026-07-25 19:19:38,208 - Agent - INFO - [37mVal Epoch 29 step 29 with [31mce_loss_combined : 1.189175 [31mce_loss_c : 1.635546 [31mce_loss_g : 1.257022 [31mkl_synergy_rand_1 : 0.000429 [31mkl_synergy_rand_2 : 0.000477 [31mkl_synergy_1 : 0.000444 [31mkl_synergy_2 : 0.000490 [31mtotal : 1.191015 [31mdiag_kl_1 : 0.838598 [31mdiag_kl_2 : 0.294303 [94mAcc_combined: 64.55 [94mAcc_c: 47.01 [94mAcc_g: 65.67 [92mF1_combined: 64.68 [92mF1_c: 45.38 [92mF1_g: 66.18 [95mCEU_cue_audio: 0.4665 [95mCEU_cue_video: 0.6364 [95mCEU_synergy: 0.3702 [95mCEU_coexistence: 0.8000 [97mS:[93m37.0%[97m([91m7.5c[97m-[94mF1:31.0%) [97mU1:[93m46.7%[97m([91m5.2c[97m) [97mU2:[93m63.6%[97m([91m10.4c[97m) [97mR:[93m80.0%[97m([91m41.8c[97m) [97mS-L: [92m0:[96m43% [92m1:[96m17%[39m [39m
2026-07-25 19:19:41,582 - Agent - INFO - [37mVal Epoch 30 step 30 with [31mce_loss_combined : 1.461065 [31mce_loss_c : 1.103326 [31mce_loss_g : 1.281983 [31mkl_synergy_rand_1 : 0.000606 [31mkl_synergy_rand_2 : 0.000660 [31mkl_synergy_1 : 0.000610 [31mkl_synergy_2 : 0.000641 [31mtotal : 1.463582 [31mdiag_kl_1 : 1.104292 [31mdiag_kl_2 : 0.386054 [94mAcc_combined: 62.69 [94mAcc_c: 48.88 [94mAcc_g: 63.81 [92mF1_combined: 62.96 [92mF1_c: 46.69 [92mF1_g: 64.21 [95mCEU_cue_audio: 0.6000 [95mCEU_cue_video: 0.6364 [95mCEU_synergy: 0.4074 [95mCEU_coexistence: 0.7286 [97mS:[93m40.7%[97m([91m8.2c[97m-[94mF1:33.3%) [97mU1:[93m60.0%[97m([91m6.7c[97m) [97mU2:[93m63.6%[97m([91m10.4c[97m) [97mR:[93m72.9%[97m([91m38.1c[97m) [97mS-L: [92m0:[96m48% [92m1:[96m17%[39m [39m
2026-07-25 19:19:44,798 - Agent - INFO - [37mVal Epoch 31 step 31 with [31mce_loss_combined : 1.486193 [31mce_loss_c : 1.249001 [31mce_loss_g : 1.383213 [31mkl_synergy_rand_1 : 0.000559 [31mkl_synergy_rand_2 : 0.000636 [31mkl_synergy_1 : 0.000599 [31mkl_synergy_2 : 0.000637 [31mtotal : 1.488625 [31mdiag_kl_1 : 1.142838 [31mdiag_kl_2 : 0.423123 [94mAcc_combined: 60.45 [94mAcc_c: 45.90 [94mAcc_g: 61.57 [92mF1_combined: 60.45 [92mF1_c: 44.02 [92mF1_g: 61.99 [95mCEU_cue_audio: 0.4665 [95mCEU_cue_video: 0.5457 [95mCEU_synergy: 0.3335 [95mCEU_coexistence: 0.7571 [97mS:[93m33.3%[97m([91m6.7c[97m-[94mF1:28.5%) [97mU1:[93m46.7%[97m([91m5.2c[97m) [97mU2:[93m54.5%[97m([91m9.0c[97m) [97mR:[93m75.7%[97m([91m39.6c[97m) [97mS-L: [92m0:[96m38% [92m1:[96m17%[39m [39m
2026-07-25 19:19:48,041 - Agent - INFO - [37mVal Epoch 32 step 32 with [31mce_loss_combined : 1.570789 [31mce_loss_c : 1.376888 [31mce_loss_g : 1.371302 [31mkl_synergy_rand_1 : 0.000576 [31mkl_synergy_rand_2 : 0.000646 [31mkl_synergy_1 : 0.000589 [31mkl_synergy_2 : 0.000626 [31mtotal : 1.573226 [31mdiag_kl_1 : 1.086087 [31mdiag_kl_2 : 0.384529 [94mAcc_combined: 55.22 [94mAcc_c: 51.12 [94mAcc_g: 62.31 [92mF1_combined: 57.14 [92mF1_c: 49.42 [92mF1_g: 62.73 [95mCEU_cue_audio: 0.4665 [95mCEU_cue_video: 0.6364 [95mCEU_synergy: 0.3702 [95mCEU_coexistence: 0.6857 [97mS:[93m37.0%[97m([91m7.5c[97m-[94mF1:31.0%) [97mU1:[93m46.7%[97m([91m5.2c[97m) [97mU2:[93m63.6%[97m([91m10.4c[97m) [97mR:[93m68.6%[97m([91m35.8c[97m) [97mS-L: [92m0:[96m43% [92m1:[96m17%[39m [39m
2026-07-25 19:19:51,266 - Agent - INFO - [37mVal Epoch 33 step 33 with [31mce_loss_combined : 1.644054 [31mce_loss_c : 1.233373 [31mce_loss_g : 1.525333 [31mkl_synergy_rand_1 : 0.000639 [31mkl_synergy_rand_2 : 0.000688 [31mkl_synergy_1 : 0.000643 [31mkl_synergy_2 : 0.000685 [31mtotal : 1.646709 [31mdiag_kl_1 : 1.240340 [31mdiag_kl_2 : 0.379324 [94mAcc_combined: 60.45 [94mAcc_c: 47.01 [94mAcc_g: 61.57 [92mF1_combined: 60.74 [92mF1_c: 45.80 [92mF1_g: 61.99 [95mCEU_cue_audio: 0.4665 [95mCEU_cue_video: 0.5907 [95mCEU_synergy: 0.3702 [95mCEU_coexistence: 0.7286 [97mS:[93m37.0%[97m([91m7.5c[97m-[94mF1:31.0%) [97mU1:[93m46.7%[97m([91m5.2c[97m) [97mU2:[93m59.1%[97m([91m9.7c[97m) [97mR:[93m72.9%[97m([91m38.1c[97m) [97mS-L: [92m0:[96m43% [92m1:[96m17%[39m [39m
2026-07-25 19:19:54,494 - Agent - INFO - [37mVal Epoch 34 step 34 with [31mce_loss_combined : 1.466981 [31mce_loss_c : 1.267762 [31mce_loss_g : 1.413607 [31mkl_synergy_rand_1 : 0.000557 [31mkl_synergy_rand_2 : 0.000630 [31mkl_synergy_1 : 0.000585 [31mkl_synergy_2 : 0.000641 [31mtotal : 1.469394 [31mdiag_kl_1 : 1.058513 [31mdiag_kl_2 : 0.335308 [94mAcc_combined: 61.94 [94mAcc_c: 50.37 [94mAcc_g: 64.18 [92mF1_combined: 62.22 [92mF1_c: 48.65 [92mF1_g: 64.44 [95mCEU_cue_audio: 0.6000 [95mCEU_cue_video: 0.5907 [95mCEU_synergy: 0.3702 [95mCEU_coexistence: 0.7429 [97mS:[93m37.0%[97m([91m7.5c[97m-[94mF1:31.0%) [97mU1:[93m60.0%[97m([91m6.7c[97m) [97mU2:[93m59.1%[97m([91m9.7c[97m) [97mR:[93m74.3%[97m([91m38.8c[97m) [97mS-L: [92m0:[96m43% [92m1:[96m17%[39m [39m
2026-07-25 19:19:57,823 - Agent - INFO - [37mVal Epoch 35 step 35 with [31mce_loss_combined : 1.551249 [31mce_loss_c : 1.536306 [31mce_loss_g : 1.444068 [31mkl_synergy_rand_1 : 0.000552 [31mkl_synergy_rand_2 : 0.000595 [31mkl_synergy_1 : 0.000563 [31mkl_synergy_2 : 0.000606 [31mtotal : 1.553565 [31mdiag_kl_1 : 1.036330 [31mdiag_kl_2 : 0.305475 [94mAcc_combined: 61.19 [94mAcc_c: 47.76 [94mAcc_g: 61.94 [92mF1_combined: 61.48 [92mF1_c: 46.97 [92mF1_g: 62.22 [95mCEU_cue_audio: 0.3333 [95mCEU_cue_video: 0.5907 [95mCEU_synergy: 0.3702 [95mCEU_coexistence: 0.7714 [97mS:[93m37.0%[97m([91m7.5c[97m-[94mF1:33.8%) [97mU1:[93m33.3%[97m([91m3.7c[97m) [97mU2:[93m59.1%[97m([91m9.7c[97m) [97mR:[93m77.1%[97m([91m40.3c[97m) [97mS-L: [92m0:[96m38% [92m1:[96m33%[39m [39m
2026-07-25 19:20:01,140 - Agent - INFO - [37mVal Epoch 36 step 36 with [31mce_loss_combined : 1.696117 [31mce_loss_c : 1.325848 [31mce_loss_g : 1.496964 [31mkl_synergy_rand_1 : 0.000557 [31mkl_synergy_rand_2 : 0.000596 [31mkl_synergy_1 : 0.000556 [31mkl_synergy_2 : 0.000609 [31mtotal : 1.698436 [31mdiag_kl_1 : 0.962885 [31mdiag_kl_2 : 0.707411 [94mAcc_combined: 56.72 [94mAcc_c: 48.88 [94mAcc_g: 58.96 [92mF1_combined: 57.97 [92mF1_c: 46.27 [92mF1_g: 60.71 [95mCEU_cue_audio: 0.6000 [95mCEU_cue_video: 0.5907 [95mCEU_synergy: 0.4447 [95mCEU_coexistence: 0.6286 [97mS:[93m44.4%[97m([91m9.0c[97m-[94mF1:30.8%) [97mU1:[93m60.0%[97m([91m6.7c[97m) [97mU2:[93m59.1%[97m([91m9.7c[97m) [97mR:[93m62.9%[97m([91m32.8c[97m) [97mS-L: [92m0:[96m57%[39m [39m
2026-07-25 19:20:04,436 - Agent - INFO - [37mVal Epoch 37 step 37 with [31mce_loss_combined : 1.492183 [31mce_loss_c : 1.556566 [31mce_loss_g : 1.313479 [31mkl_synergy_rand_1 : 0.000572 [31mkl_synergy_rand_2 : 0.000575 [31mkl_synergy_1 : 0.000572 [31mkl_synergy_2 : 0.000570 [31mtotal : 1.494471 [31mdiag_kl_1 : 1.101003 [31mdiag_kl_2 : 0.458478 [94mAcc_combined: 57.09 [94mAcc_c: 48.13 [94mAcc_g: 61.94 [92mF1_combined: 61.02 [92mF1_c: 47.55 [92mF1_g: 62.77 [95mCEU_cue_audio: 0.3333 [95mCEU_cue_video: 0.5457 [95mCEU_synergy: 0.2963 [95mCEU_coexistence: 0.7000 [97mS:[93m29.6%[97m([91m6.0c[97m-[94mF1:26.0%) [97mU1:[93m33.3%[97m([91m3.7c[97m) [97mU2:[93m54.5%[97m([91m9.0c[97m) [97mR:[93m70.0%[97m([91m36.6c[97m) [97mS-L: [92m0:[96m33% [92m1:[96m17%[39m [39m
2026-07-25 19:20:07,710 - Agent - INFO - [37mVal Epoch 38 step 38 with [31mce_loss_combined : 1.709154 [31mce_loss_c : 1.477670 [31mce_loss_g : 1.392459 [31mkl_synergy_rand_1 : 0.000612 [31mkl_synergy_rand_2 : 0.000695 [31mkl_synergy_1 : 0.000667 [31mkl_synergy_2 : 0.000674 [31mtotal : 1.711803 [31mdiag_kl_1 : 1.113956 [31mdiag_kl_2 : 0.386817 [94mAcc_combined: 58.96 [94mAcc_c: 44.40 [94mAcc_g: 64.93 [92mF1_combined: 60.99 [92mF1_c: 41.57 [92mF1_g: 65.19 [95mCEU_cue_audio: 0.6000 [95mCEU_cue_video: 0.5457 [95mCEU_synergy: 0.4074 [95mCEU_coexistence: 0.7286 [97mS:[93m40.7%[97m([91m8.2c[97m-[94mF1:36.5%) [97mU1:[93m60.0%[97m([91m6.7c[97m) [97mU2:[93m54.5%[97m([91m9.0c[97m) [97mR:[93m72.9%[97m([91m38.1c[97m) [97mS-L: [92m0:[96m43% [92m1:[96m33%[39m [39m
2026-07-25 19:20:11,009 - Evaluator - INFO - New best with syn_accuracy-
2026-07-25 19:20:11,009 - Agent - INFO - [37mVal Epoch 39 step 39 with [31mce_loss_combined : 1.590435 [31mce_loss_c : 1.349974 [31mce_loss_g : 1.501466 [31mkl_synergy_rand_1 : 0.000606 [31mkl_synergy_rand_2 : 0.000692 [31mkl_synergy_1 : 0.000664 [31mkl_synergy_2 : 0.000702 [31mtotal : 1.593099 [31mdiag_kl_1 : 1.120656 [31mdiag_kl_2 : 0.468329 [94mAcc_combined: 60.82 [94mAcc_c: 45.52 [94mAcc_g: 63.06 [92mF1_combined: 61.25 [92mF1_c: 43.85 [92mF1_g: 63.20 [95mCEU_cue_audio: 0.5335 [95mCEU_cue_video: 0.5457 [95mCEU_synergy: 0.5186 [95mCEU_coexistence: 0.6857 [97mS:[93m51.9%[97m([91m10.4c[97m-[94mF1:44.2%) [97mU1:[93m53.3%[97m([91m6.0c[97m) [97mU2:[93m54.5%[97m([91m9.0c[97m) [97mR:[93m68.6%[97m([91m35.8c[97m) [97mS-L: [92m0:[96m57% [92m1:[96m33%[39m [39m
2026-07-25 19:20:11,038 - Agent - INFO - [37mTest Epoch 39 step 39 with [31mce_loss_combined : 1.553634 [31mce_loss_c : 1.051238 [31mce_loss_g : 1.651127 [31mkl_synergy_rand_1 : 0.000556 [31mkl_synergy_rand_2 : 0.000616 [31mkl_synergy_1 : 0.000558 [31mkl_synergy_2 : 0.000608 [31mtotal : 1.555972 [31mdiag_kl_1 : 1.015381 [31mdiag_kl_2 : 0.588580 [94mAcc_combined: 60.45 [94mAcc_c: 52.61 [94mAcc_g: 61.94 [92mF1_combined: 62.14 [92mF1_c: 50.58 [92mF1_g: 61.94 [95mCEU_cue_audio: 0.7139 [95mCEU_cue_video: 0.7826 [95mCEU_synergy: 0.5641 [95mCEU_coexistence: 0.5518 [97mS:[93m56.4%[97m([91m16.4c[97m-[94mF1:40.9%) [97mU1:[93m71.4%[97m([91m7.5c[97m) [97mU2:[93m78.3%[97m([91m13.4c[97m) [97mR:[93m55.2%[97m([91m23.9c[97m) [97mS-L: [92m0:[96m60% [92m1:[96m25%[39m [39m
2026-07-25 19:20:11,707 - Agent - INFO - [37mModel saved successfully at: ./artifacts/models/multibench/mustard/vt/SynIB_RMask_REFABL_mustard_lam0.5x_fold0_l0.0005_perturbrandom_fillema_pmin0.1_refuniform_lr0.0005_wd0.001.pth.tar[39m
2026-07-25 19:20:15,060 - Agent - INFO - [37mVal Epoch 40 step 40 with [31mce_loss_combined : 1.563365 [31mce_loss_c : 1.734607 [31mce_loss_g : 1.396381 [31mkl_synergy_rand_1 : 0.000569 [31mkl_synergy_rand_2 : 0.000574 [31mkl_synergy_1 : 0.000582 [31mkl_synergy_2 : 0.000592 [31mtotal : 1.565682 [31mdiag_kl_1 : 1.026859 [31mdiag_kl_2 : 0.463071 [94mAcc_combined: 55.22 [94mAcc_c: 47.76 [94mAcc_g: 63.43 [92mF1_combined: 57.45 [92mF1_c: 46.56 [92mF1_g: 63.70 [95mCEU_cue_audio: 0.5335 [95mCEU_cue_video: 0.4093 [95mCEU_synergy: 0.4074 [95mCEU_coexistence: 0.6286 [97mS:[93m40.7%[97m([91m8.2c[97m-[94mF1:33.3%) [97mU1:[93m53.3%[97m([91m6.0c[97m) [97mU2:[93m40.9%[97m([91m6.7c[97m) [97mR:[93m62.9%[97m([91m32.8c[97m) [97mS-L: [92m0:[96m48% [92m1:[96m17%[39m [39m
2026-07-25 19:20:18,361 - Agent - INFO - [37mVal Epoch 41 step 41 with [31mce_loss_combined : 1.601709 [31mce_loss_c : 1.604412 [31mce_loss_g : 1.081834 [31mkl_synergy_rand_1 : 0.000540 [31mkl_synergy_rand_2 : 0.000562 [31mkl_synergy_1 : 0.000524 [31mkl_synergy_2 : 0.000520 [31mtotal : 1.603854 [31mdiag_kl_1 : 0.930873 [31mdiag_kl_2 : 0.571297 [94mAcc_combined: 51.49 [94mAcc_c: 43.28 [94mAcc_g: 62.69 [92mF1_combined: 52.21 [92mF1_c: 41.09 [92mF1_g: 63.24 [95mCEU_cue_audio: 0.6667 [95mCEU_cue_video: 0.4093 [95mCEU_synergy: 0.4447 [95mCEU_coexistence: 0.5714 [97mS:[93m44.4%[97m([91m9.0c[97m-[94mF1:30.8%) [97mU1:[93m66.7%[97m([91m7.5c[97m) [97mU2:[93m40.9%[97m([91m6.7c[97m) [97mR:[93m57.1%[97m([91m29.9c[97m) [97mS-L: [92m0:[96m57%[39m [39m
2026-07-25 19:20:21,632 - Agent - INFO - [37mVal Epoch 42 step 42 with [31mce_loss_combined : 1.466486 [31mce_loss_c : 1.042946 [31mce_loss_g : 1.237734 [31mkl_synergy_rand_1 : 0.000617 [31mkl_synergy_rand_2 : 0.000690 [31mkl_synergy_1 : 0.000630 [31mkl_synergy_2 : 0.000681 [31mtotal : 1.469103 [31mdiag_kl_1 : 1.147965 [31mdiag_kl_2 : 0.461308 [94mAcc_combined: 64.55 [94mAcc_c: 50.00 [94mAcc_g: 64.93 [92mF1_combined: 64.94 [92mF1_c: 40.18 [92mF1_g: 65.44 [95mCEU_cue_audio: 0.5335 [95mCEU_cue_video: 0.5907 [95mCEU_synergy: 0.5186 [95mCEU_coexistence: 0.7429 [97mS:[93m51.9%[97m([91m10.4c[97m-[94mF1:44.2%) [97mU1:[93m53.3%[97m([91m6.0c[97m) [97mU2:[93m59.1%[97m([91m9.7c[97m) [97mR:[93m74.3%[97m([91m38.8c[97m) [97mS-L: [92m0:[96m57% [92m1:[96m33%[39m [39m
2026-07-25 19:20:24,892 - Agent - INFO - [37mVal Epoch 43 step 43 with [31mce_loss_combined : 1.447515 [31mce_loss_c : 1.282556 [31mce_loss_g : 1.330634 [31mkl_synergy_rand_1 : 0.000572 [31mkl_synergy_rand_2 : 0.000632 [31mkl_synergy_1 : 0.000588 [31mkl_synergy_2 : 0.000611 [31mtotal : 1.449918 [31mdiag_kl_1 : 1.085666 [31mdiag_kl_2 : 0.380285 [94mAcc_combined: 60.82 [94mAcc_c: 49.25 [94mAcc_g: 63.43 [92mF1_combined: 61.82 [92mF1_c: 47.69 [92mF1_g: 64.23 [95mCEU_cue_audio: 0.6000 [95mCEU_cue_video: 0.5457 [95mCEU_synergy: 0.4447 [95mCEU_coexistence: 0.7286 [97mS:[93m44.4%[97m([91m9.0c[97m-[94mF1:39.1%) [97mU1:[93m60.0%[97m([91m6.7c[97m) [97mU2:[93m54.5%[97m([91m9.0c[97m) [97mR:[93m72.9%[97m([91m38.1c[97m) [97mS-L: [92m0:[96m48% [92m1:[96m33%[39m [39m
2026-07-25 19:20:28,152 - Agent - INFO - [37mVal Epoch 44 step 44 with [31mce_loss_combined : 1.398242 [31mce_loss_c : 1.323877 [31mce_loss_g : 1.352290 [31mkl_synergy_rand_1 : 0.000584 [31mkl_synergy_rand_2 : 0.000634 [31mkl_synergy_1 : 0.000628 [31mkl_synergy_2 : 0.000610 [31mtotal : 1.400698 [31mdiag_kl_1 : 1.132315 [31mdiag_kl_2 : 0.370345 [94mAcc_combined: 58.96 [94mAcc_c: 50.75 [94mAcc_g: 64.55 [92mF1_combined: 60.43 [92mF1_c: 50.00 [92mF1_g: 64.94 [95mCEU_cue_audio: 0.6000 [95mCEU_cue_video: 0.5457 [95mCEU_synergy: 0.3702 [95mCEU_coexistence: 0.7429 [97mS:[93m37.0%[97m([91m7.5c[97m-[94mF1:33.8%) [97mU1:[93m60.0%[97m([91m6.7c[97m) [97mU2:[93m54.5%[97m([91m9.0c[97m) [97mR:[93m74.3%[97m([91m38.8c[97m) [97mS-L: [92m0:[96m38% [92m1:[96m33%[39m [39m
2026-07-25 19:20:31,559 - Agent - INFO - [37mVal Epoch 45 step 45 with [31mce_loss_combined : 1.544868 [31mce_loss_c : 1.517309 [31mce_loss_g : 1.418825 [31mkl_synergy_rand_1 : 0.000603 [31mkl_synergy_rand_2 : 0.000647 [31mkl_synergy_1 : 0.000607 [31mkl_synergy_2 : 0.000640 [31mtotal : 1.547364 [31mdiag_kl_1 : 1.114846 [31mdiag_kl_2 : 0.390741 [94mAcc_combined: 57.84 [94mAcc_c: 45.52 [94mAcc_g: 64.18 [92mF1_combined: 59.50 [92mF1_c: 42.52 [92mF1_g: 64.18 [95mCEU_cue_audio: 0.6000 [95mCEU_cue_video: 0.5000 [95mCEU_synergy: 0.4447 [95mCEU_coexistence: 0.6572 [97mS:[93m44.4%[97m([91m9.0c[97m-[94mF1:39.1%) [97mU1:[93m60.0%[97m([91m6.7c[97m) [97mU2:[93m50.0%[97m([91m8.2c[97m) [97mR:[93m65.7%[97m([91m34.3c[97m) [97mS-L: [92m0:[96m48% [92m1:[96m33%[39m [39m
2026-07-25 19:20:34,880 - Agent - INFO - [37mVal Epoch 46 step 46 with [31mce_loss_combined : 1.554873 [31mce_loss_c : 1.665966 [31mce_loss_g : 1.351729 [31mkl_synergy_rand_1 : 0.000600 [31mkl_synergy_rand_2 : 0.000630 [31mkl_synergy_1 : 0.000623 [31mkl_synergy_2 : 0.000600 [31mtotal : 1.557326 [31mdiag_kl_1 : 1.104795 [31mdiag_kl_2 : 0.394578 [94mAcc_combined: 53.73 [94mAcc_c: 46.64 [94mAcc_g: 66.42 [92mF1_combined: 56.03 [92mF1_c: 45.63 [92mF1_g: 67.15 [95mCEU_cue_audio: 0.4665 [95mCEU_cue_video: 0.5000 [95mCEU_synergy: 0.3702 [95mCEU_coexistence: 0.6286 [97mS:[93m37.0%[97m([91m7.5c[97m-[94mF1:33.8%) [97mU1:[93m46.7%[97m([91m5.2c[97m) [97mU2:[93m50.0%[97m([91m8.2c[97m) [97mR:[93m62.9%[97m([91m32.8c[97m) [97mS-L: [92m0:[96m38% [92m1:[96m33%[39m [39m
2026-07-25 19:20:38,253 - Agent - INFO - [37mVal Epoch 47 step 47 with [31mce_loss_combined : 1.572511 [31mce_loss_c : 1.607548 [31mce_loss_g : 1.292870 [31mkl_synergy_rand_1 : 0.000551 [31mkl_synergy_rand_2 : 0.000598 [31mkl_synergy_1 : 0.000581 [31mkl_synergy_2 : 0.000585 [31mtotal : 1.574826 [31mdiag_kl_1 : 0.980921 [31mdiag_kl_2 : 0.470699 [94mAcc_combined: 52.24 [94mAcc_c: 42.16 [94mAcc_g: 64.93 [92mF1_combined: 53.28 [92mF1_c: 38.25 [92mF1_g: 65.94 [95mCEU_cue_audio: 0.4665 [95mCEU_cue_video: 0.4543 [95mCEU_synergy: 0.4814 [95mCEU_coexistence: 0.5714 [97mS:[93m48.1%[97m([91m9.7c[97m-[94mF1:41.7%) [97mU1:[93m46.7%[97m([91m5.2c[97m) [97mU2:[93m45.5%[97m([91m7.5c[97m) [97mR:[93m57.1%[97m([91m29.9c[97m) [97mS-L: [92m0:[96m52% [92m1:[96m33%[39m [39m
2026-07-25 19:20:41,623 - Agent - INFO - [37mVal Epoch 48 step 48 with [31mce_loss_combined : 1.579316 [31mce_loss_c : 1.566671 [31mce_loss_g : 1.273790 [31mkl_synergy_rand_1 : 0.000571 [31mkl_synergy_rand_2 : 0.000579 [31mkl_synergy_1 : 0.000593 [31mkl_synergy_2 : 0.000594 [31mtotal : 1.581652 [31mdiag_kl_1 : 1.067094 [31mdiag_kl_2 : 0.420531 [94mAcc_combined: 49.63 [94mAcc_c: 46.27 [94mAcc_g: 65.30 [92mF1_combined: 51.61 [92mF1_c: 44.62 [92mF1_g: 66.67 [95mCEU_cue_audio: 0.3333 [95mCEU_cue_video: 0.5000 [95mCEU_synergy: 0.3702 [95mCEU_coexistence: 0.6143 [97mS:[93m37.0%[97m([91m7.5c[97m-[94mF1:33.8%) [97mU1:[93m33.3%[97m([91m3.7c[97m) [97mU2:[93m50.0%[97m([91m8.2c[97m) [97mR:[93m61.4%[97m([91m32.1c[97m) [97mS-L: [92m0:[96m38% [92m1:[96m33%[39m [39m
2026-07-25 19:20:44,881 - Agent - INFO - [37mVal Epoch 49 step 49 with [31mce_loss_combined : 1.647775 [31mce_loss_c : 1.565133 [31mce_loss_g : 1.388383 [31mkl_synergy_rand_1 : 0.000640 [31mkl_synergy_rand_2 : 0.000671 [31mkl_synergy_1 : 0.000659 [31mkl_synergy_2 : 0.000659 [31mtotal : 1.650405 [31mdiag_kl_1 : 1.213641 [31mdiag_kl_2 : 0.371989 [94mAcc_combined: 52.61 [94mAcc_c: 50.37 [94mAcc_g: 63.81 [92mF1_combined: 53.48 [92mF1_c: 49.04 [92mF1_g: 64.21 [95mCEU_cue_audio: 0.4000 [95mCEU_cue_video: 0.4093 [95mCEU_synergy: 0.3335 [95mCEU_coexistence: 0.6572 [97mS:[93m33.3%[97m([91m6.7c[97m-[94mF1:31.0%) [97mU1:[93m40.0%[97m([91m4.5c[97m) [97mU2:[93m40.9%[97m([91m6.7c[97m) [97mR:[93m65.7%[97m([91m34.3c[97m) [97mS-L: [92m0:[96m33% [92m1:[96m33%[39m [39m
2026-07-25 19:20:48,177 - Agent - INFO - [37mVal Epoch 50 step 50 with [31mce_loss_combined : 1.688873 [31mce_loss_c : 1.733040 [31mce_loss_g : 1.458922 [31mkl_synergy_rand_1 : 0.000619 [31mkl_synergy_rand_2 : 0.000645 [31mkl_synergy_1 : 0.000631 [31mkl_synergy_2 : 0.000649 [31mtotal : 1.691418 [31mdiag_kl_1 : 1.152603 [31mdiag_kl_2 : 0.391632 [94mAcc_combined: 52.24 [94mAcc_c: 44.40 [94mAcc_g: 61.57 [92mF1_combined: 54.29 [92mF1_c: 43.77 [92mF1_g: 62.55 [95mCEU_cue_audio: 0.4665 [95mCEU_cue_video: 0.5457 [95mCEU_synergy: 0.4447 [95mCEU_coexistence: 0.5429 [97mS:[93m44.4%[97m([91m9.0c[97m-[94mF1:39.1%) [97mU1:[93m46.7%[97m([91m5.2c[97m) [97mU2:[93m54.5%[97m([91m9.0c[97m) [97mR:[93m54.3%[97m([91m28.4c[97m) [97mS-L: [92m0:[96m48% [92m1:[96m33%[39m [39m
2026-07-25 19:20:52,346 - Agent - INFO - [37mVal Epoch 51 step 51 with [31mce_loss_combined : 1.581694 [31mce_loss_c : 1.614068 [31mce_loss_g : 1.408346 [31mkl_synergy_rand_1 : 0.000634 [31mkl_synergy_rand_2 : 0.000663 [31mkl_synergy_1 : 0.000646 [31mkl_synergy_2 : 0.000650 [31mtotal : 1.584287 [31mdiag_kl_1 : 1.237354 [31mdiag_kl_2 : 0.341585 [94mAcc_combined: 54.10 [94mAcc_c: 51.87 [94mAcc_g: 63.81 [92mF1_combined: 56.23 [92mF1_c: 51.32 [92mF1_g: 64.47 [95mCEU_cue_audio: 0.5335 [95mCEU_cue_video: 0.5000 [95mCEU_synergy: 0.3335 [95mCEU_coexistence: 0.6286 [97mS:[93m33.3%[97m([91m6.7c[97m-[94mF1:31.0%) [97mU1:[93m53.3%[97m([91m6.0c[97m) [97mU2:[93m50.0%[97m([91m8.2c[97m) [97mR:[93m62.9%[97m([91m32.8c[97m) [97mS-L: [92m0:[96m33% [92m1:[96m33%[39m [39m
2026-07-25 19:20:55,617 - Agent - INFO - [37mVal Epoch 52 step 52 with [31mce_loss_combined : 1.867793 [31mce_loss_c : 2.018256 [31mce_loss_g : 1.359245 [31mkl_synergy_rand_1 : 0.000585 [31mkl_synergy_rand_2 : 0.000593 [31mkl_synergy_1 : 0.000598 [31mkl_synergy_2 : 0.000558 [31mtotal : 1.870127 [31mdiag_kl_1 : 1.101831 [31mdiag_kl_2 : 0.527120 [94mAcc_combined: 45.90 [94mAcc_c: 43.28 [94mAcc_g: 63.81 [92mF1_combined: 47.65 [92mF1_c: 41.98 [92mF1_g: 64.73 [95mCEU_cue_audio: 0.4000 [95mCEU_cue_video: 0.4543 [95mCEU_synergy: 0.2963 [95mCEU_coexistence: 0.5000 [97mS:[93m29.6%[97m([91m6.0c[97m-[94mF1:26.0%) [97mU1:[93m40.0%[97m([91m4.5c[97m) [97mU2:[93m45.5%[97m([91m7.5c[97m) [97mR:[93m50.0%[97m([91m26.1c[97m) [97mS-L: [92m0:[96m33% [92m1:[96m17%[39m [39m
2026-07-25 19:20:58,907 - Agent - INFO - [37mVal Epoch 53 step 53 with [31mce_loss_combined : 1.604739 [31mce_loss_c : 1.469364 [31mce_loss_g : 1.412887 [31mkl_synergy_rand_1 : 0.000689 [31mkl_synergy_rand_2 : 0.000750 [31mkl_synergy_1 : 0.000701 [31mkl_synergy_2 : 0.000744 [31mtotal : 1.607623 [31mdiag_kl_1 : 1.334726 [31mdiag_kl_2 : 0.312156 [94mAcc_combined: 58.21 [94mAcc_c: 50.00 [94mAcc_g: 64.93 [92mF1_combined: 58.82 [92mF1_c: 47.66 [92mF1_g: 65.44 [95mCEU_cue_audio: 0.6000 [95mCEU_cue_video: 0.5000 [95mCEU_synergy: 0.3702 [95mCEU_coexistence: 0.6857 [97mS:[93m37.0%[97m([91m7.5c[97m-[94mF1:33.8%) [97mU1:[93m60.0%[97m([91m6.7c[97m) [97mU2:[93m50.0%[97m([91m8.2c[97m) [97mR:[93m68.6%[97m([91m35.8c[97m) [97mS-L: [92m0:[96m38% [92m1:[96m33%[39m [39m
2026-07-25 19:21:02,282 - Agent - INFO - [37mVal Epoch 54 step 54 with [31mce_loss_combined : 1.737391 [31mce_loss_c : 1.652239 [31mce_loss_g : 1.433289 [31mkl_synergy_rand_1 : 0.000656 [31mkl_synergy_rand_2 : 0.000666 [31mkl_synergy_1 : 0.000658 [31mkl_synergy_2 : 0.000681 [31mtotal : 1.740052 [31mdiag_kl_1 : 1.244452 [31mdiag_kl_2 : 0.426393 [94mAcc_combined: 49.63 [94mAcc_c: 44.78 [94mAcc_g: 64.55 [92mF1_combined: 50.91 [92mF1_c: 43.08 [92mF1_g: 64.68 [95mCEU_cue_audio: 0.4665 [95mCEU_cue_video: 0.4543 [95mCEU_synergy: 0.3335 [95mCEU_coexistence: 0.5999 [97mS:[93m33.3%[97m([91m6.7c[97m-[94mF1:31.0%) [97mU1:[93m46.7%[97m([91m5.2c[97m) [97mU2:[93m45.5%[97m([91m7.5c[97m) [97mR:[93m60.0%[97m([91m31.3c[97m) [97mS-L: [92m0:[96m33% [92m1:[96m33%[39m [39m
2026-07-25 19:21:05,560 - Agent - INFO - [37mVal Epoch 55 step 55 with [31mce_loss_combined : 1.696752 [31mce_loss_c : 1.697788 [31mce_loss_g : 1.343611 [31mkl_synergy_rand_1 : 0.000679 [31mkl_synergy_rand_2 : 0.000709 [31mkl_synergy_1 : 0.000692 [31mkl_synergy_2 : 0.000704 [31mtotal : 1.699536 [31mdiag_kl_1 : 1.317104 [31mdiag_kl_2 : 0.449680 [94mAcc_combined: 51.12 [94mAcc_c: 46.27 [94mAcc_g: 64.55 [92mF1_combined: 52.71 [92mF1_c: 45.86 [92mF1_g: 65.20 [95mCEU_cue_audio: 0.4665 [95mCEU_cue_video: 0.4543 [95mCEU_synergy: 0.2963 [95mCEU_coexistence: 0.6572 [97mS:[93m29.6%[97m([91m6.0c[97m-[94mF1:28.1%) [97mU1:[93m46.7%[97m([91m5.2c[97m) [97mU2:[93m45.5%[97m([91m7.5c[97m) [97mR:[93m65.7%[97m([91m34.3c[97m) [97mS-L: [92m0:[96m29% [92m1:[96m33%[39m [39m
2026-07-25 19:21:09,081 - Agent - INFO - [37mVal Epoch 56 step 56 with [31mce_loss_combined : 1.796687 [31mce_loss_c : 1.786585 [31mce_loss_g : 1.445156 [31mkl_synergy_rand_1 : 0.000677 [31mkl_synergy_rand_2 : 0.000704 [31mkl_synergy_1 : 0.000700 [31mkl_synergy_2 : 0.000702 [31mtotal : 1.799468 [31mdiag_kl_1 : 1.328091 [31mdiag_kl_2 : 0.375112 [94mAcc_combined: 52.99 [94mAcc_c: 46.64 [94mAcc_g: 63.81 [92mF1_combined: 53.68 [92mF1_c: 45.21 [92mF1_g: 64.21 [95mCEU_cue_audio: 0.4665 [95mCEU_cue_video: 0.5457 [95mCEU_synergy: 0.4074 [95mCEU_coexistence: 0.5999 [97mS:[93m40.7%[97m([91m8.2c[97m-[94mF1:36.5%) [97mU1:[93m46.7%[97m([91m5.2c[97m) [97mU2:[93m54.5%[97m([91m9.0c[97m) [97mR:[93m60.0%[97m([91m31.3c[97m) [97mS-L: [92m0:[96m43% [92m1:[96m33%[39m [39m
2026-07-25 19:21:12,387 - Agent - INFO - [37mVal Epoch 57 step 57 with [31mce_loss_combined : 1.850349 [31mce_loss_c : 1.865028 [31mce_loss_g : 1.409811 [31mkl_synergy_rand_1 : 0.000687 [31mkl_synergy_rand_2 : 0.000706 [31mkl_synergy_1 : 0.000700 [31mkl_synergy_2 : 0.000707 [31mtotal : 1.853149 [31mdiag_kl_1 : 1.330140 [31mdiag_kl_2 : 0.425472 [94mAcc_combined: 48.88 [94mAcc_c: 44.78 [94mAcc_g: 64.18 [92mF1_combined: 49.45 [92mF1_c: 44.36 [92mF1_g: 64.96 [95mCEU_cue_audio: 0.4000 [95mCEU_cue_video: 0.5000 [95mCEU_synergy: 0.3335 [95mCEU_coexistence: 0.5429 [97mS:[93m33.3%[97m([91m6.7c[97m-[94mF1:28.5%) [97mU1:[93m40.0%[97m([91m4.5c[97m) [97mU2:[93m50.0%[97m([91m8.2c[97m) [97mR:[93m54.3%[97m([91m28.4c[97m) [97mS-L: [92m0:[96m38% [92m1:[96m17%[39m [39m
2026-07-25 19:21:15,761 - Agent - INFO - [37mVal Epoch 58 step 58 with [31mce_loss_combined : 2.040658 [31mce_loss_c : 1.780363 [31mce_loss_g : 1.455156 [31mkl_synergy_rand_1 : 0.000802 [31mkl_synergy_rand_2 : 0.000812 [31mkl_synergy_1 : 0.000815 [31mkl_synergy_2 : 0.000796 [31mtotal : 2.043884 [31mdiag_kl_1 : 1.539873 [31mdiag_kl_2 : 0.407448 [94mAcc_combined: 51.49 [94mAcc_c: 44.78 [94mAcc_g: 63.43 [92mF1_combined: 52.21 [92mF1_c: 44.36 [92mF1_g: 64.23 [95mCEU_cue_audio: 0.4665 [95mCEU_cue_video: 0.5000 [95mCEU_synergy: 0.3702 [95mCEU_coexistence: 0.5858 [97mS:[93m37.0%[97m([91m7.5c[97m-[94mF1:33.8%) [97mU1:[93m46.7%[97m([91m5.2c[97m) [97mU2:[93m50.0%[97m([91m8.2c[97m) [97mR:[93m58.6%[97m([91m30.6c[97m) [97mS-L: [92m0:[96m38% [92m1:[96m33%[39m [39m
2026-07-25 19:21:19,101 - Agent - INFO - [37mVal Epoch 59 step 59 with [31mce_loss_combined : 1.970218 [31mce_loss_c : 1.998540 [31mce_loss_g : 1.438371 [31mkl_synergy_rand_1 : 0.000704 [31mkl_synergy_rand_2 : 0.000724 [31mkl_synergy_1 : 0.000726 [31mkl_synergy_2 : 0.000704 [31mtotal : 1.973077 [31mdiag_kl_1 : 1.370752 [31mdiag_kl_2 : 0.519879 [94mAcc_combined: 48.13 [94mAcc_c: 43.28 [94mAcc_g: 64.93 [92mF1_combined: 49.08 [92mF1_c: 42.42 [92mF1_g: 65.44 [95mCEU_cue_audio: 0.5335 [95mCEU_cue_video: 0.5000 [95mCEU_synergy: 0.4074 [95mCEU_coexistence: 0.4715 [97mS:[93m40.7%[97m([91m8.2c[97m-[94mF1:36.5%) [97mU1:[93m53.3%[97m([91m6.0c[97m) [97mU2:[93m50.0%[97m([91m8.2c[97m) [97mR:[93m47.1%[97m([91m24.6c[97m) [97mS-L: [92m0:[96m43% [92m1:[96m33%[39m [39m
2026-07-25 19:21:22,566 - Agent - INFO - [37mVal Epoch 60 step 60 with [31mce_loss_combined : 1.946154 [31mce_loss_c : 2.028813 [31mce_loss_g : 1.423001 [31mkl_synergy_rand_1 : 0.000734 [31mkl_synergy_rand_2 : 0.000732 [31mkl_synergy_1 : 0.000727 [31mkl_synergy_2 : 0.000706 [31mtotal : 1.949052 [31mdiag_kl_1 : 1.420946 [31mdiag_kl_2 : 0.506227 [94mAcc_combined: 47.01 [94mAcc_c: 45.52 [94mAcc_g: 64.93 [92mF1_combined: 47.41 [92mF1_c: 45.11 [92mF1_g: 65.44 [95mCEU_cue_audio: 0.4665 [95mCEU_cue_video: 0.5000 [95mCEU_synergy: 0.3335 [95mCEU_coexistence: 0.5000 [97mS:[93m33.3%[97m([91m6.7c[97m-[94mF1:28.5%) [97mU1:[93m46.7%[97m([91m5.2c[97m) [97mU2:[93m50.0%[97m([91m8.2c[97m) [97mR:[93m50.0%[97m([91m26.1c[97m) [97mS-L: [92m0:[96m38% [92m1:[96m17%[39m [39m
2026-07-25 19:21:25,860 - Agent - INFO - [37mVal Epoch 61 step 61 with [31mce_loss_combined : 1.863683 [31mce_loss_c : 1.354106 [31mce_loss_g : 1.435330 [31mkl_synergy_rand_1 : 0.000858 [31mkl_synergy_rand_2 : 0.000919 [31mkl_synergy_1 : 0.000889 [31mkl_synergy_2 : 0.000903 [31mtotal : 1.867252 [31mdiag_kl_1 : 1.684254 [31mdiag_kl_2 : 0.397853 [94mAcc_combined: 60.07 [94mAcc_c: 50.75 [94mAcc_g: 64.55 [92mF1_combined: 61.09 [92mF1_c: 49.23 [92mF1_g: 64.94 [95mCEU_cue_audio: 0.5335 [95mCEU_cue_video: 0.5000 [95mCEU_synergy: 0.4074 [95mCEU_coexistence: 0.7429 [97mS:[93m40.7%[97m([91m8.2c[97m-[94mF1:36.5%) [97mU1:[93m53.3%[97m([91m6.0c[97m) [97mU2:[93m50.0%[97m([91m8.2c[97m) [97mR:[93m74.3%[97m([91m38.8c[97m) [97mS-L: [92m0:[96m43% [92m1:[96m33%[39m [39m
2026-07-25 19:21:29,193 - Agent - INFO - [37mVal Epoch 62 step 62 with [31mce_loss_combined : 1.940146 [31mce_loss_c : 1.717931 [31mce_loss_g : 1.432603 [31mkl_synergy_rand_1 : 0.000779 [31mkl_synergy_rand_2 : 0.000810 [31mkl_synergy_1 : 0.000803 [31mkl_synergy_2 : 0.000809 [31mtotal : 1.943348 [31mdiag_kl_1 : 1.460135 [31mdiag_kl_2 : 0.391173 [94mAcc_combined: 51.49 [94mAcc_c: 42.16 [94mAcc_g: 64.55 [92mF1_combined: 53.24 [92mF1_c: 40.61 [92mF1_g: 64.94 [95mCEU_cue_audio: 0.4000 [95mCEU_cue_video: 0.5457 [95mCEU_synergy: 0.3702 [95mCEU_coexistence: 0.5999 [97mS:[93m37.0%[97m([91m7.5c[97m-[94mF1:33.8%) [97mU1:[93m40.0%[97m([91m4.5c[97m) [97mU2:[93m54.5%[97m([91m9.0c[97m) [97mR:[93m60.0%[97m([91m31.3c[97m) [97mS-L: [92m0:[96m38% [92m1:[96m33%[39m [39m
2026-07-25 19:21:32,472 - Agent - INFO - [37mVal Epoch 63 step 63 with [31mce_loss_combined : 1.842368 [31mce_loss_c : 1.693275 [31mce_loss_g : 1.429566 [31mkl_synergy_rand_1 : 0.000757 [31mkl_synergy_rand_2 : 0.000783 [31mkl_synergy_1 : 0.000773 [31mkl_synergy_2 : 0.000786 [31mtotal : 1.845468 [31mdiag_kl_1 : 1.542943 [31mdiag_kl_2 : 0.405398 [94mAcc_combined: 50.37 [94mAcc_c: 44.78 [94mAcc_g: 64.93 [92mF1_combined: 51.28 [92mF1_c: 44.78 [92mF1_g: 65.44 [95mCEU_cue_audio: 0.4000 [95mCEU_cue_video: 0.5000 [95mCEU_synergy: 0.3335 [95mCEU_coexistence: 0.5999 [97mS:[93m33.3%[97m([91m6.7c[97m-[94mF1:31.0%) [97mU1:[93m40.0%[97m([91m4.5c[97m) [97mU2:[93m50.0%[97m([91m8.2c[97m) [97mR:[93m60.0%[97m([91m31.3c[97m) [97mS-L: [92m0:[96m33% [92m1:[96m33%[39m [39m
2026-07-25 19:21:35,728 - Agent - INFO - [37mVal Epoch 64 step 64 with [31mce_loss_combined : 1.910201 [31mce_loss_c : 1.806137 [31mce_loss_g : 1.388800 [31mkl_synergy_rand_1 : 0.000741 [31mkl_synergy_rand_2 : 0.000805 [31mkl_synergy_1 : 0.000761 [31mkl_synergy_2 : 0.000795 [31mtotal : 1.913304 [31mdiag_kl_1 : 1.438688 [31mdiag_kl_2 : 0.443692 [94mAcc_combined: 48.88 [94mAcc_c: 44.40 [94mAcc_g: 64.93 [92mF1_combined: 50.18 [92mF1_c: 43.35 [92mF1_g: 65.44 [95mCEU_cue_audio: 0.4000 [95mCEU_cue_video: 0.5000 [95mCEU_synergy: 0.2963 [95mCEU_coexistence: 0.5572 [97mS:[93m29.6%[97m([91m6.0c[97m-[94mF1:26.0%) [97mU1:[93m40.0%[97m([91m4.5c[97m) [97mU2:[93m50.0%[97m([91m8.2c[97m) [97mR:[93m55.7%[97m([91m29.1c[97m) [97mS-L: [92m0:[96m33% [92m1:[96m17%[39m [39m
2026-07-25 19:21:39,091 - Agent - INFO - [37mVal Epoch 65 step 65 with [31mce_loss_combined : 1.773828 [31mce_loss_c : 1.608120 [31mce_loss_g : 1.405160 [31mkl_synergy_rand_1 : 0.000762 [31mkl_synergy_rand_2 : 0.000798 [31mkl_synergy_1 : 0.000789 [31mkl_synergy_2 : 0.000790 [31mtotal : 1.776968 [31mdiag_kl_1 : 1.425509 [31mdiag_kl_2 : 0.415995 [94mAcc_combined: 53.36 [94mAcc_c: 51.12 [94mAcc_g: 64.18 [92mF1_combined: 55.52 [92mF1_c: 50.57 [92mF1_g: 64.71 [95mCEU_cue_audio: 0.4000 [95mCEU_cue_video: 0.5457 [95mCEU_synergy: 0.4074 [95mCEU_coexistence: 0.5858 [97mS:[93m40.7%[97m([91m8.2c[97m-[94mF1:36.5%) [97mU1:[93m40.0%[97m([91m4.5c[97m) [97mU2:[93m54.5%[97m([91m9.0c[97m) [97mR:[93m58.6%[97m([91m30.6c[97m) [97mS-L: [92m0:[96m43% [92m1:[96m33%[39m [39m
2026-07-25 19:21:42,337 - Agent - INFO - [37mVal Epoch 66 step 66 with [31mce_loss_combined : 1.880965 [31mce_loss_c : 1.445539 [31mce_loss_g : 1.426823 [31mkl_synergy_rand_1 : 0.000848 [31mkl_synergy_rand_2 : 0.000864 [31mkl_synergy_1 : 0.000835 [31mkl_synergy_2 : 0.000850 [31mtotal : 1.884362 [31mdiag_kl_1 : 1.671794 [31mdiag_kl_2 : 0.347321 [94mAcc_combined: 55.97 [94mAcc_c: 47.39 [94mAcc_g: 64.18 [92mF1_combined: 57.25 [92mF1_c: 45.56 [92mF1_g: 64.71 [95mCEU_cue_audio: 0.5335 [95mCEU_cue_video: 0.5457 [95mCEU_synergy: 0.3702 [95mCEU_coexistence: 0.6715 [97mS:[93m37.0%[97m([91m7.5c[97m-[94mF1:33.8%) [97mU1:[93m53.3%[97m([91m6.0c[97m) [97mU2:[93m54.5%[97m([91m9.0c[97m) [97mR:[93m67.1%[97m([91m35.1c[97m) [97mS-L: [92m0:[96m38% [92m1:[96m33%[39m [39m
2026-07-25 19:21:45,639 - Agent - INFO - [37mVal Epoch 67 step 67 with [31mce_loss_combined : 1.909965 [31mce_loss_c : 1.721913 [31mce_loss_g : 1.430080 [31mkl_synergy_rand_1 : 0.000781 [31mkl_synergy_rand_2 : 0.000786 [31mkl_synergy_1 : 0.000781 [31mkl_synergy_2 : 0.000777 [31mtotal : 1.913090 [31mdiag_kl_1 : 1.516854 [31mdiag_kl_2 : 0.464585 [94mAcc_combined: 48.88 [94mAcc_c: 46.27 [94mAcc_g: 64.18 [92mF1_combined: 49.82 [92mF1_c: 45.45 [92mF1_g: 64.71 [95mCEU_cue_audio: 0.4000 [95mCEU_cue_video: 0.5000 [95mCEU_synergy: 0.3702 [95mCEU_coexistence: 0.5144 [97mS:[93m37.0%[97m([91m7.5c[97m-[94mF1:31.0%) [97mU1:[93m40.0%[97m([91m4.5c[97m) [97mU2:[93m50.0%[97m([91m8.2c[97m) [97mR:[93m51.4%[97m([91m26.9c[97m) [97mS-L: [92m0:[96m43% [92m1:[96m17%[39m [39m
2026-07-25 19:21:49,007 - Agent - INFO - [37mVal Epoch 68 step 68 with [31mce_loss_combined : 1.940443 [31mce_loss_c : 1.732954 [31mce_loss_g : 1.415601 [31mkl_synergy_rand_1 : 0.000795 [31mkl_synergy_rand_2 : 0.000790 [31mkl_synergy_1 : 0.000801 [31mkl_synergy_2 : 0.000802 [31mtotal : 1.943630 [31mdiag_kl_1 : 1.566513 [31mdiag_kl_2 : 0.478550 [94mAcc_combined: 49.63 [94mAcc_c: 45.15 [94mAcc_g: 64.55 [92mF1_combined: 50.18 [92mF1_c: 44.94 [92mF1_g: 64.94 [95mCEU_cue_audio: 0.4000 [95mCEU_cue_video: 0.5000 [95mCEU_synergy: 0.4074 [95mCEU_coexistence: 0.5285 [97mS:[93m40.7%[97m([91m8.2c[97m-[94mF1:36.5%) [97mU1:[93m40.0%[97m([91m4.5c[97m) [97mU2:[93m50.0%[97m([91m8.2c[97m) [97mR:[93m52.9%[97m([91m27.6c[97m) [97mS-L: [92m0:[96m43% [92m1:[96m33%[39m [39m
2026-07-25 19:21:49,662 - Agent - INFO - We are in the final state.
2026-07-25 19:21:49,753 - root - INFO - Loaded best model from best_model_accuracy_state_dict
2026-07-25 19:21:50,683 - Agent - INFO - [37mVal Epoch 68 step 0 with [31mce_loss_combined : 1.198341 [31mce_loss_c : 0.787382 [31mce_loss_g : 1.296144 [31mkl_synergy_rand_1 : 0.000460 [31mkl_synergy_rand_2 : 0.000508 [31mkl_synergy_1 : 0.000458 [31mkl_synergy_2 : 0.000509 [31mtotal : 1.200275 [31mdiag_kl_1 : 0.905799 [31mdiag_kl_2 : 0.240337 [94mAcc_combined: 66.42 [94mAcc_c: 52.61 [94mAcc_g: 63.81 [92mF1_combined: 66.42 [92mF1_c: 29.05 [92mF1_g: 65.23 [95mCEU_cue_audio: 0.5335 [95mCEU_cue_video: 0.7272 [95mCEU_synergy: 0.4074 [95mCEU_coexistence: 0.7714 [97mS:[93m40.7%[97m([91m8.2c[97m-[94mF1:36.5%) [97mU1:[93m53.3%[97m([91m6.0c[97m) [97mU2:[93m72.7%[97m([91m11.9c[97m) [97mR:[93m77.1%[97m([91m40.3c[97m) [97mS-L: [92m0:[96m43% [92m1:[96m33%[39m [39m
2026-07-25 19:21:51,585 - Agent - INFO - [37mTest Epoch 68 step 0 with [31mce_loss_combined : 1.249337 [31mce_loss_c : 0.743655 [31mce_loss_g : 1.301980 [31mkl_synergy_rand_1 : 0.000469 [31mkl_synergy_rand_2 : 0.000517 [31mkl_synergy_1 : 0.000467 [31mkl_synergy_2 : 0.000517 [31mtotal : 1.251307 [31mdiag_kl_1 : 0.912159 [31mdiag_kl_2 : 0.387919 [94mAcc_combined: 62.31 [94mAcc_c: 52.99 [94mAcc_g: 62.31 [92mF1_combined: 62.45 [92mF1_c: 26.74 [92mF1_g: 63.54 [95mCEU_cue_audio: 0.5000 [95mCEU_cue_video: 0.7391 [95mCEU_synergy: 0.4615 [95mCEU_coexistence: 0.7069 [97mS:[93m46.2%[97m([91m13.4c[97m-[94mF1:38.2%) [97mU1:[93m50.0%[97m([91m5.2c[97m) [97mU2:[93m73.9%[97m([91m12.7c[97m) [97mR:[93m70.7%[97m([91m30.6c[97m) [97mS-L: [92m0:[96m46% [92m1:[96m50%[39m [39m
2026-07-25 19:21:52,392 - Agent - INFO - [37mModel saved successfully at: ./artifacts/models/multibench/mustard/vt/SynIB_RMask_REFABL_mustard_lam0.5x_fold0_l0.0005_perturbrandom_fillema_pmin0.1_refuniform_lr0.0005_wd0.001.pth.tar[39m
Job finished
