Starting SynIB reference-ablation job
Python 3.12.12
/esat/smcdata/users/kkontras/Image_Dataset/no_backup/git/SynIB  (git 9191f76)
GPU 0: NVIDIA GeForce RTX 3060 (UUID: GPU-fd9ec5df-3910-8a45-7600-335143d149cf)
Executing: PYTHONPATH=src /esat/smcdata/users/kkontras/Image_Dataset/no_backup/envs/synergy/bin/python -m synib.entrypoints.train --config run/configs/rebuttal_ref_ablation/cremad_synib_u.json --default_config run/configs/rebuttal_ref_ablation/cremad_default.json --fold 1 --ironic_rate 0.5 --rmask random --l 1.0 --perturb_pmin 0.20 --perturb_fill ema --reference_type uniform --ref_diag --start_over --tag REFABL_cremad
Namespace(config='run/configs/rebuttal_ref_ablation/cremad_synib_u.json', default_config='run/configs/rebuttal_ref_ablation/cremad_default.json', fold='1', alpha=None, tanh_mode_beta=None, regby=None, batch_size=None, l='1.0', multil=None, lib=None, kmepoch=None, num_samples=None, contrcoeff=None, contr_type=None, shuffle_type=None, validate_with=None, num_classes=None, optim_method=None, ending_epoch=None, load_ongoing=None, recon_weight1=None, recon_weight2=None, recon_epochstages=None, recon_ensemblestages=None, lr=None, wd=None, cls=None, ironic_rate='0.5', perturb='random', perturb_fill='ema', perturb_pmax=None, perturb_pmin='0.20', perturb_lsparse=None, rmask='random', pmin=None, pmax=None, lsparse=None, debug_mask_stats=False, pre=False, frozen=False, tdqm_disable=False, start_over=True, no_model_save=False, num_layers=None, grad_accum=None, init_from=None, init_strict=False, perturb_lsparse_sign=None, l_anneal_epochs=None, perturb_steps=None, perturb_lsparse_warmup=None, perturb_lsparse_schedule=None, persist_ell=False, save_masks=False, penalty_swap=False, disable_ce_random=False, disable_kl_learned=False, masking_only=False, modality_dropout=None, modality_dropout_target=None, l_z1_masked=None, l_z2_masked=None, l_pareto=None, reference_type='uniform', ref_diag=True, ref_ema_decay=None, tag='REFABL_cremad')
2026-07-25 18:28:24,236 - Config - INFO - run/configs/rebuttal_ref_ablation/cremad_synib_u.json
2026-07-25 18:28:24,239 - Config - INFO -  THE Configuration of your experiment ..
{'agent': 'Agent',
 'dataset': {'data_roots': './data/CremaD/CREMA-D',
             'data_split': {'fold': 0, 'method': 'non_inclusive'},
             'dataloader_class': 'IronyCremadDataloader',
             'fps': 1,
             'ironic_label_name': 'SARCASM',
             'ironic_modes': ['train', 'val', 'test'],
             'ironic_rate': 1.0,
             'norm': False,
             'norm_face_path': './src/synib/mydatasets/Irony_Cremad/assets/norms/norm_face_path_fold{}.pkl',
             'norm_wav_path': './src/synib/mydatasets/Irony_Cremad/assets/norms/wav_norm_22050_fold{}.pkl',
             'num_frame': 3,
             'return_data': {'audio': False,
                             'face': False,
                             'spectrogram': True,
                             'video': True},
             'sampling_rate': 22050},
 'early_stopping': {'end_of_epoch_check': True,
                    'log_interval': 10,
                    'max_epoch': 1500,
                    'n_steps_stop': 30,
                    'n_steps_stop_after': 0,
                    'save_every_step': 3000,
                    'save_every_valstep': 10,
                    'validate_after': 0,
                    'validate_every': 25,
                    'validate_with': 'accuracy'},
 'exp_name': 'CREMAD Experiment',
 'model': {'args': {'bias_infusion': {'contrcoeff': 0.0, 'l': 1.0},
                    'cls_type': 'mlp',
                    'd_model': 512,
                    'dropout': 0.1,
                    'fc_inner': 64,
                    'in_dim': 64,
                    'multi_loss': {'multi_supervised_w': {'c': 1,
                                                          'combined': 1,
                                                          'g': 1}},
                    'norm_decision': False,
                    'num_classes': 7,
                    'synergy_type': 'unimodal_anchor'},
           'ceu': {'test': './artifacts/ceus/cremad/cremadplus_ceu_test_res_{}.pkl',
                   'val': './artifacts/ceus/cremad/cremadplus_ceu_val_res_{}.pkl'},
           'encoders': [{'args': {'d_model': 512,
                                  'dropout': 0.1,
                                  'fc_inner': 64,
                                  'freeze_encoder': False,
                                  'num_classes': 7},
                         'model': 'Audio_ResNet',
                         'name': 'enc_0_modality1_encoder',
                         'pretrainedEncoder': {'dir': 'unimodal_audio_fold{}_ir1.0_lr0.001_wd0.0001_clsmlp_bs64.pth.tar',
                                               'use': True},
                         'save_encoder': False},
                        {'args': {'d_model': 512,
                                  'dropout': 0.1,
                                  'fc_inner': 64,
                                  'freeze_encoder': False,
                                  'num_classes': 7},
                         'model': 'Video_ResNet',
                         'name': 'enc_1_modality2_encoder',
                         'pretrainedEncoder': {'dir': 'unimodal_video_fold{}_ir1.0_lr0.0001_wd0.0001_clsmlp_bs64.pth.tar',
                                               'use': True},
                         'save_encoder': False},
                        {'args': {'d_model': 512,
                                  'dropout': 0.1,
                                  'fc_inner': 64,
                                  'freeze_encoder': False},
                         'model': 'FusionTrunkLinear',
                         'name': 'enc_2_fusion_trunk',
                         'pretrainedEncoder': {'dir': 'enc_2_fusion_trunk_fold{}.pth.tar',
                                               'use': False},
                         'save_encoder': False},
                        {'args': {'freeze_encoder': False,
                                  'in_dim': 64,
                                  'num_classes': 7},
                         'model': 'LinearHead',
                         'name': 'enc_3_fusion_head',
                         'pretrainedEncoder': {'dir': 'enc_3_fusion_head_fold{}.pth.tar',
                                               'use': False},
                         'save_encoder': False},
                        {'args': {'dropout': 0.1,
                                  'freeze_encoder': False,
                                  'hidden_dim': 64,
                                  'in_dim': 512,
                                  'num_classes': 7},
                         'model': 'MLPHead',
                         'name': 'enc_4_unimodal_head_1',
                         'pretrainedEncoder': {'dir': 'enc_4_unimodal1_fold{}.pth.tar',
                                               'use': False},
                         'save_encoder': False},
                        {'args': {'dropout': 0.1,
                                  'freeze_encoder': False,
                                  'hidden_dim': 64,
                                  'in_dim': 512,
                                  'num_classes': 7},
                         'model': 'MLPHead',
                         'name': 'enc_5_unimodal_head_2',
                         'pretrainedEncoder': {'dir': 'enc_5_unimodal2_fold{}.pth.tar',
                                               'use': False},
                         'save_encoder': False}],
           'load_ongoing': False,
           'model_class': 'FusionIBModel_Mask_U',
           'save_base_dir': './data/data/2025_data/synergy/CremadPlus/v2',
           'save_dir': 'SynIB_RMask_U_{}.pth.tar'},
 'optimizer': {'beta1': 0.9,
               'beta2': 0.999,
               'learning_rate': 1e-05,
               'momentum': 0.9,
               'type': 'Adam',
               'weight_decay': 1e-05},
 'scheduler': {'max_lr': 0.03, 'type': 'cosanneal', 'warm_up_steps': 780},
 'training_params': {'async_loading': True,
                     'batch_size': 128,
                     'cuda': True,
                     'data_loader_workers': 8,
                     'gpu_device': [0],
                     'pin_memory': False,
                     'rec_test': True,
                     'res': True,
                     'seed': 109,
                     'tdqm_disable': False,
                     'test_batch_size': 128,
                     'test_on_bottoms': True,
                     'use_test_set': True,
                     'validation': True,
                     'verbose': True,
                     'wandb_disable': False}}
2026-07-25 18:28:24,241 - Config - INFO -  *************************************** 
2026-07-25 18:28:24,242 - Config - INFO - The experiment name is CREMAD Experiment
2026-07-25 18:28:24,242 - Config - INFO -  *************************************** 
2026-07-25 18:28:24,242 - root - INFO - save_dir: SynIB_RMask_U_REFABL_cremad_fold1_l1.0_ir0.5_perturbrandom_fillema_pmin0.20_refuniform.pth.tar
2026-07-25 18:28:24,310 - Cuda Statistics - INFO - __Python VERSION:  3.12.12 | packaged by Anaconda, Inc. | (main, Oct 21 2025, 20:16:04) [GCC 11.2.0]
2026-07-25 18:28:24,310 - Cuda Statistics - INFO - __pyTorch VERSION:  2.7.1+cu118
2026-07-25 18:28:24,311 - Cuda Statistics - INFO - __CUDA VERSION
2026-07-25 18:28:24,312 - Cuda Statistics - INFO - __CUDNN VERSION:  90100
2026-07-25 18:28:24,328 - Cuda Statistics - INFO - __Number CUDA Devices:  1
2026-07-25 18:28:24,328 - Cuda Statistics - INFO - __Devices
2026-07-25 18:28:24,328 - Cuda Statistics - INFO - index, name, driver_version, memory.total [MiB], memory.used [MiB], memory.free [MiB]
2026-07-25 18:28:24,328 - Cuda Statistics - INFO - 0, NVIDIA GeForce RTX 3060, 580.159.04, 12288 MiB, 12 MiB, 11899 MiB
2026-07-25 18:28:24,331 - Cuda Statistics - INFO - Active CUDA Device: GPU 0
2026-07-25 18:28:24,331 - Cuda Statistics - INFO - Available devices  1
2026-07-25 18:28:24,331 - Cuda Statistics - INFO - Current cuda device  0
2026-07-25 18:28:25,711 - IronyCremadDataset - INFO - Loaded wav norm from ./src/synib/mydatasets/Irony_Cremad/assets/norms/wav_norm_22050_fold1.pkl
2026-07-25 18:28:26,057 - IronyCremadDataset - INFO - Loaded wav norm from ./src/synib/mydatasets/Irony_Cremad/assets/norms/wav_norm_22050_fold1.pkl
2026-07-25 18:28:26,393 - IronyCremadDataset - INFO - Loaded wav norm from ./src/synib/mydatasets/Irony_Cremad/assets/norms/wav_norm_22050_fold1.pkl
2026-07-25 18:28:26,398 - Agent - INFO - Device: cuda:0
2026-07-25 18:28:26,398 - Agent - INFO - Total training batches: 32, validate every 25 batches, steps per epoch: 2
2026-07-25 18:28:26,476 - Agent - INFO - Loss Weights are {'total': 1, 'combined': 1, 'c': 1, 'g': 1}
2026-07-25 18:28:26,476 - root - INFO - There is no CEU for train
2026-07-25 18:28:26,478 - root - INFO - There is no CEU for val
2026-07-25 18:28:26,478 - root - INFO - There is no CEU for test
{'d_model': 512, 'num_classes': 7, 'fc_inner': 64, 'dropout': 0.1, 'freeze_encoder': False}
2026-07-25 18:28:28,916 - root - INFO - Loading enc best model state dict from ./data/data/2025_data/synergy/CremadPlus/v2/unimodal_audio_fold1_ir0.5_lr0.001_wd0.0001_clsmlp_bs64.pth.tar
2026-07-25 18:28:31,382 - root - INFO - Loading enc best model state dict from ./data/data/2025_data/synergy/CremadPlus/v2/unimodal_video_fold1_ir0.5_lr0.0001_wd0.0001_clsmlp_bs64.pth.tar
2026-07-25 18:28:31,577 - Agent - INFO - Total number of trainable parameters are: 44840497
2026-07-25 18:28:31,583 - Agent - INFO - Total number of trainable parameters are: 22486563
2026-07-25 18:30:35,599 - Evaluator - INFO - New best with loss-accuracy-
2026-07-25 18:30:35,599 - Agent - INFO - [37mVal Epoch 1 step 1 with [31mce_loss_combined : 1.740712 [31mce_loss_c : 2.197629 [31mce_loss_g : 3.546526 [31mkl_synergy_rand_1 : 0.027191 [31mkl_synergy_rand_2 : 0.028910 [31mkl_synergy_1 : 0.027364 [31mkl_synergy_2 : 0.030117 [31mtotal : 1.854294 [31mdiag_kl_1 : 1.347570 [31mdiag_kl_2 : 1.391304 [94mAcc_combined: 44.95 [94mAcc_c: 54.26 [94mAcc_g: 42.79 [92mF1_combined: 41.63 [92mF1_c: 48.92 [92mF1_g: 36.84 [39m
2026-07-25 18:30:35,615 - Agent - INFO - [37mTest Epoch 1 step 1 with [31mce_loss_combined : 1.727178 [31mce_loss_c : 2.379834 [31mce_loss_g : 2.644199 [31mkl_synergy_rand_1 : 0.027939 [31mkl_synergy_rand_2 : 0.029187 [31mkl_synergy_1 : 0.028291 [31mkl_synergy_2 : 0.030319 [31mtotal : 1.842914 [31mdiag_kl_1 : 1.357214 [31mdiag_kl_2 : 1.328489 [94mAcc_combined: 52.57 [94mAcc_c: 52.35 [94mAcc_g: 48.96 [92mF1_combined: 49.61 [92mF1_c: 46.72 [92mF1_g: 42.12 [39m
2026-07-25 18:30:39,094 - Agent - INFO - [37mModel saved successfully at: ./data/data/2025_data/synergy/CremadPlus/v2/SynIB_RMask_U_REFABL_cremad_fold1_l1.0_ir0.5_perturbrandom_fillema_pmin0.20_refuniform.pth.tar[39m
2026-07-25 18:32:41,580 - Evaluator - INFO - New best with loss-accuracy-
2026-07-25 18:32:41,580 - Agent - INFO - [37mVal Epoch 2 step 2 with [31mce_loss_combined : 1.593394 [31mce_loss_c : 2.159469 [31mce_loss_g : 2.963247 [31mkl_synergy_rand_1 : 0.047413 [31mkl_synergy_rand_2 : 0.049394 [31mkl_synergy_1 : 0.049724 [31mkl_synergy_2 : 0.052953 [31mtotal : 1.792878 [31mdiag_kl_1 : 1.188920 [31mdiag_kl_2 : 1.304817 [94mAcc_combined: 56.98 [94mAcc_c: 53.23 [94mAcc_g: 41.77 [92mF1_combined: 52.52 [92mF1_c: 47.88 [92mF1_g: 36.92 [39m
2026-07-25 18:32:41,595 - Agent - INFO - [37mTest Epoch 2 step 2 with [31mce_loss_combined : 1.558471 [31mce_loss_c : 2.360784 [31mce_loss_g : 2.132337 [31mkl_synergy_rand_1 : 0.049299 [31mkl_synergy_rand_2 : 0.050855 [31mkl_synergy_1 : 0.051866 [31mkl_synergy_2 : 0.055032 [31mtotal : 1.765523 [31mdiag_kl_1 : 1.187417 [31mdiag_kl_2 : 1.224236 [94mAcc_combined: 67.10 [94mAcc_c: 52.02 [94mAcc_g: 50.60 [92mF1_combined: 62.68 [92mF1_c: 45.62 [92mF1_g: 44.89 [39m
2026-07-25 18:32:46,988 - Agent - INFO - [37mModel saved successfully at: ./data/data/2025_data/synergy/CremadPlus/v2/SynIB_RMask_U_REFABL_cremad_fold1_l1.0_ir0.5_perturbrandom_fillema_pmin0.20_refuniform.pth.tar[39m
2026-07-25 18:34:46,499 - Evaluator - INFO - New best with loss-accuracy-
2026-07-25 18:34:46,499 - Agent - INFO - [37mVal Epoch 3 step 3 with [31mce_loss_combined : 1.534189 [31mce_loss_c : 2.107540 [31mce_loss_g : 2.850804 [31mkl_synergy_rand_1 : 0.062448 [31mkl_synergy_rand_2 : 0.060080 [31mkl_synergy_1 : 0.063394 [31mkl_synergy_2 : 0.064889 [31mtotal : 1.784999 [31mdiag_kl_1 : 1.103814 [31mdiag_kl_2 : 1.292697 [94mAcc_combined: 61.41 [94mAcc_c: 52.21 [94mAcc_g: 40.75 [92mF1_combined: 57.26 [92mF1_c: 47.20 [92mF1_g: 35.77 [39m
2026-07-25 18:34:46,514 - Agent - INFO - [37mTest Epoch 3 step 3 with [31mce_loss_combined : 1.491063 [31mce_loss_c : 2.279288 [31mce_loss_g : 2.043176 [31mkl_synergy_rand_1 : 0.065309 [31mkl_synergy_rand_2 : 0.061477 [31mkl_synergy_1 : 0.067561 [31mkl_synergy_2 : 0.067199 [31mtotal : 1.752609 [31mdiag_kl_1 : 1.094729 [31mdiag_kl_2 : 1.213283 [94mAcc_combined: 67.43 [94mAcc_c: 51.80 [94mAcc_g: 51.58 [92mF1_combined: 63.09 [92mF1_c: 45.59 [92mF1_g: 46.33 [39m
2026-07-25 18:34:51,989 - Agent - INFO - [37mModel saved successfully at: ./data/data/2025_data/synergy/CremadPlus/v2/SynIB_RMask_U_REFABL_cremad_fold1_l1.0_ir0.5_perturbrandom_fillema_pmin0.20_refuniform.pth.tar[39m
2026-07-25 18:36:51,819 - Evaluator - INFO - New best with loss-accuracy-
2026-07-25 18:36:51,819 - Agent - INFO - [37mVal Epoch 4 step 4 with [31mce_loss_combined : 1.499887 [31mce_loss_c : 2.022684 [31mce_loss_g : 2.633250 [31mkl_synergy_rand_1 : 0.069832 [31mkl_synergy_rand_2 : 0.065678 [31mkl_synergy_1 : 0.072501 [31mkl_synergy_2 : 0.072622 [31mtotal : 1.780519 [31mdiag_kl_1 : 1.048249 [31mdiag_kl_2 : 1.273636 [94mAcc_combined: 63.11 [94mAcc_c: 50.74 [94mAcc_g: 43.47 [92mF1_combined: 59.49 [92mF1_c: 45.77 [92mF1_g: 38.38 [39m
2026-07-25 18:36:51,835 - Agent - INFO - [37mTest Epoch 4 step 4 with [31mce_loss_combined : 1.459551 [31mce_loss_c : 2.180026 [31mce_loss_g : 1.974362 [31mkl_synergy_rand_1 : 0.075565 [31mkl_synergy_rand_2 : 0.069047 [31mkl_synergy_1 : 0.079697 [31mkl_synergy_2 : 0.073936 [31mtotal : 1.757796 [31mdiag_kl_1 : 1.037326 [31mdiag_kl_2 : 1.198448 [94mAcc_combined: 65.90 [94mAcc_c: 52.13 [94mAcc_g: 51.48 [92mF1_combined: 61.79 [92mF1_c: 46.12 [92mF1_g: 45.83 [39m
2026-07-25 18:36:57,291 - Agent - INFO - [37mModel saved successfully at: ./data/data/2025_data/synergy/CremadPlus/v2/SynIB_RMask_U_REFABL_cremad_fold1_l1.0_ir0.5_perturbrandom_fillema_pmin0.20_refuniform.pth.tar[39m
2026-07-25 18:38:55,295 - Evaluator - INFO - New best with loss-accuracy-
2026-07-25 18:38:55,295 - Agent - INFO - [37mVal Epoch 5 step 5 with [31mce_loss_combined : 1.488222 [31mce_loss_c : 1.931709 [31mce_loss_g : 2.692180 [31mkl_synergy_rand_1 : 0.075239 [31mkl_synergy_rand_2 : 0.067546 [31mkl_synergy_1 : 0.079580 [31mkl_synergy_2 : 0.074521 [31mtotal : 1.785108 [31mdiag_kl_1 : 1.021999 [31mdiag_kl_2 : 1.286088 [94mAcc_combined: 63.34 [94mAcc_c: 50.06 [94mAcc_g: 42.11 [92mF1_combined: 59.62 [92mF1_c: 45.12 [92mF1_g: 37.79 [39m
2026-07-25 18:38:55,314 - Agent - INFO - [37mTest Epoch 5 step 5 with [31mce_loss_combined : 1.450536 [31mce_loss_c : 2.089806 [31mce_loss_g : 2.019080 [31mkl_synergy_rand_1 : 0.079882 [31mkl_synergy_rand_2 : 0.071583 [31mkl_synergy_1 : 0.086965 [31mkl_synergy_2 : 0.079869 [31mtotal : 1.768836 [31mdiag_kl_1 : 1.012943 [31mdiag_kl_2 : 1.211191 [94mAcc_combined: 65.68 [94mAcc_c: 51.04 [94mAcc_g: 51.26 [92mF1_combined: 61.15 [92mF1_c: 45.29 [92mF1_g: 45.88 [39m
2026-07-25 18:39:00,806 - Agent - INFO - [37mModel saved successfully at: ./data/data/2025_data/synergy/CremadPlus/v2/SynIB_RMask_U_REFABL_cremad_fold1_l1.0_ir0.5_perturbrandom_fillema_pmin0.20_refuniform.pth.tar[39m
2026-07-25 18:41:00,110 - Evaluator - INFO - New best with loss-
2026-07-25 18:41:00,111 - Agent - INFO - [37mVal Epoch 6 step 6 with [31mce_loss_combined : 1.475756 [31mce_loss_c : 1.817211 [31mce_loss_g : 2.500574 [31mkl_synergy_rand_1 : 0.079281 [31mkl_synergy_rand_2 : 0.068979 [31mkl_synergy_1 : 0.083528 [31mkl_synergy_2 : 0.074608 [31mtotal : 1.782151 [31mdiag_kl_1 : 0.996765 [31mdiag_kl_2 : 1.292042 [94mAcc_combined: 62.77 [94mAcc_c: 49.72 [94mAcc_g: 42.91 [92mF1_combined: 59.31 [92mF1_c: 45.12 [92mF1_g: 38.71 [39m
2026-07-25 18:41:00,126 - Agent - INFO - [37mTest Epoch 6 step 6 with [31mce_loss_combined : 1.442205 [31mce_loss_c : 1.955438 [31mce_loss_g : 1.904749 [31mkl_synergy_rand_1 : 0.086312 [31mkl_synergy_rand_2 : 0.073960 [31mkl_synergy_1 : 0.091323 [31mkl_synergy_2 : 0.079875 [31mtotal : 1.773675 [31mdiag_kl_1 : 0.988383 [31mdiag_kl_2 : 1.231738 [94mAcc_combined: 64.81 [94mAcc_c: 50.93 [94mAcc_g: 51.15 [92mF1_combined: 60.62 [92mF1_c: 45.68 [92mF1_g: 46.13 [39m
2026-07-25 18:41:07,264 - Agent - INFO - [37mModel saved successfully at: ./data/data/2025_data/synergy/CremadPlus/v2/SynIB_RMask_U_REFABL_cremad_fold1_l1.0_ir0.5_perturbrandom_fillema_pmin0.20_refuniform.pth.tar[39m
2026-07-25 18:43:07,718 - Evaluator - INFO - New best with loss-
2026-07-25 18:43:07,719 - Agent - INFO - [37mVal Epoch 7 step 7 with [31mce_loss_combined : 1.474204 [31mce_loss_c : 1.746301 [31mce_loss_g : 2.435896 [31mkl_synergy_rand_1 : 0.078991 [31mkl_synergy_rand_2 : 0.069728 [31mkl_synergy_1 : 0.086236 [31mkl_synergy_2 : 0.076201 [31mtotal : 1.785360 [31mdiag_kl_1 : 0.999061 [31mdiag_kl_2 : 1.295733 [94mAcc_combined: 63.11 [94mAcc_c: 49.04 [94mAcc_g: 42.45 [92mF1_combined: 59.61 [92mF1_c: 44.49 [92mF1_g: 38.43 [39m
2026-07-25 18:43:07,734 - Agent - INFO - [37mTest Epoch 7 step 7 with [31mce_loss_combined : 1.441506 [31mce_loss_c : 1.858701 [31mce_loss_g : 1.869426 [31mkl_synergy_rand_1 : 0.084554 [31mkl_synergy_rand_2 : 0.074675 [31mkl_synergy_1 : 0.091220 [31mkl_synergy_2 : 0.080952 [31mtotal : 1.772907 [31mdiag_kl_1 : 0.996140 [31mdiag_kl_2 : 1.227889 [94mAcc_combined: 65.03 [94mAcc_c: 51.04 [94mAcc_g: 50.38 [92mF1_combined: 60.97 [92mF1_c: 45.98 [92mF1_g: 44.94 [39m
2026-07-25 18:43:14,988 - Agent - INFO - [37mModel saved successfully at: ./data/data/2025_data/synergy/CremadPlus/v2/SynIB_RMask_U_REFABL_cremad_fold1_l1.0_ir0.5_perturbrandom_fillema_pmin0.20_refuniform.pth.tar[39m
2026-07-25 18:45:18,020 - Evaluator - INFO - New best with loss-
2026-07-25 18:45:18,021 - Agent - INFO - [37mVal Epoch 8 step 8 with [31mce_loss_combined : 1.473672 [31mce_loss_c : 1.703786 [31mce_loss_g : 2.378018 [31mkl_synergy_rand_1 : 0.077110 [31mkl_synergy_rand_2 : 0.068968 [31mkl_synergy_1 : 0.085027 [31mkl_synergy_2 : 0.073711 [31mtotal : 1.778487 [31mdiag_kl_1 : 0.999331 [31mdiag_kl_2 : 1.293284 [94mAcc_combined: 62.77 [94mAcc_c: 48.47 [94mAcc_g: 41.77 [92mF1_combined: 59.42 [92mF1_c: 44.13 [92mF1_g: 38.29 [39m
2026-07-25 18:45:18,039 - Agent - INFO - [37mTest Epoch 8 step 8 with [31mce_loss_combined : 1.445029 [31mce_loss_c : 1.794707 [31mce_loss_g : 1.861611 [31mkl_synergy_rand_1 : 0.085698 [31mkl_synergy_rand_2 : 0.072739 [31mkl_synergy_1 : 0.092188 [31mkl_synergy_2 : 0.078913 [31mtotal : 1.774568 [31mdiag_kl_1 : 0.996146 [31mdiag_kl_2 : 1.223213 [94mAcc_combined: 64.48 [94mAcc_c: 51.26 [94mAcc_g: 49.40 [92mF1_combined: 60.64 [92mF1_c: 46.54 [92mF1_g: 44.57 [39m
2026-07-25 18:45:25,306 - Agent - INFO - [37mModel saved successfully at: ./data/data/2025_data/synergy/CremadPlus/v2/SynIB_RMask_U_REFABL_cremad_fold1_l1.0_ir0.5_perturbrandom_fillema_pmin0.20_refuniform.pth.tar[39m
2026-07-25 18:47:29,018 - Evaluator - INFO - New best with loss-
2026-07-25 18:47:29,018 - Agent - INFO - [37mVal Epoch 9 step 9 with [31mce_loss_combined : 1.472782 [31mce_loss_c : 1.643456 [31mce_loss_g : 2.249976 [31mkl_synergy_rand_1 : 0.081342 [31mkl_synergy_rand_2 : 0.068047 [31mkl_synergy_1 : 0.087643 [31mkl_synergy_2 : 0.074659 [31mtotal : 1.784472 [31mdiag_kl_1 : 0.988595 [31mdiag_kl_2 : 1.330812 [94mAcc_combined: 61.63 [94mAcc_c: 46.99 [94mAcc_g: 40.75 [92mF1_combined: 58.44 [92mF1_c: 43.45 [92mF1_g: 38.18 [39m
2026-07-25 18:47:29,034 - Agent - INFO - [37mTest Epoch 9 step 9 with [31mce_loss_combined : 1.431820 [31mce_loss_c : 1.724700 [31mce_loss_g : 1.780428 [31mkl_synergy_rand_1 : 0.089718 [31mkl_synergy_rand_2 : 0.074078 [31mkl_synergy_1 : 0.095793 [31mkl_synergy_2 : 0.080661 [31mtotal : 1.772070 [31mdiag_kl_1 : 0.982882 [31mdiag_kl_2 : 1.261659 [94mAcc_combined: 64.15 [94mAcc_c: 48.96 [94mAcc_g: 47.54 [92mF1_combined: 60.66 [92mF1_c: 45.44 [92mF1_g: 43.54 [39m
2026-07-25 18:47:36,308 - Agent - INFO - [37mModel saved successfully at: ./data/data/2025_data/synergy/CremadPlus/v2/SynIB_RMask_U_REFABL_cremad_fold1_l1.0_ir0.5_perturbrandom_fillema_pmin0.20_refuniform.pth.tar[39m
2026-07-25 18:49:37,361 - Evaluator - INFO - New best with loss-
2026-07-25 18:49:37,362 - Agent - INFO - [37mVal Epoch 10 step 10 with [31mce_loss_combined : 1.470891 [31mce_loss_c : 1.625622 [31mce_loss_g : 2.163161 [31mkl_synergy_rand_1 : 0.080446 [31mkl_synergy_rand_2 : 0.067876 [31mkl_synergy_1 : 0.087518 [31mkl_synergy_2 : 0.073508 [31mtotal : 1.780239 [31mdiag_kl_1 : 0.984500 [31mdiag_kl_2 : 1.327924 [94mAcc_combined: 61.98 [94mAcc_c: 45.18 [94mAcc_g: 40.18 [92mF1_combined: 58.98 [92mF1_c: 42.19 [92mF1_g: 37.63 [39m
2026-07-25 18:49:37,377 - Agent - INFO - [37mTest Epoch 10 step 10 with [31mce_loss_combined : 1.432430 [31mce_loss_c : 1.681441 [31mce_loss_g : 1.776310 [31mkl_synergy_rand_1 : 0.088484 [31mkl_synergy_rand_2 : 0.074051 [31mkl_synergy_1 : 0.094447 [31mkl_synergy_2 : 0.078498 [31mtotal : 1.767910 [31mdiag_kl_1 : 0.984855 [31mdiag_kl_2 : 1.264231 [94mAcc_combined: 63.93 [94mAcc_c: 48.31 [94mAcc_g: 46.34 [92mF1_combined: 60.58 [92mF1_c: 45.56 [92mF1_g: 42.13 [39m
2026-07-25 18:49:44,629 - Agent - INFO - [37mModel saved successfully at: ./data/data/2025_data/synergy/CremadPlus/v2/SynIB_RMask_U_REFABL_cremad_fold1_l1.0_ir0.5_perturbrandom_fillema_pmin0.20_refuniform.pth.tar[39m
2026-07-25 18:51:45,826 - Agent - INFO - [37mVal Epoch 11 step 11 with [31mce_loss_combined : 1.483975 [31mce_loss_c : 1.568212 [31mce_loss_g : 2.069878 [31mkl_synergy_rand_1 : 0.075595 [31mkl_synergy_rand_2 : 0.063604 [31mkl_synergy_1 : 0.083195 [31mkl_synergy_2 : 0.068933 [31mtotal : 1.775302 [31mdiag_kl_1 : 1.001531 [31mdiag_kl_2 : 1.340657 [94mAcc_combined: 61.07 [94mAcc_c: 45.18 [94mAcc_g: 39.50 [92mF1_combined: 58.31 [92mF1_c: 42.49 [92mF1_g: 36.73 [39m
2026-07-25 18:51:45,842 - Agent - INFO - [37mTest Epoch 11 step 11 with [31mce_loss_combined : 1.441852 [31mce_loss_c : 1.603784 [31mce_loss_g : 1.709855 [31mkl_synergy_rand_1 : 0.083139 [31mkl_synergy_rand_2 : 0.070579 [31mkl_synergy_1 : 0.091864 [31mkl_synergy_2 : 0.074889 [31mtotal : 1.762323 [31mdiag_kl_1 : 1.008308 [31mdiag_kl_2 : 1.273807 [94mAcc_combined: 63.93 [94mAcc_c: 48.74 [94mAcc_g: 46.89 [92mF1_combined: 60.87 [92mF1_c: 46.23 [92mF1_g: 42.59 [39m
2026-07-25 18:53:46,396 - Agent - INFO - [37mVal Epoch 12 step 12 with [31mce_loss_combined : 1.489433 [31mce_loss_c : 1.559643 [31mce_loss_g : 1.946967 [31mkl_synergy_rand_1 : 0.075507 [31mkl_synergy_rand_2 : 0.065933 [31mkl_synergy_1 : 0.081180 [31mkl_synergy_2 : 0.067709 [31mtotal : 1.779763 [31mdiag_kl_1 : 1.014605 [31mdiag_kl_2 : 1.313972 [94mAcc_combined: 61.63 [94mAcc_c: 45.74 [94mAcc_g: 38.82 [92mF1_combined: 58.74 [92mF1_c: 43.00 [92mF1_g: 35.76 [39m
2026-07-25 18:53:46,415 - Agent - INFO - [37mTest Epoch 12 step 12 with [31mce_loss_combined : 1.449059 [31mce_loss_c : 1.564813 [31mce_loss_g : 1.619218 [31mkl_synergy_rand_1 : 0.083049 [31mkl_synergy_rand_2 : 0.070815 [31mkl_synergy_1 : 0.088081 [31mkl_synergy_2 : 0.074585 [31mtotal : 1.765589 [31mdiag_kl_1 : 1.011981 [31mdiag_kl_2 : 1.266004 [94mAcc_combined: 63.83 [94mAcc_c: 47.65 [94mAcc_g: 48.20 [92mF1_combined: 60.37 [92mF1_c: 45.53 [92mF1_g: 43.81 [39m
2026-07-25 18:55:47,813 - Agent - INFO - [37mVal Epoch 13 step 13 with [31mce_loss_combined : 1.497486 [31mce_loss_c : 1.563681 [31mce_loss_g : 1.937716 [31mkl_synergy_rand_1 : 0.074759 [31mkl_synergy_rand_2 : 0.064061 [31mkl_synergy_1 : 0.079885 [31mkl_synergy_2 : 0.065641 [31mtotal : 1.781832 [31mdiag_kl_1 : 1.019794 [31mdiag_kl_2 : 1.333568 [94mAcc_combined: 60.16 [94mAcc_c: 42.68 [94mAcc_g: 36.78 [92mF1_combined: 57.80 [92mF1_c: 40.90 [92mF1_g: 33.90 [39m
2026-07-25 18:55:47,829 - Agent - INFO - [37mTest Epoch 13 step 13 with [31mce_loss_combined : 1.449815 [31mce_loss_c : 1.560189 [31mce_loss_g : 1.617906 [31mkl_synergy_rand_1 : 0.080800 [31mkl_synergy_rand_2 : 0.069286 [31mkl_synergy_1 : 0.086045 [31mkl_synergy_2 : 0.072433 [31mtotal : 1.758379 [31mdiag_kl_1 : 1.028296 [31mdiag_kl_2 : 1.286743 [94mAcc_combined: 63.39 [94mAcc_c: 46.34 [94mAcc_g: 46.99 [92mF1_combined: 60.41 [92mF1_c: 44.81 [92mF1_g: 42.60 [39m
2026-07-25 18:57:49,428 - Agent - INFO - [37mVal Epoch 14 step 14 with [31mce_loss_combined : 1.506051 [31mce_loss_c : 1.600950 [31mce_loss_g : 1.926395 [31mkl_synergy_rand_1 : 0.074686 [31mkl_synergy_rand_2 : 0.063700 [31mkl_synergy_1 : 0.079336 [31mkl_synergy_2 : 0.064710 [31mtotal : 1.788482 [31mdiag_kl_1 : 1.027894 [31mdiag_kl_2 : 1.344629 [94mAcc_combined: 58.91 [94mAcc_c: 39.61 [94mAcc_g: 35.41 [92mF1_combined: 56.69 [92mF1_c: 38.12 [92mF1_g: 33.29 [39m
2026-07-25 18:57:49,444 - Agent - INFO - [37mTest Epoch 14 step 14 with [31mce_loss_combined : 1.457640 [31mce_loss_c : 1.581040 [31mce_loss_g : 1.631070 [31mkl_synergy_rand_1 : 0.080246 [31mkl_synergy_rand_2 : 0.067882 [31mkl_synergy_1 : 0.084128 [31mkl_synergy_2 : 0.067302 [31mtotal : 1.757198 [31mdiag_kl_1 : 1.030772 [31mdiag_kl_2 : 1.298000 [94mAcc_combined: 63.50 [94mAcc_c: 43.61 [94mAcc_g: 45.36 [92mF1_combined: 60.60 [92mF1_c: 42.61 [92mF1_g: 41.38 [39m
2026-07-25 18:59:51,140 - Agent - INFO - [37mVal Epoch 15 step 15 with [31mce_loss_combined : 1.506759 [31mce_loss_c : 1.667117 [31mce_loss_g : 1.927962 [31mkl_synergy_rand_1 : 0.071221 [31mkl_synergy_rand_2 : 0.060416 [31mkl_synergy_1 : 0.077083 [31mkl_synergy_2 : 0.058867 [31mtotal : 1.774347 [31mdiag_kl_1 : 1.017336 [31mdiag_kl_2 : 1.356514 [94mAcc_combined: 59.70 [94mAcc_c: 36.55 [94mAcc_g: 33.03 [92mF1_combined: 57.45 [92mF1_c: 35.47 [92mF1_g: 30.90 [39m
2026-07-25 18:59:51,156 - Agent - INFO - [37mTest Epoch 15 step 15 with [31mce_loss_combined : 1.461058 [31mce_loss_c : 1.623555 [31mce_loss_g : 1.650020 [31mkl_synergy_rand_1 : 0.079960 [31mkl_synergy_rand_2 : 0.066402 [31mkl_synergy_1 : 0.083289 [31mkl_synergy_2 : 0.065440 [31mtotal : 1.756149 [31mdiag_kl_1 : 1.016188 [31mdiag_kl_2 : 1.300605 [94mAcc_combined: 63.06 [94mAcc_c: 40.22 [94mAcc_g: 44.48 [92mF1_combined: 60.25 [92mF1_c: 39.84 [92mF1_g: 40.16 [39m
2026-07-25 19:01:52,465 - Agent - INFO - [37mVal Epoch 16 step 16 with [31mce_loss_combined : 1.510475 [31mce_loss_c : 1.830202 [31mce_loss_g : 1.940051 [31mkl_synergy_rand_1 : 0.075401 [31mkl_synergy_rand_2 : 0.062256 [31mkl_synergy_1 : 0.079692 [31mkl_synergy_2 : 0.057304 [31mtotal : 1.785128 [31mdiag_kl_1 : 1.009948 [31mdiag_kl_2 : 1.373302 [94mAcc_combined: 59.48 [94mAcc_c: 26.33 [94mAcc_g: 31.90 [92mF1_combined: 56.38 [92mF1_c: 25.40 [92mF1_g: 29.72 [39m
2026-07-25 19:01:52,481 - Agent - INFO - [37mTest Epoch 16 step 16 with [31mce_loss_combined : 1.463158 [31mce_loss_c : 1.788182 [31mce_loss_g : 1.702556 [31mkl_synergy_rand_1 : 0.082437 [31mkl_synergy_rand_2 : 0.068626 [31mkl_synergy_1 : 0.089515 [31mkl_synergy_2 : 0.062020 [31mtotal : 1.765755 [31mdiag_kl_1 : 1.008568 [31mdiag_kl_2 : 1.297759 [94mAcc_combined: 62.51 [94mAcc_c: 29.51 [94mAcc_g: 41.75 [92mF1_combined: 59.26 [92mF1_c: 28.40 [92mF1_g: 37.23 [39m
2026-07-25 19:03:53,702 - Agent - INFO - [37mVal Epoch 17 step 17 with [31mce_loss_combined : 1.495449 [31mce_loss_c : 1.877778 [31mce_loss_g : 1.923747 [31mkl_synergy_rand_1 : 0.075504 [31mkl_synergy_rand_2 : 0.063032 [31mkl_synergy_1 : 0.080163 [31mkl_synergy_2 : 0.057070 [31mtotal : 1.771218 [31mdiag_kl_1 : 1.002259 [31mdiag_kl_2 : 1.339865 [94mAcc_combined: 60.05 [94mAcc_c: 24.74 [94mAcc_g: 29.85 [92mF1_combined: 56.70 [92mF1_c: 23.81 [92mF1_g: 27.28 [39m
2026-07-25 19:03:53,717 - Agent - INFO - [37mTest Epoch 17 step 17 with [31mce_loss_combined : 1.449744 [31mce_loss_c : 1.831275 [31mce_loss_g : 1.734816 [31mkl_synergy_rand_1 : 0.084114 [31mkl_synergy_rand_2 : 0.069048 [31mkl_synergy_1 : 0.088007 [31mkl_synergy_2 : 0.060537 [31mtotal : 1.751448 [31mdiag_kl_1 : 0.995658 [31mdiag_kl_2 : 1.287706 [94mAcc_combined: 62.73 [94mAcc_c: 27.65 [94mAcc_g: 40.11 [92mF1_combined: 59.41 [92mF1_c: 26.73 [92mF1_g: 35.47 [39m
2026-07-25 19:05:55,018 - Agent - INFO - [37mVal Epoch 18 step 18 with [31mce_loss_combined : 1.517849 [31mce_loss_c : 1.854123 [31mce_loss_g : 1.982724 [31mkl_synergy_rand_1 : 0.070754 [31mkl_synergy_rand_2 : 0.058225 [31mkl_synergy_1 : 0.076714 [31mkl_synergy_2 : 0.052042 [31mtotal : 1.775585 [31mdiag_kl_1 : 1.015604 [31mdiag_kl_2 : 1.349608 [94mAcc_combined: 58.46 [94mAcc_c: 25.65 [94mAcc_g: 25.20 [92mF1_combined: 55.93 [92mF1_c: 25.19 [92mF1_g: 21.16 [39m
2026-07-25 19:05:55,034 - Agent - INFO - [37mTest Epoch 18 step 18 with [31mce_loss_combined : 1.472292 [31mce_loss_c : 1.808165 [31mce_loss_g : 1.787684 [31mkl_synergy_rand_1 : 0.078378 [31mkl_synergy_rand_2 : 0.064537 [31mkl_synergy_1 : 0.082699 [31mkl_synergy_2 : 0.056905 [31mtotal : 1.754811 [31mdiag_kl_1 : 1.014329 [31mdiag_kl_2 : 1.288108 [94mAcc_combined: 62.40 [94mAcc_c: 27.10 [94mAcc_g: 36.17 [92mF1_combined: 59.15 [92mF1_c: 27.35 [92mF1_g: 30.68 [39m
2026-07-25 19:07:56,718 - Agent - INFO - [37mVal Epoch 19 step 19 with [31mce_loss_combined : 1.507261 [31mce_loss_c : 1.950591 [31mce_loss_g : 2.020628 [31mkl_synergy_rand_1 : 0.072439 [31mkl_synergy_rand_2 : 0.060294 [31mkl_synergy_1 : 0.077004 [31mkl_synergy_2 : 0.052322 [31mtotal : 1.769320 [31mdiag_kl_1 : 1.007807 [31mdiag_kl_2 : 1.344470 [94mAcc_combined: 59.14 [94mAcc_c: 20.43 [94mAcc_g: 23.50 [92mF1_combined: 56.72 [92mF1_c: 19.64 [92mF1_g: 18.13 [39m
2026-07-25 19:07:56,734 - Agent - INFO - [37mTest Epoch 19 step 19 with [31mce_loss_combined : 1.460125 [31mce_loss_c : 1.915066 [31mce_loss_g : 1.851651 [31mkl_synergy_rand_1 : 0.080286 [31mkl_synergy_rand_2 : 0.067605 [31mkl_synergy_1 : 0.085600 [31mkl_synergy_2 : 0.058441 [31mtotal : 1.752058 [31mdiag_kl_1 : 1.006226 [31mdiag_kl_2 : 1.285722 [94mAcc_combined: 62.95 [94mAcc_c: 22.08 [94mAcc_g: 32.02 [92mF1_combined: 59.81 [92mF1_c: 21.30 [92mF1_g: 26.92 [39m
2026-07-25 19:10:00,571 - Agent - INFO - [37mVal Epoch 20 step 20 with [31mce_loss_combined : 1.526968 [31mce_loss_c : 1.984022 [31mce_loss_g : 2.035388 [31mkl_synergy_rand_1 : 0.068891 [31mkl_synergy_rand_2 : 0.057704 [31mkl_synergy_1 : 0.075318 [31mkl_synergy_2 : 0.048580 [31mtotal : 1.777461 [31mdiag_kl_1 : 1.020068 [31mdiag_kl_2 : 1.354928 [94mAcc_combined: 57.43 [94mAcc_c: 18.39 [94mAcc_g: 21.23 [92mF1_combined: 55.07 [92mF1_c: 17.31 [92mF1_g: 17.38 [39m
2026-07-25 19:10:00,587 - Agent - INFO - [37mTest Epoch 20 step 20 with [31mce_loss_combined : 1.481421 [31mce_loss_c : 1.941356 [31mce_loss_g : 1.882434 [31mkl_synergy_rand_1 : 0.077571 [31mkl_synergy_rand_2 : 0.063153 [31mkl_synergy_1 : 0.082144 [31mkl_synergy_2 : 0.053085 [31mtotal : 1.757375 [31mdiag_kl_1 : 1.016020 [31mdiag_kl_2 : 1.305714 [94mAcc_combined: 61.64 [94mAcc_c: 18.47 [94mAcc_g: 28.85 [92mF1_combined: 58.53 [92mF1_c: 17.28 [92mF1_g: 25.41 [39m
2026-07-25 19:12:09,327 - Agent - INFO - [37mVal Epoch 21 step 21 with [31mce_loss_combined : 1.525356 [31mce_loss_c : 2.038929 [31mce_loss_g : 2.029693 [31mkl_synergy_rand_1 : 0.069931 [31mkl_synergy_rand_2 : 0.059864 [31mkl_synergy_1 : 0.075134 [31mkl_synergy_2 : 0.051752 [31mtotal : 1.782037 [31mdiag_kl_1 : 1.036532 [31mdiag_kl_2 : 1.342214 [94mAcc_combined: 58.46 [94mAcc_c: 18.73 [94mAcc_g: 21.11 [92mF1_combined: 56.56 [92mF1_c: 15.98 [92mF1_g: 17.07 [39m
2026-07-25 19:12:09,342 - Agent - INFO - [37mTest Epoch 21 step 21 with [31mce_loss_combined : 1.481574 [31mce_loss_c : 1.991201 [31mce_loss_g : 1.896574 [31mkl_synergy_rand_1 : 0.078057 [31mkl_synergy_rand_2 : 0.065273 [31mkl_synergy_1 : 0.081761 [31mkl_synergy_2 : 0.055896 [31mtotal : 1.762563 [31mdiag_kl_1 : 1.023992 [31mdiag_kl_2 : 1.302714 [94mAcc_combined: 62.08 [94mAcc_c: 16.72 [94mAcc_g: 28.85 [92mF1_combined: 59.34 [92mF1_c: 14.66 [92mF1_g: 24.75 [39m
2026-07-25 19:14:09,071 - Agent - INFO - [37mVal Epoch 22 step 22 with [31mce_loss_combined : 1.533989 [31mce_loss_c : 2.105250 [31mce_loss_g : 2.056247 [31mkl_synergy_rand_1 : 0.071760 [31mkl_synergy_rand_2 : 0.061607 [31mkl_synergy_1 : 0.074905 [31mkl_synergy_2 : 0.053894 [31mtotal : 1.796155 [31mdiag_kl_1 : 1.055144 [31mdiag_kl_2 : 1.325964 [94mAcc_combined: 56.19 [94mAcc_c: 18.05 [94mAcc_g: 21.00 [92mF1_combined: 54.10 [92mF1_c: 14.89 [92mF1_g: 15.78 [39m
2026-07-25 19:14:09,086 - Agent - INFO - [37mTest Epoch 22 step 22 with [31mce_loss_combined : 1.487444 [31mce_loss_c : 2.049669 [31mce_loss_g : 1.934420 [31mkl_synergy_rand_1 : 0.078196 [31mkl_synergy_rand_2 : 0.065471 [31mkl_synergy_1 : 0.078808 [31mkl_synergy_2 : 0.056456 [31mtotal : 1.766375 [31mdiag_kl_1 : 1.045738 [31mdiag_kl_2 : 1.296334 [94mAcc_combined: 61.31 [94mAcc_c: 18.25 [94mAcc_g: 26.45 [92mF1_combined: 59.15 [92mF1_c: 14.00 [92mF1_g: 21.04 [39m
2026-07-25 19:16:09,987 - Agent - INFO - [37mVal Epoch 23 step 23 with [31mce_loss_combined : 1.505630 [31mce_loss_c : 2.224601 [31mce_loss_g : 2.097195 [31mkl_synergy_rand_1 : 0.072041 [31mkl_synergy_rand_2 : 0.059394 [31mkl_synergy_1 : 0.076973 [31mkl_synergy_2 : 0.051129 [31mtotal : 1.765168 [31mdiag_kl_1 : 1.005487 [31mdiag_kl_2 : 1.347399 [94mAcc_combined: 59.14 [94mAcc_c: 12.26 [94mAcc_g: 19.86 [92mF1_combined: 56.51 [92mF1_c: 10.96 [92mF1_g: 14.95 [39m
2026-07-25 19:16:10,003 - Agent - INFO - [37mTest Epoch 23 step 23 with [31mce_loss_combined : 1.463644 [31mce_loss_c : 2.196591 [31mce_loss_g : 1.997506 [31mkl_synergy_rand_1 : 0.082806 [31mkl_synergy_rand_2 : 0.066935 [31mkl_synergy_1 : 0.085065 [31mkl_synergy_2 : 0.056057 [31mtotal : 1.754507 [31mdiag_kl_1 : 0.992772 [31mdiag_kl_2 : 1.286182 [94mAcc_combined: 62.08 [94mAcc_c: 11.80 [94mAcc_g: 22.62 [92mF1_combined: 59.33 [92mF1_c: 9.84 [92mF1_g: 18.34 [39m
2026-07-25 19:18:09,897 - Agent - INFO - [37mVal Epoch 24 step 24 with [31mce_loss_combined : 1.515664 [31mce_loss_c : 2.222409 [31mce_loss_g : 2.085508 [31mkl_synergy_rand_1 : 0.071958 [31mkl_synergy_rand_2 : 0.060718 [31mkl_synergy_1 : 0.076033 [31mkl_synergy_2 : 0.052619 [31mtotal : 1.776992 [31mdiag_kl_1 : 1.020679 [31mdiag_kl_2 : 1.336572 [94mAcc_combined: 57.66 [94mAcc_c: 12.60 [94mAcc_g: 19.64 [92mF1_combined: 55.60 [92mF1_c: 11.01 [92mF1_g: 15.04 [39m
2026-07-25 19:18:09,913 - Agent - INFO - [37mTest Epoch 24 step 24 with [31mce_loss_combined : 1.470214 [31mce_loss_c : 2.204247 [31mce_loss_g : 1.990944 [31mkl_synergy_rand_1 : 0.080904 [31mkl_synergy_rand_2 : 0.065406 [31mkl_synergy_1 : 0.083219 [31mkl_synergy_2 : 0.055332 [31mtotal : 1.755075 [31mdiag_kl_1 : 1.005748 [31mdiag_kl_2 : 1.298831 [94mAcc_combined: 62.19 [94mAcc_c: 10.93 [94mAcc_g: 23.50 [92mF1_combined: 59.69 [92mF1_c: 9.50 [92mF1_g: 17.77 [39m
2026-07-25 19:20:09,917 - Agent - INFO - [37mVal Epoch 25 step 25 with [31mce_loss_combined : 1.522994 [31mce_loss_c : 2.223309 [31mce_loss_g : 2.072151 [31mkl_synergy_rand_1 : 0.072125 [31mkl_synergy_rand_2 : 0.059598 [31mkl_synergy_1 : 0.076254 [31mkl_synergy_2 : 0.050725 [31mtotal : 1.781695 [31mdiag_kl_1 : 1.014201 [31mdiag_kl_2 : 1.352442 [94mAcc_combined: 57.21 [94mAcc_c: 13.39 [94mAcc_g: 18.84 [92mF1_combined: 55.03 [92mF1_c: 11.23 [92mF1_g: 14.76 [39m
2026-07-25 19:20:09,933 - Agent - INFO - [37mTest Epoch 25 step 25 with [31mce_loss_combined : 1.473796 [31mce_loss_c : 2.215181 [31mce_loss_g : 1.993300 [31mkl_synergy_rand_1 : 0.080304 [31mkl_synergy_rand_2 : 0.064726 [31mkl_synergy_1 : 0.084282 [31mkl_synergy_2 : 0.055436 [31mtotal : 1.758546 [31mdiag_kl_1 : 1.009756 [31mdiag_kl_2 : 1.301483 [94mAcc_combined: 61.20 [94mAcc_c: 11.69 [94mAcc_g: 21.64 [92mF1_combined: 58.58 [92mF1_c: 9.97 [92mF1_g: 17.21 [39m
2026-07-25 19:22:08,922 - Agent - INFO - [37mVal Epoch 26 step 26 with [31mce_loss_combined : 1.521120 [31mce_loss_c : 2.229752 [31mce_loss_g : 2.069852 [31mkl_synergy_rand_1 : 0.072738 [31mkl_synergy_rand_2 : 0.060848 [31mkl_synergy_1 : 0.075912 [31mkl_synergy_2 : 0.052247 [31mtotal : 1.782866 [31mdiag_kl_1 : 1.020914 [31mdiag_kl_2 : 1.332141 [94mAcc_combined: 56.64 [94mAcc_c: 14.53 [94mAcc_g: 19.30 [92mF1_combined: 54.71 [92mF1_c: 11.60 [92mF1_g: 14.97 [39m
2026-07-25 19:22:08,938 - Agent - INFO - [37mTest Epoch 26 step 26 with [31mce_loss_combined : 1.471266 [31mce_loss_c : 2.230326 [31mce_loss_g : 1.988533 [31mkl_synergy_rand_1 : 0.080000 [31mkl_synergy_rand_2 : 0.065397 [31mkl_synergy_1 : 0.082713 [31mkl_synergy_2 : 0.056257 [31mtotal : 1.755633 [31mdiag_kl_1 : 1.012995 [31mdiag_kl_2 : 1.291839 [94mAcc_combined: 62.30 [94mAcc_c: 12.68 [94mAcc_g: 22.40 [92mF1_combined: 59.66 [92mF1_c: 10.38 [92mF1_g: 17.64 [39m
2026-07-25 19:24:08,712 - Agent - INFO - [37mVal Epoch 27 step 27 with [31mce_loss_combined : 1.517407 [31mce_loss_c : 2.235061 [31mce_loss_g : 2.069252 [31mkl_synergy_rand_1 : 0.071896 [31mkl_synergy_rand_2 : 0.061365 [31mkl_synergy_1 : 0.077240 [31mkl_synergy_2 : 0.052241 [31mtotal : 1.780148 [31mdiag_kl_1 : 1.012548 [31mdiag_kl_2 : 1.334616 [94mAcc_combined: 57.66 [94mAcc_c: 13.73 [94mAcc_g: 18.50 [92mF1_combined: 55.36 [92mF1_c: 11.69 [92mF1_g: 14.43 [39m
2026-07-25 19:24:08,728 - Agent - INFO - [37mTest Epoch 27 step 27 with [31mce_loss_combined : 1.467721 [31mce_loss_c : 2.233315 [31mce_loss_g : 1.995909 [31mkl_synergy_rand_1 : 0.079208 [31mkl_synergy_rand_2 : 0.066068 [31mkl_synergy_1 : 0.085713 [31mkl_synergy_2 : 0.054849 [31mtotal : 1.753559 [31mdiag_kl_1 : 1.011923 [31mdiag_kl_2 : 1.278793 [94mAcc_combined: 62.30 [94mAcc_c: 11.37 [94mAcc_g: 22.40 [92mF1_combined: 59.51 [92mF1_c: 9.67 [92mF1_g: 17.53 [39m
2026-07-25 19:26:08,451 - Agent - INFO - [37mVal Epoch 28 step 28 with [31mce_loss_combined : 1.523122 [31mce_loss_c : 2.238408 [31mce_loss_g : 2.064376 [31mkl_synergy_rand_1 : 0.072340 [31mkl_synergy_rand_2 : 0.061123 [31mkl_synergy_1 : 0.076367 [31mkl_synergy_2 : 0.051603 [31mtotal : 1.784553 [31mdiag_kl_1 : 1.018402 [31mdiag_kl_2 : 1.340335 [94mAcc_combined: 57.09 [94mAcc_c: 13.73 [94mAcc_g: 18.84 [92mF1_combined: 54.95 [92mF1_c: 11.73 [92mF1_g: 14.63 [39m
2026-07-25 19:26:08,467 - Agent - INFO - [37mTest Epoch 28 step 28 with [31mce_loss_combined : 1.470712 [31mce_loss_c : 2.237902 [31mce_loss_g : 1.992583 [31mkl_synergy_rand_1 : 0.079681 [31mkl_synergy_rand_2 : 0.064084 [31mkl_synergy_1 : 0.083734 [31mkl_synergy_2 : 0.056068 [31mtotal : 1.754278 [31mdiag_kl_1 : 1.016011 [31mdiag_kl_2 : 1.295356 [94mAcc_combined: 61.53 [94mAcc_c: 12.24 [94mAcc_g: 22.19 [92mF1_combined: 58.86 [92mF1_c: 10.04 [92mF1_g: 17.13 [39m
2026-07-25 19:28:08,051 - Agent - INFO - [37mVal Epoch 29 step 29 with [31mce_loss_combined : 1.524792 [31mce_loss_c : 2.235219 [31mce_loss_g : 2.064448 [31mkl_synergy_rand_1 : 0.072677 [31mkl_synergy_rand_2 : 0.060387 [31mkl_synergy_1 : 0.076455 [31mkl_synergy_2 : 0.052267 [31mtotal : 1.786578 [31mdiag_kl_1 : 1.015876 [31mdiag_kl_2 : 1.333246 [94mAcc_combined: 56.98 [94mAcc_c: 14.64 [94mAcc_g: 18.96 [92mF1_combined: 54.70 [92mF1_c: 12.24 [92mF1_g: 14.74 [39m
2026-07-25 19:28:08,066 - Agent - INFO - [37mTest Epoch 29 step 29 with [31mce_loss_combined : 1.470800 [31mce_loss_c : 2.233905 [31mce_loss_g : 1.995409 [31mkl_synergy_rand_1 : 0.078933 [31mkl_synergy_rand_2 : 0.065058 [31mkl_synergy_1 : 0.083502 [31mkl_synergy_2 : 0.056811 [31mtotal : 1.755105 [31mdiag_kl_1 : 1.017537 [31mdiag_kl_2 : 1.284180 [94mAcc_combined: 62.19 [94mAcc_c: 12.24 [94mAcc_g: 21.42 [92mF1_combined: 59.29 [92mF1_c: 9.95 [92mF1_g: 16.60 [39m
2026-07-25 19:30:07,388 - Agent - INFO - [37mVal Epoch 30 step 30 with [31mce_loss_combined : 1.522396 [31mce_loss_c : 2.237672 [31mce_loss_g : 2.052004 [31mkl_synergy_rand_1 : 0.072764 [31mkl_synergy_rand_2 : 0.060492 [31mkl_synergy_1 : 0.076765 [31mkl_synergy_2 : 0.052520 [31mtotal : 1.784937 [31mdiag_kl_1 : 1.016319 [31mdiag_kl_2 : 1.330516 [94mAcc_combined: 56.98 [94mAcc_c: 14.98 [94mAcc_g: 19.30 [92mF1_combined: 54.70 [92mF1_c: 12.35 [92mF1_g: 14.90 [39m
2026-07-25 19:30:07,404 - Agent - INFO - [37mTest Epoch 30 step 30 with [31mce_loss_combined : 1.470944 [31mce_loss_c : 2.240747 [31mce_loss_g : 1.982709 [31mkl_synergy_rand_1 : 0.079082 [31mkl_synergy_rand_2 : 0.066575 [31mkl_synergy_1 : 0.084857 [31mkl_synergy_2 : 0.057089 [31mtotal : 1.758547 [31mdiag_kl_1 : 1.015071 [31mdiag_kl_2 : 1.281619 [94mAcc_combined: 61.64 [94mAcc_c: 11.69 [94mAcc_g: 22.51 [92mF1_combined: 58.67 [92mF1_c: 9.56 [92mF1_g: 17.26 [39m
2026-07-25 19:32:16,046 - Agent - INFO - [37mVal Epoch 31 step 31 with [31mce_loss_combined : 1.519259 [31mce_loss_c : 2.241890 [31mce_loss_g : 2.063829 [31mkl_synergy_rand_1 : 0.072473 [31mkl_synergy_rand_2 : 0.060477 [31mkl_synergy_1 : 0.076996 [31mkl_synergy_2 : 0.052568 [31mtotal : 1.781772 [31mdiag_kl_1 : 1.012803 [31mdiag_kl_2 : 1.336177 [94mAcc_combined: 57.43 [94mAcc_c: 14.42 [94mAcc_g: 19.18 [92mF1_combined: 55.23 [92mF1_c: 11.99 [92mF1_g: 14.94 [39m
2026-07-25 19:32:16,062 - Agent - INFO - [37mTest Epoch 31 step 31 with [31mce_loss_combined : 1.469237 [31mce_loss_c : 2.245073 [31mce_loss_g : 1.996263 [31mkl_synergy_rand_1 : 0.080691 [31mkl_synergy_rand_2 : 0.065111 [31mkl_synergy_1 : 0.084749 [31mkl_synergy_2 : 0.056963 [31mtotal : 1.756751 [31mdiag_kl_1 : 1.009909 [31mdiag_kl_2 : 1.289894 [94mAcc_combined: 61.09 [94mAcc_c: 11.80 [94mAcc_g: 21.86 [92mF1_combined: 58.17 [92mF1_c: 9.81 [92mF1_g: 16.86 [39m
2026-07-25 19:34:17,902 - Agent - INFO - [37mVal Epoch 32 step 32 with [31mce_loss_combined : 1.527688 [31mce_loss_c : 2.228773 [31mce_loss_g : 2.053238 [31mkl_synergy_rand_1 : 0.071393 [31mkl_synergy_rand_2 : 0.060514 [31mkl_synergy_1 : 0.077303 [31mkl_synergy_2 : 0.052287 [31mtotal : 1.789186 [31mdiag_kl_1 : 1.022720 [31mdiag_kl_2 : 1.340218 [94mAcc_combined: 56.75 [94mAcc_c: 15.10 [94mAcc_g: 19.98 [92mF1_combined: 54.18 [92mF1_c: 12.39 [92mF1_g: 15.28 [39m
2026-07-25 19:34:17,917 - Agent - INFO - [37mTest Epoch 32 step 32 with [31mce_loss_combined : 1.474000 [31mce_loss_c : 2.229849 [31mce_loss_g : 1.980796 [31mkl_synergy_rand_1 : 0.078801 [31mkl_synergy_rand_2 : 0.064679 [31mkl_synergy_1 : 0.082180 [31mkl_synergy_2 : 0.055287 [31mtotal : 1.754947 [31mdiag_kl_1 : 1.021502 [31mdiag_kl_2 : 1.284529 [94mAcc_combined: 62.08 [94mAcc_c: 12.79 [94mAcc_g: 22.73 [92mF1_combined: 59.00 [92mF1_c: 10.08 [92mF1_g: 17.77 [39m
2026-07-25 19:36:16,855 - Agent - INFO - [37mVal Epoch 33 step 33 with [31mce_loss_combined : 1.523307 [31mce_loss_c : 2.241210 [31mce_loss_g : 2.033999 [31mkl_synergy_rand_1 : 0.070353 [31mkl_synergy_rand_2 : 0.060170 [31mkl_synergy_1 : 0.074561 [31mkl_synergy_2 : 0.050822 [31mtotal : 1.779213 [31mdiag_kl_1 : 1.021201 [31mdiag_kl_2 : 1.337087 [94mAcc_combined: 57.78 [94mAcc_c: 15.44 [94mAcc_g: 19.98 [92mF1_combined: 55.07 [92mF1_c: 11.98 [92mF1_g: 16.22 [39m
2026-07-25 19:36:16,871 - Agent - INFO - [37mTest Epoch 33 step 33 with [31mce_loss_combined : 1.471351 [31mce_loss_c : 2.243177 [31mce_loss_g : 1.969072 [31mkl_synergy_rand_1 : 0.076743 [31mkl_synergy_rand_2 : 0.065562 [31mkl_synergy_1 : 0.080555 [31mkl_synergy_2 : 0.055836 [31mtotal : 1.750047 [31mdiag_kl_1 : 1.022340 [31mdiag_kl_2 : 1.286346 [94mAcc_combined: 62.95 [94mAcc_c: 12.13 [94mAcc_g: 21.53 [92mF1_combined: 59.95 [92mF1_c: 9.24 [92mF1_g: 17.74 [39m
2026-07-25 19:38:16,579 - Agent - INFO - [37mVal Epoch 34 step 34 with [31mce_loss_combined : 1.534256 [31mce_loss_c : 2.208158 [31mce_loss_g : 2.005339 [31mkl_synergy_rand_1 : 0.069974 [31mkl_synergy_rand_2 : 0.061044 [31mkl_synergy_1 : 0.072601 [31mkl_synergy_2 : 0.050990 [31mtotal : 1.788865 [31mdiag_kl_1 : 1.042826 [31mdiag_kl_2 : 1.318982 [94mAcc_combined: 56.41 [94mAcc_c: 16.91 [94mAcc_g: 19.98 [92mF1_combined: 53.87 [92mF1_c: 13.09 [92mF1_g: 15.63 [39m
2026-07-25 19:38:16,595 - Agent - INFO - [37mTest Epoch 34 step 34 with [31mce_loss_combined : 1.481314 [31mce_loss_c : 2.198347 [31mce_loss_g : 1.955663 [31mkl_synergy_rand_1 : 0.074929 [31mkl_synergy_rand_2 : 0.064466 [31mkl_synergy_1 : 0.076600 [31mkl_synergy_2 : 0.053417 [31mtotal : 1.750726 [31mdiag_kl_1 : 1.045009 [31mdiag_kl_2 : 1.277920 [94mAcc_combined: 60.66 [94mAcc_c: 15.96 [94mAcc_g: 22.95 [92mF1_combined: 57.54 [92mF1_c: 11.88 [92mF1_g: 18.03 [39m
2026-07-25 19:40:16,202 - Agent - INFO - [37mVal Epoch 35 step 35 with [31mce_loss_combined : 1.517011 [31mce_loss_c : 2.244803 [31mce_loss_g : 2.009732 [31mkl_synergy_rand_1 : 0.070884 [31mkl_synergy_rand_2 : 0.060804 [31mkl_synergy_1 : 0.073692 [31mkl_synergy_2 : 0.052374 [31mtotal : 1.774765 [31mdiag_kl_1 : 1.015660 [31mdiag_kl_2 : 1.304162 [94mAcc_combined: 58.46 [94mAcc_c: 13.28 [94mAcc_g: 19.41 [92mF1_combined: 55.67 [92mF1_c: 10.26 [92mF1_g: 14.59 [39m
2026-07-25 19:40:16,219 - Agent - INFO - [37mTest Epoch 35 step 35 with [31mce_loss_combined : 1.470475 [31mce_loss_c : 2.276230 [31mce_loss_g : 1.962133 [31mkl_synergy_rand_1 : 0.077801 [31mkl_synergy_rand_2 : 0.065802 [31mkl_synergy_1 : 0.080362 [31mkl_synergy_2 : 0.055698 [31mtotal : 1.750138 [31mdiag_kl_1 : 1.015301 [31mdiag_kl_2 : 1.256255 [94mAcc_combined: 62.95 [94mAcc_c: 10.82 [94mAcc_g: 23.28 [92mF1_combined: 59.50 [92mF1_c: 8.32 [92mF1_g: 17.49 [39m
2026-07-25 19:42:16,245 - Agent - INFO - [37mVal Epoch 36 step 36 with [31mce_loss_combined : 1.518532 [31mce_loss_c : 2.184788 [31mce_loss_g : 2.003315 [31mkl_synergy_rand_1 : 0.071864 [31mkl_synergy_rand_2 : 0.062305 [31mkl_synergy_1 : 0.075664 [31mkl_synergy_2 : 0.053598 [31mtotal : 1.781963 [31mdiag_kl_1 : 1.026166 [31mdiag_kl_2 : 1.307840 [94mAcc_combined: 59.70 [94mAcc_c: 14.76 [94mAcc_g: 19.18 [92mF1_combined: 56.63 [92mF1_c: 10.66 [92mF1_g: 14.43 [39m
2026-07-25 19:42:16,263 - Agent - INFO - [37mTest Epoch 36 step 36 with [31mce_loss_combined : 1.478771 [31mce_loss_c : 2.211638 [31mce_loss_g : 1.974021 [31mkl_synergy_rand_1 : 0.078353 [31mkl_synergy_rand_2 : 0.066795 [31mkl_synergy_1 : 0.078769 [31mkl_synergy_2 : 0.056201 [31mtotal : 1.758888 [31mdiag_kl_1 : 1.029051 [31mdiag_kl_2 : 1.260329 [94mAcc_combined: 62.73 [94mAcc_c: 12.24 [94mAcc_g: 22.51 [92mF1_combined: 58.90 [92mF1_c: 8.85 [92mF1_g: 16.60 [39m
2026-07-25 19:44:17,617 - Agent - INFO - [37mVal Epoch 37 step 37 with [31mce_loss_combined : 1.501554 [31mce_loss_c : 2.209835 [31mce_loss_g : 1.993248 [31mkl_synergy_rand_1 : 0.073309 [31mkl_synergy_rand_2 : 0.063476 [31mkl_synergy_1 : 0.074282 [31mkl_synergy_2 : 0.054491 [31mtotal : 1.767111 [31mdiag_kl_1 : 1.011527 [31mdiag_kl_2 : 1.284481 [94mAcc_combined: 60.73 [94mAcc_c: 15.10 [94mAcc_g: 19.41 [92mF1_combined: 57.53 [92mF1_c: 12.03 [92mF1_g: 14.66 [39m
2026-07-25 19:44:17,633 - Agent - INFO - [37mTest Epoch 37 step 37 with [31mce_loss_combined : 1.457951 [31mce_loss_c : 2.240843 [31mce_loss_g : 1.952773 [31mkl_synergy_rand_1 : 0.078979 [31mkl_synergy_rand_2 : 0.067146 [31mkl_synergy_1 : 0.082273 [31mkl_synergy_2 : 0.057402 [31mtotal : 1.743751 [31mdiag_kl_1 : 1.013927 [31mdiag_kl_2 : 1.236435 [94mAcc_combined: 65.14 [94mAcc_c: 12.24 [94mAcc_g: 22.62 [92mF1_combined: 61.78 [92mF1_c: 9.35 [92mF1_g: 16.89 [39m
2026-07-25 19:46:18,960 - Agent - INFO - [37mVal Epoch 38 step 38 with [31mce_loss_combined : 1.516458 [31mce_loss_c : 2.125745 [31mce_loss_g : 1.973974 [31mkl_synergy_rand_1 : 0.070719 [31mkl_synergy_rand_2 : 0.062684 [31mkl_synergy_1 : 0.073610 [31mkl_synergy_2 : 0.052726 [31mtotal : 1.776197 [31mdiag_kl_1 : 1.022554 [31mdiag_kl_2 : 1.297119 [94mAcc_combined: 60.27 [94mAcc_c: 16.00 [94mAcc_g: 20.89 [92mF1_combined: 56.22 [92mF1_c: 12.70 [92mF1_g: 14.30 [39m
2026-07-25 19:46:18,976 - Agent - INFO - [37mTest Epoch 38 step 38 with [31mce_loss_combined : 1.469831 [31mce_loss_c : 2.172440 [31mce_loss_g : 1.929823 [31mkl_synergy_rand_1 : 0.076367 [31mkl_synergy_rand_2 : 0.066921 [31mkl_synergy_1 : 0.081230 [31mkl_synergy_2 : 0.055573 [31mtotal : 1.749922 [31mdiag_kl_1 : 1.025086 [31mdiag_kl_2 : 1.240299 [94mAcc_combined: 64.15 [94mAcc_c: 13.88 [94mAcc_g: 22.62 [92mF1_combined: 60.05 [92mF1_c: 10.76 [92mF1_g: 16.02 [39m
2026-07-25 19:48:20,600 - Agent - INFO - [37mVal Epoch 39 step 39 with [31mce_loss_combined : 1.542666 [31mce_loss_c : 2.073257 [31mce_loss_g : 1.933489 [31mkl_synergy_rand_1 : 0.065543 [31mkl_synergy_rand_2 : 0.058159 [31mkl_synergy_1 : 0.067309 [31mkl_synergy_2 : 0.050589 [31mtotal : 1.784266 [31mdiag_kl_1 : 1.071258 [31mdiag_kl_2 : 1.296525 [94mAcc_combined: 58.34 [94mAcc_c: 19.18 [94mAcc_g: 21.11 [92mF1_combined: 56.09 [92mF1_c: 15.30 [92mF1_g: 14.78 [39m
2026-07-25 19:48:20,616 - Agent - INFO - [37mTest Epoch 39 step 39 with [31mce_loss_combined : 1.496362 [31mce_loss_c : 2.104210 [31mce_loss_g : 1.900462 [31mkl_synergy_rand_1 : 0.069391 [31mkl_synergy_rand_2 : 0.060743 [31mkl_synergy_1 : 0.071602 [31mkl_synergy_2 : 0.051214 [31mtotal : 1.749313 [31mdiag_kl_1 : 1.062142 [31mdiag_kl_2 : 1.271347 [94mAcc_combined: 62.08 [94mAcc_c: 18.36 [94mAcc_g: 23.93 [92mF1_combined: 59.00 [92mF1_c: 14.67 [92mF1_g: 16.62 [39m
2026-07-25 19:48:33,570 - Agent - INFO - We are in the final state.
2026-07-25 19:48:33,937 - root - INFO - Loaded best model from best_model_accuracy_state_dict
2026-07-25 19:48:51,756 - Agent - INFO - [37mVal Epoch 39 step 0 with [31mce_loss_combined : 1.488222 [31mce_loss_c : 1.931709 [31mce_loss_g : 2.692180 [31mkl_synergy_rand_1 : 0.074077 [31mkl_synergy_rand_2 : 0.066299 [31mkl_synergy_1 : 0.078439 [31mkl_synergy_2 : 0.072969 [31mtotal : 1.780006 [31mdiag_kl_1 : 1.019111 [31mdiag_kl_2 : 1.282319 [94mAcc_combined: 63.34 [94mAcc_c: 50.06 [94mAcc_g: 42.11 [92mF1_combined: 59.62 [92mF1_c: 45.12 [92mF1_g: 37.79 [39m
2026-07-25 19:49:10,440 - Agent - INFO - [37mTest Epoch 39 step 0 with [31mce_loss_combined : 1.450536 [31mce_loss_c : 2.089806 [31mce_loss_g : 2.019080 [31mkl_synergy_rand_1 : 0.081864 [31mkl_synergy_rand_2 : 0.071745 [31mkl_synergy_1 : 0.086094 [31mkl_synergy_2 : 0.080608 [31mtotal : 1.770846 [31mdiag_kl_1 : 1.011326 [31mdiag_kl_2 : 1.203874 [94mAcc_combined: 65.68 [94mAcc_c: 51.04 [94mAcc_g: 51.26 [92mF1_combined: 61.15 [92mF1_c: 45.29 [92mF1_g: 45.88 [39m
2026-07-25 19:49:19,432 - Agent - INFO - [37mModel saved successfully at: ./data/data/2025_data/synergy/CremadPlus/v2/SynIB_RMask_U_REFABL_cremad_fold1_l1.0_ir0.5_perturbrandom_fillema_pmin0.20_refuniform.pth.tar[39m
Job finished
