Starting SynIB reference-ablation job
Python 3.10.19
/esat/smcdata/users/kkontras/Image_Dataset/no_backup/git/SynIB  (git 9191f76)
GPU 0: NVIDIA GeForce RTX 2080 Ti (UUID: GPU-80609ff0-d905-c2d8-7c85-30e2d01a3cb8)
Executing: PYTHONPATH=src /esat/smcdata/users/kkontras/Image_Dataset/no_backup/envs/synergy_new/bin/python -m synib.entrypoints.train --config run/configs/rebuttal_ref_ablation/mustard_synib.json --default_config run/configs/rebuttal_ref_ablation/mustard_default.json --fold 0 --rmask random --l 0.002 --perturb_pmin 0.1 --perturb_fill ema --lr 0.0005 --wd 0.001 --reference_type uniform --ref_diag --start_over --tag REFABL_mustard_lam2x
Namespace(config='run/configs/rebuttal_ref_ablation/mustard_synib.json', default_config='run/configs/rebuttal_ref_ablation/mustard_default.json', fold='0', alpha=None, tanh_mode_beta=None, regby=None, batch_size=None, l='0.002', multil=None, lib=None, kmepoch=None, num_samples=None, contrcoeff=None, contr_type=None, shuffle_type=None, validate_with=None, num_classes=None, optim_method=None, ending_epoch=None, load_ongoing=None, recon_weight1=None, recon_weight2=None, recon_epochstages=None, recon_ensemblestages=None, lr='0.0005', wd='0.001', cls=None, ironic_rate=None, perturb='random', perturb_fill='ema', perturb_pmax=None, perturb_pmin='0.1', perturb_lsparse=None, rmask='random', pmin=None, pmax=None, lsparse=None, debug_mask_stats=False, pre=False, frozen=False, tdqm_disable=False, start_over=True, no_model_save=False, num_layers=None, grad_accum=None, init_from=None, init_strict=False, perturb_lsparse_sign=None, l_anneal_epochs=None, perturb_steps=None, perturb_lsparse_warmup=None, perturb_lsparse_schedule=None, persist_ell=False, save_masks=False, penalty_swap=False, disable_ce_random=False, disable_kl_learned=False, masking_only=False, modality_dropout=None, modality_dropout_target=None, l_z1_masked=None, l_z2_masked=None, l_pareto=None, reference_type='uniform', ref_diag=True, ref_ema_decay=None, tag='REFABL_mustard_lam2x')
2026-07-25 19:20:31,016 - Config - INFO - run/configs/rebuttal_ref_ablation/mustard_synib.json
2026-07-25 19:20:31,028 - Config - INFO -  THE Configuration of your experiment ..
{'agent': 'Agent',
 'dataset': {'data_roots': './src/synib/mydatasets/Factor_CL_Datasets/prepared/mustard/mustard_data.pkl',
             'data_type': 'sarcasm',
             'dataloader_class': 'FactorCL_MustardFiltered_Dataloader',
             'kfold_data_roots': './src/synib/mydatasets/Factor_CL_Datasets/prepared/mustard/mustard_synergy3.pkl',
             'mustard_video_filter': {'check_aligned_segment': True,
                                      'enabled': True,
                                      'min_aligned_len': 1,
                                      'vision_absmax_threshold': 1000000.0},
             'z_norm': True},
 'early_stopping': {'end_of_epoch_check': True,
                    'log_interval': 10,
                    'max_epoch': 100,
                    'n_steps_stop': 30,
                    'n_steps_stop_after': 0,
                    'save_every_step': 3000,
                    'save_every_valstep': 50,
                    'validate_after': 0,
                    'validate_every': 185},
 'exp_name': 'MUSTARD Experiment',
 'model': {'args': {'bias_infusion': {'method': False},
                    'clip_grad': False,
                    'cls_type': 'mlp',
                    'd_model': 40,
                    'dropout': 0.1,
                    'fc_inner': 64,
                    'multi_loss': {'multi_supervised_w': {'c': 1,
                                                          'combined': 1,
                                                          'g': 1}},
                    'norm_decision': False,
                    'num_classes': 2},
           'ceu': {'test': './artifacts/ceus/mustard/mustard_ceu_test.pkl',
                   'val': './artifacts/ceus/mustard/mustard_ceu_val.pkl'},
           'encoders': [{'args': {'freeze_encoder': False,
                                  'hidden_size': 40,
                                  'modality': 'c',
                                  'n_features': 371,
                                  'num_classes': 2},
                         'model': 'FactorCL_Uni',
                         'pretrainedEncoder': {'dir': 'unimodal_video_fold{}_vldaccuracy_lr0.0005_wd0.00001.pth.tar',
                                               'use': True}},
                        {'args': {'freeze_encoder': False,
                                  'hidden_size': 40,
                                  'modality': 'g',
                                  'n_features': 300,
                                  'num_classes': 2},
                         'model': 'FactorCL_Uni',
                         'pretrainedEncoder': {'dir': 'unimodal_text_fold{}_vldaccuracy_lr0.0005_wd0.0001.pth.tar',
                                               'use': True}},
                        {'args': {'d_model': 40,
                                  'dropout': 0.1,
                                  'fc_inner': 64,
                                  'freeze_encoder': False},
                         'model': 'FusionTrunkLinear',
                         'name': 'enc_2_fusion_trunk',
                         'pretrainedEncoder': {'dir': 'enc_2_fusion_trunk_{}.pth.tar',
                                               'use': False},
                         'save_encoder': False},
                        {'args': {'freeze_encoder': False,
                                  'in_dim': 64,
                                  'num_classes': 2},
                         'model': 'LinearHead',
                         'name': 'enc_3_fusion_head',
                         'pretrainedEncoder': {'dir': 'enc_3_fusion_head_{}.pth.tar',
                                               'use': False},
                         'save_encoder': False}],
           'load_ongoing': False,
           'model_class': 'FusionIBModel_Mask',
           'save_base_dir': './artifacts/models/multibench/mustard/vt',
           'save_dir': 'SynIB_RMask_{}.pth.tar'},
 'optimizer': {'beta1': 0.9,
               'beta2': 0.999,
               'learning_rate': 0.0001,
               'momentum': 0.9,
               'type': 'Adam',
               'weight_decay': 0.0001},
 'scheduler': {'max_lr': 0.03, 'type': 'cosanneal', 'warm_up_steps': 780},
 'task': 'classification',
 'training_params': {'adversarial_training': {'adv_epsilon': 0.01,
                                              'use': False},
                     'async_loading': True,
                     'batch_size': 32,
                     'cuda': True,
                     'data_loader_workers': 8,
                     'gpu_device': [0],
                     'pin_memory': True,
                     'rec_test': True,
                     'res': True,
                     'seed': 109,
                     'tdqm_disable': False,
                     'test_batch_size': 32,
                     'test_on_bottoms': False,
                     'use_test_set': True,
                     'validation': True,
                     'verbose': True,
                     'wandb_disable': True}}
2026-07-25 19:20:31,036 - Config - INFO -  *************************************** 
2026-07-25 19:20:31,036 - Config - INFO - The experiment name is MUSTARD Experiment
2026-07-25 19:20:31,037 - Config - INFO -  *************************************** 
2026-07-25 19:20:31,037 - root - INFO - save_dir: SynIB_RMask_REFABL_mustard_lam2x_fold0_l0.002_perturbrandom_fillema_pmin0.1_refuniform_lr0.0005_wd0.001.pth.tar
2026-07-25 19:20:31,196 - Cuda Statistics - INFO - __Python VERSION:  3.10.19 (main, Oct 21 2025, 16:43:05) [GCC 11.2.0]
2026-07-25 19:20:31,196 - Cuda Statistics - INFO - __pyTorch VERSION:  2.9.1+cu128
2026-07-25 19:20:31,196 - Cuda Statistics - INFO - __CUDA VERSION
2026-07-25 19:20:31,269 - Cuda Statistics - INFO - __CUDNN VERSION:  91002
2026-07-25 19:20:31,327 - Cuda Statistics - INFO - __Number CUDA Devices:  1
2026-07-25 19:20:31,327 - Cuda Statistics - INFO - __Devices
2026-07-25 19:20:31,327 - Cuda Statistics - INFO - index, name, driver_version, memory.total [MiB], memory.used [MiB], memory.free [MiB]
2026-07-25 19:20:31,328 - Cuda Statistics - INFO - 0, NVIDIA GeForce RTX 2080 Ti, 610.43.03, 11264 MiB, 302 MiB, 10529 MiB
2026-07-25 19:20:31,333 - Cuda Statistics - INFO - Active CUDA Device: GPU 0
2026-07-25 19:20:31,333 - Cuda Statistics - INFO - Available devices  1
2026-07-25 19:20:31,333 - Cuda Statistics - INFO - Current cuda device  0
[MustardFilteredDataloader] train: dropped 31/412 samples (vision absmax threshold=1e+06, aligned=True)
[MustardFilteredDataloader] train: first drops -> 3:vision_absmax>1e+06 (2.7e+07), 7:vision_absmax>1e+06 (3.43e+07), 31:vision_absmax>1e+06 (1.29e+07), 45:vision_absmax>1e+06 (9.04e+06), 53:vision_absmax>1e+06 (2.67e+07), 72:vision_absmax>1e+06 (2.67e+07), 85:vision_absmax>1e+06 (3.93e+07), 94:vision_absmax>1e+06 (4.57e+07), 105:vision_absmax>1e+06 (3.62e+07), 122:vision_absmax>1e+06 (3.62e+07), ...
[MustardFilteredDataloader] valid: dropped 3/137 samples (vision absmax threshold=1e+06, aligned=True)
[MustardFilteredDataloader] valid: first drops -> 2:vision_absmax>1e+06 (2.67e+07), 20:vision_absmax>1e+06 (2.67e+07), 105:vision_absmax>1e+06 (4.57e+07)
[MustardFilteredDataloader] test: dropped 4/138 samples (vision absmax threshold=1e+06, aligned=True)
[MustardFilteredDataloader] test: first drops -> 3:vision_absmax>1e+06 (3.43e+07), 8:vision_absmax>1e+06 (2.67e+07), 65:vision_absmax>1e+06 (2.3e+07), 106:vision_absmax>1e+06 (2.67e+07)
2026-07-25 19:20:34,052 - Agent - INFO - Device: cuda:0
2026-07-25 19:20:34,052 - Agent - INFO - Total training batches: 12, validate every 185 batches, steps per epoch: 1
2026-07-25 19:20:34,343 - Agent - INFO - Loss Weights are {'total': 1, 'combined': 1, 'c': 1, 'g': 1}
2026-07-25 19:20:34,343 - root - INFO - There is no CEU for train
2026-07-25 19:20:34,779 - root - INFO - Loading enc best model state dict from ./artifacts/models/multibench/mustard/vt/unimodal_video_fold0_vldaccuracy_lr0.0005_wd0.00001.pth.tar
2026-07-25 19:20:35,085 - root - INFO - Loading enc best model state dict from ./artifacts/models/multibench/mustard/vt/unimodal_text_fold0_vldaccuracy_lr0.0005_wd0.0001.pth.tar
2026-07-25 19:20:35,728 - Agent - INFO - Total number of trainable parameters are: 3517920
2026-07-25 19:20:35,735 - Agent - INFO - Total number of trainable parameters are: 1764436
2026-07-25 19:20:47,392 - Evaluator - INFO - New best with loss-accuracy-syn_accuracy-
2026-07-25 19:20:47,392 - Agent - INFO - [37mVal Epoch 1 step 1 with [31mce_loss_combined : 0.682097 [31mce_loss_c : 0.759635 [31mce_loss_g : 1.009341 [31mkl_synergy_rand_1 : 0.000275 [31mkl_synergy_rand_2 : 0.000330 [31mkl_synergy_1 : 0.000249 [31mkl_synergy_2 : 0.000336 [31mtotal : 0.683287 [31mdiag_kl_1 : 0.151997 [31mdiag_kl_2 : 0.246982 [94mAcc_combined: 62.69 [94mAcc_c: 51.87 [94mAcc_g: 63.06 [92mF1_combined: 62.96 [92mF1_c: 22.75 [92mF1_g: 64.52 [95mCEU_cue_audio: 0.4000 [95mCEU_cue_video: 0.5907 [95mCEU_synergy: 0.3702 [95mCEU_coexistence: 0.7858 [97mS:[93m37.0%[97m([91m7.5c[97m-[94mF1:33.8%) [97mU1:[93m40.0%[97m([91m4.5c[97m) [97mU2:[93m59.1%[97m([91m9.7c[97m) [97mR:[93m78.6%[97m([91m41.0c[97m) [97mS-L: [92m0:[96m38% [92m1:[96m33%[39m [39m
2026-07-25 19:20:47,413 - Agent - INFO - [37mTest Epoch 1 step 1 with [31mce_loss_combined : 0.724780 [31mce_loss_c : 0.671869 [31mce_loss_g : 1.174659 [31mkl_synergy_rand_1 : 0.000275 [31mkl_synergy_rand_2 : 0.000321 [31mkl_synergy_1 : 0.000252 [31mkl_synergy_2 : 0.000296 [31mtotal : 0.725924 [31mdiag_kl_1 : 0.130612 [31mdiag_kl_2 : 0.219470 [94mAcc_combined: 56.72 [94mAcc_c: 55.60 [94mAcc_g: 57.46 [92mF1_combined: 57.66 [92mF1_c: 26.99 [92mF1_g: 61.74 [95mCEU_cue_audio: 0.6431 [95mCEU_cue_video: 0.7826 [95mCEU_synergy: 0.4359 [95mCEU_coexistence: 0.5862 [97mS:[93m43.6%[97m([91m12.7c[97m-[94mF1:36.5%) [97mU1:[93m64.3%[97m([91m6.7c[97m) [97mU2:[93m78.3%[97m([91m13.4c[97m) [97mR:[93m58.6%[97m([91m25.4c[97m) [97mS-L: [92m0:[96m43% [92m1:[96m50%[39m [39m
2026-07-25 19:20:47,753 - Agent - INFO - [37mModel saved successfully at: ./artifacts/models/multibench/mustard/vt/SynIB_RMask_REFABL_mustard_lam2x_fold0_l0.002_perturbrandom_fillema_pmin0.1_refuniform_lr0.0005_wd0.001.pth.tar[39m
2026-07-25 19:20:50,770 - Evaluator - INFO - New best with accuracy-
2026-07-25 19:20:50,770 - Agent - INFO - [37mVal Epoch 2 step 2 with [31mce_loss_combined : 0.869486 [31mce_loss_c : 0.766880 [31mce_loss_g : 1.006784 [31mkl_synergy_rand_1 : 0.000992 [31mkl_synergy_rand_2 : 0.001144 [31mkl_synergy_1 : 0.000906 [31mkl_synergy_2 : 0.001107 [31mtotal : 0.873636 [31mdiag_kl_1 : 0.493229 [31mdiag_kl_2 : 0.260211 [94mAcc_combined: 63.43 [94mAcc_c: 50.37 [94mAcc_g: 63.81 [92mF1_combined: 63.43 [92mF1_c: 9.52 [92mF1_g: 64.21 [95mCEU_cue_audio: 0.4000 [95mCEU_cue_video: 0.6364 [95mCEU_synergy: 0.2963 [95mCEU_coexistence: 0.8143 [97mS:[93m29.6%[97m([91m6.0c[97m-[94mF1:28.1%) [97mU1:[93m40.0%[97m([91m4.5c[97m) [97mU2:[93m63.6%[97m([91m10.4c[97m) [97mR:[93m81.4%[97m([91m42.5c[97m) [97mS-L: [92m0:[96m29% [92m1:[96m33%[39m [39m
2026-07-25 19:20:50,789 - Agent - INFO - [37mTest Epoch 2 step 2 with [31mce_loss_combined : 1.024112 [31mce_loss_c : 0.674232 [31mce_loss_g : 1.234760 [31mkl_synergy_rand_1 : 0.000931 [31mkl_synergy_rand_2 : 0.001105 [31mkl_synergy_1 : 0.000892 [31mkl_synergy_2 : 0.001102 [31mtotal : 1.028142 [31mdiag_kl_1 : 0.456749 [31mdiag_kl_2 : 0.177019 [94mAcc_combined: 61.19 [94mAcc_c: 54.48 [94mAcc_g: 59.33 [92mF1_combined: 61.48 [92mF1_c: 18.67 [92mF1_g: 60.65 [95mCEU_cue_audio: 0.6431 [95mCEU_cue_video: 0.8695 [95mCEU_synergy: 0.4359 [95mCEU_coexistence: 0.6379 [97mS:[93m43.6%[97m([91m12.7c[97m-[94mF1:36.5%) [97mU1:[93m64.3%[97m([91m6.7c[97m) [97mU2:[93m87.0%[97m([91m14.9c[97m) [97mR:[93m63.8%[97m([91m27.6c[97m) [97mS-L: [92m0:[96m43% [92m1:[96m50%[39m [39m
2026-07-25 19:20:51,343 - Agent - INFO - [37mModel saved successfully at: ./artifacts/models/multibench/mustard/vt/SynIB_RMask_REFABL_mustard_lam2x_fold0_l0.002_perturbrandom_fillema_pmin0.1_refuniform_lr0.0005_wd0.001.pth.tar[39m
2026-07-25 19:20:54,413 - Evaluator - INFO - New best with accuracy-
2026-07-25 19:20:54,413 - Agent - INFO - [37mVal Epoch 3 step 3 with [31mce_loss_combined : 1.011593 [31mce_loss_c : 0.782061 [31mce_loss_g : 1.146836 [31mkl_synergy_rand_1 : 0.001343 [31mkl_synergy_rand_2 : 0.001509 [31mkl_synergy_1 : 0.001311 [31mkl_synergy_2 : 0.001447 [31mtotal : 1.017202 [31mdiag_kl_1 : 0.622120 [31mdiag_kl_2 : 0.216494 [94mAcc_combined: 64.93 [94mAcc_c: 51.49 [94mAcc_g: 66.04 [92mF1_combined: 65.19 [92mF1_c: 21.69 [92mF1_g: 67.15 [95mCEU_cue_audio: 0.5335 [95mCEU_cue_video: 0.6364 [95mCEU_synergy: 0.3702 [95mCEU_coexistence: 0.8000 [97mS:[93m37.0%[97m([91m7.5c[97m-[94mF1:31.0%) [97mU1:[93m53.3%[97m([91m6.0c[97m) [97mU2:[93m63.6%[97m([91m10.4c[97m) [97mR:[93m80.0%[97m([91m41.8c[97m) [97mS-L: [92m0:[96m43% [92m1:[96m17%[39m [39m
2026-07-25 19:20:54,433 - Agent - INFO - [37mTest Epoch 3 step 3 with [31mce_loss_combined : 1.259251 [31mce_loss_c : 0.754229 [31mce_loss_g : 1.454188 [31mkl_synergy_rand_1 : 0.001345 [31mkl_synergy_rand_2 : 0.001524 [31mkl_synergy_1 : 0.001274 [31mkl_synergy_2 : 0.001509 [31mtotal : 1.264904 [31mdiag_kl_1 : 0.624410 [31mdiag_kl_2 : 0.204483 [94mAcc_combined: 56.34 [94mAcc_c: 53.36 [94mAcc_g: 56.34 [92mF1_combined: 56.51 [92mF1_c: 22.36 [92mF1_g: 57.14 [95mCEU_cue_audio: 0.5000 [95mCEU_cue_video: 0.7826 [95mCEU_synergy: 0.4103 [95mCEU_coexistence: 0.6035 [97mS:[93m41.0%[97m([91m11.9c[97m-[94mF1:32.3%) [97mU1:[93m50.0%[97m([91m5.2c[97m) [97mU2:[93m78.3%[97m([91m13.4c[97m) [97mR:[93m60.3%[97m([91m26.1c[97m) [97mS-L: [92m0:[96m43% [92m1:[96m25%[39m [39m
2026-07-25 19:20:54,981 - Agent - INFO - [37mModel saved successfully at: ./artifacts/models/multibench/mustard/vt/SynIB_RMask_REFABL_mustard_lam2x_fold0_l0.002_perturbrandom_fillema_pmin0.1_refuniform_lr0.0005_wd0.001.pth.tar[39m
2026-07-25 19:20:57,983 - Evaluator - INFO - New best with accuracy-
2026-07-25 19:20:57,983 - Agent - INFO - [37mVal Epoch 4 step 4 with [31mce_loss_combined : 1.013139 [31mce_loss_c : 0.906081 [31mce_loss_g : 1.092815 [31mkl_synergy_rand_1 : 0.001570 [31mkl_synergy_rand_2 : 0.001774 [31mkl_synergy_1 : 0.001609 [31mkl_synergy_2 : 0.001706 [31mtotal : 1.019798 [31mdiag_kl_1 : 0.751583 [31mdiag_kl_2 : 0.369485 [94mAcc_combined: 65.67 [94mAcc_c: 47.76 [94mAcc_g: 65.30 [92mF1_combined: 65.67 [92mF1_c: 27.08 [92mF1_g: 66.43 [95mCEU_cue_audio: 0.4665 [95mCEU_cue_video: 0.6819 [95mCEU_synergy: 0.2963 [95mCEU_coexistence: 0.8285 [97mS:[93m29.6%[97m([91m6.0c[97m-[94mF1:28.1%) [97mU1:[93m46.7%[97m([91m5.2c[97m) [97mU2:[93m68.2%[97m([91m11.2c[97m) [97mR:[93m82.9%[97m([91m43.3c[97m) [97mS-L: [92m0:[96m29% [92m1:[96m33%[39m [39m
2026-07-25 19:20:58,002 - Agent - INFO - [37mTest Epoch 4 step 4 with [31mce_loss_combined : 1.331557 [31mce_loss_c : 0.776271 [31mce_loss_g : 1.487258 [31mkl_synergy_rand_1 : 0.001557 [31mkl_synergy_rand_2 : 0.001717 [31mkl_synergy_1 : 0.001455 [31mkl_synergy_2 : 0.001746 [31mtotal : 1.338032 [31mdiag_kl_1 : 0.723491 [31mdiag_kl_2 : 0.276715 [94mAcc_combined: 56.34 [94mAcc_c: 54.10 [94mAcc_g: 57.46 [92mF1_combined: 56.51 [92mF1_c: 36.27 [92mF1_g: 60.14 [95mCEU_cue_audio: 0.5713 [95mCEU_cue_video: 0.7826 [95mCEU_synergy: 0.2820 [95mCEU_coexistence: 0.6551 [97mS:[93m28.2%[97m([91m8.2c[97m-[94mF1:24.2%) [97mU1:[93m57.1%[97m([91m6.0c[97m) [97mU2:[93m78.3%[97m([91m13.4c[97m) [97mR:[93m65.5%[97m([91m28.4c[97m) [97mS-L: [92m0:[96m29% [92m1:[96m25%[39m [39m
2026-07-25 19:20:58,556 - Agent - INFO - [37mModel saved successfully at: ./artifacts/models/multibench/mustard/vt/SynIB_RMask_REFABL_mustard_lam2x_fold0_l0.002_perturbrandom_fillema_pmin0.1_refuniform_lr0.0005_wd0.001.pth.tar[39m
2026-07-25 19:21:01,567 - Agent - INFO - [37mVal Epoch 5 step 5 with [31mce_loss_combined : 1.178470 [31mce_loss_c : 0.674561 [31mce_loss_g : 1.233025 [31mkl_synergy_rand_1 : 0.001646 [31mkl_synergy_rand_2 : 0.001891 [31mkl_synergy_1 : 0.001679 [31mkl_synergy_2 : 0.001877 [31mtotal : 1.185563 [31mdiag_kl_1 : 0.805666 [31mdiag_kl_2 : 0.321585 [94mAcc_combined: 61.19 [94mAcc_c: 51.12 [94mAcc_g: 62.31 [92mF1_combined: 61.19 [92mF1_c: 10.88 [92mF1_g: 63.80 [95mCEU_cue_audio: 0.4665 [95mCEU_cue_video: 0.5907 [95mCEU_synergy: 0.3335 [95mCEU_coexistence: 0.7571 [97mS:[93m33.3%[97m([91m6.7c[97m-[94mF1:31.0%) [97mU1:[93m46.7%[97m([91m5.2c[97m) [97mU2:[93m59.1%[97m([91m9.7c[97m) [97mR:[93m75.7%[97m([91m39.6c[97m) [97mS-L: [92m0:[96m33% [92m1:[96m33%[39m [39m
2026-07-25 19:21:04,590 - Agent - INFO - [37mVal Epoch 6 step 6 with [31mce_loss_combined : 1.103152 [31mce_loss_c : 0.818512 [31mce_loss_g : 1.126680 [31mkl_synergy_rand_1 : 0.001741 [31mkl_synergy_rand_2 : 0.001911 [31mkl_synergy_1 : 0.001717 [31mkl_synergy_2 : 0.001923 [31mtotal : 1.110444 [31mdiag_kl_1 : 0.813311 [31mdiag_kl_2 : 0.293894 [94mAcc_combined: 63.06 [94mAcc_c: 48.13 [94mAcc_g: 63.81 [92mF1_combined: 63.47 [92mF1_c: 24.86 [92mF1_g: 65.72 [95mCEU_cue_audio: 0.4665 [95mCEU_cue_video: 0.6819 [95mCEU_synergy: 0.2963 [95mCEU_coexistence: 0.7858 [97mS:[93m29.6%[97m([91m6.0c[97m-[94mF1:28.1%) [97mU1:[93m46.7%[97m([91m5.2c[97m) [97mU2:[93m68.2%[97m([91m11.2c[97m) [97mR:[93m78.6%[97m([91m41.0c[97m) [97mS-L: [92m0:[96m29% [92m1:[96m33%[39m [39m
2026-07-25 19:21:07,608 - Agent - INFO - [37mVal Epoch 7 step 7 with [31mce_loss_combined : 1.225429 [31mce_loss_c : 0.755856 [31mce_loss_g : 1.231871 [31mkl_synergy_rand_1 : 0.001871 [31mkl_synergy_rand_2 : 0.002113 [31mkl_synergy_1 : 0.001896 [31mkl_synergy_2 : 0.002140 [31mtotal : 1.233448 [31mdiag_kl_1 : 0.883138 [31mdiag_kl_2 : 0.221185 [94mAcc_combined: 64.93 [94mAcc_c: 49.25 [94mAcc_g: 66.42 [92mF1_combined: 64.93 [92mF1_c: 12.82 [92mF1_g: 67.15 [95mCEU_cue_audio: 0.4665 [95mCEU_cue_video: 0.6819 [95mCEU_synergy: 0.3335 [95mCEU_coexistence: 0.8000 [97mS:[93m33.3%[97m([91m6.7c[97m-[94mF1:31.0%) [97mU1:[93m46.7%[97m([91m5.2c[97m) [97mU2:[93m68.2%[97m([91m11.2c[97m) [97mR:[93m80.0%[97m([91m41.8c[97m) [97mS-L: [92m0:[96m33% [92m1:[96m33%[39m [39m
2026-07-25 19:21:10,633 - Agent - INFO - [37mVal Epoch 8 step 8 with [31mce_loss_combined : 1.242072 [31mce_loss_c : 0.745390 [31mce_loss_g : 1.206101 [31mkl_synergy_rand_1 : 0.001757 [31mkl_synergy_rand_2 : 0.001894 [31mkl_synergy_1 : 0.001671 [31mkl_synergy_2 : 0.001912 [31mtotal : 1.249307 [31mdiag_kl_1 : 0.852276 [31mdiag_kl_2 : 0.417646 [94mAcc_combined: 63.43 [94mAcc_c: 51.12 [94mAcc_g: 61.19 [92mF1_combined: 63.43 [92mF1_c: 15.48 [92mF1_g: 62.32 [95mCEU_cue_audio: 0.3333 [95mCEU_cue_video: 0.6819 [95mCEU_synergy: 0.2591 [95mCEU_coexistence: 0.8285 [97mS:[93m25.9%[97m([91m5.2c[97m-[94mF1:25.8%) [97mU1:[93m33.3%[97m([91m3.7c[97m) [97mU2:[93m68.2%[97m([91m11.2c[97m) [97mR:[93m82.9%[97m([91m43.3c[97m) [97mS-L: [92m0:[96m19% [92m1:[96m50%[39m [39m
2026-07-25 19:21:13,641 - Evaluator - INFO - New best with syn_accuracy-
2026-07-25 19:21:13,642 - Agent - INFO - [37mVal Epoch 9 step 9 with [31mce_loss_combined : 1.260760 [31mce_loss_c : 0.739910 [31mce_loss_g : 1.344972 [31mkl_synergy_rand_1 : 0.001558 [31mkl_synergy_rand_2 : 0.001798 [31mkl_synergy_1 : 0.001618 [31mkl_synergy_2 : 0.001858 [31mtotal : 1.267592 [31mdiag_kl_1 : 0.692337 [31mdiag_kl_2 : 0.360806 [94mAcc_combined: 58.21 [94mAcc_c: 51.87 [94mAcc_g: 59.70 [92mF1_combined: 58.52 [92mF1_c: 23.67 [92mF1_g: 61.15 [95mCEU_cue_audio: 0.5335 [95mCEU_cue_video: 0.5907 [95mCEU_synergy: 0.5186 [95mCEU_coexistence: 0.5999 [97mS:[93m51.9%[97m([91m10.4c[97m-[94mF1:44.2%) [97mU1:[93m53.3%[97m([91m6.0c[97m) [97mU2:[93m59.1%[97m([91m9.7c[97m) [97mR:[93m60.0%[97m([91m31.3c[97m) [97mS-L: [92m0:[96m57% [92m1:[96m33%[39m [39m
2026-07-25 19:21:13,662 - Agent - INFO - [37mTest Epoch 9 step 9 with [31mce_loss_combined : 1.396981 [31mce_loss_c : 0.689793 [31mce_loss_g : 1.478418 [31mkl_synergy_rand_1 : 0.001653 [31mkl_synergy_rand_2 : 0.001863 [31mkl_synergy_1 : 0.001641 [31mkl_synergy_2 : 0.001869 [31mtotal : 1.404007 [31mdiag_kl_1 : 0.696724 [31mdiag_kl_2 : 0.473986 [94mAcc_combined: 56.72 [94mAcc_c: 55.22 [94mAcc_g: 55.97 [92mF1_combined: 56.72 [92mF1_c: 26.83 [92mF1_g: 56.62 [95mCEU_cue_audio: 0.5000 [95mCEU_cue_video: 0.6958 [95mCEU_synergy: 0.5129 [95mCEU_coexistence: 0.5690 [97mS:[93m51.3%[97m([91m14.9c[97m-[94mF1:41.4%) [97mU1:[93m50.0%[97m([91m5.2c[97m) [97mU2:[93m69.6%[97m([91m11.9c[97m) [97mR:[93m56.9%[97m([91m24.6c[97m) [97mS-L: [92m0:[96m51% [92m1:[96m50%[39m [39m
2026-07-25 19:21:14,344 - Agent - INFO - [37mModel saved successfully at: ./artifacts/models/multibench/mustard/vt/SynIB_RMask_REFABL_mustard_lam2x_fold0_l0.002_perturbrandom_fillema_pmin0.1_refuniform_lr0.0005_wd0.001.pth.tar[39m
2026-07-25 19:21:17,442 - Agent - INFO - [37mVal Epoch 10 step 10 with [31mce_loss_combined : 1.100476 [31mce_loss_c : 0.709700 [31mce_loss_g : 1.268777 [31mkl_synergy_rand_1 : 0.001394 [31mkl_synergy_rand_2 : 0.001573 [31mkl_synergy_1 : 0.001470 [31mkl_synergy_2 : 0.001618 [31mtotal : 1.106531 [31mdiag_kl_1 : 0.637409 [31mdiag_kl_2 : 0.165687 [94mAcc_combined: 63.06 [94mAcc_c: 51.87 [94mAcc_g: 58.58 [92mF1_combined: 63.74 [92mF1_c: 18.87 [92mF1_g: 62.88 [95mCEU_cue_audio: 0.6000 [95mCEU_cue_video: 0.6819 [95mCEU_synergy: 0.4814 [95mCEU_coexistence: 0.7142 [97mS:[93m48.1%[97m([91m9.7c[97m-[94mF1:41.7%) [97mU1:[93m60.0%[97m([91m6.7c[97m) [97mU2:[93m68.2%[97m([91m11.2c[97m) [97mR:[93m71.4%[97m([91m37.3c[97m) [97mS-L: [92m0:[96m52% [92m1:[96m33%[39m [39m
2026-07-25 19:21:20,472 - Agent - INFO - [37mVal Epoch 11 step 11 with [31mce_loss_combined : 1.167244 [31mce_loss_c : 0.778648 [31mce_loss_g : 1.261815 [31mkl_synergy_rand_1 : 0.001774 [31mkl_synergy_rand_2 : 0.001957 [31mkl_synergy_1 : 0.001788 [31mkl_synergy_2 : 0.001945 [31mtotal : 1.174709 [31mdiag_kl_1 : 0.851196 [31mdiag_kl_2 : 0.277226 [94mAcc_combined: 62.69 [94mAcc_c: 49.63 [94mAcc_g: 61.57 [92mF1_combined: 63.24 [92mF1_c: 22.86 [92mF1_g: 64.36 [95mCEU_cue_audio: 0.4665 [95mCEU_cue_video: 0.5457 [95mCEU_synergy: 0.3335 [95mCEU_coexistence: 0.8000 [97mS:[93m33.3%[97m([91m6.7c[97m-[94mF1:32.5%) [97mU1:[93m46.7%[97m([91m5.2c[97m) [97mU2:[93m54.5%[97m([91m9.0c[97m) [97mR:[93m80.0%[97m([91m41.8c[97m) [97mS-L: [92m0:[96m29% [92m1:[96m50%[39m [39m
2026-07-25 19:21:23,509 - Agent - INFO - [37mVal Epoch 12 step 12 with [31mce_loss_combined : 1.395472 [31mce_loss_c : 0.703602 [31mce_loss_g : 1.460761 [31mkl_synergy_rand_1 : 0.002064 [31mkl_synergy_rand_2 : 0.002314 [31mkl_synergy_1 : 0.002127 [31mkl_synergy_2 : 0.002251 [31mtotal : 1.404229 [31mdiag_kl_1 : 1.003632 [31mdiag_kl_2 : 0.279765 [94mAcc_combined: 60.82 [94mAcc_c: 52.24 [94mAcc_g: 60.07 [92mF1_combined: 60.97 [92mF1_c: 16.88 [92mF1_g: 60.52 [95mCEU_cue_audio: 0.5335 [95mCEU_cue_video: 0.6364 [95mCEU_synergy: 0.3335 [95mCEU_coexistence: 0.7286 [97mS:[93m33.3%[97m([91m6.7c[97m-[94mF1:31.0%) [97mU1:[93m53.3%[97m([91m6.0c[97m) [97mU2:[93m63.6%[97m([91m10.4c[97m) [97mR:[93m72.9%[97m([91m38.1c[97m) [97mS-L: [92m0:[96m33% [92m1:[96m33%[39m [39m
2026-07-25 19:21:26,555 - Agent - INFO - [37mVal Epoch 13 step 13 with [31mce_loss_combined : 1.412796 [31mce_loss_c : 0.744664 [31mce_loss_g : 1.480729 [31mkl_synergy_rand_1 : 0.002146 [31mkl_synergy_rand_2 : 0.002328 [31mkl_synergy_1 : 0.002129 [31mkl_synergy_2 : 0.002319 [31mtotal : 1.421718 [31mdiag_kl_1 : 1.070788 [31mdiag_kl_2 : 0.296134 [94mAcc_combined: 60.45 [94mAcc_c: 50.75 [94mAcc_g: 60.45 [92mF1_combined: 60.74 [92mF1_c: 16.46 [92mF1_g: 61.03 [95mCEU_cue_audio: 0.4665 [95mCEU_cue_video: 0.5457 [95mCEU_synergy: 0.3335 [95mCEU_coexistence: 0.7571 [97mS:[93m33.3%[97m([91m6.7c[97m-[94mF1:31.0%) [97mU1:[93m46.7%[97m([91m5.2c[97m) [97mU2:[93m54.5%[97m([91m9.0c[97m) [97mR:[93m75.7%[97m([91m39.6c[97m) [97mS-L: [92m0:[96m33% [92m1:[96m33%[39m [39m
2026-07-25 19:21:29,570 - Agent - INFO - [37mVal Epoch 14 step 14 with [31mce_loss_combined : 1.210039 [31mce_loss_c : 0.769560 [31mce_loss_g : 1.226835 [31mkl_synergy_rand_1 : 0.001636 [31mkl_synergy_rand_2 : 0.001831 [31mkl_synergy_1 : 0.001620 [31mkl_synergy_2 : 0.001874 [31mtotal : 1.217001 [31mdiag_kl_1 : 0.760888 [31mdiag_kl_2 : 0.297986 [94mAcc_combined: 60.82 [94mAcc_c: 48.88 [94mAcc_g: 60.45 [92mF1_combined: 60.97 [92mF1_c: 14.91 [92mF1_g: 62.68 [95mCEU_cue_audio: 0.5335 [95mCEU_cue_video: 0.5907 [95mCEU_synergy: 0.4074 [95mCEU_coexistence: 0.7142 [97mS:[93m40.7%[97m([91m8.2c[97m-[94mF1:36.5%) [97mU1:[93m53.3%[97m([91m6.0c[97m) [97mU2:[93m59.1%[97m([91m9.7c[97m) [97mR:[93m71.4%[97m([91m37.3c[97m) [97mS-L: [92m0:[96m43% [92m1:[96m33%[39m [39m
2026-07-25 19:21:32,607 - Agent - INFO - [37mVal Epoch 15 step 15 with [31mce_loss_combined : 1.375495 [31mce_loss_c : 0.798892 [31mce_loss_g : 1.419578 [31mkl_synergy_rand_1 : 0.001995 [31mkl_synergy_rand_2 : 0.002166 [31mkl_synergy_1 : 0.001877 [31mkl_synergy_2 : 0.002130 [31mtotal : 1.383664 [31mdiag_kl_1 : 0.946567 [31mdiag_kl_2 : 0.317400 [94mAcc_combined: 58.58 [94mAcc_c: 55.22 [94mAcc_g: 58.21 [92mF1_combined: 59.04 [92mF1_c: 48.28 [92mF1_g: 59.42 [95mCEU_cue_audio: 0.6000 [95mCEU_cue_video: 0.5000 [95mCEU_synergy: 0.2963 [95mCEU_coexistence: 0.7429 [97mS:[93m29.6%[97m([91m6.0c[97m-[94mF1:26.0%) [97mU1:[93m60.0%[97m([91m6.7c[97m) [97mU2:[93m50.0%[97m([91m8.2c[97m) [97mR:[93m74.3%[97m([91m38.8c[97m) [97mS-L: [92m0:[96m33% [92m1:[96m17%[39m [39m
2026-07-25 19:21:35,612 - Agent - INFO - [37mVal Epoch 16 step 16 with [31mce_loss_combined : 1.450352 [31mce_loss_c : 0.866000 [31mce_loss_g : 1.487546 [31mkl_synergy_rand_1 : 0.002179 [31mkl_synergy_rand_2 : 0.002386 [31mkl_synergy_1 : 0.002209 [31mkl_synergy_2 : 0.002399 [31mtotal : 1.459525 [31mdiag_kl_1 : 1.141632 [31mdiag_kl_2 : 0.395673 [94mAcc_combined: 59.33 [94mAcc_c: 47.01 [94mAcc_g: 59.70 [92mF1_combined: 59.48 [92mF1_c: 11.25 [92mF1_g: 60.00 [95mCEU_cue_audio: 0.4000 [95mCEU_cue_video: 0.5000 [95mCEU_synergy: 0.2591 [95mCEU_coexistence: 0.8000 [97mS:[93m25.9%[97m([91m5.2c[97m-[94mF1:25.0%) [97mU1:[93m40.0%[97m([91m4.5c[97m) [97mU2:[93m50.0%[97m([91m8.2c[97m) [97mR:[93m80.0%[97m([91m41.8c[97m) [97mS-L: [92m0:[96m24% [92m1:[96m33%[39m [39m
2026-07-25 19:21:38,628 - Agent - INFO - [37mVal Epoch 17 step 17 with [31mce_loss_combined : 1.396665 [31mce_loss_c : 0.809406 [31mce_loss_g : 1.409333 [31mkl_synergy_rand_1 : 0.002248 [31mkl_synergy_rand_2 : 0.002434 [31mkl_synergy_1 : 0.002209 [31mkl_synergy_2 : 0.002414 [31mtotal : 1.405969 [31mdiag_kl_1 : 1.125507 [31mdiag_kl_2 : 0.283726 [94mAcc_combined: 61.57 [94mAcc_c: 48.51 [94mAcc_g: 61.19 [92mF1_combined: 61.71 [92mF1_c: 10.39 [92mF1_g: 62.04 [95mCEU_cue_audio: 0.4000 [95mCEU_cue_video: 0.5907 [95mCEU_synergy: 0.4074 [95mCEU_coexistence: 0.7571 [97mS:[93m40.7%[97m([91m8.2c[97m-[94mF1:36.5%) [97mU1:[93m40.0%[97m([91m4.5c[97m) [97mU2:[93m59.1%[97m([91m9.7c[97m) [97mR:[93m75.7%[97m([91m39.6c[97m) [97mS-L: [92m0:[96m43% [92m1:[96m33%[39m [39m
2026-07-25 19:21:41,654 - Agent - INFO - [37mVal Epoch 18 step 18 with [31mce_loss_combined : 1.392373 [31mce_loss_c : 0.844796 [31mce_loss_g : 1.441993 [31mkl_synergy_rand_1 : 0.002255 [31mkl_synergy_rand_2 : 0.002499 [31mkl_synergy_1 : 0.002283 [31mkl_synergy_2 : 0.002516 [31mtotal : 1.401925 [31mdiag_kl_1 : 1.119953 [31mdiag_kl_2 : 0.299656 [94mAcc_combined: 62.69 [94mAcc_c: 48.88 [94mAcc_g: 63.43 [92mF1_combined: 62.69 [92mF1_c: 15.95 [92mF1_g: 63.70 [95mCEU_cue_audio: 0.4665 [95mCEU_cue_video: 0.5907 [95mCEU_synergy: 0.4074 [95mCEU_coexistence: 0.7571 [97mS:[93m40.7%[97m([91m8.2c[97m-[94mF1:36.5%) [97mU1:[93m46.7%[97m([91m5.2c[97m) [97mU2:[93m59.1%[97m([91m9.7c[97m) [97mR:[93m75.7%[97m([91m39.6c[97m) [97mS-L: [92m0:[96m43% [92m1:[96m33%[39m [39m
2026-07-25 19:21:44,712 - Agent - INFO - [37mVal Epoch 19 step 19 with [31mce_loss_combined : 1.368749 [31mce_loss_c : 0.869715 [31mce_loss_g : 1.450946 [31mkl_synergy_rand_1 : 0.002216 [31mkl_synergy_rand_2 : 0.002448 [31mkl_synergy_1 : 0.002250 [31mkl_synergy_2 : 0.002548 [31mtotal : 1.378211 [31mdiag_kl_1 : 1.102607 [31mdiag_kl_2 : 0.302350 [94mAcc_combined: 62.69 [94mAcc_c: 55.60 [94mAcc_g: 63.81 [92mF1_combined: 62.69 [92mF1_c: 53.33 [92mF1_g: 64.21 [95mCEU_cue_audio: 0.5335 [95mCEU_cue_video: 0.5907 [95mCEU_synergy: 0.4074 [95mCEU_coexistence: 0.7429 [97mS:[93m40.7%[97m([91m8.2c[97m-[94mF1:36.5%) [97mU1:[93m53.3%[97m([91m6.0c[97m) [97mU2:[93m59.1%[97m([91m9.7c[97m) [97mR:[93m74.3%[97m([91m38.8c[97m) [97mS-L: [92m0:[96m43% [92m1:[96m33%[39m [39m
2026-07-25 19:21:47,729 - Agent - INFO - [37mVal Epoch 20 step 20 with [31mce_loss_combined : 1.516000 [31mce_loss_c : 0.808281 [31mce_loss_g : 1.621284 [31mkl_synergy_rand_1 : 0.002257 [31mkl_synergy_rand_2 : 0.002601 [31mkl_synergy_1 : 0.002371 [31mkl_synergy_2 : 0.002551 [31mtotal : 1.525780 [31mdiag_kl_1 : 1.186315 [31mdiag_kl_2 : 0.459548 [94mAcc_combined: 63.06 [94mAcc_c: 51.12 [94mAcc_g: 61.57 [92mF1_combined: 63.20 [92mF1_c: 17.61 [92mF1_g: 62.27 [95mCEU_cue_audio: 0.3333 [95mCEU_cue_video: 0.6364 [95mCEU_synergy: 0.4074 [95mCEU_coexistence: 0.7858 [97mS:[93m40.7%[97m([91m8.2c[97m-[94mF1:36.5%) [97mU1:[93m33.3%[97m([91m3.7c[97m) [97mU2:[93m63.6%[97m([91m10.4c[97m) [97mR:[93m78.6%[97m([91m41.0c[97m) [97mS-L: [92m0:[96m43% [92m1:[96m33%[39m [39m
2026-07-25 19:21:50,773 - Agent - INFO - [37mVal Epoch 21 step 21 with [31mce_loss_combined : 1.472677 [31mce_loss_c : 0.877583 [31mce_loss_g : 1.576497 [31mkl_synergy_rand_1 : 0.002154 [31mkl_synergy_rand_2 : 0.002439 [31mkl_synergy_1 : 0.002233 [31mkl_synergy_2 : 0.002508 [31mtotal : 1.482011 [31mdiag_kl_1 : 1.031193 [31mdiag_kl_2 : 0.506650 [94mAcc_combined: 62.31 [94mAcc_c: 50.00 [94mAcc_g: 62.69 [92mF1_combined: 62.73 [92mF1_c: 21.18 [92mF1_g: 63.24 [95mCEU_cue_audio: 0.4665 [95mCEU_cue_video: 0.5907 [95mCEU_synergy: 0.4447 [95mCEU_coexistence: 0.7429 [97mS:[93m44.4%[97m([91m9.0c[97m-[94mF1:39.1%) [97mU1:[93m46.7%[97m([91m5.2c[97m) [97mU2:[93m59.1%[97m([91m9.7c[97m) [97mR:[93m74.3%[97m([91m38.8c[97m) [97mS-L: [92m0:[96m48% [92m1:[96m33%[39m [39m
2026-07-25 19:21:53,817 - Agent - INFO - [37mVal Epoch 22 step 22 with [31mce_loss_combined : 1.311648 [31mce_loss_c : 0.935044 [31mce_loss_g : 1.306484 [31mkl_synergy_rand_1 : 0.001986 [31mkl_synergy_rand_2 : 0.002181 [31mkl_synergy_1 : 0.001934 [31mkl_synergy_2 : 0.002211 [31mtotal : 1.319960 [31mdiag_kl_1 : 0.987327 [31mdiag_kl_2 : 0.239734 [94mAcc_combined: 59.33 [94mAcc_c: 47.76 [94mAcc_g: 62.31 [92mF1_combined: 59.48 [92mF1_c: 19.54 [92mF1_g: 64.56 [95mCEU_cue_audio: 0.4000 [95mCEU_cue_video: 0.5457 [95mCEU_synergy: 0.3702 [95mCEU_coexistence: 0.7286 [97mS:[93m37.0%[97m([91m7.5c[97m-[94mF1:33.8%) [97mU1:[93m40.0%[97m([91m4.5c[97m) [97mU2:[93m54.5%[97m([91m9.0c[97m) [97mR:[93m72.9%[97m([91m38.1c[97m) [97mS-L: [92m0:[96m38% [92m1:[96m33%[39m [39m
2026-07-25 19:21:56,819 - Agent - INFO - [37mVal Epoch 23 step 23 with [31mce_loss_combined : 1.289946 [31mce_loss_c : 0.952113 [31mce_loss_g : 1.314362 [31mkl_synergy_rand_1 : 0.001815 [31mkl_synergy_rand_2 : 0.002006 [31mkl_synergy_1 : 0.001772 [31mkl_synergy_2 : 0.002014 [31mtotal : 1.297554 [31mdiag_kl_1 : 0.840511 [31mdiag_kl_2 : 0.212472 [94mAcc_combined: 61.94 [94mAcc_c: 47.76 [94mAcc_g: 61.57 [92mF1_combined: 62.50 [92mF1_c: 22.22 [92mF1_g: 63.35 [95mCEU_cue_audio: 0.4665 [95mCEU_cue_video: 0.6364 [95mCEU_synergy: 0.3702 [95mCEU_coexistence: 0.7286 [97mS:[93m37.0%[97m([91m7.5c[97m-[94mF1:31.0%) [97mU1:[93m46.7%[97m([91m5.2c[97m) [97mU2:[93m63.6%[97m([91m10.4c[97m) [97mR:[93m72.9%[97m([91m38.1c[97m) [97mS-L: [92m0:[96m43% [92m1:[96m17%[39m [39m
2026-07-25 19:21:59,829 - Agent - INFO - [37mVal Epoch 24 step 24 with [31mce_loss_combined : 1.350919 [31mce_loss_c : 0.879950 [31mce_loss_g : 1.406145 [31mkl_synergy_rand_1 : 0.002059 [31mkl_synergy_rand_2 : 0.002395 [31mkl_synergy_1 : 0.002247 [31mkl_synergy_2 : 0.002452 [31mtotal : 1.360072 [31mdiag_kl_1 : 0.980379 [31mdiag_kl_2 : 0.189975 [94mAcc_combined: 62.31 [94mAcc_c: 54.48 [94mAcc_g: 63.81 [92mF1_combined: 62.73 [92mF1_c: 50.81 [92mF1_g: 65.23 [95mCEU_cue_audio: 0.4000 [95mCEU_cue_video: 0.6364 [95mCEU_synergy: 0.4814 [95mCEU_coexistence: 0.7286 [97mS:[93m48.1%[97m([91m9.7c[97m-[94mF1:41.7%) [97mU1:[93m40.0%[97m([91m4.5c[97m) [97mU2:[93m63.6%[97m([91m10.4c[97m) [97mR:[93m72.9%[97m([91m38.1c[97m) [97mS-L: [92m0:[96m52% [92m1:[96m33%[39m [39m
2026-07-25 19:22:02,868 - Agent - INFO - [37mVal Epoch 25 step 25 with [31mce_loss_combined : 1.295449 [31mce_loss_c : 0.909939 [31mce_loss_g : 1.398727 [31mkl_synergy_rand_1 : 0.001958 [31mkl_synergy_rand_2 : 0.002263 [31mkl_synergy_1 : 0.002026 [31mkl_synergy_2 : 0.002325 [31mtotal : 1.304022 [31mdiag_kl_1 : 0.942330 [31mdiag_kl_2 : 0.188767 [94mAcc_combined: 61.94 [94mAcc_c: 55.97 [94mAcc_g: 62.69 [92mF1_combined: 62.77 [92mF1_c: 55.30 [92mF1_g: 64.03 [95mCEU_cue_audio: 0.4665 [95mCEU_cue_video: 0.6364 [95mCEU_synergy: 0.4074 [95mCEU_coexistence: 0.7142 [97mS:[93m40.7%[97m([91m8.2c[97m-[94mF1:33.3%) [97mU1:[93m46.7%[97m([91m5.2c[97m) [97mU2:[93m63.6%[97m([91m10.4c[97m) [97mR:[93m71.4%[97m([91m37.3c[97m) [97mS-L: [92m0:[96m48% [92m1:[96m17%[39m [39m
2026-07-25 19:22:05,884 - Agent - INFO - [37mVal Epoch 26 step 26 with [31mce_loss_combined : 1.295609 [31mce_loss_c : 1.036618 [31mce_loss_g : 1.291617 [31mkl_synergy_rand_1 : 0.001993 [31mkl_synergy_rand_2 : 0.002134 [31mkl_synergy_1 : 0.001975 [31mkl_synergy_2 : 0.002155 [31mtotal : 1.303866 [31mdiag_kl_1 : 0.997492 [31mdiag_kl_2 : 0.216178 [94mAcc_combined: 60.82 [94mAcc_c: 44.40 [94mAcc_g: 63.43 [92mF1_combined: 61.54 [92mF1_c: 37.66 [92mF1_g: 65.73 [95mCEU_cue_audio: 0.4665 [95mCEU_cue_video: 0.5000 [95mCEU_synergy: 0.3702 [95mCEU_coexistence: 0.7286 [97mS:[93m37.0%[97m([91m7.5c[97m-[94mF1:33.8%) [97mU1:[93m46.7%[97m([91m5.2c[97m) [97mU2:[93m50.0%[97m([91m8.2c[97m) [97mR:[93m72.9%[97m([91m38.1c[97m) [97mS-L: [92m0:[96m38% [92m1:[96m33%[39m [39m
2026-07-25 19:22:08,902 - Agent - INFO - [37mVal Epoch 27 step 27 with [31mce_loss_combined : 1.419779 [31mce_loss_c : 0.934384 [31mce_loss_g : 1.399729 [31mkl_synergy_rand_1 : 0.002210 [31mkl_synergy_rand_2 : 0.002487 [31mkl_synergy_1 : 0.002304 [31mkl_synergy_2 : 0.002527 [31mtotal : 1.429306 [31mdiag_kl_1 : 1.065948 [31mdiag_kl_2 : 0.206048 [94mAcc_combined: 63.06 [94mAcc_c: 46.27 [94mAcc_g: 63.06 [92mF1_combined: 63.20 [92mF1_c: 20.00 [92mF1_g: 63.74 [95mCEU_cue_audio: 0.4665 [95mCEU_cue_video: 0.5907 [95mCEU_synergy: 0.4447 [95mCEU_coexistence: 0.7429 [97mS:[93m44.4%[97m([91m9.0c[97m-[94mF1:39.1%) [97mU1:[93m46.7%[97m([91m5.2c[97m) [97mU2:[93m59.1%[97m([91m9.7c[97m) [97mR:[93m74.3%[97m([91m38.8c[97m) [97mS-L: [92m0:[96m48% [92m1:[96m33%[39m [39m
2026-07-25 19:22:11,921 - Agent - INFO - [37mVal Epoch 28 step 28 with [31mce_loss_combined : 1.454780 [31mce_loss_c : 0.872086 [31mce_loss_g : 1.474740 [31mkl_synergy_rand_1 : 0.002328 [31mkl_synergy_rand_2 : 0.002679 [31mkl_synergy_1 : 0.002460 [31mkl_synergy_2 : 0.002775 [31mtotal : 1.465021 [31mdiag_kl_1 : 1.158340 [31mdiag_kl_2 : 0.316611 [94mAcc_combined: 60.82 [94mAcc_c: 54.85 [94mAcc_g: 62.69 [92mF1_combined: 60.97 [92mF1_c: 52.92 [92mF1_g: 63.50 [95mCEU_cue_audio: 0.4665 [95mCEU_cue_video: 0.5907 [95mCEU_synergy: 0.4074 [95mCEU_coexistence: 0.7286 [97mS:[93m40.7%[97m([91m8.2c[97m-[94mF1:36.5%) [97mU1:[93m46.7%[97m([91m5.2c[97m) [97mU2:[93m59.1%[97m([91m9.7c[97m) [97mR:[93m72.9%[97m([91m38.1c[97m) [97mS-L: [92m0:[96m43% [92m1:[96m33%[39m [39m
2026-07-25 19:22:14,934 - Agent - INFO - [37mVal Epoch 29 step 29 with [31mce_loss_combined : 1.427460 [31mce_loss_c : 0.936136 [31mce_loss_g : 1.459611 [31mkl_synergy_rand_1 : 0.002216 [31mkl_synergy_rand_2 : 0.002538 [31mkl_synergy_1 : 0.002388 [31mkl_synergy_2 : 0.002549 [31mtotal : 1.437151 [31mdiag_kl_1 : 1.135949 [31mdiag_kl_2 : 0.343621 [94mAcc_combined: 62.31 [94mAcc_c: 56.72 [94mAcc_g: 63.06 [92mF1_combined: 62.45 [92mF1_c: 55.38 [92mF1_g: 63.74 [95mCEU_cue_audio: 0.4665 [95mCEU_cue_video: 0.6364 [95mCEU_synergy: 0.3702 [95mCEU_coexistence: 0.7429 [97mS:[93m37.0%[97m([91m7.5c[97m-[94mF1:33.8%) [97mU1:[93m46.7%[97m([91m5.2c[97m) [97mU2:[93m63.6%[97m([91m10.4c[97m) [97mR:[93m74.3%[97m([91m38.8c[97m) [97mS-L: [92m0:[96m38% [92m1:[96m33%[39m [39m
2026-07-25 19:22:17,938 - Agent - INFO - [37mVal Epoch 30 step 30 with [31mce_loss_combined : 1.512292 [31mce_loss_c : 1.099909 [31mce_loss_g : 1.509324 [31mkl_synergy_rand_1 : 0.002302 [31mkl_synergy_rand_2 : 0.002587 [31mkl_synergy_1 : 0.002400 [31mkl_synergy_2 : 0.002649 [31mtotal : 1.522229 [31mdiag_kl_1 : 1.146877 [31mdiag_kl_2 : 0.345015 [94mAcc_combined: 61.57 [94mAcc_c: 49.63 [94mAcc_g: 61.94 [92mF1_combined: 61.71 [92mF1_c: 47.88 [92mF1_g: 62.50 [95mCEU_cue_audio: 0.4665 [95mCEU_cue_video: 0.5907 [95mCEU_synergy: 0.4074 [95mCEU_coexistence: 0.7429 [97mS:[93m40.7%[97m([91m8.2c[97m-[94mF1:36.5%) [97mU1:[93m46.7%[97m([91m5.2c[97m) [97mU2:[93m59.1%[97m([91m9.7c[97m) [97mR:[93m74.3%[97m([91m38.8c[97m) [97mS-L: [92m0:[96m43% [92m1:[96m33%[39m [39m
2026-07-25 19:22:20,957 - Agent - INFO - [37mVal Epoch 31 step 31 with [31mce_loss_combined : 1.542342 [31mce_loss_c : 1.181855 [31mce_loss_g : 1.525897 [31mkl_synergy_rand_1 : 0.002193 [31mkl_synergy_rand_2 : 0.002578 [31mkl_synergy_1 : 0.002348 [31mkl_synergy_2 : 0.002550 [31mtotal : 1.552011 [31mdiag_kl_1 : 1.102451 [31mdiag_kl_2 : 0.335283 [94mAcc_combined: 61.19 [94mAcc_c: 48.51 [94mAcc_g: 62.31 [92mF1_combined: 61.19 [92mF1_c: 46.92 [92mF1_g: 62.73 [95mCEU_cue_audio: 0.4665 [95mCEU_cue_video: 0.5907 [95mCEU_synergy: 0.4074 [95mCEU_coexistence: 0.7286 [97mS:[93m40.7%[97m([91m8.2c[97m-[94mF1:36.5%) [97mU1:[93m46.7%[97m([91m5.2c[97m) [97mU2:[93m59.1%[97m([91m9.7c[97m) [97mR:[93m72.9%[97m([91m38.1c[97m) [97mS-L: [92m0:[96m43% [92m1:[96m33%[39m [39m
2026-07-25 19:22:24,008 - Agent - INFO - [37mVal Epoch 32 step 32 with [31mce_loss_combined : 1.488196 [31mce_loss_c : 1.216349 [31mce_loss_g : 1.519289 [31mkl_synergy_rand_1 : 0.002263 [31mkl_synergy_rand_2 : 0.002585 [31mkl_synergy_1 : 0.002438 [31mkl_synergy_2 : 0.002671 [31mtotal : 1.498152 [31mdiag_kl_1 : 1.081805 [31mdiag_kl_2 : 0.261183 [94mAcc_combined: 63.43 [94mAcc_c: 48.88 [94mAcc_g: 63.43 [92mF1_combined: 63.70 [92mF1_c: 44.98 [92mF1_g: 63.70 [95mCEU_cue_audio: 0.4665 [95mCEU_cue_video: 0.6364 [95mCEU_synergy: 0.4447 [95mCEU_coexistence: 0.7429 [97mS:[93m44.4%[97m([91m9.0c[97m-[94mF1:39.1%) [97mU1:[93m46.7%[97m([91m5.2c[97m) [97mU2:[93m63.6%[97m([91m10.4c[97m) [97mR:[93m74.3%[97m([91m38.8c[97m) [97mS-L: [92m0:[96m48% [92m1:[96m33%[39m [39m
2026-07-25 19:22:27,001 - Agent - INFO - [37mVal Epoch 33 step 33 with [31mce_loss_combined : 1.455423 [31mce_loss_c : 1.050131 [31mce_loss_g : 1.545358 [31mkl_synergy_rand_1 : 0.002426 [31mkl_synergy_rand_2 : 0.002667 [31mkl_synergy_1 : 0.002457 [31mkl_synergy_2 : 0.002678 [31mtotal : 1.465650 [31mdiag_kl_1 : 1.166819 [31mdiag_kl_2 : 0.249111 [94mAcc_combined: 63.81 [94mAcc_c: 52.24 [94mAcc_g: 62.69 [92mF1_combined: 63.94 [92mF1_c: 50.77 [92mF1_g: 62.96 [95mCEU_cue_audio: 0.4665 [95mCEU_cue_video: 0.6364 [95mCEU_synergy: 0.4447 [95mCEU_coexistence: 0.7429 [97mS:[93m44.4%[97m([91m9.0c[97m-[94mF1:39.1%) [97mU1:[93m46.7%[97m([91m5.2c[97m) [97mU2:[93m63.6%[97m([91m10.4c[97m) [97mR:[93m74.3%[97m([91m38.8c[97m) [97mS-L: [92m0:[96m48% [92m1:[96m33%[39m [39m
2026-07-25 19:22:30,048 - Agent - INFO - [37mVal Epoch 34 step 34 with [31mce_loss_combined : 1.463550 [31mce_loss_c : 0.966740 [31mce_loss_g : 1.538494 [31mkl_synergy_rand_1 : 0.002472 [31mkl_synergy_rand_2 : 0.002683 [31mkl_synergy_1 : 0.002529 [31mkl_synergy_2 : 0.002596 [31mtotal : 1.473831 [31mdiag_kl_1 : 1.276805 [31mdiag_kl_2 : 0.380327 [94mAcc_combined: 63.06 [94mAcc_c: 55.22 [94mAcc_g: 63.43 [92mF1_combined: 63.20 [92mF1_c: 54.55 [92mF1_g: 63.70 [95mCEU_cue_audio: 0.4665 [95mCEU_cue_video: 0.6364 [95mCEU_synergy: 0.3702 [95mCEU_coexistence: 0.7571 [97mS:[93m37.0%[97m([91m7.5c[97m-[94mF1:33.8%) [97mU1:[93m46.7%[97m([91m5.2c[97m) [97mU2:[93m63.6%[97m([91m10.4c[97m) [97mR:[93m75.7%[97m([91m39.6c[97m) [97mS-L: [92m0:[96m38% [92m1:[96m33%[39m [39m
2026-07-25 19:22:33,086 - Agent - INFO - [37mVal Epoch 35 step 35 with [31mce_loss_combined : 1.539353 [31mce_loss_c : 1.134320 [31mce_loss_g : 1.558870 [31mkl_synergy_rand_1 : 0.002276 [31mkl_synergy_rand_2 : 0.002567 [31mkl_synergy_1 : 0.002409 [31mkl_synergy_2 : 0.002610 [31mtotal : 1.549215 [31mdiag_kl_1 : 1.070261 [31mdiag_kl_2 : 0.262822 [94mAcc_combined: 61.94 [94mAcc_c: 47.76 [94mAcc_g: 62.31 [92mF1_combined: 62.50 [92mF1_c: 44.88 [92mF1_g: 62.45 [95mCEU_cue_audio: 0.4665 [95mCEU_cue_video: 0.5907 [95mCEU_synergy: 0.4447 [95mCEU_coexistence: 0.7286 [97mS:[93m44.4%[97m([91m9.0c[97m-[94mF1:39.1%) [97mU1:[93m46.7%[97m([91m5.2c[97m) [97mU2:[93m59.1%[97m([91m9.7c[97m) [97mR:[93m72.9%[97m([91m38.1c[97m) [97mS-L: [92m0:[96m48% [92m1:[96m33%[39m [39m
2026-07-25 19:22:36,113 - Agent - INFO - [37mVal Epoch 36 step 36 with [31mce_loss_combined : 1.380142 [31mce_loss_c : 1.240643 [31mce_loss_g : 1.453251 [31mkl_synergy_rand_1 : 0.002053 [31mkl_synergy_rand_2 : 0.002288 [31mkl_synergy_1 : 0.002059 [31mkl_synergy_2 : 0.002330 [31mtotal : 1.388871 [31mdiag_kl_1 : 1.033220 [31mdiag_kl_2 : 0.435117 [94mAcc_combined: 60.45 [94mAcc_c: 47.76 [94mAcc_g: 62.31 [92mF1_combined: 61.59 [92mF1_c: 46.15 [92mF1_g: 63.00 [95mCEU_cue_audio: 0.4665 [95mCEU_cue_video: 0.6364 [95mCEU_synergy: 0.3335 [95mCEU_coexistence: 0.7571 [97mS:[93m33.3%[97m([91m6.7c[97m-[94mF1:31.0%) [97mU1:[93m46.7%[97m([91m5.2c[97m) [97mU2:[93m63.6%[97m([91m10.4c[97m) [97mR:[93m75.7%[97m([91m39.6c[97m) [97mS-L: [92m0:[96m33% [92m1:[96m33%[39m [39m
2026-07-25 19:22:39,086 - Agent - INFO - [37mVal Epoch 37 step 37 with [31mce_loss_combined : 1.624215 [31mce_loss_c : 1.212680 [31mce_loss_g : 1.572883 [31mkl_synergy_rand_1 : 0.002450 [31mkl_synergy_rand_2 : 0.002662 [31mkl_synergy_1 : 0.002489 [31mkl_synergy_2 : 0.002696 [31mtotal : 1.634511 [31mdiag_kl_1 : 1.141111 [31mdiag_kl_2 : 0.422762 [94mAcc_combined: 58.21 [94mAcc_c: 48.88 [94mAcc_g: 60.45 [92mF1_combined: 59.42 [92mF1_c: 46.69 [92mF1_g: 61.03 [95mCEU_cue_audio: 0.5335 [95mCEU_cue_video: 0.5457 [95mCEU_synergy: 0.3335 [95mCEU_coexistence: 0.7142 [97mS:[93m33.3%[97m([91m6.7c[97m-[94mF1:28.5%) [97mU1:[93m53.3%[97m([91m6.0c[97m) [97mU2:[93m54.5%[97m([91m9.0c[97m) [97mR:[93m71.4%[97m([91m37.3c[97m) [97mS-L: [92m0:[96m38% [92m1:[96m17%[39m [39m
2026-07-25 19:22:42,104 - Agent - INFO - [37mVal Epoch 38 step 38 with [31mce_loss_combined : 1.558421 [31mce_loss_c : 1.222832 [31mce_loss_g : 1.606737 [31mkl_synergy_rand_1 : 0.002115 [31mkl_synergy_rand_2 : 0.002454 [31mkl_synergy_1 : 0.002292 [31mkl_synergy_2 : 0.002453 [31mtotal : 1.567735 [31mdiag_kl_1 : 1.021703 [31mdiag_kl_2 : 0.344385 [94mAcc_combined: 56.72 [94mAcc_c: 49.63 [94mAcc_g: 59.70 [92mF1_combined: 57.97 [92mF1_c: 48.67 [92mF1_g: 60.29 [95mCEU_cue_audio: 0.5335 [95mCEU_cue_video: 0.4543 [95mCEU_synergy: 0.3335 [95mCEU_coexistence: 0.6857 [97mS:[93m33.3%[97m([91m6.7c[97m-[94mF1:25.0%) [97mU1:[93m53.3%[97m([91m6.0c[97m) [97mU2:[93m45.5%[97m([91m7.5c[97m) [97mR:[93m68.6%[97m([91m35.8c[97m) [97mS-L: [92m0:[96m43%[39m [39m
2026-07-25 19:22:42,523 - Agent - INFO - We are in the final state.
2026-07-25 19:22:42,623 - root - INFO - Loaded best model from best_model_accuracy_state_dict
2026-07-25 19:22:43,370 - Agent - INFO - [37mVal Epoch 38 step 0 with [31mce_loss_combined : 1.013139 [31mce_loss_c : 0.906081 [31mce_loss_g : 1.092815 [31mkl_synergy_rand_1 : 0.001549 [31mkl_synergy_rand_2 : 0.001770 [31mkl_synergy_1 : 0.001572 [31mkl_synergy_2 : 0.001782 [31mtotal : 1.019812 [31mdiag_kl_1 : 0.751362 [31mdiag_kl_2 : 0.368435 [94mAcc_combined: 65.67 [94mAcc_c: 47.76 [94mAcc_g: 65.30 [92mF1_combined: 65.67 [92mF1_c: 27.08 [92mF1_g: 66.43 [95mCEU_cue_audio: 0.4665 [95mCEU_cue_video: 0.6819 [95mCEU_synergy: 0.2963 [95mCEU_coexistence: 0.8285 [97mS:[93m29.6%[97m([91m6.0c[97m-[94mF1:28.1%) [97mU1:[93m46.7%[97m([91m5.2c[97m) [97mU2:[93m68.2%[97m([91m11.2c[97m) [97mR:[93m82.9%[97m([91m43.3c[97m) [97mS-L: [92m0:[96m29% [92m1:[96m33%[39m [39m
2026-07-25 19:22:44,099 - Agent - INFO - [37mTest Epoch 38 step 0 with [31mce_loss_combined : 1.331557 [31mce_loss_c : 0.776271 [31mce_loss_g : 1.487258 [31mkl_synergy_rand_1 : 0.001504 [31mkl_synergy_rand_2 : 0.001715 [31mkl_synergy_1 : 0.001460 [31mkl_synergy_2 : 0.001777 [31mtotal : 1.338013 [31mdiag_kl_1 : 0.698201 [31mdiag_kl_2 : 0.276931 [94mAcc_combined: 56.34 [94mAcc_c: 54.10 [94mAcc_g: 57.46 [92mF1_combined: 56.51 [92mF1_c: 36.27 [92mF1_g: 60.14 [95mCEU_cue_audio: 0.5713 [95mCEU_cue_video: 0.7826 [95mCEU_synergy: 0.2820 [95mCEU_coexistence: 0.6551 [97mS:[93m28.2%[97m([91m8.2c[97m-[94mF1:24.2%) [97mU1:[93m57.1%[97m([91m6.0c[97m) [97mU2:[93m78.3%[97m([91m13.4c[97m) [97mR:[93m65.5%[97m([91m28.4c[97m) [97mS-L: [92m0:[96m29% [92m1:[96m25%[39m [39m
2026-07-25 19:22:44,794 - Agent - INFO - [37mModel saved successfully at: ./artifacts/models/multibench/mustard/vt/SynIB_RMask_REFABL_mustard_lam2x_fold0_l0.002_perturbrandom_fillema_pmin0.1_refuniform_lr0.0005_wd0.001.pth.tar[39m
Job finished
