Starting SynIB reference-ablation job
Python 3.12.12
/esat/smcdata/users/kkontras/Image_Dataset/no_backup/git/SynIB  (git 16830bb)
GPU 0: NVIDIA TITAN RTX (UUID: GPU-787d0d0e-3d6d-1bda-8204-741fb672d243)
Executing: PYTHONPATH=src /esat/smcdata/users/kkontras/Image_Dataset/no_backup/envs/synergy/bin/python -m synib.entrypoints.train --config run/configs/rebuttal_ref_ablation/cremad_synib_u.json --default_config run/configs/rebuttal_ref_ablation/cremad_default.json --fold 0 --ironic_rate 0.1 --rmask random --l 1.0 --perturb_pmin 0.20 --perturb_fill ema --reference_type class_prior --ref_diag --start_over --tag REFABL_cremad_a01
Namespace(config='run/configs/rebuttal_ref_ablation/cremad_synib_u.json', default_config='run/configs/rebuttal_ref_ablation/cremad_default.json', fold='0', alpha=None, tanh_mode_beta=None, regby=None, batch_size=None, l='1.0', multil=None, lib=None, kmepoch=None, num_samples=None, contrcoeff=None, contr_type=None, shuffle_type=None, validate_with=None, num_classes=None, optim_method=None, ending_epoch=None, load_ongoing=None, recon_weight1=None, recon_weight2=None, recon_epochstages=None, recon_ensemblestages=None, lr=None, wd=None, cls=None, ironic_rate='0.1', perturb='random', perturb_fill='ema', perturb_pmax=None, perturb_pmin='0.20', perturb_lsparse=None, rmask='random', pmin=None, pmax=None, lsparse=None, debug_mask_stats=False, pre=False, frozen=False, tdqm_disable=False, start_over=True, no_model_save=False, num_layers=None, grad_accum=None, init_from=None, init_strict=False, perturb_lsparse_sign=None, l_anneal_epochs=None, perturb_steps=None, perturb_lsparse_warmup=None, perturb_lsparse_schedule=None, persist_ell=False, save_masks=False, penalty_swap=False, disable_ce_random=False, disable_kl_learned=False, masking_only=False, modality_dropout=None, modality_dropout_target=None, l_z1_masked=None, l_z2_masked=None, l_pareto=None, reference_type='class_prior', ref_diag=True, ref_ema_decay=None, tag='REFABL_cremad_a01')
2026-07-26 04:06:11,844 - Config - INFO - run/configs/rebuttal_ref_ablation/cremad_synib_u.json
2026-07-26 04:06:11,850 - Config - INFO -  THE Configuration of your experiment ..
{'agent': 'Agent',
 'dataset': {'data_roots': './data/CremaD/CREMA-D',
             'data_split': {'fold': 0, 'method': 'non_inclusive'},
             'dataloader_class': 'IronyCremadDataloader',
             'fps': 1,
             'ironic_label_name': 'SARCASM',
             'ironic_modes': ['train', 'val', 'test'],
             'ironic_rate': 1.0,
             'norm': False,
             'norm_face_path': './src/synib/mydatasets/Irony_Cremad/assets/norms/norm_face_path_fold{}.pkl',
             'norm_wav_path': './src/synib/mydatasets/Irony_Cremad/assets/norms/wav_norm_22050_fold{}.pkl',
             'num_frame': 3,
             'return_data': {'audio': False,
                             'face': False,
                             'spectrogram': True,
                             'video': True},
             'sampling_rate': 22050},
 'early_stopping': {'end_of_epoch_check': True,
                    'log_interval': 10,
                    'max_epoch': 1500,
                    'n_steps_stop': 30,
                    'n_steps_stop_after': 0,
                    'save_every_step': 3000,
                    'save_every_valstep': 10,
                    'validate_after': 0,
                    'validate_every': 25,
                    'validate_with': 'accuracy'},
 'exp_name': 'CREMAD Experiment',
 'model': {'args': {'bias_infusion': {'contrcoeff': 0.0, 'l': 1.0},
                    'cls_type': 'mlp',
                    'd_model': 512,
                    'dropout': 0.1,
                    'fc_inner': 64,
                    'in_dim': 64,
                    'multi_loss': {'multi_supervised_w': {'c': 1,
                                                          'combined': 1,
                                                          'g': 1}},
                    'norm_decision': False,
                    'num_classes': 7,
                    'synergy_type': 'unimodal_anchor'},
           'ceu': {'test': './artifacts/ceus/cremad/cremadplus_ceu_test_res_{}.pkl',
                   'val': './artifacts/ceus/cremad/cremadplus_ceu_val_res_{}.pkl'},
           'encoders': [{'args': {'d_model': 512,
                                  'dropout': 0.1,
                                  'fc_inner': 64,
                                  'freeze_encoder': False,
                                  'num_classes': 7},
                         'model': 'Audio_ResNet',
                         'name': 'enc_0_modality1_encoder',
                         'pretrainedEncoder': {'dir': 'unimodal_audio_fold{}_ir1.0_lr0.001_wd0.0001_clsmlp_bs64.pth.tar',
                                               'use': True},
                         'save_encoder': False},
                        {'args': {'d_model': 512,
                                  'dropout': 0.1,
                                  'fc_inner': 64,
                                  'freeze_encoder': False,
                                  'num_classes': 7},
                         'model': 'Video_ResNet',
                         'name': 'enc_1_modality2_encoder',
                         'pretrainedEncoder': {'dir': 'unimodal_video_fold{}_ir1.0_lr0.0001_wd0.0001_clsmlp_bs64.pth.tar',
                                               'use': True},
                         'save_encoder': False},
                        {'args': {'d_model': 512,
                                  'dropout': 0.1,
                                  'fc_inner': 64,
                                  'freeze_encoder': False},
                         'model': 'FusionTrunkLinear',
                         'name': 'enc_2_fusion_trunk',
                         'pretrainedEncoder': {'dir': 'enc_2_fusion_trunk_fold{}.pth.tar',
                                               'use': False},
                         'save_encoder': False},
                        {'args': {'freeze_encoder': False,
                                  'in_dim': 64,
                                  'num_classes': 7},
                         'model': 'LinearHead',
                         'name': 'enc_3_fusion_head',
                         'pretrainedEncoder': {'dir': 'enc_3_fusion_head_fold{}.pth.tar',
                                               'use': False},
                         'save_encoder': False},
                        {'args': {'dropout': 0.1,
                                  'freeze_encoder': False,
                                  'hidden_dim': 64,
                                  'in_dim': 512,
                                  'num_classes': 7},
                         'model': 'MLPHead',
                         'name': 'enc_4_unimodal_head_1',
                         'pretrainedEncoder': {'dir': 'enc_4_unimodal1_fold{}.pth.tar',
                                               'use': False},
                         'save_encoder': False},
                        {'args': {'dropout': 0.1,
                                  'freeze_encoder': False,
                                  'hidden_dim': 64,
                                  'in_dim': 512,
                                  'num_classes': 7},
                         'model': 'MLPHead',
                         'name': 'enc_5_unimodal_head_2',
                         'pretrainedEncoder': {'dir': 'enc_5_unimodal2_fold{}.pth.tar',
                                               'use': False},
                         'save_encoder': False}],
           'load_ongoing': False,
           'model_class': 'FusionIBModel_Mask_U',
           'save_base_dir': './data/data/2025_data/synergy/CremadPlus/v2',
           'save_dir': 'SynIB_RMask_U_{}.pth.tar'},
 'optimizer': {'beta1': 0.9,
               'beta2': 0.999,
               'learning_rate': 1e-05,
               'momentum': 0.9,
               'type': 'Adam',
               'weight_decay': 1e-05},
 'scheduler': {'max_lr': 0.03, 'type': 'cosanneal', 'warm_up_steps': 780},
 'training_params': {'async_loading': True,
                     'batch_size': 128,
                     'cuda': True,
                     'data_loader_workers': 8,
                     'gpu_device': [0],
                     'pin_memory': False,
                     'rec_test': True,
                     'res': True,
                     'seed': 109,
                     'tdqm_disable': False,
                     'test_batch_size': 128,
                     'test_on_bottoms': True,
                     'use_test_set': True,
                     'validation': True,
                     'verbose': True,
                     'wandb_disable': False}}
2026-07-26 04:06:11,859 - Config - INFO -  *************************************** 
2026-07-26 04:06:11,859 - Config - INFO - The experiment name is CREMAD Experiment
2026-07-26 04:06:11,859 - Config - INFO -  *************************************** 
2026-07-26 04:06:11,859 - root - INFO - save_dir: SynIB_RMask_U_REFABL_cremad_a01_fold0_l1.0_ir0.1_perturbrandom_fillema_pmin0.20_refclass_prior.pth.tar
2026-07-26 04:06:11,971 - Cuda Statistics - INFO - __Python VERSION:  3.12.12 | packaged by Anaconda, Inc. | (main, Oct 21 2025, 20:16:04) [GCC 11.2.0]
2026-07-26 04:06:11,972 - Cuda Statistics - INFO - __pyTorch VERSION:  2.7.1+cu118
2026-07-26 04:06:11,972 - Cuda Statistics - INFO - __CUDA VERSION
2026-07-26 04:06:11,979 - Cuda Statistics - INFO - __CUDNN VERSION:  90100
2026-07-26 04:06:11,999 - Cuda Statistics - INFO - __Number CUDA Devices:  1
2026-07-26 04:06:11,999 - Cuda Statistics - INFO - __Devices
2026-07-26 04:06:12,000 - Cuda Statistics - INFO - index, name, driver_version, memory.total [MiB], memory.used [MiB], memory.free [MiB]
2026-07-26 04:06:12,000 - Cuda Statistics - INFO - 0, NVIDIA TITAN RTX, 610.43.03, 24576 MiB, 14 MiB, 24018 MiB
2026-07-26 04:06:12,004 - Cuda Statistics - INFO - Active CUDA Device: GPU 0
2026-07-26 04:06:12,004 - Cuda Statistics - INFO - Available devices  1
2026-07-26 04:06:12,004 - Cuda Statistics - INFO - Current cuda device  0
2026-07-26 04:06:15,438 - IronyCremadDataset - INFO - Loaded wav norm from ./src/synib/mydatasets/Irony_Cremad/assets/norms/wav_norm_22050_fold0.pkl
2026-07-26 04:06:16,430 - IronyCremadDataset - INFO - Loaded wav norm from ./src/synib/mydatasets/Irony_Cremad/assets/norms/wav_norm_22050_fold0.pkl
2026-07-26 04:06:17,346 - IronyCremadDataset - INFO - Loaded wav norm from ./src/synib/mydatasets/Irony_Cremad/assets/norms/wav_norm_22050_fold0.pkl
2026-07-26 04:06:17,354 - Agent - INFO - Device: cuda:0
2026-07-26 04:06:17,354 - Agent - INFO - Total training batches: 32, validate every 25 batches, steps per epoch: 2
2026-07-26 04:06:17,526 - Agent - INFO - class_prior counts=[696, 824, 563, 612, 614, 667, 67] prior=[0.1721, 0.2038, 0.1393, 0.1514, 0.1519, 0.165, 0.0166]
2026-07-26 04:06:17,527 - Agent - INFO - Loss Weights are {'total': 1, 'combined': 1, 'c': 1, 'g': 1}
2026-07-26 04:06:17,527 - root - INFO - There is no CEU for train
2026-07-26 04:06:17,529 - root - INFO - There is no CEU for val
2026-07-26 04:06:17,529 - root - INFO - There is no CEU for test
{'d_model': 512, 'num_classes': 7, 'fc_inner': 64, 'dropout': 0.1, 'freeze_encoder': False}
2026-07-26 04:06:19,655 - root - INFO - Loading enc best model state dict from ./data/data/2025_data/synergy/CremadPlus/v2/unimodal_audio_fold0_ir0.1_lr0.001_wd0.0001_clsmlp_bs64.pth.tar
2026-07-26 04:06:21,827 - root - INFO - Loading enc best model state dict from ./data/data/2025_data/synergy/CremadPlus/v2/unimodal_video_fold0_ir0.1_lr0.0001_wd0.0001_clsmlp_bs64.pth.tar
2026-07-26 04:06:22,102 - Agent - INFO - Total number of trainable parameters are: 44840497
2026-07-26 04:06:22,108 - Agent - INFO - Total number of trainable parameters are: 22486563
2026-07-26 04:08:00,209 - Evaluator - INFO - New best with loss-accuracy-
2026-07-26 04:08:00,209 - Agent - INFO - [37mVal Epoch 1 step 1 with [31mce_loss_combined : 1.754385 [31mce_loss_c : 1.160470 [31mce_loss_g : 2.005126 [31mkl_synergy_rand_1 : 0.083245 [31mkl_synergy_rand_2 : 0.084520 [31mkl_synergy_1 : 0.083590 [31mkl_synergy_2 : 0.086883 [31mtotal : 2.092622 [31mdiag_kl_1 : 1.087312 [31mdiag_kl_2 : 0.937435 [94mAcc_combined: 50.46 [94mAcc_c: 62.76 [94mAcc_g: 48.06 [92mF1_combined: 39.01 [92mF1_c: 54.12 [92mF1_g: 37.92 [39m
2026-07-26 04:08:00,226 - Agent - INFO - [37mTest Epoch 1 step 1 with [31mce_loss_combined : 1.785715 [31mce_loss_c : 1.484103 [31mce_loss_g : 2.047111 [31mkl_synergy_rand_1 : 0.081483 [31mkl_synergy_rand_2 : 0.081749 [31mkl_synergy_1 : 0.081593 [31mkl_synergy_2 : 0.082763 [31mtotal : 2.113302 [31mdiag_kl_1 : 1.074042 [31mdiag_kl_2 : 1.037359 [94mAcc_combined: 45.38 [94mAcc_c: 56.84 [94mAcc_g: 51.61 [92mF1_combined: 34.83 [92mF1_c: 48.52 [92mF1_g: 40.23 [39m
2026-07-26 04:08:03,635 - Agent - INFO - [37mModel saved successfully at: ./data/data/2025_data/synergy/CremadPlus/v2/SynIB_RMask_U_REFABL_cremad_a01_fold0_l1.0_ir0.1_perturbrandom_fillema_pmin0.20_refclass_prior.pth.tar[39m
2026-07-26 04:09:37,812 - Evaluator - INFO - New best with loss-accuracy-
2026-07-26 04:09:37,812 - Agent - INFO - [37mVal Epoch 2 step 2 with [31mce_loss_combined : 1.567973 [31mce_loss_c : 1.173604 [31mce_loss_g : 1.683957 [31mkl_synergy_rand_1 : 0.082258 [31mkl_synergy_rand_2 : 0.087673 [31mkl_synergy_1 : 0.083841 [31mkl_synergy_2 : 0.090106 [31mtotal : 1.911850 [31mdiag_kl_1 : 0.953406 [31mdiag_kl_2 : 0.792389 [94mAcc_combined: 62.53 [94mAcc_c: 62.19 [94mAcc_g: 47.27 [92mF1_combined: 49.58 [92mF1_c: 53.70 [92mF1_g: 38.44 [39m
2026-07-26 04:09:37,829 - Agent - INFO - [37mTest Epoch 2 step 2 with [31mce_loss_combined : 1.610996 [31mce_loss_c : 1.472000 [31mce_loss_g : 1.836020 [31mkl_synergy_rand_1 : 0.075366 [31mkl_synergy_rand_2 : 0.078051 [31mkl_synergy_1 : 0.076542 [31mkl_synergy_2 : 0.080972 [31mtotal : 1.921927 [31mdiag_kl_1 : 0.969795 [31mdiag_kl_2 : 0.887305 [94mAcc_combined: 60.62 [94mAcc_c: 56.06 [94mAcc_g: 51.61 [92mF1_combined: 47.64 [92mF1_c: 47.98 [92mF1_g: 41.53 [39m
2026-07-26 04:09:43,109 - Agent - INFO - [37mModel saved successfully at: ./data/data/2025_data/synergy/CremadPlus/v2/SynIB_RMask_U_REFABL_cremad_a01_fold0_l1.0_ir0.1_perturbrandom_fillema_pmin0.20_refclass_prior.pth.tar[39m
2026-07-26 04:11:22,166 - Evaluator - INFO - New best with loss-accuracy-
2026-07-26 04:11:22,166 - Agent - INFO - [37mVal Epoch 3 step 3 with [31mce_loss_combined : 1.448775 [31mce_loss_c : 1.178161 [31mce_loss_g : 1.693928 [31mkl_synergy_rand_1 : 0.091236 [31mkl_synergy_rand_2 : 0.099434 [31mkl_synergy_1 : 0.093317 [31mkl_synergy_2 : 0.102616 [31mtotal : 1.835377 [31mdiag_kl_1 : 0.870971 [31mdiag_kl_2 : 0.700480 [94mAcc_combined: 64.01 [94mAcc_c: 62.30 [94mAcc_g: 51.59 [92mF1_combined: 52.18 [92mF1_c: 53.89 [92mF1_g: 41.67 [39m
2026-07-26 04:11:22,182 - Agent - INFO - [37mTest Epoch 3 step 3 with [31mce_loss_combined : 1.517279 [31mce_loss_c : 1.468534 [31mce_loss_g : 1.915875 [31mkl_synergy_rand_1 : 0.082416 [31mkl_synergy_rand_2 : 0.088750 [31mkl_synergy_1 : 0.083939 [31mkl_synergy_2 : 0.090128 [31mtotal : 1.862512 [31mdiag_kl_1 : 0.901601 [31mdiag_kl_2 : 0.789667 [94mAcc_combined: 61.18 [94mAcc_c: 55.62 [94mAcc_g: 52.28 [92mF1_combined: 49.14 [92mF1_c: 47.57 [92mF1_g: 41.73 [39m
2026-07-26 04:11:27,755 - Agent - INFO - [37mModel saved successfully at: ./data/data/2025_data/synergy/CremadPlus/v2/SynIB_RMask_U_REFABL_cremad_a01_fold0_l1.0_ir0.1_perturbrandom_fillema_pmin0.20_refclass_prior.pth.tar[39m
2026-07-26 04:13:06,012 - Evaluator - INFO - New best with loss-accuracy-
2026-07-26 04:13:06,013 - Agent - INFO - [37mVal Epoch 4 step 4 with [31mce_loss_combined : 1.402363 [31mce_loss_c : 1.179283 [31mce_loss_g : 1.725722 [31mkl_synergy_rand_1 : 0.100047 [31mkl_synergy_rand_2 : 0.110806 [31mkl_synergy_1 : 0.100171 [31mkl_synergy_2 : 0.115132 [31mtotal : 1.828519 [31mdiag_kl_1 : 0.829599 [31mdiag_kl_2 : 0.658539 [94mAcc_combined: 65.72 [94mAcc_c: 62.53 [94mAcc_g: 47.04 [92mF1_combined: 55.18 [92mF1_c: 54.02 [92mF1_g: 37.88 [39m
2026-07-26 04:13:06,030 - Agent - INFO - [37mTest Epoch 4 step 4 with [31mce_loss_combined : 1.458876 [31mce_loss_c : 1.473801 [31mce_loss_g : 1.783398 [31mkl_synergy_rand_1 : 0.086824 [31mkl_synergy_rand_2 : 0.095986 [31mkl_synergy_1 : 0.090777 [31mkl_synergy_2 : 0.100288 [31mtotal : 1.832751 [31mdiag_kl_1 : 0.854116 [31mdiag_kl_2 : 0.759335 [94mAcc_combined: 63.07 [94mAcc_c: 54.84 [94mAcc_g: 52.61 [92mF1_combined: 51.49 [92mF1_c: 46.95 [92mF1_g: 42.28 [39m
2026-07-26 04:13:11,373 - Agent - INFO - [37mModel saved successfully at: ./data/data/2025_data/synergy/CremadPlus/v2/SynIB_RMask_U_REFABL_cremad_a01_fold0_l1.0_ir0.1_perturbrandom_fillema_pmin0.20_refclass_prior.pth.tar[39m
2026-07-26 04:14:46,484 - Evaluator - INFO - New best with loss-accuracy-
2026-07-26 04:14:46,484 - Agent - INFO - [37mVal Epoch 5 step 5 with [31mce_loss_combined : 1.362937 [31mce_loss_c : 1.185091 [31mce_loss_g : 1.531197 [31mkl_synergy_rand_1 : 0.094306 [31mkl_synergy_rand_2 : 0.106434 [31mkl_synergy_1 : 0.096901 [31mkl_synergy_2 : 0.112888 [31mtotal : 1.773465 [31mdiag_kl_1 : 0.799613 [31mdiag_kl_2 : 0.624253 [94mAcc_combined: 67.31 [94mAcc_c: 61.39 [94mAcc_g: 52.39 [92mF1_combined: 55.97 [92mF1_c: 52.83 [92mF1_g: 43.09 [39m
2026-07-26 04:14:46,500 - Agent - INFO - [37mTest Epoch 5 step 5 with [31mce_loss_combined : 1.442066 [31mce_loss_c : 1.493032 [31mce_loss_g : 1.725868 [31mkl_synergy_rand_1 : 0.083812 [31mkl_synergy_rand_2 : 0.091447 [31mkl_synergy_1 : 0.087764 [31mkl_synergy_2 : 0.098799 [31mtotal : 1.803889 [31mdiag_kl_1 : 0.854420 [31mdiag_kl_2 : 0.716680 [94mAcc_combined: 63.18 [94mAcc_c: 55.84 [94mAcc_g: 52.73 [92mF1_combined: 51.90 [92mF1_c: 47.48 [92mF1_g: 42.45 [39m
2026-07-26 04:14:51,884 - Agent - INFO - [37mModel saved successfully at: ./data/data/2025_data/synergy/CremadPlus/v2/SynIB_RMask_U_REFABL_cremad_a01_fold0_l1.0_ir0.1_perturbrandom_fillema_pmin0.20_refclass_prior.pth.tar[39m
2026-07-26 04:16:34,661 - Evaluator - INFO - New best with loss-accuracy-
2026-07-26 04:16:34,661 - Agent - INFO - [37mVal Epoch 6 step 6 with [31mce_loss_combined : 1.353235 [31mce_loss_c : 1.179746 [31mce_loss_g : 1.493251 [31mkl_synergy_rand_1 : 0.092575 [31mkl_synergy_rand_2 : 0.105186 [31mkl_synergy_1 : 0.095138 [31mkl_synergy_2 : 0.113807 [31mtotal : 1.759941 [31mdiag_kl_1 : 0.796114 [31mdiag_kl_2 : 0.619658 [94mAcc_combined: 67.88 [94mAcc_c: 61.73 [94mAcc_g: 52.16 [92mF1_combined: 56.39 [92mF1_c: 53.21 [92mF1_g: 42.00 [39m
2026-07-26 04:16:34,678 - Agent - INFO - [37mTest Epoch 6 step 6 with [31mce_loss_combined : 1.442324 [31mce_loss_c : 1.505628 [31mce_loss_g : 1.709643 [31mkl_synergy_rand_1 : 0.077773 [31mkl_synergy_rand_2 : 0.091840 [31mkl_synergy_1 : 0.082004 [31mkl_synergy_2 : 0.094661 [31mtotal : 1.788601 [31mdiag_kl_1 : 0.854238 [31mdiag_kl_2 : 0.710237 [94mAcc_combined: 61.85 [94mAcc_c: 55.17 [94mAcc_g: 52.28 [92mF1_combined: 50.38 [92mF1_c: 47.09 [92mF1_g: 42.04 [39m
2026-07-26 04:16:40,042 - Agent - INFO - [37mModel saved successfully at: ./data/data/2025_data/synergy/CremadPlus/v2/SynIB_RMask_U_REFABL_cremad_a01_fold0_l1.0_ir0.1_perturbrandom_fillema_pmin0.20_refclass_prior.pth.tar[39m
2026-07-26 04:18:19,410 - Evaluator - INFO - New best with loss-
2026-07-26 04:18:19,410 - Agent - INFO - [37mVal Epoch 7 step 7 with [31mce_loss_combined : 1.343056 [31mce_loss_c : 1.186302 [31mce_loss_g : 1.423415 [31mkl_synergy_rand_1 : 0.087443 [31mkl_synergy_rand_2 : 0.100636 [31mkl_synergy_1 : 0.090991 [31mkl_synergy_2 : 0.108372 [31mtotal : 1.730497 [31mdiag_kl_1 : 0.789055 [31mdiag_kl_2 : 0.619060 [94mAcc_combined: 67.54 [94mAcc_c: 62.07 [94mAcc_g: 53.99 [92mF1_combined: 56.38 [92mF1_c: 53.49 [92mF1_g: 44.54 [39m
2026-07-26 04:18:19,426 - Agent - INFO - [37mTest Epoch 7 step 7 with [31mce_loss_combined : 1.441579 [31mce_loss_c : 1.517777 [31mce_loss_g : 1.639799 [31mkl_synergy_rand_1 : 0.078987 [31mkl_synergy_rand_2 : 0.088312 [31mkl_synergy_1 : 0.080981 [31mkl_synergy_2 : 0.095541 [31mtotal : 1.785399 [31mdiag_kl_1 : 0.854414 [31mdiag_kl_2 : 0.688612 [94mAcc_combined: 62.40 [94mAcc_c: 55.28 [94mAcc_g: 51.84 [92mF1_combined: 51.69 [92mF1_c: 47.11 [92mF1_g: 41.77 [39m
2026-07-26 04:18:26,410 - Agent - INFO - [37mModel saved successfully at: ./data/data/2025_data/synergy/CremadPlus/v2/SynIB_RMask_U_REFABL_cremad_a01_fold0_l1.0_ir0.1_perturbrandom_fillema_pmin0.20_refclass_prior.pth.tar[39m
2026-07-26 04:20:07,340 - Evaluator - INFO - New best with loss-accuracy-
2026-07-26 04:20:07,341 - Agent - INFO - [37mVal Epoch 8 step 8 with [31mce_loss_combined : 1.338973 [31mce_loss_c : 1.187212 [31mce_loss_g : 1.424093 [31mkl_synergy_rand_1 : 0.089600 [31mkl_synergy_rand_2 : 0.105297 [31mkl_synergy_1 : 0.090772 [31mkl_synergy_2 : 0.112635 [31mtotal : 1.737277 [31mdiag_kl_1 : 0.786042 [31mdiag_kl_2 : 0.611964 [94mAcc_combined: 68.34 [94mAcc_c: 61.73 [94mAcc_g: 51.59 [92mF1_combined: 57.23 [92mF1_c: 53.32 [92mF1_g: 42.56 [39m
2026-07-26 04:20:07,358 - Agent - INFO - [37mTest Epoch 8 step 8 with [31mce_loss_combined : 1.434526 [31mce_loss_c : 1.511532 [31mce_loss_g : 1.613062 [31mkl_synergy_rand_1 : 0.078999 [31mkl_synergy_rand_2 : 0.091614 [31mkl_synergy_1 : 0.080077 [31mkl_synergy_2 : 0.096255 [31mtotal : 1.781470 [31mdiag_kl_1 : 0.854871 [31mdiag_kl_2 : 0.698853 [94mAcc_combined: 62.18 [94mAcc_c: 55.73 [94mAcc_g: 51.95 [92mF1_combined: 50.92 [92mF1_c: 47.55 [92mF1_g: 42.08 [39m
2026-07-26 04:20:12,836 - Agent - INFO - [37mModel saved successfully at: ./data/data/2025_data/synergy/CremadPlus/v2/SynIB_RMask_U_REFABL_cremad_a01_fold0_l1.0_ir0.1_perturbrandom_fillema_pmin0.20_refclass_prior.pth.tar[39m
2026-07-26 04:21:52,507 - Evaluator - INFO - New best with loss-accuracy-
2026-07-26 04:21:52,508 - Agent - INFO - [37mVal Epoch 9 step 9 with [31mce_loss_combined : 1.330007 [31mce_loss_c : 1.187666 [31mce_loss_g : 1.415334 [31mkl_synergy_rand_1 : 0.090852 [31mkl_synergy_rand_2 : 0.106127 [31mkl_synergy_1 : 0.090956 [31mkl_synergy_2 : 0.114041 [31mtotal : 1.731982 [31mdiag_kl_1 : 0.783303 [31mdiag_kl_2 : 0.608313 [94mAcc_combined: 68.56 [94mAcc_c: 61.28 [94mAcc_g: 51.82 [92mF1_combined: 57.81 [92mF1_c: 52.86 [92mF1_g: 42.99 [39m
2026-07-26 04:21:52,524 - Agent - INFO - [37mTest Epoch 9 step 9 with [31mce_loss_combined : 1.420341 [31mce_loss_c : 1.518066 [31mce_loss_g : 1.553468 [31mkl_synergy_rand_1 : 0.075991 [31mkl_synergy_rand_2 : 0.091324 [31mkl_synergy_1 : 0.083918 [31mkl_synergy_2 : 0.096809 [31mtotal : 1.768384 [31mdiag_kl_1 : 0.850362 [31mdiag_kl_2 : 0.696471 [94mAcc_combined: 62.74 [94mAcc_c: 54.95 [94mAcc_g: 49.83 [92mF1_combined: 51.53 [92mF1_c: 46.80 [92mF1_g: 40.51 [39m
2026-07-26 04:21:57,873 - Agent - INFO - [37mModel saved successfully at: ./data/data/2025_data/synergy/CremadPlus/v2/SynIB_RMask_U_REFABL_cremad_a01_fold0_l1.0_ir0.1_perturbrandom_fillema_pmin0.20_refclass_prior.pth.tar[39m
2026-07-26 04:23:43,105 - Evaluator - INFO - New best with loss-accuracy-
2026-07-26 04:23:43,106 - Agent - INFO - [37mVal Epoch 10 step 10 with [31mce_loss_combined : 1.326164 [31mce_loss_c : 1.189819 [31mce_loss_g : 1.392354 [31mkl_synergy_rand_1 : 0.087879 [31mkl_synergy_rand_2 : 0.102432 [31mkl_synergy_1 : 0.087853 [31mkl_synergy_2 : 0.110353 [31mtotal : 1.714682 [31mdiag_kl_1 : 0.780818 [31mdiag_kl_2 : 0.613063 [94mAcc_combined: 69.48 [94mAcc_c: 61.28 [94mAcc_g: 51.25 [92mF1_combined: 58.82 [92mF1_c: 52.93 [92mF1_g: 43.37 [39m
2026-07-26 04:23:43,311 - Agent - INFO - [37mTest Epoch 10 step 10 with [31mce_loss_combined : 1.420416 [31mce_loss_c : 1.511020 [31mce_loss_g : 1.497491 [31mkl_synergy_rand_1 : 0.075716 [31mkl_synergy_rand_2 : 0.088883 [31mkl_synergy_1 : 0.079398 [31mkl_synergy_2 : 0.094058 [31mtotal : 1.758470 [31mdiag_kl_1 : 0.841502 [31mdiag_kl_2 : 0.690309 [94mAcc_combined: 64.63 [94mAcc_c: 54.84 [94mAcc_g: 49.17 [92mF1_combined: 53.64 [92mF1_c: 46.88 [92mF1_g: 40.63 [39m
2026-07-26 04:23:48,658 - Agent - INFO - [37mModel saved successfully at: ./data/data/2025_data/synergy/CremadPlus/v2/SynIB_RMask_U_REFABL_cremad_a01_fold0_l1.0_ir0.1_perturbrandom_fillema_pmin0.20_refclass_prior.pth.tar[39m
2026-07-26 04:25:28,368 - Agent - INFO - [37mVal Epoch 11 step 11 with [31mce_loss_combined : 1.336566 [31mce_loss_c : 1.192284 [31mce_loss_g : 1.391907 [31mkl_synergy_rand_1 : 0.090863 [31mkl_synergy_rand_2 : 0.104407 [31mkl_synergy_1 : 0.086198 [31mkl_synergy_2 : 0.113401 [31mtotal : 1.731435 [31mdiag_kl_1 : 0.785730 [31mdiag_kl_2 : 0.608503 [94mAcc_combined: 67.65 [94mAcc_c: 60.82 [94mAcc_g: 50.91 [92mF1_combined: 57.14 [92mF1_c: 52.50 [92mF1_g: 42.56 [39m
2026-07-26 04:25:28,385 - Agent - INFO - [37mTest Epoch 11 step 11 with [31mce_loss_combined : 1.427042 [31mce_loss_c : 1.507616 [31mce_loss_g : 1.465982 [31mkl_synergy_rand_1 : 0.079590 [31mkl_synergy_rand_2 : 0.091449 [31mkl_synergy_1 : 0.078165 [31mkl_synergy_2 : 0.098359 [31mtotal : 1.774605 [31mdiag_kl_1 : 0.843585 [31mdiag_kl_2 : 0.689509 [94mAcc_combined: 62.63 [94mAcc_c: 54.84 [94mAcc_g: 48.05 [92mF1_combined: 51.50 [92mF1_c: 46.84 [92mF1_g: 39.65 [39m
