Starting SynIB reference-ablation job
Python 3.12.12
/esat/smcdata/users/kkontras/Image_Dataset/no_backup/git/SynIB  (git 16830bb)
GPU 0: NVIDIA GeForce RTX 3090 Ti (UUID: GPU-5d8e6215-b7c7-b778-8d5e-f71e0522dcb2)
Executing: PYTHONPATH=src /esat/smcdata/users/kkontras/Image_Dataset/no_backup/envs/synergy/bin/python -m synib.entrypoints.train --config run/configs/rebuttal_ref_ablation/cremad_synib_u.json --default_config run/configs/rebuttal_ref_ablation/cremad_default.json --fold 2 --ironic_rate 0.1 --rmask random --l 1.0 --perturb_pmin 0.20 --perturb_fill ema --reference_type class_prior --ref_diag --start_over --tag REFABL_cremad_a01
Namespace(config='run/configs/rebuttal_ref_ablation/cremad_synib_u.json', default_config='run/configs/rebuttal_ref_ablation/cremad_default.json', fold='2', alpha=None, tanh_mode_beta=None, regby=None, batch_size=None, l='1.0', multil=None, lib=None, kmepoch=None, num_samples=None, contrcoeff=None, contr_type=None, shuffle_type=None, validate_with=None, num_classes=None, optim_method=None, ending_epoch=None, load_ongoing=None, recon_weight1=None, recon_weight2=None, recon_epochstages=None, recon_ensemblestages=None, lr=None, wd=None, cls=None, ironic_rate='0.1', perturb='random', perturb_fill='ema', perturb_pmax=None, perturb_pmin='0.20', perturb_lsparse=None, rmask='random', pmin=None, pmax=None, lsparse=None, debug_mask_stats=False, pre=False, frozen=False, tdqm_disable=False, start_over=True, no_model_save=False, num_layers=None, grad_accum=None, init_from=None, init_strict=False, perturb_lsparse_sign=None, l_anneal_epochs=None, perturb_steps=None, perturb_lsparse_warmup=None, perturb_lsparse_schedule=None, persist_ell=False, save_masks=False, penalty_swap=False, disable_ce_random=False, disable_kl_learned=False, masking_only=False, modality_dropout=None, modality_dropout_target=None, l_z1_masked=None, l_z2_masked=None, l_pareto=None, reference_type='class_prior', ref_diag=True, ref_ema_decay=None, tag='REFABL_cremad_a01')
2026-07-26 04:06:02,952 - Config - INFO - run/configs/rebuttal_ref_ablation/cremad_synib_u.json
2026-07-26 04:06:02,954 - Config - INFO -  THE Configuration of your experiment ..
{'agent': 'Agent',
 'dataset': {'data_roots': './data/CremaD/CREMA-D',
             'data_split': {'fold': 0, 'method': 'non_inclusive'},
             'dataloader_class': 'IronyCremadDataloader',
             'fps': 1,
             'ironic_label_name': 'SARCASM',
             'ironic_modes': ['train', 'val', 'test'],
             'ironic_rate': 1.0,
             'norm': False,
             'norm_face_path': './src/synib/mydatasets/Irony_Cremad/assets/norms/norm_face_path_fold{}.pkl',
             'norm_wav_path': './src/synib/mydatasets/Irony_Cremad/assets/norms/wav_norm_22050_fold{}.pkl',
             'num_frame': 3,
             'return_data': {'audio': False,
                             'face': False,
                             'spectrogram': True,
                             'video': True},
             'sampling_rate': 22050},
 'early_stopping': {'end_of_epoch_check': True,
                    'log_interval': 10,
                    'max_epoch': 1500,
                    'n_steps_stop': 30,
                    'n_steps_stop_after': 0,
                    'save_every_step': 3000,
                    'save_every_valstep': 10,
                    'validate_after': 0,
                    'validate_every': 25,
                    'validate_with': 'accuracy'},
 'exp_name': 'CREMAD Experiment',
 'model': {'args': {'bias_infusion': {'contrcoeff': 0.0, 'l': 1.0},
                    'cls_type': 'mlp',
                    'd_model': 512,
                    'dropout': 0.1,
                    'fc_inner': 64,
                    'in_dim': 64,
                    'multi_loss': {'multi_supervised_w': {'c': 1,
                                                          'combined': 1,
                                                          'g': 1}},
                    'norm_decision': False,
                    'num_classes': 7,
                    'synergy_type': 'unimodal_anchor'},
           'ceu': {'test': './artifacts/ceus/cremad/cremadplus_ceu_test_res_{}.pkl',
                   'val': './artifacts/ceus/cremad/cremadplus_ceu_val_res_{}.pkl'},
           'encoders': [{'args': {'d_model': 512,
                                  'dropout': 0.1,
                                  'fc_inner': 64,
                                  'freeze_encoder': False,
                                  'num_classes': 7},
                         'model': 'Audio_ResNet',
                         'name': 'enc_0_modality1_encoder',
                         'pretrainedEncoder': {'dir': 'unimodal_audio_fold{}_ir1.0_lr0.001_wd0.0001_clsmlp_bs64.pth.tar',
                                               'use': True},
                         'save_encoder': False},
                        {'args': {'d_model': 512,
                                  'dropout': 0.1,
                                  'fc_inner': 64,
                                  'freeze_encoder': False,
                                  'num_classes': 7},
                         'model': 'Video_ResNet',
                         'name': 'enc_1_modality2_encoder',
                         'pretrainedEncoder': {'dir': 'unimodal_video_fold{}_ir1.0_lr0.0001_wd0.0001_clsmlp_bs64.pth.tar',
                                               'use': True},
                         'save_encoder': False},
                        {'args': {'d_model': 512,
                                  'dropout': 0.1,
                                  'fc_inner': 64,
                                  'freeze_encoder': False},
                         'model': 'FusionTrunkLinear',
                         'name': 'enc_2_fusion_trunk',
                         'pretrainedEncoder': {'dir': 'enc_2_fusion_trunk_fold{}.pth.tar',
                                               'use': False},
                         'save_encoder': False},
                        {'args': {'freeze_encoder': False,
                                  'in_dim': 64,
                                  'num_classes': 7},
                         'model': 'LinearHead',
                         'name': 'enc_3_fusion_head',
                         'pretrainedEncoder': {'dir': 'enc_3_fusion_head_fold{}.pth.tar',
                                               'use': False},
                         'save_encoder': False},
                        {'args': {'dropout': 0.1,
                                  'freeze_encoder': False,
                                  'hidden_dim': 64,
                                  'in_dim': 512,
                                  'num_classes': 7},
                         'model': 'MLPHead',
                         'name': 'enc_4_unimodal_head_1',
                         'pretrainedEncoder': {'dir': 'enc_4_unimodal1_fold{}.pth.tar',
                                               'use': False},
                         'save_encoder': False},
                        {'args': {'dropout': 0.1,
                                  'freeze_encoder': False,
                                  'hidden_dim': 64,
                                  'in_dim': 512,
                                  'num_classes': 7},
                         'model': 'MLPHead',
                         'name': 'enc_5_unimodal_head_2',
                         'pretrainedEncoder': {'dir': 'enc_5_unimodal2_fold{}.pth.tar',
                                               'use': False},
                         'save_encoder': False}],
           'load_ongoing': False,
           'model_class': 'FusionIBModel_Mask_U',
           'save_base_dir': './data/data/2025_data/synergy/CremadPlus/v2',
           'save_dir': 'SynIB_RMask_U_{}.pth.tar'},
 'optimizer': {'beta1': 0.9,
               'beta2': 0.999,
               'learning_rate': 1e-05,
               'momentum': 0.9,
               'type': 'Adam',
               'weight_decay': 1e-05},
 'scheduler': {'max_lr': 0.03, 'type': 'cosanneal', 'warm_up_steps': 780},
 'training_params': {'async_loading': True,
                     'batch_size': 128,
                     'cuda': True,
                     'data_loader_workers': 8,
                     'gpu_device': [0],
                     'pin_memory': False,
                     'rec_test': True,
                     'res': True,
                     'seed': 109,
                     'tdqm_disable': False,
                     'test_batch_size': 128,
                     'test_on_bottoms': True,
                     'use_test_set': True,
                     'validation': True,
                     'verbose': True,
                     'wandb_disable': False}}
2026-07-26 04:06:02,957 - Config - INFO -  *************************************** 
2026-07-26 04:06:02,957 - Config - INFO - The experiment name is CREMAD Experiment
2026-07-26 04:06:02,957 - Config - INFO -  *************************************** 
2026-07-26 04:06:02,957 - root - INFO - save_dir: SynIB_RMask_U_REFABL_cremad_a01_fold2_l1.0_ir0.1_perturbrandom_fillema_pmin0.20_refclass_prior.pth.tar
2026-07-26 04:06:03,060 - Cuda Statistics - INFO - __Python VERSION:  3.12.12 | packaged by Anaconda, Inc. | (main, Oct 21 2025, 20:16:04) [GCC 11.2.0]
2026-07-26 04:06:03,060 - Cuda Statistics - INFO - __pyTorch VERSION:  2.7.1+cu118
2026-07-26 04:06:03,060 - Cuda Statistics - INFO - __CUDA VERSION
2026-07-26 04:06:03,064 - Cuda Statistics - INFO - __CUDNN VERSION:  90100
2026-07-26 04:06:03,090 - Cuda Statistics - INFO - __Number CUDA Devices:  1
2026-07-26 04:06:03,090 - Cuda Statistics - INFO - __Devices
2026-07-26 04:06:03,090 - Cuda Statistics - INFO - index, name, driver_version, memory.total [MiB], memory.used [MiB], memory.free [MiB]
2026-07-26 04:06:03,090 - Cuda Statistics - INFO - 0, NVIDIA GeForce RTX 3090 Ti, 610.43.03, 24564 MiB, 20 MiB, 24089 MiB
2026-07-26 04:06:03,094 - Cuda Statistics - INFO - Active CUDA Device: GPU 0
2026-07-26 04:06:03,094 - Cuda Statistics - INFO - Available devices  1
2026-07-26 04:06:03,094 - Cuda Statistics - INFO - Current cuda device  0
2026-07-26 04:06:04,546 - IronyCremadDataset - INFO - Loaded wav norm from ./src/synib/mydatasets/Irony_Cremad/assets/norms/wav_norm_22050_fold2.pkl
2026-07-26 04:06:04,909 - IronyCremadDataset - INFO - Loaded wav norm from ./src/synib/mydatasets/Irony_Cremad/assets/norms/wav_norm_22050_fold2.pkl
2026-07-26 04:06:05,333 - IronyCremadDataset - INFO - Loaded wav norm from ./src/synib/mydatasets/Irony_Cremad/assets/norms/wav_norm_22050_fold2.pkl
2026-07-26 04:06:05,334 - Agent - INFO - Device: cuda:0
2026-07-26 04:06:05,334 - Agent - INFO - Total training batches: 32, validate every 25 batches, steps per epoch: 2
2026-07-26 04:06:05,404 - Agent - INFO - class_prior counts=[678, 822, 548, 623, 620, 659, 67] prior=[0.1688, 0.2046, 0.1364, 0.1551, 0.1543, 0.1641, 0.0167]
2026-07-26 04:06:05,404 - Agent - INFO - Loss Weights are {'total': 1, 'combined': 1, 'c': 1, 'g': 1}
2026-07-26 04:06:05,404 - root - INFO - There is no CEU for train
2026-07-26 04:06:05,406 - root - INFO - There is no CEU for val
2026-07-26 04:06:05,406 - root - INFO - There is no CEU for test
{'d_model': 512, 'num_classes': 7, 'fc_inner': 64, 'dropout': 0.1, 'freeze_encoder': False}
2026-07-26 04:06:06,001 - root - INFO - Loading enc best model state dict from ./data/data/2025_data/synergy/CremadPlus/v2/unimodal_audio_fold2_ir0.1_lr0.001_wd0.0001_clsmlp_bs64.pth.tar
2026-07-26 04:06:06,727 - root - INFO - Loading enc best model state dict from ./data/data/2025_data/synergy/CremadPlus/v2/unimodal_video_fold2_ir0.1_lr0.0001_wd0.0001_clsmlp_bs64.pth.tar
2026-07-26 04:06:06,994 - Agent - INFO - Total number of trainable parameters are: 44840497
2026-07-26 04:06:07,000 - Agent - INFO - Total number of trainable parameters are: 22486563
2026-07-26 04:07:16,284 - Evaluator - INFO - New best with loss-accuracy-
2026-07-26 04:07:16,284 - Agent - INFO - [37mVal Epoch 1 step 1 with [31mce_loss_combined : 1.684921 [31mce_loss_c : 2.015991 [31mce_loss_g : 2.162832 [31mkl_synergy_rand_1 : 0.092942 [31mkl_synergy_rand_2 : 0.094835 [31mkl_synergy_1 : 0.097596 [31mkl_synergy_2 : 0.097216 [31mtotal : 2.067510 [31mdiag_kl_1 : 1.350919 [31mdiag_kl_2 : 1.185695 [94mAcc_combined: 55.01 [94mAcc_c: 59.95 [94mAcc_g: 49.60 [92mF1_combined: 43.81 [92mF1_c: 51.39 [92mF1_g: 42.18 [39m
2026-07-26 04:07:16,296 - Agent - INFO - [37mTest Epoch 1 step 1 with [31mce_loss_combined : 1.689167 [31mce_loss_c : 2.090924 [31mce_loss_g : 2.362641 [31mkl_synergy_rand_1 : 0.096881 [31mkl_synergy_rand_2 : 0.099106 [31mkl_synergy_1 : 0.098501 [31mkl_synergy_2 : 0.100857 [31mtotal : 2.084512 [31mdiag_kl_1 : 1.329641 [31mdiag_kl_2 : 1.303490 [94mAcc_combined: 55.46 [94mAcc_c: 59.21 [94mAcc_g: 48.07 [92mF1_combined: 44.29 [92mF1_c: 50.14 [92mF1_g: 40.82 [39m
2026-07-26 04:07:17,153 - Agent - INFO - [37mModel saved successfully at: ./data/data/2025_data/synergy/CremadPlus/v2/SynIB_RMask_U_REFABL_cremad_a01_fold2_l1.0_ir0.1_perturbrandom_fillema_pmin0.20_refclass_prior.pth.tar[39m
2026-07-26 04:08:26,546 - Evaluator - INFO - New best with loss-accuracy-
2026-07-26 04:08:26,547 - Agent - INFO - [37mVal Epoch 2 step 2 with [31mce_loss_combined : 1.534152 [31mce_loss_c : 2.049616 [31mce_loss_g : 2.062506 [31mkl_synergy_rand_1 : 0.082613 [31mkl_synergy_rand_2 : 0.084240 [31mkl_synergy_1 : 0.087493 [31mkl_synergy_2 : 0.088558 [31mtotal : 1.877057 [31mdiag_kl_1 : 1.200892 [31mdiag_kl_2 : 1.076375 [94mAcc_combined: 67.20 [94mAcc_c: 58.69 [94mAcc_g: 48.91 [92mF1_combined: 56.62 [92mF1_c: 50.07 [92mF1_g: 41.56 [39m
2026-07-26 04:08:26,558 - Agent - INFO - [37mTest Epoch 2 step 2 with [31mce_loss_combined : 1.542611 [31mce_loss_c : 2.102872 [31mce_loss_g : 2.488453 [31mkl_synergy_rand_1 : 0.088398 [31mkl_synergy_rand_2 : 0.088573 [31mkl_synergy_1 : 0.089330 [31mkl_synergy_2 : 0.091793 [31mtotal : 1.900705 [31mdiag_kl_1 : 1.189121 [31mdiag_kl_2 : 1.196821 [94mAcc_combined: 65.85 [94mAcc_c: 58.78 [94mAcc_g: 46.90 [92mF1_combined: 55.27 [92mF1_c: 49.49 [92mF1_g: 40.22 [39m
2026-07-26 04:08:28,056 - Agent - INFO - [37mModel saved successfully at: ./data/data/2025_data/synergy/CremadPlus/v2/SynIB_RMask_U_REFABL_cremad_a01_fold2_l1.0_ir0.1_perturbrandom_fillema_pmin0.20_refclass_prior.pth.tar[39m
2026-07-26 04:09:39,896 - Evaluator - INFO - New best with loss-accuracy-
2026-07-26 04:09:39,896 - Agent - INFO - [37mVal Epoch 3 step 3 with [31mce_loss_combined : 1.439201 [31mce_loss_c : 2.010216 [31mce_loss_g : 2.056547 [31mkl_synergy_rand_1 : 0.082484 [31mkl_synergy_rand_2 : 0.084247 [31mkl_synergy_1 : 0.087244 [31mkl_synergy_2 : 0.089702 [31mtotal : 1.782879 [31mdiag_kl_1 : 1.101206 [31mdiag_kl_2 : 0.999561 [94mAcc_combined: 69.74 [94mAcc_c: 58.23 [94mAcc_g: 49.37 [92mF1_combined: 59.22 [92mF1_c: 49.47 [92mF1_g: 42.18 [39m
2026-07-26 04:09:39,908 - Agent - INFO - [37mTest Epoch 3 step 3 with [31mce_loss_combined : 1.452151 [31mce_loss_c : 2.073939 [31mce_loss_g : 2.370540 [31mkl_synergy_rand_1 : 0.088093 [31mkl_synergy_rand_2 : 0.087094 [31mkl_synergy_1 : 0.089005 [31mkl_synergy_2 : 0.093504 [31mtotal : 1.809847 [31mdiag_kl_1 : 1.101717 [31mdiag_kl_2 : 1.121437 [94mAcc_combined: 69.81 [94mAcc_c: 59.85 [94mAcc_g: 46.79 [92mF1_combined: 59.51 [92mF1_c: 50.51 [92mF1_g: 40.96 [39m
2026-07-26 04:09:41,510 - Agent - INFO - [37mModel saved successfully at: ./data/data/2025_data/synergy/CremadPlus/v2/SynIB_RMask_U_REFABL_cremad_a01_fold2_l1.0_ir0.1_perturbrandom_fillema_pmin0.20_refclass_prior.pth.tar[39m
2026-07-26 04:10:51,142 - Evaluator - INFO - New best with loss-
2026-07-26 04:10:51,142 - Agent - INFO - [37mVal Epoch 4 step 4 with [31mce_loss_combined : 1.386219 [31mce_loss_c : 2.002281 [31mce_loss_g : 1.909027 [31mkl_synergy_rand_1 : 0.086635 [31mkl_synergy_rand_2 : 0.083934 [31mkl_synergy_1 : 0.090130 [31mkl_synergy_2 : 0.093658 [31mtotal : 1.740574 [31mdiag_kl_1 : 1.033436 [31mdiag_kl_2 : 0.964000 [94mAcc_combined: 68.93 [94mAcc_c: 57.54 [94mAcc_g: 48.45 [92mF1_combined: 58.48 [92mF1_c: 48.67 [92mF1_g: 42.26 [39m
2026-07-26 04:10:51,154 - Agent - INFO - [37mTest Epoch 4 step 4 with [31mce_loss_combined : 1.397632 [31mce_loss_c : 2.020463 [31mce_loss_g : 2.076536 [31mkl_synergy_rand_1 : 0.087191 [31mkl_synergy_rand_2 : 0.085608 [31mkl_synergy_1 : 0.089855 [31mkl_synergy_2 : 0.092042 [31mtotal : 1.752328 [31mdiag_kl_1 : 1.048939 [31mdiag_kl_2 : 1.077909 [94mAcc_combined: 70.99 [94mAcc_c: 60.17 [94mAcc_g: 44.75 [92mF1_combined: 60.52 [92mF1_c: 50.88 [92mF1_g: 39.41 [39m
2026-07-26 04:10:53,245 - Agent - INFO - [37mModel saved successfully at: ./data/data/2025_data/synergy/CremadPlus/v2/SynIB_RMask_U_REFABL_cremad_a01_fold2_l1.0_ir0.1_perturbrandom_fillema_pmin0.20_refclass_prior.pth.tar[39m
2026-07-26 04:12:01,953 - Evaluator - INFO - New best with loss-
2026-07-26 04:12:01,953 - Agent - INFO - [37mVal Epoch 5 step 5 with [31mce_loss_combined : 1.364690 [31mce_loss_c : 1.994899 [31mce_loss_g : 1.722059 [31mkl_synergy_rand_1 : 0.085784 [31mkl_synergy_rand_2 : 0.083944 [31mkl_synergy_1 : 0.091355 [31mkl_synergy_2 : 0.094286 [31mtotal : 1.720058 [31mdiag_kl_1 : 1.002250 [31mdiag_kl_2 : 0.959176 [94mAcc_combined: 68.81 [94mAcc_c: 57.08 [94mAcc_g: 49.48 [92mF1_combined: 58.03 [92mF1_c: 48.25 [92mF1_g: 42.21 [39m
2026-07-26 04:12:01,965 - Agent - INFO - [37mTest Epoch 5 step 5 with [31mce_loss_combined : 1.374200 [31mce_loss_c : 2.009376 [31mce_loss_g : 1.866479 [31mkl_synergy_rand_1 : 0.084531 [31mkl_synergy_rand_2 : 0.081912 [31mkl_synergy_1 : 0.088016 [31mkl_synergy_2 : 0.091195 [31mtotal : 1.719854 [31mdiag_kl_1 : 1.024137 [31mdiag_kl_2 : 1.068033 [94mAcc_combined: 70.56 [94mAcc_c: 59.10 [94mAcc_g: 45.72 [92mF1_combined: 59.96 [92mF1_c: 49.74 [92mF1_g: 40.13 [39m
2026-07-26 04:12:04,016 - Agent - INFO - [37mModel saved successfully at: ./data/data/2025_data/synergy/CremadPlus/v2/SynIB_RMask_U_REFABL_cremad_a01_fold2_l1.0_ir0.1_perturbrandom_fillema_pmin0.20_refclass_prior.pth.tar[39m
2026-07-26 04:13:17,021 - Evaluator - INFO - New best with loss-
2026-07-26 04:13:17,024 - Agent - INFO - [37mVal Epoch 6 step 6 with [31mce_loss_combined : 1.351622 [31mce_loss_c : 1.965425 [31mce_loss_g : 1.720721 [31mkl_synergy_rand_1 : 0.087563 [31mkl_synergy_rand_2 : 0.084558 [31mkl_synergy_1 : 0.092569 [31mkl_synergy_2 : 0.097589 [31mtotal : 1.713902 [31mdiag_kl_1 : 0.986844 [31mdiag_kl_2 : 0.956796 [94mAcc_combined: 69.51 [94mAcc_c: 56.27 [94mAcc_g: 48.56 [92mF1_combined: 58.80 [92mF1_c: 47.08 [92mF1_g: 42.24 [39m
2026-07-26 04:13:17,035 - Agent - INFO - [37mTest Epoch 6 step 6 with [31mce_loss_combined : 1.364947 [31mce_loss_c : 1.968965 [31mce_loss_g : 1.841640 [31mkl_synergy_rand_1 : 0.084556 [31mkl_synergy_rand_2 : 0.080978 [31mkl_synergy_1 : 0.087305 [31mkl_synergy_2 : 0.091609 [31mtotal : 1.709395 [31mdiag_kl_1 : 1.014523 [31mdiag_kl_2 : 1.060564 [94mAcc_combined: 71.31 [94mAcc_c: 58.14 [94mAcc_g: 44.00 [92mF1_combined: 60.72 [92mF1_c: 48.87 [92mF1_g: 39.06 [39m
2026-07-26 04:13:19,112 - Agent - INFO - [37mModel saved successfully at: ./data/data/2025_data/synergy/CremadPlus/v2/SynIB_RMask_U_REFABL_cremad_a01_fold2_l1.0_ir0.1_perturbrandom_fillema_pmin0.20_refclass_prior.pth.tar[39m
2026-07-26 04:14:30,432 - Evaluator - INFO - New best with loss-
2026-07-26 04:14:30,432 - Agent - INFO - [37mVal Epoch 7 step 7 with [31mce_loss_combined : 1.346708 [31mce_loss_c : 1.970066 [31mce_loss_g : 1.657874 [31mkl_synergy_rand_1 : 0.085373 [31mkl_synergy_rand_2 : 0.083222 [31mkl_synergy_1 : 0.092209 [31mkl_synergy_2 : 0.094600 [31mtotal : 1.702112 [31mdiag_kl_1 : 0.978905 [31mdiag_kl_2 : 0.942842 [94mAcc_combined: 68.01 [94mAcc_c: 55.35 [94mAcc_g: 48.91 [92mF1_combined: 57.17 [92mF1_c: 46.01 [92mF1_g: 42.10 [39m
2026-07-26 04:14:30,444 - Agent - INFO - [37mTest Epoch 7 step 7 with [31mce_loss_combined : 1.357175 [31mce_loss_c : 1.943366 [31mce_loss_g : 1.751025 [31mkl_synergy_rand_1 : 0.082082 [31mkl_synergy_rand_2 : 0.078339 [31mkl_synergy_1 : 0.085854 [31mkl_synergy_2 : 0.090978 [31mtotal : 1.694428 [31mdiag_kl_1 : 1.005223 [31mdiag_kl_2 : 1.058429 [94mAcc_combined: 70.66 [94mAcc_c: 56.42 [94mAcc_g: 43.47 [92mF1_combined: 59.70 [92mF1_c: 47.30 [92mF1_g: 38.34 [39m
2026-07-26 04:14:32,514 - Agent - INFO - [37mModel saved successfully at: ./data/data/2025_data/synergy/CremadPlus/v2/SynIB_RMask_U_REFABL_cremad_a01_fold2_l1.0_ir0.1_perturbrandom_fillema_pmin0.20_refclass_prior.pth.tar[39m
2026-07-26 04:15:44,462 - Evaluator - INFO - New best with loss-
2026-07-26 04:15:44,462 - Agent - INFO - [37mVal Epoch 8 step 8 with [31mce_loss_combined : 1.343374 [31mce_loss_c : 1.968628 [31mce_loss_g : 1.647189 [31mkl_synergy_rand_1 : 0.085480 [31mkl_synergy_rand_2 : 0.082821 [31mkl_synergy_1 : 0.091788 [31mkl_synergy_2 : 0.096518 [31mtotal : 1.699981 [31mdiag_kl_1 : 0.973265 [31mdiag_kl_2 : 0.947279 [94mAcc_combined: 68.81 [94mAcc_c: 54.32 [94mAcc_g: 47.53 [92mF1_combined: 57.91 [92mF1_c: 45.04 [92mF1_g: 41.11 [39m
2026-07-26 04:15:44,474 - Agent - INFO - [37mTest Epoch 8 step 8 with [31mce_loss_combined : 1.350406 [31mce_loss_c : 1.902639 [31mce_loss_g : 1.733930 [31mkl_synergy_rand_1 : 0.082625 [31mkl_synergy_rand_2 : 0.078642 [31mkl_synergy_1 : 0.088624 [31mkl_synergy_2 : 0.089533 [31mtotal : 1.689831 [31mdiag_kl_1 : 0.994973 [31mdiag_kl_2 : 1.063734 [94mAcc_combined: 71.95 [94mAcc_c: 56.64 [94mAcc_g: 43.15 [92mF1_combined: 60.91 [92mF1_c: 47.65 [92mF1_g: 38.14 [39m
2026-07-26 04:15:46,553 - Agent - INFO - [37mModel saved successfully at: ./data/data/2025_data/synergy/CremadPlus/v2/SynIB_RMask_U_REFABL_cremad_a01_fold2_l1.0_ir0.1_perturbrandom_fillema_pmin0.20_refclass_prior.pth.tar[39m
2026-07-26 04:16:59,792 - Evaluator - INFO - New best with loss-
2026-07-26 04:16:59,793 - Agent - INFO - [37mVal Epoch 9 step 9 with [31mce_loss_combined : 1.340873 [31mce_loss_c : 1.870331 [31mce_loss_g : 1.688483 [31mkl_synergy_rand_1 : 0.084988 [31mkl_synergy_rand_2 : 0.081603 [31mkl_synergy_1 : 0.091730 [31mkl_synergy_2 : 0.095122 [31mtotal : 1.694316 [31mdiag_kl_1 : 0.969030 [31mdiag_kl_2 : 0.957274 [94mAcc_combined: 68.70 [94mAcc_c: 53.51 [94mAcc_g: 46.72 [92mF1_combined: 57.77 [92mF1_c: 44.29 [92mF1_g: 40.29 [39m
2026-07-26 04:16:59,815 - Agent - INFO - [37mTest Epoch 9 step 9 with [31mce_loss_combined : 1.350730 [31mce_loss_c : 1.821705 [31mce_loss_g : 1.722100 [31mkl_synergy_rand_1 : 0.082034 [31mkl_synergy_rand_2 : 0.076060 [31mkl_synergy_1 : 0.087127 [31mkl_synergy_2 : 0.088611 [31mtotal : 1.684563 [31mdiag_kl_1 : 0.989872 [31mdiag_kl_2 : 1.065832 [94mAcc_combined: 71.84 [94mAcc_c: 55.35 [94mAcc_g: 42.72 [92mF1_combined: 60.68 [92mF1_c: 46.56 [92mF1_g: 37.52 [39m
2026-07-26 04:17:01,907 - Agent - INFO - [37mModel saved successfully at: ./data/data/2025_data/synergy/CremadPlus/v2/SynIB_RMask_U_REFABL_cremad_a01_fold2_l1.0_ir0.1_perturbrandom_fillema_pmin0.20_refclass_prior.pth.tar[39m
2026-07-26 04:18:18,953 - Agent - INFO - [37mVal Epoch 10 step 10 with [31mce_loss_combined : 1.342017 [31mce_loss_c : 1.803136 [31mce_loss_g : 1.665390 [31mkl_synergy_rand_1 : 0.086957 [31mkl_synergy_rand_2 : 0.081460 [31mkl_synergy_1 : 0.093005 [31mkl_synergy_2 : 0.093287 [31mtotal : 1.696726 [31mdiag_kl_1 : 0.955137 [31mdiag_kl_2 : 0.960042 [94mAcc_combined: 68.47 [94mAcc_c: 52.24 [94mAcc_g: 46.26 [92mF1_combined: 57.50 [92mF1_c: 42.86 [92mF1_g: 40.27 [39m
2026-07-26 04:18:18,982 - Agent - INFO - [37mTest Epoch 10 step 10 with [31mce_loss_combined : 1.349633 [31mce_loss_c : 1.741489 [31mce_loss_g : 1.678334 [31mkl_synergy_rand_1 : 0.082906 [31mkl_synergy_rand_2 : 0.075003 [31mkl_synergy_1 : 0.089160 [31mkl_synergy_2 : 0.087938 [31mtotal : 1.684640 [31mdiag_kl_1 : 0.984559 [31mdiag_kl_2 : 1.077478 [94mAcc_combined: 71.31 [94mAcc_c: 54.60 [94mAcc_g: 41.33 [92mF1_combined: 60.34 [92mF1_c: 46.04 [92mF1_g: 36.45 [39m
2026-07-26 04:19:32,707 - Agent - INFO - [37mVal Epoch 11 step 11 with [31mce_loss_combined : 1.346891 [31mce_loss_c : 1.699110 [31mce_loss_g : 1.598758 [31mkl_synergy_rand_1 : 0.084781 [31mkl_synergy_rand_2 : 0.078243 [31mkl_synergy_1 : 0.091539 [31mkl_synergy_2 : 0.088600 [31mtotal : 1.690054 [31mdiag_kl_1 : 0.952702 [31mdiag_kl_2 : 0.977907 [94mAcc_combined: 68.81 [94mAcc_c: 52.01 [94mAcc_g: 47.64 [92mF1_combined: 57.81 [92mF1_c: 42.75 [92mF1_g: 41.30 [39m
2026-07-26 04:19:32,720 - Agent - INFO - [37mTest Epoch 11 step 11 with [31mce_loss_combined : 1.356485 [31mce_loss_c : 1.659084 [31mce_loss_g : 1.628678 [31mkl_synergy_rand_1 : 0.078904 [31mkl_synergy_rand_2 : 0.072602 [31mkl_synergy_1 : 0.085046 [31mkl_synergy_2 : 0.082718 [31mtotal : 1.675756 [31mdiag_kl_1 : 0.984708 [31mdiag_kl_2 : 1.093814 [94mAcc_combined: 70.88 [94mAcc_c: 53.53 [94mAcc_g: 41.11 [92mF1_combined: 59.74 [92mF1_c: 45.23 [92mF1_g: 36.22 [39m
2026-07-26 04:20:43,819 - Agent - INFO - [37mVal Epoch 12 step 12 with [31mce_loss_combined : 1.358560 [31mce_loss_c : 1.602983 [31mce_loss_g : 1.605450 [31mkl_synergy_rand_1 : 0.082858 [31mkl_synergy_rand_2 : 0.076058 [31mkl_synergy_1 : 0.088545 [31mkl_synergy_2 : 0.085381 [31mtotal : 1.691402 [31mdiag_kl_1 : 0.953003 [31mdiag_kl_2 : 0.980298 [94mAcc_combined: 67.32 [94mAcc_c: 51.32 [94mAcc_g: 45.80 [92mF1_combined: 56.52 [92mF1_c: 42.00 [92mF1_g: 39.60 [39m
2026-07-26 04:20:43,882 - Agent - INFO - [37mTest Epoch 12 step 12 with [31mce_loss_combined : 1.365842 [31mce_loss_c : 1.586115 [31mce_loss_g : 1.639421 [31mkl_synergy_rand_1 : 0.076996 [31mkl_synergy_rand_2 : 0.068972 [31mkl_synergy_1 : 0.084545 [31mkl_synergy_2 : 0.080876 [31mtotal : 1.677232 [31mdiag_kl_1 : 0.979007 [31mdiag_kl_2 : 1.098217 [94mAcc_combined: 69.91 [94mAcc_c: 51.82 [94mAcc_g: 40.90 [92mF1_combined: 59.04 [92mF1_c: 43.72 [92mF1_g: 35.92 [39m
2026-07-26 04:21:59,556 - Agent - INFO - [37mVal Epoch 13 step 13 with [31mce_loss_combined : 1.355065 [31mce_loss_c : 1.522091 [31mce_loss_g : 1.585741 [31mkl_synergy_rand_1 : 0.083659 [31mkl_synergy_rand_2 : 0.072875 [31mkl_synergy_1 : 0.089246 [31mkl_synergy_2 : 0.085737 [31mtotal : 1.686582 [31mdiag_kl_1 : 0.940900 [31mdiag_kl_2 : 1.000169 [94mAcc_combined: 67.20 [94mAcc_c: 50.29 [94mAcc_g: 45.57 [92mF1_combined: 56.46 [92mF1_c: 41.35 [92mF1_g: 39.31 [39m
2026-07-26 04:21:59,570 - Agent - INFO - [37mTest Epoch 13 step 13 with [31mce_loss_combined : 1.367544 [31mce_loss_c : 1.525541 [31mce_loss_g : 1.616871 [31mkl_synergy_rand_1 : 0.078714 [31mkl_synergy_rand_2 : 0.068450 [31mkl_synergy_1 : 0.086237 [31mkl_synergy_2 : 0.078998 [31mtotal : 1.679944 [31mdiag_kl_1 : 0.967193 [31mdiag_kl_2 : 1.117789 [94mAcc_combined: 69.59 [94mAcc_c: 50.54 [94mAcc_g: 40.69 [92mF1_combined: 58.81 [92mF1_c: 42.66 [92mF1_g: 35.80 [39m
2026-07-26 04:23:15,063 - Agent - INFO - [37mVal Epoch 14 step 14 with [31mce_loss_combined : 1.373915 [31mce_loss_c : 1.449847 [31mce_loss_g : 1.622975 [31mkl_synergy_rand_1 : 0.080895 [31mkl_synergy_rand_2 : 0.069921 [31mkl_synergy_1 : 0.086801 [31mkl_synergy_2 : 0.080314 [31mtotal : 1.691846 [31mdiag_kl_1 : 0.950554 [31mdiag_kl_2 : 1.005163 [94mAcc_combined: 65.36 [94mAcc_c: 49.25 [94mAcc_g: 43.50 [92mF1_combined: 55.00 [92mF1_c: 40.46 [92mF1_g: 37.03 [39m
2026-07-26 04:23:15,075 - Agent - INFO - [37mTest Epoch 14 step 14 with [31mce_loss_combined : 1.382003 [31mce_loss_c : 1.487825 [31mce_loss_g : 1.635889 [31mkl_synergy_rand_1 : 0.073825 [31mkl_synergy_rand_2 : 0.065681 [31mkl_synergy_1 : 0.081728 [31mkl_synergy_2 : 0.073330 [31mtotal : 1.676567 [31mdiag_kl_1 : 0.984524 [31mdiag_kl_2 : 1.122920 [94mAcc_combined: 68.42 [94mAcc_c: 50.43 [94mAcc_g: 39.29 [92mF1_combined: 57.89 [92mF1_c: 42.19 [92mF1_g: 33.98 [39m
2026-07-26 04:24:31,642 - Agent - INFO - [37mVal Epoch 15 step 15 with [31mce_loss_combined : 1.369132 [31mce_loss_c : 1.432212 [31mce_loss_g : 1.605228 [31mkl_synergy_rand_1 : 0.078436 [31mkl_synergy_rand_2 : 0.070160 [31mkl_synergy_1 : 0.086748 [31mkl_synergy_2 : 0.074905 [31mtotal : 1.679381 [31mdiag_kl_1 : 0.951362 [31mdiag_kl_2 : 1.012911 [94mAcc_combined: 65.94 [94mAcc_c: 47.87 [94mAcc_g: 43.15 [92mF1_combined: 55.57 [92mF1_c: 39.38 [92mF1_g: 37.09 [39m
2026-07-26 04:24:31,704 - Agent - INFO - [37mTest Epoch 15 step 15 with [31mce_loss_combined : 1.384276 [31mce_loss_c : 1.486692 [31mce_loss_g : 1.616417 [31mkl_synergy_rand_1 : 0.073677 [31mkl_synergy_rand_2 : 0.061760 [31mkl_synergy_1 : 0.080812 [31mkl_synergy_2 : 0.070497 [31mtotal : 1.671021 [31mdiag_kl_1 : 0.973086 [31mdiag_kl_2 : 1.136624 [94mAcc_combined: 68.52 [94mAcc_c: 47.54 [94mAcc_g: 39.51 [92mF1_combined: 57.96 [92mF1_c: 40.00 [92mF1_g: 34.36 [39m
2026-07-26 04:25:45,553 - Agent - INFO - [37mVal Epoch 16 step 16 with [31mce_loss_combined : 1.371339 [31mce_loss_c : 1.425532 [31mce_loss_g : 1.597852 [31mkl_synergy_rand_1 : 0.081221 [31mkl_synergy_rand_2 : 0.068682 [31mkl_synergy_1 : 0.086859 [31mkl_synergy_2 : 0.071725 [31mtotal : 1.679825 [31mdiag_kl_1 : 0.938074 [31mdiag_kl_2 : 1.021390 [94mAcc_combined: 65.94 [94mAcc_c: 46.38 [94mAcc_g: 43.50 [92mF1_combined: 55.57 [92mF1_c: 38.21 [92mF1_g: 37.28 [39m
2026-07-26 04:25:45,565 - Agent - INFO - [37mTest Epoch 16 step 16 with [31mce_loss_combined : 1.377443 [31mce_loss_c : 1.503971 [31mce_loss_g : 1.607789 [31mkl_synergy_rand_1 : 0.075441 [31mkl_synergy_rand_2 : 0.062833 [31mkl_synergy_1 : 0.083464 [31mkl_synergy_2 : 0.065732 [31mtotal : 1.664912 [31mdiag_kl_1 : 0.959668 [31mdiag_kl_2 : 1.144853 [94mAcc_combined: 69.06 [94mAcc_c: 44.86 [94mAcc_g: 38.54 [92mF1_combined: 58.54 [92mF1_c: 37.82 [92mF1_g: 33.41 [39m
2026-07-26 04:26:54,508 - Agent - INFO - [37mVal Epoch 17 step 17 with [31mce_loss_combined : 1.369431 [31mce_loss_c : 1.451126 [31mce_loss_g : 1.621457 [31mkl_synergy_rand_1 : 0.080072 [31mkl_synergy_rand_2 : 0.066352 [31mkl_synergy_1 : 0.087544 [31mkl_synergy_2 : 0.066373 [31mtotal : 1.669773 [31mdiag_kl_1 : 0.934416 [31mdiag_kl_2 : 1.020725 [94mAcc_combined: 65.48 [94mAcc_c: 44.30 [94mAcc_g: 40.62 [92mF1_combined: 55.34 [92mF1_c: 36.62 [92mF1_g: 34.73 [39m
2026-07-26 04:26:54,520 - Agent - INFO - [37mTest Epoch 17 step 17 with [31mce_loss_combined : 1.377190 [31mce_loss_c : 1.532329 [31mce_loss_g : 1.636577 [31mkl_synergy_rand_1 : 0.074485 [31mkl_synergy_rand_2 : 0.061604 [31mkl_synergy_1 : 0.081741 [31mkl_synergy_2 : 0.062350 [31mtotal : 1.657370 [31mdiag_kl_1 : 0.950635 [31mdiag_kl_2 : 1.143863 [94mAcc_combined: 68.84 [94mAcc_c: 42.61 [94mAcc_g: 37.26 [92mF1_combined: 58.50 [92mF1_c: 36.44 [92mF1_g: 31.96 [39m
2026-07-26 04:28:03,119 - Agent - INFO - [37mVal Epoch 18 step 18 with [31mce_loss_combined : 1.370674 [31mce_loss_c : 1.483853 [31mce_loss_g : 1.684341 [31mkl_synergy_rand_1 : 0.081777 [31mkl_synergy_rand_2 : 0.068366 [31mkl_synergy_1 : 0.087729 [31mkl_synergy_2 : 0.067063 [31mtotal : 1.675610 [31mdiag_kl_1 : 0.928242 [31mdiag_kl_2 : 1.021763 [94mAcc_combined: 64.67 [94mAcc_c: 43.04 [94mAcc_g: 37.86 [92mF1_combined: 54.90 [92mF1_c: 35.01 [92mF1_g: 32.46 [39m
2026-07-26 04:28:03,133 - Agent - INFO - [37mTest Epoch 18 step 18 with [31mce_loss_combined : 1.375244 [31mce_loss_c : 1.571645 [31mce_loss_g : 1.680032 [31mkl_synergy_rand_1 : 0.076067 [31mkl_synergy_rand_2 : 0.063566 [31mkl_synergy_1 : 0.083855 [31mkl_synergy_2 : 0.062117 [31mtotal : 1.660849 [31mdiag_kl_1 : 0.947862 [31mdiag_kl_2 : 1.140670 [94mAcc_combined: 68.74 [94mAcc_c: 39.94 [94mAcc_g: 35.12 [92mF1_combined: 58.79 [92mF1_c: 33.48 [92mF1_g: 30.19 [39m
2026-07-26 04:29:16,351 - Agent - INFO - [37mVal Epoch 19 step 19 with [31mce_loss_combined : 1.373164 [31mce_loss_c : 1.545384 [31mce_loss_g : 1.689550 [31mkl_synergy_rand_1 : 0.078988 [31mkl_synergy_rand_2 : 0.065583 [31mkl_synergy_1 : 0.085939 [31mkl_synergy_2 : 0.065327 [31mtotal : 1.669002 [31mdiag_kl_1 : 0.936521 [31mdiag_kl_2 : 1.030600 [94mAcc_combined: 65.36 [94mAcc_c: 37.74 [94mAcc_g: 34.98 [92mF1_combined: 55.13 [92mF1_c: 31.72 [92mF1_g: 29.66 [39m
2026-07-26 04:29:16,363 - Agent - INFO - [37mTest Epoch 19 step 19 with [31mce_loss_combined : 1.382032 [31mce_loss_c : 1.623306 [31mce_loss_g : 1.687659 [31mkl_synergy_rand_1 : 0.073003 [31mkl_synergy_rand_2 : 0.059905 [31mkl_synergy_1 : 0.082309 [31mkl_synergy_2 : 0.057932 [31mtotal : 1.655182 [31mdiag_kl_1 : 0.953154 [31mdiag_kl_2 : 1.147418 [94mAcc_combined: 67.77 [94mAcc_c: 36.08 [94mAcc_g: 33.94 [92mF1_combined: 57.40 [92mF1_c: 30.19 [92mF1_g: 28.71 [39m
2026-07-26 04:30:35,945 - Agent - INFO - [37mVal Epoch 20 step 20 with [31mce_loss_combined : 1.378062 [31mce_loss_c : 1.653844 [31mce_loss_g : 1.745645 [31mkl_synergy_rand_1 : 0.079017 [31mkl_synergy_rand_2 : 0.065354 [31mkl_synergy_1 : 0.087212 [31mkl_synergy_2 : 0.063514 [31mtotal : 1.673159 [31mdiag_kl_1 : 0.934815 [31mdiag_kl_2 : 1.036562 [94mAcc_combined: 64.44 [94mAcc_c: 30.38 [94mAcc_g: 32.11 [92mF1_combined: 54.82 [92mF1_c: 23.83 [92mF1_g: 26.65 [39m
2026-07-26 04:30:35,957 - Agent - INFO - [37mTest Epoch 20 step 20 with [31mce_loss_combined : 1.383289 [31mce_loss_c : 1.725457 [31mce_loss_g : 1.714228 [31mkl_synergy_rand_1 : 0.075480 [31mkl_synergy_rand_2 : 0.060508 [31mkl_synergy_1 : 0.082043 [31mkl_synergy_2 : 0.059835 [31mtotal : 1.661156 [31mdiag_kl_1 : 0.946063 [31mdiag_kl_2 : 1.159348 [94mAcc_combined: 69.27 [94mAcc_c: 28.27 [94mAcc_g: 32.23 [92mF1_combined: 59.09 [92mF1_c: 22.93 [92mF1_g: 26.99 [39m
2026-07-26 04:31:48,885 - Agent - INFO - [37mVal Epoch 21 step 21 with [31mce_loss_combined : 1.377148 [31mce_loss_c : 1.699476 [31mce_loss_g : 1.782837 [31mkl_synergy_rand_1 : 0.077626 [31mkl_synergy_rand_2 : 0.066539 [31mkl_synergy_1 : 0.083090 [31mkl_synergy_2 : 0.062143 [31mtotal : 1.666546 [31mdiag_kl_1 : 0.939162 [31mdiag_kl_2 : 1.024160 [94mAcc_combined: 65.25 [94mAcc_c: 25.20 [94mAcc_g: 29.57 [92mF1_combined: 55.03 [92mF1_c: 21.37 [92mF1_g: 24.65 [39m
2026-07-26 04:31:48,900 - Agent - INFO - [37mTest Epoch 21 step 21 with [31mce_loss_combined : 1.385379 [31mce_loss_c : 1.760107 [31mce_loss_g : 1.761593 [31mkl_synergy_rand_1 : 0.072220 [31mkl_synergy_rand_2 : 0.059873 [31mkl_synergy_1 : 0.078902 [31mkl_synergy_2 : 0.057978 [31mtotal : 1.654353 [31mdiag_kl_1 : 0.952861 [31mdiag_kl_2 : 1.144852 [94mAcc_combined: 68.52 [94mAcc_c: 25.05 [94mAcc_g: 29.01 [92mF1_combined: 58.19 [92mF1_c: 21.09 [92mF1_g: 23.98 [39m
2026-07-26 04:33:06,314 - Agent - INFO - [37mVal Epoch 22 step 22 with [31mce_loss_combined : 1.387120 [31mce_loss_c : 1.768497 [31mce_loss_g : 1.816159 [31mkl_synergy_rand_1 : 0.076867 [31mkl_synergy_rand_2 : 0.063696 [31mkl_synergy_1 : 0.081768 [31mkl_synergy_2 : 0.061222 [31mtotal : 1.670673 [31mdiag_kl_1 : 0.939089 [31mdiag_kl_2 : 1.033887 [94mAcc_combined: 64.33 [94mAcc_c: 20.60 [94mAcc_g: 25.66 [92mF1_combined: 54.63 [92mF1_c: 17.79 [92mF1_g: 21.59 [39m
2026-07-26 04:33:06,326 - Agent - INFO - [37mTest Epoch 22 step 22 with [31mce_loss_combined : 1.389037 [31mce_loss_c : 1.816945 [31mce_loss_g : 1.813205 [31mkl_synergy_rand_1 : 0.072255 [31mkl_synergy_rand_2 : 0.059374 [31mkl_synergy_1 : 0.080372 [31mkl_synergy_2 : 0.056213 [31mtotal : 1.657252 [31mdiag_kl_1 : 0.953743 [31mdiag_kl_2 : 1.146416 [94mAcc_combined: 68.95 [94mAcc_c: 18.95 [94mAcc_g: 25.37 [92mF1_combined: 58.77 [92mF1_c: 15.73 [92mF1_g: 21.84 [39m
2026-07-26 04:34:29,091 - Agent - INFO - [37mVal Epoch 23 step 23 with [31mce_loss_combined : 1.393924 [31mce_loss_c : 1.854568 [31mce_loss_g : 1.831821 [31mkl_synergy_rand_1 : 0.074560 [31mkl_synergy_rand_2 : 0.062688 [31mkl_synergy_1 : 0.081860 [31mkl_synergy_2 : 0.061254 [31mtotal : 1.674287 [31mdiag_kl_1 : 0.953568 [31mdiag_kl_2 : 1.034069 [94mAcc_combined: 64.33 [94mAcc_c: 18.41 [94mAcc_g: 24.63 [92mF1_combined: 54.27 [92mF1_c: 15.33 [92mF1_g: 20.82 [39m
2026-07-26 04:34:29,103 - Agent - INFO - [37mTest Epoch 23 step 23 with [31mce_loss_combined : 1.394152 [31mce_loss_c : 1.887513 [31mce_loss_g : 1.835368 [31mkl_synergy_rand_1 : 0.070856 [31mkl_synergy_rand_2 : 0.058450 [31mkl_synergy_1 : 0.078291 [31mkl_synergy_2 : 0.056951 [31mtotal : 1.658700 [31mdiag_kl_1 : 0.974166 [31mdiag_kl_2 : 1.141965 [94mAcc_combined: 67.77 [94mAcc_c: 15.74 [94mAcc_g: 23.88 [92mF1_combined: 57.22 [92mF1_c: 13.09 [92mF1_g: 20.18 [39m
2026-07-26 04:35:37,383 - Agent - INFO - [37mVal Epoch 24 step 24 with [31mce_loss_combined : 1.392064 [31mce_loss_c : 1.933766 [31mce_loss_g : 1.845039 [31mkl_synergy_rand_1 : 0.074426 [31mkl_synergy_rand_2 : 0.062720 [31mkl_synergy_1 : 0.082293 [31mkl_synergy_2 : 0.060816 [31mtotal : 1.672319 [31mdiag_kl_1 : 0.953754 [31mdiag_kl_2 : 1.037309 [94mAcc_combined: 63.87 [94mAcc_c: 14.73 [94mAcc_g: 24.97 [92mF1_combined: 54.22 [92mF1_c: 12.15 [92mF1_g: 20.87 [39m
2026-07-26 04:35:37,395 - Agent - INFO - [37mTest Epoch 24 step 24 with [31mce_loss_combined : 1.395776 [31mce_loss_c : 1.957385 [31mce_loss_g : 1.846439 [31mkl_synergy_rand_1 : 0.069624 [31mkl_synergy_rand_2 : 0.058433 [31mkl_synergy_1 : 0.075449 [31mkl_synergy_2 : 0.056565 [31mtotal : 1.655846 [31mdiag_kl_1 : 0.970750 [31mdiag_kl_2 : 1.139919 [94mAcc_combined: 68.95 [94mAcc_c: 12.96 [94mAcc_g: 22.70 [92mF1_combined: 58.58 [92mF1_c: 10.73 [92mF1_g: 18.84 [39m
2026-07-26 04:36:51,301 - Agent - INFO - [37mVal Epoch 25 step 25 with [31mce_loss_combined : 1.389231 [31mce_loss_c : 1.976561 [31mce_loss_g : 1.826022 [31mkl_synergy_rand_1 : 0.075908 [31mkl_synergy_rand_2 : 0.063660 [31mkl_synergy_1 : 0.080698 [31mkl_synergy_2 : 0.060353 [31mtotal : 1.669850 [31mdiag_kl_1 : 0.943212 [31mdiag_kl_2 : 1.028486 [94mAcc_combined: 63.52 [94mAcc_c: 14.84 [94mAcc_g: 24.05 [92mF1_combined: 53.83 [92mF1_c: 13.13 [92mF1_g: 20.29 [39m
2026-07-26 04:36:51,313 - Agent - INFO - [37mTest Epoch 25 step 25 with [31mce_loss_combined : 1.391900 [31mce_loss_c : 1.987211 [31mce_loss_g : 1.842863 [31mkl_synergy_rand_1 : 0.071224 [31mkl_synergy_rand_2 : 0.059108 [31mkl_synergy_1 : 0.078862 [31mkl_synergy_2 : 0.057657 [31mtotal : 1.658752 [31mdiag_kl_1 : 0.960585 [31mdiag_kl_2 : 1.137509 [94mAcc_combined: 68.09 [94mAcc_c: 11.99 [94mAcc_g: 23.13 [92mF1_combined: 57.68 [92mF1_c: 10.66 [92mF1_g: 19.42 [39m
2026-07-26 04:38:00,365 - Agent - INFO - [37mVal Epoch 26 step 26 with [31mce_loss_combined : 1.385932 [31mce_loss_c : 2.007311 [31mce_loss_g : 1.836497 [31mkl_synergy_rand_1 : 0.077512 [31mkl_synergy_rand_2 : 0.063323 [31mkl_synergy_1 : 0.083666 [31mkl_synergy_2 : 0.060972 [31mtotal : 1.671405 [31mdiag_kl_1 : 0.940070 [31mdiag_kl_2 : 1.029654 [94mAcc_combined: 63.52 [94mAcc_c: 15.19 [94mAcc_g: 23.71 [92mF1_combined: 53.83 [92mF1_c: 13.38 [92mF1_g: 19.96 [39m
2026-07-26 04:38:00,377 - Agent - INFO - [37mTest Epoch 26 step 26 with [31mce_loss_combined : 1.388804 [31mce_loss_c : 2.013099 [31mce_loss_g : 1.852324 [31mkl_synergy_rand_1 : 0.071779 [31mkl_synergy_rand_2 : 0.060347 [31mkl_synergy_1 : 0.079086 [31mkl_synergy_2 : 0.056410 [31mtotal : 1.656426 [31mdiag_kl_1 : 0.955768 [31mdiag_kl_2 : 1.139140 [94mAcc_combined: 68.95 [94mAcc_c: 11.35 [94mAcc_g: 22.48 [92mF1_combined: 58.61 [92mF1_c: 9.94 [92mF1_g: 18.95 [39m
2026-07-26 04:39:15,876 - Agent - INFO - [37mVal Epoch 27 step 27 with [31mce_loss_combined : 1.391454 [31mce_loss_c : 2.029854 [31mce_loss_g : 1.823570 [31mkl_synergy_rand_1 : 0.076808 [31mkl_synergy_rand_2 : 0.063169 [31mkl_synergy_1 : 0.082277 [31mkl_synergy_2 : 0.061074 [31mtotal : 1.674782 [31mdiag_kl_1 : 0.943224 [31mdiag_kl_2 : 1.031057 [94mAcc_combined: 63.29 [94mAcc_c: 14.73 [94mAcc_g: 24.40 [92mF1_combined: 53.64 [92mF1_c: 13.22 [92mF1_g: 20.42 [39m
2026-07-26 04:39:15,888 - Agent - INFO - [37mTest Epoch 27 step 27 with [31mce_loss_combined : 1.393913 [31mce_loss_c : 2.029565 [31mce_loss_g : 1.835114 [31mkl_synergy_rand_1 : 0.072190 [31mkl_synergy_rand_2 : 0.060268 [31mkl_synergy_1 : 0.078109 [31mkl_synergy_2 : 0.058615 [31mtotal : 1.663094 [31mdiag_kl_1 : 0.958179 [31mdiag_kl_2 : 1.132794 [94mAcc_combined: 68.74 [94mAcc_c: 11.03 [94mAcc_g: 23.34 [92mF1_combined: 58.43 [92mF1_c: 9.68 [92mF1_g: 19.57 [39m
2026-07-26 04:40:29,668 - Agent - INFO - [37mVal Epoch 28 step 28 with [31mce_loss_combined : 1.385434 [31mce_loss_c : 2.025388 [31mce_loss_g : 1.826363 [31mkl_synergy_rand_1 : 0.076364 [31mkl_synergy_rand_2 : 0.063693 [31mkl_synergy_1 : 0.083639 [31mkl_synergy_2 : 0.062046 [31mtotal : 1.671177 [31mdiag_kl_1 : 0.941871 [31mdiag_kl_2 : 1.025225 [94mAcc_combined: 63.75 [94mAcc_c: 15.07 [94mAcc_g: 23.36 [92mF1_combined: 54.00 [92mF1_c: 13.45 [92mF1_g: 19.61 [39m
2026-07-26 04:40:29,680 - Agent - INFO - [37mTest Epoch 28 step 28 with [31mce_loss_combined : 1.388184 [31mce_loss_c : 2.027592 [31mce_loss_g : 1.841991 [31mkl_synergy_rand_1 : 0.071976 [31mkl_synergy_rand_2 : 0.060330 [31mkl_synergy_1 : 0.080076 [31mkl_synergy_2 : 0.057768 [31mtotal : 1.658334 [31mdiag_kl_1 : 0.956529 [31mdiag_kl_2 : 1.135588 [94mAcc_combined: 68.95 [94mAcc_c: 11.03 [94mAcc_g: 22.48 [92mF1_combined: 58.67 [92mF1_c: 9.35 [92mF1_g: 18.65 [39m
2026-07-26 04:41:48,955 - Agent - INFO - [37mVal Epoch 29 step 29 with [31mce_loss_combined : 1.387210 [31mce_loss_c : 2.042613 [31mce_loss_g : 1.832712 [31mkl_synergy_rand_1 : 0.075796 [31mkl_synergy_rand_2 : 0.063965 [31mkl_synergy_1 : 0.084289 [31mkl_synergy_2 : 0.061692 [31mtotal : 1.672952 [31mdiag_kl_1 : 0.944893 [31mdiag_kl_2 : 1.028543 [94mAcc_combined: 63.64 [94mAcc_c: 14.61 [94mAcc_g: 23.25 [92mF1_combined: 53.92 [92mF1_c: 13.12 [92mF1_g: 19.51 [39m
2026-07-26 04:41:48,968 - Agent - INFO - [37mTest Epoch 29 step 29 with [31mce_loss_combined : 1.390014 [31mce_loss_c : 2.042231 [31mce_loss_g : 1.848613 [31mkl_synergy_rand_1 : 0.073120 [31mkl_synergy_rand_2 : 0.059287 [31mkl_synergy_1 : 0.078919 [31mkl_synergy_2 : 0.057775 [31mtotal : 1.659115 [31mdiag_kl_1 : 0.953373 [31mdiag_kl_2 : 1.137137 [94mAcc_combined: 68.42 [94mAcc_c: 10.71 [94mAcc_g: 22.48 [92mF1_combined: 58.11 [92mF1_c: 9.22 [92mF1_g: 18.88 [39m
2026-07-26 04:42:58,474 - Agent - INFO - [37mVal Epoch 30 step 30 with [31mce_loss_combined : 1.387169 [31mce_loss_c : 2.038104 [31mce_loss_g : 1.828498 [31mkl_synergy_rand_1 : 0.075533 [31mkl_synergy_rand_2 : 0.064310 [31mkl_synergy_1 : 0.082971 [31mkl_synergy_2 : 0.062322 [31mtotal : 1.672305 [31mdiag_kl_1 : 0.944080 [31mdiag_kl_2 : 1.022540 [94mAcc_combined: 63.06 [94mAcc_c: 14.61 [94mAcc_g: 23.59 [92mF1_combined: 53.37 [92mF1_c: 13.08 [92mF1_g: 19.75 [39m
2026-07-26 04:42:58,486 - Agent - INFO - [37mTest Epoch 30 step 30 with [31mce_loss_combined : 1.391065 [31mce_loss_c : 2.037174 [31mce_loss_g : 1.845326 [31mkl_synergy_rand_1 : 0.071401 [31mkl_synergy_rand_2 : 0.059440 [31mkl_synergy_1 : 0.078410 [31mkl_synergy_2 : 0.057490 [31mtotal : 1.657807 [31mdiag_kl_1 : 0.956114 [31mdiag_kl_2 : 1.136936 [94mAcc_combined: 68.42 [94mAcc_c: 10.81 [94mAcc_g: 22.81 [92mF1_combined: 58.12 [92mF1_c: 9.45 [92mF1_g: 19.06 [39m
2026-07-26 04:44:21,974 - Agent - INFO - [37mVal Epoch 31 step 31 with [31mce_loss_combined : 1.391306 [31mce_loss_c : 2.047119 [31mce_loss_g : 1.825947 [31mkl_synergy_rand_1 : 0.076123 [31mkl_synergy_rand_2 : 0.063510 [31mkl_synergy_1 : 0.082158 [31mkl_synergy_2 : 0.060770 [31mtotal : 1.673867 [31mdiag_kl_1 : 0.945011 [31mdiag_kl_2 : 1.030203 [94mAcc_combined: 62.95 [94mAcc_c: 14.96 [94mAcc_g: 23.94 [92mF1_combined: 53.31 [92mF1_c: 13.34 [92mF1_g: 20.00 [39m
2026-07-26 04:44:21,986 - Agent - INFO - [37mTest Epoch 31 step 31 with [31mce_loss_combined : 1.394429 [31mce_loss_c : 2.043642 [31mce_loss_g : 1.847135 [31mkl_synergy_rand_1 : 0.070351 [31mkl_synergy_rand_2 : 0.058957 [31mkl_synergy_1 : 0.079088 [31mkl_synergy_2 : 0.057448 [31mtotal : 1.660272 [31mdiag_kl_1 : 0.963897 [31mdiag_kl_2 : 1.133568 [94mAcc_combined: 68.09 [94mAcc_c: 10.92 [94mAcc_g: 22.16 [92mF1_combined: 57.66 [92mF1_c: 9.39 [92mF1_g: 18.60 [39m
2026-07-26 04:45:36,279 - Agent - INFO - [37mVal Epoch 32 step 32 with [31mce_loss_combined : 1.392018 [31mce_loss_c : 2.025523 [31mce_loss_g : 1.833631 [31mkl_synergy_rand_1 : 0.074846 [31mkl_synergy_rand_2 : 0.063296 [31mkl_synergy_1 : 0.080655 [31mkl_synergy_2 : 0.060410 [31mtotal : 1.671225 [31mdiag_kl_1 : 0.946153 [31mdiag_kl_2 : 1.022072 [94mAcc_combined: 63.18 [94mAcc_c: 15.77 [94mAcc_g: 23.48 [92mF1_combined: 53.51 [92mF1_c: 14.16 [92mF1_g: 19.42 [39m
2026-07-26 04:45:36,291 - Agent - INFO - [37mTest Epoch 32 step 32 with [31mce_loss_combined : 1.396966 [31mce_loss_c : 2.021986 [31mce_loss_g : 1.843826 [31mkl_synergy_rand_1 : 0.069919 [31mkl_synergy_rand_2 : 0.058815 [31mkl_synergy_1 : 0.075982 [31mkl_synergy_2 : 0.055247 [31mtotal : 1.656929 [31mdiag_kl_1 : 0.963101 [31mdiag_kl_2 : 1.128263 [94mAcc_combined: 68.20 [94mAcc_c: 11.13 [94mAcc_g: 22.59 [92mF1_combined: 57.99 [92mF1_c: 9.56 [92mF1_g: 18.76 [39m
2026-07-26 04:46:53,117 - Agent - INFO - [37mVal Epoch 33 step 33 with [31mce_loss_combined : 1.387001 [31mce_loss_c : 2.083751 [31mce_loss_g : 1.807298 [31mkl_synergy_rand_1 : 0.074865 [31mkl_synergy_rand_2 : 0.062994 [31mkl_synergy_1 : 0.079965 [31mkl_synergy_2 : 0.060436 [31mtotal : 1.665261 [31mdiag_kl_1 : 0.946816 [31mdiag_kl_2 : 1.033893 [94mAcc_combined: 63.87 [94mAcc_c: 14.38 [94mAcc_g: 21.86 [92mF1_combined: 54.19 [92mF1_c: 12.16 [92mF1_g: 17.63 [39m
2026-07-26 04:46:53,129 - Agent - INFO - [37mTest Epoch 33 step 33 with [31mce_loss_combined : 1.392143 [31mce_loss_c : 2.074167 [31mce_loss_g : 1.840294 [31mkl_synergy_rand_1 : 0.072085 [31mkl_synergy_rand_2 : 0.060453 [31mkl_synergy_1 : 0.078481 [31mkl_synergy_2 : 0.057176 [31mtotal : 1.660337 [31mdiag_kl_1 : 0.963352 [31mdiag_kl_2 : 1.134666 [94mAcc_combined: 69.59 [94mAcc_c: 12.53 [94mAcc_g: 22.16 [92mF1_combined: 59.13 [92mF1_c: 10.74 [92mF1_g: 18.25 [39m
2026-07-26 04:48:03,895 - Agent - INFO - [37mVal Epoch 34 step 34 with [31mce_loss_combined : 1.390154 [31mce_loss_c : 2.093976 [31mce_loss_g : 1.773513 [31mkl_synergy_rand_1 : 0.073275 [31mkl_synergy_rand_2 : 0.061565 [31mkl_synergy_1 : 0.078816 [31mkl_synergy_2 : 0.059333 [31mtotal : 1.663142 [31mdiag_kl_1 : 0.951704 [31mdiag_kl_2 : 1.026769 [94mAcc_combined: 63.41 [94mAcc_c: 13.23 [94mAcc_g: 25.78 [92mF1_combined: 53.59 [92mF1_c: 11.93 [92mF1_g: 20.38 [39m
2026-07-26 04:48:03,907 - Agent - INFO - [37mTest Epoch 34 step 34 with [31mce_loss_combined : 1.401566 [31mce_loss_c : 2.070373 [31mce_loss_g : 1.784908 [31mkl_synergy_rand_1 : 0.068029 [31mkl_synergy_rand_2 : 0.057637 [31mkl_synergy_1 : 0.073919 [31mkl_synergy_2 : 0.054792 [31mtotal : 1.655942 [31mdiag_kl_1 : 0.969642 [31mdiag_kl_2 : 1.132424 [94mAcc_combined: 67.56 [94mAcc_c: 10.92 [94mAcc_g: 25.16 [92mF1_combined: 57.38 [92mF1_c: 9.42 [92mF1_g: 20.45 [39m
2026-07-26 04:49:22,728 - Agent - INFO - [37mVal Epoch 35 step 35 with [31mce_loss_combined : 1.396762 [31mce_loss_c : 2.117694 [31mce_loss_g : 1.742794 [31mkl_synergy_rand_1 : 0.072339 [31mkl_synergy_rand_2 : 0.061620 [31mkl_synergy_1 : 0.076078 [31mkl_synergy_2 : 0.059248 [31mtotal : 1.666045 [31mdiag_kl_1 : 0.960816 [31mdiag_kl_2 : 1.027845 [94mAcc_combined: 62.49 [94mAcc_c: 14.50 [94mAcc_g: 29.00 [92mF1_combined: 52.87 [92mF1_c: 12.30 [92mF1_g: 22.68 [39m
2026-07-26 04:49:22,742 - Agent - INFO - [37mTest Epoch 35 step 35 with [31mce_loss_combined : 1.404416 [31mce_loss_c : 2.081843 [31mce_loss_g : 1.752938 [31mkl_synergy_rand_1 : 0.067721 [31mkl_synergy_rand_2 : 0.057477 [31mkl_synergy_1 : 0.072737 [31mkl_synergy_2 : 0.054912 [31mtotal : 1.657263 [31mdiag_kl_1 : 0.979471 [31mdiag_kl_2 : 1.127379 [94mAcc_combined: 67.99 [94mAcc_c: 13.92 [94mAcc_g: 27.09 [92mF1_combined: 57.61 [92mF1_c: 11.59 [92mF1_g: 21.99 [39m
2026-07-26 04:50:37,715 - Agent - INFO - [37mVal Epoch 36 step 36 with [31mce_loss_combined : 1.384361 [31mce_loss_c : 2.128581 [31mce_loss_g : 1.730647 [31mkl_synergy_rand_1 : 0.073326 [31mkl_synergy_rand_2 : 0.062203 [31mkl_synergy_1 : 0.078284 [31mkl_synergy_2 : 0.057534 [31mtotal : 1.655708 [31mdiag_kl_1 : 0.949582 [31mdiag_kl_2 : 1.015376 [94mAcc_combined: 63.98 [94mAcc_c: 11.39 [94mAcc_g: 29.69 [92mF1_combined: 54.29 [92mF1_c: 9.85 [92mF1_g: 22.67 [39m
2026-07-26 04:50:37,748 - Agent - INFO - [37mTest Epoch 36 step 36 with [31mce_loss_combined : 1.396678 [31mce_loss_c : 2.096577 [31mce_loss_g : 1.727882 [31mkl_synergy_rand_1 : 0.070011 [31mkl_synergy_rand_2 : 0.059349 [31mkl_synergy_1 : 0.073129 [31mkl_synergy_2 : 0.055831 [31mtotal : 1.654999 [31mdiag_kl_1 : 0.962954 [31mdiag_kl_2 : 1.120575 [94mAcc_combined: 67.88 [94mAcc_c: 10.28 [94mAcc_g: 28.69 [92mF1_combined: 57.94 [92mF1_c: 8.89 [92mF1_g: 22.26 [39m
2026-07-26 04:51:47,894 - Agent - INFO - [37mVal Epoch 37 step 37 with [31mce_loss_combined : 1.389190 [31mce_loss_c : 2.122750 [31mce_loss_g : 1.675467 [31mkl_synergy_rand_1 : 0.072200 [31mkl_synergy_rand_2 : 0.062004 [31mkl_synergy_1 : 0.076063 [31mkl_synergy_2 : 0.059004 [31mtotal : 1.658461 [31mdiag_kl_1 : 0.963119 [31mdiag_kl_2 : 1.012959 [94mAcc_combined: 63.75 [94mAcc_c: 13.69 [94mAcc_g: 33.14 [92mF1_combined: 53.78 [92mF1_c: 11.43 [92mF1_g: 25.57 [39m
2026-07-26 04:51:47,906 - Agent - INFO - [37mTest Epoch 37 step 37 with [31mce_loss_combined : 1.398727 [31mce_loss_c : 2.083864 [31mce_loss_g : 1.686835 [31mkl_synergy_rand_1 : 0.068696 [31mkl_synergy_rand_2 : 0.058680 [31mkl_synergy_1 : 0.073654 [31mkl_synergy_2 : 0.054857 [31mtotal : 1.654614 [31mdiag_kl_1 : 0.976539 [31mdiag_kl_2 : 1.111334 [94mAcc_combined: 68.20 [94mAcc_c: 13.17 [94mAcc_g: 33.08 [92mF1_combined: 57.69 [92mF1_c: 10.97 [92mF1_g: 25.94 [39m
2026-07-26 04:52:59,408 - Agent - INFO - [37mVal Epoch 38 step 38 with [31mce_loss_combined : 1.389357 [31mce_loss_c : 2.091074 [31mce_loss_g : 1.658474 [31mkl_synergy_rand_1 : 0.072188 [31mkl_synergy_rand_2 : 0.061267 [31mkl_synergy_1 : 0.076216 [31mkl_synergy_2 : 0.060082 [31mtotal : 1.659110 [31mdiag_kl_1 : 0.959904 [31mdiag_kl_2 : 1.018478 [94mAcc_combined: 63.75 [94mAcc_c: 14.84 [94mAcc_g: 34.18 [92mF1_combined: 54.03 [92mF1_c: 12.63 [92mF1_g: 25.88 [39m
2026-07-26 04:52:59,422 - Agent - INFO - [37mTest Epoch 38 step 38 with [31mce_loss_combined : 1.403277 [31mce_loss_c : 2.055475 [31mce_loss_g : 1.686986 [31mkl_synergy_rand_1 : 0.068731 [31mkl_synergy_rand_2 : 0.057530 [31mkl_synergy_1 : 0.073407 [31mkl_synergy_2 : 0.056420 [31mtotal : 1.659365 [31mdiag_kl_1 : 0.970510 [31mdiag_kl_2 : 1.117777 [94mAcc_combined: 68.09 [94mAcc_c: 13.49 [94mAcc_g: 31.48 [92mF1_combined: 57.99 [92mF1_c: 11.05 [92mF1_g: 23.12 [39m
2026-07-26 04:53:10,337 - Agent - INFO - We are in the final state.
2026-07-26 04:53:10,707 - root - INFO - Loaded best model from best_model_accuracy_state_dict
2026-07-26 04:53:22,798 - Agent - INFO - [37mVal Epoch 38 step 0 with [31mce_loss_combined : 1.439201 [31mce_loss_c : 2.010216 [31mce_loss_g : 2.056547 [31mkl_synergy_rand_1 : 0.083695 [31mkl_synergy_rand_2 : 0.083295 [31mkl_synergy_1 : 0.087757 [31mkl_synergy_2 : 0.089596 [31mtotal : 1.783544 [31mdiag_kl_1 : 1.098680 [31mdiag_kl_2 : 1.005760 [94mAcc_combined: 69.74 [94mAcc_c: 58.23 [94mAcc_g: 49.37 [92mF1_combined: 59.22 [92mF1_c: 49.47 [92mF1_g: 42.18 [39m
2026-07-26 04:53:35,854 - Agent - INFO - [37mTest Epoch 38 step 0 with [31mce_loss_combined : 1.452151 [31mce_loss_c : 2.073939 [31mce_loss_g : 2.370540 [31mkl_synergy_rand_1 : 0.087998 [31mkl_synergy_rand_2 : 0.087524 [31mkl_synergy_1 : 0.089082 [31mkl_synergy_2 : 0.093478 [31mtotal : 1.810233 [31mdiag_kl_1 : 1.098519 [31mdiag_kl_2 : 1.123075 [94mAcc_combined: 69.81 [94mAcc_c: 59.85 [94mAcc_g: 46.79 [92mF1_combined: 59.51 [92mF1_c: 50.51 [92mF1_g: 40.96 [39m
2026-07-26 04:53:38,328 - Agent - INFO - [37mModel saved successfully at: ./data/data/2025_data/synergy/CremadPlus/v2/SynIB_RMask_U_REFABL_cremad_a01_fold2_l1.0_ir0.1_perturbrandom_fillema_pmin0.20_refclass_prior.pth.tar[39m
Job finished
