Starting SynIB reference-ablation job
Python 3.12.12
/esat/smcdata/users/kkontras/Image_Dataset/no_backup/git/SynIB  (git ec7734c)
GPU 0: NVIDIA TITAN RTX (UUID: GPU-787d0d0e-3d6d-1bda-8204-741fb672d243)
Executing: PYTHONPATH=src /esat/smcdata/users/kkontras/Image_Dataset/no_backup/envs/synergy/bin/python -m synib.entrypoints.train --config run/configs/rebuttal_ref_ablation/cremad_synib_u.json --default_config run/configs/rebuttal_ref_ablation/cremad_default.json --fold 0 --ironic_rate 0.5 --rmask random --l 1.0 --perturb_pmin 0.20 --perturb_fill ema --reference_type class_prior --ref_diag --start_over --tag REFABL_cremad
Namespace(config='run/configs/rebuttal_ref_ablation/cremad_synib_u.json', default_config='run/configs/rebuttal_ref_ablation/cremad_default.json', fold='0', alpha=None, tanh_mode_beta=None, regby=None, batch_size=None, l='1.0', multil=None, lib=None, kmepoch=None, num_samples=None, contrcoeff=None, contr_type=None, shuffle_type=None, validate_with=None, num_classes=None, optim_method=None, ending_epoch=None, load_ongoing=None, recon_weight1=None, recon_weight2=None, recon_epochstages=None, recon_ensemblestages=None, lr=None, wd=None, cls=None, ironic_rate='0.5', perturb='random', perturb_fill='ema', perturb_pmax=None, perturb_pmin='0.20', perturb_lsparse=None, rmask='random', pmin=None, pmax=None, lsparse=None, debug_mask_stats=False, pre=False, frozen=False, tdqm_disable=False, start_over=True, no_model_save=False, num_layers=None, grad_accum=None, init_from=None, init_strict=False, perturb_lsparse_sign=None, l_anneal_epochs=None, perturb_steps=None, perturb_lsparse_warmup=None, perturb_lsparse_schedule=None, persist_ell=False, save_masks=False, penalty_swap=False, disable_ce_random=False, disable_kl_learned=False, masking_only=False, modality_dropout=None, modality_dropout_target=None, l_z1_masked=None, l_z2_masked=None, l_pareto=None, reference_type='class_prior', ref_diag=True, ref_ema_decay=None, tag='REFABL_cremad')
2026-07-25 22:45:34,856 - Config - INFO - run/configs/rebuttal_ref_ablation/cremad_synib_u.json
2026-07-25 22:45:34,859 - Config - INFO -  THE Configuration of your experiment ..
{'agent': 'Agent',
 'dataset': {'data_roots': './data/CremaD/CREMA-D',
             'data_split': {'fold': 0, 'method': 'non_inclusive'},
             'dataloader_class': 'IronyCremadDataloader',
             'fps': 1,
             'ironic_label_name': 'SARCASM',
             'ironic_modes': ['train', 'val', 'test'],
             'ironic_rate': 1.0,
             'norm': False,
             'norm_face_path': './src/synib/mydatasets/Irony_Cremad/assets/norms/norm_face_path_fold{}.pkl',
             'norm_wav_path': './src/synib/mydatasets/Irony_Cremad/assets/norms/wav_norm_22050_fold{}.pkl',
             'num_frame': 3,
             'return_data': {'audio': False,
                             'face': False,
                             'spectrogram': True,
                             'video': True},
             'sampling_rate': 22050},
 'early_stopping': {'end_of_epoch_check': True,
                    'log_interval': 10,
                    'max_epoch': 1500,
                    'n_steps_stop': 30,
                    'n_steps_stop_after': 0,
                    'save_every_step': 3000,
                    'save_every_valstep': 10,
                    'validate_after': 0,
                    'validate_every': 25,
                    'validate_with': 'accuracy'},
 'exp_name': 'CREMAD Experiment',
 'model': {'args': {'bias_infusion': {'contrcoeff': 0.0, 'l': 1.0},
                    'cls_type': 'mlp',
                    'd_model': 512,
                    'dropout': 0.1,
                    'fc_inner': 64,
                    'in_dim': 64,
                    'multi_loss': {'multi_supervised_w': {'c': 1,
                                                          'combined': 1,
                                                          'g': 1}},
                    'norm_decision': False,
                    'num_classes': 7,
                    'synergy_type': 'unimodal_anchor'},
           'ceu': {'test': './artifacts/ceus/cremad/cremadplus_ceu_test_res_{}.pkl',
                   'val': './artifacts/ceus/cremad/cremadplus_ceu_val_res_{}.pkl'},
           'encoders': [{'args': {'d_model': 512,
                                  'dropout': 0.1,
                                  'fc_inner': 64,
                                  'freeze_encoder': False,
                                  'num_classes': 7},
                         'model': 'Audio_ResNet',
                         'name': 'enc_0_modality1_encoder',
                         'pretrainedEncoder': {'dir': 'unimodal_audio_fold{}_ir1.0_lr0.001_wd0.0001_clsmlp_bs64.pth.tar',
                                               'use': True},
                         'save_encoder': False},
                        {'args': {'d_model': 512,
                                  'dropout': 0.1,
                                  'fc_inner': 64,
                                  'freeze_encoder': False,
                                  'num_classes': 7},
                         'model': 'Video_ResNet',
                         'name': 'enc_1_modality2_encoder',
                         'pretrainedEncoder': {'dir': 'unimodal_video_fold{}_ir1.0_lr0.0001_wd0.0001_clsmlp_bs64.pth.tar',
                                               'use': True},
                         'save_encoder': False},
                        {'args': {'d_model': 512,
                                  'dropout': 0.1,
                                  'fc_inner': 64,
                                  'freeze_encoder': False},
                         'model': 'FusionTrunkLinear',
                         'name': 'enc_2_fusion_trunk',
                         'pretrainedEncoder': {'dir': 'enc_2_fusion_trunk_fold{}.pth.tar',
                                               'use': False},
                         'save_encoder': False},
                        {'args': {'freeze_encoder': False,
                                  'in_dim': 64,
                                  'num_classes': 7},
                         'model': 'LinearHead',
                         'name': 'enc_3_fusion_head',
                         'pretrainedEncoder': {'dir': 'enc_3_fusion_head_fold{}.pth.tar',
                                               'use': False},
                         'save_encoder': False},
                        {'args': {'dropout': 0.1,
                                  'freeze_encoder': False,
                                  'hidden_dim': 64,
                                  'in_dim': 512,
                                  'num_classes': 7},
                         'model': 'MLPHead',
                         'name': 'enc_4_unimodal_head_1',
                         'pretrainedEncoder': {'dir': 'enc_4_unimodal1_fold{}.pth.tar',
                                               'use': False},
                         'save_encoder': False},
                        {'args': {'dropout': 0.1,
                                  'freeze_encoder': False,
                                  'hidden_dim': 64,
                                  'in_dim': 512,
                                  'num_classes': 7},
                         'model': 'MLPHead',
                         'name': 'enc_5_unimodal_head_2',
                         'pretrainedEncoder': {'dir': 'enc_5_unimodal2_fold{}.pth.tar',
                                               'use': False},
                         'save_encoder': False}],
           'load_ongoing': False,
           'model_class': 'FusionIBModel_Mask_U',
           'save_base_dir': './data/data/2025_data/synergy/CremadPlus/v2',
           'save_dir': 'SynIB_RMask_U_{}.pth.tar'},
 'optimizer': {'beta1': 0.9,
               'beta2': 0.999,
               'learning_rate': 1e-05,
               'momentum': 0.9,
               'type': 'Adam',
               'weight_decay': 1e-05},
 'scheduler': {'max_lr': 0.03, 'type': 'cosanneal', 'warm_up_steps': 780},
 'training_params': {'async_loading': True,
                     'batch_size': 128,
                     'cuda': True,
                     'data_loader_workers': 8,
                     'gpu_device': [0],
                     'pin_memory': False,
                     'rec_test': True,
                     'res': True,
                     'seed': 109,
                     'tdqm_disable': False,
                     'test_batch_size': 128,
                     'test_on_bottoms': True,
                     'use_test_set': True,
                     'validation': True,
                     'verbose': True,
                     'wandb_disable': False}}
2026-07-25 22:45:34,865 - Config - INFO -  *************************************** 
2026-07-25 22:45:34,865 - Config - INFO - The experiment name is CREMAD Experiment
2026-07-25 22:45:34,865 - Config - INFO -  *************************************** 
2026-07-25 22:45:34,865 - root - INFO - save_dir: SynIB_RMask_U_REFABL_cremad_fold0_l1.0_ir0.5_perturbrandom_fillema_pmin0.20_refclass_prior.pth.tar
2026-07-25 22:45:34,982 - Cuda Statistics - INFO - __Python VERSION:  3.12.12 | packaged by Anaconda, Inc. | (main, Oct 21 2025, 20:16:04) [GCC 11.2.0]
2026-07-25 22:45:34,983 - Cuda Statistics - INFO - __pyTorch VERSION:  2.7.1+cu118
2026-07-25 22:45:34,983 - Cuda Statistics - INFO - __CUDA VERSION
2026-07-25 22:45:35,003 - Cuda Statistics - INFO - __CUDNN VERSION:  90100
2026-07-25 22:45:35,026 - Cuda Statistics - INFO - __Number CUDA Devices:  1
2026-07-25 22:45:35,026 - Cuda Statistics - INFO - __Devices
2026-07-25 22:45:35,026 - Cuda Statistics - INFO - index, name, driver_version, memory.total [MiB], memory.used [MiB], memory.free [MiB]
2026-07-25 22:45:35,026 - Cuda Statistics - INFO - 0, NVIDIA TITAN RTX, 610.43.03, 24576 MiB, 14 MiB, 24018 MiB
2026-07-25 22:45:35,032 - Cuda Statistics - INFO - Active CUDA Device: GPU 0
2026-07-25 22:45:35,032 - Cuda Statistics - INFO - Available devices  1
2026-07-25 22:45:35,032 - Cuda Statistics - INFO - Current cuda device  0
2026-07-25 22:45:37,671 - IronyCremadDataset - INFO - Loaded wav norm from ./src/synib/mydatasets/Irony_Cremad/assets/norms/wav_norm_22050_fold0.pkl
2026-07-25 22:45:38,152 - IronyCremadDataset - INFO - Loaded wav norm from ./src/synib/mydatasets/Irony_Cremad/assets/norms/wav_norm_22050_fold0.pkl
2026-07-25 22:45:38,765 - IronyCremadDataset - INFO - Loaded wav norm from ./src/synib/mydatasets/Irony_Cremad/assets/norms/wav_norm_22050_fold0.pkl
2026-07-25 22:45:38,785 - Agent - INFO - Device: cuda:0
2026-07-25 22:45:38,785 - Agent - INFO - Total training batches: 32, validate every 25 batches, steps per epoch: 2
2026-07-25 22:45:38,962 - Agent - INFO - class_prior counts=[634, 770, 528, 574, 569, 631, 337] prior=[0.1568, 0.1905, 0.1306, 0.142, 0.1407, 0.1561, 0.0834]
2026-07-25 22:45:38,962 - Agent - INFO - Loss Weights are {'total': 1, 'combined': 1, 'c': 1, 'g': 1}
2026-07-25 22:45:38,962 - root - INFO - There is no CEU for train
2026-07-25 22:45:38,965 - root - INFO - There is no CEU for val
2026-07-25 22:45:38,965 - root - INFO - There is no CEU for test
{'d_model': 512, 'num_classes': 7, 'fc_inner': 64, 'dropout': 0.1, 'freeze_encoder': False}
2026-07-25 22:45:41,476 - root - INFO - Loading enc best model state dict from ./data/data/2025_data/synergy/CremadPlus/v2/unimodal_audio_fold0_ir0.5_lr0.001_wd0.0001_clsmlp_bs64.pth.tar
2026-07-25 22:45:43,691 - root - INFO - Loading enc best model state dict from ./data/data/2025_data/synergy/CremadPlus/v2/unimodal_video_fold0_ir0.5_lr0.0001_wd0.0001_clsmlp_bs64.pth.tar
2026-07-25 22:45:44,011 - Agent - INFO - Total number of trainable parameters are: 44840497
2026-07-25 22:45:44,018 - Agent - INFO - Total number of trainable parameters are: 22486563
2026-07-25 22:47:24,597 - Evaluator - INFO - New best with loss-accuracy-
2026-07-25 22:47:24,598 - Agent - INFO - [37mVal Epoch 1 step 1 with [31mce_loss_combined : 1.790488 [31mce_loss_c : 1.965944 [31mce_loss_g : 2.662273 [31mkl_synergy_rand_1 : 0.028615 [31mkl_synergy_rand_2 : 0.030330 [31mkl_synergy_1 : 0.028840 [31mkl_synergy_2 : 0.031631 [31mtotal : 1.909904 [31mdiag_kl_1 : 1.344043 [31mdiag_kl_2 : 1.202627 [94mAcc_combined: 45.67 [94mAcc_c: 56.61 [94mAcc_g: 44.87 [92mF1_combined: 37.31 [92mF1_c: 52.66 [92mF1_g: 37.58 [39m
2026-07-25 22:47:24,615 - Agent - INFO - [37mTest Epoch 1 step 1 with [31mce_loss_combined : 1.816818 [31mce_loss_c : 2.547569 [31mce_loss_g : 2.691245 [31mkl_synergy_rand_1 : 0.026492 [31mkl_synergy_rand_2 : 0.027884 [31mkl_synergy_1 : 0.027612 [31mkl_synergy_2 : 0.028434 [31mtotal : 1.927240 [31mdiag_kl_1 : 1.366756 [31mdiag_kl_2 : 1.162774 [94mAcc_combined: 47.61 [94mAcc_c: 48.72 [94mAcc_g: 49.39 [92mF1_combined: 38.34 [92mF1_c: 44.14 [92mF1_g: 39.82 [39m
2026-07-25 22:47:28,031 - Agent - INFO - [37mModel saved successfully at: ./data/data/2025_data/synergy/CremadPlus/v2/SynIB_RMask_U_REFABL_cremad_fold0_l1.0_ir0.5_perturbrandom_fillema_pmin0.20_refclass_prior.pth.tar[39m
2026-07-25 22:49:06,620 - Evaluator - INFO - New best with loss-accuracy-
2026-07-25 22:49:06,621 - Agent - INFO - [37mVal Epoch 2 step 2 with [31mce_loss_combined : 1.645778 [31mce_loss_c : 1.973915 [31mce_loss_g : 2.459210 [31mkl_synergy_rand_1 : 0.040406 [31mkl_synergy_rand_2 : 0.043491 [31mkl_synergy_1 : 0.039872 [31mkl_synergy_2 : 0.046908 [31mtotal : 1.816454 [31mdiag_kl_1 : 1.221263 [31mdiag_kl_2 : 1.086836 [94mAcc_combined: 58.66 [94mAcc_c: 56.38 [94mAcc_g: 44.19 [92mF1_combined: 48.24 [92mF1_c: 52.68 [92mF1_g: 37.27 [39m
2026-07-25 22:49:06,637 - Agent - INFO - [37mTest Epoch 2 step 2 with [31mce_loss_combined : 1.691661 [31mce_loss_c : 2.557121 [31mce_loss_g : 2.485412 [31mkl_synergy_rand_1 : 0.038102 [31mkl_synergy_rand_2 : 0.041615 [31mkl_synergy_1 : 0.039317 [31mkl_synergy_2 : 0.043317 [31mtotal : 1.854011 [31mdiag_kl_1 : 1.230159 [31mdiag_kl_2 : 1.032848 [94mAcc_combined: 57.73 [94mAcc_c: 48.72 [94mAcc_g: 49.17 [92mF1_combined: 47.45 [92mF1_c: 44.50 [92mF1_g: 40.67 [39m
2026-07-25 22:49:11,908 - Agent - INFO - [37mModel saved successfully at: ./data/data/2025_data/synergy/CremadPlus/v2/SynIB_RMask_U_REFABL_cremad_fold0_l1.0_ir0.5_perturbrandom_fillema_pmin0.20_refclass_prior.pth.tar[39m
2026-07-25 22:50:48,953 - Evaluator - INFO - New best with loss-accuracy-
2026-07-25 22:50:48,953 - Agent - INFO - [37mVal Epoch 3 step 3 with [31mce_loss_combined : 1.556394 [31mce_loss_c : 1.950680 [31mce_loss_g : 2.395627 [31mkl_synergy_rand_1 : 0.051324 [31mkl_synergy_rand_2 : 0.055167 [31mkl_synergy_1 : 0.051853 [31mkl_synergy_2 : 0.058930 [31mtotal : 1.773668 [31mdiag_kl_1 : 1.140110 [31mdiag_kl_2 : 1.025534 [94mAcc_combined: 62.87 [94mAcc_c: 55.92 [94mAcc_g: 44.76 [92mF1_combined: 52.99 [92mF1_c: 52.35 [92mF1_g: 37.57 [39m
2026-07-25 22:50:48,969 - Agent - INFO - [37mTest Epoch 3 step 3 with [31mce_loss_combined : 1.618952 [31mce_loss_c : 2.532638 [31mce_loss_g : 2.479618 [31mkl_synergy_rand_1 : 0.050284 [31mkl_synergy_rand_2 : 0.055321 [31mkl_synergy_1 : 0.050056 [31mkl_synergy_2 : 0.058483 [31mtotal : 1.833096 [31mdiag_kl_1 : 1.147596 [31mdiag_kl_2 : 0.958162 [94mAcc_combined: 58.95 [94mAcc_c: 48.50 [94mAcc_g: 49.28 [92mF1_combined: 49.68 [92mF1_c: 44.31 [92mF1_g: 40.19 [39m
2026-07-25 22:50:54,534 - Agent - INFO - [37mModel saved successfully at: ./data/data/2025_data/synergy/CremadPlus/v2/SynIB_RMask_U_REFABL_cremad_fold0_l1.0_ir0.5_perturbrandom_fillema_pmin0.20_refclass_prior.pth.tar[39m
2026-07-25 22:52:36,482 - Evaluator - INFO - New best with loss-accuracy-
2026-07-25 22:52:36,482 - Agent - INFO - [37mVal Epoch 4 step 4 with [31mce_loss_combined : 1.516238 [31mce_loss_c : 1.948708 [31mce_loss_g : 2.387591 [31mkl_synergy_rand_1 : 0.056245 [31mkl_synergy_rand_2 : 0.060395 [31mkl_synergy_1 : 0.058640 [31mkl_synergy_2 : 0.066550 [31mtotal : 1.758069 [31mdiag_kl_1 : 1.110000 [31mdiag_kl_2 : 1.000801 [94mAcc_combined: 63.67 [94mAcc_c: 55.35 [94mAcc_g: 44.65 [92mF1_combined: 54.16 [92mF1_c: 51.64 [92mF1_g: 37.59 [39m
2026-07-25 22:52:36,499 - Agent - INFO - [37mTest Epoch 4 step 4 with [31mce_loss_combined : 1.586081 [31mce_loss_c : 2.554884 [31mce_loss_g : 2.480001 [31mkl_synergy_rand_1 : 0.055698 [31mkl_synergy_rand_2 : 0.062863 [31mkl_synergy_1 : 0.060106 [31mkl_synergy_2 : 0.066508 [31mtotal : 1.831256 [31mdiag_kl_1 : 1.113683 [31mdiag_kl_2 : 0.930240 [94mAcc_combined: 60.07 [94mAcc_c: 48.61 [94mAcc_g: 48.83 [92mF1_combined: 51.29 [92mF1_c: 44.65 [92mF1_g: 39.76 [39m
2026-07-25 22:52:41,841 - Agent - INFO - [37mModel saved successfully at: ./data/data/2025_data/synergy/CremadPlus/v2/SynIB_RMask_U_REFABL_cremad_fold0_l1.0_ir0.5_perturbrandom_fillema_pmin0.20_refclass_prior.pth.tar[39m
2026-07-25 22:54:22,359 - Evaluator - INFO - New best with loss-accuracy-
2026-07-25 22:54:22,359 - Agent - INFO - [37mVal Epoch 5 step 5 with [31mce_loss_combined : 1.502224 [31mce_loss_c : 1.952759 [31mce_loss_g : 2.385610 [31mkl_synergy_rand_1 : 0.056606 [31mkl_synergy_rand_2 : 0.061574 [31mkl_synergy_1 : 0.060349 [31mkl_synergy_2 : 0.067292 [31mtotal : 1.748046 [31mdiag_kl_1 : 1.087724 [31mdiag_kl_2 : 0.999011 [94mAcc_combined: 64.46 [94mAcc_c: 54.90 [94mAcc_g: 44.08 [92mF1_combined: 55.64 [92mF1_c: 51.28 [92mF1_g: 37.60 [39m
2026-07-25 22:54:22,376 - Agent - INFO - [37mTest Epoch 5 step 5 with [31mce_loss_combined : 1.563667 [31mce_loss_c : 2.545770 [31mce_loss_g : 2.369935 [31mkl_synergy_rand_1 : 0.060537 [31mkl_synergy_rand_2 : 0.063891 [31mkl_synergy_1 : 0.062740 [31mkl_synergy_2 : 0.070706 [31mtotal : 1.821541 [31mdiag_kl_1 : 1.073521 [31mdiag_kl_2 : 0.923801 [94mAcc_combined: 61.29 [94mAcc_c: 48.28 [94mAcc_g: 48.28 [92mF1_combined: 52.76 [92mF1_c: 44.43 [92mF1_g: 39.65 [39m
2026-07-25 22:54:27,730 - Agent - INFO - [37mModel saved successfully at: ./data/data/2025_data/synergy/CremadPlus/v2/SynIB_RMask_U_REFABL_cremad_fold0_l1.0_ir0.5_perturbrandom_fillema_pmin0.20_refclass_prior.pth.tar[39m
2026-07-25 22:56:09,832 - Evaluator - INFO - New best with loss-
2026-07-25 22:56:09,833 - Agent - INFO - [37mVal Epoch 6 step 6 with [31mce_loss_combined : 1.495250 [31mce_loss_c : 1.915438 [31mce_loss_g : 2.324505 [31mkl_synergy_rand_1 : 0.056929 [31mkl_synergy_rand_2 : 0.060069 [31mkl_synergy_1 : 0.060664 [31mkl_synergy_2 : 0.067399 [31mtotal : 1.740310 [31mdiag_kl_1 : 1.085668 [31mdiag_kl_2 : 1.006750 [94mAcc_combined: 64.46 [94mAcc_c: 54.21 [94mAcc_g: 44.19 [92mF1_combined: 56.06 [92mF1_c: 50.74 [92mF1_g: 37.87 [39m
2026-07-25 22:56:09,849 - Agent - INFO - [37mTest Epoch 6 step 6 with [31mce_loss_combined : 1.562983 [31mce_loss_c : 2.496161 [31mce_loss_g : 2.318102 [31mkl_synergy_rand_1 : 0.058780 [31mkl_synergy_rand_2 : 0.065378 [31mkl_synergy_1 : 0.062670 [31mkl_synergy_2 : 0.068282 [31mtotal : 1.818092 [31mdiag_kl_1 : 1.083027 [31mdiag_kl_2 : 0.925379 [94mAcc_combined: 59.84 [94mAcc_c: 48.28 [94mAcc_g: 48.05 [92mF1_combined: 51.43 [92mF1_c: 44.60 [92mF1_g: 39.32 [39m
2026-07-25 22:56:16,812 - Agent - INFO - [37mModel saved successfully at: ./data/data/2025_data/synergy/CremadPlus/v2/SynIB_RMask_U_REFABL_cremad_fold0_l1.0_ir0.5_perturbrandom_fillema_pmin0.20_refclass_prior.pth.tar[39m
2026-07-25 22:57:50,512 - Evaluator - INFO - New best with loss-accuracy-
2026-07-25 22:57:50,513 - Agent - INFO - [37mVal Epoch 7 step 7 with [31mce_loss_combined : 1.481454 [31mce_loss_c : 1.922500 [31mce_loss_g : 2.183726 [31mkl_synergy_rand_1 : 0.059120 [31mkl_synergy_rand_2 : 0.060895 [31mkl_synergy_1 : 0.062211 [31mkl_synergy_2 : 0.069697 [31mtotal : 1.733378 [31mdiag_kl_1 : 1.072558 [31mdiag_kl_2 : 1.002884 [94mAcc_combined: 65.83 [94mAcc_c: 54.10 [94mAcc_g: 42.26 [92mF1_combined: 57.92 [92mF1_c: 50.71 [92mF1_g: 36.29 [39m
2026-07-25 22:57:50,530 - Agent - INFO - [37mTest Epoch 7 step 7 with [31mce_loss_combined : 1.545565 [31mce_loss_c : 2.521482 [31mce_loss_g : 2.165807 [31mkl_synergy_rand_1 : 0.062443 [31mkl_synergy_rand_2 : 0.065617 [31mkl_synergy_1 : 0.062353 [31mkl_synergy_2 : 0.070148 [31mtotal : 1.806126 [31mdiag_kl_1 : 1.062491 [31mdiag_kl_2 : 0.919823 [94mAcc_combined: 60.96 [94mAcc_c: 48.50 [94mAcc_g: 47.27 [92mF1_combined: 52.82 [92mF1_c: 44.77 [92mF1_g: 38.95 [39m
2026-07-25 22:57:56,024 - Agent - INFO - [37mModel saved successfully at: ./data/data/2025_data/synergy/CremadPlus/v2/SynIB_RMask_U_REFABL_cremad_fold0_l1.0_ir0.5_perturbrandom_fillema_pmin0.20_refclass_prior.pth.tar[39m
2026-07-25 22:59:37,832 - Evaluator - INFO - New best with loss-accuracy-
2026-07-25 22:59:37,833 - Agent - INFO - [37mVal Epoch 8 step 8 with [31mce_loss_combined : 1.480439 [31mce_loss_c : 1.898319 [31mce_loss_g : 2.154822 [31mkl_synergy_rand_1 : 0.058758 [31mkl_synergy_rand_2 : 0.061981 [31mkl_synergy_1 : 0.061814 [31mkl_synergy_2 : 0.070007 [31mtotal : 1.732999 [31mdiag_kl_1 : 1.075762 [31mdiag_kl_2 : 0.997876 [94mAcc_combined: 66.17 [94mAcc_c: 53.30 [94mAcc_g: 43.62 [92mF1_combined: 58.70 [92mF1_c: 50.27 [92mF1_g: 37.44 [39m
2026-07-25 22:59:37,849 - Agent - INFO - [37mTest Epoch 8 step 8 with [31mce_loss_combined : 1.541382 [31mce_loss_c : 2.470672 [31mce_loss_g : 2.069578 [31mkl_synergy_rand_1 : 0.060075 [31mkl_synergy_rand_2 : 0.066959 [31mkl_synergy_1 : 0.064348 [31mkl_synergy_2 : 0.070318 [31mtotal : 1.803082 [31mdiag_kl_1 : 1.084168 [31mdiag_kl_2 : 0.908587 [94mAcc_combined: 60.29 [94mAcc_c: 48.16 [94mAcc_g: 47.50 [92mF1_combined: 52.40 [92mF1_c: 44.73 [92mF1_g: 39.28 [39m
2026-07-25 22:59:43,197 - Agent - INFO - [37mModel saved successfully at: ./data/data/2025_data/synergy/CremadPlus/v2/SynIB_RMask_U_REFABL_cremad_fold0_l1.0_ir0.5_perturbrandom_fillema_pmin0.20_refclass_prior.pth.tar[39m
2026-07-25 23:01:19,966 - Evaluator - INFO - New best with loss-
2026-07-25 23:01:19,966 - Agent - INFO - [37mVal Epoch 9 step 9 with [31mce_loss_combined : 1.472967 [31mce_loss_c : 1.886297 [31mce_loss_g : 2.090816 [31mkl_synergy_rand_1 : 0.060265 [31mkl_synergy_rand_2 : 0.063322 [31mkl_synergy_1 : 0.064001 [31mkl_synergy_2 : 0.071573 [31mtotal : 1.732129 [31mdiag_kl_1 : 1.074610 [31mdiag_kl_2 : 0.992295 [94mAcc_combined: 65.95 [94mAcc_c: 53.30 [94mAcc_g: 41.23 [92mF1_combined: 58.78 [92mF1_c: 50.51 [92mF1_g: 35.88 [39m
2026-07-25 23:01:19,983 - Agent - INFO - [37mTest Epoch 9 step 9 with [31mce_loss_combined : 1.531606 [31mce_loss_c : 2.478952 [31mce_loss_g : 1.981208 [31mkl_synergy_rand_1 : 0.059400 [31mkl_synergy_rand_2 : 0.069332 [31mkl_synergy_1 : 0.067698 [31mkl_synergy_2 : 0.073765 [31mtotal : 1.801802 [31mdiag_kl_1 : 1.089850 [31mdiag_kl_2 : 0.904386 [94mAcc_combined: 59.84 [94mAcc_c: 47.83 [94mAcc_g: 47.50 [92mF1_combined: 52.31 [92mF1_c: 44.48 [92mF1_g: 39.91 [39m
2026-07-25 23:01:26,954 - Agent - INFO - [37mModel saved successfully at: ./data/data/2025_data/synergy/CremadPlus/v2/SynIB_RMask_U_REFABL_cremad_fold0_l1.0_ir0.5_perturbrandom_fillema_pmin0.20_refclass_prior.pth.tar[39m
2026-07-25 23:03:06,875 - Evaluator - INFO - New best with loss-
2026-07-25 23:03:06,876 - Agent - INFO - [37mVal Epoch 10 step 10 with [31mce_loss_combined : 1.471345 [31mce_loss_c : 1.862272 [31mce_loss_g : 2.001678 [31mkl_synergy_rand_1 : 0.059941 [31mkl_synergy_rand_2 : 0.064920 [31mkl_synergy_1 : 0.064225 [31mkl_synergy_2 : 0.071775 [31mtotal : 1.732207 [31mdiag_kl_1 : 1.084403 [31mdiag_kl_2 : 0.991127 [94mAcc_combined: 66.17 [94mAcc_c: 52.39 [94mAcc_g: 42.26 [92mF1_combined: 59.08 [92mF1_c: 50.26 [92mF1_g: 36.26 [39m
2026-07-25 23:03:06,892 - Agent - INFO - [37mTest Epoch 10 step 10 with [31mce_loss_combined : 1.544572 [31mce_loss_c : 2.418881 [31mce_loss_g : 2.004633 [31mkl_synergy_rand_1 : 0.060848 [31mkl_synergy_rand_2 : 0.067849 [31mkl_synergy_1 : 0.068003 [31mkl_synergy_2 : 0.076735 [31mtotal : 1.818007 [31mdiag_kl_1 : 1.089876 [31mdiag_kl_2 : 0.905378 [94mAcc_combined: 58.62 [94mAcc_c: 47.61 [94mAcc_g: 46.27 [92mF1_combined: 51.10 [92mF1_c: 44.47 [92mF1_g: 38.23 [39m
2026-07-25 23:03:14,002 - Agent - INFO - [37mModel saved successfully at: ./data/data/2025_data/synergy/CremadPlus/v2/SynIB_RMask_U_REFABL_cremad_fold0_l1.0_ir0.5_perturbrandom_fillema_pmin0.20_refclass_prior.pth.tar[39m
2026-07-25 23:04:55,842 - Agent - INFO - [37mVal Epoch 11 step 11 with [31mce_loss_combined : 1.471708 [31mce_loss_c : 1.840301 [31mce_loss_g : 1.938979 [31mkl_synergy_rand_1 : 0.061425 [31mkl_synergy_rand_2 : 0.066732 [31mkl_synergy_1 : 0.064439 [31mkl_synergy_2 : 0.073755 [31mtotal : 1.738059 [31mdiag_kl_1 : 1.092517 [31mdiag_kl_2 : 0.991872 [94mAcc_combined: 64.92 [94mAcc_c: 51.82 [94mAcc_g: 39.86 [92mF1_combined: 58.67 [92mF1_c: 49.85 [92mF1_g: 34.87 [39m
2026-07-25 23:04:55,859 - Agent - INFO - [37mTest Epoch 11 step 11 with [31mce_loss_combined : 1.540769 [31mce_loss_c : 2.371983 [31mce_loss_g : 1.897197 [31mkl_synergy_rand_1 : 0.064374 [31mkl_synergy_rand_2 : 0.070324 [31mkl_synergy_1 : 0.065977 [31mkl_synergy_2 : 0.080570 [31mtotal : 1.822013 [31mdiag_kl_1 : 1.090568 [31mdiag_kl_2 : 0.904871 [94mAcc_combined: 57.62 [94mAcc_c: 46.83 [94mAcc_g: 46.16 [92mF1_combined: 50.23 [92mF1_c: 43.90 [92mF1_g: 38.57 [39m
2026-07-25 23:06:32,665 - Evaluator - INFO - New best with loss-
2026-07-25 23:06:32,666 - Agent - INFO - [37mVal Epoch 12 step 12 with [31mce_loss_combined : 1.468454 [31mce_loss_c : 1.836013 [31mce_loss_g : 1.914123 [31mkl_synergy_rand_1 : 0.062454 [31mkl_synergy_rand_2 : 0.067442 [31mkl_synergy_1 : 0.065072 [31mkl_synergy_2 : 0.076468 [31mtotal : 1.739890 [31mdiag_kl_1 : 1.089172 [31mdiag_kl_2 : 0.980966 [94mAcc_combined: 65.03 [94mAcc_c: 51.14 [94mAcc_g: 38.95 [92mF1_combined: 58.44 [92mF1_c: 49.33 [92mF1_g: 33.98 [39m
2026-07-25 23:06:32,683 - Agent - INFO - [37mTest Epoch 12 step 12 with [31mce_loss_combined : 1.534467 [31mce_loss_c : 2.399607 [31mce_loss_g : 1.899864 [31mkl_synergy_rand_1 : 0.063583 [31mkl_synergy_rand_2 : 0.069312 [31mkl_synergy_1 : 0.065281 [31mkl_synergy_2 : 0.073563 [31mtotal : 1.806207 [31mdiag_kl_1 : 1.089057 [31mdiag_kl_2 : 0.898970 [94mAcc_combined: 58.29 [94mAcc_c: 45.49 [94mAcc_g: 44.27 [92mF1_combined: 50.93 [92mF1_c: 42.85 [92mF1_g: 36.46 [39m
2026-07-25 23:06:39,779 - Agent - INFO - [37mModel saved successfully at: ./data/data/2025_data/synergy/CremadPlus/v2/SynIB_RMask_U_REFABL_cremad_fold0_l1.0_ir0.5_perturbrandom_fillema_pmin0.20_refclass_prior.pth.tar[39m
2026-07-25 23:08:22,277 - Agent - INFO - [37mVal Epoch 13 step 13 with [31mce_loss_combined : 1.475536 [31mce_loss_c : 1.791285 [31mce_loss_g : 1.896840 [31mkl_synergy_rand_1 : 0.064073 [31mkl_synergy_rand_2 : 0.067759 [31mkl_synergy_1 : 0.063373 [31mkl_synergy_2 : 0.076542 [31mtotal : 1.747284 [31mdiag_kl_1 : 1.092596 [31mdiag_kl_2 : 0.984438 [94mAcc_combined: 64.92 [94mAcc_c: 49.09 [94mAcc_g: 36.67 [92mF1_combined: 58.61 [92mF1_c: 47.59 [92mF1_g: 31.64 [39m
2026-07-25 23:08:22,293 - Agent - INFO - [37mTest Epoch 13 step 13 with [31mce_loss_combined : 1.535160 [31mce_loss_c : 2.277898 [31mce_loss_g : 1.904992 [31mkl_synergy_rand_1 : 0.062583 [31mkl_synergy_rand_2 : 0.070902 [31mkl_synergy_1 : 0.065819 [31mkl_synergy_2 : 0.077473 [31mtotal : 1.811936 [31mdiag_kl_1 : 1.098083 [31mdiag_kl_2 : 0.896312 [94mAcc_combined: 58.62 [94mAcc_c: 44.61 [94mAcc_g: 41.05 [92mF1_combined: 51.47 [92mF1_c: 42.36 [92mF1_g: 33.24 [39m
2026-07-25 23:10:01,059 - Agent - INFO - [37mVal Epoch 14 step 14 with [31mce_loss_combined : 1.470425 [31mce_loss_c : 1.762220 [31mce_loss_g : 1.812934 [31mkl_synergy_rand_1 : 0.063163 [31mkl_synergy_rand_2 : 0.067427 [31mkl_synergy_1 : 0.062084 [31mkl_synergy_2 : 0.076203 [31mtotal : 1.739303 [31mdiag_kl_1 : 1.088549 [31mdiag_kl_2 : 0.984038 [94mAcc_combined: 64.35 [94mAcc_c: 48.63 [94mAcc_g: 37.93 [92mF1_combined: 57.55 [92mF1_c: 47.22 [92mF1_g: 32.58 [39m
2026-07-25 23:10:01,075 - Agent - INFO - [37mTest Epoch 14 step 14 with [31mce_loss_combined : 1.535644 [31mce_loss_c : 2.254156 [31mce_loss_g : 1.786950 [31mkl_synergy_rand_1 : 0.062721 [31mkl_synergy_rand_2 : 0.067861 [31mkl_synergy_1 : 0.059476 [31mkl_synergy_2 : 0.077210 [31mtotal : 1.802912 [31mdiag_kl_1 : 1.093749 [31mdiag_kl_2 : 0.901565 [94mAcc_combined: 58.51 [94mAcc_c: 43.16 [94mAcc_g: 42.27 [92mF1_combined: 51.28 [92mF1_c: 41.49 [92mF1_g: 34.91 [39m
2026-07-25 23:11:38,750 - Agent - INFO - [37mVal Epoch 15 step 15 with [31mce_loss_combined : 1.472535 [31mce_loss_c : 1.744733 [31mce_loss_g : 1.781050 [31mkl_synergy_rand_1 : 0.063009 [31mkl_synergy_rand_2 : 0.067780 [31mkl_synergy_1 : 0.061523 [31mkl_synergy_2 : 0.077436 [31mtotal : 1.742283 [31mdiag_kl_1 : 1.080678 [31mdiag_kl_2 : 0.986787 [94mAcc_combined: 64.12 [94mAcc_c: 47.38 [94mAcc_g: 37.24 [92mF1_combined: 57.43 [92mF1_c: 46.22 [92mF1_g: 31.49 [39m
2026-07-25 23:11:38,767 - Agent - INFO - [37mTest Epoch 15 step 15 with [31mce_loss_combined : 1.538558 [31mce_loss_c : 2.213322 [31mce_loss_g : 1.764387 [31mkl_synergy_rand_1 : 0.062928 [31mkl_synergy_rand_2 : 0.069450 [31mkl_synergy_1 : 0.061618 [31mkl_synergy_2 : 0.075499 [31mtotal : 1.808054 [31mdiag_kl_1 : 1.085226 [31mdiag_kl_2 : 0.913062 [94mAcc_combined: 59.29 [94mAcc_c: 42.27 [94mAcc_g: 41.49 [92mF1_combined: 51.83 [92mF1_c: 40.78 [92mF1_g: 34.39 [39m
2026-07-25 23:13:17,527 - Agent - INFO - [37mVal Epoch 16 step 16 with [31mce_loss_combined : 1.468765 [31mce_loss_c : 1.712422 [31mce_loss_g : 1.780128 [31mkl_synergy_rand_1 : 0.062953 [31mkl_synergy_rand_2 : 0.066277 [31mkl_synergy_1 : 0.061442 [31mkl_synergy_2 : 0.075118 [31mtotal : 1.734554 [31mdiag_kl_1 : 1.079006 [31mdiag_kl_2 : 0.988308 [94mAcc_combined: 64.58 [94mAcc_c: 46.81 [94mAcc_g: 36.56 [92mF1_combined: 57.97 [92mF1_c: 45.96 [92mF1_g: 30.37 [39m
2026-07-25 23:13:17,544 - Agent - INFO - [37mTest Epoch 16 step 16 with [31mce_loss_combined : 1.537743 [31mce_loss_c : 2.163914 [31mce_loss_g : 1.782060 [31mkl_synergy_rand_1 : 0.062134 [31mkl_synergy_rand_2 : 0.065657 [31mkl_synergy_1 : 0.060563 [31mkl_synergy_2 : 0.072282 [31mtotal : 1.798378 [31mdiag_kl_1 : 1.074509 [31mdiag_kl_2 : 0.919761 [94mAcc_combined: 58.40 [94mAcc_c: 41.38 [94mAcc_g: 40.38 [92mF1_combined: 50.74 [92mF1_c: 40.06 [92mF1_g: 32.91 [39m
2026-07-25 23:15:03,584 - Agent - INFO - [37mVal Epoch 17 step 17 with [31mce_loss_combined : 1.472956 [31mce_loss_c : 1.681840 [31mce_loss_g : 1.757392 [31mkl_synergy_rand_1 : 0.063169 [31mkl_synergy_rand_2 : 0.066263 [31mkl_synergy_1 : 0.059861 [31mkl_synergy_2 : 0.075593 [31mtotal : 1.737841 [31mdiag_kl_1 : 1.087262 [31mdiag_kl_2 : 0.988141 [94mAcc_combined: 63.67 [94mAcc_c: 45.44 [94mAcc_g: 35.76 [92mF1_combined: 57.31 [92mF1_c: 45.52 [92mF1_g: 30.48 [39m
2026-07-25 23:15:03,601 - Agent - INFO - [37mTest Epoch 17 step 17 with [31mce_loss_combined : 1.539082 [31mce_loss_c : 2.058321 [31mce_loss_g : 1.725252 [31mkl_synergy_rand_1 : 0.060465 [31mkl_synergy_rand_2 : 0.067303 [31mkl_synergy_1 : 0.062209 [31mkl_synergy_2 : 0.073857 [31mtotal : 1.802915 [31mdiag_kl_1 : 1.092933 [31mdiag_kl_2 : 0.910989 [94mAcc_combined: 58.40 [94mAcc_c: 40.16 [94mAcc_g: 38.93 [92mF1_combined: 50.82 [92mF1_c: 39.52 [92mF1_g: 33.00 [39m
2026-07-25 23:16:42,813 - Agent - INFO - [37mVal Epoch 18 step 18 with [31mce_loss_combined : 1.473474 [31mce_loss_c : 1.701997 [31mce_loss_g : 1.798872 [31mkl_synergy_rand_1 : 0.063761 [31mkl_synergy_rand_2 : 0.066079 [31mkl_synergy_1 : 0.059482 [31mkl_synergy_2 : 0.072626 [31mtotal : 1.735421 [31mdiag_kl_1 : 1.071457 [31mdiag_kl_2 : 0.994771 [94mAcc_combined: 64.24 [94mAcc_c: 43.17 [94mAcc_g: 33.83 [92mF1_combined: 57.90 [92mF1_c: 43.53 [92mF1_g: 27.59 [39m
2026-07-25 23:16:42,830 - Agent - INFO - [37mTest Epoch 18 step 18 with [31mce_loss_combined : 1.532508 [31mce_loss_c : 2.067351 [31mce_loss_g : 1.770197 [31mkl_synergy_rand_1 : 0.058411 [31mkl_synergy_rand_2 : 0.064707 [31mkl_synergy_1 : 0.061021 [31mkl_synergy_2 : 0.070843 [31mtotal : 1.787491 [31mdiag_kl_1 : 1.089511 [31mdiag_kl_2 : 0.925200 [94mAcc_combined: 59.29 [94mAcc_c: 37.93 [94mAcc_g: 36.04 [92mF1_combined: 51.97 [92mF1_c: 37.47 [92mF1_g: 29.95 [39m
2026-07-25 23:18:23,082 - Agent - INFO - [37mVal Epoch 19 step 19 with [31mce_loss_combined : 1.480397 [31mce_loss_c : 1.668457 [31mce_loss_g : 1.774761 [31mkl_synergy_rand_1 : 0.059990 [31mkl_synergy_rand_2 : 0.062228 [31mkl_synergy_1 : 0.056304 [31mkl_synergy_2 : 0.069262 [31mtotal : 1.728181 [31mdiag_kl_1 : 1.085929 [31mdiag_kl_2 : 0.999507 [94mAcc_combined: 63.78 [94mAcc_c: 42.37 [94mAcc_g: 35.99 [92mF1_combined: 57.04 [92mF1_c: 42.95 [92mF1_g: 28.32 [39m
2026-07-25 23:18:23,098 - Agent - INFO - [37mTest Epoch 19 step 19 with [31mce_loss_combined : 1.546923 [31mce_loss_c : 1.998915 [31mce_loss_g : 1.749810 [31mkl_synergy_rand_1 : 0.057271 [31mkl_synergy_rand_2 : 0.062407 [31mkl_synergy_1 : 0.051869 [31mkl_synergy_2 : 0.065341 [31mtotal : 1.783811 [31mdiag_kl_1 : 1.092975 [31mdiag_kl_2 : 0.922564 [94mAcc_combined: 57.40 [94mAcc_c: 37.49 [94mAcc_g: 37.82 [92mF1_combined: 49.35 [92mF1_c: 37.60 [92mF1_g: 31.23 [39m
2026-07-25 23:20:06,256 - Evaluator - INFO - New best with loss-
2026-07-25 23:20:06,256 - Agent - INFO - [37mVal Epoch 20 step 20 with [31mce_loss_combined : 1.467729 [31mce_loss_c : 1.680705 [31mce_loss_g : 1.787500 [31mkl_synergy_rand_1 : 0.062468 [31mkl_synergy_rand_2 : 0.062543 [31mkl_synergy_1 : 0.058694 [31mkl_synergy_2 : 0.069331 [31mtotal : 1.720765 [31mdiag_kl_1 : 1.060215 [31mdiag_kl_2 : 1.008510 [94mAcc_combined: 64.81 [94mAcc_c: 40.77 [94mAcc_g: 33.60 [92mF1_combined: 58.70 [92mF1_c: 41.53 [92mF1_g: 26.09 [39m
2026-07-25 23:20:06,273 - Agent - INFO - [37mTest Epoch 20 step 20 with [31mce_loss_combined : 1.525295 [31mce_loss_c : 1.957496 [31mce_loss_g : 1.749618 [31mkl_synergy_rand_1 : 0.058830 [31mkl_synergy_rand_2 : 0.063060 [31mkl_synergy_1 : 0.056037 [31mkl_synergy_2 : 0.066442 [31mtotal : 1.769665 [31mdiag_kl_1 : 1.078270 [31mdiag_kl_2 : 0.929694 [94mAcc_combined: 59.51 [94mAcc_c: 37.04 [94mAcc_g: 37.37 [92mF1_combined: 51.91 [92mF1_c: 37.44 [92mF1_g: 31.14 [39m
2026-07-25 23:20:13,346 - Agent - INFO - [37mModel saved successfully at: ./data/data/2025_data/synergy/CremadPlus/v2/SynIB_RMask_U_REFABL_cremad_fold0_l1.0_ir0.5_perturbrandom_fillema_pmin0.20_refclass_prior.pth.tar[39m
2026-07-25 23:21:54,340 - Evaluator - INFO - New best with loss-
2026-07-25 23:21:54,341 - Agent - INFO - [37mVal Epoch 21 step 21 with [31mce_loss_combined : 1.466518 [31mce_loss_c : 1.729478 [31mce_loss_g : 1.788441 [31mkl_synergy_rand_1 : 0.062729 [31mkl_synergy_rand_2 : 0.061108 [31mkl_synergy_1 : 0.059838 [31mkl_synergy_2 : 0.066298 [31mtotal : 1.716491 [31mdiag_kl_1 : 1.044112 [31mdiag_kl_2 : 1.019244 [94mAcc_combined: 66.06 [94mAcc_c: 37.02 [94mAcc_g: 33.71 [92mF1_combined: 59.78 [92mF1_c: 37.84 [92mF1_g: 25.85 [39m
2026-07-25 23:21:54,358 - Agent - INFO - [37mTest Epoch 21 step 21 with [31mce_loss_combined : 1.522003 [31mce_loss_c : 1.979267 [31mce_loss_g : 1.749323 [31mkl_synergy_rand_1 : 0.061729 [31mkl_synergy_rand_2 : 0.060343 [31mkl_synergy_1 : 0.054824 [31mkl_synergy_2 : 0.064972 [31mtotal : 1.763871 [31mdiag_kl_1 : 1.049393 [31mdiag_kl_2 : 0.941470 [94mAcc_combined: 61.40 [94mAcc_c: 35.48 [94mAcc_g: 37.26 [92mF1_combined: 53.44 [92mF1_c: 35.69 [92mF1_g: 31.62 [39m
2026-07-25 23:22:01,437 - Agent - INFO - [37mModel saved successfully at: ./data/data/2025_data/synergy/CremadPlus/v2/SynIB_RMask_U_REFABL_cremad_fold0_l1.0_ir0.5_perturbrandom_fillema_pmin0.20_refclass_prior.pth.tar[39m
2026-07-25 23:23:44,937 - Agent - INFO - [37mVal Epoch 22 step 22 with [31mce_loss_combined : 1.477425 [31mce_loss_c : 1.696673 [31mce_loss_g : 1.833909 [31mkl_synergy_rand_1 : 0.060577 [31mkl_synergy_rand_2 : 0.060528 [31mkl_synergy_1 : 0.059010 [31mkl_synergy_2 : 0.065812 [31mtotal : 1.723353 [31mdiag_kl_1 : 1.060643 [31mdiag_kl_2 : 1.016241 [94mAcc_combined: 64.35 [94mAcc_c: 36.90 [94mAcc_g: 31.44 [92mF1_combined: 58.24 [92mF1_c: 37.99 [92mF1_g: 23.78 [39m
2026-07-25 23:23:44,954 - Agent - INFO - [37mTest Epoch 22 step 22 with [31mce_loss_combined : 1.527509 [31mce_loss_c : 1.919489 [31mce_loss_g : 1.793606 [31mkl_synergy_rand_1 : 0.060611 [31mkl_synergy_rand_2 : 0.058678 [31mkl_synergy_1 : 0.056148 [31mkl_synergy_2 : 0.065093 [31mtotal : 1.768039 [31mdiag_kl_1 : 1.057269 [31mdiag_kl_2 : 0.946083 [94mAcc_combined: 60.73 [94mAcc_c: 35.48 [94mAcc_g: 34.26 [92mF1_combined: 53.02 [92mF1_c: 35.99 [92mF1_g: 28.92 [39m
2026-07-25 23:25:31,744 - Agent - INFO - [37mVal Epoch 23 step 23 with [31mce_loss_combined : 1.467666 [31mce_loss_c : 1.749558 [31mce_loss_g : 1.813855 [31mkl_synergy_rand_1 : 0.061210 [31mkl_synergy_rand_2 : 0.059149 [31mkl_synergy_1 : 0.059742 [31mkl_synergy_2 : 0.064473 [31mtotal : 1.712240 [31mdiag_kl_1 : 1.042681 [31mdiag_kl_2 : 1.032077 [94mAcc_combined: 65.83 [94mAcc_c: 33.71 [94mAcc_g: 32.00 [92mF1_combined: 59.37 [92mF1_c: 34.57 [92mF1_g: 24.01 [39m
2026-07-25 23:25:31,760 - Agent - INFO - [37mTest Epoch 23 step 23 with [31mce_loss_combined : 1.528570 [31mce_loss_c : 1.932785 [31mce_loss_g : 1.776611 [31mkl_synergy_rand_1 : 0.057479 [31mkl_synergy_rand_2 : 0.058214 [31mkl_synergy_1 : 0.056488 [31mkl_synergy_2 : 0.062158 [31mtotal : 1.762909 [31mdiag_kl_1 : 1.063762 [31mdiag_kl_2 : 0.953713 [94mAcc_combined: 60.85 [94mAcc_c: 33.59 [94mAcc_g: 34.48 [92mF1_combined: 53.31 [92mF1_c: 33.93 [92mF1_g: 28.77 [39m
2026-07-25 23:27:14,937 - Agent - INFO - [37mVal Epoch 24 step 24 with [31mce_loss_combined : 1.485058 [31mce_loss_c : 1.740627 [31mce_loss_g : 1.815249 [31mkl_synergy_rand_1 : 0.058025 [31mkl_synergy_rand_2 : 0.057301 [31mkl_synergy_1 : 0.056673 [31mkl_synergy_2 : 0.060200 [31mtotal : 1.717258 [31mdiag_kl_1 : 1.061003 [31mdiag_kl_2 : 1.040631 [94mAcc_combined: 65.26 [94mAcc_c: 32.92 [94mAcc_g: 30.18 [92mF1_combined: 58.60 [92mF1_c: 33.99 [92mF1_g: 22.80 [39m
2026-07-25 23:27:14,955 - Agent - INFO - [37mTest Epoch 24 step 24 with [31mce_loss_combined : 1.544756 [31mce_loss_c : 1.902052 [31mce_loss_g : 1.781951 [31mkl_synergy_rand_1 : 0.055015 [31mkl_synergy_rand_2 : 0.053543 [31mkl_synergy_1 : 0.053392 [31mkl_synergy_2 : 0.058522 [31mtotal : 1.765228 [31mdiag_kl_1 : 1.077517 [31mdiag_kl_2 : 0.969990 [94mAcc_combined: 59.62 [94mAcc_c: 32.48 [94mAcc_g: 34.93 [92mF1_combined: 52.01 [92mF1_c: 32.62 [92mF1_g: 30.03 [39m
2026-07-25 23:28:55,667 - Agent - INFO - [37mVal Epoch 25 step 25 with [31mce_loss_combined : 1.476540 [31mce_loss_c : 1.799075 [31mce_loss_g : 1.820091 [31mkl_synergy_rand_1 : 0.060766 [31mkl_synergy_rand_2 : 0.058545 [31mkl_synergy_1 : 0.060081 [31mkl_synergy_2 : 0.062554 [31mtotal : 1.718486 [31mdiag_kl_1 : 1.047222 [31mdiag_kl_2 : 1.040228 [94mAcc_combined: 65.15 [94mAcc_c: 31.66 [94mAcc_g: 30.52 [92mF1_combined: 58.48 [92mF1_c: 32.06 [92mF1_g: 23.09 [39m
2026-07-25 23:28:55,684 - Agent - INFO - [37mTest Epoch 25 step 25 with [31mce_loss_combined : 1.533748 [31mce_loss_c : 1.933220 [31mce_loss_g : 1.773734 [31mkl_synergy_rand_1 : 0.057145 [31mkl_synergy_rand_2 : 0.056338 [31mkl_synergy_1 : 0.056255 [31mkl_synergy_2 : 0.057506 [31mtotal : 1.760992 [31mdiag_kl_1 : 1.059412 [31mdiag_kl_2 : 0.964289 [94mAcc_combined: 59.84 [94mAcc_c: 30.14 [94mAcc_g: 34.04 [92mF1_combined: 52.31 [92mF1_c: 30.00 [92mF1_g: 28.87 [39m
2026-07-25 23:30:37,866 - Agent - INFO - [37mVal Epoch 26 step 26 with [31mce_loss_combined : 1.472736 [31mce_loss_c : 1.813272 [31mce_loss_g : 1.807595 [31mkl_synergy_rand_1 : 0.061429 [31mkl_synergy_rand_2 : 0.058846 [31mkl_synergy_1 : 0.060224 [31mkl_synergy_2 : 0.062687 [31mtotal : 1.715923 [31mdiag_kl_1 : 1.037217 [31mdiag_kl_2 : 1.042810 [94mAcc_combined: 66.06 [94mAcc_c: 31.32 [94mAcc_g: 30.64 [92mF1_combined: 59.74 [92mF1_c: 31.61 [92mF1_g: 22.96 [39m
2026-07-25 23:30:37,882 - Agent - INFO - [37mTest Epoch 26 step 26 with [31mce_loss_combined : 1.532512 [31mce_loss_c : 1.938854 [31mce_loss_g : 1.769274 [31mkl_synergy_rand_1 : 0.058815 [31mkl_synergy_rand_2 : 0.055681 [31mkl_synergy_1 : 0.056443 [31mkl_synergy_2 : 0.057414 [31mtotal : 1.760865 [31mdiag_kl_1 : 1.049133 [31mdiag_kl_2 : 0.969988 [94mAcc_combined: 59.40 [94mAcc_c: 28.59 [94mAcc_g: 34.71 [92mF1_combined: 52.06 [92mF1_c: 28.21 [92mF1_g: 29.24 [39m
2026-07-25 23:32:18,228 - Agent - INFO - [37mVal Epoch 27 step 27 with [31mce_loss_combined : 1.472814 [31mce_loss_c : 1.820921 [31mce_loss_g : 1.820300 [31mkl_synergy_rand_1 : 0.060817 [31mkl_synergy_rand_2 : 0.058061 [31mkl_synergy_1 : 0.060444 [31mkl_synergy_2 : 0.061577 [31mtotal : 1.713714 [31mdiag_kl_1 : 1.041546 [31mdiag_kl_2 : 1.040433 [94mAcc_combined: 65.72 [94mAcc_c: 30.64 [94mAcc_g: 30.52 [92mF1_combined: 59.13 [92mF1_c: 30.90 [92mF1_g: 22.82 [39m
2026-07-25 23:32:18,245 - Agent - INFO - [37mTest Epoch 27 step 27 with [31mce_loss_combined : 1.531019 [31mce_loss_c : 1.931081 [31mce_loss_g : 1.775812 [31mkl_synergy_rand_1 : 0.058382 [31mkl_synergy_rand_2 : 0.056637 [31mkl_synergy_1 : 0.054365 [31mkl_synergy_2 : 0.057129 [31mtotal : 1.757533 [31mdiag_kl_1 : 1.056893 [31mdiag_kl_2 : 0.966214 [94mAcc_combined: 59.96 [94mAcc_c: 29.14 [94mAcc_g: 34.04 [92mF1_combined: 52.55 [92mF1_c: 28.63 [92mF1_g: 28.69 [39m
2026-07-25 23:33:59,591 - Agent - INFO - [37mVal Epoch 28 step 28 with [31mce_loss_combined : 1.474625 [31mce_loss_c : 1.831640 [31mce_loss_g : 1.819117 [31mkl_synergy_rand_1 : 0.061820 [31mkl_synergy_rand_2 : 0.058708 [31mkl_synergy_1 : 0.060464 [31mkl_synergy_2 : 0.061717 [31mtotal : 1.717334 [31mdiag_kl_1 : 1.038274 [31mdiag_kl_2 : 1.043482 [94mAcc_combined: 66.17 [94mAcc_c: 30.30 [94mAcc_g: 30.18 [92mF1_combined: 59.51 [92mF1_c: 30.52 [92mF1_g: 22.41 [39m
2026-07-25 23:33:59,607 - Agent - INFO - [37mTest Epoch 28 step 28 with [31mce_loss_combined : 1.532657 [31mce_loss_c : 1.941698 [31mce_loss_g : 1.776008 [31mkl_synergy_rand_1 : 0.057303 [31mkl_synergy_rand_2 : 0.058300 [31mkl_synergy_1 : 0.055842 [31mkl_synergy_2 : 0.058506 [31mtotal : 1.762609 [31mdiag_kl_1 : 1.055537 [31mdiag_kl_2 : 0.968364 [94mAcc_combined: 60.40 [94mAcc_c: 27.81 [94mAcc_g: 34.93 [92mF1_combined: 52.93 [92mF1_c: 27.06 [92mF1_g: 29.47 [39m
2026-07-25 23:35:38,919 - Agent - INFO - [37mVal Epoch 29 step 29 with [31mce_loss_combined : 1.472897 [31mce_loss_c : 1.845617 [31mce_loss_g : 1.819490 [31mkl_synergy_rand_1 : 0.062120 [31mkl_synergy_rand_2 : 0.059065 [31mkl_synergy_1 : 0.059195 [31mkl_synergy_2 : 0.062641 [31mtotal : 1.715918 [31mdiag_kl_1 : 1.036155 [31mdiag_kl_2 : 1.046620 [94mAcc_combined: 65.83 [94mAcc_c: 30.52 [94mAcc_g: 30.30 [92mF1_combined: 59.40 [92mF1_c: 30.59 [92mF1_g: 22.32 [39m
2026-07-25 23:35:38,937 - Agent - INFO - [37mTest Epoch 29 step 29 with [31mce_loss_combined : 1.531347 [31mce_loss_c : 1.955929 [31mce_loss_g : 1.774029 [31mkl_synergy_rand_1 : 0.058126 [31mkl_synergy_rand_2 : 0.058382 [31mkl_synergy_1 : 0.056796 [31mkl_synergy_2 : 0.056746 [31mtotal : 1.761398 [31mdiag_kl_1 : 1.053459 [31mdiag_kl_2 : 0.966134 [94mAcc_combined: 60.07 [94mAcc_c: 27.59 [94mAcc_g: 34.15 [92mF1_combined: 52.72 [92mF1_c: 26.50 [92mF1_g: 28.85 [39m
2026-07-25 23:37:19,405 - Agent - INFO - [37mVal Epoch 30 step 30 with [31mce_loss_combined : 1.470593 [31mce_loss_c : 1.864765 [31mce_loss_g : 1.814925 [31mkl_synergy_rand_1 : 0.061567 [31mkl_synergy_rand_2 : 0.057261 [31mkl_synergy_1 : 0.059033 [31mkl_synergy_2 : 0.061976 [31mtotal : 1.710430 [31mdiag_kl_1 : 1.036110 [31mdiag_kl_2 : 1.051538 [94mAcc_combined: 65.72 [94mAcc_c: 29.16 [94mAcc_g: 30.75 [92mF1_combined: 59.15 [92mF1_c: 29.22 [92mF1_g: 22.59 [39m
2026-07-25 23:37:19,421 - Agent - INFO - [37mTest Epoch 30 step 30 with [31mce_loss_combined : 1.526165 [31mce_loss_c : 1.966233 [31mce_loss_g : 1.772282 [31mkl_synergy_rand_1 : 0.060363 [31mkl_synergy_rand_2 : 0.054571 [31mkl_synergy_1 : 0.056042 [31mkl_synergy_2 : 0.059188 [31mtotal : 1.756328 [31mdiag_kl_1 : 1.043561 [31mdiag_kl_2 : 0.966069 [94mAcc_combined: 60.62 [94mAcc_c: 27.47 [94mAcc_g: 34.26 [92mF1_combined: 53.20 [92mF1_c: 26.42 [92mF1_g: 28.72 [39m
2026-07-25 23:39:10,771 - Agent - INFO - [37mVal Epoch 31 step 31 with [31mce_loss_combined : 1.471988 [31mce_loss_c : 1.869581 [31mce_loss_g : 1.819296 [31mkl_synergy_rand_1 : 0.061985 [31mkl_synergy_rand_2 : 0.058297 [31mkl_synergy_1 : 0.060500 [31mkl_synergy_2 : 0.062452 [31mtotal : 1.715221 [31mdiag_kl_1 : 1.029121 [31mdiag_kl_2 : 1.050629 [94mAcc_combined: 65.15 [94mAcc_c: 29.50 [94mAcc_g: 30.18 [92mF1_combined: 58.61 [92mF1_c: 29.41 [92mF1_g: 22.22 [39m
2026-07-25 23:39:10,788 - Agent - INFO - [37mTest Epoch 31 step 31 with [31mce_loss_combined : 1.527711 [31mce_loss_c : 1.970974 [31mce_loss_g : 1.776143 [31mkl_synergy_rand_1 : 0.057978 [31mkl_synergy_rand_2 : 0.055964 [31mkl_synergy_1 : 0.054683 [31mkl_synergy_2 : 0.057667 [31mtotal : 1.754003 [31mdiag_kl_1 : 1.049168 [31mdiag_kl_2 : 0.970228 [94mAcc_combined: 61.18 [94mAcc_c: 27.25 [94mAcc_g: 33.93 [92mF1_combined: 53.63 [92mF1_c: 25.96 [92mF1_g: 28.46 [39m
2026-07-25 23:40:49,847 - Agent - INFO - [37mVal Epoch 32 step 32 with [31mce_loss_combined : 1.474197 [31mce_loss_c : 1.861795 [31mce_loss_g : 1.817547 [31mkl_synergy_rand_1 : 0.061146 [31mkl_synergy_rand_2 : 0.057559 [31mkl_synergy_1 : 0.060974 [31mkl_synergy_2 : 0.062738 [31mtotal : 1.716615 [31mdiag_kl_1 : 1.035216 [31mdiag_kl_2 : 1.048758 [94mAcc_combined: 65.72 [94mAcc_c: 29.73 [94mAcc_g: 30.52 [92mF1_combined: 59.02 [92mF1_c: 29.71 [92mF1_g: 22.22 [39m
2026-07-25 23:40:49,865 - Agent - INFO - [37mTest Epoch 32 step 32 with [31mce_loss_combined : 1.530360 [31mce_loss_c : 1.959309 [31mce_loss_g : 1.773860 [31mkl_synergy_rand_1 : 0.057576 [31mkl_synergy_rand_2 : 0.054904 [31mkl_synergy_1 : 0.056333 [31mkl_synergy_2 : 0.058905 [31mtotal : 1.758078 [31mdiag_kl_1 : 1.051827 [31mdiag_kl_2 : 0.977991 [94mAcc_combined: 61.40 [94mAcc_c: 27.92 [94mAcc_g: 33.70 [92mF1_combined: 53.80 [92mF1_c: 26.85 [92mF1_g: 27.97 [39m
2026-07-25 23:42:30,529 - Agent - INFO - [37mVal Epoch 33 step 33 with [31mce_loss_combined : 1.482966 [31mce_loss_c : 1.902556 [31mce_loss_g : 1.830786 [31mkl_synergy_rand_1 : 0.059153 [31mkl_synergy_rand_2 : 0.056140 [31mkl_synergy_1 : 0.058246 [31mkl_synergy_2 : 0.059014 [31mtotal : 1.715518 [31mdiag_kl_1 : 1.033481 [31mdiag_kl_2 : 1.056146 [94mAcc_combined: 65.95 [94mAcc_c: 27.90 [94mAcc_g: 28.82 [92mF1_combined: 59.20 [92mF1_c: 27.67 [92mF1_g: 21.26 [39m
2026-07-25 23:42:30,546 - Agent - INFO - [37mTest Epoch 33 step 33 with [31mce_loss_combined : 1.531035 [31mce_loss_c : 1.980910 [31mce_loss_g : 1.776642 [31mkl_synergy_rand_1 : 0.055350 [31mkl_synergy_rand_2 : 0.054596 [31mkl_synergy_1 : 0.053992 [31mkl_synergy_2 : 0.055466 [31mtotal : 1.750439 [31mdiag_kl_1 : 1.054178 [31mdiag_kl_2 : 0.982188 [94mAcc_combined: 61.18 [94mAcc_c: 26.59 [94mAcc_g: 32.70 [92mF1_combined: 53.51 [92mF1_c: 25.21 [92mF1_g: 28.05 [39m
2026-07-25 23:44:11,261 - Agent - INFO - [37mVal Epoch 34 step 34 with [31mce_loss_combined : 1.479401 [31mce_loss_c : 1.921661 [31mce_loss_g : 1.817372 [31mkl_synergy_rand_1 : 0.060724 [31mkl_synergy_rand_2 : 0.056302 [31mkl_synergy_1 : 0.058242 [31mkl_synergy_2 : 0.058623 [31mtotal : 1.713291 [31mdiag_kl_1 : 1.028266 [31mdiag_kl_2 : 1.055370 [94mAcc_combined: 65.72 [94mAcc_c: 27.45 [94mAcc_g: 30.52 [92mF1_combined: 58.61 [92mF1_c: 26.86 [92mF1_g: 21.60 [39m
2026-07-25 23:44:11,277 - Agent - INFO - [37mTest Epoch 34 step 34 with [31mce_loss_combined : 1.543636 [31mce_loss_c : 1.964127 [31mce_loss_g : 1.773381 [31mkl_synergy_rand_1 : 0.056241 [31mkl_synergy_rand_2 : 0.052539 [31mkl_synergy_1 : 0.052661 [31mkl_synergy_2 : 0.052621 [31mtotal : 1.757699 [31mdiag_kl_1 : 1.051468 [31mdiag_kl_2 : 0.987101 [94mAcc_combined: 60.29 [94mAcc_c: 25.14 [94mAcc_g: 34.59 [92mF1_combined: 52.68 [92mF1_c: 23.20 [92mF1_g: 28.62 [39m
2026-07-25 23:45:56,886 - Agent - INFO - [37mVal Epoch 35 step 35 with [31mce_loss_combined : 1.481375 [31mce_loss_c : 1.952004 [31mce_loss_g : 1.805250 [31mkl_synergy_rand_1 : 0.059527 [31mkl_synergy_rand_2 : 0.055519 [31mkl_synergy_1 : 0.058180 [31mkl_synergy_2 : 0.057671 [31mtotal : 1.712272 [31mdiag_kl_1 : 1.036895 [31mdiag_kl_2 : 1.060519 [94mAcc_combined: 66.17 [94mAcc_c: 24.72 [94mAcc_g: 31.89 [92mF1_combined: 59.66 [92mF1_c: 23.80 [92mF1_g: 21.92 [39m
2026-07-25 23:45:56,903 - Agent - INFO - [37mTest Epoch 35 step 35 with [31mce_loss_combined : 1.546263 [31mce_loss_c : 1.978874 [31mce_loss_g : 1.752735 [31mkl_synergy_rand_1 : 0.054990 [31mkl_synergy_rand_2 : 0.051040 [31mkl_synergy_1 : 0.053154 [31mkl_synergy_2 : 0.050400 [31mtotal : 1.755847 [31mdiag_kl_1 : 1.055887 [31mdiag_kl_2 : 0.987126 [94mAcc_combined: 59.84 [94mAcc_c: 22.47 [94mAcc_g: 34.37 [92mF1_combined: 52.67 [92mF1_c: 21.31 [92mF1_g: 27.60 [39m
2026-07-25 23:47:37,945 - Agent - INFO - [37mVal Epoch 36 step 36 with [31mce_loss_combined : 1.490680 [31mce_loss_c : 1.966682 [31mce_loss_g : 1.798156 [31mkl_synergy_rand_1 : 0.057762 [31mkl_synergy_rand_2 : 0.053533 [31mkl_synergy_1 : 0.055929 [31mkl_synergy_2 : 0.054742 [31mtotal : 1.712645 [31mdiag_kl_1 : 1.046173 [31mdiag_kl_2 : 1.071116 [94mAcc_combined: 64.92 [94mAcc_c: 24.72 [94mAcc_g: 32.80 [92mF1_combined: 58.74 [92mF1_c: 22.48 [92mF1_g: 22.80 [39m
2026-07-25 23:47:37,962 - Agent - INFO - [37mTest Epoch 36 step 36 with [31mce_loss_combined : 1.540567 [31mce_loss_c : 2.008050 [31mce_loss_g : 1.754462 [31mkl_synergy_rand_1 : 0.056409 [31mkl_synergy_rand_2 : 0.052701 [31mkl_synergy_1 : 0.054772 [31mkl_synergy_2 : 0.054540 [31mtotal : 1.758988 [31mdiag_kl_1 : 1.051720 [31mdiag_kl_2 : 0.994267 [94mAcc_combined: 59.51 [94mAcc_c: 20.47 [94mAcc_g: 35.60 [92mF1_combined: 52.32 [92mF1_c: 17.62 [92mF1_g: 28.46 [39m
2026-07-25 23:49:26,757 - Agent - INFO - [37mVal Epoch 37 step 37 with [31mce_loss_combined : 1.485766 [31mce_loss_c : 2.026504 [31mce_loss_g : 1.763585 [31mkl_synergy_rand_1 : 0.058467 [31mkl_synergy_rand_2 : 0.053638 [31mkl_synergy_1 : 0.055221 [31mkl_synergy_2 : 0.056232 [31mtotal : 1.709324 [31mdiag_kl_1 : 1.032041 [31mdiag_kl_2 : 1.071851 [94mAcc_combined: 65.60 [94mAcc_c: 23.69 [94mAcc_g: 34.40 [92mF1_combined: 58.64 [92mF1_c: 21.96 [92mF1_g: 23.64 [39m
2026-07-25 23:49:26,774 - Agent - INFO - [37mTest Epoch 37 step 37 with [31mce_loss_combined : 1.530723 [31mce_loss_c : 2.029705 [31mce_loss_g : 1.722068 [31mkl_synergy_rand_1 : 0.056125 [31mkl_synergy_rand_2 : 0.050954 [31mkl_synergy_1 : 0.054027 [31mkl_synergy_2 : 0.050448 [31mtotal : 1.742275 [31mdiag_kl_1 : 1.042872 [31mdiag_kl_2 : 1.001412 [94mAcc_combined: 61.85 [94mAcc_c: 19.91 [94mAcc_g: 35.04 [92mF1_combined: 54.35 [92mF1_c: 17.11 [92mF1_g: 27.82 [39m
2026-07-25 23:51:04,449 - Agent - INFO - [37mVal Epoch 38 step 38 with [31mce_loss_combined : 1.494850 [31mce_loss_c : 2.027131 [31mce_loss_g : 1.779300 [31mkl_synergy_rand_1 : 0.057501 [31mkl_synergy_rand_2 : 0.052688 [31mkl_synergy_1 : 0.056715 [31mkl_synergy_2 : 0.054608 [31mtotal : 1.716362 [31mdiag_kl_1 : 1.043271 [31mdiag_kl_2 : 1.086815 [94mAcc_combined: 64.69 [94mAcc_c: 20.05 [94mAcc_g: 33.71 [92mF1_combined: 58.83 [92mF1_c: 17.30 [92mF1_g: 23.63 [39m
2026-07-25 23:51:04,467 - Agent - INFO - [37mTest Epoch 38 step 38 with [31mce_loss_combined : 1.539173 [31mce_loss_c : 2.037212 [31mce_loss_g : 1.730725 [31mkl_synergy_rand_1 : 0.054089 [31mkl_synergy_rand_2 : 0.049982 [31mkl_synergy_1 : 0.053619 [31mkl_synergy_2 : 0.051107 [31mtotal : 1.747970 [31mdiag_kl_1 : 1.057318 [31mdiag_kl_2 : 1.011463 [94mAcc_combined: 59.51 [94mAcc_c: 17.46 [94mAcc_g: 34.37 [92mF1_combined: 52.35 [92mF1_c: 14.88 [92mF1_g: 27.29 [39m
2026-07-25 23:52:41,704 - Agent - INFO - [37mVal Epoch 39 step 39 with [31mce_loss_combined : 1.488525 [31mce_loss_c : 2.084618 [31mce_loss_g : 1.774432 [31mkl_synergy_rand_1 : 0.058363 [31mkl_synergy_rand_2 : 0.052651 [31mkl_synergy_1 : 0.058378 [31mkl_synergy_2 : 0.053749 [31mtotal : 1.711666 [31mdiag_kl_1 : 1.028006 [31mdiag_kl_2 : 1.086004 [94mAcc_combined: 64.92 [94mAcc_c: 18.56 [94mAcc_g: 34.05 [92mF1_combined: 58.32 [92mF1_c: 15.96 [92mF1_g: 23.54 [39m
2026-07-25 23:52:41,722 - Agent - INFO - [37mTest Epoch 39 step 39 with [31mce_loss_combined : 1.545082 [31mce_loss_c : 2.072597 [31mce_loss_g : 1.736555 [31mkl_synergy_rand_1 : 0.057169 [31mkl_synergy_rand_2 : 0.050165 [31mkl_synergy_1 : 0.056600 [31mkl_synergy_2 : 0.051196 [31mtotal : 1.760212 [31mdiag_kl_1 : 1.037163 [31mdiag_kl_2 : 1.010601 [94mAcc_combined: 60.51 [94mAcc_c: 16.80 [94mAcc_g: 34.37 [92mF1_combined: 52.85 [92mF1_c: 14.29 [92mF1_g: 27.32 [39m
2026-07-25 23:54:26,273 - Agent - INFO - [37mVal Epoch 40 step 40 with [31mce_loss_combined : 1.495858 [31mce_loss_c : 2.066799 [31mce_loss_g : 1.762363 [31mkl_synergy_rand_1 : 0.058178 [31mkl_synergy_rand_2 : 0.052268 [31mkl_synergy_1 : 0.057647 [31mkl_synergy_2 : 0.053231 [31mtotal : 1.717181 [31mdiag_kl_1 : 1.037278 [31mdiag_kl_2 : 1.099102 [94mAcc_combined: 65.03 [94mAcc_c: 15.83 [94mAcc_g: 33.26 [92mF1_combined: 59.37 [92mF1_c: 13.25 [92mF1_g: 22.16 [39m
2026-07-25 23:54:26,292 - Agent - INFO - [37mTest Epoch 40 step 40 with [31mce_loss_combined : 1.545089 [31mce_loss_c : 2.077420 [31mce_loss_g : 1.728045 [31mkl_synergy_rand_1 : 0.057386 [31mkl_synergy_rand_2 : 0.051880 [31mkl_synergy_1 : 0.054920 [31mkl_synergy_2 : 0.050813 [31mtotal : 1.760087 [31mdiag_kl_1 : 1.042259 [31mdiag_kl_2 : 1.014610 [94mAcc_combined: 59.07 [94mAcc_c: 13.79 [94mAcc_g: 33.59 [92mF1_combined: 51.87 [92mF1_c: 11.69 [92mF1_g: 25.29 [39m
2026-07-25 23:56:15,601 - Agent - INFO - [37mVal Epoch 41 step 41 with [31mce_loss_combined : 1.484563 [31mce_loss_c : 2.164660 [31mce_loss_g : 1.741473 [31mkl_synergy_rand_1 : 0.061020 [31mkl_synergy_rand_2 : 0.053910 [31mkl_synergy_1 : 0.059404 [31mkl_synergy_2 : 0.054216 [31mtotal : 1.713113 [31mdiag_kl_1 : 1.018917 [31mdiag_kl_2 : 1.093064 [94mAcc_combined: 65.60 [94mAcc_c: 14.69 [94mAcc_g: 35.31 [92mF1_combined: 59.75 [92mF1_c: 12.33 [92mF1_g: 25.16 [39m
2026-07-25 23:56:15,617 - Agent - INFO - [37mTest Epoch 41 step 41 with [31mce_loss_combined : 1.540015 [31mce_loss_c : 2.150423 [31mce_loss_g : 1.714978 [31mkl_synergy_rand_1 : 0.059506 [31mkl_synergy_rand_2 : 0.054352 [31mkl_synergy_1 : 0.059375 [31mkl_synergy_2 : 0.052949 [31mtotal : 1.766198 [31mdiag_kl_1 : 1.029754 [31mdiag_kl_2 : 1.012739 [94mAcc_combined: 60.51 [94mAcc_c: 13.35 [94mAcc_g: 34.37 [92mF1_combined: 53.15 [92mF1_c: 11.67 [92mF1_g: 26.85 [39m
2026-07-25 23:57:57,226 - Agent - INFO - [37mVal Epoch 42 step 42 with [31mce_loss_combined : 1.482247 [31mce_loss_c : 2.147662 [31mce_loss_g : 1.711605 [31mkl_synergy_rand_1 : 0.060508 [31mkl_synergy_rand_2 : 0.054387 [31mkl_synergy_1 : 0.060620 [31mkl_synergy_2 : 0.053810 [31mtotal : 1.711573 [31mdiag_kl_1 : 1.015722 [31mdiag_kl_2 : 1.094790 [94mAcc_combined: 65.15 [94mAcc_c: 13.78 [94mAcc_g: 35.19 [92mF1_combined: 58.82 [92mF1_c: 11.27 [92mF1_g: 24.70 [39m
2026-07-25 23:57:57,243 - Agent - INFO - [37mTest Epoch 42 step 42 with [31mce_loss_combined : 1.539410 [31mce_loss_c : 2.133325 [31mce_loss_g : 1.695730 [31mkl_synergy_rand_1 : 0.058947 [31mkl_synergy_rand_2 : 0.053822 [31mkl_synergy_1 : 0.056948 [31mkl_synergy_2 : 0.050022 [31mtotal : 1.759149 [31mdiag_kl_1 : 1.031786 [31mdiag_kl_2 : 1.019590 [94mAcc_combined: 59.29 [94mAcc_c: 12.68 [94mAcc_g: 35.48 [92mF1_combined: 52.03 [92mF1_c: 11.08 [92mF1_g: 27.34 [39m
2026-07-25 23:59:37,752 - Agent - INFO - [37mVal Epoch 43 step 43 with [31mce_loss_combined : 1.493268 [31mce_loss_c : 2.164597 [31mce_loss_g : 1.708574 [31mkl_synergy_rand_1 : 0.058469 [31mkl_synergy_rand_2 : 0.051771 [31mkl_synergy_1 : 0.057010 [31mkl_synergy_2 : 0.051321 [31mtotal : 1.711839 [31mdiag_kl_1 : 1.017970 [31mdiag_kl_2 : 1.084254 [94mAcc_combined: 64.69 [94mAcc_c: 14.58 [94mAcc_g: 35.54 [92mF1_combined: 57.61 [92mF1_c: 12.50 [92mF1_g: 24.86 [39m
2026-07-25 23:59:37,768 - Agent - INFO - [37mTest Epoch 43 step 43 with [31mce_loss_combined : 1.545552 [31mce_loss_c : 2.141000 [31mce_loss_g : 1.693608 [31mkl_synergy_rand_1 : 0.057394 [31mkl_synergy_rand_2 : 0.052199 [31mkl_synergy_1 : 0.055332 [31mkl_synergy_2 : 0.052433 [31mtotal : 1.762910 [31mdiag_kl_1 : 1.033161 [31mdiag_kl_2 : 1.015555 [94mAcc_combined: 60.40 [94mAcc_c: 14.02 [94mAcc_g: 35.04 [92mF1_combined: 52.55 [92mF1_c: 12.02 [92mF1_g: 27.39 [39m
2026-07-26 00:01:18,314 - Agent - INFO - [37mVal Epoch 44 step 44 with [31mce_loss_combined : 1.495488 [31mce_loss_c : 2.163306 [31mce_loss_g : 1.698695 [31mkl_synergy_rand_1 : 0.056854 [31mkl_synergy_rand_2 : 0.051639 [31mkl_synergy_1 : 0.057307 [31mkl_synergy_2 : 0.050700 [31mtotal : 1.711988 [31mdiag_kl_1 : 1.025820 [31mdiag_kl_2 : 1.097815 [94mAcc_combined: 65.15 [94mAcc_c: 13.44 [94mAcc_g: 34.62 [92mF1_combined: 59.04 [92mF1_c: 10.80 [92mF1_g: 24.04 [39m
2026-07-26 00:01:18,330 - Agent - INFO - [37mTest Epoch 44 step 44 with [31mce_loss_combined : 1.550326 [31mce_loss_c : 2.151777 [31mce_loss_g : 1.688240 [31mkl_synergy_rand_1 : 0.057604 [31mkl_synergy_rand_2 : 0.052859 [31mkl_synergy_1 : 0.055726 [31mkl_synergy_2 : 0.049522 [31mtotal : 1.766037 [31mdiag_kl_1 : 1.030165 [31mdiag_kl_2 : 1.022477 [94mAcc_combined: 59.51 [94mAcc_c: 13.90 [94mAcc_g: 35.48 [92mF1_combined: 52.33 [92mF1_c: 11.72 [92mF1_g: 27.00 [39m
2026-07-26 00:02:59,045 - Agent - INFO - [37mVal Epoch 45 step 45 with [31mce_loss_combined : 1.498524 [31mce_loss_c : 2.180599 [31mce_loss_g : 1.664654 [31mkl_synergy_rand_1 : 0.057924 [31mkl_synergy_rand_2 : 0.051849 [31mkl_synergy_1 : 0.058268 [31mkl_synergy_2 : 0.050623 [31mtotal : 1.717188 [31mdiag_kl_1 : 1.035786 [31mdiag_kl_2 : 1.103651 [94mAcc_combined: 64.01 [94mAcc_c: 11.96 [94mAcc_g: 36.22 [92mF1_combined: 58.49 [92mF1_c: 9.21 [92mF1_g: 25.41 [39m
2026-07-26 00:02:59,062 - Agent - INFO - [37mTest Epoch 45 step 45 with [31mce_loss_combined : 1.553933 [31mce_loss_c : 2.173490 [31mce_loss_g : 1.668903 [31mkl_synergy_rand_1 : 0.059023 [31mkl_synergy_rand_2 : 0.049093 [31mkl_synergy_1 : 0.058436 [31mkl_synergy_2 : 0.050780 [31mtotal : 1.771266 [31mdiag_kl_1 : 1.035620 [31mdiag_kl_2 : 1.032516 [94mAcc_combined: 59.29 [94mAcc_c: 13.46 [94mAcc_g: 36.26 [92mF1_combined: 52.30 [92mF1_c: 11.19 [92mF1_g: 26.91 [39m
2026-07-26 00:04:39,442 - Agent - INFO - [37mVal Epoch 46 step 46 with [31mce_loss_combined : 1.498955 [31mce_loss_c : 2.200923 [31mce_loss_g : 1.662614 [31mkl_synergy_rand_1 : 0.058540 [31mkl_synergy_rand_2 : 0.052245 [31mkl_synergy_1 : 0.058554 [31mkl_synergy_2 : 0.051924 [31mtotal : 1.720217 [31mdiag_kl_1 : 1.033145 [31mdiag_kl_2 : 1.100852 [94mAcc_combined: 64.24 [94mAcc_c: 11.73 [94mAcc_g: 35.76 [92mF1_combined: 58.46 [92mF1_c: 9.38 [92mF1_g: 25.49 [39m
2026-07-26 00:04:39,458 - Agent - INFO - [37mTest Epoch 46 step 46 with [31mce_loss_combined : 1.551718 [31mce_loss_c : 2.177338 [31mce_loss_g : 1.669202 [31mkl_synergy_rand_1 : 0.056510 [31mkl_synergy_rand_2 : 0.051166 [31mkl_synergy_1 : 0.058442 [31mkl_synergy_2 : 0.050402 [31mtotal : 1.768238 [31mdiag_kl_1 : 1.039820 [31mdiag_kl_2 : 1.019574 [94mAcc_combined: 59.96 [94mAcc_c: 12.24 [94mAcc_g: 36.60 [92mF1_combined: 52.94 [92mF1_c: 10.55 [92mF1_g: 27.81 [39m
2026-07-26 00:06:17,201 - Agent - INFO - [37mVal Epoch 47 step 47 with [31mce_loss_combined : 1.507165 [31mce_loss_c : 2.177245 [31mce_loss_g : 1.654351 [31mkl_synergy_rand_1 : 0.058596 [31mkl_synergy_rand_2 : 0.051330 [31mkl_synergy_1 : 0.058303 [31mkl_synergy_2 : 0.050803 [31mtotal : 1.726197 [31mdiag_kl_1 : 1.032695 [31mdiag_kl_2 : 1.105181 [94mAcc_combined: 63.55 [94mAcc_c: 11.50 [94mAcc_g: 38.72 [92mF1_combined: 57.63 [92mF1_c: 9.70 [92mF1_g: 28.86 [39m
2026-07-26 00:06:17,218 - Agent - INFO - [37mTest Epoch 47 step 47 with [31mce_loss_combined : 1.557129 [31mce_loss_c : 2.155384 [31mce_loss_g : 1.659094 [31mkl_synergy_rand_1 : 0.055367 [31mkl_synergy_rand_2 : 0.048805 [31mkl_synergy_1 : 0.055498 [31mkl_synergy_2 : 0.050036 [31mtotal : 1.766835 [31mdiag_kl_1 : 1.046744 [31mdiag_kl_2 : 1.030314 [94mAcc_combined: 58.95 [94mAcc_c: 11.46 [94mAcc_g: 37.93 [92mF1_combined: 51.82 [92mF1_c: 10.50 [92mF1_g: 29.57 [39m
2026-07-26 00:07:59,496 - Agent - INFO - [37mVal Epoch 48 step 48 with [31mce_loss_combined : 1.496296 [31mce_loss_c : 2.185890 [31mce_loss_g : 1.639138 [31mkl_synergy_rand_1 : 0.057268 [31mkl_synergy_rand_2 : 0.051393 [31mkl_synergy_1 : 0.057567 [31mkl_synergy_2 : 0.050927 [31mtotal : 1.713451 [31mdiag_kl_1 : 1.020765 [31mdiag_kl_2 : 1.092687 [94mAcc_combined: 64.35 [94mAcc_c: 11.73 [94mAcc_g: 37.36 [92mF1_combined: 57.93 [92mF1_c: 9.48 [92mF1_g: 27.00 [39m
2026-07-26 00:07:59,513 - Agent - INFO - [37mTest Epoch 48 step 48 with [31mce_loss_combined : 1.550559 [31mce_loss_c : 2.165661 [31mce_loss_g : 1.661089 [31mkl_synergy_rand_1 : 0.054878 [31mkl_synergy_rand_2 : 0.049559 [31mkl_synergy_1 : 0.055849 [31mkl_synergy_2 : 0.047853 [31mtotal : 1.758698 [31mdiag_kl_1 : 1.045820 [31mdiag_kl_2 : 1.021932 [94mAcc_combined: 59.51 [94mAcc_c: 11.57 [94mAcc_g: 37.82 [92mF1_combined: 52.13 [92mF1_c: 10.03 [92mF1_g: 28.69 [39m
2026-07-26 00:09:39,125 - Agent - INFO - [37mVal Epoch 49 step 49 with [31mce_loss_combined : 1.497345 [31mce_loss_c : 2.229400 [31mce_loss_g : 1.630646 [31mkl_synergy_rand_1 : 0.055877 [31mkl_synergy_rand_2 : 0.050157 [31mkl_synergy_1 : 0.056204 [31mkl_synergy_2 : 0.049478 [31mtotal : 1.709060 [31mdiag_kl_1 : 1.021105 [31mdiag_kl_2 : 1.095107 [94mAcc_combined: 63.90 [94mAcc_c: 10.71 [94mAcc_g: 37.93 [92mF1_combined: 57.27 [92mF1_c: 8.71 [92mF1_g: 28.11 [39m
2026-07-26 00:09:39,143 - Agent - INFO - [37mTest Epoch 49 step 49 with [31mce_loss_combined : 1.547074 [31mce_loss_c : 2.222878 [31mce_loss_g : 1.656788 [31mkl_synergy_rand_1 : 0.056707 [31mkl_synergy_rand_2 : 0.052500 [31mkl_synergy_1 : 0.059432 [31mkl_synergy_2 : 0.049618 [31mtotal : 1.765332 [31mdiag_kl_1 : 1.037361 [31mdiag_kl_2 : 1.024570 [94mAcc_combined: 58.62 [94mAcc_c: 10.79 [94mAcc_g: 38.26 [92mF1_combined: 51.35 [92mF1_c: 9.45 [92mF1_g: 29.30 [39m
2026-07-26 00:11:20,902 - Agent - INFO - [37mVal Epoch 50 step 50 with [31mce_loss_combined : 1.505256 [31mce_loss_c : 2.204913 [31mce_loss_g : 1.620438 [31mkl_synergy_rand_1 : 0.056578 [31mkl_synergy_rand_2 : 0.050094 [31mkl_synergy_1 : 0.056945 [31mkl_synergy_2 : 0.049278 [31mtotal : 1.718151 [31mdiag_kl_1 : 1.034185 [31mdiag_kl_2 : 1.098477 [94mAcc_combined: 63.67 [94mAcc_c: 12.30 [94mAcc_g: 39.64 [92mF1_combined: 58.01 [92mF1_c: 9.49 [92mF1_g: 29.11 [39m
2026-07-26 00:11:20,919 - Agent - INFO - [37mTest Epoch 50 step 50 with [31mce_loss_combined : 1.553991 [31mce_loss_c : 2.203793 [31mce_loss_g : 1.655923 [31mkl_synergy_rand_1 : 0.057050 [31mkl_synergy_rand_2 : 0.047006 [31mkl_synergy_1 : 0.056897 [31mkl_synergy_2 : 0.051009 [31mtotal : 1.765954 [31mdiag_kl_1 : 1.045402 [31mdiag_kl_2 : 1.023352 [94mAcc_combined: 58.95 [94mAcc_c: 11.79 [94mAcc_g: 38.49 [92mF1_combined: 52.02 [92mF1_c: 9.88 [92mF1_g: 29.48 [39m
2026-07-26 00:11:44,862 - Agent - INFO - We are in the final state.
2026-07-26 00:11:45,248 - root - INFO - Loaded best model from best_model_accuracy_state_dict
2026-07-26 00:12:02,916 - Agent - INFO - [37mVal Epoch 50 step 0 with [31mce_loss_combined : 1.480439 [31mce_loss_c : 1.898319 [31mce_loss_g : 2.154822 [31mkl_synergy_rand_1 : 0.059477 [31mkl_synergy_rand_2 : 0.062334 [31mkl_synergy_1 : 0.062442 [31mkl_synergy_2 : 0.069003 [31mtotal : 1.733695 [31mdiag_kl_1 : 1.075596 [31mdiag_kl_2 : 0.992670 [94mAcc_combined: 66.17 [94mAcc_c: 53.30 [94mAcc_g: 43.62 [92mF1_combined: 58.70 [92mF1_c: 50.27 [92mF1_g: 37.44 [39m
2026-07-26 00:12:18,832 - Agent - INFO - [37mTest Epoch 50 step 0 with [31mce_loss_combined : 1.541382 [31mce_loss_c : 2.470672 [31mce_loss_g : 2.069578 [31mkl_synergy_rand_1 : 0.061006 [31mkl_synergy_rand_2 : 0.066363 [31mkl_synergy_1 : 0.061582 [31mkl_synergy_2 : 0.072726 [31mtotal : 1.803060 [31mdiag_kl_1 : 1.080188 [31mdiag_kl_2 : 0.907467 [94mAcc_combined: 60.29 [94mAcc_c: 48.16 [94mAcc_g: 47.50 [92mF1_combined: 52.40 [92mF1_c: 44.73 [92mF1_g: 39.28 [39m
2026-07-26 00:12:27,613 - Agent - INFO - [37mModel saved successfully at: ./data/data/2025_data/synergy/CremadPlus/v2/SynIB_RMask_U_REFABL_cremad_fold0_l1.0_ir0.5_perturbrandom_fillema_pmin0.20_refclass_prior.pth.tar[39m
Job finished
