Starting SynIB reference-ablation job
Python 3.10.19
/esat/smcdata/users/kkontras/Image_Dataset/no_backup/git/SynIB  (git 9191f76)
GPU 0: NVIDIA GeForce RTX 3080 Ti (UUID: GPU-2d5395f5-1e2d-a59b-ed83-f672b78d7137)
Executing: PYTHONPATH=src /esat/smcdata/users/kkontras/Image_Dataset/no_backup/envs/synergy_new/bin/python -m synib.entrypoints.train --config run/configs/rebuttal_ref_ablation/mustard_synib.json --default_config run/configs/rebuttal_ref_ablation/mustard_default.json --fold 0 --rmask random --l 0.0005 --perturb_pmin 0.1 --perturb_fill ema --lr 0.0005 --wd 0.001 --reference_type unimodal_anchor --ref_diag --start_over --tag REFABL_mustard_lam0.5x
Namespace(config='run/configs/rebuttal_ref_ablation/mustard_synib.json', default_config='run/configs/rebuttal_ref_ablation/mustard_default.json', fold='0', alpha=None, tanh_mode_beta=None, regby=None, batch_size=None, l='0.0005', multil=None, lib=None, kmepoch=None, num_samples=None, contrcoeff=None, contr_type=None, shuffle_type=None, validate_with=None, num_classes=None, optim_method=None, ending_epoch=None, load_ongoing=None, recon_weight1=None, recon_weight2=None, recon_epochstages=None, recon_ensemblestages=None, lr='0.0005', wd='0.001', cls=None, ironic_rate=None, perturb='random', perturb_fill='ema', perturb_pmax=None, perturb_pmin='0.1', perturb_lsparse=None, rmask='random', pmin=None, pmax=None, lsparse=None, debug_mask_stats=False, pre=False, frozen=False, tdqm_disable=False, start_over=True, no_model_save=False, num_layers=None, grad_accum=None, init_from=None, init_strict=False, perturb_lsparse_sign=None, l_anneal_epochs=None, perturb_steps=None, perturb_lsparse_warmup=None, perturb_lsparse_schedule=None, persist_ell=False, save_masks=False, penalty_swap=False, disable_ce_random=False, disable_kl_learned=False, masking_only=False, modality_dropout=None, modality_dropout_target=None, l_z1_masked=None, l_z2_masked=None, l_pareto=None, reference_type='unimodal_anchor', ref_diag=True, ref_ema_decay=None, tag='REFABL_mustard_lam0.5x')
2026-07-25 19:22:03,483 - Config - INFO - run/configs/rebuttal_ref_ablation/mustard_synib.json
2026-07-25 19:22:03,485 - Config - INFO -  THE Configuration of your experiment ..
{'agent': 'Agent',
 'dataset': {'data_roots': './src/synib/mydatasets/Factor_CL_Datasets/prepared/mustard/mustard_data.pkl',
             'data_type': 'sarcasm',
             'dataloader_class': 'FactorCL_MustardFiltered_Dataloader',
             'kfold_data_roots': './src/synib/mydatasets/Factor_CL_Datasets/prepared/mustard/mustard_synergy3.pkl',
             'mustard_video_filter': {'check_aligned_segment': True,
                                      'enabled': True,
                                      'min_aligned_len': 1,
                                      'vision_absmax_threshold': 1000000.0},
             'z_norm': True},
 'early_stopping': {'end_of_epoch_check': True,
                    'log_interval': 10,
                    'max_epoch': 100,
                    'n_steps_stop': 30,
                    'n_steps_stop_after': 0,
                    'save_every_step': 3000,
                    'save_every_valstep': 50,
                    'validate_after': 0,
                    'validate_every': 185},
 'exp_name': 'MUSTARD Experiment',
 'model': {'args': {'bias_infusion': {'method': False},
                    'clip_grad': False,
                    'cls_type': 'mlp',
                    'd_model': 40,
                    'dropout': 0.1,
                    'fc_inner': 64,
                    'multi_loss': {'multi_supervised_w': {'c': 1,
                                                          'combined': 1,
                                                          'g': 1}},
                    'norm_decision': False,
                    'num_classes': 2},
           'ceu': {'test': './artifacts/ceus/mustard/mustard_ceu_test.pkl',
                   'val': './artifacts/ceus/mustard/mustard_ceu_val.pkl'},
           'encoders': [{'args': {'freeze_encoder': False,
                                  'hidden_size': 40,
                                  'modality': 'c',
                                  'n_features': 371,
                                  'num_classes': 2},
                         'model': 'FactorCL_Uni',
                         'pretrainedEncoder': {'dir': 'unimodal_video_fold{}_vldaccuracy_lr0.0005_wd0.00001.pth.tar',
                                               'use': True}},
                        {'args': {'freeze_encoder': False,
                                  'hidden_size': 40,
                                  'modality': 'g',
                                  'n_features': 300,
                                  'num_classes': 2},
                         'model': 'FactorCL_Uni',
                         'pretrainedEncoder': {'dir': 'unimodal_text_fold{}_vldaccuracy_lr0.0005_wd0.0001.pth.tar',
                                               'use': True}},
                        {'args': {'d_model': 40,
                                  'dropout': 0.1,
                                  'fc_inner': 64,
                                  'freeze_encoder': False},
                         'model': 'FusionTrunkLinear',
                         'name': 'enc_2_fusion_trunk',
                         'pretrainedEncoder': {'dir': 'enc_2_fusion_trunk_{}.pth.tar',
                                               'use': False},
                         'save_encoder': False},
                        {'args': {'freeze_encoder': False,
                                  'in_dim': 64,
                                  'num_classes': 2},
                         'model': 'LinearHead',
                         'name': 'enc_3_fusion_head',
                         'pretrainedEncoder': {'dir': 'enc_3_fusion_head_{}.pth.tar',
                                               'use': False},
                         'save_encoder': False}],
           'load_ongoing': False,
           'model_class': 'FusionIBModel_Mask',
           'save_base_dir': './artifacts/models/multibench/mustard/vt',
           'save_dir': 'SynIB_RMask_{}.pth.tar'},
 'optimizer': {'beta1': 0.9,
               'beta2': 0.999,
               'learning_rate': 0.0001,
               'momentum': 0.9,
               'type': 'Adam',
               'weight_decay': 0.0001},
 'scheduler': {'max_lr': 0.03, 'type': 'cosanneal', 'warm_up_steps': 780},
 'task': 'classification',
 'training_params': {'adversarial_training': {'adv_epsilon': 0.01,
                                              'use': False},
                     'async_loading': True,
                     'batch_size': 32,
                     'cuda': True,
                     'data_loader_workers': 8,
                     'gpu_device': [0],
                     'pin_memory': True,
                     'rec_test': True,
                     'res': True,
                     'seed': 109,
                     'tdqm_disable': False,
                     'test_batch_size': 32,
                     'test_on_bottoms': False,
                     'use_test_set': True,
                     'validation': True,
                     'verbose': True,
                     'wandb_disable': True}}
2026-07-25 19:22:03,488 - Config - INFO -  *************************************** 
2026-07-25 19:22:03,488 - Config - INFO - The experiment name is MUSTARD Experiment
2026-07-25 19:22:03,488 - Config - INFO -  *************************************** 
2026-07-25 19:22:03,488 - root - INFO - save_dir: SynIB_RMask_REFABL_mustard_lam0.5x_fold0_l0.0005_perturbrandom_fillema_pmin0.1_refunimodal_anchor_lr0.0005_wd0.001.pth.tar
2026-07-25 19:22:03,592 - Cuda Statistics - INFO - __Python VERSION:  3.10.19 (main, Oct 21 2025, 16:43:05) [GCC 11.2.0]
2026-07-25 19:22:03,593 - Cuda Statistics - INFO - __pyTorch VERSION:  2.9.1+cu128
2026-07-25 19:22:03,593 - Cuda Statistics - INFO - __CUDA VERSION
2026-07-25 19:22:03,594 - Cuda Statistics - INFO - __CUDNN VERSION:  91002
2026-07-25 19:22:03,620 - Cuda Statistics - INFO - __Number CUDA Devices:  1
2026-07-25 19:22:03,620 - Cuda Statistics - INFO - __Devices
2026-07-25 19:22:03,620 - Cuda Statistics - INFO - index, name, driver_version, memory.total [MiB], memory.used [MiB], memory.free [MiB]
2026-07-25 19:22:03,620 - Cuda Statistics - INFO - 0, NVIDIA GeForce RTX 3080 Ti, 610.43.03, 12288 MiB, 4 MiB, 11907 MiB
2026-07-25 19:22:03,623 - Cuda Statistics - INFO - Active CUDA Device: GPU 0
2026-07-25 19:22:03,623 - Cuda Statistics - INFO - Available devices  1
2026-07-25 19:22:03,623 - Cuda Statistics - INFO - Current cuda device  0
[MustardFilteredDataloader] train: dropped 31/412 samples (vision absmax threshold=1e+06, aligned=True)
[MustardFilteredDataloader] train: first drops -> 3:vision_absmax>1e+06 (2.7e+07), 7:vision_absmax>1e+06 (3.43e+07), 31:vision_absmax>1e+06 (1.29e+07), 45:vision_absmax>1e+06 (9.04e+06), 53:vision_absmax>1e+06 (2.67e+07), 72:vision_absmax>1e+06 (2.67e+07), 85:vision_absmax>1e+06 (3.93e+07), 94:vision_absmax>1e+06 (4.57e+07), 105:vision_absmax>1e+06 (3.62e+07), 122:vision_absmax>1e+06 (3.62e+07), ...
[MustardFilteredDataloader] valid: dropped 3/137 samples (vision absmax threshold=1e+06, aligned=True)
[MustardFilteredDataloader] valid: first drops -> 2:vision_absmax>1e+06 (2.67e+07), 20:vision_absmax>1e+06 (2.67e+07), 105:vision_absmax>1e+06 (4.57e+07)
[MustardFilteredDataloader] test: dropped 4/138 samples (vision absmax threshold=1e+06, aligned=True)
[MustardFilteredDataloader] test: first drops -> 3:vision_absmax>1e+06 (3.43e+07), 8:vision_absmax>1e+06 (2.67e+07), 65:vision_absmax>1e+06 (2.3e+07), 106:vision_absmax>1e+06 (2.67e+07)
2026-07-25 19:22:03,878 - Agent - INFO - Device: cuda:0
2026-07-25 19:22:03,878 - Agent - INFO - Total training batches: 12, validate every 185 batches, steps per epoch: 1
2026-07-25 19:22:03,952 - Agent - INFO - Loss Weights are {'total': 1, 'combined': 1, 'c': 1, 'g': 1}
2026-07-25 19:22:03,952 - root - INFO - There is no CEU for train
2026-07-25 19:22:04,003 - root - INFO - Loading enc best model state dict from ./artifacts/models/multibench/mustard/vt/unimodal_video_fold0_vldaccuracy_lr0.0005_wd0.00001.pth.tar
2026-07-25 19:22:04,044 - root - INFO - Loading enc best model state dict from ./artifacts/models/multibench/mustard/vt/unimodal_text_fold0_vldaccuracy_lr0.0005_wd0.0001.pth.tar
2026-07-25 19:22:04,195 - Agent - INFO - Total number of trainable parameters are: 5271404
2026-07-25 19:22:04,203 - Agent - INFO - Total number of trainable parameters are: 1764436
2026-07-25 19:22:07,913 - Evaluator - INFO - New best with loss-accuracy-syn_accuracy-
2026-07-25 19:22:07,913 - Agent - INFO - [37mVal Epoch 1 step 1 with [31mce_loss_combined : 0.704806 [31mce_loss_c : 0.751400 [31mce_loss_g : 1.060122 [31mkl_synergy_rand_1 : 0.000062 [31mkl_synergy_rand_2 : 0.000110 [31mkl_synergy_1 : 0.000060 [31mkl_synergy_2 : 0.000110 [31mtotal : 0.705149 [31mdiag_kl_1 : 0.127176 [31mdiag_kl_2 : 0.224060 [94mAcc_combined: 61.94 [94mAcc_c: 51.87 [94mAcc_g: 61.19 [92mF1_combined: 63.31 [92mF1_c: 25.43 [92mF1_g: 65.10 [95mCEU_cue_audio: 0.4665 [95mCEU_cue_video: 0.6819 [95mCEU_synergy: 0.3702 [95mCEU_coexistence: 0.7286 [97mS:[93m37.0%[97m([91m7.5c[97m-[94mF1:33.8%) [97mU1:[93m46.7%[97m([91m5.2c[97m) [97mU2:[93m68.2%[97m([91m11.2c[97m) [97mR:[93m72.9%[97m([91m38.1c[97m) [97mS-L: [92m0:[96m38% [92m1:[96m33%[39m [39m
2026-07-25 19:22:07,926 - Agent - INFO - [37mTest Epoch 1 step 1 with [31mce_loss_combined : 0.757693 [31mce_loss_c : 0.677845 [31mce_loss_g : 1.346878 [31mkl_synergy_rand_1 : 0.000056 [31mkl_synergy_rand_2 : 0.000120 [31mkl_synergy_1 : 0.000054 [31mkl_synergy_2 : 0.000124 [31mtotal : 0.758047 [31mdiag_kl_1 : 0.114099 [31mdiag_kl_2 : 0.244674 [94mAcc_combined: 55.97 [94mAcc_c: 55.97 [94mAcc_g: 55.97 [92mF1_combined: 57.25 [92mF1_c: 30.59 [92mF1_g: 60.93 [95mCEU_cue_audio: 0.5000 [95mCEU_cue_video: 0.6958 [95mCEU_synergy: 0.3590 [95mCEU_coexistence: 0.6379 [97mS:[93m35.9%[97m([91m10.4c[97m-[94mF1:31.4%) [97mU1:[93m50.0%[97m([91m5.2c[97m) [97mU2:[93m69.6%[97m([91m11.9c[97m) [97mR:[93m63.8%[97m([91m27.6c[97m) [97mS-L: [92m0:[96m34% [92m1:[96m50%[39m [39m
2026-07-25 19:22:08,326 - Agent - INFO - [37mModel saved successfully at: ./artifacts/models/multibench/mustard/vt/SynIB_RMask_REFABL_mustard_lam0.5x_fold0_l0.0005_perturbrandom_fillema_pmin0.1_refunimodal_anchor_lr0.0005_wd0.001.pth.tar[39m
2026-07-25 19:22:11,519 - Evaluator - INFO - New best with accuracy-
2026-07-25 19:22:11,519 - Agent - INFO - [37mVal Epoch 2 step 2 with [31mce_loss_combined : 0.887933 [31mce_loss_c : 0.699642 [31mce_loss_g : 1.034893 [31mkl_synergy_rand_1 : 0.000213 [31mkl_synergy_rand_2 : 0.000052 [31mkl_synergy_1 : 0.000194 [31mkl_synergy_2 : 0.000053 [31mtotal : 0.888446 [31mdiag_kl_1 : 0.441064 [31mdiag_kl_2 : 0.149392 [94mAcc_combined: 65.67 [94mAcc_c: 52.99 [94mAcc_g: 64.55 [92mF1_combined: 65.93 [92mF1_c: 20.25 [92mF1_g: 65.20 [95mCEU_cue_audio: 0.6000 [95mCEU_cue_video: 0.7272 [95mCEU_synergy: 0.3702 [95mCEU_coexistence: 0.7714 [97mS:[93m37.0%[97m([91m7.5c[97m-[94mF1:33.8%) [97mU1:[93m60.0%[97m([91m6.7c[97m) [97mU2:[93m72.7%[97m([91m11.9c[97m) [97mR:[93m77.1%[97m([91m40.3c[97m) [97mS-L: [92m0:[96m38% [92m1:[96m33%[39m [39m
2026-07-25 19:22:11,533 - Agent - INFO - [37mTest Epoch 2 step 2 with [31mce_loss_combined : 0.988540 [31mce_loss_c : 0.660852 [31mce_loss_g : 1.193820 [31mkl_synergy_rand_1 : 0.000198 [31mkl_synergy_rand_2 : 0.000070 [31mkl_synergy_1 : 0.000174 [31mkl_synergy_2 : 0.000072 [31mtotal : 0.989054 [31mdiag_kl_1 : 0.407038 [31mdiag_kl_2 : 0.165734 [94mAcc_combined: 60.45 [94mAcc_c: 55.22 [94mAcc_g: 59.33 [92mF1_combined: 60.74 [92mF1_c: 24.05 [92mF1_g: 61.21 [95mCEU_cue_audio: 0.6431 [95mCEU_cue_video: 0.8259 [95mCEU_synergy: 0.4359 [95mCEU_coexistence: 0.6207 [97mS:[93m43.6%[97m([91m12.7c[97m-[94mF1:36.5%) [97mU1:[93m64.3%[97m([91m6.7c[97m) [97mU2:[93m82.6%[97m([91m14.2c[97m) [97mR:[93m62.1%[97m([91m26.9c[97m) [97mS-L: [92m0:[96m43% [92m1:[96m50%[39m [39m
2026-07-25 19:22:12,184 - Agent - INFO - [37mModel saved successfully at: ./artifacts/models/multibench/mustard/vt/SynIB_RMask_REFABL_mustard_lam0.5x_fold0_l0.0005_perturbrandom_fillema_pmin0.1_refunimodal_anchor_lr0.0005_wd0.001.pth.tar[39m
2026-07-25 19:22:15,453 - Agent - INFO - [37mVal Epoch 3 step 3 with [31mce_loss_combined : 1.083800 [31mce_loss_c : 0.742751 [31mce_loss_g : 1.235383 [31mkl_synergy_rand_1 : 0.000293 [31mkl_synergy_rand_2 : 0.000060 [31mkl_synergy_1 : 0.000289 [31mkl_synergy_2 : 0.000062 [31mtotal : 1.084505 [31mdiag_kl_1 : 0.613248 [31mdiag_kl_2 : 0.181158 [94mAcc_combined: 63.81 [94mAcc_c: 51.87 [94mAcc_g: 64.18 [92mF1_combined: 63.94 [92mF1_c: 19.88 [92mF1_g: 64.44 [95mCEU_cue_audio: 0.6000 [95mCEU_cue_video: 0.6819 [95mCEU_synergy: 0.3702 [95mCEU_coexistence: 0.7286 [97mS:[93m37.0%[97m([91m7.5c[97m-[94mF1:33.8%) [97mU1:[93m60.0%[97m([91m6.7c[97m) [97mU2:[93m68.2%[97m([91m11.2c[97m) [97mR:[93m72.9%[97m([91m38.1c[97m) [97mS-L: [92m0:[96m38% [92m1:[96m33%[39m [39m
2026-07-25 19:22:18,693 - Agent - INFO - [37mVal Epoch 4 step 4 with [31mce_loss_combined : 1.174433 [31mce_loss_c : 0.781504 [31mce_loss_g : 1.250059 [31mkl_synergy_rand_1 : 0.000357 [31mkl_synergy_rand_2 : 0.000038 [31mkl_synergy_1 : 0.000359 [31mkl_synergy_2 : 0.000040 [31mtotal : 1.175228 [31mdiag_kl_1 : 0.770129 [31mdiag_kl_2 : 0.178863 [94mAcc_combined: 63.43 [94mAcc_c: 52.24 [94mAcc_g: 63.06 [92mF1_combined: 63.70 [92mF1_c: 20.00 [92mF1_g: 64.00 [95mCEU_cue_audio: 0.5335 [95mCEU_cue_video: 0.6819 [95mCEU_synergy: 0.3702 [95mCEU_coexistence: 0.7429 [97mS:[93m37.0%[97m([91m7.5c[97m-[94mF1:33.8%) [97mU1:[93m53.3%[97m([91m6.0c[97m) [97mU2:[93m68.2%[97m([91m11.2c[97m) [97mR:[93m74.3%[97m([91m38.8c[97m) [97mS-L: [92m0:[96m38% [92m1:[96m33%[39m [39m
2026-07-25 19:22:21,995 - Agent - INFO - [37mVal Epoch 5 step 5 with [31mce_loss_combined : 1.257681 [31mce_loss_c : 0.749043 [31mce_loss_g : 1.284317 [31mkl_synergy_rand_1 : 0.000400 [31mkl_synergy_rand_2 : 0.000042 [31mkl_synergy_1 : 0.000395 [31mkl_synergy_2 : 0.000040 [31mtotal : 1.258558 [31mdiag_kl_1 : 0.873238 [31mdiag_kl_2 : 0.199935 [94mAcc_combined: 62.31 [94mAcc_c: 50.37 [94mAcc_g: 62.69 [92mF1_combined: 62.73 [92mF1_c: 15.29 [92mF1_g: 63.50 [95mCEU_cue_audio: 0.4000 [95mCEU_cue_video: 0.6819 [95mCEU_synergy: 0.3335 [95mCEU_coexistence: 0.7714 [97mS:[93m33.3%[97m([91m6.7c[97m-[94mF1:31.0%) [97mU1:[93m40.0%[97m([91m4.5c[97m) [97mU2:[93m68.2%[97m([91m11.2c[97m) [97mR:[93m77.1%[97m([91m40.3c[97m) [97mS-L: [92m0:[96m33% [92m1:[96m33%[39m [39m
2026-07-25 19:22:25,355 - Evaluator - INFO - New best with syn_accuracy-
2026-07-25 19:22:25,355 - Agent - INFO - [37mVal Epoch 6 step 6 with [31mce_loss_combined : 1.333628 [31mce_loss_c : 0.818807 [31mce_loss_g : 1.390491 [31mkl_synergy_rand_1 : 0.000385 [31mkl_synergy_rand_2 : 0.000107 [31mkl_synergy_1 : 0.000403 [31mkl_synergy_2 : 0.000108 [31mtotal : 1.334631 [31mdiag_kl_1 : 0.788197 [31mdiag_kl_2 : 0.287843 [94mAcc_combined: 63.81 [94mAcc_c: 50.37 [94mAcc_g: 61.94 [92mF1_combined: 63.94 [92mF1_c: 21.30 [92mF1_g: 63.04 [95mCEU_cue_audio: 0.5335 [95mCEU_cue_video: 0.6819 [95mCEU_synergy: 0.4814 [95mCEU_coexistence: 0.7142 [97mS:[93m48.1%[97m([91m9.7c[97m-[94mF1:37.8%) [97mU1:[93m53.3%[97m([91m6.0c[97m) [97mU2:[93m68.2%[97m([91m11.2c[97m) [97mR:[93m71.4%[97m([91m37.3c[97m) [97mS-L: [92m0:[96m57% [92m1:[96m17%[39m [39m
2026-07-25 19:22:25,372 - Agent - INFO - [37mTest Epoch 6 step 6 with [31mce_loss_combined : 1.446905 [31mce_loss_c : 0.796874 [31mce_loss_g : 1.498828 [31mkl_synergy_rand_1 : 0.000396 [31mkl_synergy_rand_2 : 0.000103 [31mkl_synergy_1 : 0.000403 [31mkl_synergy_2 : 0.000102 [31mtotal : 1.447907 [31mdiag_kl_1 : 0.825788 [31mdiag_kl_2 : 0.271252 [94mAcc_combined: 59.33 [94mAcc_c: 53.73 [94mAcc_g: 59.33 [92mF1_combined: 59.48 [92mF1_c: 26.19 [92mF1_g: 60.36 [95mCEU_cue_audio: 0.6431 [95mCEU_cue_video: 0.8695 [95mCEU_synergy: 0.4359 [95mCEU_coexistence: 0.5690 [97mS:[93m43.6%[97m([91m12.7c[97m-[94mF1:33.8%) [97mU1:[93m64.3%[97m([91m6.7c[97m) [97mU2:[93m87.0%[97m([91m14.9c[97m) [97mR:[93m56.9%[97m([91m24.6c[97m) [97mS-L: [92m0:[96m46% [92m1:[96m25%[39m [39m
2026-07-25 19:22:26,242 - Agent - INFO - [37mModel saved successfully at: ./artifacts/models/multibench/mustard/vt/SynIB_RMask_REFABL_mustard_lam0.5x_fold0_l0.0005_perturbrandom_fillema_pmin0.1_refunimodal_anchor_lr0.0005_wd0.001.pth.tar[39m
2026-07-25 19:22:29,554 - Agent - INFO - [37mVal Epoch 7 step 7 with [31mce_loss_combined : 1.396493 [31mce_loss_c : 0.936963 [31mce_loss_g : 1.449356 [31mkl_synergy_rand_1 : 0.000449 [31mkl_synergy_rand_2 : 0.000096 [31mkl_synergy_1 : 0.000464 [31mkl_synergy_2 : 0.000099 [31mtotal : 1.397601 [31mdiag_kl_1 : 0.924068 [31mdiag_kl_2 : 0.297537 [94mAcc_combined: 63.43 [94mAcc_c: 47.76 [94mAcc_g: 62.31 [92mF1_combined: 63.70 [92mF1_c: 19.54 [92mF1_g: 63.27 [95mCEU_cue_audio: 0.4665 [95mCEU_cue_video: 0.6364 [95mCEU_synergy: 0.4074 [95mCEU_coexistence: 0.7571 [97mS:[93m40.7%[97m([91m8.2c[97m-[94mF1:36.5%) [97mU1:[93m46.7%[97m([91m5.2c[97m) [97mU2:[93m63.6%[97m([91m10.4c[97m) [97mR:[93m75.7%[97m([91m39.6c[97m) [97mS-L: [92m0:[96m43% [92m1:[96m33%[39m [39m
2026-07-25 19:22:32,899 - Agent - INFO - [37mVal Epoch 8 step 8 with [31mce_loss_combined : 1.454455 [31mce_loss_c : 0.753420 [31mce_loss_g : 1.499458 [31mkl_synergy_rand_1 : 0.000461 [31mkl_synergy_rand_2 : 0.000255 [31mkl_synergy_1 : 0.000487 [31mkl_synergy_2 : 0.000253 [31mtotal : 1.455912 [31mdiag_kl_1 : 1.086612 [31mdiag_kl_2 : 0.477521 [94mAcc_combined: 58.96 [94mAcc_c: 49.63 [94mAcc_g: 60.07 [92mF1_combined: 58.96 [92mF1_c: 10.60 [92mF1_g: 60.52 [95mCEU_cue_audio: 0.2670 [95mCEU_cue_video: 0.6364 [95mCEU_synergy: 0.2591 [95mCEU_coexistence: 0.7714 [97mS:[93m25.9%[97m([91m5.2c[97m-[94mF1:25.0%) [97mU1:[93m26.7%[97m([91m3.0c[97m) [97mU2:[93m63.6%[97m([91m10.4c[97m) [97mR:[93m77.1%[97m([91m40.3c[97m) [97mS-L: [92m0:[96m24% [92m1:[96m33%[39m [39m
2026-07-25 19:22:36,363 - Evaluator - INFO - New best with syn_accuracy-
2026-07-25 19:22:36,363 - Agent - INFO - [37mVal Epoch 9 step 9 with [31mce_loss_combined : 0.955664 [31mce_loss_c : 0.748454 [31mce_loss_g : 0.999617 [31mkl_synergy_rand_1 : 0.000251 [31mkl_synergy_rand_2 : 0.000142 [31mkl_synergy_1 : 0.000241 [31mkl_synergy_2 : 0.000148 [31mtotal : 0.956446 [31mdiag_kl_1 : 0.547392 [31mdiag_kl_2 : 0.305653 [94mAcc_combined: 61.94 [94mAcc_c: 51.49 [94mAcc_g: 60.07 [92mF1_combined: 62.50 [92mF1_c: 10.96 [92mF1_g: 66.03 [95mCEU_cue_audio: 0.6000 [95mCEU_cue_video: 0.6364 [95mCEU_synergy: 0.6665 [95mCEU_coexistence: 0.6143 [97mS:[93m66.7%[97m([91m13.4c[97m-[94mF1:48.6%) [97mU1:[93m60.0%[97m([91m6.7c[97m) [97mU2:[93m63.6%[97m([91m10.4c[97m) [97mR:[93m61.4%[97m([91m32.1c[97m) [97mS-L: [92m0:[96m81% [92m1:[96m17%[39m [39m
2026-07-25 19:22:36,376 - Agent - INFO - [37mTest Epoch 9 step 9 with [31mce_loss_combined : 1.017265 [31mce_loss_c : 0.779787 [31mce_loss_g : 1.030835 [31mkl_synergy_rand_1 : 0.000264 [31mkl_synergy_rand_2 : 0.000136 [31mkl_synergy_1 : 0.000230 [31mkl_synergy_2 : 0.000140 [31mtotal : 1.018035 [31mdiag_kl_1 : 0.550116 [31mdiag_kl_2 : 0.236640 [94mAcc_combined: 61.19 [94mAcc_c: 52.61 [94mAcc_g: 62.31 [92mF1_combined: 61.48 [92mF1_c: 13.61 [92mF1_g: 68.14 [95mCEU_cue_audio: 0.5000 [95mCEU_cue_video: 0.6958 [95mCEU_synergy: 0.6922 [95mCEU_coexistence: 0.5344 [97mS:[93m69.2%[97m([91m20.1c[97m-[94mF1:52.8%) [97mU1:[93m50.0%[97m([91m5.2c[97m) [97mU2:[93m69.6%[97m([91m11.9c[97m) [97mR:[93m53.4%[97m([91m23.1c[97m) [97mS-L: [92m0:[96m71% [92m1:[96m50%[39m [39m
2026-07-25 19:22:37,274 - Agent - INFO - [37mModel saved successfully at: ./artifacts/models/multibench/mustard/vt/SynIB_RMask_REFABL_mustard_lam0.5x_fold0_l0.0005_perturbrandom_fillema_pmin0.1_refunimodal_anchor_lr0.0005_wd0.001.pth.tar[39m
2026-07-25 19:22:40,692 - Agent - INFO - [37mVal Epoch 10 step 10 with [31mce_loss_combined : 1.101870 [31mce_loss_c : 0.808602 [31mce_loss_g : 1.110921 [31mkl_synergy_rand_1 : 0.000358 [31mkl_synergy_rand_2 : 0.000100 [31mkl_synergy_1 : 0.000351 [31mkl_synergy_2 : 0.000109 [31mtotal : 1.102788 [31mdiag_kl_1 : 0.820881 [31mdiag_kl_2 : 0.243344 [94mAcc_combined: 64.18 [94mAcc_c: 50.37 [94mAcc_g: 64.18 [92mF1_combined: 64.18 [92mF1_c: 19.39 [92mF1_g: 66.67 [95mCEU_cue_audio: 0.6000 [95mCEU_cue_video: 0.6364 [95mCEU_synergy: 0.4447 [95mCEU_coexistence: 0.7286 [97mS:[93m44.4%[97m([91m9.0c[97m-[94mF1:39.1%) [97mU1:[93m60.0%[97m([91m6.7c[97m) [97mU2:[93m63.6%[97m([91m10.4c[97m) [97mR:[93m72.9%[97m([91m38.1c[97m) [97mS-L: [92m0:[96m48% [92m1:[96m33%[39m [39m
2026-07-25 19:22:44,131 - Agent - INFO - [37mVal Epoch 11 step 11 with [31mce_loss_combined : 1.201386 [31mce_loss_c : 0.820538 [31mce_loss_g : 1.294582 [31mkl_synergy_rand_1 : 0.000346 [31mkl_synergy_rand_2 : 0.000109 [31mkl_synergy_1 : 0.000338 [31mkl_synergy_2 : 0.000104 [31mtotal : 1.202283 [31mdiag_kl_1 : 0.804674 [31mdiag_kl_2 : 0.252282 [94mAcc_combined: 63.06 [94mAcc_c: 51.12 [94mAcc_g: 62.69 [92mF1_combined: 63.74 [92mF1_c: 22.49 [92mF1_g: 64.29 [95mCEU_cue_audio: 0.4665 [95mCEU_cue_video: 0.5907 [95mCEU_synergy: 0.3702 [95mCEU_coexistence: 0.7858 [97mS:[93m37.0%[97m([91m7.5c[97m-[94mF1:33.8%) [97mU1:[93m46.7%[97m([91m5.2c[97m) [97mU2:[93m59.1%[97m([91m9.7c[97m) [97mR:[93m78.6%[97m([91m41.0c[97m) [97mS-L: [92m0:[96m38% [92m1:[96m33%[39m [39m
2026-07-25 19:22:47,561 - Agent - INFO - [37mVal Epoch 12 step 12 with [31mce_loss_combined : 1.269974 [31mce_loss_c : 0.729053 [31mce_loss_g : 1.298198 [31mkl_synergy_rand_1 : 0.000367 [31mkl_synergy_rand_2 : 0.000081 [31mkl_synergy_1 : 0.000356 [31mkl_synergy_2 : 0.000082 [31mtotal : 1.270860 [31mdiag_kl_1 : 0.830310 [31mdiag_kl_2 : 0.273532 [94mAcc_combined: 61.19 [94mAcc_c: 51.12 [94mAcc_g: 61.57 [92mF1_combined: 61.76 [92mF1_c: 16.56 [92mF1_g: 63.08 [95mCEU_cue_audio: 0.5335 [95mCEU_cue_video: 0.6364 [95mCEU_synergy: 0.4447 [95mCEU_coexistence: 0.6857 [97mS:[93m44.4%[97m([91m9.0c[97m-[94mF1:39.1%) [97mU1:[93m53.3%[97m([91m6.0c[97m) [97mU2:[93m63.6%[97m([91m10.4c[97m) [97mR:[93m68.6%[97m([91m35.8c[97m) [97mS-L: [92m0:[96m48% [92m1:[96m33%[39m [39m
2026-07-25 19:22:50,948 - Agent - INFO - [37mVal Epoch 13 step 13 with [31mce_loss_combined : 1.262664 [31mce_loss_c : 0.729725 [31mce_loss_g : 1.232260 [31mkl_synergy_rand_1 : 0.000387 [31mkl_synergy_rand_2 : 0.000136 [31mkl_synergy_1 : 0.000393 [31mkl_synergy_2 : 0.000126 [31mtotal : 1.263707 [31mdiag_kl_1 : 0.994134 [31mdiag_kl_2 : 0.272121 [94mAcc_combined: 60.45 [94mAcc_c: 49.25 [94mAcc_g: 61.94 [92mF1_combined: 61.59 [92mF1_c: 5.56 [92mF1_g: 65.07 [95mCEU_cue_audio: 0.3333 [95mCEU_cue_video: 0.5000 [95mCEU_synergy: 0.3335 [95mCEU_coexistence: 0.7858 [97mS:[93m33.3%[97m([91m6.7c[97m-[94mF1:31.0%) [97mU1:[93m33.3%[97m([91m3.7c[97m) [97mU2:[93m50.0%[97m([91m8.2c[97m) [97mR:[93m78.6%[97m([91m41.0c[97m) [97mS-L: [92m0:[96m33% [92m1:[96m33%[39m [39m
2026-07-25 19:22:54,333 - Agent - INFO - [37mVal Epoch 14 step 14 with [31mce_loss_combined : 1.239226 [31mce_loss_c : 0.776414 [31mce_loss_g : 1.229175 [31mkl_synergy_rand_1 : 0.000408 [31mkl_synergy_rand_2 : 0.000050 [31mkl_synergy_1 : 0.000407 [31mkl_synergy_2 : 0.000050 [31mtotal : 1.240141 [31mdiag_kl_1 : 0.891345 [31mdiag_kl_2 : 0.200529 [94mAcc_combined: 63.81 [94mAcc_c: 50.00 [94mAcc_g: 63.81 [92mF1_combined: 64.47 [92mF1_c: 12.99 [92mF1_g: 66.20 [95mCEU_cue_audio: 0.5335 [95mCEU_cue_video: 0.6364 [95mCEU_synergy: 0.4074 [95mCEU_coexistence: 0.7714 [97mS:[93m40.7%[97m([91m8.2c[97m-[94mF1:36.5%) [97mU1:[93m53.3%[97m([91m6.0c[97m) [97mU2:[93m63.6%[97m([91m10.4c[97m) [97mR:[93m77.1%[97m([91m40.3c[97m) [97mS-L: [92m0:[96m43% [92m1:[96m33%[39m [39m
2026-07-25 19:22:57,719 - Agent - INFO - [37mVal Epoch 15 step 15 with [31mce_loss_combined : 1.319623 [31mce_loss_c : 0.886160 [31mce_loss_g : 1.365525 [31mkl_synergy_rand_1 : 0.000418 [31mkl_synergy_rand_2 : 0.000083 [31mkl_synergy_1 : 0.000426 [31mkl_synergy_2 : 0.000082 [31mtotal : 1.320632 [31mdiag_kl_1 : 0.921753 [31mdiag_kl_2 : 0.254811 [94mAcc_combined: 63.43 [94mAcc_c: 48.88 [94mAcc_g: 63.43 [92mF1_combined: 63.43 [92mF1_c: 20.81 [92mF1_g: 64.75 [95mCEU_cue_audio: 0.4665 [95mCEU_cue_video: 0.5457 [95mCEU_synergy: 0.3702 [95mCEU_coexistence: 0.8000 [97mS:[93m37.0%[97m([91m7.5c[97m-[94mF1:33.8%) [97mU1:[93m46.7%[97m([91m5.2c[97m) [97mU2:[93m54.5%[97m([91m9.0c[97m) [97mR:[93m80.0%[97m([91m41.8c[97m) [97mS-L: [92m0:[96m38% [92m1:[96m33%[39m [39m
2026-07-25 19:23:01,220 - Agent - INFO - [37mVal Epoch 16 step 16 with [31mce_loss_combined : 1.384184 [31mce_loss_c : 0.800124 [31mce_loss_g : 1.413407 [31mkl_synergy_rand_1 : 0.000454 [31mkl_synergy_rand_2 : 0.000092 [31mkl_synergy_1 : 0.000451 [31mkl_synergy_2 : 0.000092 [31mtotal : 1.385274 [31mdiag_kl_1 : 1.042986 [31mdiag_kl_2 : 0.269251 [94mAcc_combined: 64.18 [94mAcc_c: 49.63 [94mAcc_g: 63.43 [92mF1_combined: 64.44 [92mF1_c: 15.09 [92mF1_g: 64.49 [95mCEU_cue_audio: 0.4665 [95mCEU_cue_video: 0.5907 [95mCEU_synergy: 0.3702 [95mCEU_coexistence: 0.8143 [97mS:[93m37.0%[97m([91m7.5c[97m-[94mF1:33.8%) [97mU1:[93m46.7%[97m([91m5.2c[97m) [97mU2:[93m59.1%[97m([91m9.7c[97m) [97mR:[93m81.4%[97m([91m42.5c[97m) [97mS-L: [92m0:[96m38% [92m1:[96m33%[39m [39m
2026-07-25 19:23:04,661 - Agent - INFO - [37mVal Epoch 17 step 17 with [31mce_loss_combined : 1.427989 [31mce_loss_c : 0.987545 [31mce_loss_g : 1.463060 [31mkl_synergy_rand_1 : 0.000498 [31mkl_synergy_rand_2 : 0.000153 [31mkl_synergy_1 : 0.000500 [31mkl_synergy_2 : 0.000155 [31mtotal : 1.429296 [31mdiag_kl_1 : 1.134311 [31mdiag_kl_2 : 0.333572 [94mAcc_combined: 64.93 [94mAcc_c: 47.01 [94mAcc_g: 64.18 [92mF1_combined: 64.93 [92mF1_c: 22.83 [92mF1_g: 64.44 [95mCEU_cue_audio: 0.5335 [95mCEU_cue_video: 0.5457 [95mCEU_synergy: 0.4074 [95mCEU_coexistence: 0.8000 [97mS:[93m40.7%[97m([91m8.2c[97m-[94mF1:36.5%) [97mU1:[93m53.3%[97m([91m6.0c[97m) [97mU2:[93m54.5%[97m([91m9.0c[97m) [97mR:[93m80.0%[97m([91m41.8c[97m) [97mS-L: [92m0:[96m43% [92m1:[96m33%[39m [39m
2026-07-25 19:23:08,014 - Agent - INFO - [37mVal Epoch 18 step 18 with [31mce_loss_combined : 1.534838 [31mce_loss_c : 1.050012 [31mce_loss_g : 1.658304 [31mkl_synergy_rand_1 : 0.000472 [31mkl_synergy_rand_2 : 0.000133 [31mkl_synergy_1 : 0.000461 [31mkl_synergy_2 : 0.000136 [31mtotal : 1.536040 [31mdiag_kl_1 : 0.948201 [31mdiag_kl_2 : 0.378462 [94mAcc_combined: 58.58 [94mAcc_c: 51.12 [94mAcc_g: 59.70 [92mF1_combined: 58.74 [92mF1_c: 49.42 [92mF1_g: 60.58 [95mCEU_cue_audio: 0.5335 [95mCEU_cue_video: 0.5457 [95mCEU_synergy: 0.4814 [95mCEU_coexistence: 0.6572 [97mS:[93m48.1%[97m([91m9.7c[97m-[94mF1:41.7%) [97mU1:[93m53.3%[97m([91m6.0c[97m) [97mU2:[93m54.5%[97m([91m9.0c[97m) [97mR:[93m65.7%[97m([91m34.3c[97m) [97mS-L: [92m0:[96m52% [92m1:[96m33%[39m [39m
2026-07-25 19:23:11,413 - Agent - INFO - [37mVal Epoch 19 step 19 with [31mce_loss_combined : 1.391583 [31mce_loss_c : 0.906061 [31mce_loss_g : 1.284598 [31mkl_synergy_rand_1 : 0.000507 [31mkl_synergy_rand_2 : 0.000303 [31mkl_synergy_1 : 0.000514 [31mkl_synergy_2 : 0.000298 [31mtotal : 1.393205 [31mdiag_kl_1 : 1.365789 [31mdiag_kl_2 : 0.616836 [94mAcc_combined: 63.43 [94mAcc_c: 57.09 [94mAcc_g: 63.43 [92mF1_combined: 63.43 [92mF1_c: 50.64 [92mF1_g: 64.23 [95mCEU_cue_audio: 0.5335 [95mCEU_cue_video: 0.5907 [95mCEU_synergy: 0.2591 [95mCEU_coexistence: 0.8143 [97mS:[93m25.9%[97m([91m5.2c[97m-[94mF1:25.0%) [97mU1:[93m53.3%[97m([91m6.0c[97m) [97mU2:[93m59.1%[97m([91m9.7c[97m) [97mR:[93m81.4%[97m([91m42.5c[97m) [97mS-L: [92m0:[96m24% [92m1:[96m33%[39m [39m
2026-07-25 19:23:14,766 - Agent - INFO - [37mVal Epoch 20 step 20 with [31mce_loss_combined : 1.522275 [31mce_loss_c : 0.774943 [31mce_loss_g : 1.445151 [31mkl_synergy_rand_1 : 0.000486 [31mkl_synergy_rand_2 : 0.000098 [31mkl_synergy_1 : 0.000517 [31mkl_synergy_2 : 0.000103 [31mtotal : 1.523479 [31mdiag_kl_1 : 1.119275 [31mdiag_kl_2 : 0.378398 [94mAcc_combined: 63.43 [94mAcc_c: 54.10 [94mAcc_g: 63.06 [92mF1_combined: 63.43 [92mF1_c: 36.27 [92mF1_g: 63.47 [95mCEU_cue_audio: 0.5335 [95mCEU_cue_video: 0.5907 [95mCEU_synergy: 0.3702 [95mCEU_coexistence: 0.7714 [97mS:[93m37.0%[97m([91m7.5c[97m-[94mF1:33.8%) [97mU1:[93m53.3%[97m([91m6.0c[97m) [97mU2:[93m59.1%[97m([91m9.7c[97m) [97mR:[93m77.1%[97m([91m40.3c[97m) [97mS-L: [92m0:[96m38% [92m1:[96m33%[39m [39m
2026-07-25 19:23:18,283 - Agent - INFO - [37mVal Epoch 21 step 21 with [31mce_loss_combined : 1.364289 [31mce_loss_c : 0.947159 [31mce_loss_g : 1.395295 [31mkl_synergy_rand_1 : 0.000425 [31mkl_synergy_rand_2 : 0.000155 [31mkl_synergy_1 : 0.000437 [31mkl_synergy_2 : 0.000153 [31mtotal : 1.365458 [31mdiag_kl_1 : 1.085306 [31mdiag_kl_2 : 0.493880 [94mAcc_combined: 61.19 [94mAcc_c: 54.85 [94mAcc_g: 61.94 [92mF1_combined: 61.19 [92mF1_c: 52.17 [92mF1_g: 62.50 [95mCEU_cue_audio: 0.5335 [95mCEU_cue_video: 0.5907 [95mCEU_synergy: 0.3335 [95mCEU_coexistence: 0.7429 [97mS:[93m33.3%[97m([91m6.7c[97m-[94mF1:31.0%) [97mU1:[93m53.3%[97m([91m6.0c[97m) [97mU2:[93m59.1%[97m([91m9.7c[97m) [97mR:[93m74.3%[97m([91m38.8c[97m) [97mS-L: [92m0:[96m33% [92m1:[96m33%[39m [39m
2026-07-25 19:23:21,697 - Agent - INFO - [37mVal Epoch 22 step 22 with [31mce_loss_combined : 1.296394 [31mce_loss_c : 1.077353 [31mce_loss_g : 1.250876 [31mkl_synergy_rand_1 : 0.000310 [31mkl_synergy_rand_2 : 0.000171 [31mkl_synergy_1 : 0.000318 [31mkl_synergy_2 : 0.000163 [31mtotal : 1.297356 [31mdiag_kl_1 : 0.915664 [31mdiag_kl_2 : 0.408707 [94mAcc_combined: 59.70 [94mAcc_c: 47.76 [94mAcc_g: 60.82 [92mF1_combined: 60.00 [92mF1_c: 45.31 [92mF1_g: 61.25 [95mCEU_cue_audio: 0.4000 [95mCEU_cue_video: 0.5907 [95mCEU_synergy: 0.2591 [95mCEU_coexistence: 0.7858 [97mS:[93m25.9%[97m([91m5.2c[97m-[94mF1:25.0%) [97mU1:[93m40.0%[97m([91m4.5c[97m) [97mU2:[93m59.1%[97m([91m9.7c[97m) [97mR:[93m78.6%[97m([91m41.0c[97m) [97mS-L: [92m0:[96m24% [92m1:[96m33%[39m [39m
2026-07-25 19:23:25,136 - Agent - INFO - [37mVal Epoch 23 step 23 with [31mce_loss_combined : 1.306774 [31mce_loss_c : 0.889153 [31mce_loss_g : 1.211468 [31mkl_synergy_rand_1 : 0.000354 [31mkl_synergy_rand_2 : 0.000061 [31mkl_synergy_1 : 0.000352 [31mkl_synergy_2 : 0.000059 [31mtotal : 1.307600 [31mdiag_kl_1 : 0.898447 [31mdiag_kl_2 : 0.298737 [94mAcc_combined: 60.45 [94mAcc_c: 50.37 [94mAcc_g: 61.57 [92mF1_combined: 61.03 [92mF1_c: 43.88 [92mF1_g: 62.82 [95mCEU_cue_audio: 0.3333 [95mCEU_cue_video: 0.6364 [95mCEU_synergy: 0.2963 [95mCEU_coexistence: 0.7571 [97mS:[93m29.6%[97m([91m6.0c[97m-[94mF1:28.1%) [97mU1:[93m33.3%[97m([91m3.7c[97m) [97mU2:[93m63.6%[97m([91m10.4c[97m) [97mR:[93m75.7%[97m([91m39.6c[97m) [97mS-L: [92m0:[96m29% [92m1:[96m33%[39m [39m
2026-07-25 19:23:28,631 - Agent - INFO - [37mVal Epoch 24 step 24 with [31mce_loss_combined : 1.484756 [31mce_loss_c : 0.980882 [31mce_loss_g : 1.485484 [31mkl_synergy_rand_1 : 0.000454 [31mkl_synergy_rand_2 : 0.000065 [31mkl_synergy_1 : 0.000486 [31mkl_synergy_2 : 0.000066 [31mtotal : 1.485826 [31mdiag_kl_1 : 1.116357 [31mdiag_kl_2 : 0.348068 [94mAcc_combined: 61.19 [94mAcc_c: 50.37 [94mAcc_g: 61.94 [92mF1_combined: 61.48 [92mF1_c: 48.25 [92mF1_g: 62.77 [95mCEU_cue_audio: 0.4000 [95mCEU_cue_video: 0.6364 [95mCEU_synergy: 0.2963 [95mCEU_coexistence: 0.7571 [97mS:[93m29.6%[97m([91m6.0c[97m-[94mF1:28.1%) [97mU1:[93m40.0%[97m([91m4.5c[97m) [97mU2:[93m63.6%[97m([91m10.4c[97m) [97mR:[93m75.7%[97m([91m39.6c[97m) [97mS-L: [92m0:[96m29% [92m1:[96m33%[39m [39m
2026-07-25 19:23:32,100 - Agent - INFO - [37mVal Epoch 25 step 25 with [31mce_loss_combined : 1.372137 [31mce_loss_c : 0.946790 [31mce_loss_g : 1.422970 [31mkl_synergy_rand_1 : 0.000418 [31mkl_synergy_rand_2 : 0.000104 [31mkl_synergy_1 : 0.000461 [31mkl_synergy_2 : 0.000106 [31mtotal : 1.373226 [31mdiag_kl_1 : 1.101591 [31mdiag_kl_2 : 0.320037 [94mAcc_combined: 64.93 [94mAcc_c: 53.73 [94mAcc_g: 64.93 [92mF1_combined: 64.93 [92mF1_c: 50.79 [92mF1_g: 65.44 [95mCEU_cue_audio: 0.5335 [95mCEU_cue_video: 0.7272 [95mCEU_synergy: 0.4074 [95mCEU_coexistence: 0.7429 [97mS:[93m40.7%[97m([91m8.2c[97m-[94mF1:36.5%) [97mU1:[93m53.3%[97m([91m6.0c[97m) [97mU2:[93m72.7%[97m([91m11.9c[97m) [97mR:[93m74.3%[97m([91m38.8c[97m) [97mS-L: [92m0:[96m43% [92m1:[96m33%[39m [39m
2026-07-25 19:23:35,474 - Agent - INFO - [37mVal Epoch 26 step 26 with [31mce_loss_combined : 1.281972 [31mce_loss_c : 1.014425 [31mce_loss_g : 1.243119 [31mkl_synergy_rand_1 : 0.000422 [31mkl_synergy_rand_2 : 0.000215 [31mkl_synergy_1 : 0.000425 [31mkl_synergy_2 : 0.000214 [31mtotal : 1.283248 [31mdiag_kl_1 : 1.220190 [31mdiag_kl_2 : 0.518182 [94mAcc_combined: 64.18 [94mAcc_c: 47.01 [94mAcc_g: 64.18 [92mF1_combined: 64.18 [92mF1_c: 41.32 [92mF1_g: 65.47 [95mCEU_cue_audio: 0.6667 [95mCEU_cue_video: 0.6819 [95mCEU_synergy: 0.2963 [95mCEU_coexistence: 0.7571 [97mS:[93m29.6%[97m([91m6.0c[97m-[94mF1:28.1%) [97mU1:[93m66.7%[97m([91m7.5c[97m) [97mU2:[93m68.2%[97m([91m11.2c[97m) [97mR:[93m75.7%[97m([91m39.6c[97m) [97mS-L: [92m0:[96m29% [92m1:[96m33%[39m [39m
2026-07-25 19:23:38,862 - Agent - INFO - [37mVal Epoch 27 step 27 with [31mce_loss_combined : 1.398287 [31mce_loss_c : 0.993088 [31mce_loss_g : 1.364608 [31mkl_synergy_rand_1 : 0.000427 [31mkl_synergy_rand_2 : 0.000100 [31mkl_synergy_1 : 0.000422 [31mkl_synergy_2 : 0.000090 [31mtotal : 1.399325 [31mdiag_kl_1 : 1.188702 [31mdiag_kl_2 : 0.334688 [94mAcc_combined: 62.69 [94mAcc_c: 54.48 [94mAcc_g: 63.43 [92mF1_combined: 63.24 [92mF1_c: 51.97 [92mF1_g: 64.75 [95mCEU_cue_audio: 0.5335 [95mCEU_cue_video: 0.6364 [95mCEU_synergy: 0.2591 [95mCEU_coexistence: 0.7858 [97mS:[93m25.9%[97m([91m5.2c[97m-[94mF1:25.0%) [97mU1:[93m53.3%[97m([91m6.0c[97m) [97mU2:[93m63.6%[97m([91m10.4c[97m) [97mR:[93m78.6%[97m([91m41.0c[97m) [97mS-L: [92m0:[96m24% [92m1:[96m33%[39m [39m
2026-07-25 19:23:42,274 - Agent - INFO - [37mVal Epoch 28 step 28 with [31mce_loss_combined : 1.567781 [31mce_loss_c : 1.223123 [31mce_loss_g : 1.445853 [31mkl_synergy_rand_1 : 0.000479 [31mkl_synergy_rand_2 : 0.000074 [31mkl_synergy_1 : 0.000474 [31mkl_synergy_2 : 0.000063 [31mtotal : 1.568872 [31mdiag_kl_1 : 1.267491 [31mdiag_kl_2 : 0.345989 [94mAcc_combined: 63.06 [94mAcc_c: 50.75 [94mAcc_g: 64.93 [92mF1_combined: 63.20 [92mF1_c: 47.62 [92mF1_g: 65.69 [95mCEU_cue_audio: 0.5335 [95mCEU_cue_video: 0.6364 [95mCEU_synergy: 0.2963 [95mCEU_coexistence: 0.7714 [97mS:[93m29.6%[97m([91m6.0c[97m-[94mF1:28.1%) [97mU1:[93m53.3%[97m([91m6.0c[97m) [97mU2:[93m63.6%[97m([91m10.4c[97m) [97mR:[93m77.1%[97m([91m40.3c[97m) [97mS-L: [92m0:[96m29% [92m1:[96m33%[39m [39m
2026-07-25 19:23:45,670 - Agent - INFO - [37mVal Epoch 29 step 29 with [31mce_loss_combined : 1.659337 [31mce_loss_c : 1.432755 [31mce_loss_g : 1.490849 [31mkl_synergy_rand_1 : 0.000422 [31mkl_synergy_rand_2 : 0.000056 [31mkl_synergy_1 : 0.000452 [31mkl_synergy_2 : 0.000056 [31mtotal : 1.660323 [31mdiag_kl_1 : 1.189125 [31mdiag_kl_2 : 0.365917 [94mAcc_combined: 61.94 [94mAcc_c: 41.42 [94mAcc_g: 64.93 [92mF1_combined: 62.22 [92mF1_c: 39.85 [92mF1_g: 65.69 [95mCEU_cue_audio: 0.4000 [95mCEU_cue_video: 0.6364 [95mCEU_synergy: 0.2963 [95mCEU_coexistence: 0.7714 [97mS:[93m29.6%[97m([91m6.0c[97m-[94mF1:28.1%) [97mU1:[93m40.0%[97m([91m4.5c[97m) [97mU2:[93m63.6%[97m([91m10.4c[97m) [97mR:[93m77.1%[97m([91m40.3c[97m) [97mS-L: [92m0:[96m29% [92m1:[96m33%[39m [39m
2026-07-25 19:23:49,224 - Agent - INFO - [37mVal Epoch 30 step 30 with [31mce_loss_combined : 1.712084 [31mce_loss_c : 1.216078 [31mce_loss_g : 1.555991 [31mkl_synergy_rand_1 : 0.000487 [31mkl_synergy_rand_2 : 0.000044 [31mkl_synergy_1 : 0.000502 [31mkl_synergy_2 : 0.000042 [31mtotal : 1.713160 [31mdiag_kl_1 : 1.340814 [31mdiag_kl_2 : 0.430517 [94mAcc_combined: 62.31 [94mAcc_c: 47.76 [94mAcc_g: 63.81 [92mF1_combined: 62.45 [92mF1_c: 44.44 [92mF1_g: 64.47 [95mCEU_cue_audio: 0.4000 [95mCEU_cue_video: 0.6364 [95mCEU_synergy: 0.2963 [95mCEU_coexistence: 0.8000 [97mS:[93m29.6%[97m([91m6.0c[97m-[94mF1:28.1%) [97mU1:[93m40.0%[97m([91m4.5c[97m) [97mU2:[93m63.6%[97m([91m10.4c[97m) [97mR:[93m80.0%[97m([91m41.8c[97m) [97mS-L: [92m0:[96m29% [92m1:[96m33%[39m [39m
2026-07-25 19:23:52,575 - Agent - INFO - [37mVal Epoch 31 step 31 with [31mce_loss_combined : 1.481903 [31mce_loss_c : 1.280319 [31mce_loss_g : 1.491484 [31mkl_synergy_rand_1 : 0.000381 [31mkl_synergy_rand_2 : 0.000068 [31mkl_synergy_1 : 0.000421 [31mkl_synergy_2 : 0.000065 [31mtotal : 1.482838 [31mdiag_kl_1 : 1.146608 [31mdiag_kl_2 : 0.399283 [94mAcc_combined: 62.69 [94mAcc_c: 47.76 [94mAcc_g: 63.43 [92mF1_combined: 62.96 [92mF1_c: 46.15 [92mF1_g: 64.49 [95mCEU_cue_audio: 0.4000 [95mCEU_cue_video: 0.6364 [95mCEU_synergy: 0.2963 [95mCEU_coexistence: 0.7858 [97mS:[93m29.6%[97m([91m6.0c[97m-[94mF1:28.1%) [97mU1:[93m40.0%[97m([91m4.5c[97m) [97mU2:[93m63.6%[97m([91m10.4c[97m) [97mR:[93m78.6%[97m([91m41.0c[97m) [97mS-L: [92m0:[96m29% [92m1:[96m33%[39m [39m
2026-07-25 19:23:55,957 - Agent - INFO - [37mVal Epoch 32 step 32 with [31mce_loss_combined : 1.707962 [31mce_loss_c : 1.437383 [31mce_loss_g : 1.602209 [31mkl_synergy_rand_1 : 0.000441 [31mkl_synergy_rand_2 : 0.000132 [31mkl_synergy_1 : 0.000439 [31mkl_synergy_2 : 0.000133 [31mtotal : 1.709108 [31mdiag_kl_1 : 1.371839 [31mdiag_kl_2 : 0.508669 [94mAcc_combined: 62.69 [94mAcc_c: 43.28 [94mAcc_g: 63.43 [92mF1_combined: 62.69 [92mF1_c: 41.09 [92mF1_g: 63.70 [95mCEU_cue_audio: 0.4000 [95mCEU_cue_video: 0.6364 [95mCEU_synergy: 0.2591 [95mCEU_coexistence: 0.8143 [97mS:[93m25.9%[97m([91m5.2c[97m-[94mF1:25.0%) [97mU1:[93m40.0%[97m([91m4.5c[97m) [97mU2:[93m63.6%[97m([91m10.4c[97m) [97mR:[93m81.4%[97m([91m42.5c[97m) [97mS-L: [92m0:[96m24% [92m1:[96m33%[39m [39m
2026-07-25 19:23:59,317 - Agent - INFO - [37mVal Epoch 33 step 33 with [31mce_loss_combined : 1.613107 [31mce_loss_c : 1.057599 [31mce_loss_g : 1.566368 [31mkl_synergy_rand_1 : 0.000512 [31mkl_synergy_rand_2 : 0.000081 [31mkl_synergy_1 : 0.000513 [31mkl_synergy_2 : 0.000077 [31mtotal : 1.614290 [31mdiag_kl_1 : 1.441304 [31mdiag_kl_2 : 0.410229 [94mAcc_combined: 61.94 [94mAcc_c: 49.25 [94mAcc_g: 63.43 [92mF1_combined: 61.94 [92mF1_c: 45.60 [92mF1_g: 63.97 [95mCEU_cue_audio: 0.4665 [95mCEU_cue_video: 0.5907 [95mCEU_synergy: 0.2591 [95mCEU_coexistence: 0.8000 [97mS:[93m25.9%[97m([91m5.2c[97m-[94mF1:25.0%) [97mU1:[93m46.7%[97m([91m5.2c[97m) [97mU2:[93m59.1%[97m([91m9.7c[97m) [97mR:[93m80.0%[97m([91m41.8c[97m) [97mS-L: [92m0:[96m24% [92m1:[96m33%[39m [39m
2026-07-25 19:24:02,783 - Agent - INFO - [37mVal Epoch 34 step 34 with [31mce_loss_combined : 1.548877 [31mce_loss_c : 1.234390 [31mce_loss_g : 1.550128 [31mkl_synergy_rand_1 : 0.000413 [31mkl_synergy_rand_2 : 0.000077 [31mkl_synergy_1 : 0.000434 [31mkl_synergy_2 : 0.000068 [31mtotal : 1.549870 [31mdiag_kl_1 : 1.265775 [31mdiag_kl_2 : 0.381183 [94mAcc_combined: 62.31 [94mAcc_c: 47.39 [94mAcc_g: 63.06 [92mF1_combined: 62.45 [92mF1_c: 45.56 [92mF1_g: 63.74 [95mCEU_cue_audio: 0.4665 [95mCEU_cue_video: 0.6819 [95mCEU_synergy: 0.2963 [95mCEU_coexistence: 0.7714 [97mS:[93m29.6%[97m([91m6.0c[97m-[94mF1:28.1%) [97mU1:[93m46.7%[97m([91m5.2c[97m) [97mU2:[93m68.2%[97m([91m11.2c[97m) [97mR:[93m77.1%[97m([91m40.3c[97m) [97mS-L: [92m0:[96m29% [92m1:[96m33%[39m [39m
2026-07-25 19:24:06,125 - Agent - INFO - [37mVal Epoch 35 step 35 with [31mce_loss_combined : 1.632832 [31mce_loss_c : 1.393513 [31mce_loss_g : 1.622947 [31mkl_synergy_rand_1 : 0.000335 [31mkl_synergy_rand_2 : 0.000114 [31mkl_synergy_1 : 0.000355 [31mkl_synergy_2 : 0.000127 [31mtotal : 1.633763 [31mdiag_kl_1 : 1.115984 [31mdiag_kl_2 : 0.422105 [94mAcc_combined: 59.33 [94mAcc_c: 47.01 [94mAcc_g: 61.57 [92mF1_combined: 59.48 [92mF1_c: 45.80 [92mF1_g: 62.82 [95mCEU_cue_audio: 0.4665 [95mCEU_cue_video: 0.6364 [95mCEU_synergy: 0.2963 [95mCEU_coexistence: 0.7286 [97mS:[93m29.6%[97m([91m6.0c[97m-[94mF1:28.1%) [97mU1:[93m46.7%[97m([91m5.2c[97m) [97mU2:[93m63.6%[97m([91m10.4c[97m) [97mR:[93m72.9%[97m([91m38.1c[97m) [97mS-L: [92m0:[96m29% [92m1:[96m33%[39m [39m
2026-07-25 19:24:09,462 - Agent - INFO - [37mVal Epoch 36 step 36 with [31mce_loss_combined : 1.661580 [31mce_loss_c : 1.185001 [31mce_loss_g : 1.532522 [31mkl_synergy_rand_1 : 0.000463 [31mkl_synergy_rand_2 : 0.000117 [31mkl_synergy_1 : 0.000474 [31mkl_synergy_2 : 0.000113 [31mtotal : 1.662748 [31mdiag_kl_1 : 1.298793 [31mdiag_kl_2 : 0.479150 [94mAcc_combined: 60.07 [94mAcc_c: 48.13 [94mAcc_g: 61.57 [92mF1_combined: 60.52 [92mF1_c: 43.72 [92mF1_g: 62.55 [95mCEU_cue_audio: 0.4665 [95mCEU_cue_video: 0.6364 [95mCEU_synergy: 0.2963 [95mCEU_coexistence: 0.7286 [97mS:[93m29.6%[97m([91m6.0c[97m-[94mF1:28.1%) [97mU1:[93m46.7%[97m([91m5.2c[97m) [97mU2:[93m63.6%[97m([91m10.4c[97m) [97mR:[93m72.9%[97m([91m38.1c[97m) [97mS-L: [92m0:[96m29% [92m1:[96m33%[39m [39m
2026-07-25 19:24:12,913 - Agent - INFO - [37mVal Epoch 37 step 37 with [31mce_loss_combined : 1.536376 [31mce_loss_c : 1.387118 [31mce_loss_g : 1.504315 [31mkl_synergy_rand_1 : 0.000335 [31mkl_synergy_rand_2 : 0.000082 [31mkl_synergy_1 : 0.000327 [31mkl_synergy_2 : 0.000084 [31mtotal : 1.537204 [31mdiag_kl_1 : 1.225605 [31mdiag_kl_2 : 0.409567 [94mAcc_combined: 60.07 [94mAcc_c: 47.76 [94mAcc_g: 62.31 [92mF1_combined: 60.52 [92mF1_c: 46.15 [92mF1_g: 63.27 [95mCEU_cue_audio: 0.4000 [95mCEU_cue_video: 0.6364 [95mCEU_synergy: 0.2963 [95mCEU_coexistence: 0.7429 [97mS:[93m29.6%[97m([91m6.0c[97m-[94mF1:28.1%) [97mU1:[93m40.0%[97m([91m4.5c[97m) [97mU2:[93m63.6%[97m([91m10.4c[97m) [97mR:[93m74.3%[97m([91m38.8c[97m) [97mS-L: [92m0:[96m29% [92m1:[96m33%[39m [39m
2026-07-25 19:24:16,258 - Agent - INFO - [37mVal Epoch 38 step 38 with [31mce_loss_combined : 1.628421 [31mce_loss_c : 1.578068 [31mce_loss_g : 1.513096 [31mkl_synergy_rand_1 : 0.000366 [31mkl_synergy_rand_2 : 0.000102 [31mkl_synergy_1 : 0.000382 [31mkl_synergy_2 : 0.000104 [31mtotal : 1.629375 [31mdiag_kl_1 : 1.213362 [31mdiag_kl_2 : 0.455267 [94mAcc_combined: 63.81 [94mAcc_c: 43.66 [94mAcc_g: 63.81 [92mF1_combined: 63.94 [92mF1_c: 41.70 [92mF1_g: 64.21 [95mCEU_cue_audio: 0.4665 [95mCEU_cue_video: 0.6364 [95mCEU_synergy: 0.2591 [95mCEU_coexistence: 0.8143 [97mS:[93m25.9%[97m([91m5.2c[97m-[94mF1:25.0%) [97mU1:[93m46.7%[97m([91m5.2c[97m) [97mU2:[93m63.6%[97m([91m10.4c[97m) [97mR:[93m81.4%[97m([91m42.5c[97m) [97mS-L: [92m0:[96m24% [92m1:[96m33%[39m [39m
2026-07-25 19:24:16,913 - Agent - INFO - We are in the final state.
2026-07-25 19:24:17,014 - root - INFO - Loaded best model from best_model_accuracy_state_dict
2026-07-25 19:24:18,003 - Agent - INFO - [37mVal Epoch 38 step 0 with [31mce_loss_combined : 0.887933 [31mce_loss_c : 0.699642 [31mce_loss_g : 1.034893 [31mkl_synergy_rand_1 : 0.000208 [31mkl_synergy_rand_2 : 0.000052 [31mkl_synergy_1 : 0.000198 [31mkl_synergy_2 : 0.000054 [31mtotal : 0.888446 [31mdiag_kl_1 : 0.430868 [31mdiag_kl_2 : 0.149753 [94mAcc_combined: 65.67 [94mAcc_c: 52.99 [94mAcc_g: 64.55 [92mF1_combined: 65.93 [92mF1_c: 20.25 [92mF1_g: 65.20 [95mCEU_cue_audio: 0.6000 [95mCEU_cue_video: 0.7272 [95mCEU_synergy: 0.3702 [95mCEU_coexistence: 0.7714 [97mS:[93m37.0%[97m([91m7.5c[97m-[94mF1:33.8%) [97mU1:[93m60.0%[97m([91m6.7c[97m) [97mU2:[93m72.7%[97m([91m11.9c[97m) [97mR:[93m77.1%[97m([91m40.3c[97m) [97mS-L: [92m0:[96m38% [92m1:[96m33%[39m [39m
2026-07-25 19:24:18,925 - Agent - INFO - [37mTest Epoch 38 step 0 with [31mce_loss_combined : 0.988540 [31mce_loss_c : 0.660852 [31mce_loss_g : 1.193820 [31mkl_synergy_rand_1 : 0.000199 [31mkl_synergy_rand_2 : 0.000070 [31mkl_synergy_1 : 0.000182 [31mkl_synergy_2 : 0.000072 [31mtotal : 0.989062 [31mdiag_kl_1 : 0.408325 [31mdiag_kl_2 : 0.165530 [94mAcc_combined: 60.45 [94mAcc_c: 55.22 [94mAcc_g: 59.33 [92mF1_combined: 60.74 [92mF1_c: 24.05 [92mF1_g: 61.21 [95mCEU_cue_audio: 0.6431 [95mCEU_cue_video: 0.8259 [95mCEU_synergy: 0.4359 [95mCEU_coexistence: 0.6207 [97mS:[93m43.6%[97m([91m12.7c[97m-[94mF1:36.5%) [97mU1:[93m64.3%[97m([91m6.7c[97m) [97mU2:[93m82.6%[97m([91m14.2c[97m) [97mR:[93m62.1%[97m([91m26.9c[97m) [97mS-L: [92m0:[96m43% [92m1:[96m50%[39m [39m
2026-07-25 19:24:19,985 - Agent - INFO - [37mModel saved successfully at: ./artifacts/models/multibench/mustard/vt/SynIB_RMask_REFABL_mustard_lam0.5x_fold0_l0.0005_perturbrandom_fillema_pmin0.1_refunimodal_anchor_lr0.0005_wd0.001.pth.tar[39m
Job finished
