Starting SynIB reference-ablation job
Python 3.10.19
/esat/smcdata/users/kkontras/Image_Dataset/no_backup/git/SynIB  (git 9191f76)
GPU 0: NVIDIA GeForce RTX 2080 Ti (UUID: GPU-80609ff0-d905-c2d8-7c85-30e2d01a3cb8)
Executing: PYTHONPATH=src /esat/smcdata/users/kkontras/Image_Dataset/no_backup/envs/synergy_new/bin/python -m synib.entrypoints.train --config run/configs/rebuttal_ref_ablation/mustard_synib.json --default_config run/configs/rebuttal_ref_ablation/mustard_default.json --fold 0 --rmask random --l 0.002 --perturb_pmin 0.1 --perturb_fill ema --lr 0.0005 --wd 0.001 --reference_type unimodal_anchor --ref_diag --start_over --tag REFABL_mustard_lam2x
Namespace(config='run/configs/rebuttal_ref_ablation/mustard_synib.json', default_config='run/configs/rebuttal_ref_ablation/mustard_default.json', fold='0', alpha=None, tanh_mode_beta=None, regby=None, batch_size=None, l='0.002', multil=None, lib=None, kmepoch=None, num_samples=None, contrcoeff=None, contr_type=None, shuffle_type=None, validate_with=None, num_classes=None, optim_method=None, ending_epoch=None, load_ongoing=None, recon_weight1=None, recon_weight2=None, recon_epochstages=None, recon_ensemblestages=None, lr='0.0005', wd='0.001', cls=None, ironic_rate=None, perturb='random', perturb_fill='ema', perturb_pmax=None, perturb_pmin='0.1', perturb_lsparse=None, rmask='random', pmin=None, pmax=None, lsparse=None, debug_mask_stats=False, pre=False, frozen=False, tdqm_disable=False, start_over=True, no_model_save=False, num_layers=None, grad_accum=None, init_from=None, init_strict=False, perturb_lsparse_sign=None, l_anneal_epochs=None, perturb_steps=None, perturb_lsparse_warmup=None, perturb_lsparse_schedule=None, persist_ell=False, save_masks=False, penalty_swap=False, disable_ce_random=False, disable_kl_learned=False, masking_only=False, modality_dropout=None, modality_dropout_target=None, l_z1_masked=None, l_z2_masked=None, l_pareto=None, reference_type='unimodal_anchor', ref_diag=True, ref_ema_decay=None, tag='REFABL_mustard_lam2x')
2026-07-25 19:23:01,789 - Config - INFO - run/configs/rebuttal_ref_ablation/mustard_synib.json
2026-07-25 19:23:01,792 - Config - INFO -  THE Configuration of your experiment ..
{'agent': 'Agent',
 'dataset': {'data_roots': './src/synib/mydatasets/Factor_CL_Datasets/prepared/mustard/mustard_data.pkl',
             'data_type': 'sarcasm',
             'dataloader_class': 'FactorCL_MustardFiltered_Dataloader',
             'kfold_data_roots': './src/synib/mydatasets/Factor_CL_Datasets/prepared/mustard/mustard_synergy3.pkl',
             'mustard_video_filter': {'check_aligned_segment': True,
                                      'enabled': True,
                                      'min_aligned_len': 1,
                                      'vision_absmax_threshold': 1000000.0},
             'z_norm': True},
 'early_stopping': {'end_of_epoch_check': True,
                    'log_interval': 10,
                    'max_epoch': 100,
                    'n_steps_stop': 30,
                    'n_steps_stop_after': 0,
                    'save_every_step': 3000,
                    'save_every_valstep': 50,
                    'validate_after': 0,
                    'validate_every': 185},
 'exp_name': 'MUSTARD Experiment',
 'model': {'args': {'bias_infusion': {'method': False},
                    'clip_grad': False,
                    'cls_type': 'mlp',
                    'd_model': 40,
                    'dropout': 0.1,
                    'fc_inner': 64,
                    'multi_loss': {'multi_supervised_w': {'c': 1,
                                                          'combined': 1,
                                                          'g': 1}},
                    'norm_decision': False,
                    'num_classes': 2},
           'ceu': {'test': './artifacts/ceus/mustard/mustard_ceu_test.pkl',
                   'val': './artifacts/ceus/mustard/mustard_ceu_val.pkl'},
           'encoders': [{'args': {'freeze_encoder': False,
                                  'hidden_size': 40,
                                  'modality': 'c',
                                  'n_features': 371,
                                  'num_classes': 2},
                         'model': 'FactorCL_Uni',
                         'pretrainedEncoder': {'dir': 'unimodal_video_fold{}_vldaccuracy_lr0.0005_wd0.00001.pth.tar',
                                               'use': True}},
                        {'args': {'freeze_encoder': False,
                                  'hidden_size': 40,
                                  'modality': 'g',
                                  'n_features': 300,
                                  'num_classes': 2},
                         'model': 'FactorCL_Uni',
                         'pretrainedEncoder': {'dir': 'unimodal_text_fold{}_vldaccuracy_lr0.0005_wd0.0001.pth.tar',
                                               'use': True}},
                        {'args': {'d_model': 40,
                                  'dropout': 0.1,
                                  'fc_inner': 64,
                                  'freeze_encoder': False},
                         'model': 'FusionTrunkLinear',
                         'name': 'enc_2_fusion_trunk',
                         'pretrainedEncoder': {'dir': 'enc_2_fusion_trunk_{}.pth.tar',
                                               'use': False},
                         'save_encoder': False},
                        {'args': {'freeze_encoder': False,
                                  'in_dim': 64,
                                  'num_classes': 2},
                         'model': 'LinearHead',
                         'name': 'enc_3_fusion_head',
                         'pretrainedEncoder': {'dir': 'enc_3_fusion_head_{}.pth.tar',
                                               'use': False},
                         'save_encoder': False}],
           'load_ongoing': False,
           'model_class': 'FusionIBModel_Mask',
           'save_base_dir': './artifacts/models/multibench/mustard/vt',
           'save_dir': 'SynIB_RMask_{}.pth.tar'},
 'optimizer': {'beta1': 0.9,
               'beta2': 0.999,
               'learning_rate': 0.0001,
               'momentum': 0.9,
               'type': 'Adam',
               'weight_decay': 0.0001},
 'scheduler': {'max_lr': 0.03, 'type': 'cosanneal', 'warm_up_steps': 780},
 'task': 'classification',
 'training_params': {'adversarial_training': {'adv_epsilon': 0.01,
                                              'use': False},
                     'async_loading': True,
                     'batch_size': 32,
                     'cuda': True,
                     'data_loader_workers': 8,
                     'gpu_device': [0],
                     'pin_memory': True,
                     'rec_test': True,
                     'res': True,
                     'seed': 109,
                     'tdqm_disable': False,
                     'test_batch_size': 32,
                     'test_on_bottoms': False,
                     'use_test_set': True,
                     'validation': True,
                     'verbose': True,
                     'wandb_disable': True}}
2026-07-25 19:23:01,795 - Config - INFO -  *************************************** 
2026-07-25 19:23:01,795 - Config - INFO - The experiment name is MUSTARD Experiment
2026-07-25 19:23:01,795 - Config - INFO -  *************************************** 
2026-07-25 19:23:01,795 - root - INFO - save_dir: SynIB_RMask_REFABL_mustard_lam2x_fold0_l0.002_perturbrandom_fillema_pmin0.1_refunimodal_anchor_lr0.0005_wd0.001.pth.tar
2026-07-25 19:23:01,887 - Cuda Statistics - INFO - __Python VERSION:  3.10.19 (main, Oct 21 2025, 16:43:05) [GCC 11.2.0]
2026-07-25 19:23:01,887 - Cuda Statistics - INFO - __pyTorch VERSION:  2.9.1+cu128
2026-07-25 19:23:01,887 - Cuda Statistics - INFO - __CUDA VERSION
2026-07-25 19:23:01,888 - Cuda Statistics - INFO - __CUDNN VERSION:  91002
2026-07-25 19:23:01,910 - Cuda Statistics - INFO - __Number CUDA Devices:  1
2026-07-25 19:23:01,910 - Cuda Statistics - INFO - __Devices
2026-07-25 19:23:01,910 - Cuda Statistics - INFO - index, name, driver_version, memory.total [MiB], memory.used [MiB], memory.free [MiB]
2026-07-25 19:23:01,910 - Cuda Statistics - INFO - 0, NVIDIA GeForce RTX 2080 Ti, 610.43.03, 11264 MiB, 302 MiB, 10529 MiB
2026-07-25 19:23:01,914 - Cuda Statistics - INFO - Active CUDA Device: GPU 0
2026-07-25 19:23:01,914 - Cuda Statistics - INFO - Available devices  1
2026-07-25 19:23:01,914 - Cuda Statistics - INFO - Current cuda device  0
[MustardFilteredDataloader] train: dropped 31/412 samples (vision absmax threshold=1e+06, aligned=True)
[MustardFilteredDataloader] train: first drops -> 3:vision_absmax>1e+06 (2.7e+07), 7:vision_absmax>1e+06 (3.43e+07), 31:vision_absmax>1e+06 (1.29e+07), 45:vision_absmax>1e+06 (9.04e+06), 53:vision_absmax>1e+06 (2.67e+07), 72:vision_absmax>1e+06 (2.67e+07), 85:vision_absmax>1e+06 (3.93e+07), 94:vision_absmax>1e+06 (4.57e+07), 105:vision_absmax>1e+06 (3.62e+07), 122:vision_absmax>1e+06 (3.62e+07), ...
[MustardFilteredDataloader] valid: dropped 3/137 samples (vision absmax threshold=1e+06, aligned=True)
[MustardFilteredDataloader] valid: first drops -> 2:vision_absmax>1e+06 (2.67e+07), 20:vision_absmax>1e+06 (2.67e+07), 105:vision_absmax>1e+06 (4.57e+07)
[MustardFilteredDataloader] test: dropped 4/138 samples (vision absmax threshold=1e+06, aligned=True)
[MustardFilteredDataloader] test: first drops -> 3:vision_absmax>1e+06 (3.43e+07), 8:vision_absmax>1e+06 (2.67e+07), 65:vision_absmax>1e+06 (2.3e+07), 106:vision_absmax>1e+06 (2.67e+07)
2026-07-25 19:23:02,127 - Agent - INFO - Device: cuda:0
2026-07-25 19:23:02,128 - Agent - INFO - Total training batches: 12, validate every 185 batches, steps per epoch: 1
2026-07-25 19:23:02,217 - Agent - INFO - Loss Weights are {'total': 1, 'combined': 1, 'c': 1, 'g': 1}
2026-07-25 19:23:02,217 - root - INFO - There is no CEU for train
2026-07-25 19:23:02,274 - root - INFO - Loading enc best model state dict from ./artifacts/models/multibench/mustard/vt/unimodal_video_fold0_vldaccuracy_lr0.0005_wd0.00001.pth.tar
2026-07-25 19:23:02,323 - root - INFO - Loading enc best model state dict from ./artifacts/models/multibench/mustard/vt/unimodal_text_fold0_vldaccuracy_lr0.0005_wd0.0001.pth.tar
2026-07-25 19:23:02,510 - Agent - INFO - Total number of trainable parameters are: 5271404
2026-07-25 19:23:02,520 - Agent - INFO - Total number of trainable parameters are: 1764436
2026-07-25 19:23:06,043 - Evaluator - INFO - New best with loss-accuracy-syn_accuracy-
2026-07-25 19:23:06,043 - Agent - INFO - [37mVal Epoch 1 step 1 with [31mce_loss_combined : 0.683818 [31mce_loss_c : 0.759261 [31mce_loss_g : 1.002936 [31mkl_synergy_rand_1 : 0.000293 [31mkl_synergy_rand_2 : 0.000479 [31mkl_synergy_1 : 0.000262 [31mkl_synergy_2 : 0.000470 [31mtotal : 0.685321 [31mdiag_kl_1 : 0.148533 [31mdiag_kl_2 : 0.242601 [94mAcc_combined: 63.06 [94mAcc_c: 51.87 [94mAcc_g: 63.43 [92mF1_combined: 63.74 [92mF1_c: 22.75 [92mF1_g: 65.25 [95mCEU_cue_audio: 0.4665 [95mCEU_cue_video: 0.5907 [95mCEU_synergy: 0.3702 [95mCEU_coexistence: 0.7858 [97mS:[93m37.0%[97m([91m7.5c[97m-[94mF1:33.8%) [97mU1:[93m46.7%[97m([91m5.2c[97m) [97mU2:[93m59.1%[97m([91m9.7c[97m) [97mR:[93m78.6%[97m([91m41.0c[97m) [97mS-L: [92m0:[96m38% [92m1:[96m33%[39m [39m
2026-07-25 19:23:06,065 - Agent - INFO - [37mTest Epoch 1 step 1 with [31mce_loss_combined : 0.725721 [31mce_loss_c : 0.671869 [31mce_loss_g : 1.171696 [31mkl_synergy_rand_1 : 0.000257 [31mkl_synergy_rand_2 : 0.000421 [31mkl_synergy_1 : 0.000248 [31mkl_synergy_2 : 0.000439 [31mtotal : 0.727085 [31mdiag_kl_1 : 0.129958 [31mdiag_kl_2 : 0.219262 [94mAcc_combined: 56.72 [94mAcc_c: 55.60 [94mAcc_g: 56.72 [92mF1_combined: 57.66 [92mF1_c: 26.99 [92mF1_g: 61.33 [95mCEU_cue_audio: 0.6431 [95mCEU_cue_video: 0.7826 [95mCEU_synergy: 0.4359 [95mCEU_coexistence: 0.5690 [97mS:[93m43.6%[97m([91m12.7c[97m-[94mF1:33.8%) [97mU1:[93m64.3%[97m([91m6.7c[97m) [97mU2:[93m78.3%[97m([91m13.4c[97m) [97mR:[93m56.9%[97m([91m24.6c[97m) [97mS-L: [92m0:[96m46% [92m1:[96m25%[39m [39m
2026-07-25 19:23:06,500 - Agent - INFO - [37mModel saved successfully at: ./artifacts/models/multibench/mustard/vt/SynIB_RMask_REFABL_mustard_lam2x_fold0_l0.002_perturbrandom_fillema_pmin0.1_refunimodal_anchor_lr0.0005_wd0.001.pth.tar[39m
2026-07-25 19:23:09,759 - Evaluator - INFO - New best with accuracy-
2026-07-25 19:23:09,759 - Agent - INFO - [37mVal Epoch 2 step 2 with [31mce_loss_combined : 0.862497 [31mce_loss_c : 0.767177 [31mce_loss_g : 0.996632 [31mkl_synergy_rand_1 : 0.000938 [31mkl_synergy_rand_2 : 0.000472 [31mkl_synergy_1 : 0.000826 [31mkl_synergy_2 : 0.000468 [31mtotal : 0.865200 [31mdiag_kl_1 : 0.490308 [31mdiag_kl_2 : 0.256267 [94mAcc_combined: 63.81 [94mAcc_c: 50.75 [94mAcc_g: 64.55 [92mF1_combined: 63.94 [92mF1_c: 9.59 [92mF1_g: 65.45 [95mCEU_cue_audio: 0.4000 [95mCEU_cue_video: 0.6364 [95mCEU_synergy: 0.2963 [95mCEU_coexistence: 0.8143 [97mS:[93m29.6%[97m([91m6.0c[97m-[94mF1:28.1%) [97mU1:[93m40.0%[97m([91m4.5c[97m) [97mU2:[93m63.6%[97m([91m10.4c[97m) [97mR:[93m81.4%[97m([91m42.5c[97m) [97mS-L: [92m0:[96m29% [92m1:[96m33%[39m [39m
2026-07-25 19:23:09,779 - Agent - INFO - [37mTest Epoch 2 step 2 with [31mce_loss_combined : 1.041708 [31mce_loss_c : 0.674094 [31mce_loss_g : 1.252610 [31mkl_synergy_rand_1 : 0.000890 [31mkl_synergy_rand_2 : 0.000353 [31mkl_synergy_1 : 0.000838 [31mkl_synergy_2 : 0.000327 [31mtotal : 1.044115 [31mdiag_kl_1 : 0.457054 [31mdiag_kl_2 : 0.170022 [94mAcc_combined: 58.96 [94mAcc_c: 54.48 [94mAcc_g: 59.33 [92mF1_combined: 59.56 [92mF1_c: 18.67 [92mF1_g: 60.36 [95mCEU_cue_audio: 0.5713 [95mCEU_cue_video: 0.8695 [95mCEU_synergy: 0.4103 [95mCEU_coexistence: 0.6207 [97mS:[93m41.0%[97m([91m11.9c[97m-[94mF1:34.9%) [97mU1:[93m57.1%[97m([91m6.0c[97m) [97mU2:[93m87.0%[97m([91m14.9c[97m) [97mR:[93m62.1%[97m([91m26.9c[97m) [97mS-L: [92m0:[96m40% [92m1:[96m50%[39m [39m
2026-07-25 19:23:10,482 - Agent - INFO - [37mModel saved successfully at: ./artifacts/models/multibench/mustard/vt/SynIB_RMask_REFABL_mustard_lam2x_fold0_l0.002_perturbrandom_fillema_pmin0.1_refunimodal_anchor_lr0.0005_wd0.001.pth.tar[39m
2026-07-25 19:23:13,749 - Evaluator - INFO - New best with accuracy-syn_accuracy-
2026-07-25 19:23:13,749 - Agent - INFO - [37mVal Epoch 3 step 3 with [31mce_loss_combined : 0.951612 [31mce_loss_c : 0.780329 [31mce_loss_g : 1.057279 [31mkl_synergy_rand_1 : 0.001206 [31mkl_synergy_rand_2 : 0.000437 [31mkl_synergy_1 : 0.001134 [31mkl_synergy_2 : 0.000438 [31mtotal : 0.954828 [31mdiag_kl_1 : 0.624388 [31mdiag_kl_2 : 0.284385 [94mAcc_combined: 65.30 [94mAcc_c: 51.49 [94mAcc_g: 64.55 [92mF1_combined: 65.68 [92mF1_c: 21.69 [92mF1_g: 65.70 [95mCEU_cue_audio: 0.6000 [95mCEU_cue_video: 0.5907 [95mCEU_synergy: 0.4074 [95mCEU_coexistence: 0.7858 [97mS:[93m40.7%[97m([91m8.2c[97m-[94mF1:36.5%) [97mU1:[93m60.0%[97m([91m6.7c[97m) [97mU2:[93m59.1%[97m([91m9.7c[97m) [97mR:[93m78.6%[97m([91m41.0c[97m) [97mS-L: [92m0:[96m43% [92m1:[96m33%[39m [39m
2026-07-25 19:23:13,769 - Agent - INFO - [37mTest Epoch 3 step 3 with [31mce_loss_combined : 1.236728 [31mce_loss_c : 0.756082 [31mce_loss_g : 1.407295 [31mkl_synergy_rand_1 : 0.001239 [31mkl_synergy_rand_2 : 0.000293 [31mkl_synergy_1 : 0.001177 [31mkl_synergy_2 : 0.000310 [31mtotal : 1.239747 [31mdiag_kl_1 : 0.638469 [31mdiag_kl_2 : 0.185245 [94mAcc_combined: 58.58 [94mAcc_c: 53.36 [94mAcc_g: 58.96 [92mF1_combined: 58.74 [92mF1_c: 22.36 [92mF1_g: 59.85 [95mCEU_cue_audio: 0.4287 [95mCEU_cue_video: 0.7826 [95mCEU_synergy: 0.4615 [95mCEU_coexistence: 0.6207 [97mS:[93m46.2%[97m([91m13.4c[97m-[94mF1:35.3%) [97mU1:[93m42.9%[97m([91m4.5c[97m) [97mU2:[93m78.3%[97m([91m13.4c[97m) [97mR:[93m62.1%[97m([91m26.9c[97m) [97mS-L: [92m0:[96m49% [92m1:[96m25%[39m [39m
2026-07-25 19:23:14,498 - Agent - INFO - [37mModel saved successfully at: ./artifacts/models/multibench/mustard/vt/SynIB_RMask_REFABL_mustard_lam2x_fold0_l0.002_perturbrandom_fillema_pmin0.1_refunimodal_anchor_lr0.0005_wd0.001.pth.tar[39m
2026-07-25 19:23:17,728 - Evaluator - INFO - New best with syn_accuracy-
2026-07-25 19:23:17,728 - Agent - INFO - [37mVal Epoch 4 step 4 with [31mce_loss_combined : 1.026815 [31mce_loss_c : 0.912434 [31mce_loss_g : 1.055819 [31mkl_synergy_rand_1 : 0.001221 [31mkl_synergy_rand_2 : 0.000384 [31mkl_synergy_1 : 0.001266 [31mkl_synergy_2 : 0.000376 [31mtotal : 1.030062 [31mdiag_kl_1 : 0.640910 [31mdiag_kl_2 : 0.229664 [94mAcc_combined: 64.18 [94mAcc_c: 47.01 [94mAcc_g: 62.31 [92mF1_combined: 64.44 [92mF1_c: 26.04 [92mF1_g: 65.05 [95mCEU_cue_audio: 0.6667 [95mCEU_cue_video: 0.6364 [95mCEU_synergy: 0.4447 [95mCEU_coexistence: 0.7142 [97mS:[93m44.4%[97m([91m9.0c[97m-[94mF1:39.1%) [97mU1:[93m66.7%[97m([91m7.5c[97m) [97mU2:[93m63.6%[97m([91m10.4c[97m) [97mR:[93m71.4%[97m([91m37.3c[97m) [97mS-L: [92m0:[96m48% [92m1:[96m33%[39m [39m
2026-07-25 19:23:17,748 - Agent - INFO - [37mTest Epoch 4 step 4 with [31mce_loss_combined : 1.272117 [31mce_loss_c : 0.771630 [31mce_loss_g : 1.363517 [31mkl_synergy_rand_1 : 0.001265 [31mkl_synergy_rand_2 : 0.000441 [31mkl_synergy_1 : 0.001155 [31mkl_synergy_2 : 0.000448 [31mtotal : 1.275426 [31mdiag_kl_1 : 0.643374 [31mdiag_kl_2 : 0.253960 [94mAcc_combined: 55.22 [94mAcc_c: 53.73 [94mAcc_g: 58.21 [92mF1_combined: 55.22 [92mF1_c: 34.74 [92mF1_g: 61.11 [95mCEU_cue_audio: 0.5000 [95mCEU_cue_video: 0.6958 [95mCEU_synergy: 0.4871 [95mCEU_coexistence: 0.5518 [97mS:[93m48.7%[97m([91m14.2c[97m-[94mF1:36.7%) [97mU1:[93m50.0%[97m([91m5.2c[97m) [97mU2:[93m69.6%[97m([91m11.9c[97m) [97mR:[93m55.2%[97m([91m23.9c[97m) [97mS-L: [92m0:[96m51% [92m1:[96m25%[39m [39m
2026-07-25 19:23:18,672 - Agent - INFO - [37mModel saved successfully at: ./artifacts/models/multibench/mustard/vt/SynIB_RMask_REFABL_mustard_lam2x_fold0_l0.002_perturbrandom_fillema_pmin0.1_refunimodal_anchor_lr0.0005_wd0.001.pth.tar[39m
2026-07-25 19:23:21,981 - Agent - INFO - [37mVal Epoch 5 step 5 with [31mce_loss_combined : 1.093541 [31mce_loss_c : 0.683389 [31mce_loss_g : 1.141586 [31mkl_synergy_rand_1 : 0.001685 [31mkl_synergy_rand_2 : 0.000781 [31mkl_synergy_1 : 0.001684 [31mkl_synergy_2 : 0.000753 [31mtotal : 1.098443 [31mdiag_kl_1 : 0.944403 [31mdiag_kl_2 : 0.435726 [94mAcc_combined: 64.55 [94mAcc_c: 51.12 [94mAcc_g: 65.30 [92mF1_combined: 64.68 [92mF1_c: 10.88 [92mF1_g: 67.37 [95mCEU_cue_audio: 0.4000 [95mCEU_cue_video: 0.5457 [95mCEU_synergy: 0.4074 [95mCEU_coexistence: 0.8285 [97mS:[93m40.7%[97m([91m8.2c[97m-[94mF1:38.6%) [97mU1:[93m40.0%[97m([91m4.5c[97m) [97mU2:[93m54.5%[97m([91m9.0c[97m) [97mR:[93m82.9%[97m([91m43.3c[97m) [97mS-L: [92m0:[96m38% [92m1:[96m50%[39m [39m
2026-07-25 19:23:25,240 - Evaluator - INFO - New best with syn_accuracy-
2026-07-25 19:23:25,240 - Agent - INFO - [37mVal Epoch 6 step 6 with [31mce_loss_combined : 1.287831 [31mce_loss_c : 0.775922 [31mce_loss_g : 1.304091 [31mkl_synergy_rand_1 : 0.001620 [31mkl_synergy_rand_2 : 0.000383 [31mkl_synergy_1 : 0.001621 [31mkl_synergy_2 : 0.000389 [31mtotal : 1.291843 [31mdiag_kl_1 : 0.843322 [31mdiag_kl_2 : 0.258666 [94mAcc_combined: 62.69 [94mAcc_c: 50.37 [94mAcc_g: 63.06 [92mF1_combined: 62.69 [92mF1_c: 24.00 [92mF1_g: 64.52 [95mCEU_cue_audio: 0.6000 [95mCEU_cue_video: 0.5907 [95mCEU_synergy: 0.5186 [95mCEU_coexistence: 0.6857 [97mS:[93m51.9%[97m([91m10.4c[97m-[94mF1:44.2%) [97mU1:[93m60.0%[97m([91m6.7c[97m) [97mU2:[93m59.1%[97m([91m9.7c[97m) [97mR:[93m68.6%[97m([91m35.8c[97m) [97mS-L: [92m0:[96m57% [92m1:[96m33%[39m [39m
2026-07-25 19:23:25,260 - Agent - INFO - [37mTest Epoch 6 step 6 with [31mce_loss_combined : 1.235212 [31mce_loss_c : 0.693639 [31mce_loss_g : 1.263417 [31mkl_synergy_rand_1 : 0.001547 [31mkl_synergy_rand_2 : 0.000597 [31mkl_synergy_1 : 0.001506 [31mkl_synergy_2 : 0.000609 [31mtotal : 1.239471 [31mdiag_kl_1 : 0.795840 [31mdiag_kl_2 : 0.328803 [94mAcc_combined: 63.06 [94mAcc_c: 54.48 [94mAcc_g: 63.43 [92mF1_combined: 63.47 [92mF1_c: 29.89 [92mF1_g: 64.75 [95mCEU_cue_audio: 0.6431 [95mCEU_cue_video: 0.8259 [95mCEU_synergy: 0.5641 [95mCEU_coexistence: 0.6035 [97mS:[93m56.4%[97m([91m16.4c[97m-[94mF1:40.9%) [97mU1:[93m64.3%[97m([91m6.7c[97m) [97mU2:[93m82.6%[97m([91m14.2c[97m) [97mR:[93m60.3%[97m([91m26.1c[97m) [97mS-L: [92m0:[96m60% [92m1:[96m25%[39m [39m
2026-07-25 19:23:26,219 - Agent - INFO - [37mModel saved successfully at: ./artifacts/models/multibench/mustard/vt/SynIB_RMask_REFABL_mustard_lam2x_fold0_l0.002_perturbrandom_fillema_pmin0.1_refunimodal_anchor_lr0.0005_wd0.001.pth.tar[39m
2026-07-25 19:23:29,545 - Agent - INFO - [37mVal Epoch 7 step 7 with [31mce_loss_combined : 1.293099 [31mce_loss_c : 0.797059 [31mce_loss_g : 1.362945 [31mkl_synergy_rand_1 : 0.001650 [31mkl_synergy_rand_2 : 0.000290 [31mkl_synergy_1 : 0.001626 [31mkl_synergy_2 : 0.000283 [31mtotal : 1.296948 [31mdiag_kl_1 : 0.900205 [31mdiag_kl_2 : 0.211826 [94mAcc_combined: 60.82 [94mAcc_c: 50.00 [94mAcc_g: 62.31 [92mF1_combined: 60.97 [92mF1_c: 24.72 [92mF1_g: 64.56 [95mCEU_cue_audio: 0.5335 [95mCEU_cue_video: 0.6819 [95mCEU_synergy: 0.3702 [95mCEU_coexistence: 0.7000 [97mS:[93m37.0%[97m([91m7.5c[97m-[94mF1:33.8%) [97mU1:[93m53.3%[97m([91m6.0c[97m) [97mU2:[93m68.2%[97m([91m11.2c[97m) [97mR:[93m70.0%[97m([91m36.6c[97m) [97mS-L: [92m0:[96m38% [92m1:[96m33%[39m [39m
2026-07-25 19:23:32,812 - Agent - INFO - [37mVal Epoch 8 step 8 with [31mce_loss_combined : 1.243874 [31mce_loss_c : 0.745640 [31mce_loss_g : 1.283010 [31mkl_synergy_rand_1 : 0.001513 [31mkl_synergy_rand_2 : 0.000360 [31mkl_synergy_1 : 0.001508 [31mkl_synergy_2 : 0.000340 [31mtotal : 1.247596 [31mdiag_kl_1 : 0.860561 [31mdiag_kl_2 : 0.228496 [94mAcc_combined: 60.82 [94mAcc_c: 51.87 [94mAcc_g: 62.31 [92mF1_combined: 61.82 [92mF1_c: 14.57 [92mF1_g: 65.53 [95mCEU_cue_audio: 0.4665 [95mCEU_cue_video: 0.5907 [95mCEU_synergy: 0.3702 [95mCEU_coexistence: 0.7286 [97mS:[93m37.0%[97m([91m7.5c[97m-[94mF1:33.8%) [97mU1:[93m46.7%[97m([91m5.2c[97m) [97mU2:[93m59.1%[97m([91m9.7c[97m) [97mR:[93m72.9%[97m([91m38.1c[97m) [97mS-L: [92m0:[96m38% [92m1:[96m33%[39m [39m
2026-07-25 19:23:36,090 - Agent - INFO - [37mVal Epoch 9 step 9 with [31mce_loss_combined : 1.182095 [31mce_loss_c : 0.777605 [31mce_loss_g : 1.163917 [31mkl_synergy_rand_1 : 0.001462 [31mkl_synergy_rand_2 : 0.000545 [31mkl_synergy_1 : 0.001431 [31mkl_synergy_2 : 0.000511 [31mtotal : 1.186045 [31mdiag_kl_1 : 0.824437 [31mdiag_kl_2 : 0.397475 [94mAcc_combined: 60.82 [94mAcc_c: 54.85 [94mAcc_g: 61.19 [92mF1_combined: 60.97 [92mF1_c: 49.37 [92mF1_g: 63.64 [95mCEU_cue_audio: 0.4665 [95mCEU_cue_video: 0.5457 [95mCEU_synergy: 0.4447 [95mCEU_coexistence: 0.7286 [97mS:[93m44.4%[97m([91m9.0c[97m-[94mF1:39.1%) [97mU1:[93m46.7%[97m([91m5.2c[97m) [97mU2:[93m54.5%[97m([91m9.0c[97m) [97mR:[93m72.9%[97m([91m38.1c[97m) [97mS-L: [92m0:[96m48% [92m1:[96m33%[39m [39m
2026-07-25 19:23:39,394 - Agent - INFO - [37mVal Epoch 10 step 10 with [31mce_loss_combined : 1.213544 [31mce_loss_c : 0.775747 [31mce_loss_g : 1.235897 [31mkl_synergy_rand_1 : 0.001552 [31mkl_synergy_rand_2 : 0.000509 [31mkl_synergy_1 : 0.001604 [31mkl_synergy_2 : 0.000500 [31mtotal : 1.217709 [31mdiag_kl_1 : 0.909139 [31mdiag_kl_2 : 0.385276 [94mAcc_combined: 62.31 [94mAcc_c: 50.00 [94mAcc_g: 62.31 [92mF1_combined: 62.45 [92mF1_c: 15.19 [92mF1_g: 63.54 [95mCEU_cue_audio: 0.4665 [95mCEU_cue_video: 0.5457 [95mCEU_synergy: 0.4074 [95mCEU_coexistence: 0.7571 [97mS:[93m40.7%[97m([91m8.2c[97m-[94mF1:36.5%) [97mU1:[93m46.7%[97m([91m5.2c[97m) [97mU2:[93m54.5%[97m([91m9.0c[97m) [97mR:[93m75.7%[97m([91m39.6c[97m) [97mS-L: [92m0:[96m43% [92m1:[96m33%[39m [39m
2026-07-25 19:23:42,702 - Agent - INFO - [37mVal Epoch 11 step 11 with [31mce_loss_combined : 1.351955 [31mce_loss_c : 0.845320 [31mce_loss_g : 1.427710 [31mkl_synergy_rand_1 : 0.001767 [31mkl_synergy_rand_2 : 0.000474 [31mkl_synergy_1 : 0.001801 [31mkl_synergy_2 : 0.000499 [31mtotal : 1.356495 [31mdiag_kl_1 : 1.036519 [31mdiag_kl_2 : 0.240327 [94mAcc_combined: 62.31 [94mAcc_c: 48.51 [94mAcc_g: 63.06 [92mF1_combined: 62.45 [92mF1_c: 14.81 [92mF1_g: 64.00 [95mCEU_cue_audio: 0.4665 [95mCEU_cue_video: 0.5907 [95mCEU_synergy: 0.3702 [95mCEU_coexistence: 0.7714 [97mS:[93m37.0%[97m([91m7.5c[97m-[94mF1:33.8%) [97mU1:[93m46.7%[97m([91m5.2c[97m) [97mU2:[93m59.1%[97m([91m9.7c[97m) [97mR:[93m77.1%[97m([91m40.3c[97m) [97mS-L: [92m0:[96m38% [92m1:[96m33%[39m [39m
2026-07-25 19:23:46,018 - Agent - INFO - [37mVal Epoch 12 step 12 with [31mce_loss_combined : 1.350624 [31mce_loss_c : 0.914921 [31mce_loss_g : 1.374804 [31mkl_synergy_rand_1 : 0.001936 [31mkl_synergy_rand_2 : 0.000588 [31mkl_synergy_1 : 0.001969 [31mkl_synergy_2 : 0.000593 [31mtotal : 1.355711 [31mdiag_kl_1 : 1.127757 [31mdiag_kl_2 : 0.316207 [94mAcc_combined: 64.93 [94mAcc_c: 47.76 [94mAcc_g: 64.93 [92mF1_combined: 64.93 [92mF1_c: 15.66 [92mF1_g: 65.19 [95mCEU_cue_audio: 0.4665 [95mCEU_cue_video: 0.6364 [95mCEU_synergy: 0.3702 [95mCEU_coexistence: 0.8000 [97mS:[93m37.0%[97m([91m7.5c[97m-[94mF1:33.8%) [97mU1:[93m46.7%[97m([91m5.2c[97m) [97mU2:[93m63.6%[97m([91m10.4c[97m) [97mR:[93m80.0%[97m([91m41.8c[97m) [97mS-L: [92m0:[96m38% [92m1:[96m33%[39m [39m
2026-07-25 19:23:49,358 - Evaluator - INFO - New best with accuracy-
2026-07-25 19:23:49,358 - Agent - INFO - [37mVal Epoch 13 step 13 with [31mce_loss_combined : 1.099460 [31mce_loss_c : 0.753946 [31mce_loss_g : 1.131422 [31mkl_synergy_rand_1 : 0.001791 [31mkl_synergy_rand_2 : 0.000637 [31mkl_synergy_1 : 0.001736 [31mkl_synergy_2 : 0.000600 [31mtotal : 1.104224 [31mdiag_kl_1 : 1.089460 [31mdiag_kl_2 : 0.343814 [94mAcc_combined: 67.54 [94mAcc_c: 50.75 [94mAcc_g: 65.67 [92mF1_combined: 67.66 [92mF1_c: 8.33 [92mF1_g: 66.67 [95mCEU_cue_audio: 0.4665 [95mCEU_cue_video: 0.6364 [95mCEU_synergy: 0.4074 [95mCEU_coexistence: 0.8428 [97mS:[93m40.7%[97m([91m8.2c[97m-[94mF1:36.5%) [97mU1:[93m46.7%[97m([91m5.2c[97m) [97mU2:[93m63.6%[97m([91m10.4c[97m) [97mR:[93m84.3%[97m([91m44.0c[97m) [97mS-L: [92m0:[96m43% [92m1:[96m33%[39m [39m
2026-07-25 19:23:49,378 - Agent - INFO - [37mTest Epoch 13 step 13 with [31mce_loss_combined : 1.466153 [31mce_loss_c : 0.807428 [31mce_loss_g : 1.390546 [31mkl_synergy_rand_1 : 0.001596 [31mkl_synergy_rand_2 : 0.000884 [31mkl_synergy_1 : 0.001663 [31mkl_synergy_2 : 0.000897 [31mtotal : 1.471193 [31mdiag_kl_1 : 0.933629 [31mdiag_kl_2 : 0.475653 [94mAcc_combined: 58.96 [94mAcc_c: 53.36 [94mAcc_g: 58.96 [92mF1_combined: 59.56 [92mF1_c: 14.97 [92mF1_g: 61.27 [95mCEU_cue_audio: 0.5000 [95mCEU_cue_video: 0.7391 [95mCEU_synergy: 0.2052 [95mCEU_coexistence: 0.7759 [97mS:[93m20.5%[97m([91m6.0c[97m-[94mF1:19.7%) [97mU1:[93m50.0%[97m([91m5.2c[97m) [97mU2:[93m73.9%[97m([91m12.7c[97m) [97mR:[93m77.6%[97m([91m33.6c[97m) [97mS-L: [92m0:[96m17% [92m1:[96m50%[39m [39m
2026-07-25 19:23:50,514 - Agent - INFO - [37mModel saved successfully at: ./artifacts/models/multibench/mustard/vt/SynIB_RMask_REFABL_mustard_lam2x_fold0_l0.002_perturbrandom_fillema_pmin0.1_refunimodal_anchor_lr0.0005_wd0.001.pth.tar[39m
2026-07-25 19:23:53,874 - Agent - INFO - [37mVal Epoch 14 step 14 with [31mce_loss_combined : 1.230499 [31mce_loss_c : 0.820933 [31mce_loss_g : 1.212194 [31mkl_synergy_rand_1 : 0.001727 [31mkl_synergy_rand_2 : 0.000590 [31mkl_synergy_1 : 0.001746 [31mkl_synergy_2 : 0.000599 [31mtotal : 1.235161 [31mdiag_kl_1 : 0.907474 [31mdiag_kl_2 : 0.331119 [94mAcc_combined: 64.55 [94mAcc_c: 48.51 [94mAcc_g: 64.18 [92mF1_combined: 64.68 [92mF1_c: 13.75 [92mF1_g: 64.96 [95mCEU_cue_audio: 0.4000 [95mCEU_cue_video: 0.6819 [95mCEU_synergy: 0.5186 [95mCEU_coexistence: 0.7286 [97mS:[93m51.9%[97m([91m10.4c[97m-[94mF1:44.2%) [97mU1:[93m40.0%[97m([91m4.5c[97m) [97mU2:[93m68.2%[97m([91m11.2c[97m) [97mR:[93m72.9%[97m([91m38.1c[97m) [97mS-L: [92m0:[96m57% [92m1:[96m33%[39m [39m
2026-07-25 19:23:57,204 - Agent - INFO - [37mVal Epoch 15 step 15 with [31mce_loss_combined : 1.150435 [31mce_loss_c : 0.814852 [31mce_loss_g : 1.211289 [31mkl_synergy_rand_1 : 0.001762 [31mkl_synergy_rand_2 : 0.000708 [31mkl_synergy_1 : 0.001734 [31mkl_synergy_2 : 0.000658 [31mtotal : 1.155296 [31mdiag_kl_1 : 1.045334 [31mdiag_kl_2 : 0.471622 [94mAcc_combined: 67.54 [94mAcc_c: 49.25 [94mAcc_g: 67.16 [92mF1_combined: 67.66 [92mF1_c: 15.00 [92mF1_g: 67.88 [95mCEU_cue_audio: 0.6000 [95mCEU_cue_video: 0.6364 [95mCEU_synergy: 0.4074 [95mCEU_coexistence: 0.8143 [97mS:[93m40.7%[97m([91m8.2c[97m-[94mF1:36.5%) [97mU1:[93m60.0%[97m([91m6.7c[97m) [97mU2:[93m63.6%[97m([91m10.4c[97m) [97mR:[93m81.4%[97m([91m42.5c[97m) [97mS-L: [92m0:[96m43% [92m1:[96m33%[39m [39m
2026-07-25 19:24:00,530 - Evaluator - INFO - New best with syn_accuracy-
2026-07-25 19:24:00,530 - Agent - INFO - [37mVal Epoch 16 step 16 with [31mce_loss_combined : 1.401926 [31mce_loss_c : 0.990219 [31mce_loss_g : 1.422425 [31mkl_synergy_rand_1 : 0.001912 [31mkl_synergy_rand_2 : 0.000672 [31mkl_synergy_1 : 0.001925 [31mkl_synergy_2 : 0.000680 [31mtotal : 1.407116 [31mdiag_kl_1 : 0.928743 [31mdiag_kl_2 : 0.476302 [94mAcc_combined: 62.69 [94mAcc_c: 47.01 [94mAcc_g: 64.18 [92mF1_combined: 62.96 [92mF1_c: 21.11 [92mF1_g: 64.71 [95mCEU_cue_audio: 0.5335 [95mCEU_cue_video: 0.6364 [95mCEU_synergy: 0.5553 [95mCEU_coexistence: 0.6715 [97mS:[93m55.6%[97m([91m11.2c[97m-[94mF1:42.1%) [97mU1:[93m53.3%[97m([91m6.0c[97m) [97mU2:[93m63.6%[97m([91m10.4c[97m) [97mR:[93m67.1%[97m([91m35.1c[97m) [97mS-L: [92m0:[96m67% [92m1:[96m17%[39m [39m
2026-07-25 19:24:00,550 - Agent - INFO - [37mTest Epoch 16 step 16 with [31mce_loss_combined : 1.287424 [31mce_loss_c : 0.750712 [31mce_loss_g : 1.371582 [31mkl_synergy_rand_1 : 0.001938 [31mkl_synergy_rand_2 : 0.000512 [31mkl_synergy_1 : 0.001924 [31mkl_synergy_2 : 0.000515 [31mtotal : 1.292313 [31mdiag_kl_1 : 0.913549 [31mdiag_kl_2 : 0.530622 [94mAcc_combined: 64.93 [94mAcc_c: 57.09 [94mAcc_g: 64.18 [92mF1_combined: 64.93 [92mF1_c: 39.15 [92mF1_g: 64.71 [95mCEU_cue_audio: 0.6431 [95mCEU_cue_video: 0.6958 [95mCEU_synergy: 0.6667 [95mCEU_coexistence: 0.6207 [97mS:[93m66.7%[97m([91m19.4c[97m-[94mF1:51.1%) [97mU1:[93m64.3%[97m([91m6.7c[97m) [97mU2:[93m69.6%[97m([91m11.9c[97m) [97mR:[93m62.1%[97m([91m26.9c[97m) [97mS-L: [92m0:[96m69% [92m1:[96m50%[39m [39m
2026-07-25 19:24:01,510 - Agent - INFO - [37mModel saved successfully at: ./artifacts/models/multibench/mustard/vt/SynIB_RMask_REFABL_mustard_lam2x_fold0_l0.002_perturbrandom_fillema_pmin0.1_refunimodal_anchor_lr0.0005_wd0.001.pth.tar[39m
2026-07-25 19:24:04,855 - Agent - INFO - [37mVal Epoch 17 step 17 with [31mce_loss_combined : 1.408309 [31mce_loss_c : 0.934328 [31mce_loss_g : 1.450181 [31mkl_synergy_rand_1 : 0.001983 [31mkl_synergy_rand_2 : 0.000484 [31mkl_synergy_1 : 0.001936 [31mkl_synergy_2 : 0.000443 [31mtotal : 1.413154 [31mdiag_kl_1 : 1.199117 [31mdiag_kl_2 : 0.242375 [94mAcc_combined: 63.43 [94mAcc_c: 47.39 [94mAcc_g: 63.43 [92mF1_combined: 63.43 [92mF1_c: 16.57 [92mF1_g: 63.97 [95mCEU_cue_audio: 0.4665 [95mCEU_cue_video: 0.5907 [95mCEU_synergy: 0.4074 [95mCEU_coexistence: 0.7714 [97mS:[93m40.7%[97m([91m8.2c[97m-[94mF1:36.5%) [97mU1:[93m46.7%[97m([91m5.2c[97m) [97mU2:[93m59.1%[97m([91m9.7c[97m) [97mR:[93m77.1%[97m([91m40.3c[97m) [97mS-L: [92m0:[96m43% [92m1:[96m33%[39m [39m
2026-07-25 19:24:08,164 - Agent - INFO - [37mVal Epoch 18 step 18 with [31mce_loss_combined : 1.424757 [31mce_loss_c : 0.997103 [31mce_loss_g : 1.473205 [31mkl_synergy_rand_1 : 0.001915 [31mkl_synergy_rand_2 : 0.000291 [31mkl_synergy_1 : 0.001974 [31mkl_synergy_2 : 0.000280 [31mtotal : 1.429217 [31mdiag_kl_1 : 1.049077 [31mdiag_kl_2 : 0.275499 [94mAcc_combined: 62.31 [94mAcc_c: 47.01 [94mAcc_g: 63.81 [92mF1_combined: 62.45 [92mF1_c: 19.32 [92mF1_g: 64.47 [95mCEU_cue_audio: 0.4665 [95mCEU_cue_video: 0.5457 [95mCEU_synergy: 0.4447 [95mCEU_coexistence: 0.7429 [97mS:[93m44.4%[97m([91m9.0c[97m-[94mF1:39.1%) [97mU1:[93m46.7%[97m([91m5.2c[97m) [97mU2:[93m54.5%[97m([91m9.0c[97m) [97mR:[93m74.3%[97m([91m38.8c[97m) [97mS-L: [92m0:[96m48% [92m1:[96m33%[39m [39m
2026-07-25 19:24:11,514 - Agent - INFO - [37mVal Epoch 19 step 19 with [31mce_loss_combined : 1.344624 [31mce_loss_c : 0.902027 [31mce_loss_g : 1.399447 [31mkl_synergy_rand_1 : 0.001852 [31mkl_synergy_rand_2 : 0.000173 [31mkl_synergy_1 : 0.001852 [31mkl_synergy_2 : 0.000166 [31mtotal : 1.348666 [31mdiag_kl_1 : 1.122193 [31mdiag_kl_2 : 0.201451 [94mAcc_combined: 66.04 [94mAcc_c: 48.88 [94mAcc_g: 66.42 [92mF1_combined: 66.17 [92mF1_c: 14.91 [92mF1_g: 67.39 [95mCEU_cue_audio: 0.5335 [95mCEU_cue_video: 0.6364 [95mCEU_synergy: 0.4447 [95mCEU_coexistence: 0.7858 [97mS:[93m44.4%[97m([91m9.0c[97m-[94mF1:39.1%) [97mU1:[93m53.3%[97m([91m6.0c[97m) [97mU2:[93m63.6%[97m([91m10.4c[97m) [97mR:[93m78.6%[97m([91m41.0c[97m) [97mS-L: [92m0:[96m48% [92m1:[96m33%[39m [39m
2026-07-25 19:24:14,856 - Agent - INFO - [37mVal Epoch 20 step 20 with [31mce_loss_combined : 1.411282 [31mce_loss_c : 0.879772 [31mce_loss_g : 1.419612 [31mkl_synergy_rand_1 : 0.001988 [31mkl_synergy_rand_2 : 0.000154 [31mkl_synergy_1 : 0.002006 [31mkl_synergy_2 : 0.000154 [31mtotal : 1.415584 [31mdiag_kl_1 : 1.180553 [31mdiag_kl_2 : 0.241759 [94mAcc_combined: 66.42 [94mAcc_c: 48.88 [94mAcc_g: 67.16 [92mF1_combined: 66.42 [92mF1_c: 14.91 [92mF1_g: 67.41 [95mCEU_cue_audio: 0.5335 [95mCEU_cue_video: 0.6364 [95mCEU_synergy: 0.4447 [95mCEU_coexistence: 0.7858 [97mS:[93m44.4%[97m([91m9.0c[97m-[94mF1:39.1%) [97mU1:[93m53.3%[97m([91m6.0c[97m) [97mU2:[93m63.6%[97m([91m10.4c[97m) [97mR:[93m78.6%[97m([91m41.0c[97m) [97mS-L: [92m0:[96m48% [92m1:[96m33%[39m [39m
2026-07-25 19:24:18,166 - Agent - INFO - [37mVal Epoch 21 step 21 with [31mce_loss_combined : 1.450109 [31mce_loss_c : 0.966405 [31mce_loss_g : 1.474566 [31mkl_synergy_rand_1 : 0.001973 [31mkl_synergy_rand_2 : 0.000138 [31mkl_synergy_1 : 0.002083 [31mkl_synergy_2 : 0.000127 [31mtotal : 1.454430 [31mdiag_kl_1 : 1.170981 [31mdiag_kl_2 : 0.251963 [94mAcc_combined: 66.04 [94mAcc_c: 49.63 [94mAcc_g: 65.67 [92mF1_combined: 66.17 [92mF1_c: 45.34 [92mF1_g: 65.93 [95mCEU_cue_audio: 0.5335 [95mCEU_cue_video: 0.6364 [95mCEU_synergy: 0.4074 [95mCEU_coexistence: 0.8000 [97mS:[93m40.7%[97m([91m8.2c[97m-[94mF1:36.5%) [97mU1:[93m53.3%[97m([91m6.0c[97m) [97mU2:[93m63.6%[97m([91m10.4c[97m) [97mR:[93m80.0%[97m([91m41.8c[97m) [97mS-L: [92m0:[96m43% [92m1:[96m33%[39m [39m
2026-07-25 19:24:21,505 - Agent - INFO - [37mVal Epoch 22 step 22 with [31mce_loss_combined : 1.402601 [31mce_loss_c : 0.965893 [31mce_loss_g : 1.442074 [31mkl_synergy_rand_1 : 0.001931 [31mkl_synergy_rand_2 : 0.000100 [31mkl_synergy_1 : 0.001960 [31mkl_synergy_2 : 0.000098 [31mtotal : 1.406690 [31mdiag_kl_1 : 1.130213 [31mdiag_kl_2 : 0.264767 [94mAcc_combined: 67.16 [94mAcc_c: 53.36 [94mAcc_g: 66.42 [92mF1_combined: 67.41 [92mF1_c: 48.56 [92mF1_g: 66.91 [95mCEU_cue_audio: 0.5335 [95mCEU_cue_video: 0.6364 [95mCEU_synergy: 0.4814 [95mCEU_coexistence: 0.8000 [97mS:[93m48.1%[97m([91m9.7c[97m-[94mF1:41.7%) [97mU1:[93m53.3%[97m([91m6.0c[97m) [97mU2:[93m63.6%[97m([91m10.4c[97m) [97mR:[93m80.0%[97m([91m41.8c[97m) [97mS-L: [92m0:[96m52% [92m1:[96m33%[39m [39m
2026-07-25 19:24:24,841 - Agent - INFO - [37mVal Epoch 23 step 23 with [31mce_loss_combined : 1.461410 [31mce_loss_c : 1.082191 [31mce_loss_g : 1.466839 [31mkl_synergy_rand_1 : 0.002046 [31mkl_synergy_rand_2 : 0.000129 [31mkl_synergy_1 : 0.002114 [31mkl_synergy_2 : 0.000119 [31mtotal : 1.465819 [31mdiag_kl_1 : 1.168140 [31mdiag_kl_2 : 0.278508 [94mAcc_combined: 67.16 [94mAcc_c: 47.01 [94mAcc_g: 66.79 [92mF1_combined: 67.16 [92mF1_c: 36.61 [92mF1_g: 67.16 [95mCEU_cue_audio: 0.5335 [95mCEU_cue_video: 0.6364 [95mCEU_synergy: 0.4447 [95mCEU_coexistence: 0.8000 [97mS:[93m44.4%[97m([91m9.0c[97m-[94mF1:39.1%) [97mU1:[93m53.3%[97m([91m6.0c[97m) [97mU2:[93m63.6%[97m([91m10.4c[97m) [97mR:[93m80.0%[97m([91m41.8c[97m) [97mS-L: [92m0:[96m48% [92m1:[96m33%[39m [39m
2026-07-25 19:24:28,139 - Agent - INFO - [37mVal Epoch 24 step 24 with [31mce_loss_combined : 1.721156 [31mce_loss_c : 1.220677 [31mce_loss_g : 1.741199 [31mkl_synergy_rand_1 : 0.002385 [31mkl_synergy_rand_2 : 0.000481 [31mkl_synergy_1 : 0.002462 [31mkl_synergy_2 : 0.000494 [31mtotal : 1.726978 [31mdiag_kl_1 : 1.179967 [31mdiag_kl_2 : 0.466696 [94mAcc_combined: 62.31 [94mAcc_c: 48.13 [94mAcc_g: 62.69 [92mF1_combined: 62.45 [92mF1_c: 44.18 [92mF1_g: 62.69 [95mCEU_cue_audio: 0.4665 [95mCEU_cue_video: 0.6364 [95mCEU_synergy: 0.5186 [95mCEU_coexistence: 0.7000 [97mS:[93m51.9%[97m([91m10.4c[97m-[94mF1:44.2%) [97mU1:[93m46.7%[97m([91m5.2c[97m) [97mU2:[93m63.6%[97m([91m10.4c[97m) [97mR:[93m70.0%[97m([91m36.6c[97m) [97mS-L: [92m0:[96m57% [92m1:[96m33%[39m [39m
2026-07-25 19:24:31,464 - Evaluator - INFO - New best with accuracy-
2026-07-25 19:24:31,464 - Agent - INFO - [37mVal Epoch 25 step 25 with [31mce_loss_combined : 1.228236 [31mce_loss_c : 1.414124 [31mce_loss_g : 1.282458 [31mkl_synergy_rand_1 : 0.001729 [31mkl_synergy_rand_2 : 0.000566 [31mkl_synergy_1 : 0.001762 [31mkl_synergy_2 : 0.000591 [31mtotal : 1.232884 [31mdiag_kl_1 : 1.139911 [31mdiag_kl_2 : 0.340566 [94mAcc_combined: 69.03 [94mAcc_c: 47.01 [94mAcc_g: 69.03 [92mF1_combined: 69.14 [92mF1_c: 45.80 [92mF1_g: 69.37 [95mCEU_cue_audio: 0.5335 [95mCEU_cue_video: 0.7272 [95mCEU_synergy: 0.4074 [95mCEU_coexistence: 0.8285 [97mS:[93m40.7%[97m([91m8.2c[97m-[94mF1:36.5%) [97mU1:[93m53.3%[97m([91m6.0c[97m) [97mU2:[93m72.7%[97m([91m11.9c[97m) [97mR:[93m82.9%[97m([91m43.3c[97m) [97mS-L: [92m0:[96m43% [92m1:[96m33%[39m [39m
2026-07-25 19:24:31,485 - Agent - INFO - [37mTest Epoch 25 step 25 with [31mce_loss_combined : 1.634261 [31mce_loss_c : 1.125689 [31mce_loss_g : 1.864907 [31mkl_synergy_rand_1 : 0.001834 [31mkl_synergy_rand_2 : 0.001193 [31mkl_synergy_1 : 0.001875 [31mkl_synergy_2 : 0.001168 [31mtotal : 1.640331 [31mdiag_kl_1 : 1.038491 [31mdiag_kl_2 : 0.477473 [94mAcc_combined: 58.96 [94mAcc_c: 54.10 [94mAcc_g: 58.21 [92mF1_combined: 59.26 [92mF1_c: 51.76 [92mF1_g: 58.82 [95mCEU_cue_audio: 0.5000 [95mCEU_cue_video: 0.8695 [95mCEU_synergy: 0.2820 [95mCEU_coexistence: 0.7069 [97mS:[93m28.2%[97m([91m8.2c[97m-[94mF1:25.8%) [97mU1:[93m50.0%[97m([91m5.2c[97m) [97mU2:[93m87.0%[97m([91m14.9c[97m) [97mR:[93m70.7%[97m([91m30.6c[97m) [97mS-L: [92m0:[96m26% [92m1:[96m50%[39m [39m
2026-07-25 19:24:32,450 - Agent - INFO - [37mModel saved successfully at: ./artifacts/models/multibench/mustard/vt/SynIB_RMask_REFABL_mustard_lam2x_fold0_l0.002_perturbrandom_fillema_pmin0.1_refunimodal_anchor_lr0.0005_wd0.001.pth.tar[39m
2026-07-25 19:24:35,836 - Agent - INFO - [37mVal Epoch 26 step 26 with [31mce_loss_combined : 1.480418 [31mce_loss_c : 1.391763 [31mce_loss_g : 1.481241 [31mkl_synergy_rand_1 : 0.001748 [31mkl_synergy_rand_2 : 0.000165 [31mkl_synergy_1 : 0.001803 [31mkl_synergy_2 : 0.000165 [31mtotal : 1.484298 [31mdiag_kl_1 : 1.035293 [31mdiag_kl_2 : 0.305022 [94mAcc_combined: 67.16 [94mAcc_c: 48.13 [94mAcc_g: 67.16 [92mF1_combined: 67.16 [92mF1_c: 47.15 [92mF1_g: 67.41 [95mCEU_cue_audio: 0.4665 [95mCEU_cue_video: 0.6364 [95mCEU_synergy: 0.4814 [95mCEU_coexistence: 0.8000 [97mS:[93m48.1%[97m([91m9.7c[97m-[94mF1:41.7%) [97mU1:[93m46.7%[97m([91m5.2c[97m) [97mU2:[93m63.6%[97m([91m10.4c[97m) [97mR:[93m80.0%[97m([91m41.8c[97m) [97mS-L: [92m0:[96m52% [92m1:[96m33%[39m [39m
2026-07-25 19:24:39,196 - Agent - INFO - [37mVal Epoch 27 step 27 with [31mce_loss_combined : 1.357878 [31mce_loss_c : 1.321680 [31mce_loss_g : 1.368526 [31mkl_synergy_rand_1 : 0.001569 [31mkl_synergy_rand_2 : 0.000240 [31mkl_synergy_1 : 0.001541 [31mkl_synergy_2 : 0.000237 [31mtotal : 1.361465 [31mdiag_kl_1 : 0.926509 [31mdiag_kl_2 : 0.234276 [94mAcc_combined: 66.04 [94mAcc_c: 49.25 [94mAcc_g: 64.55 [92mF1_combined: 66.17 [92mF1_c: 41.88 [92mF1_g: 65.20 [95mCEU_cue_audio: 0.4665 [95mCEU_cue_video: 0.6364 [95mCEU_synergy: 0.4447 [95mCEU_coexistence: 0.8000 [97mS:[93m44.4%[97m([91m9.0c[97m-[94mF1:39.1%) [97mU1:[93m46.7%[97m([91m5.2c[97m) [97mU2:[93m63.6%[97m([91m10.4c[97m) [97mR:[93m80.0%[97m([91m41.8c[97m) [97mS-L: [92m0:[96m48% [92m1:[96m33%[39m [39m
2026-07-25 19:24:42,511 - Agent - INFO - [37mVal Epoch 28 step 28 with [31mce_loss_combined : 1.504502 [31mce_loss_c : 1.370235 [31mce_loss_g : 1.398872 [31mkl_synergy_rand_1 : 0.001586 [31mkl_synergy_rand_2 : 0.000282 [31mkl_synergy_1 : 0.001590 [31mkl_synergy_2 : 0.000272 [31mtotal : 1.508231 [31mdiag_kl_1 : 0.970463 [31mdiag_kl_2 : 0.312107 [94mAcc_combined: 62.31 [94mAcc_c: 46.27 [94mAcc_g: 64.93 [92mF1_combined: 63.27 [92mF1_c: 43.31 [92mF1_g: 65.69 [95mCEU_cue_audio: 0.5335 [95mCEU_cue_video: 0.5457 [95mCEU_synergy: 0.4814 [95mCEU_coexistence: 0.7571 [97mS:[93m48.1%[97m([91m9.7c[97m-[94mF1:41.7%) [97mU1:[93m53.3%[97m([91m6.0c[97m) [97mU2:[93m54.5%[97m([91m9.0c[97m) [97mR:[93m75.7%[97m([91m39.6c[97m) [97mS-L: [92m0:[96m52% [92m1:[96m33%[39m [39m
2026-07-25 19:24:45,842 - Agent - INFO - [37mVal Epoch 29 step 29 with [31mce_loss_combined : 1.490358 [31mce_loss_c : 1.335806 [31mce_loss_g : 1.448208 [31mkl_synergy_rand_1 : 0.001600 [31mkl_synergy_rand_2 : 0.000224 [31mkl_synergy_1 : 0.001690 [31mkl_synergy_2 : 0.000221 [31mtotal : 1.494092 [31mdiag_kl_1 : 1.003686 [31mdiag_kl_2 : 0.269787 [94mAcc_combined: 64.93 [94mAcc_c: 44.40 [94mAcc_g: 64.55 [92mF1_combined: 65.19 [92mF1_c: 41.11 [92mF1_g: 65.45 [95mCEU_cue_audio: 0.4000 [95mCEU_cue_video: 0.5907 [95mCEU_synergy: 0.4074 [95mCEU_coexistence: 0.8000 [97mS:[93m40.7%[97m([91m8.2c[97m-[94mF1:36.5%) [97mU1:[93m40.0%[97m([91m4.5c[97m) [97mU2:[93m59.1%[97m([91m9.7c[97m) [97mR:[93m80.0%[97m([91m41.8c[97m) [97mS-L: [92m0:[96m43% [92m1:[96m33%[39m [39m
2026-07-25 19:24:49,168 - Agent - INFO - [37mVal Epoch 30 step 30 with [31mce_loss_combined : 1.514111 [31mce_loss_c : 1.061210 [31mce_loss_g : 1.503755 [31mkl_synergy_rand_1 : 0.002095 [31mkl_synergy_rand_2 : 0.000106 [31mkl_synergy_1 : 0.002054 [31mkl_synergy_2 : 0.000104 [31mtotal : 1.518470 [31mdiag_kl_1 : 1.230786 [31mdiag_kl_2 : 0.283999 [94mAcc_combined: 66.42 [94mAcc_c: 49.63 [94mAcc_g: 65.67 [92mF1_combined: 66.67 [92mF1_c: 46.22 [92mF1_g: 66.18 [95mCEU_cue_audio: 0.4000 [95mCEU_cue_video: 0.6819 [95mCEU_synergy: 0.4814 [95mCEU_coexistence: 0.7858 [97mS:[93m48.1%[97m([91m9.7c[97m-[94mF1:41.7%) [97mU1:[93m40.0%[97m([91m4.5c[97m) [97mU2:[93m68.2%[97m([91m11.2c[97m) [97mR:[93m78.6%[97m([91m41.0c[97m) [97mS-L: [92m0:[96m52% [92m1:[96m33%[39m [39m
2026-07-25 19:24:52,498 - Agent - INFO - [37mVal Epoch 31 step 31 with [31mce_loss_combined : 1.503523 [31mce_loss_c : 1.288256 [31mce_loss_g : 1.553420 [31mkl_synergy_rand_1 : 0.001772 [31mkl_synergy_rand_2 : 0.000126 [31mkl_synergy_1 : 0.001907 [31mkl_synergy_2 : 0.000098 [31mtotal : 1.507427 [31mdiag_kl_1 : 1.174344 [31mdiag_kl_2 : 0.282495 [94mAcc_combined: 64.93 [94mAcc_c: 48.13 [94mAcc_g: 65.30 [92mF1_combined: 65.19 [92mF1_c: 45.91 [92mF1_g: 65.68 [95mCEU_cue_audio: 0.4665 [95mCEU_cue_video: 0.6364 [95mCEU_synergy: 0.4074 [95mCEU_coexistence: 0.7858 [97mS:[93m40.7%[97m([91m8.2c[97m-[94mF1:36.5%) [97mU1:[93m46.7%[97m([91m5.2c[97m) [97mU2:[93m63.6%[97m([91m10.4c[97m) [97mR:[93m78.6%[97m([91m41.0c[97m) [97mS-L: [92m0:[96m43% [92m1:[96m33%[39m [39m
2026-07-25 19:24:55,780 - Agent - INFO - [37mVal Epoch 32 step 32 with [31mce_loss_combined : 1.813088 [31mce_loss_c : 1.151398 [31mce_loss_g : 1.682162 [31mkl_synergy_rand_1 : 0.002182 [31mkl_synergy_rand_2 : 0.000271 [31mkl_synergy_1 : 0.002341 [31mkl_synergy_2 : 0.000285 [31mtotal : 1.818167 [31mdiag_kl_1 : 1.366638 [31mdiag_kl_2 : 0.435070 [94mAcc_combined: 62.69 [94mAcc_c: 50.75 [94mAcc_g: 62.69 [92mF1_combined: 62.69 [92mF1_c: 47.62 [92mF1_g: 62.96 [95mCEU_cue_audio: 0.4665 [95mCEU_cue_video: 0.5907 [95mCEU_synergy: 0.4447 [95mCEU_coexistence: 0.7429 [97mS:[93m44.4%[97m([91m9.0c[97m-[94mF1:39.1%) [97mU1:[93m46.7%[97m([91m5.2c[97m) [97mU2:[93m59.1%[97m([91m9.7c[97m) [97mR:[93m74.3%[97m([91m38.8c[97m) [97mS-L: [92m0:[96m48% [92m1:[96m33%[39m [39m
2026-07-25 19:24:59,119 - Agent - INFO - [37mVal Epoch 33 step 33 with [31mce_loss_combined : 1.599568 [31mce_loss_c : 0.999174 [31mce_loss_g : 1.609138 [31mkl_synergy_rand_1 : 0.002093 [31mkl_synergy_rand_2 : 0.000337 [31mkl_synergy_1 : 0.002182 [31mkl_synergy_2 : 0.000321 [31mtotal : 1.604500 [31mdiag_kl_1 : 1.395090 [31mdiag_kl_2 : 0.409159 [94mAcc_combined: 64.18 [94mAcc_c: 54.48 [94mAcc_g: 63.43 [92mF1_combined: 64.18 [92mF1_c: 51.59 [92mF1_g: 63.97 [95mCEU_cue_audio: 0.5335 [95mCEU_cue_video: 0.6364 [95mCEU_synergy: 0.3702 [95mCEU_coexistence: 0.7714 [97mS:[93m37.0%[97m([91m7.5c[97m-[94mF1:33.8%) [97mU1:[93m53.3%[97m([91m6.0c[97m) [97mU2:[93m63.6%[97m([91m10.4c[97m) [97mR:[93m77.1%[97m([91m40.3c[97m) [97mS-L: [92m0:[96m38% [92m1:[96m33%[39m [39m
2026-07-25 19:25:02,444 - Agent - INFO - [37mVal Epoch 34 step 34 with [31mce_loss_combined : 1.511482 [31mce_loss_c : 1.332633 [31mce_loss_g : 1.611656 [31mkl_synergy_rand_1 : 0.001758 [31mkl_synergy_rand_2 : 0.000431 [31mkl_synergy_1 : 0.001717 [31mkl_synergy_2 : 0.000413 [31mtotal : 1.515801 [31mdiag_kl_1 : 1.319018 [31mdiag_kl_2 : 0.372384 [94mAcc_combined: 64.93 [94mAcc_c: 49.63 [94mAcc_g: 63.43 [92mF1_combined: 65.19 [92mF1_c: 48.67 [92mF1_g: 63.97 [95mCEU_cue_audio: 0.4665 [95mCEU_cue_video: 0.6364 [95mCEU_synergy: 0.3702 [95mCEU_coexistence: 0.7858 [97mS:[93m37.0%[97m([91m7.5c[97m-[94mF1:33.8%) [97mU1:[93m46.7%[97m([91m5.2c[97m) [97mU2:[93m63.6%[97m([91m10.4c[97m) [97mR:[93m78.6%[97m([91m41.0c[97m) [97mS-L: [92m0:[96m38% [92m1:[96m33%[39m [39m
2026-07-25 19:25:05,801 - Agent - INFO - [37mVal Epoch 35 step 35 with [31mce_loss_combined : 1.800247 [31mce_loss_c : 1.664023 [31mce_loss_g : 1.745930 [31mkl_synergy_rand_1 : 0.001630 [31mkl_synergy_rand_2 : 0.000318 [31mkl_synergy_1 : 0.001883 [31mkl_synergy_2 : 0.000331 [31mtotal : 1.804409 [31mdiag_kl_1 : 1.148613 [31mdiag_kl_2 : 0.403424 [94mAcc_combined: 62.69 [94mAcc_c: 42.54 [94mAcc_g: 62.69 [92mF1_combined: 62.69 [92mF1_c: 40.77 [92mF1_g: 63.24 [95mCEU_cue_audio: 0.4665 [95mCEU_cue_video: 0.5457 [95mCEU_synergy: 0.3702 [95mCEU_coexistence: 0.7858 [97mS:[93m37.0%[97m([91m7.5c[97m-[94mF1:33.8%) [97mU1:[93m46.7%[97m([91m5.2c[97m) [97mU2:[93m54.5%[97m([91m9.0c[97m) [97mR:[93m78.6%[97m([91m41.0c[97m) [97mS-L: [92m0:[96m38% [92m1:[96m33%[39m [39m
2026-07-25 19:25:09,128 - Agent - INFO - [37mVal Epoch 36 step 36 with [31mce_loss_combined : 1.617717 [31mce_loss_c : 1.330171 [31mce_loss_g : 1.642223 [31mkl_synergy_rand_1 : 0.001871 [31mkl_synergy_rand_2 : 0.000389 [31mkl_synergy_1 : 0.001880 [31mkl_synergy_2 : 0.000398 [31mtotal : 1.622255 [31mdiag_kl_1 : 1.321336 [31mdiag_kl_2 : 0.335205 [94mAcc_combined: 63.43 [94mAcc_c: 48.13 [94mAcc_g: 63.06 [92mF1_combined: 63.70 [92mF1_c: 45.91 [92mF1_g: 63.47 [95mCEU_cue_audio: 0.4000 [95mCEU_cue_video: 0.5907 [95mCEU_synergy: 0.3702 [95mCEU_coexistence: 0.8000 [97mS:[93m37.0%[97m([91m7.5c[97m-[94mF1:33.8%) [97mU1:[93m40.0%[97m([91m4.5c[97m) [97mU2:[93m59.1%[97m([91m9.7c[97m) [97mR:[93m80.0%[97m([91m41.8c[97m) [97mS-L: [92m0:[96m38% [92m1:[96m33%[39m [39m
2026-07-25 19:25:12,489 - Agent - INFO - [37mVal Epoch 37 step 37 with [31mce_loss_combined : 1.756377 [31mce_loss_c : 1.589892 [31mce_loss_g : 1.703867 [31mkl_synergy_rand_1 : 0.001613 [31mkl_synergy_rand_2 : 0.000843 [31mkl_synergy_1 : 0.001651 [31mkl_synergy_2 : 0.000876 [31mtotal : 1.761360 [31mdiag_kl_1 : 1.170726 [31mdiag_kl_2 : 0.476113 [94mAcc_combined: 58.21 [94mAcc_c: 48.88 [94mAcc_g: 61.57 [92mF1_combined: 59.71 [92mF1_c: 47.91 [92mF1_g: 62.55 [95mCEU_cue_audio: 0.4000 [95mCEU_cue_video: 0.5457 [95mCEU_synergy: 0.5186 [95mCEU_coexistence: 0.6715 [97mS:[93m51.9%[97m([91m10.4c[97m-[94mF1:44.2%) [97mU1:[93m40.0%[97m([91m4.5c[97m) [97mU2:[93m54.5%[97m([91m9.0c[97m) [97mR:[93m67.1%[97m([91m35.1c[97m) [97mS-L: [92m0:[96m57% [92m1:[96m33%[39m [39m
2026-07-25 19:25:15,866 - Agent - INFO - [37mVal Epoch 38 step 38 with [31mce_loss_combined : 1.548578 [31mce_loss_c : 1.843965 [31mce_loss_g : 1.389704 [31mkl_synergy_rand_1 : 0.001184 [31mkl_synergy_rand_2 : 0.000802 [31mkl_synergy_1 : 0.001177 [31mkl_synergy_2 : 0.000793 [31mtotal : 1.552534 [31mdiag_kl_1 : 1.201340 [31mdiag_kl_2 : 0.415249 [94mAcc_combined: 64.93 [94mAcc_c: 46.64 [94mAcc_g: 65.67 [92mF1_combined: 64.93 [92mF1_c: 45.63 [92mF1_g: 66.18 [95mCEU_cue_audio: 0.4665 [95mCEU_cue_video: 0.6364 [95mCEU_synergy: 0.3702 [95mCEU_coexistence: 0.8000 [97mS:[93m37.0%[97m([91m7.5c[97m-[94mF1:33.8%) [97mU1:[93m46.7%[97m([91m5.2c[97m) [97mU2:[93m63.6%[97m([91m10.4c[97m) [97mR:[93m80.0%[97m([91m41.8c[97m) [97mS-L: [92m0:[96m38% [92m1:[96m33%[39m [39m
2026-07-25 19:25:19,203 - Agent - INFO - [37mVal Epoch 39 step 39 with [31mce_loss_combined : 1.586160 [31mce_loss_c : 1.433760 [31mce_loss_g : 1.533881 [31mkl_synergy_rand_1 : 0.001670 [31mkl_synergy_rand_2 : 0.000886 [31mkl_synergy_1 : 0.001697 [31mkl_synergy_2 : 0.000830 [31mtotal : 1.591244 [31mdiag_kl_1 : 1.303938 [31mdiag_kl_2 : 0.357782 [94mAcc_combined: 63.06 [94mAcc_c: 48.51 [94mAcc_g: 62.69 [92mF1_combined: 63.20 [92mF1_c: 46.92 [92mF1_g: 63.77 [95mCEU_cue_audio: 0.4000 [95mCEU_cue_video: 0.5457 [95mCEU_synergy: 0.4814 [95mCEU_coexistence: 0.7714 [97mS:[93m48.1%[97m([91m9.7c[97m-[94mF1:41.7%) [97mU1:[93m40.0%[97m([91m4.5c[97m) [97mU2:[93m54.5%[97m([91m9.0c[97m) [97mR:[93m77.1%[97m([91m40.3c[97m) [97mS-L: [92m0:[96m52% [92m1:[96m33%[39m [39m
2026-07-25 19:25:22,489 - Agent - INFO - [37mVal Epoch 40 step 40 with [31mce_loss_combined : 1.687271 [31mce_loss_c : 1.809701 [31mce_loss_g : 1.456511 [31mkl_synergy_rand_1 : 0.001007 [31mkl_synergy_rand_2 : 0.000841 [31mkl_synergy_1 : 0.001094 [31mkl_synergy_2 : 0.000797 [31mtotal : 1.691010 [31mdiag_kl_1 : 1.165200 [31mdiag_kl_2 : 0.357840 [94mAcc_combined: 55.97 [94mAcc_c: 43.28 [94mAcc_g: 63.81 [92mF1_combined: 58.74 [92mF1_c: 42.86 [92mF1_g: 65.23 [95mCEU_cue_audio: 0.4665 [95mCEU_cue_video: 0.5457 [95mCEU_synergy: 0.3335 [95mCEU_coexistence: 0.7000 [97mS:[93m33.3%[97m([91m6.7c[97m-[94mF1:28.5%) [97mU1:[93m46.7%[97m([91m5.2c[97m) [97mU2:[93m54.5%[97m([91m9.0c[97m) [97mR:[93m70.0%[97m([91m36.6c[97m) [97mS-L: [92m0:[96m38% [92m1:[96m17%[39m [39m
2026-07-25 19:25:25,855 - Agent - INFO - [37mVal Epoch 41 step 41 with [31mce_loss_combined : 1.618772 [31mce_loss_c : 1.726998 [31mce_loss_g : 1.490937 [31mkl_synergy_rand_1 : 0.001105 [31mkl_synergy_rand_2 : 0.000705 [31mkl_synergy_1 : 0.001145 [31mkl_synergy_2 : 0.000613 [31mtotal : 1.622340 [31mdiag_kl_1 : 1.313127 [31mdiag_kl_2 : 0.415206 [94mAcc_combined: 62.69 [94mAcc_c: 48.88 [94mAcc_g: 63.81 [92mF1_combined: 64.29 [92mF1_c: 48.69 [92mF1_g: 64.73 [95mCEU_cue_audio: 0.4665 [95mCEU_cue_video: 0.5907 [95mCEU_synergy: 0.3335 [95mCEU_coexistence: 0.8000 [97mS:[93m33.3%[97m([91m6.7c[97m-[94mF1:28.5%) [97mU1:[93m46.7%[97m([91m5.2c[97m) [97mU2:[93m59.1%[97m([91m9.7c[97m) [97mR:[93m80.0%[97m([91m41.8c[97m) [97mS-L: [92m0:[96m38% [92m1:[96m17%[39m [39m
2026-07-25 19:25:29,174 - Agent - INFO - [37mVal Epoch 42 step 42 with [31mce_loss_combined : 1.684768 [31mce_loss_c : 1.452804 [31mce_loss_g : 1.581776 [31mkl_synergy_rand_1 : 0.001517 [31mkl_synergy_rand_2 : 0.000447 [31mkl_synergy_1 : 0.001490 [31mkl_synergy_2 : 0.000407 [31mtotal : 1.688630 [31mdiag_kl_1 : 1.387003 [31mdiag_kl_2 : 0.379904 [94mAcc_combined: 64.18 [94mAcc_c: 51.12 [94mAcc_g: 64.55 [92mF1_combined: 64.44 [92mF1_c: 48.63 [92mF1_g: 65.20 [95mCEU_cue_audio: 0.5335 [95mCEU_cue_video: 0.5907 [95mCEU_synergy: 0.3702 [95mCEU_coexistence: 0.7858 [97mS:[93m37.0%[97m([91m7.5c[97m-[94mF1:33.8%) [97mU1:[93m53.3%[97m([91m6.0c[97m) [97mU2:[93m59.1%[97m([91m9.7c[97m) [97mR:[93m78.6%[97m([91m41.0c[97m) [97mS-L: [92m0:[96m38% [92m1:[96m33%[39m [39m
2026-07-25 19:25:32,516 - Agent - INFO - [37mVal Epoch 43 step 43 with [31mce_loss_combined : 1.657494 [31mce_loss_c : 1.821539 [31mce_loss_g : 1.621862 [31mkl_synergy_rand_1 : 0.001442 [31mkl_synergy_rand_2 : 0.000413 [31mkl_synergy_1 : 0.001542 [31mkl_synergy_2 : 0.000421 [31mtotal : 1.661312 [31mdiag_kl_1 : 1.313012 [31mdiag_kl_2 : 0.402879 [94mAcc_combined: 64.93 [94mAcc_c: 44.40 [94mAcc_g: 64.55 [92mF1_combined: 65.19 [92mF1_c: 43.35 [92mF1_g: 64.94 [95mCEU_cue_audio: 0.5335 [95mCEU_cue_video: 0.5907 [95mCEU_synergy: 0.4074 [95mCEU_coexistence: 0.7714 [97mS:[93m40.7%[97m([91m8.2c[97m-[94mF1:36.5%) [97mU1:[93m53.3%[97m([91m6.0c[97m) [97mU2:[93m59.1%[97m([91m9.7c[97m) [97mR:[93m77.1%[97m([91m40.3c[97m) [97mS-L: [92m0:[96m43% [92m1:[96m33%[39m [39m
2026-07-25 19:25:35,842 - Agent - INFO - [37mVal Epoch 44 step 44 with [31mce_loss_combined : 1.590277 [31mce_loss_c : 1.769501 [31mce_loss_g : 1.534143 [31mkl_synergy_rand_1 : 0.001397 [31mkl_synergy_rand_2 : 0.000333 [31mkl_synergy_1 : 0.001456 [31mkl_synergy_2 : 0.000302 [31mtotal : 1.593765 [31mdiag_kl_1 : 1.360497 [31mdiag_kl_2 : 0.432186 [94mAcc_combined: 64.18 [94mAcc_c: 47.01 [94mAcc_g: 65.67 [92mF1_combined: 65.22 [92mF1_c: 46.62 [92mF1_g: 65.93 [95mCEU_cue_audio: 0.5335 [95mCEU_cue_video: 0.5907 [95mCEU_synergy: 0.4074 [95mCEU_coexistence: 0.8143 [97mS:[93m40.7%[97m([91m8.2c[97m-[94mF1:36.5%) [97mU1:[93m53.3%[97m([91m6.0c[97m) [97mU2:[93m59.1%[97m([91m9.7c[97m) [97mR:[93m81.4%[97m([91m42.5c[97m) [97mS-L: [92m0:[96m43% [92m1:[96m33%[39m [39m
2026-07-25 19:25:39,181 - Agent - INFO - [37mVal Epoch 45 step 45 with [31mce_loss_combined : 1.833843 [31mce_loss_c : 1.705732 [31mce_loss_g : 1.572061 [31mkl_synergy_rand_1 : 0.001522 [31mkl_synergy_rand_2 : 0.000234 [31mkl_synergy_1 : 0.001584 [31mkl_synergy_2 : 0.000209 [31mtotal : 1.837391 [31mdiag_kl_1 : 1.474611 [31mdiag_kl_2 : 0.388549 [94mAcc_combined: 64.18 [94mAcc_c: 42.54 [94mAcc_g: 65.30 [92mF1_combined: 64.44 [92mF1_c: 40.77 [92mF1_g: 65.43 [95mCEU_cue_audio: 0.6000 [95mCEU_cue_video: 0.5907 [95mCEU_synergy: 0.4074 [95mCEU_coexistence: 0.7571 [97mS:[93m40.7%[97m([91m8.2c[97m-[94mF1:36.5%) [97mU1:[93m60.0%[97m([91m6.7c[97m) [97mU2:[93m59.1%[97m([91m9.7c[97m) [97mR:[93m75.7%[97m([91m39.6c[97m) [97mS-L: [92m0:[96m43% [92m1:[96m33%[39m [39m
2026-07-25 19:25:42,512 - Agent - INFO - [37mVal Epoch 46 step 46 with [31mce_loss_combined : 1.756883 [31mce_loss_c : 1.755274 [31mce_loss_g : 1.576867 [31mkl_synergy_rand_1 : 0.001555 [31mkl_synergy_rand_2 : 0.000248 [31mkl_synergy_1 : 0.001622 [31mkl_synergy_2 : 0.000242 [31mtotal : 1.760550 [31mdiag_kl_1 : 1.394444 [31mdiag_kl_2 : 0.357103 [94mAcc_combined: 60.45 [94mAcc_c: 42.91 [94mAcc_g: 65.30 [92mF1_combined: 60.74 [92mF1_c: 42.26 [92mF1_g: 65.68 [95mCEU_cue_audio: 0.6000 [95mCEU_cue_video: 0.4543 [95mCEU_synergy: 0.3702 [95mCEU_coexistence: 0.7571 [97mS:[93m37.0%[97m([91m7.5c[97m-[94mF1:31.0%) [97mU1:[93m60.0%[97m([91m6.7c[97m) [97mU2:[93m45.5%[97m([91m7.5c[97m) [97mR:[93m75.7%[97m([91m39.6c[97m) [97mS-L: [92m0:[96m43% [92m1:[96m17%[39m [39m
2026-07-25 19:25:45,856 - Agent - INFO - [37mVal Epoch 47 step 47 with [31mce_loss_combined : 1.663800 [31mce_loss_c : 1.466151 [31mce_loss_g : 1.600837 [31mkl_synergy_rand_1 : 0.001491 [31mkl_synergy_rand_2 : 0.000176 [31mkl_synergy_1 : 0.001612 [31mkl_synergy_2 : 0.000165 [31mtotal : 1.667244 [31mdiag_kl_1 : 1.417202 [31mdiag_kl_2 : 0.320040 [94mAcc_combined: 64.18 [94mAcc_c: 45.15 [94mAcc_g: 65.30 [92mF1_combined: 64.18 [92mF1_c: 42.80 [92mF1_g: 65.93 [95mCEU_cue_audio: 0.6000 [95mCEU_cue_video: 0.5457 [95mCEU_synergy: 0.4074 [95mCEU_coexistence: 0.7714 [97mS:[93m40.7%[97m([91m8.2c[97m-[94mF1:36.5%) [97mU1:[93m60.0%[97m([91m6.7c[97m) [97mU2:[93m54.5%[97m([91m9.0c[97m) [97mR:[93m77.1%[97m([91m40.3c[97m) [97mS-L: [92m0:[96m43% [92m1:[96m33%[39m [39m
2026-07-25 19:25:49,189 - Agent - INFO - [37mVal Epoch 48 step 48 with [31mce_loss_combined : 1.678690 [31mce_loss_c : 1.637264 [31mce_loss_g : 1.603424 [31mkl_synergy_rand_1 : 0.001614 [31mkl_synergy_rand_2 : 0.000221 [31mkl_synergy_1 : 0.001669 [31mkl_synergy_2 : 0.000220 [31mtotal : 1.682414 [31mdiag_kl_1 : 1.385742 [31mdiag_kl_2 : 0.338750 [94mAcc_combined: 63.06 [94mAcc_c: 44.78 [94mAcc_g: 65.67 [92mF1_combined: 63.20 [92mF1_c: 42.64 [92mF1_g: 66.18 [95mCEU_cue_audio: 0.6000 [95mCEU_cue_video: 0.5000 [95mCEU_synergy: 0.4074 [95mCEU_coexistence: 0.7714 [97mS:[93m40.7%[97m([91m8.2c[97m-[94mF1:36.5%) [97mU1:[93m60.0%[97m([91m6.7c[97m) [97mU2:[93m50.0%[97m([91m8.2c[97m) [97mR:[93m77.1%[97m([91m40.3c[97m) [97mS-L: [92m0:[96m43% [92m1:[96m33%[39m [39m
2026-07-25 19:25:52,511 - Agent - INFO - [37mVal Epoch 49 step 49 with [31mce_loss_combined : 1.623579 [31mce_loss_c : 1.719209 [31mce_loss_g : 1.665380 [31mkl_synergy_rand_1 : 0.001279 [31mkl_synergy_rand_2 : 0.000258 [31mkl_synergy_1 : 0.001426 [31mkl_synergy_2 : 0.000242 [31mtotal : 1.626783 [31mdiag_kl_1 : 1.320830 [31mdiag_kl_2 : 0.375590 [94mAcc_combined: 64.93 [94mAcc_c: 47.01 [94mAcc_g: 65.67 [92mF1_combined: 64.93 [92mF1_c: 46.21 [92mF1_g: 65.67 [95mCEU_cue_audio: 0.6000 [95mCEU_cue_video: 0.5907 [95mCEU_synergy: 0.4074 [95mCEU_coexistence: 0.7714 [97mS:[93m40.7%[97m([91m8.2c[97m-[94mF1:36.5%) [97mU1:[93m60.0%[97m([91m6.7c[97m) [97mU2:[93m59.1%[97m([91m9.7c[97m) [97mR:[93m77.1%[97m([91m40.3c[97m) [97mS-L: [92m0:[96m43% [92m1:[96m33%[39m [39m
2026-07-25 19:25:55,856 - Agent - INFO - [37mVal Epoch 50 step 50 with [31mce_loss_combined : 1.652501 [31mce_loss_c : 1.612774 [31mce_loss_g : 1.623773 [31mkl_synergy_rand_1 : 0.001727 [31mkl_synergy_rand_2 : 0.000231 [31mkl_synergy_1 : 0.001785 [31mkl_synergy_2 : 0.000203 [31mtotal : 1.656447 [31mdiag_kl_1 : 1.422421 [31mdiag_kl_2 : 0.392914 [94mAcc_combined: 63.81 [94mAcc_c: 48.13 [94mAcc_g: 65.67 [92mF1_combined: 64.21 [92mF1_c: 47.55 [92mF1_g: 65.67 [95mCEU_cue_audio: 0.6000 [95mCEU_cue_video: 0.5907 [95mCEU_synergy: 0.4074 [95mCEU_coexistence: 0.7714 [97mS:[93m40.7%[97m([91m8.2c[97m-[94mF1:36.5%) [97mU1:[93m60.0%[97m([91m6.7c[97m) [97mU2:[93m59.1%[97m([91m9.7c[97m) [97mR:[93m77.1%[97m([91m40.3c[97m) [97mS-L: [92m0:[96m43% [92m1:[96m33%[39m [39m
2026-07-25 19:26:00,378 - Agent - INFO - [37mVal Epoch 51 step 51 with [31mce_loss_combined : 1.687623 [31mce_loss_c : 1.845677 [31mce_loss_g : 1.571745 [31mkl_synergy_rand_1 : 0.001189 [31mkl_synergy_rand_2 : 0.000228 [31mkl_synergy_1 : 0.001292 [31mkl_synergy_2 : 0.000240 [31mtotal : 1.690570 [31mdiag_kl_1 : 1.308578 [31mdiag_kl_2 : 0.388668 [94mAcc_combined: 64.18 [94mAcc_c: 42.16 [94mAcc_g: 65.30 [92mF1_combined: 64.44 [92mF1_c: 40.15 [92mF1_g: 65.43 [95mCEU_cue_audio: 0.6000 [95mCEU_cue_video: 0.5457 [95mCEU_synergy: 0.4074 [95mCEU_coexistence: 0.7571 [97mS:[93m40.7%[97m([91m8.2c[97m-[94mF1:36.5%) [97mU1:[93m60.0%[97m([91m6.7c[97m) [97mU2:[93m54.5%[97m([91m9.0c[97m) [97mR:[93m75.7%[97m([91m39.6c[97m) [97mS-L: [92m0:[96m43% [92m1:[96m33%[39m [39m
2026-07-25 19:26:03,732 - Agent - INFO - [37mVal Epoch 52 step 52 with [31mce_loss_combined : 1.547321 [31mce_loss_c : 1.634697 [31mce_loss_g : 1.557008 [31mkl_synergy_rand_1 : 0.001701 [31mkl_synergy_rand_2 : 0.000189 [31mkl_synergy_1 : 0.001763 [31mkl_synergy_2 : 0.000165 [31mtotal : 1.551139 [31mdiag_kl_1 : 1.471679 [31mdiag_kl_2 : 0.400104 [94mAcc_combined: 64.18 [94mAcc_c: 49.25 [94mAcc_g: 65.30 [92mF1_combined: 64.18 [92mF1_c: 47.69 [92mF1_g: 65.43 [95mCEU_cue_audio: 0.6000 [95mCEU_cue_video: 0.5457 [95mCEU_synergy: 0.4074 [95mCEU_coexistence: 0.7714 [97mS:[93m40.7%[97m([91m8.2c[97m-[94mF1:36.5%) [97mU1:[93m60.0%[97m([91m6.7c[97m) [97mU2:[93m54.5%[97m([91m9.0c[97m) [97mR:[93m77.1%[97m([91m40.3c[97m) [97mS-L: [92m0:[96m43% [92m1:[96m33%[39m [39m
2026-07-25 19:26:07,088 - Agent - INFO - [37mVal Epoch 53 step 53 with [31mce_loss_combined : 1.627578 [31mce_loss_c : 1.937950 [31mce_loss_g : 1.544838 [31mkl_synergy_rand_1 : 0.001283 [31mkl_synergy_rand_2 : 0.000317 [31mkl_synergy_1 : 0.001280 [31mkl_synergy_2 : 0.000303 [31mtotal : 1.630762 [31mdiag_kl_1 : 1.250776 [31mdiag_kl_2 : 0.300125 [94mAcc_combined: 57.84 [94mAcc_c: 44.40 [94mAcc_g: 64.93 [92mF1_combined: 59.21 [92mF1_c: 43.77 [92mF1_g: 65.44 [95mCEU_cue_audio: 0.4665 [95mCEU_cue_video: 0.5457 [95mCEU_synergy: 0.4074 [95mCEU_coexistence: 0.6857 [97mS:[93m40.7%[97m([91m8.2c[97m-[94mF1:36.5%) [97mU1:[93m46.7%[97m([91m5.2c[97m) [97mU2:[93m54.5%[97m([91m9.0c[97m) [97mR:[93m68.6%[97m([91m35.8c[97m) [97mS-L: [92m0:[96m43% [92m1:[96m33%[39m [39m
2026-07-25 19:26:10,434 - Agent - INFO - [37mVal Epoch 54 step 54 with [31mce_loss_combined : 1.678493 [31mce_loss_c : 1.933469 [31mce_loss_g : 1.643060 [31mkl_synergy_rand_1 : 0.001692 [31mkl_synergy_rand_2 : 0.000306 [31mkl_synergy_1 : 0.001683 [31mkl_synergy_2 : 0.000297 [31mtotal : 1.682472 [31mdiag_kl_1 : 1.381886 [31mdiag_kl_2 : 0.292755 [94mAcc_combined: 63.43 [94mAcc_c: 43.66 [94mAcc_g: 65.30 [92mF1_combined: 63.43 [92mF1_c: 42.59 [92mF1_g: 65.43 [95mCEU_cue_audio: 0.5335 [95mCEU_cue_video: 0.5907 [95mCEU_synergy: 0.4447 [95mCEU_coexistence: 0.7429 [97mS:[93m44.4%[97m([91m9.0c[97m-[94mF1:39.1%) [97mU1:[93m53.3%[97m([91m6.0c[97m) [97mU2:[93m59.1%[97m([91m9.7c[97m) [97mR:[93m74.3%[97m([91m38.8c[97m) [97mS-L: [92m0:[96m48% [92m1:[96m33%[39m [39m
2026-07-25 19:26:10,896 - Agent - INFO - We are in the final state.
2026-07-25 19:26:11,069 - root - INFO - Loaded best model from best_model_accuracy_state_dict
2026-07-25 19:26:11,923 - Agent - INFO - [37mVal Epoch 54 step 0 with [31mce_loss_combined : 1.228236 [31mce_loss_c : 1.414124 [31mce_loss_g : 1.282458 [31mkl_synergy_rand_1 : 0.001793 [31mkl_synergy_rand_2 : 0.000564 [31mkl_synergy_1 : 0.001813 [31mkl_synergy_2 : 0.000572 [31mtotal : 1.232978 [31mdiag_kl_1 : 1.172976 [31mdiag_kl_2 : 0.344884 [94mAcc_combined: 69.03 [94mAcc_c: 47.01 [94mAcc_g: 69.03 [92mF1_combined: 69.14 [92mF1_c: 45.80 [92mF1_g: 69.37 [95mCEU_cue_audio: 0.5335 [95mCEU_cue_video: 0.7272 [95mCEU_synergy: 0.4074 [95mCEU_coexistence: 0.8285 [97mS:[93m40.7%[97m([91m8.2c[97m-[94mF1:36.5%) [97mU1:[93m53.3%[97m([91m6.0c[97m) [97mU2:[93m72.7%[97m([91m11.9c[97m) [97mR:[93m82.9%[97m([91m43.3c[97m) [97mS-L: [92m0:[96m43% [92m1:[96m33%[39m [39m
2026-07-25 19:26:12,740 - Agent - INFO - [37mTest Epoch 54 step 0 with [31mce_loss_combined : 1.634261 [31mce_loss_c : 1.125689 [31mce_loss_g : 1.864907 [31mkl_synergy_rand_1 : 0.001919 [31mkl_synergy_rand_2 : 0.001169 [31mkl_synergy_1 : 0.001919 [31mkl_synergy_2 : 0.001230 [31mtotal : 1.640497 [31mdiag_kl_1 : 1.051947 [31mdiag_kl_2 : 0.485059 [94mAcc_combined: 58.96 [94mAcc_c: 54.10 [94mAcc_g: 58.21 [92mF1_combined: 59.26 [92mF1_c: 51.76 [92mF1_g: 58.82 [95mCEU_cue_audio: 0.5000 [95mCEU_cue_video: 0.8695 [95mCEU_synergy: 0.2820 [95mCEU_coexistence: 0.7069 [97mS:[93m28.2%[97m([91m8.2c[97m-[94mF1:25.8%) [97mU1:[93m50.0%[97m([91m5.2c[97m) [97mU2:[93m87.0%[97m([91m14.9c[97m) [97mR:[93m70.7%[97m([91m30.6c[97m) [97mS-L: [92m0:[96m26% [92m1:[96m50%[39m [39m
2026-07-25 19:26:13,943 - Agent - INFO - [37mModel saved successfully at: ./artifacts/models/multibench/mustard/vt/SynIB_RMask_REFABL_mustard_lam2x_fold0_l0.002_perturbrandom_fillema_pmin0.1_refunimodal_anchor_lr0.0005_wd0.001.pth.tar[39m
Job finished
