Starting SynIB reference-ablation job
Python 3.12.12
/esat/smcdata/users/kkontras/Image_Dataset/no_backup/git/SynIB  (git 9191f76)
GPU 0: NVIDIA GeForce RTX 3090 (UUID: GPU-6bef2f8b-4062-0ce2-2e9a-8789a5b28b9a)
Executing: PYTHONPATH=src /esat/smcdata/users/kkontras/Image_Dataset/no_backup/envs/synergy/bin/python -m synib.entrypoints.train --config run/configs/rebuttal_ref_ablation/cremad_synib_u.json --default_config run/configs/rebuttal_ref_ablation/cremad_default.json --fold 0 --ironic_rate 0.5 --rmask random --l 1.0 --perturb_pmin 0.20 --perturb_fill ema --reference_type unimodal_anchor --ref_diag --start_over --tag REFABL_cremad
Namespace(config='run/configs/rebuttal_ref_ablation/cremad_synib_u.json', default_config='run/configs/rebuttal_ref_ablation/cremad_default.json', fold='0', alpha=None, tanh_mode_beta=None, regby=None, batch_size=None, l='1.0', multil=None, lib=None, kmepoch=None, num_samples=None, contrcoeff=None, contr_type=None, shuffle_type=None, validate_with=None, num_classes=None, optim_method=None, ending_epoch=None, load_ongoing=None, recon_weight1=None, recon_weight2=None, recon_epochstages=None, recon_ensemblestages=None, lr=None, wd=None, cls=None, ironic_rate='0.5', perturb='random', perturb_fill='ema', perturb_pmax=None, perturb_pmin='0.20', perturb_lsparse=None, rmask='random', pmin=None, pmax=None, lsparse=None, debug_mask_stats=False, pre=False, frozen=False, tdqm_disable=False, start_over=True, no_model_save=False, num_layers=None, grad_accum=None, init_from=None, init_strict=False, perturb_lsparse_sign=None, l_anneal_epochs=None, perturb_steps=None, perturb_lsparse_warmup=None, perturb_lsparse_schedule=None, persist_ell=False, save_masks=False, penalty_swap=False, disable_ce_random=False, disable_kl_learned=False, masking_only=False, modality_dropout=None, modality_dropout_target=None, l_z1_masked=None, l_z2_masked=None, l_pareto=None, reference_type='unimodal_anchor', ref_diag=True, ref_ema_decay=None, tag='REFABL_cremad')
2026-07-25 18:35:32,097 - Config - INFO - run/configs/rebuttal_ref_ablation/cremad_synib_u.json
2026-07-25 18:35:32,099 - Config - INFO -  THE Configuration of your experiment ..
{'agent': 'Agent',
 'dataset': {'data_roots': './data/CremaD/CREMA-D',
             'data_split': {'fold': 0, 'method': 'non_inclusive'},
             'dataloader_class': 'IronyCremadDataloader',
             'fps': 1,
             'ironic_label_name': 'SARCASM',
             'ironic_modes': ['train', 'val', 'test'],
             'ironic_rate': 1.0,
             'norm': False,
             'norm_face_path': './src/synib/mydatasets/Irony_Cremad/assets/norms/norm_face_path_fold{}.pkl',
             'norm_wav_path': './src/synib/mydatasets/Irony_Cremad/assets/norms/wav_norm_22050_fold{}.pkl',
             'num_frame': 3,
             'return_data': {'audio': False,
                             'face': False,
                             'spectrogram': True,
                             'video': True},
             'sampling_rate': 22050},
 'early_stopping': {'end_of_epoch_check': True,
                    'log_interval': 10,
                    'max_epoch': 1500,
                    'n_steps_stop': 30,
                    'n_steps_stop_after': 0,
                    'save_every_step': 3000,
                    'save_every_valstep': 10,
                    'validate_after': 0,
                    'validate_every': 25,
                    'validate_with': 'accuracy'},
 'exp_name': 'CREMAD Experiment',
 'model': {'args': {'bias_infusion': {'contrcoeff': 0.0, 'l': 1.0},
                    'cls_type': 'mlp',
                    'd_model': 512,
                    'dropout': 0.1,
                    'fc_inner': 64,
                    'in_dim': 64,
                    'multi_loss': {'multi_supervised_w': {'c': 1,
                                                          'combined': 1,
                                                          'g': 1}},
                    'norm_decision': False,
                    'num_classes': 7,
                    'synergy_type': 'unimodal_anchor'},
           'ceu': {'test': './artifacts/ceus/cremad/cremadplus_ceu_test_res_{}.pkl',
                   'val': './artifacts/ceus/cremad/cremadplus_ceu_val_res_{}.pkl'},
           'encoders': [{'args': {'d_model': 512,
                                  'dropout': 0.1,
                                  'fc_inner': 64,
                                  'freeze_encoder': False,
                                  'num_classes': 7},
                         'model': 'Audio_ResNet',
                         'name': 'enc_0_modality1_encoder',
                         'pretrainedEncoder': {'dir': 'unimodal_audio_fold{}_ir1.0_lr0.001_wd0.0001_clsmlp_bs64.pth.tar',
                                               'use': True},
                         'save_encoder': False},
                        {'args': {'d_model': 512,
                                  'dropout': 0.1,
                                  'fc_inner': 64,
                                  'freeze_encoder': False,
                                  'num_classes': 7},
                         'model': 'Video_ResNet',
                         'name': 'enc_1_modality2_encoder',
                         'pretrainedEncoder': {'dir': 'unimodal_video_fold{}_ir1.0_lr0.0001_wd0.0001_clsmlp_bs64.pth.tar',
                                               'use': True},
                         'save_encoder': False},
                        {'args': {'d_model': 512,
                                  'dropout': 0.1,
                                  'fc_inner': 64,
                                  'freeze_encoder': False},
                         'model': 'FusionTrunkLinear',
                         'name': 'enc_2_fusion_trunk',
                         'pretrainedEncoder': {'dir': 'enc_2_fusion_trunk_fold{}.pth.tar',
                                               'use': False},
                         'save_encoder': False},
                        {'args': {'freeze_encoder': False,
                                  'in_dim': 64,
                                  'num_classes': 7},
                         'model': 'LinearHead',
                         'name': 'enc_3_fusion_head',
                         'pretrainedEncoder': {'dir': 'enc_3_fusion_head_fold{}.pth.tar',
                                               'use': False},
                         'save_encoder': False},
                        {'args': {'dropout': 0.1,
                                  'freeze_encoder': False,
                                  'hidden_dim': 64,
                                  'in_dim': 512,
                                  'num_classes': 7},
                         'model': 'MLPHead',
                         'name': 'enc_4_unimodal_head_1',
                         'pretrainedEncoder': {'dir': 'enc_4_unimodal1_fold{}.pth.tar',
                                               'use': False},
                         'save_encoder': False},
                        {'args': {'dropout': 0.1,
                                  'freeze_encoder': False,
                                  'hidden_dim': 64,
                                  'in_dim': 512,
                                  'num_classes': 7},
                         'model': 'MLPHead',
                         'name': 'enc_5_unimodal_head_2',
                         'pretrainedEncoder': {'dir': 'enc_5_unimodal2_fold{}.pth.tar',
                                               'use': False},
                         'save_encoder': False}],
           'load_ongoing': False,
           'model_class': 'FusionIBModel_Mask_U',
           'save_base_dir': './data/data/2025_data/synergy/CremadPlus/v2',
           'save_dir': 'SynIB_RMask_U_{}.pth.tar'},
 'optimizer': {'beta1': 0.9,
               'beta2': 0.999,
               'learning_rate': 1e-05,
               'momentum': 0.9,
               'type': 'Adam',
               'weight_decay': 1e-05},
 'scheduler': {'max_lr': 0.03, 'type': 'cosanneal', 'warm_up_steps': 780},
 'training_params': {'async_loading': True,
                     'batch_size': 128,
                     'cuda': True,
                     'data_loader_workers': 8,
                     'gpu_device': [0],
                     'pin_memory': False,
                     'rec_test': True,
                     'res': True,
                     'seed': 109,
                     'tdqm_disable': False,
                     'test_batch_size': 128,
                     'test_on_bottoms': True,
                     'use_test_set': True,
                     'validation': True,
                     'verbose': True,
                     'wandb_disable': False}}
2026-07-25 18:35:32,102 - Config - INFO -  *************************************** 
2026-07-25 18:35:32,102 - Config - INFO - The experiment name is CREMAD Experiment
2026-07-25 18:35:32,102 - Config - INFO -  *************************************** 
2026-07-25 18:35:32,102 - root - INFO - save_dir: SynIB_RMask_U_REFABL_cremad_fold0_l1.0_ir0.5_perturbrandom_fillema_pmin0.20_refunimodal_anchor.pth.tar
2026-07-25 18:35:32,232 - Cuda Statistics - INFO - __Python VERSION:  3.12.12 | packaged by Anaconda, Inc. | (main, Oct 21 2025, 20:16:04) [GCC 11.2.0]
2026-07-25 18:35:32,233 - Cuda Statistics - INFO - __pyTorch VERSION:  2.7.1+cu118
2026-07-25 18:35:32,233 - Cuda Statistics - INFO - __CUDA VERSION
2026-07-25 18:35:32,240 - Cuda Statistics - INFO - __CUDNN VERSION:  90100
2026-07-25 18:35:32,268 - Cuda Statistics - INFO - __Number CUDA Devices:  1
2026-07-25 18:35:32,268 - Cuda Statistics - INFO - __Devices
2026-07-25 18:35:32,268 - Cuda Statistics - INFO - index, name, driver_version, memory.total [MiB], memory.used [MiB], memory.free [MiB]
2026-07-25 18:35:32,268 - Cuda Statistics - INFO - 0, NVIDIA GeForce RTX 3090, 610.43.03, 24576 MiB, 4 MiB, 24120 MiB
2026-07-25 18:35:32,272 - Cuda Statistics - INFO - Active CUDA Device: GPU 0
2026-07-25 18:35:32,272 - Cuda Statistics - INFO - Available devices  1
2026-07-25 18:35:32,272 - Cuda Statistics - INFO - Current cuda device  0
2026-07-25 18:35:33,913 - IronyCremadDataset - INFO - Loaded wav norm from ./src/synib/mydatasets/Irony_Cremad/assets/norms/wav_norm_22050_fold0.pkl
2026-07-25 18:35:34,248 - IronyCremadDataset - INFO - Loaded wav norm from ./src/synib/mydatasets/Irony_Cremad/assets/norms/wav_norm_22050_fold0.pkl
2026-07-25 18:35:34,616 - IronyCremadDataset - INFO - Loaded wav norm from ./src/synib/mydatasets/Irony_Cremad/assets/norms/wav_norm_22050_fold0.pkl
2026-07-25 18:35:34,624 - Agent - INFO - Device: cuda:0
2026-07-25 18:35:34,624 - Agent - INFO - Total training batches: 32, validate every 25 batches, steps per epoch: 2
2026-07-25 18:35:34,719 - Agent - INFO - Loss Weights are {'total': 1, 'combined': 1, 'c': 1, 'g': 1}
2026-07-25 18:35:34,720 - root - INFO - There is no CEU for train
2026-07-25 18:35:34,721 - root - INFO - There is no CEU for val
2026-07-25 18:35:34,721 - root - INFO - There is no CEU for test
{'d_model': 512, 'num_classes': 7, 'fc_inner': 64, 'dropout': 0.1, 'freeze_encoder': False}
2026-07-25 18:35:35,373 - root - INFO - Loading enc best model state dict from ./data/data/2025_data/synergy/CremadPlus/v2/unimodal_audio_fold0_ir0.5_lr0.001_wd0.0001_clsmlp_bs64.pth.tar
2026-07-25 18:35:36,052 - root - INFO - Loading enc best model state dict from ./data/data/2025_data/synergy/CremadPlus/v2/unimodal_video_fold0_ir0.5_lr0.0001_wd0.0001_clsmlp_bs64.pth.tar
2026-07-25 18:35:36,367 - Agent - INFO - Total number of trainable parameters are: 67194431
2026-07-25 18:35:36,376 - Agent - INFO - Total number of trainable parameters are: 22486563
2026-07-25 18:37:15,468 - Evaluator - INFO - New best with loss-accuracy-
2026-07-25 18:37:15,468 - Agent - INFO - [37mVal Epoch 1 step 1 with [31mce_loss_combined : 1.769235 [31mce_loss_c : 1.970915 [31mce_loss_g : 2.656344 [31mkl_synergy_rand_1 : 1.328100 [31mkl_synergy_rand_2 : 1.180085 [31mkl_synergy_1 : 1.326182 [31mkl_synergy_2 : 1.175156 [31mtotal : 6.778756 [31mdiag_kl_1 : 1.328678 [31mdiag_kl_2 : 1.183613 [94mAcc_combined: 45.79 [94mAcc_c: 56.61 [94mAcc_g: 44.08 [92mF1_combined: 37.58 [92mF1_c: 52.59 [92mF1_g: 37.27 [39m
2026-07-25 18:37:15,483 - Agent - INFO - [37mTest Epoch 1 step 1 with [31mce_loss_combined : 1.795789 [31mce_loss_c : 2.568171 [31mce_loss_g : 2.565478 [31mkl_synergy_rand_1 : 1.348839 [31mkl_synergy_rand_2 : 1.135222 [31mkl_synergy_1 : 1.339684 [31mkl_synergy_2 : 1.140152 [31mtotal : 6.759684 [31mdiag_kl_1 : 1.347077 [31mdiag_kl_2 : 1.143463 [94mAcc_combined: 47.83 [94mAcc_c: 48.28 [94mAcc_g: 48.94 [92mF1_combined: 38.71 [92mF1_c: 43.75 [92mF1_g: 40.20 [39m
2026-07-25 18:37:16,313 - Agent - INFO - [37mModel saved successfully at: ./data/data/2025_data/synergy/CremadPlus/v2/SynIB_RMask_U_REFABL_cremad_fold0_l1.0_ir0.5_perturbrandom_fillema_pmin0.20_refunimodal_anchor.pth.tar[39m
2026-07-25 18:38:49,007 - Evaluator - INFO - New best with loss-accuracy-
2026-07-25 18:38:49,007 - Agent - INFO - [37mVal Epoch 2 step 2 with [31mce_loss_combined : 1.573467 [31mce_loss_c : 1.979562 [31mce_loss_g : 2.498549 [31mkl_synergy_rand_1 : 1.164529 [31mkl_synergy_rand_2 : 0.995448 [31mkl_synergy_1 : 1.168715 [31mkl_synergy_2 : 0.987452 [31mtotal : 5.889611 [31mdiag_kl_1 : 1.164022 [31mdiag_kl_2 : 1.016329 [94mAcc_combined: 57.52 [94mAcc_c: 55.92 [94mAcc_g: 42.37 [92mF1_combined: 48.00 [92mF1_c: 52.22 [92mF1_g: 36.00 [39m
2026-07-25 18:38:49,022 - Agent - INFO - [37mTest Epoch 2 step 2 with [31mce_loss_combined : 1.611097 [31mce_loss_c : 2.585927 [31mce_loss_g : 2.352835 [31mkl_synergy_rand_1 : 1.173583 [31mkl_synergy_rand_2 : 0.942066 [31mkl_synergy_1 : 1.173555 [31mkl_synergy_2 : 0.939206 [31mtotal : 5.839508 [31mdiag_kl_1 : 1.170007 [31mdiag_kl_2 : 0.966451 [94mAcc_combined: 58.06 [94mAcc_c: 48.28 [94mAcc_g: 47.72 [92mF1_combined: 48.76 [92mF1_c: 44.20 [92mF1_g: 39.77 [39m
2026-07-25 18:38:50,599 - Agent - INFO - [37mModel saved successfully at: ./data/data/2025_data/synergy/CremadPlus/v2/SynIB_RMask_U_REFABL_cremad_fold0_l1.0_ir0.5_perturbrandom_fillema_pmin0.20_refunimodal_anchor.pth.tar[39m
2026-07-25 18:40:25,507 - Evaluator - INFO - New best with loss-accuracy-
2026-07-25 18:40:25,507 - Agent - INFO - [37mVal Epoch 3 step 3 with [31mce_loss_combined : 1.407771 [31mce_loss_c : 1.955576 [31mce_loss_g : 2.525190 [31mkl_synergy_rand_1 : 1.026295 [31mkl_synergy_rand_2 : 0.814989 [31mkl_synergy_1 : 1.038983 [31mkl_synergy_2 : 0.814992 [31mtotal : 5.103030 [31mdiag_kl_1 : 1.025010 [31mdiag_kl_2 : 0.866727 [94mAcc_combined: 61.39 [94mAcc_c: 55.81 [94mAcc_g: 41.00 [92mF1_combined: 52.56 [92mF1_c: 52.21 [92mF1_g: 34.55 [39m
2026-07-25 18:40:25,526 - Agent - INFO - [37mTest Epoch 3 step 3 with [31mce_loss_combined : 1.469328 [31mce_loss_c : 2.566641 [31mce_loss_g : 2.397329 [31mkl_synergy_rand_1 : 1.043283 [31mkl_synergy_rand_2 : 0.770871 [31mkl_synergy_1 : 1.057607 [31mkl_synergy_2 : 0.774693 [31mtotal : 5.115782 [31mdiag_kl_1 : 1.036595 [31mdiag_kl_2 : 0.809201 [94mAcc_combined: 58.84 [94mAcc_c: 48.50 [94mAcc_g: 47.50 [92mF1_combined: 49.96 [92mF1_c: 44.33 [92mF1_g: 39.03 [39m
2026-07-25 18:40:27,522 - Agent - INFO - [37mModel saved successfully at: ./data/data/2025_data/synergy/CremadPlus/v2/SynIB_RMask_U_REFABL_cremad_fold0_l1.0_ir0.5_perturbrandom_fillema_pmin0.20_refunimodal_anchor.pth.tar[39m
2026-07-25 18:42:07,549 - Evaluator - INFO - New best with loss-accuracy-
2026-07-25 18:42:07,549 - Agent - INFO - [37mVal Epoch 4 step 4 with [31mce_loss_combined : 1.282050 [31mce_loss_c : 1.954148 [31mce_loss_g : 2.454357 [31mkl_synergy_rand_1 : 0.944234 [31mkl_synergy_rand_2 : 0.675942 [31mkl_synergy_1 : 0.936497 [31mkl_synergy_2 : 0.685708 [31mtotal : 4.524432 [31mdiag_kl_1 : 0.948927 [31mdiag_kl_2 : 0.739073 [94mAcc_combined: 62.30 [94mAcc_c: 55.24 [94mAcc_g: 38.84 [92mF1_combined: 53.54 [92mF1_c: 51.42 [92mF1_g: 33.33 [39m
2026-07-25 18:42:07,564 - Agent - INFO - [37mTest Epoch 4 step 4 with [31mce_loss_combined : 1.385267 [31mce_loss_c : 2.587630 [31mce_loss_g : 2.328669 [31mkl_synergy_rand_1 : 0.940267 [31mkl_synergy_rand_2 : 0.641480 [31mkl_synergy_1 : 0.927674 [31mkl_synergy_2 : 0.654431 [31mtotal : 4.549119 [31mdiag_kl_1 : 0.935880 [31mdiag_kl_2 : 0.675786 [94mAcc_combined: 59.18 [94mAcc_c: 48.28 [94mAcc_g: 48.61 [92mF1_combined: 50.88 [92mF1_c: 44.22 [92mF1_g: 40.66 [39m
2026-07-25 18:42:09,190 - Agent - INFO - [37mModel saved successfully at: ./data/data/2025_data/synergy/CremadPlus/v2/SynIB_RMask_U_REFABL_cremad_fold0_l1.0_ir0.5_perturbrandom_fillema_pmin0.20_refunimodal_anchor.pth.tar[39m
2026-07-25 18:43:51,483 - Evaluator - INFO - New best with loss-accuracy-
2026-07-25 18:43:51,484 - Agent - INFO - [37mVal Epoch 5 step 5 with [31mce_loss_combined : 1.204622 [31mce_loss_c : 1.971073 [31mce_loss_g : 2.427068 [31mkl_synergy_rand_1 : 0.862776 [31mkl_synergy_rand_2 : 0.583164 [31mkl_synergy_1 : 0.865308 [31mkl_synergy_2 : 0.591155 [31mtotal : 4.107025 [31mdiag_kl_1 : 0.870629 [31mdiag_kl_2 : 0.666885 [94mAcc_combined: 62.41 [94mAcc_c: 54.10 [94mAcc_g: 36.56 [92mF1_combined: 53.92 [92mF1_c: 50.51 [92mF1_g: 31.81 [39m
2026-07-25 18:43:51,499 - Agent - INFO - [37mTest Epoch 5 step 5 with [31mce_loss_combined : 1.324306 [31mce_loss_c : 2.584864 [31mce_loss_g : 2.167032 [31mkl_synergy_rand_1 : 0.827344 [31mkl_synergy_rand_2 : 0.538744 [31mkl_synergy_1 : 0.834517 [31mkl_synergy_2 : 0.557753 [31mtotal : 4.082664 [31mdiag_kl_1 : 0.820753 [31mdiag_kl_2 : 0.595857 [94mAcc_combined: 59.40 [94mAcc_c: 47.94 [94mAcc_g: 46.50 [92mF1_combined: 51.23 [92mF1_c: 44.16 [92mF1_g: 39.91 [39m
2026-07-25 18:43:53,178 - Agent - INFO - [37mModel saved successfully at: ./data/data/2025_data/synergy/CremadPlus/v2/SynIB_RMask_U_REFABL_cremad_fold0_l1.0_ir0.5_perturbrandom_fillema_pmin0.20_refunimodal_anchor.pth.tar[39m
2026-07-25 18:45:30,788 - Evaluator - INFO - New best with loss-
2026-07-25 18:45:30,788 - Agent - INFO - [37mVal Epoch 6 step 6 with [31mce_loss_combined : 1.150010 [31mce_loss_c : 1.940433 [31mce_loss_g : 2.348690 [31mkl_synergy_rand_1 : 0.824348 [31mkl_synergy_rand_2 : 0.507385 [31mkl_synergy_1 : 0.817272 [31mkl_synergy_2 : 0.521265 [31mtotal : 3.820280 [31mdiag_kl_1 : 0.838798 [31mdiag_kl_2 : 0.614378 [94mAcc_combined: 61.85 [94mAcc_c: 53.76 [94mAcc_g: 33.60 [92mF1_combined: 53.72 [92mF1_c: 50.26 [92mF1_g: 29.43 [39m
2026-07-25 18:45:30,803 - Agent - INFO - [37mTest Epoch 6 step 6 with [31mce_loss_combined : 1.297267 [31mce_loss_c : 2.529440 [31mce_loss_g : 2.122352 [31mkl_synergy_rand_1 : 0.808277 [31mkl_synergy_rand_2 : 0.464341 [31mkl_synergy_1 : 0.806496 [31mkl_synergy_2 : 0.470925 [31mtotal : 3.847306 [31mdiag_kl_1 : 0.800120 [31mdiag_kl_2 : 0.536918 [94mAcc_combined: 58.84 [94mAcc_c: 48.05 [94mAcc_g: 43.72 [92mF1_combined: 50.67 [92mF1_c: 44.46 [92mF1_g: 38.05 [39m
2026-07-25 18:45:32,846 - Agent - INFO - [37mModel saved successfully at: ./data/data/2025_data/synergy/CremadPlus/v2/SynIB_RMask_U_REFABL_cremad_fold0_l1.0_ir0.5_perturbrandom_fillema_pmin0.20_refunimodal_anchor.pth.tar[39m
2026-07-25 18:47:10,208 - Evaluator - INFO - New best with loss-accuracy-
2026-07-25 18:47:10,208 - Agent - INFO - [37mVal Epoch 7 step 7 with [31mce_loss_combined : 1.122357 [31mce_loss_c : 1.959716 [31mce_loss_g : 2.316390 [31mkl_synergy_rand_1 : 0.782770 [31mkl_synergy_rand_2 : 0.455313 [31mkl_synergy_1 : 0.778474 [31mkl_synergy_2 : 0.472871 [31mtotal : 3.611785 [31mdiag_kl_1 : 0.806317 [31mdiag_kl_2 : 0.599958 [94mAcc_combined: 62.64 [94mAcc_c: 53.64 [94mAcc_g: 30.07 [92mF1_combined: 55.60 [92mF1_c: 50.34 [92mF1_g: 26.46 [39m
2026-07-25 18:47:10,227 - Agent - INFO - [37mTest Epoch 7 step 7 with [31mce_loss_combined : 1.276641 [31mce_loss_c : 2.556684 [31mce_loss_g : 2.086698 [31mkl_synergy_rand_1 : 0.754223 [31mkl_synergy_rand_2 : 0.412026 [31mkl_synergy_1 : 0.757499 [31mkl_synergy_2 : 0.433731 [31mtotal : 3.634120 [31mdiag_kl_1 : 0.748601 [31mdiag_kl_2 : 0.521946 [94mAcc_combined: 58.18 [94mAcc_c: 48.16 [94mAcc_g: 39.38 [92mF1_combined: 50.92 [92mF1_c: 44.48 [92mF1_g: 34.25 [39m
2026-07-25 18:47:12,431 - Agent - INFO - [37mModel saved successfully at: ./data/data/2025_data/synergy/CremadPlus/v2/SynIB_RMask_U_REFABL_cremad_fold0_l1.0_ir0.5_perturbrandom_fillema_pmin0.20_refunimodal_anchor.pth.tar[39m
2026-07-25 18:48:50,868 - Evaluator - INFO - New best with loss-
2026-07-25 18:48:50,868 - Agent - INFO - [37mVal Epoch 8 step 8 with [31mce_loss_combined : 1.114423 [31mce_loss_c : 1.935115 [31mce_loss_g : 2.283778 [31mkl_synergy_rand_1 : 0.731839 [31mkl_synergy_rand_2 : 0.435396 [31mkl_synergy_1 : 0.728340 [31mkl_synergy_2 : 0.457569 [31mtotal : 3.467567 [31mdiag_kl_1 : 0.770462 [31mdiag_kl_2 : 0.599510 [94mAcc_combined: 62.41 [94mAcc_c: 52.73 [94mAcc_g: 28.59 [92mF1_combined: 56.55 [92mF1_c: 50.01 [92mF1_g: 24.69 [39m
2026-07-25 18:48:50,883 - Agent - INFO - [37mTest Epoch 8 step 8 with [31mce_loss_combined : 1.280357 [31mce_loss_c : 2.494973 [31mce_loss_g : 2.072401 [31mkl_synergy_rand_1 : 0.723019 [31mkl_synergy_rand_2 : 0.405835 [31mkl_synergy_1 : 0.707454 [31mkl_synergy_2 : 0.415830 [31mtotal : 3.532495 [31mdiag_kl_1 : 0.733476 [31mdiag_kl_2 : 0.529854 [94mAcc_combined: 57.51 [94mAcc_c: 47.61 [94mAcc_g: 37.15 [92mF1_combined: 50.85 [92mF1_c: 44.22 [92mF1_g: 31.58 [39m
2026-07-25 18:48:52,875 - Agent - INFO - [37mModel saved successfully at: ./data/data/2025_data/synergy/CremadPlus/v2/SynIB_RMask_U_REFABL_cremad_fold0_l1.0_ir0.5_perturbrandom_fillema_pmin0.20_refunimodal_anchor.pth.tar[39m
2026-07-25 18:50:32,451 - Evaluator - INFO - New best with loss-
2026-07-25 18:50:32,451 - Agent - INFO - [37mVal Epoch 9 step 9 with [31mce_loss_combined : 1.110193 [31mce_loss_c : 1.927107 [31mce_loss_g : 2.228959 [31mkl_synergy_rand_1 : 0.698463 [31mkl_synergy_rand_2 : 0.428804 [31mkl_synergy_1 : 0.683786 [31mkl_synergy_2 : 0.449441 [31mtotal : 3.370686 [31mdiag_kl_1 : 0.750218 [31mdiag_kl_2 : 0.628734 [94mAcc_combined: 62.30 [94mAcc_c: 52.39 [94mAcc_g: 26.77 [92mF1_combined: 57.33 [92mF1_c: 49.77 [92mF1_g: 23.21 [39m
2026-07-25 18:50:32,468 - Agent - INFO - [37mTest Epoch 9 step 9 with [31mce_loss_combined : 1.273097 [31mce_loss_c : 2.495748 [31mce_loss_g : 2.034950 [31mkl_synergy_rand_1 : 0.690478 [31mkl_synergy_rand_2 : 0.404539 [31mkl_synergy_1 : 0.668573 [31mkl_synergy_2 : 0.411375 [31mtotal : 3.448062 [31mdiag_kl_1 : 0.698577 [31mdiag_kl_2 : 0.567262 [94mAcc_combined: 57.95 [94mAcc_c: 47.39 [94mAcc_g: 35.26 [92mF1_combined: 51.67 [92mF1_c: 43.99 [92mF1_g: 30.63 [39m
2026-07-25 18:50:34,594 - Agent - INFO - [37mModel saved successfully at: ./data/data/2025_data/synergy/CremadPlus/v2/SynIB_RMask_U_REFABL_cremad_fold0_l1.0_ir0.5_perturbrandom_fillema_pmin0.20_refunimodal_anchor.pth.tar[39m
2026-07-25 18:52:12,435 - Agent - INFO - [37mVal Epoch 10 step 10 with [31mce_loss_combined : 1.112591 [31mce_loss_c : 1.904936 [31mce_loss_g : 2.209228 [31mkl_synergy_rand_1 : 0.662487 [31mkl_synergy_rand_2 : 0.416144 [31mkl_synergy_1 : 0.646511 [31mkl_synergy_2 : 0.435801 [31mtotal : 3.273534 [31mdiag_kl_1 : 0.732368 [31mdiag_kl_2 : 0.655908 [94mAcc_combined: 62.41 [94mAcc_c: 52.05 [94mAcc_g: 26.77 [92mF1_combined: 57.57 [92mF1_c: 49.68 [92mF1_g: 22.84 [39m
2026-07-25 18:52:12,450 - Agent - INFO - [37mTest Epoch 10 step 10 with [31mce_loss_combined : 1.275077 [31mce_loss_c : 2.439209 [31mce_loss_g : 2.043018 [31mkl_synergy_rand_1 : 0.657537 [31mkl_synergy_rand_2 : 0.379234 [31mkl_synergy_1 : 0.640622 [31mkl_synergy_2 : 0.413800 [31mtotal : 3.366271 [31mdiag_kl_1 : 0.682871 [31mdiag_kl_2 : 0.560768 [94mAcc_combined: 57.62 [94mAcc_c: 46.50 [94mAcc_g: 33.15 [92mF1_combined: 51.66 [92mF1_c: 43.43 [92mF1_g: 28.73 [39m
2026-07-25 18:53:53,643 - Agent - INFO - [37mVal Epoch 11 step 11 with [31mce_loss_combined : 1.118995 [31mce_loss_c : 1.892468 [31mce_loss_g : 2.233763 [31mkl_synergy_rand_1 : 0.614123 [31mkl_synergy_rand_2 : 0.424623 [31mkl_synergy_1 : 0.594431 [31mkl_synergy_2 : 0.440425 [31mtotal : 3.192597 [31mdiag_kl_1 : 0.693507 [31mdiag_kl_2 : 0.706793 [94mAcc_combined: 62.41 [94mAcc_c: 51.59 [94mAcc_g: 24.37 [92mF1_combined: 57.97 [92mF1_c: 49.27 [92mF1_g: 20.47 [39m
2026-07-25 18:53:53,662 - Agent - INFO - [37mTest Epoch 11 step 11 with [31mce_loss_combined : 1.267758 [31mce_loss_c : 2.407689 [31mce_loss_g : 2.112752 [31mkl_synergy_rand_1 : 0.603309 [31mkl_synergy_rand_2 : 0.391045 [31mkl_synergy_1 : 0.594864 [31mkl_synergy_2 : 0.416389 [31mtotal : 3.273365 [31mdiag_kl_1 : 0.634578 [31mdiag_kl_2 : 0.639632 [94mAcc_combined: 57.40 [94mAcc_c: 46.72 [94mAcc_g: 27.92 [92mF1_combined: 51.64 [92mF1_c: 43.64 [92mF1_g: 23.72 [39m
2026-07-25 18:55:37,177 - Agent - INFO - [37mVal Epoch 12 step 12 with [31mce_loss_combined : 1.145054 [31mce_loss_c : 1.899363 [31mce_loss_g : 2.322875 [31mkl_synergy_rand_1 : 0.570889 [31mkl_synergy_rand_2 : 0.394697 [31mkl_synergy_1 : 0.561599 [31mkl_synergy_2 : 0.420170 [31mtotal : 3.092410 [31mdiag_kl_1 : 0.661145 [31mdiag_kl_2 : 0.758462 [94mAcc_combined: 62.41 [94mAcc_c: 51.59 [94mAcc_g: 21.18 [92mF1_combined: 57.80 [92mF1_c: 49.09 [92mF1_g: 17.27 [39m
2026-07-25 18:55:37,193 - Agent - INFO - [37mTest Epoch 12 step 12 with [31mce_loss_combined : 1.290857 [31mce_loss_c : 2.446671 [31mce_loss_g : 2.241336 [31mkl_synergy_rand_1 : 0.566039 [31mkl_synergy_rand_2 : 0.383762 [31mkl_synergy_1 : 0.562926 [31mkl_synergy_2 : 0.411384 [31mtotal : 3.214968 [31mdiag_kl_1 : 0.601992 [31mdiag_kl_2 : 0.703481 [94mAcc_combined: 56.17 [94mAcc_c: 46.61 [94mAcc_g: 23.03 [92mF1_combined: 50.70 [92mF1_c: 43.63 [92mF1_g: 18.22 [39m
2026-07-25 18:57:15,721 - Agent - INFO - [37mVal Epoch 13 step 13 with [31mce_loss_combined : 1.161530 [31mce_loss_c : 1.869089 [31mce_loss_g : 2.349189 [31mkl_synergy_rand_1 : 0.536057 [31mkl_synergy_rand_2 : 0.392402 [31mkl_synergy_1 : 0.532805 [31mkl_synergy_2 : 0.419521 [31mtotal : 3.042314 [31mdiag_kl_1 : 0.628435 [31mdiag_kl_2 : 0.803552 [94mAcc_combined: 61.50 [94mAcc_c: 51.14 [94mAcc_g: 17.43 [92mF1_combined: 56.94 [92mF1_c: 48.82 [92mF1_g: 14.52 [39m
2026-07-25 18:57:15,740 - Agent - INFO - [37mTest Epoch 13 step 13 with [31mce_loss_combined : 1.295084 [31mce_loss_c : 2.355734 [31mce_loss_g : 2.322542 [31mkl_synergy_rand_1 : 0.548392 [31mkl_synergy_rand_2 : 0.385997 [31mkl_synergy_1 : 0.551709 [31mkl_synergy_2 : 0.416743 [31mtotal : 3.197925 [31mdiag_kl_1 : 0.587464 [31mdiag_kl_2 : 0.761052 [94mAcc_combined: 55.84 [94mAcc_c: 46.38 [94mAcc_g: 17.69 [92mF1_combined: 50.63 [92mF1_c: 43.49 [92mF1_g: 13.10 [39m
2026-07-25 18:58:53,007 - Agent - INFO - [37mVal Epoch 14 step 14 with [31mce_loss_combined : 1.178843 [31mce_loss_c : 1.849273 [31mce_loss_g : 2.410501 [31mkl_synergy_rand_1 : 0.510749 [31mkl_synergy_rand_2 : 0.386722 [31mkl_synergy_1 : 0.507160 [31mkl_synergy_2 : 0.420813 [31mtotal : 3.004287 [31mdiag_kl_1 : 0.606768 [31mdiag_kl_2 : 0.855510 [94mAcc_combined: 61.62 [94mAcc_c: 51.03 [94mAcc_g: 15.49 [92mF1_combined: 57.29 [92mF1_c: 48.80 [92mF1_g: 12.68 [39m
2026-07-25 18:58:53,023 - Agent - INFO - [37mTest Epoch 14 step 14 with [31mce_loss_combined : 1.307696 [31mce_loss_c : 2.349343 [31mce_loss_g : 2.407150 [31mkl_synergy_rand_1 : 0.508967 [31mkl_synergy_rand_2 : 0.396526 [31mkl_synergy_1 : 0.542419 [31mkl_synergy_2 : 0.423937 [31mtotal : 3.179545 [31mdiag_kl_1 : 0.550102 [31mdiag_kl_2 : 0.832693 [94mAcc_combined: 56.40 [94mAcc_c: 46.61 [94mAcc_g: 14.24 [92mF1_combined: 51.08 [92mF1_c: 43.73 [92mF1_g: 9.84 [39m
2026-07-25 19:00:33,274 - Agent - INFO - [37mVal Epoch 15 step 15 with [31mce_loss_combined : 1.198350 [31mce_loss_c : 1.842005 [31mce_loss_g : 2.470988 [31mkl_synergy_rand_1 : 0.479315 [31mkl_synergy_rand_2 : 0.386805 [31mkl_synergy_1 : 0.477667 [31mkl_synergy_2 : 0.424957 [31mtotal : 2.967093 [31mdiag_kl_1 : 0.566246 [31mdiag_kl_2 : 0.902243 [94mAcc_combined: 60.71 [94mAcc_c: 50.68 [94mAcc_g: 14.58 [92mF1_combined: 56.10 [92mF1_c: 48.48 [92mF1_g: 12.16 [39m
2026-07-25 19:00:33,291 - Agent - INFO - [37mTest Epoch 15 step 15 with [31mce_loss_combined : 1.347791 [31mce_loss_c : 2.337456 [31mce_loss_g : 2.535105 [31mkl_synergy_rand_1 : 0.499524 [31mkl_synergy_rand_2 : 0.407735 [31mkl_synergy_1 : 0.496693 [31mkl_synergy_2 : 0.437501 [31mtotal : 3.189244 [31mdiag_kl_1 : 0.533744 [31mdiag_kl_2 : 0.908601 [94mAcc_combined: 54.39 [94mAcc_c: 46.61 [94mAcc_g: 13.24 [92mF1_combined: 48.97 [92mF1_c: 43.68 [92mF1_g: 9.07 [39m
2026-07-25 19:02:14,577 - Agent - INFO - [37mVal Epoch 16 step 16 with [31mce_loss_combined : 1.222416 [31mce_loss_c : 1.819354 [31mce_loss_g : 2.516270 [31mkl_synergy_rand_1 : 0.467199 [31mkl_synergy_rand_2 : 0.390433 [31mkl_synergy_1 : 0.467835 [31mkl_synergy_2 : 0.421444 [31mtotal : 2.969327 [31mdiag_kl_1 : 0.549535 [31mdiag_kl_2 : 0.963267 [94mAcc_combined: 60.25 [94mAcc_c: 50.68 [94mAcc_g: 13.10 [92mF1_combined: 55.45 [92mF1_c: 48.51 [92mF1_g: 11.36 [39m
2026-07-25 19:02:14,596 - Agent - INFO - [37mTest Epoch 16 step 16 with [31mce_loss_combined : 1.378058 [31mce_loss_c : 2.320463 [31mce_loss_g : 2.606385 [31mkl_synergy_rand_1 : 0.500451 [31mkl_synergy_rand_2 : 0.408091 [31mkl_synergy_1 : 0.491075 [31mkl_synergy_2 : 0.441346 [31mtotal : 3.219022 [31mdiag_kl_1 : 0.534774 [31mdiag_kl_2 : 0.989535 [94mAcc_combined: 53.62 [94mAcc_c: 46.61 [94mAcc_g: 12.35 [92mF1_combined: 47.87 [92mF1_c: 43.70 [92mF1_g: 8.95 [39m
2026-07-25 19:03:51,791 - Agent - INFO - [37mVal Epoch 17 step 17 with [31mce_loss_combined : 1.253906 [31mce_loss_c : 1.804602 [31mce_loss_g : 2.546681 [31mkl_synergy_rand_1 : 0.455687 [31mkl_synergy_rand_2 : 0.388181 [31mkl_synergy_1 : 0.454964 [31mkl_synergy_2 : 0.425662 [31mtotal : 2.978400 [31mdiag_kl_1 : 0.542122 [31mdiag_kl_2 : 1.019523 [94mAcc_combined: 58.77 [94mAcc_c: 50.34 [94mAcc_g: 10.48 [92mF1_combined: 54.16 [92mF1_c: 48.71 [92mF1_g: 8.55 [39m
2026-07-25 19:03:51,807 - Agent - INFO - [37mTest Epoch 17 step 17 with [31mce_loss_combined : 1.403062 [31mce_loss_c : 2.250038 [31mce_loss_g : 2.639778 [31mkl_synergy_rand_1 : 0.493237 [31mkl_synergy_rand_2 : 0.424638 [31mkl_synergy_1 : 0.471282 [31mkl_synergy_2 : 0.454966 [31mtotal : 3.247186 [31mdiag_kl_1 : 0.527309 [31mdiag_kl_2 : 1.053491 [94mAcc_combined: 53.17 [94mAcc_c: 45.83 [94mAcc_g: 10.90 [92mF1_combined: 47.35 [92mF1_c: 43.33 [92mF1_g: 7.88 [39m
2026-07-25 19:05:32,503 - Agent - INFO - [37mVal Epoch 18 step 18 with [31mce_loss_combined : 1.253282 [31mce_loss_c : 1.795432 [31mce_loss_g : 2.497983 [31mkl_synergy_rand_1 : 0.432704 [31mkl_synergy_rand_2 : 0.397629 [31mkl_synergy_1 : 0.441016 [31mkl_synergy_2 : 0.434859 [31mtotal : 2.959489 [31mdiag_kl_1 : 0.531446 [31mdiag_kl_2 : 1.049270 [94mAcc_combined: 59.00 [94mAcc_c: 49.09 [94mAcc_g: 11.16 [92mF1_combined: 54.97 [92mF1_c: 47.61 [92mF1_g: 10.25 [39m
2026-07-25 19:05:32,519 - Agent - INFO - [37mTest Epoch 18 step 18 with [31mce_loss_combined : 1.401755 [31mce_loss_c : 2.268813 [31mce_loss_g : 2.586520 [31mkl_synergy_rand_1 : 0.478611 [31mkl_synergy_rand_2 : 0.433853 [31mkl_synergy_1 : 0.477034 [31mkl_synergy_2 : 0.470042 [31mtotal : 3.261295 [31mdiag_kl_1 : 0.522048 [31mdiag_kl_2 : 1.067232 [94mAcc_combined: 52.95 [94mAcc_c: 45.94 [94mAcc_g: 10.90 [92mF1_combined: 47.42 [92mF1_c: 43.65 [92mF1_g: 8.08 [39m
2026-07-25 19:07:10,570 - Agent - INFO - [37mVal Epoch 19 step 19 with [31mce_loss_combined : 1.247028 [31mce_loss_c : 1.765104 [31mce_loss_g : 2.430609 [31mkl_synergy_rand_1 : 0.429628 [31mkl_synergy_rand_2 : 0.402399 [31mkl_synergy_1 : 0.431733 [31mkl_synergy_2 : 0.438021 [31mtotal : 2.948809 [31mdiag_kl_1 : 0.528436 [31mdiag_kl_2 : 1.060398 [94mAcc_combined: 59.45 [94mAcc_c: 49.54 [94mAcc_g: 10.48 [92mF1_combined: 55.44 [92mF1_c: 48.07 [92mF1_g: 9.57 [39m
2026-07-25 19:07:10,585 - Agent - INFO - [37mTest Epoch 19 step 19 with [31mce_loss_combined : 1.402055 [31mce_loss_c : 2.229412 [31mce_loss_g : 2.508707 [31mkl_synergy_rand_1 : 0.474181 [31mkl_synergy_rand_2 : 0.444254 [31mkl_synergy_1 : 0.478831 [31mkl_synergy_2 : 0.469859 [31mtotal : 3.269179 [31mdiag_kl_1 : 0.517740 [31mdiag_kl_2 : 1.075596 [94mAcc_combined: 53.39 [94mAcc_c: 45.94 [94mAcc_g: 10.12 [92mF1_combined: 47.89 [92mF1_c: 43.73 [92mF1_g: 7.52 [39m
2026-07-25 19:08:48,373 - Agent - INFO - [37mVal Epoch 20 step 20 with [31mce_loss_combined : 1.256098 [31mce_loss_c : 1.748312 [31mce_loss_g : 2.440988 [31mkl_synergy_rand_1 : 0.422129 [31mkl_synergy_rand_2 : 0.403416 [31mkl_synergy_1 : 0.420125 [31mkl_synergy_2 : 0.438284 [31mtotal : 2.940052 [31mdiag_kl_1 : 0.519394 [31mdiag_kl_2 : 1.097418 [94mAcc_combined: 58.54 [94mAcc_c: 49.20 [94mAcc_g: 10.36 [92mF1_combined: 55.02 [92mF1_c: 47.82 [92mF1_g: 9.60 [39m
2026-07-25 19:08:48,395 - Agent - INFO - [37mTest Epoch 20 step 20 with [31mce_loss_combined : 1.404647 [31mce_loss_c : 2.172715 [31mce_loss_g : 2.489578 [31mkl_synergy_rand_1 : 0.477613 [31mkl_synergy_rand_2 : 0.433263 [31mkl_synergy_1 : 0.472448 [31mkl_synergy_2 : 0.467995 [31mtotal : 3.255965 [31mdiag_kl_1 : 0.517028 [31mdiag_kl_2 : 1.106528 [94mAcc_combined: 53.17 [94mAcc_c: 45.83 [94mAcc_g: 10.57 [92mF1_combined: 47.69 [92mF1_c: 43.59 [92mF1_g: 7.87 [39m
2026-07-25 19:10:32,337 - Agent - INFO - [37mVal Epoch 21 step 21 with [31mce_loss_combined : 1.272918 [31mce_loss_c : 1.740592 [31mce_loss_g : 2.423434 [31mkl_synergy_rand_1 : 0.399033 [31mkl_synergy_rand_2 : 0.411647 [31mkl_synergy_1 : 0.401128 [31mkl_synergy_2 : 0.449234 [31mtotal : 2.933960 [31mdiag_kl_1 : 0.510974 [31mdiag_kl_2 : 1.138086 [94mAcc_combined: 56.83 [94mAcc_c: 48.18 [94mAcc_g: 11.28 [92mF1_combined: 53.44 [92mF1_c: 47.21 [92mF1_g: 10.60 [39m
2026-07-25 19:10:32,357 - Agent - INFO - [37mTest Epoch 21 step 21 with [31mce_loss_combined : 1.410582 [31mce_loss_c : 2.178485 [31mce_loss_g : 2.415126 [31mkl_synergy_rand_1 : 0.454326 [31mkl_synergy_rand_2 : 0.435134 [31mkl_synergy_1 : 0.463332 [31mkl_synergy_2 : 0.471289 [31mtotal : 3.234663 [31mdiag_kl_1 : 0.510804 [31mdiag_kl_2 : 1.122012 [94mAcc_combined: 52.61 [94mAcc_c: 45.27 [94mAcc_g: 10.23 [92mF1_combined: 47.31 [92mF1_c: 43.35 [92mF1_g: 7.76 [39m
2026-07-25 19:12:11,925 - Agent - INFO - [37mVal Epoch 22 step 22 with [31mce_loss_combined : 1.280634 [31mce_loss_c : 1.722436 [31mce_loss_g : 2.431010 [31mkl_synergy_rand_1 : 0.400575 [31mkl_synergy_rand_2 : 0.404939 [31mkl_synergy_1 : 0.406022 [31mkl_synergy_2 : 0.447549 [31mtotal : 2.939719 [31mdiag_kl_1 : 0.503507 [31mdiag_kl_2 : 1.147534 [94mAcc_combined: 57.40 [94mAcc_c: 48.75 [94mAcc_g: 9.45 [92mF1_combined: 54.01 [92mF1_c: 47.65 [92mF1_g: 8.79 [39m
2026-07-25 19:12:11,940 - Agent - INFO - [37mTest Epoch 22 step 22 with [31mce_loss_combined : 1.415049 [31mce_loss_c : 2.145738 [31mce_loss_g : 2.403704 [31mkl_synergy_rand_1 : 0.469222 [31mkl_synergy_rand_2 : 0.417932 [31mkl_synergy_1 : 0.444543 [31mkl_synergy_2 : 0.474136 [31mtotal : 3.220881 [31mdiag_kl_1 : 0.518131 [31mdiag_kl_2 : 1.141611 [94mAcc_combined: 53.73 [94mAcc_c: 45.38 [94mAcc_g: 10.46 [92mF1_combined: 48.26 [92mF1_c: 43.34 [92mF1_g: 7.82 [39m
2026-07-25 19:13:43,828 - Agent - INFO - [37mVal Epoch 23 step 23 with [31mce_loss_combined : 1.277146 [31mce_loss_c : 1.709630 [31mce_loss_g : 2.368770 [31mkl_synergy_rand_1 : 0.391777 [31mkl_synergy_rand_2 : 0.414824 [31mkl_synergy_1 : 0.389785 [31mkl_synergy_2 : 0.448517 [31mtotal : 2.922048 [31mdiag_kl_1 : 0.504184 [31mdiag_kl_2 : 1.171134 [94mAcc_combined: 57.40 [94mAcc_c: 47.84 [94mAcc_g: 10.48 [92mF1_combined: 54.18 [92mF1_c: 46.94 [92mF1_g: 10.05 [39m
2026-07-25 19:13:43,848 - Agent - INFO - [37mTest Epoch 23 step 23 with [31mce_loss_combined : 1.411958 [31mce_loss_c : 2.124336 [31mce_loss_g : 2.298657 [31mkl_synergy_rand_1 : 0.452227 [31mkl_synergy_rand_2 : 0.429701 [31mkl_synergy_1 : 0.438485 [31mkl_synergy_2 : 0.469317 [31mtotal : 3.201688 [31mdiag_kl_1 : 0.504040 [31mdiag_kl_2 : 1.140587 [94mAcc_combined: 53.17 [94mAcc_c: 44.61 [94mAcc_g: 11.01 [92mF1_combined: 47.90 [92mF1_c: 42.84 [92mF1_g: 9.07 [39m
2026-07-25 19:15:21,689 - Agent - INFO - [37mVal Epoch 24 step 24 with [31mce_loss_combined : 1.271574 [31mce_loss_c : 1.684401 [31mce_loss_g : 2.325978 [31mkl_synergy_rand_1 : 0.390201 [31mkl_synergy_rand_2 : 0.412744 [31mkl_synergy_1 : 0.391289 [31mkl_synergy_2 : 0.451000 [31mtotal : 2.916808 [31mdiag_kl_1 : 0.510613 [31mdiag_kl_2 : 1.166644 [94mAcc_combined: 57.63 [94mAcc_c: 47.38 [94mAcc_g: 11.85 [92mF1_combined: 54.53 [92mF1_c: 46.58 [92mF1_g: 11.27 [39m
2026-07-25 19:15:21,707 - Agent - INFO - [37mTest Epoch 24 step 24 with [31mce_loss_combined : 1.404589 [31mce_loss_c : 2.088886 [31mce_loss_g : 2.254022 [31mkl_synergy_rand_1 : 0.456775 [31mkl_synergy_rand_2 : 0.412733 [31mkl_synergy_1 : 0.440331 [31mkl_synergy_2 : 0.449612 [31mtotal : 3.164041 [31mdiag_kl_1 : 0.520648 [31mdiag_kl_2 : 1.125519 [94mAcc_combined: 53.50 [94mAcc_c: 44.94 [94mAcc_g: 12.12 [92mF1_combined: 48.36 [92mF1_c: 43.40 [92mF1_g: 10.10 [39m
2026-07-25 19:17:02,812 - Agent - INFO - [37mVal Epoch 25 step 25 with [31mce_loss_combined : 1.280656 [31mce_loss_c : 1.692092 [31mce_loss_g : 2.334992 [31mkl_synergy_rand_1 : 0.386342 [31mkl_synergy_rand_2 : 0.406399 [31mkl_synergy_1 : 0.382961 [31mkl_synergy_2 : 0.442910 [31mtotal : 2.899269 [31mdiag_kl_1 : 0.502951 [31mdiag_kl_2 : 1.190845 [94mAcc_combined: 56.83 [94mAcc_c: 48.18 [94mAcc_g: 12.41 [92mF1_combined: 53.22 [92mF1_c: 47.20 [92mF1_g: 11.80 [39m
2026-07-25 19:17:02,829 - Agent - INFO - [37mTest Epoch 25 step 25 with [31mce_loss_combined : 1.406119 [31mce_loss_c : 2.110863 [31mce_loss_g : 2.226707 [31mkl_synergy_rand_1 : 0.442059 [31mkl_synergy_rand_2 : 0.411941 [31mkl_synergy_1 : 0.451015 [31mkl_synergy_2 : 0.438986 [31mtotal : 3.150120 [31mdiag_kl_1 : 0.498760 [31mdiag_kl_2 : 1.133291 [94mAcc_combined: 53.84 [94mAcc_c: 44.38 [94mAcc_g: 13.57 [92mF1_combined: 48.47 [92mF1_c: 42.54 [92mF1_g: 11.53 [39m
2026-07-25 19:18:44,696 - Agent - INFO - [37mVal Epoch 26 step 26 with [31mce_loss_combined : 1.280975 [31mce_loss_c : 1.687478 [31mce_loss_g : 2.332551 [31mkl_synergy_rand_1 : 0.382264 [31mkl_synergy_rand_2 : 0.410715 [31mkl_synergy_1 : 0.381572 [31mkl_synergy_2 : 0.445687 [31mtotal : 2.901213 [31mdiag_kl_1 : 0.506673 [31mdiag_kl_2 : 1.195532 [94mAcc_combined: 56.61 [94mAcc_c: 47.61 [94mAcc_g: 11.96 [92mF1_combined: 53.38 [92mF1_c: 46.97 [92mF1_g: 11.33 [39m
2026-07-25 19:18:44,712 - Agent - INFO - [37mTest Epoch 26 step 26 with [31mce_loss_combined : 1.407273 [31mce_loss_c : 2.089429 [31mce_loss_g : 2.217008 [31mkl_synergy_rand_1 : 0.444876 [31mkl_synergy_rand_2 : 0.404011 [31mkl_synergy_1 : 0.437537 [31mkl_synergy_2 : 0.425080 [31mtotal : 3.118777 [31mdiag_kl_1 : 0.508357 [31mdiag_kl_2 : 1.143974 [94mAcc_combined: 53.50 [94mAcc_c: 44.16 [94mAcc_g: 13.68 [92mF1_combined: 48.27 [92mF1_c: 42.88 [92mF1_g: 11.53 [39m
2026-07-25 19:20:26,719 - Agent - INFO - [37mVal Epoch 27 step 27 with [31mce_loss_combined : 1.277700 [31mce_loss_c : 1.672142 [31mce_loss_g : 2.329809 [31mkl_synergy_rand_1 : 0.380452 [31mkl_synergy_rand_2 : 0.404756 [31mkl_synergy_1 : 0.381499 [31mkl_synergy_2 : 0.445133 [31mtotal : 2.889539 [31mdiag_kl_1 : 0.504945 [31mdiag_kl_2 : 1.194209 [94mAcc_combined: 56.61 [94mAcc_c: 47.15 [94mAcc_g: 11.96 [92mF1_combined: 53.31 [92mF1_c: 46.58 [92mF1_g: 11.52 [39m
2026-07-25 19:20:26,738 - Agent - INFO - [37mTest Epoch 27 step 27 with [31mce_loss_combined : 1.398240 [31mce_loss_c : 2.054300 [31mce_loss_g : 2.196716 [31mkl_synergy_rand_1 : 0.439264 [31mkl_synergy_rand_2 : 0.398476 [31mkl_synergy_1 : 0.446239 [31mkl_synergy_2 : 0.417446 [31mtotal : 3.099666 [31mdiag_kl_1 : 0.510679 [31mdiag_kl_2 : 1.140305 [94mAcc_combined: 53.73 [94mAcc_c: 44.05 [94mAcc_g: 13.57 [92mF1_combined: 48.63 [92mF1_c: 42.91 [92mF1_g: 11.45 [39m
2026-07-25 19:22:12,510 - Agent - INFO - [37mVal Epoch 28 step 28 with [31mce_loss_combined : 1.280595 [31mce_loss_c : 1.679309 [31mce_loss_g : 2.318902 [31mkl_synergy_rand_1 : 0.382888 [31mkl_synergy_rand_2 : 0.421452 [31mkl_synergy_1 : 0.390594 [31mkl_synergy_2 : 0.456764 [31mtotal : 2.932293 [31mdiag_kl_1 : 0.508349 [31mdiag_kl_2 : 1.205197 [94mAcc_combined: 57.40 [94mAcc_c: 47.84 [94mAcc_g: 11.73 [92mF1_combined: 53.92 [92mF1_c: 47.02 [92mF1_g: 11.24 [39m
2026-07-25 19:22:12,530 - Agent - INFO - [37mTest Epoch 28 step 28 with [31mce_loss_combined : 1.403496 [31mce_loss_c : 2.083890 [31mce_loss_g : 2.176802 [31mkl_synergy_rand_1 : 0.437386 [31mkl_synergy_rand_2 : 0.401002 [31mkl_synergy_1 : 0.424465 [31mkl_synergy_2 : 0.422288 [31mtotal : 3.088636 [31mdiag_kl_1 : 0.500417 [31mdiag_kl_2 : 1.125985 [94mAcc_combined: 53.06 [94mAcc_c: 44.27 [94mAcc_g: 13.57 [92mF1_combined: 47.89 [92mF1_c: 42.83 [92mF1_g: 11.76 [39m
2026-07-25 19:23:52,863 - Agent - INFO - [37mVal Epoch 29 step 29 with [31mce_loss_combined : 1.272129 [31mce_loss_c : 1.683785 [31mce_loss_g : 2.307251 [31mkl_synergy_rand_1 : 0.375175 [31mkl_synergy_rand_2 : 0.428851 [31mkl_synergy_1 : 0.380750 [31mkl_synergy_2 : 0.455962 [31mtotal : 2.912866 [31mdiag_kl_1 : 0.506782 [31mdiag_kl_2 : 1.199649 [94mAcc_combined: 57.97 [94mAcc_c: 46.92 [94mAcc_g: 12.64 [92mF1_combined: 54.52 [92mF1_c: 46.48 [92mF1_g: 12.01 [39m
2026-07-25 19:23:52,879 - Agent - INFO - [37mTest Epoch 29 step 29 with [31mce_loss_combined : 1.392246 [31mce_loss_c : 2.085590 [31mce_loss_g : 2.158305 [31mkl_synergy_rand_1 : 0.431954 [31mkl_synergy_rand_2 : 0.402313 [31mkl_synergy_1 : 0.424366 [31mkl_synergy_2 : 0.413954 [31mtotal : 3.064832 [31mdiag_kl_1 : 0.502337 [31mdiag_kl_2 : 1.119484 [94mAcc_combined: 53.73 [94mAcc_c: 44.05 [94mAcc_g: 14.68 [92mF1_combined: 48.75 [92mF1_c: 43.05 [92mF1_g: 12.77 [39m
2026-07-25 19:25:30,202 - Agent - INFO - [37mVal Epoch 30 step 30 with [31mce_loss_combined : 1.276795 [31mce_loss_c : 1.688529 [31mce_loss_g : 2.317230 [31mkl_synergy_rand_1 : 0.372692 [31mkl_synergy_rand_2 : 0.420279 [31mkl_synergy_1 : 0.381665 [31mkl_synergy_2 : 0.453224 [31mtotal : 2.904655 [31mdiag_kl_1 : 0.500944 [31mdiag_kl_2 : 1.212401 [94mAcc_combined: 57.97 [94mAcc_c: 46.70 [94mAcc_g: 12.19 [92mF1_combined: 54.56 [92mF1_c: 46.34 [92mF1_g: 11.68 [39m
2026-07-25 19:25:30,217 - Agent - INFO - [37mTest Epoch 30 step 30 with [31mce_loss_combined : 1.387627 [31mce_loss_c : 2.053722 [31mce_loss_g : 2.165038 [31mkl_synergy_rand_1 : 0.439675 [31mkl_synergy_rand_2 : 0.380968 [31mkl_synergy_1 : 0.422092 [31mkl_synergy_2 : 0.413439 [31mtotal : 3.043800 [31mdiag_kl_1 : 0.508360 [31mdiag_kl_2 : 1.125957 [94mAcc_combined: 54.28 [94mAcc_c: 43.72 [94mAcc_g: 13.90 [92mF1_combined: 49.10 [92mF1_c: 42.74 [92mF1_g: 12.28 [39m
2026-07-25 19:27:14,894 - Agent - INFO - [37mVal Epoch 31 step 31 with [31mce_loss_combined : 1.279287 [31mce_loss_c : 1.693711 [31mce_loss_g : 2.312681 [31mkl_synergy_rand_1 : 0.378365 [31mkl_synergy_rand_2 : 0.426576 [31mkl_synergy_1 : 0.381676 [31mkl_synergy_2 : 0.458513 [31mtotal : 2.924417 [31mdiag_kl_1 : 0.494937 [31mdiag_kl_2 : 1.220699 [94mAcc_combined: 57.74 [94mAcc_c: 47.49 [94mAcc_g: 12.07 [92mF1_combined: 54.15 [92mF1_c: 46.63 [92mF1_g: 11.56 [39m
2026-07-25 19:27:14,909 - Agent - INFO - [37mTest Epoch 31 step 31 with [31mce_loss_combined : 1.392240 [31mce_loss_c : 2.077743 [31mce_loss_g : 2.159817 [31mkl_synergy_rand_1 : 0.442430 [31mkl_synergy_rand_2 : 0.382802 [31mkl_synergy_1 : 0.426159 [31mkl_synergy_2 : 0.409195 [31mtotal : 3.052826 [31mdiag_kl_1 : 0.504994 [31mdiag_kl_2 : 1.115484 [94mAcc_combined: 53.62 [94mAcc_c: 43.94 [94mAcc_g: 14.02 [92mF1_combined: 48.30 [92mF1_c: 42.51 [92mF1_g: 12.32 [39m
2026-07-25 19:29:00,668 - Agent - INFO - [37mVal Epoch 32 step 32 with [31mce_loss_combined : 1.268120 [31mce_loss_c : 1.688406 [31mce_loss_g : 2.294074 [31mkl_synergy_rand_1 : 0.380513 [31mkl_synergy_rand_2 : 0.419525 [31mkl_synergy_1 : 0.380886 [31mkl_synergy_2 : 0.461203 [31mtotal : 2.910248 [31mdiag_kl_1 : 0.502261 [31mdiag_kl_2 : 1.206257 [94mAcc_combined: 58.43 [94mAcc_c: 47.38 [94mAcc_g: 12.64 [92mF1_combined: 54.78 [92mF1_c: 46.76 [92mF1_g: 12.18 [39m
2026-07-25 19:29:00,691 - Agent - INFO - [37mTest Epoch 32 step 32 with [31mce_loss_combined : 1.378635 [31mce_loss_c : 2.066337 [31mce_loss_g : 2.127362 [31mkl_synergy_rand_1 : 0.437751 [31mkl_synergy_rand_2 : 0.387210 [31mkl_synergy_1 : 0.414550 [31mkl_synergy_2 : 0.424381 [31mtotal : 3.042527 [31mdiag_kl_1 : 0.502668 [31mdiag_kl_2 : 1.107505 [94mAcc_combined: 54.28 [94mAcc_c: 44.16 [94mAcc_g: 14.79 [92mF1_combined: 48.81 [92mF1_c: 42.62 [92mF1_g: 13.09 [39m
2026-07-25 19:30:39,566 - Agent - INFO - [37mVal Epoch 33 step 33 with [31mce_loss_combined : 1.286021 [31mce_loss_c : 1.670838 [31mce_loss_g : 2.311005 [31mkl_synergy_rand_1 : 0.383971 [31mkl_synergy_rand_2 : 0.404305 [31mkl_synergy_1 : 0.377640 [31mkl_synergy_2 : 0.426999 [31mtotal : 2.878935 [31mdiag_kl_1 : 0.506292 [31mdiag_kl_2 : 1.248403 [94mAcc_combined: 56.95 [94mAcc_c: 45.67 [94mAcc_g: 12.19 [92mF1_combined: 53.54 [92mF1_c: 45.54 [92mF1_g: 11.74 [39m
2026-07-25 19:30:39,584 - Agent - INFO - [37mTest Epoch 33 step 33 with [31mce_loss_combined : 1.387734 [31mce_loss_c : 2.031656 [31mce_loss_g : 2.122985 [31mkl_synergy_rand_1 : 0.436213 [31mkl_synergy_rand_2 : 0.381157 [31mkl_synergy_1 : 0.415961 [31mkl_synergy_2 : 0.401045 [31mtotal : 3.022110 [31mdiag_kl_1 : 0.509389 [31mdiag_kl_2 : 1.137595 [94mAcc_combined: 53.73 [94mAcc_c: 43.49 [94mAcc_g: 14.57 [92mF1_combined: 48.67 [92mF1_c: 42.68 [92mF1_g: 13.13 [39m
2026-07-25 19:32:27,519 - Agent - INFO - [37mVal Epoch 34 step 34 with [31mce_loss_combined : 1.289779 [31mce_loss_c : 1.653735 [31mce_loss_g : 2.255150 [31mkl_synergy_rand_1 : 0.389626 [31mkl_synergy_rand_2 : 0.394416 [31mkl_synergy_1 : 0.385192 [31mkl_synergy_2 : 0.429448 [31mtotal : 2.888461 [31mdiag_kl_1 : 0.523435 [31mdiag_kl_2 : 1.222636 [94mAcc_combined: 57.06 [94mAcc_c: 45.67 [94mAcc_g: 13.78 [92mF1_combined: 53.41 [92mF1_c: 45.48 [92mF1_g: 12.90 [39m
2026-07-25 19:32:27,538 - Agent - INFO - [37mTest Epoch 34 step 34 with [31mce_loss_combined : 1.396152 [31mce_loss_c : 2.004376 [31mce_loss_g : 2.070432 [31mkl_synergy_rand_1 : 0.435711 [31mkl_synergy_rand_2 : 0.360681 [31mkl_synergy_1 : 0.431617 [31mkl_synergy_2 : 0.386835 [31mtotal : 3.010997 [31mdiag_kl_1 : 0.511125 [31mdiag_kl_2 : 1.117975 [94mAcc_combined: 53.28 [94mAcc_c: 43.72 [94mAcc_g: 15.91 [92mF1_combined: 47.85 [92mF1_c: 42.72 [92mF1_g: 13.73 [39m
2026-07-25 19:34:12,470 - Agent - INFO - [37mVal Epoch 35 step 35 with [31mce_loss_combined : 1.283437 [31mce_loss_c : 1.635886 [31mce_loss_g : 2.216391 [31mkl_synergy_rand_1 : 0.391597 [31mkl_synergy_rand_2 : 0.383167 [31mkl_synergy_1 : 0.384346 [31mkl_synergy_2 : 0.420568 [31mtotal : 2.863115 [31mdiag_kl_1 : 0.516403 [31mdiag_kl_2 : 1.243435 [94mAcc_combined: 57.29 [94mAcc_c: 45.33 [94mAcc_g: 14.12 [92mF1_combined: 53.86 [92mF1_c: 45.41 [92mF1_g: 13.05 [39m
2026-07-25 19:34:12,485 - Agent - INFO - [37mTest Epoch 35 step 35 with [31mce_loss_combined : 1.391240 [31mce_loss_c : 1.962288 [31mce_loss_g : 2.024726 [31mkl_synergy_rand_1 : 0.432041 [31mkl_synergy_rand_2 : 0.345118 [31mkl_synergy_1 : 0.411009 [31mkl_synergy_2 : 0.364295 [31mtotal : 2.943704 [31mdiag_kl_1 : 0.508491 [31mdiag_kl_2 : 1.125865 [94mAcc_combined: 54.06 [94mAcc_c: 43.49 [94mAcc_g: 17.13 [92mF1_combined: 48.83 [92mF1_c: 42.79 [92mF1_g: 15.46 [39m
2026-07-25 19:35:57,731 - Agent - INFO - [37mVal Epoch 36 step 36 with [31mce_loss_combined : 1.277944 [31mce_loss_c : 1.640588 [31mce_loss_g : 2.167018 [31mkl_synergy_rand_1 : 0.377002 [31mkl_synergy_rand_2 : 0.391757 [31mkl_synergy_1 : 0.375752 [31mkl_synergy_2 : 0.414922 [31mtotal : 2.837377 [31mdiag_kl_1 : 0.521405 [31mdiag_kl_2 : 1.248819 [94mAcc_combined: 57.29 [94mAcc_c: 44.42 [94mAcc_g: 15.60 [92mF1_combined: 54.04 [92mF1_c: 44.50 [92mF1_g: 14.32 [39m
2026-07-25 19:35:57,746 - Agent - INFO - [37mTest Epoch 36 step 36 with [31mce_loss_combined : 1.380983 [31mce_loss_c : 1.972001 [31mce_loss_g : 1.969936 [31mkl_synergy_rand_1 : 0.431287 [31mkl_synergy_rand_2 : 0.351415 [31mkl_synergy_1 : 0.425556 [31mkl_synergy_2 : 0.367527 [31mtotal : 2.956768 [31mdiag_kl_1 : 0.518124 [31mdiag_kl_2 : 1.125168 [94mAcc_combined: 53.17 [94mAcc_c: 42.83 [94mAcc_g: 18.58 [92mF1_combined: 47.82 [92mF1_c: 41.99 [92mF1_g: 16.62 [39m
2026-07-25 19:37:42,972 - Agent - INFO - [37mVal Epoch 37 step 37 with [31mce_loss_combined : 1.290558 [31mce_loss_c : 1.632875 [31mce_loss_g : 2.158852 [31mkl_synergy_rand_1 : 0.375940 [31mkl_synergy_rand_2 : 0.371994 [31mkl_synergy_1 : 0.375632 [31mkl_synergy_2 : 0.402030 [31mtotal : 2.816155 [31mdiag_kl_1 : 0.532292 [31mdiag_kl_2 : 1.241159 [94mAcc_combined: 56.72 [94mAcc_c: 44.65 [94mAcc_g: 15.95 [92mF1_combined: 53.34 [92mF1_c: 44.80 [92mF1_g: 14.27 [39m
2026-07-25 19:37:42,994 - Agent - INFO - [37mTest Epoch 37 step 37 with [31mce_loss_combined : 1.383391 [31mce_loss_c : 1.930239 [31mce_loss_g : 1.975997 [31mkl_synergy_rand_1 : 0.422148 [31mkl_synergy_rand_2 : 0.324833 [31mkl_synergy_1 : 0.401427 [31mkl_synergy_2 : 0.335635 [31mtotal : 2.867435 [31mdiag_kl_1 : 0.525043 [31mdiag_kl_2 : 1.125473 [94mAcc_combined: 53.39 [94mAcc_c: 42.71 [94mAcc_g: 16.46 [92mF1_combined: 48.20 [92mF1_c: 42.22 [92mF1_g: 14.28 [39m
2026-07-25 19:39:24,979 - Agent - INFO - [37mVal Epoch 38 step 38 with [31mce_loss_combined : 1.280432 [31mce_loss_c : 1.627539 [31mce_loss_g : 2.110472 [31mkl_synergy_rand_1 : 0.355905 [31mkl_synergy_rand_2 : 0.369251 [31mkl_synergy_1 : 0.351328 [31mkl_synergy_2 : 0.385482 [31mtotal : 2.742398 [31mdiag_kl_1 : 0.529491 [31mdiag_kl_2 : 1.244634 [94mAcc_combined: 57.52 [94mAcc_c: 45.10 [94mAcc_g: 17.08 [92mF1_combined: 54.29 [92mF1_c: 45.08 [92mF1_g: 15.16 [39m
2026-07-25 19:39:24,995 - Agent - INFO - [37mTest Epoch 38 step 38 with [31mce_loss_combined : 1.366806 [31mce_loss_c : 1.905128 [31mce_loss_g : 1.914418 [31mkl_synergy_rand_1 : 0.397054 [31mkl_synergy_rand_2 : 0.323602 [31mkl_synergy_1 : 0.386738 [31mkl_synergy_2 : 0.339377 [31mtotal : 2.813577 [31mdiag_kl_1 : 0.527444 [31mdiag_kl_2 : 1.106285 [94mAcc_combined: 54.28 [94mAcc_c: 42.05 [94mAcc_g: 20.24 [92mF1_combined: 49.19 [92mF1_c: 41.35 [92mF1_g: 17.92 [39m
2026-07-25 19:39:40,742 - Agent - INFO - We are in the final state.
2026-07-25 19:39:41,326 - root - INFO - Loaded best model from best_model_accuracy_state_dict
2026-07-25 19:39:58,123 - Agent - INFO - [37mVal Epoch 38 step 0 with [31mce_loss_combined : 1.122357 [31mce_loss_c : 1.959716 [31mce_loss_g : 2.316390 [31mkl_synergy_rand_1 : 0.773560 [31mkl_synergy_rand_2 : 0.461148 [31mkl_synergy_1 : 0.776310 [31mkl_synergy_2 : 0.472549 [31mtotal : 3.605924 [31mdiag_kl_1 : 0.795888 [31mdiag_kl_2 : 0.602402 [94mAcc_combined: 62.64 [94mAcc_c: 53.64 [94mAcc_g: 30.07 [92mF1_combined: 55.60 [92mF1_c: 50.34 [92mF1_g: 26.46 [39m
2026-07-25 19:40:14,285 - Agent - INFO - [37mTest Epoch 38 step 0 with [31mce_loss_combined : 1.276641 [31mce_loss_c : 2.556684 [31mce_loss_g : 2.086698 [31mkl_synergy_rand_1 : 0.762985 [31mkl_synergy_rand_2 : 0.410014 [31mkl_synergy_1 : 0.786713 [31mkl_synergy_2 : 0.422450 [31mtotal : 3.658803 [31mdiag_kl_1 : 0.757413 [31mdiag_kl_2 : 0.520023 [94mAcc_combined: 58.18 [94mAcc_c: 48.16 [94mAcc_g: 39.38 [92mF1_combined: 50.92 [92mF1_c: 44.48 [92mF1_g: 34.25 [39m
2026-07-25 19:40:17,037 - Agent - INFO - [37mModel saved successfully at: ./data/data/2025_data/synergy/CremadPlus/v2/SynIB_RMask_U_REFABL_cremad_fold0_l1.0_ir0.5_perturbrandom_fillema_pmin0.20_refunimodal_anchor.pth.tar[39m
Job finished
