Starting SynIB reference-ablation job
Python 3.12.12
/esat/smcdata/users/kkontras/Image_Dataset/no_backup/git/SynIB  (git a0225b1)
GPU 0: NVIDIA A100-SXM4-80GB (UUID: GPU-0c8fa56f-68d8-2be1-386b-340c6ae9af51)
Executing: PYTHONPATH=src /esat/smcdata/users/kkontras/Image_Dataset/no_backup/envs/synergy/bin/python -m synib.entrypoints.train --config run/configs/rebuttal_ref_ablation/cremad_synib_u.json --default_config run/configs/rebuttal_ref_ablation/cremad_default.json --fold 1 --ironic_rate 0.1 --rmask random --l 1.0 --perturb_pmin 0.20 --perturb_fill ema --reference_type unimodal_anchor --ref_diag --start_over --tag REFABL_cremad_a01
Namespace(config='run/configs/rebuttal_ref_ablation/cremad_synib_u.json', default_config='run/configs/rebuttal_ref_ablation/cremad_default.json', fold='1', alpha=None, tanh_mode_beta=None, regby=None, batch_size=None, l='1.0', multil=None, lib=None, kmepoch=None, num_samples=None, contrcoeff=None, contr_type=None, shuffle_type=None, validate_with=None, num_classes=None, optim_method=None, ending_epoch=None, load_ongoing=None, recon_weight1=None, recon_weight2=None, recon_epochstages=None, recon_ensemblestages=None, lr=None, wd=None, cls=None, ironic_rate='0.1', perturb='random', perturb_fill='ema', perturb_pmax=None, perturb_pmin='0.20', perturb_lsparse=None, rmask='random', pmin=None, pmax=None, lsparse=None, debug_mask_stats=False, pre=False, frozen=False, tdqm_disable=False, start_over=True, no_model_save=False, num_layers=None, grad_accum=None, init_from=None, init_strict=False, perturb_lsparse_sign=None, l_anneal_epochs=None, perturb_steps=None, perturb_lsparse_warmup=None, perturb_lsparse_schedule=None, persist_ell=False, save_masks=False, penalty_swap=False, disable_ce_random=False, disable_kl_learned=False, masking_only=False, modality_dropout=None, modality_dropout_target=None, l_z1_masked=None, l_z2_masked=None, l_pareto=None, reference_type='unimodal_anchor', ref_diag=True, ref_ema_decay=None, tag='REFABL_cremad_a01')
2026-07-26 03:22:31,672 - Config - INFO - run/configs/rebuttal_ref_ablation/cremad_synib_u.json
2026-07-26 03:22:31,674 - Config - INFO -  THE Configuration of your experiment ..
{'agent': 'Agent',
 'dataset': {'data_roots': './data/CremaD/CREMA-D',
             'data_split': {'fold': 0, 'method': 'non_inclusive'},
             'dataloader_class': 'IronyCremadDataloader',
             'fps': 1,
             'ironic_label_name': 'SARCASM',
             'ironic_modes': ['train', 'val', 'test'],
             'ironic_rate': 1.0,
             'norm': False,
             'norm_face_path': './src/synib/mydatasets/Irony_Cremad/assets/norms/norm_face_path_fold{}.pkl',
             'norm_wav_path': './src/synib/mydatasets/Irony_Cremad/assets/norms/wav_norm_22050_fold{}.pkl',
             'num_frame': 3,
             'return_data': {'audio': False,
                             'face': False,
                             'spectrogram': True,
                             'video': True},
             'sampling_rate': 22050},
 'early_stopping': {'end_of_epoch_check': True,
                    'log_interval': 10,
                    'max_epoch': 1500,
                    'n_steps_stop': 30,
                    'n_steps_stop_after': 0,
                    'save_every_step': 3000,
                    'save_every_valstep': 10,
                    'validate_after': 0,
                    'validate_every': 25,
                    'validate_with': 'accuracy'},
 'exp_name': 'CREMAD Experiment',
 'model': {'args': {'bias_infusion': {'contrcoeff': 0.0, 'l': 1.0},
                    'cls_type': 'mlp',
                    'd_model': 512,
                    'dropout': 0.1,
                    'fc_inner': 64,
                    'in_dim': 64,
                    'multi_loss': {'multi_supervised_w': {'c': 1,
                                                          'combined': 1,
                                                          'g': 1}},
                    'norm_decision': False,
                    'num_classes': 7,
                    'synergy_type': 'unimodal_anchor'},
           'ceu': {'test': './artifacts/ceus/cremad/cremadplus_ceu_test_res_{}.pkl',
                   'val': './artifacts/ceus/cremad/cremadplus_ceu_val_res_{}.pkl'},
           'encoders': [{'args': {'d_model': 512,
                                  'dropout': 0.1,
                                  'fc_inner': 64,
                                  'freeze_encoder': False,
                                  'num_classes': 7},
                         'model': 'Audio_ResNet',
                         'name': 'enc_0_modality1_encoder',
                         'pretrainedEncoder': {'dir': 'unimodal_audio_fold{}_ir1.0_lr0.001_wd0.0001_clsmlp_bs64.pth.tar',
                                               'use': True},
                         'save_encoder': False},
                        {'args': {'d_model': 512,
                                  'dropout': 0.1,
                                  'fc_inner': 64,
                                  'freeze_encoder': False,
                                  'num_classes': 7},
                         'model': 'Video_ResNet',
                         'name': 'enc_1_modality2_encoder',
                         'pretrainedEncoder': {'dir': 'unimodal_video_fold{}_ir1.0_lr0.0001_wd0.0001_clsmlp_bs64.pth.tar',
                                               'use': True},
                         'save_encoder': False},
                        {'args': {'d_model': 512,
                                  'dropout': 0.1,
                                  'fc_inner': 64,
                                  'freeze_encoder': False},
                         'model': 'FusionTrunkLinear',
                         'name': 'enc_2_fusion_trunk',
                         'pretrainedEncoder': {'dir': 'enc_2_fusion_trunk_fold{}.pth.tar',
                                               'use': False},
                         'save_encoder': False},
                        {'args': {'freeze_encoder': False,
                                  'in_dim': 64,
                                  'num_classes': 7},
                         'model': 'LinearHead',
                         'name': 'enc_3_fusion_head',
                         'pretrainedEncoder': {'dir': 'enc_3_fusion_head_fold{}.pth.tar',
                                               'use': False},
                         'save_encoder': False},
                        {'args': {'dropout': 0.1,
                                  'freeze_encoder': False,
                                  'hidden_dim': 64,
                                  'in_dim': 512,
                                  'num_classes': 7},
                         'model': 'MLPHead',
                         'name': 'enc_4_unimodal_head_1',
                         'pretrainedEncoder': {'dir': 'enc_4_unimodal1_fold{}.pth.tar',
                                               'use': False},
                         'save_encoder': False},
                        {'args': {'dropout': 0.1,
                                  'freeze_encoder': False,
                                  'hidden_dim': 64,
                                  'in_dim': 512,
                                  'num_classes': 7},
                         'model': 'MLPHead',
                         'name': 'enc_5_unimodal_head_2',
                         'pretrainedEncoder': {'dir': 'enc_5_unimodal2_fold{}.pth.tar',
                                               'use': False},
                         'save_encoder': False}],
           'load_ongoing': False,
           'model_class': 'FusionIBModel_Mask_U',
           'save_base_dir': './data/data/2025_data/synergy/CremadPlus/v2',
           'save_dir': 'SynIB_RMask_U_{}.pth.tar'},
 'optimizer': {'beta1': 0.9,
               'beta2': 0.999,
               'learning_rate': 1e-05,
               'momentum': 0.9,
               'type': 'Adam',
               'weight_decay': 1e-05},
 'scheduler': {'max_lr': 0.03, 'type': 'cosanneal', 'warm_up_steps': 780},
 'training_params': {'async_loading': True,
                     'batch_size': 128,
                     'cuda': True,
                     'data_loader_workers': 8,
                     'gpu_device': [0],
                     'pin_memory': False,
                     'rec_test': True,
                     'res': True,
                     'seed': 109,
                     'tdqm_disable': False,
                     'test_batch_size': 128,
                     'test_on_bottoms': True,
                     'use_test_set': True,
                     'validation': True,
                     'verbose': True,
                     'wandb_disable': False}}
2026-07-26 03:22:31,677 - Config - INFO -  *************************************** 
2026-07-26 03:22:31,677 - Config - INFO - The experiment name is CREMAD Experiment
2026-07-26 03:22:31,677 - Config - INFO -  *************************************** 
2026-07-26 03:22:31,677 - root - INFO - save_dir: SynIB_RMask_U_REFABL_cremad_a01_fold1_l1.0_ir0.1_perturbrandom_fillema_pmin0.20_refunimodal_anchor.pth.tar
2026-07-26 03:22:32,004 - Cuda Statistics - INFO - __Python VERSION:  3.12.12 | packaged by Anaconda, Inc. | (main, Oct 21 2025, 20:16:04) [GCC 11.2.0]
2026-07-26 03:22:32,005 - Cuda Statistics - INFO - __pyTorch VERSION:  2.7.1+cu118
2026-07-26 03:22:32,005 - Cuda Statistics - INFO - __CUDA VERSION
2026-07-26 03:22:32,006 - Cuda Statistics - INFO - __CUDNN VERSION:  90100
2026-07-26 03:22:32,033 - Cuda Statistics - INFO - __Number CUDA Devices:  1
2026-07-26 03:22:32,033 - Cuda Statistics - INFO - __Devices
2026-07-26 03:22:32,033 - Cuda Statistics - INFO - index, name, driver_version, memory.total [MiB], memory.used [MiB], memory.free [MiB]
2026-07-26 03:22:32,033 - Cuda Statistics - INFO - 0, NVIDIA A100-SXM4-80GB, 595.71.05, 81920 MiB, 4 MiB, 81150 MiB
2026-07-26 03:22:32,036 - Cuda Statistics - INFO - Active CUDA Device: GPU 0
2026-07-26 03:22:32,036 - Cuda Statistics - INFO - Available devices  1
2026-07-26 03:22:32,036 - Cuda Statistics - INFO - Current cuda device  0
2026-07-26 03:22:33,947 - IronyCremadDataset - INFO - Loaded wav norm from ./src/synib/mydatasets/Irony_Cremad/assets/norms/wav_norm_22050_fold1.pkl
2026-07-26 03:22:34,265 - IronyCremadDataset - INFO - Loaded wav norm from ./src/synib/mydatasets/Irony_Cremad/assets/norms/wav_norm_22050_fold1.pkl
2026-07-26 03:22:34,650 - IronyCremadDataset - INFO - Loaded wav norm from ./src/synib/mydatasets/Irony_Cremad/assets/norms/wav_norm_22050_fold1.pkl
2026-07-26 03:22:34,656 - Agent - INFO - Device: cuda:0
2026-07-26 03:22:34,656 - Agent - INFO - Total training batches: 32, validate every 25 batches, steps per epoch: 2
2026-07-26 03:22:34,746 - Agent - INFO - Loss Weights are {'total': 1, 'combined': 1, 'c': 1, 'g': 1}
2026-07-26 03:22:34,746 - root - INFO - There is no CEU for train
2026-07-26 03:22:34,748 - root - INFO - There is no CEU for val
2026-07-26 03:22:34,748 - root - INFO - There is no CEU for test
{'d_model': 512, 'num_classes': 7, 'fc_inner': 64, 'dropout': 0.1, 'freeze_encoder': False}
2026-07-26 03:22:35,122 - root - INFO - Loading enc best model state dict from ./data/data/2025_data/synergy/CremadPlus/v2/unimodal_audio_fold1_ir0.1_lr0.001_wd0.0001_clsmlp_bs64.pth.tar
2026-07-26 03:22:35,535 - root - INFO - Loading enc best model state dict from ./data/data/2025_data/synergy/CremadPlus/v2/unimodal_video_fold1_ir0.1_lr0.0001_wd0.0001_clsmlp_bs64.pth.tar
2026-07-26 03:22:35,837 - Agent - INFO - Total number of trainable parameters are: 67194431
2026-07-26 03:22:35,846 - Agent - INFO - Total number of trainable parameters are: 22486563
2026-07-26 03:24:23,630 - Evaluator - INFO - New best with loss-accuracy-
2026-07-26 03:24:23,631 - Agent - INFO - [37mVal Epoch 1 step 1 with [31mce_loss_combined : 1.662124 [31mce_loss_c : 1.781441 [31mce_loss_g : 2.704091 [31mkl_synergy_rand_1 : 1.339783 [31mkl_synergy_rand_2 : 1.272259 [31mkl_synergy_1 : 1.335527 [31mkl_synergy_2 : 1.274442 [31mtotal : 6.884135 [31mdiag_kl_1 : 1.335951 [31mdiag_kl_2 : 1.266949 [94mAcc_combined: 54.26 [94mAcc_c: 59.82 [94mAcc_g: 49.49 [92mF1_combined: 42.80 [92mF1_c: 51.78 [92mF1_g: 40.07 [39m
2026-07-26 03:24:23,645 - Agent - INFO - [37mTest Epoch 1 step 1 with [31mce_loss_combined : 1.663236 [31mce_loss_c : 1.913326 [31mce_loss_g : 2.683918 [31mkl_synergy_rand_1 : 1.376464 [31mkl_synergy_rand_2 : 1.315168 [31mkl_synergy_1 : 1.375052 [31mkl_synergy_2 : 1.317484 [31mtotal : 7.047404 [31mdiag_kl_1 : 1.370866 [31mdiag_kl_2 : 1.316380 [94mAcc_combined: 56.39 [94mAcc_c: 60.55 [94mAcc_g: 52.13 [92mF1_combined: 47.06 [92mF1_c: 51.90 [92mF1_g: 42.54 [39m
2026-07-26 03:24:24,427 - Agent - INFO - [37mModel saved successfully at: ./data/data/2025_data/synergy/CremadPlus/v2/SynIB_RMask_U_REFABL_cremad_a01_fold1_l1.0_ir0.1_perturbrandom_fillema_pmin0.20_refunimodal_anchor.pth.tar[39m
2026-07-26 03:26:01,970 - Evaluator - INFO - New best with loss-accuracy-
2026-07-26 03:26:01,970 - Agent - INFO - [37mVal Epoch 2 step 2 with [31mce_loss_combined : 1.420496 [31mce_loss_c : 1.786580 [31mce_loss_g : 2.582608 [31mkl_synergy_rand_1 : 1.144287 [31mkl_synergy_rand_2 : 1.022010 [31mkl_synergy_1 : 1.144590 [31mkl_synergy_2 : 1.031695 [31mtotal : 5.763079 [31mdiag_kl_1 : 1.137411 [31mdiag_kl_2 : 1.023260 [94mAcc_combined: 57.66 [94mAcc_c: 59.48 [94mAcc_g: 47.67 [92mF1_combined: 46.58 [92mF1_c: 51.45 [92mF1_g: 40.08 [39m
2026-07-26 03:26:01,985 - Agent - INFO - [37mTest Epoch 2 step 2 with [31mce_loss_combined : 1.397493 [31mce_loss_c : 1.903700 [31mce_loss_g : 2.386397 [31mkl_synergy_rand_1 : 1.188497 [31mkl_synergy_rand_2 : 1.072688 [31mkl_synergy_1 : 1.194326 [31mkl_synergy_2 : 1.074416 [31mtotal : 5.927421 [31mdiag_kl_1 : 1.175151 [31mdiag_kl_2 : 1.068437 [94mAcc_combined: 63.39 [94mAcc_c: 60.87 [94mAcc_g: 49.62 [92mF1_combined: 51.72 [92mF1_c: 52.18 [92mF1_g: 42.10 [39m
2026-07-26 03:26:03,631 - Agent - INFO - [37mModel saved successfully at: ./data/data/2025_data/synergy/CremadPlus/v2/SynIB_RMask_U_REFABL_cremad_a01_fold1_l1.0_ir0.1_perturbrandom_fillema_pmin0.20_refunimodal_anchor.pth.tar[39m
2026-07-26 03:27:40,065 - Evaluator - INFO - New best with loss-accuracy-
2026-07-26 03:27:40,066 - Agent - INFO - [37mVal Epoch 3 step 3 with [31mce_loss_combined : 1.249518 [31mce_loss_c : 1.771622 [31mce_loss_g : 2.477133 [31mkl_synergy_rand_1 : 0.990629 [31mkl_synergy_rand_2 : 0.816875 [31mkl_synergy_1 : 0.993188 [31mkl_synergy_2 : 0.831507 [31mtotal : 4.881717 [31mdiag_kl_1 : 0.984260 [31mdiag_kl_2 : 0.850741 [94mAcc_combined: 61.63 [94mAcc_c: 58.23 [94mAcc_g: 45.29 [92mF1_combined: 51.61 [92mF1_c: 50.44 [92mF1_g: 39.43 [39m
2026-07-26 03:27:40,080 - Agent - INFO - [37mTest Epoch 3 step 3 with [31mce_loss_combined : 1.211385 [31mce_loss_c : 1.860374 [31mce_loss_g : 2.332615 [31mkl_synergy_rand_1 : 1.047847 [31mkl_synergy_rand_2 : 0.873571 [31mkl_synergy_1 : 1.046099 [31mkl_synergy_2 : 0.881558 [31mtotal : 5.060461 [31mdiag_kl_1 : 1.033404 [31mdiag_kl_2 : 0.878298 [94mAcc_combined: 66.45 [94mAcc_c: 60.22 [94mAcc_g: 48.09 [92mF1_combined: 55.29 [92mF1_c: 51.85 [92mF1_g: 41.21 [39m
2026-07-26 03:27:42,234 - Agent - INFO - [37mModel saved successfully at: ./data/data/2025_data/synergy/CremadPlus/v2/SynIB_RMask_U_REFABL_cremad_a01_fold1_l1.0_ir0.1_perturbrandom_fillema_pmin0.20_refunimodal_anchor.pth.tar[39m
2026-07-26 03:29:15,851 - Evaluator - INFO - New best with loss-accuracy-
2026-07-26 03:29:15,852 - Agent - INFO - [37mVal Epoch 4 step 4 with [31mce_loss_combined : 1.111270 [31mce_loss_c : 1.703252 [31mce_loss_g : 2.141512 [31mkl_synergy_rand_1 : 0.843174 [31mkl_synergy_rand_2 : 0.668432 [31mkl_synergy_1 : 0.850667 [31mkl_synergy_2 : 0.682535 [31mtotal : 4.156077 [31mdiag_kl_1 : 0.851863 [31mdiag_kl_2 : 0.714085 [94mAcc_combined: 65.49 [94mAcc_c: 58.00 [94mAcc_g: 43.36 [92mF1_combined: 55.87 [92mF1_c: 50.20 [92mF1_g: 38.13 [39m
2026-07-26 03:29:15,866 - Agent - INFO - [37mTest Epoch 4 step 4 with [31mce_loss_combined : 1.051121 [31mce_loss_c : 1.771316 [31mce_loss_g : 2.210901 [31mkl_synergy_rand_1 : 0.901472 [31mkl_synergy_rand_2 : 0.696831 [31mkl_synergy_1 : 0.896012 [31mkl_synergy_2 : 0.698242 [31mtotal : 4.243678 [31mdiag_kl_1 : 0.901478 [31mdiag_kl_2 : 0.719302 [94mAcc_combined: 70.93 [94mAcc_c: 59.78 [94mAcc_g: 45.36 [92mF1_combined: 60.34 [92mF1_c: 51.58 [92mF1_g: 39.48 [39m
2026-07-26 03:29:17,609 - Agent - INFO - [37mModel saved successfully at: ./data/data/2025_data/synergy/CremadPlus/v2/SynIB_RMask_U_REFABL_cremad_a01_fold1_l1.0_ir0.1_perturbrandom_fillema_pmin0.20_refunimodal_anchor.pth.tar[39m
2026-07-26 03:31:01,970 - Evaluator - INFO - New best with loss-accuracy-
2026-07-26 03:31:01,971 - Agent - INFO - [37mVal Epoch 5 step 5 with [31mce_loss_combined : 0.991925 [31mce_loss_c : 1.634140 [31mce_loss_g : 2.050179 [31mkl_synergy_rand_1 : 0.700076 [31mkl_synergy_rand_2 : 0.582929 [31mkl_synergy_1 : 0.702859 [31mkl_synergy_2 : 0.596940 [31mtotal : 3.574729 [31mdiag_kl_1 : 0.711288 [31mdiag_kl_2 : 0.646293 [94mAcc_combined: 70.26 [94mAcc_c: 57.78 [94mAcc_g: 40.30 [92mF1_combined: 60.22 [92mF1_c: 50.17 [92mF1_g: 36.10 [39m
2026-07-26 03:31:01,988 - Agent - INFO - [37mTest Epoch 5 step 5 with [31mce_loss_combined : 0.949676 [31mce_loss_c : 1.692301 [31mce_loss_g : 2.133159 [31mkl_synergy_rand_1 : 0.758432 [31mkl_synergy_rand_2 : 0.613822 [31mkl_synergy_1 : 0.758030 [31mkl_synergy_2 : 0.622302 [31mtotal : 3.702261 [31mdiag_kl_1 : 0.768792 [31mdiag_kl_2 : 0.664177 [94mAcc_combined: 71.80 [94mAcc_c: 58.25 [94mAcc_g: 42.62 [92mF1_combined: 61.31 [92mF1_c: 50.34 [92mF1_g: 36.85 [39m
2026-07-26 03:31:03,714 - Agent - INFO - [37mModel saved successfully at: ./data/data/2025_data/synergy/CremadPlus/v2/SynIB_RMask_U_REFABL_cremad_a01_fold1_l1.0_ir0.1_perturbrandom_fillema_pmin0.20_refunimodal_anchor.pth.tar[39m
2026-07-26 03:32:46,031 - Agent - INFO - [37mVal Epoch 6 step 6 with [31mce_loss_combined : 0.996558 [31mce_loss_c : 1.580491 [31mce_loss_g : 2.167705 [31mkl_synergy_rand_1 : 0.635560 [31mkl_synergy_rand_2 : 0.544025 [31mkl_synergy_1 : 0.631592 [31mkl_synergy_2 : 0.560999 [31mtotal : 3.368734 [31mdiag_kl_1 : 0.675702 [31mdiag_kl_2 : 0.634538 [94mAcc_combined: 68.22 [94mAcc_c: 58.00 [94mAcc_g: 36.32 [92mF1_combined: 58.72 [92mF1_c: 50.34 [92mF1_g: 32.64 [39m
2026-07-26 03:32:46,057 - Agent - INFO - [37mTest Epoch 6 step 6 with [31mce_loss_combined : 0.938028 [31mce_loss_c : 1.639095 [31mce_loss_g : 2.272993 [31mkl_synergy_rand_1 : 0.700584 [31mkl_synergy_rand_2 : 0.544633 [31mkl_synergy_1 : 0.682618 [31mkl_synergy_2 : 0.556683 [31mtotal : 3.422546 [31mdiag_kl_1 : 0.731177 [31mdiag_kl_2 : 0.612607 [94mAcc_combined: 70.93 [94mAcc_c: 57.60 [94mAcc_g: 37.16 [92mF1_combined: 60.60 [92mF1_c: 49.93 [92mF1_g: 31.94 [39m
2026-07-26 03:34:23,599 - Evaluator - INFO - New best with loss-
2026-07-26 03:34:23,600 - Agent - INFO - [37mVal Epoch 7 step 7 with [31mce_loss_combined : 0.946736 [31mce_loss_c : 1.547541 [31mce_loss_g : 2.156227 [31mkl_synergy_rand_1 : 0.555859 [31mkl_synergy_rand_2 : 0.530184 [31mkl_synergy_1 : 0.537779 [31mkl_synergy_2 : 0.553312 [31mtotal : 3.123869 [31mdiag_kl_1 : 0.584267 [31mdiag_kl_2 : 0.669559 [94mAcc_combined: 70.03 [94mAcc_c: 55.96 [94mAcc_g: 32.46 [92mF1_combined: 60.38 [92mF1_c: 48.49 [92mF1_g: 28.27 [39m
2026-07-26 03:34:23,615 - Agent - INFO - [37mTest Epoch 7 step 7 with [31mce_loss_combined : 0.913509 [31mce_loss_c : 1.615746 [31mce_loss_g : 2.230646 [31mkl_synergy_rand_1 : 0.607396 [31mkl_synergy_rand_2 : 0.539179 [31mkl_synergy_1 : 0.594106 [31mkl_synergy_2 : 0.552745 [31mtotal : 3.206935 [31mdiag_kl_1 : 0.654011 [31mdiag_kl_2 : 0.636280 [94mAcc_combined: 70.82 [94mAcc_c: 56.72 [94mAcc_g: 33.44 [92mF1_combined: 60.60 [92mF1_c: 49.27 [92mF1_g: 28.30 [39m
2026-07-26 03:34:25,671 - Agent - INFO - [37mModel saved successfully at: ./data/data/2025_data/synergy/CremadPlus/v2/SynIB_RMask_U_REFABL_cremad_a01_fold1_l1.0_ir0.1_perturbrandom_fillema_pmin0.20_refunimodal_anchor.pth.tar[39m
2026-07-26 03:36:06,743 - Evaluator - INFO - New best with accuracy-
2026-07-26 03:36:06,744 - Agent - INFO - [37mVal Epoch 8 step 8 with [31mce_loss_combined : 0.952486 [31mce_loss_c : 1.533866 [31mce_loss_g : 2.277389 [31mkl_synergy_rand_1 : 0.520314 [31mkl_synergy_rand_2 : 0.533442 [31mkl_synergy_1 : 0.502684 [31mkl_synergy_2 : 0.554252 [31mtotal : 3.063177 [31mdiag_kl_1 : 0.530099 [31mdiag_kl_2 : 0.769709 [94mAcc_combined: 71.06 [94mAcc_c: 55.96 [94mAcc_g: 23.84 [92mF1_combined: 61.41 [92mF1_c: 48.63 [92mF1_g: 20.54 [39m
2026-07-26 03:36:06,759 - Agent - INFO - [37mTest Epoch 8 step 8 with [31mce_loss_combined : 0.921173 [31mce_loss_c : 1.594742 [31mce_loss_g : 2.375447 [31mkl_synergy_rand_1 : 0.543621 [31mkl_synergy_rand_2 : 0.549842 [31mkl_synergy_1 : 0.539148 [31mkl_synergy_2 : 0.564490 [31mtotal : 3.118274 [31mdiag_kl_1 : 0.587635 [31mdiag_kl_2 : 0.730794 [94mAcc_combined: 69.95 [94mAcc_c: 55.96 [94mAcc_g: 28.52 [92mF1_combined: 59.72 [92mF1_c: 48.66 [92mF1_g: 24.50 [39m
2026-07-26 03:36:09,550 - Agent - INFO - [37mModel saved successfully at: ./data/data/2025_data/synergy/CremadPlus/v2/SynIB_RMask_U_REFABL_cremad_a01_fold1_l1.0_ir0.1_perturbrandom_fillema_pmin0.20_refunimodal_anchor.pth.tar[39m
2026-07-26 03:37:44,893 - Agent - INFO - [37mVal Epoch 9 step 9 with [31mce_loss_combined : 0.995860 [31mce_loss_c : 1.508576 [31mce_loss_g : 2.482786 [31mkl_synergy_rand_1 : 0.473410 [31mkl_synergy_rand_2 : 0.529435 [31mkl_synergy_1 : 0.460091 [31mkl_synergy_2 : 0.555105 [31mtotal : 3.013901 [31mdiag_kl_1 : 0.504769 [31mdiag_kl_2 : 0.853972 [94mAcc_combined: 69.13 [94mAcc_c: 55.85 [94mAcc_g: 17.82 [92mF1_combined: 59.88 [92mF1_c: 48.29 [92mF1_g: 13.98 [39m
2026-07-26 03:37:44,908 - Agent - INFO - [37mTest Epoch 9 step 9 with [31mce_loss_combined : 0.977500 [31mce_loss_c : 1.578307 [31mce_loss_g : 2.606779 [31mkl_synergy_rand_1 : 0.503933 [31mkl_synergy_rand_2 : 0.527754 [31mkl_synergy_1 : 0.497941 [31mkl_synergy_2 : 0.554371 [31mtotal : 3.061499 [31mdiag_kl_1 : 0.567035 [31mdiag_kl_2 : 0.821091 [94mAcc_combined: 67.32 [94mAcc_c: 55.41 [94mAcc_g: 23.93 [92mF1_combined: 57.48 [92mF1_c: 48.05 [92mF1_g: 19.00 [39m
2026-07-26 03:39:29,806 - Agent - INFO - [37mVal Epoch 10 step 10 with [31mce_loss_combined : 1.085740 [31mce_loss_c : 1.484420 [31mce_loss_g : 2.751720 [31mkl_synergy_rand_1 : 0.453595 [31mkl_synergy_rand_2 : 0.541405 [31mkl_synergy_1 : 0.451579 [31mkl_synergy_2 : 0.579179 [31mtotal : 3.111499 [31mdiag_kl_1 : 0.492136 [31mdiag_kl_2 : 1.015134 [94mAcc_combined: 66.63 [94mAcc_c: 56.53 [94mAcc_g: 13.62 [92mF1_combined: 57.74 [92mF1_c: 49.14 [92mF1_g: 10.03 [39m
2026-07-26 03:39:29,824 - Agent - INFO - [37mTest Epoch 10 step 10 with [31mce_loss_combined : 1.063008 [31mce_loss_c : 1.567286 [31mce_loss_g : 2.860585 [31mkl_synergy_rand_1 : 0.455361 [31mkl_synergy_rand_2 : 0.529032 [31mkl_synergy_1 : 0.460141 [31mkl_synergy_2 : 0.551858 [31mtotal : 3.059400 [31mdiag_kl_1 : 0.540970 [31mdiag_kl_2 : 0.972545 [94mAcc_combined: 65.14 [94mAcc_c: 55.85 [94mAcc_g: 18.03 [92mF1_combined: 57.31 [92mF1_c: 48.59 [92mF1_g: 15.12 [39m
2026-07-26 03:41:14,509 - Agent - INFO - [37mVal Epoch 11 step 11 with [31mce_loss_combined : 1.128109 [31mce_loss_c : 1.445830 [31mce_loss_g : 2.884538 [31mkl_synergy_rand_1 : 0.395547 [31mkl_synergy_rand_2 : 0.570292 [31mkl_synergy_1 : 0.412013 [31mkl_synergy_2 : 0.596442 [31mtotal : 3.102402 [31mdiag_kl_1 : 0.466668 [31mdiag_kl_2 : 1.118869 [94mAcc_combined: 64.70 [94mAcc_c: 56.07 [94mAcc_g: 11.35 [92mF1_combined: 56.05 [92mF1_c: 48.60 [92mF1_g: 8.12 [39m
2026-07-26 03:41:14,562 - Agent - INFO - [37mTest Epoch 11 step 11 with [31mce_loss_combined : 1.124819 [31mce_loss_c : 1.545629 [31mce_loss_g : 2.987784 [31mkl_synergy_rand_1 : 0.401806 [31mkl_synergy_rand_2 : 0.536705 [31mkl_synergy_1 : 0.424025 [31mkl_synergy_2 : 0.559803 [31mtotal : 3.047158 [31mdiag_kl_1 : 0.510022 [31mdiag_kl_2 : 1.085467 [94mAcc_combined: 62.73 [94mAcc_c: 55.63 [94mAcc_g: 12.13 [92mF1_combined: 55.29 [92mF1_c: 48.25 [92mF1_g: 10.73 [39m
2026-07-26 03:42:52,020 - Agent - INFO - [37mVal Epoch 12 step 12 with [31mce_loss_combined : 1.155553 [31mce_loss_c : 1.424556 [31mce_loss_g : 2.985987 [31mkl_synergy_rand_1 : 0.359811 [31mkl_synergy_rand_2 : 0.573854 [31mkl_synergy_1 : 0.373091 [31mkl_synergy_2 : 0.593759 [31mtotal : 3.056067 [31mdiag_kl_1 : 0.455622 [31mdiag_kl_2 : 1.174945 [94mAcc_combined: 63.00 [94mAcc_c: 56.64 [94mAcc_g: 11.46 [92mF1_combined: 54.56 [92mF1_c: 49.07 [92mF1_g: 7.93 [39m
2026-07-26 03:42:52,035 - Agent - INFO - [37mTest Epoch 12 step 12 with [31mce_loss_combined : 1.170144 [31mce_loss_c : 1.492883 [31mce_loss_g : 3.065819 [31mkl_synergy_rand_1 : 0.375870 [31mkl_synergy_rand_2 : 0.537136 [31mkl_synergy_1 : 0.395794 [31mkl_synergy_2 : 0.562598 [31mtotal : 3.041542 [31mdiag_kl_1 : 0.498720 [31mdiag_kl_2 : 1.157835 [94mAcc_combined: 61.53 [94mAcc_c: 57.05 [94mAcc_g: 9.73 [92mF1_combined: 52.58 [92mF1_c: 49.39 [92mF1_g: 8.87 [39m
2026-07-26 03:44:33,412 - Agent - INFO - [37mVal Epoch 13 step 13 with [31mce_loss_combined : 1.235536 [31mce_loss_c : 1.400614 [31mce_loss_g : 3.023561 [31mkl_synergy_rand_1 : 0.335181 [31mkl_synergy_rand_2 : 0.567626 [31mkl_synergy_1 : 0.353586 [31mkl_synergy_2 : 0.591727 [31mtotal : 3.083657 [31mdiag_kl_1 : 0.467145 [31mdiag_kl_2 : 1.321221 [94mAcc_combined: 60.39 [94mAcc_c: 56.64 [94mAcc_g: 8.97 [92mF1_combined: 52.54 [92mF1_c: 49.09 [92mF1_g: 5.98 [39m
2026-07-26 03:44:33,427 - Agent - INFO - [37mTest Epoch 13 step 13 with [31mce_loss_combined : 1.253625 [31mce_loss_c : 1.482929 [31mce_loss_g : 3.154697 [31mkl_synergy_rand_1 : 0.338253 [31mkl_synergy_rand_2 : 0.547076 [31mkl_synergy_1 : 0.358764 [31mkl_synergy_2 : 0.570915 [31mtotal : 3.068634 [31mdiag_kl_1 : 0.487748 [31mdiag_kl_2 : 1.300948 [94mAcc_combined: 58.36 [94mAcc_c: 56.83 [94mAcc_g: 6.12 [92mF1_combined: 50.06 [92mF1_c: 49.25 [92mF1_g: 4.77 [39m
2026-07-26 03:46:16,621 - Agent - INFO - [37mVal Epoch 14 step 14 with [31mce_loss_combined : 1.271738 [31mce_loss_c : 1.377453 [31mce_loss_g : 3.042011 [31mkl_synergy_rand_1 : 0.317744 [31mkl_synergy_rand_2 : 0.554234 [31mkl_synergy_1 : 0.330833 [31mkl_synergy_2 : 0.583950 [31mtotal : 3.058499 [31mdiag_kl_1 : 0.460933 [31mdiag_kl_2 : 1.395739 [94mAcc_combined: 58.23 [94mAcc_c: 56.64 [94mAcc_g: 8.29 [92mF1_combined: 50.57 [92mF1_c: 49.06 [92mF1_g: 6.37 [39m
2026-07-26 03:46:16,636 - Agent - INFO - [37mTest Epoch 14 step 14 with [31mce_loss_combined : 1.303488 [31mce_loss_c : 1.472281 [31mce_loss_g : 3.193036 [31mkl_synergy_rand_1 : 0.314165 [31mkl_synergy_rand_2 : 0.542257 [31mkl_synergy_1 : 0.331872 [31mkl_synergy_2 : 0.573925 [31mtotal : 3.065707 [31mdiag_kl_1 : 0.476696 [31mdiag_kl_2 : 1.379305 [94mAcc_combined: 56.28 [94mAcc_c: 57.27 [94mAcc_g: 5.36 [92mF1_combined: 48.27 [92mF1_c: 49.56 [92mF1_g: 5.55 [39m
2026-07-26 03:48:02,221 - Agent - INFO - [37mVal Epoch 15 step 15 with [31mce_loss_combined : 1.296350 [31mce_loss_c : 1.369244 [31mce_loss_g : 3.002988 [31mkl_synergy_rand_1 : 0.272561 [31mkl_synergy_rand_2 : 0.566272 [31mkl_synergy_1 : 0.293123 [31mkl_synergy_2 : 0.591233 [31mtotal : 3.019539 [31mdiag_kl_1 : 0.450988 [31mdiag_kl_2 : 1.459156 [94mAcc_combined: 58.00 [94mAcc_c: 56.87 [94mAcc_g: 8.06 [92mF1_combined: 50.31 [92mF1_c: 49.35 [92mF1_g: 6.34 [39m
2026-07-26 03:48:02,236 - Agent - INFO - [37mTest Epoch 15 step 15 with [31mce_loss_combined : 1.336494 [31mce_loss_c : 1.432829 [31mce_loss_g : 3.173139 [31mkl_synergy_rand_1 : 0.281364 [31mkl_synergy_rand_2 : 0.572143 [31mkl_synergy_1 : 0.301630 [31mkl_synergy_2 : 0.572562 [31mtotal : 3.064193 [31mdiag_kl_1 : 0.466593 [31mdiag_kl_2 : 1.470731 [94mAcc_combined: 55.52 [94mAcc_c: 56.83 [94mAcc_g: 4.15 [92mF1_combined: 47.72 [92mF1_c: 49.21 [92mF1_g: 4.11 [39m
2026-07-26 03:49:40,491 - Agent - INFO - [37mVal Epoch 16 step 16 with [31mce_loss_combined : 1.308911 [31mce_loss_c : 1.346705 [31mce_loss_g : 2.998775 [31mkl_synergy_rand_1 : 0.256411 [31mkl_synergy_rand_2 : 0.562193 [31mkl_synergy_1 : 0.276748 [31mkl_synergy_2 : 0.581068 [31mtotal : 2.985330 [31mdiag_kl_1 : 0.432949 [31mdiag_kl_2 : 1.508331 [94mAcc_combined: 56.75 [94mAcc_c: 56.64 [94mAcc_g: 7.15 [92mF1_combined: 49.04 [92mF1_c: 49.28 [92mF1_g: 5.76 [39m
2026-07-26 03:49:40,506 - Agent - INFO - [37mTest Epoch 16 step 16 with [31mce_loss_combined : 1.368985 [31mce_loss_c : 1.433476 [31mce_loss_g : 3.161170 [31mkl_synergy_rand_1 : 0.261640 [31mkl_synergy_rand_2 : 0.574596 [31mkl_synergy_1 : 0.284107 [31mkl_synergy_2 : 0.583682 [31mtotal : 3.073010 [31mdiag_kl_1 : 0.443858 [31mdiag_kl_2 : 1.524301 [94mAcc_combined: 54.21 [94mAcc_c: 56.94 [94mAcc_g: 3.61 [92mF1_combined: 46.43 [92mF1_c: 49.07 [92mF1_g: 4.28 [39m
2026-07-26 03:51:23,971 - Agent - INFO - [37mVal Epoch 17 step 17 with [31mce_loss_combined : 1.313788 [31mce_loss_c : 1.342880 [31mce_loss_g : 2.939457 [31mkl_synergy_rand_1 : 0.237729 [31mkl_synergy_rand_2 : 0.576416 [31mkl_synergy_1 : 0.252222 [31mkl_synergy_2 : 0.576903 [31mtotal : 2.957058 [31mdiag_kl_1 : 0.433249 [31mdiag_kl_2 : 1.523091 [94mAcc_combined: 56.64 [94mAcc_c: 56.07 [94mAcc_g: 7.95 [92mF1_combined: 48.97 [92mF1_c: 48.75 [92mF1_g: 6.32 [39m
2026-07-26 03:51:23,987 - Agent - INFO - [37mTest Epoch 17 step 17 with [31mce_loss_combined : 1.363514 [31mce_loss_c : 1.410121 [31mce_loss_g : 3.070654 [31mkl_synergy_rand_1 : 0.247146 [31mkl_synergy_rand_2 : 0.586030 [31mkl_synergy_1 : 0.266877 [31mkl_synergy_2 : 0.578650 [31mtotal : 3.042218 [31mdiag_kl_1 : 0.447489 [31mdiag_kl_2 : 1.542797 [94mAcc_combined: 54.64 [94mAcc_c: 56.28 [94mAcc_g: 3.83 [92mF1_combined: 47.02 [92mF1_c: 48.56 [92mF1_g: 4.67 [39m
2026-07-26 03:53:06,687 - Agent - INFO - [37mVal Epoch 18 step 18 with [31mce_loss_combined : 1.331878 [31mce_loss_c : 1.346751 [31mce_loss_g : 2.871505 [31mkl_synergy_rand_1 : 0.247128 [31mkl_synergy_rand_2 : 0.555411 [31mkl_synergy_1 : 0.256304 [31mkl_synergy_2 : 0.553528 [31mtotal : 2.944249 [31mdiag_kl_1 : 0.433781 [31mdiag_kl_2 : 1.569691 [94mAcc_combined: 56.64 [94mAcc_c: 54.94 [94mAcc_g: 7.15 [92mF1_combined: 48.86 [92mF1_c: 47.82 [92mF1_g: 6.13 [39m
2026-07-26 03:53:06,753 - Agent - INFO - [37mTest Epoch 18 step 18 with [31mce_loss_combined : 1.381577 [31mce_loss_c : 1.408088 [31mce_loss_g : 3.040218 [31mkl_synergy_rand_1 : 0.247168 [31mkl_synergy_rand_2 : 0.584610 [31mkl_synergy_1 : 0.272571 [31mkl_synergy_2 : 0.575610 [31mtotal : 3.061536 [31mdiag_kl_1 : 0.429659 [31mdiag_kl_2 : 1.582688 [94mAcc_combined: 54.54 [94mAcc_c: 55.19 [94mAcc_g: 3.83 [92mF1_combined: 46.87 [92mF1_c: 47.78 [92mF1_g: 5.01 [39m
2026-07-26 03:54:49,019 - Agent - INFO - [37mVal Epoch 19 step 19 with [31mce_loss_combined : 1.349667 [31mce_loss_c : 1.341381 [31mce_loss_g : 2.840451 [31mkl_synergy_rand_1 : 0.225556 [31mkl_synergy_rand_2 : 0.526334 [31mkl_synergy_1 : 0.243651 [31mkl_synergy_2 : 0.514333 [31mtotal : 2.859541 [31mdiag_kl_1 : 0.438007 [31mdiag_kl_2 : 1.591558 [94mAcc_combined: 54.82 [94mAcc_c: 54.94 [94mAcc_g: 7.60 [92mF1_combined: 47.44 [92mF1_c: 47.33 [92mF1_g: 6.11 [39m
2026-07-26 03:54:49,034 - Agent - INFO - [37mTest Epoch 19 step 19 with [31mce_loss_combined : 1.404990 [31mce_loss_c : 1.397981 [31mce_loss_g : 2.985454 [31mkl_synergy_rand_1 : 0.227045 [31mkl_synergy_rand_2 : 0.568138 [31mkl_synergy_1 : 0.246240 [31mkl_synergy_2 : 0.543931 [31mtotal : 2.990344 [31mdiag_kl_1 : 0.438274 [31mdiag_kl_2 : 1.610923 [94mAcc_combined: 53.66 [94mAcc_c: 54.75 [94mAcc_g: 4.48 [92mF1_combined: 46.16 [92mF1_c: 46.89 [92mF1_g: 3.77 [39m
2026-07-26 03:56:31,348 - Agent - INFO - [37mVal Epoch 20 step 20 with [31mce_loss_combined : 1.354815 [31mce_loss_c : 1.336289 [31mce_loss_g : 2.780351 [31mkl_synergy_rand_1 : 0.222798 [31mkl_synergy_rand_2 : 0.527335 [31mkl_synergy_1 : 0.238373 [31mkl_synergy_2 : 0.518341 [31mtotal : 2.861661 [31mdiag_kl_1 : 0.439473 [31mdiag_kl_2 : 1.593015 [94mAcc_combined: 54.82 [94mAcc_c: 55.16 [94mAcc_g: 7.83 [92mF1_combined: 47.46 [92mF1_c: 47.56 [92mF1_g: 6.52 [39m
2026-07-26 03:56:31,401 - Agent - INFO - [37mTest Epoch 20 step 20 with [31mce_loss_combined : 1.398637 [31mce_loss_c : 1.381782 [31mce_loss_g : 2.934026 [31mkl_synergy_rand_1 : 0.225623 [31mkl_synergy_rand_2 : 0.553174 [31mkl_synergy_1 : 0.249967 [31mkl_synergy_2 : 0.532541 [31mtotal : 2.959943 [31mdiag_kl_1 : 0.436459 [31mdiag_kl_2 : 1.622348 [94mAcc_combined: 54.21 [94mAcc_c: 55.08 [94mAcc_g: 4.37 [92mF1_combined: 46.75 [92mF1_c: 47.26 [92mF1_g: 5.49 [39m
2026-07-26 03:58:20,624 - Agent - INFO - [37mVal Epoch 21 step 21 with [31mce_loss_combined : 1.361451 [31mce_loss_c : 1.335039 [31mce_loss_g : 2.720479 [31mkl_synergy_rand_1 : 0.205450 [31mkl_synergy_rand_2 : 0.513278 [31mkl_synergy_1 : 0.222982 [31mkl_synergy_2 : 0.493265 [31mtotal : 2.796425 [31mdiag_kl_1 : 0.441869 [31mdiag_kl_2 : 1.623706 [94mAcc_combined: 54.26 [94mAcc_c: 55.28 [94mAcc_g: 7.38 [92mF1_combined: 47.02 [92mF1_c: 47.53 [92mF1_g: 6.01 [39m
2026-07-26 03:58:20,639 - Agent - INFO - [37mTest Epoch 21 step 21 with [31mce_loss_combined : 1.417247 [31mce_loss_c : 1.378762 [31mce_loss_g : 2.890674 [31mkl_synergy_rand_1 : 0.204845 [31mkl_synergy_rand_2 : 0.540716 [31mkl_synergy_1 : 0.224723 [31mkl_synergy_2 : 0.515265 [31mtotal : 2.902796 [31mdiag_kl_1 : 0.442354 [31mdiag_kl_2 : 1.656275 [94mAcc_combined: 54.32 [94mAcc_c: 54.75 [94mAcc_g: 5.14 [92mF1_combined: 46.78 [92mF1_c: 46.91 [92mF1_g: 6.08 [39m
2026-07-26 04:00:02,252 - Agent - INFO - [37mVal Epoch 22 step 22 with [31mce_loss_combined : 1.362571 [31mce_loss_c : 1.340525 [31mce_loss_g : 2.691716 [31mkl_synergy_rand_1 : 0.200320 [31mkl_synergy_rand_2 : 0.495126 [31mkl_synergy_1 : 0.214149 [31mkl_synergy_2 : 0.477363 [31mtotal : 2.749529 [31mdiag_kl_1 : 0.447516 [31mdiag_kl_2 : 1.627403 [94mAcc_combined: 54.60 [94mAcc_c: 54.14 [94mAcc_g: 8.06 [92mF1_combined: 47.10 [92mF1_c: 46.62 [92mF1_g: 6.59 [39m
2026-07-26 04:00:02,302 - Agent - INFO - [37mTest Epoch 22 step 22 with [31mce_loss_combined : 1.415985 [31mce_loss_c : 1.373275 [31mce_loss_g : 2.862251 [31mkl_synergy_rand_1 : 0.197789 [31mkl_synergy_rand_2 : 0.539152 [31mkl_synergy_1 : 0.222273 [31mkl_synergy_2 : 0.490951 [31mtotal : 2.866149 [31mdiag_kl_1 : 0.443827 [31mdiag_kl_2 : 1.671679 [94mAcc_combined: 53.99 [94mAcc_c: 54.32 [94mAcc_g: 5.25 [92mF1_combined: 46.31 [92mF1_c: 46.53 [92mF1_g: 4.46 [39m
2026-07-26 04:01:40,357 - Agent - INFO - [37mVal Epoch 23 step 23 with [31mce_loss_combined : 1.367760 [31mce_loss_c : 1.340932 [31mce_loss_g : 2.671050 [31mkl_synergy_rand_1 : 0.197613 [31mkl_synergy_rand_2 : 0.470807 [31mkl_synergy_1 : 0.215473 [31mkl_synergy_2 : 0.442238 [31mtotal : 2.693891 [31mdiag_kl_1 : 0.448875 [31mdiag_kl_2 : 1.636571 [94mAcc_combined: 54.03 [94mAcc_c: 54.37 [94mAcc_g: 7.38 [92mF1_combined: 46.71 [92mF1_c: 46.67 [92mF1_g: 6.09 [39m
2026-07-26 04:01:40,373 - Agent - INFO - [37mTest Epoch 23 step 23 with [31mce_loss_combined : 1.420082 [31mce_loss_c : 1.360317 [31mce_loss_g : 2.832328 [31mkl_synergy_rand_1 : 0.195649 [31mkl_synergy_rand_2 : 0.517374 [31mkl_synergy_1 : 0.212515 [31mkl_synergy_2 : 0.468516 [31mtotal : 2.814136 [31mdiag_kl_1 : 0.442918 [31mdiag_kl_2 : 1.677900 [94mAcc_combined: 54.97 [94mAcc_c: 54.64 [94mAcc_g: 5.68 [92mF1_combined: 47.08 [92mF1_c: 46.86 [92mF1_g: 4.78 [39m
2026-07-26 04:03:18,183 - Agent - INFO - [37mVal Epoch 24 step 24 with [31mce_loss_combined : 1.401359 [31mce_loss_c : 1.341562 [31mce_loss_g : 2.662314 [31mkl_synergy_rand_1 : 0.207440 [31mkl_synergy_rand_2 : 0.446023 [31mkl_synergy_1 : 0.223933 [31mkl_synergy_2 : 0.409355 [31mtotal : 2.688110 [31mdiag_kl_1 : 0.498081 [31mdiag_kl_2 : 1.657534 [94mAcc_combined: 52.89 [94mAcc_c: 53.69 [94mAcc_g: 8.17 [92mF1_combined: 45.67 [92mF1_c: 46.08 [92mF1_g: 6.54 [39m
2026-07-26 04:03:18,238 - Agent - INFO - [37mTest Epoch 24 step 24 with [31mce_loss_combined : 1.438509 [31mce_loss_c : 1.375389 [31mce_loss_g : 2.837813 [31mkl_synergy_rand_1 : 0.199917 [31mkl_synergy_rand_2 : 0.489123 [31mkl_synergy_1 : 0.222815 [31mkl_synergy_2 : 0.438422 [31mtotal : 2.788786 [31mdiag_kl_1 : 0.479330 [31mdiag_kl_2 : 1.674028 [94mAcc_combined: 53.66 [94mAcc_c: 53.77 [94mAcc_g: 5.36 [92mF1_combined: 46.33 [92mF1_c: 45.89 [92mF1_g: 4.56 [39m
2026-07-26 04:05:01,340 - Agent - INFO - [37mVal Epoch 25 step 25 with [31mce_loss_combined : 1.370988 [31mce_loss_c : 1.344750 [31mce_loss_g : 2.586101 [31mkl_synergy_rand_1 : 0.196253 [31mkl_synergy_rand_2 : 0.434410 [31mkl_synergy_1 : 0.205763 [31mkl_synergy_2 : 0.399064 [31mtotal : 2.606478 [31mdiag_kl_1 : 0.461941 [31mdiag_kl_2 : 1.630315 [94mAcc_combined: 53.92 [94mAcc_c: 53.69 [94mAcc_g: 8.97 [92mF1_combined: 46.55 [92mF1_c: 46.12 [92mF1_g: 6.85 [39m
2026-07-26 04:05:01,355 - Agent - INFO - [37mTest Epoch 25 step 25 with [31mce_loss_combined : 1.430793 [31mce_loss_c : 1.367466 [31mce_loss_g : 2.756492 [31mkl_synergy_rand_1 : 0.191239 [31mkl_synergy_rand_2 : 0.491536 [31mkl_synergy_1 : 0.204567 [31mkl_synergy_2 : 0.427526 [31mtotal : 2.745661 [31mdiag_kl_1 : 0.451438 [31mdiag_kl_2 : 1.676189 [94mAcc_combined: 54.21 [94mAcc_c: 53.33 [94mAcc_g: 5.79 [92mF1_combined: 46.47 [92mF1_c: 45.58 [92mF1_g: 4.81 [39m
2026-07-26 04:06:42,798 - Agent - INFO - [37mVal Epoch 26 step 26 with [31mce_loss_combined : 1.375851 [31mce_loss_c : 1.352633 [31mce_loss_g : 2.592101 [31mkl_synergy_rand_1 : 0.191390 [31mkl_synergy_rand_2 : 0.431470 [31mkl_synergy_1 : 0.210667 [31mkl_synergy_2 : 0.390880 [31mtotal : 2.600257 [31mdiag_kl_1 : 0.472154 [31mdiag_kl_2 : 1.637224 [94mAcc_combined: 54.26 [94mAcc_c: 52.78 [94mAcc_g: 8.63 [92mF1_combined: 46.82 [92mF1_c: 45.36 [92mF1_g: 6.88 [39m
2026-07-26 04:06:42,813 - Agent - INFO - [37mTest Epoch 26 step 26 with [31mce_loss_combined : 1.426901 [31mce_loss_c : 1.378956 [31mce_loss_g : 2.768968 [31mkl_synergy_rand_1 : 0.188474 [31mkl_synergy_rand_2 : 0.478760 [31mkl_synergy_1 : 0.196861 [31mkl_synergy_2 : 0.424316 [31mtotal : 2.715312 [31mdiag_kl_1 : 0.463528 [31mdiag_kl_2 : 1.675936 [94mAcc_combined: 54.97 [94mAcc_c: 52.68 [94mAcc_g: 6.01 [92mF1_combined: 47.16 [92mF1_c: 45.02 [92mF1_g: 5.05 [39m
2026-07-26 04:08:20,110 - Agent - INFO - [37mVal Epoch 27 step 27 with [31mce_loss_combined : 1.376298 [31mce_loss_c : 1.352823 [31mce_loss_g : 2.576246 [31mkl_synergy_rand_1 : 0.188687 [31mkl_synergy_rand_2 : 0.426180 [31mkl_synergy_1 : 0.203679 [31mkl_synergy_2 : 0.387051 [31mtotal : 2.581894 [31mdiag_kl_1 : 0.469723 [31mdiag_kl_2 : 1.624425 [94mAcc_combined: 54.14 [94mAcc_c: 52.44 [94mAcc_g: 9.08 [92mF1_combined: 46.77 [92mF1_c: 44.92 [92mF1_g: 7.07 [39m
2026-07-26 04:08:20,125 - Agent - INFO - [37mTest Epoch 27 step 27 with [31mce_loss_combined : 1.434601 [31mce_loss_c : 1.374867 [31mce_loss_g : 2.762028 [31mkl_synergy_rand_1 : 0.185506 [31mkl_synergy_rand_2 : 0.475298 [31mkl_synergy_1 : 0.198895 [31mkl_synergy_2 : 0.412115 [31mtotal : 2.706416 [31mdiag_kl_1 : 0.465738 [31mdiag_kl_2 : 1.676712 [94mAcc_combined: 54.43 [94mAcc_c: 52.79 [94mAcc_g: 6.23 [92mF1_combined: 46.80 [92mF1_c: 45.18 [92mF1_g: 5.09 [39m
2026-07-26 04:09:58,210 - Agent - INFO - [37mVal Epoch 28 step 28 with [31mce_loss_combined : 1.379249 [31mce_loss_c : 1.356041 [31mce_loss_g : 2.562892 [31mkl_synergy_rand_1 : 0.189990 [31mkl_synergy_rand_2 : 0.416439 [31mkl_synergy_1 : 0.206305 [31mkl_synergy_2 : 0.382119 [31mtotal : 2.574102 [31mdiag_kl_1 : 0.477083 [31mdiag_kl_2 : 1.624327 [94mAcc_combined: 53.69 [94mAcc_c: 52.55 [94mAcc_g: 9.53 [92mF1_combined: 46.37 [92mF1_c: 45.04 [92mF1_g: 7.21 [39m
2026-07-26 04:09:58,225 - Agent - INFO - [37mTest Epoch 28 step 28 with [31mce_loss_combined : 1.431039 [31mce_loss_c : 1.374774 [31mce_loss_g : 2.743416 [31mkl_synergy_rand_1 : 0.185996 [31mkl_synergy_rand_2 : 0.464652 [31mkl_synergy_1 : 0.197534 [31mkl_synergy_2 : 0.406456 [31mtotal : 2.685677 [31mdiag_kl_1 : 0.473797 [31mdiag_kl_2 : 1.676535 [94mAcc_combined: 54.21 [94mAcc_c: 52.68 [94mAcc_g: 6.78 [92mF1_combined: 46.59 [92mF1_c: 45.05 [92mF1_g: 5.48 [39m
2026-07-26 04:11:43,925 - Agent - INFO - [37mVal Epoch 29 step 29 with [31mce_loss_combined : 1.375834 [31mce_loss_c : 1.356021 [31mce_loss_g : 2.552010 [31mkl_synergy_rand_1 : 0.187429 [31mkl_synergy_rand_2 : 0.416805 [31mkl_synergy_1 : 0.202824 [31mkl_synergy_2 : 0.373835 [31mtotal : 2.556727 [31mdiag_kl_1 : 0.476622 [31mdiag_kl_2 : 1.623501 [94mAcc_combined: 53.80 [94mAcc_c: 52.33 [94mAcc_g: 9.53 [92mF1_combined: 46.30 [92mF1_c: 44.63 [92mF1_g: 7.26 [39m
2026-07-26 04:11:43,971 - Agent - INFO - [37mTest Epoch 29 step 29 with [31mce_loss_combined : 1.419197 [31mce_loss_c : 1.369368 [31mce_loss_g : 2.738099 [31mkl_synergy_rand_1 : 0.185314 [31mkl_synergy_rand_2 : 0.462615 [31mkl_synergy_1 : 0.203112 [31mkl_synergy_2 : 0.406868 [31mtotal : 2.677106 [31mdiag_kl_1 : 0.469456 [31mdiag_kl_2 : 1.664404 [94mAcc_combined: 54.86 [94mAcc_c: 53.11 [94mAcc_g: 6.67 [92mF1_combined: 47.04 [92mF1_c: 45.40 [92mF1_g: 5.17 [39m
2026-07-26 04:13:22,770 - Agent - INFO - [37mVal Epoch 30 step 30 with [31mce_loss_combined : 1.373660 [31mce_loss_c : 1.353586 [31mce_loss_g : 2.555267 [31mkl_synergy_rand_1 : 0.186799 [31mkl_synergy_rand_2 : 0.412193 [31mkl_synergy_1 : 0.203258 [31mkl_synergy_2 : 0.367586 [31mtotal : 2.543494 [31mdiag_kl_1 : 0.472935 [31mdiag_kl_2 : 1.622105 [94mAcc_combined: 53.58 [94mAcc_c: 51.42 [94mAcc_g: 10.10 [92mF1_combined: 46.14 [92mF1_c: 43.87 [92mF1_g: 7.72 [39m
2026-07-26 04:13:22,794 - Agent - INFO - [37mTest Epoch 30 step 30 with [31mce_loss_combined : 1.424440 [31mce_loss_c : 1.371859 [31mce_loss_g : 2.736880 [31mkl_synergy_rand_1 : 0.183741 [31mkl_synergy_rand_2 : 0.468055 [31mkl_synergy_1 : 0.198659 [31mkl_synergy_2 : 0.393938 [31mtotal : 2.668832 [31mdiag_kl_1 : 0.465466 [31mdiag_kl_2 : 1.672688 [94mAcc_combined: 55.19 [94mAcc_c: 53.11 [94mAcc_g: 6.89 [92mF1_combined: 47.11 [92mF1_c: 45.46 [92mF1_g: 5.48 [39m
2026-07-26 04:15:08,194 - Agent - INFO - [37mVal Epoch 31 step 31 with [31mce_loss_combined : 1.375820 [31mce_loss_c : 1.357637 [31mce_loss_g : 2.553815 [31mkl_synergy_rand_1 : 0.186353 [31mkl_synergy_rand_2 : 0.405490 [31mkl_synergy_1 : 0.204417 [31mkl_synergy_2 : 0.365190 [31mtotal : 2.537271 [31mdiag_kl_1 : 0.475082 [31mdiag_kl_2 : 1.623777 [94mAcc_combined: 53.35 [94mAcc_c: 51.99 [94mAcc_g: 9.65 [92mF1_combined: 45.94 [92mF1_c: 44.42 [92mF1_g: 7.42 [39m
2026-07-26 04:15:08,565 - Agent - INFO - [37mTest Epoch 31 step 31 with [31mce_loss_combined : 1.427407 [31mce_loss_c : 1.376246 [31mce_loss_g : 2.740197 [31mkl_synergy_rand_1 : 0.181505 [31mkl_synergy_rand_2 : 0.463569 [31mkl_synergy_1 : 0.193043 [31mkl_synergy_2 : 0.402268 [31mtotal : 2.667792 [31mdiag_kl_1 : 0.464587 [31mdiag_kl_2 : 1.671295 [94mAcc_combined: 54.75 [94mAcc_c: 52.79 [94mAcc_g: 7.10 [92mF1_combined: 46.95 [92mF1_c: 45.13 [92mF1_g: 5.62 [39m
2026-07-26 04:16:47,412 - Agent - INFO - [37mVal Epoch 32 step 32 with [31mce_loss_combined : 1.375399 [31mce_loss_c : 1.351781 [31mce_loss_g : 2.522661 [31mkl_synergy_rand_1 : 0.186783 [31mkl_synergy_rand_2 : 0.404045 [31mkl_synergy_1 : 0.202021 [31mkl_synergy_2 : 0.360302 [31mtotal : 2.528550 [31mdiag_kl_1 : 0.480935 [31mdiag_kl_2 : 1.614541 [94mAcc_combined: 54.03 [94mAcc_c: 52.67 [94mAcc_g: 9.99 [92mF1_combined: 46.55 [92mF1_c: 45.15 [92mF1_g: 7.81 [39m
2026-07-26 04:16:47,466 - Agent - INFO - [37mTest Epoch 32 step 32 with [31mce_loss_combined : 1.424496 [31mce_loss_c : 1.375468 [31mce_loss_g : 2.709450 [31mkl_synergy_rand_1 : 0.183629 [31mkl_synergy_rand_2 : 0.449748 [31mkl_synergy_1 : 0.196059 [31mkl_synergy_2 : 0.402083 [31mtotal : 2.656015 [31mdiag_kl_1 : 0.468722 [31mdiag_kl_2 : 1.658989 [94mAcc_combined: 54.64 [94mAcc_c: 53.33 [94mAcc_g: 6.78 [92mF1_combined: 46.87 [92mF1_c: 45.63 [92mF1_g: 5.25 [39m
2026-07-26 04:18:29,996 - Agent - INFO - [37mVal Epoch 33 step 33 with [31mce_loss_combined : 1.399399 [31mce_loss_c : 1.371860 [31mce_loss_g : 2.525520 [31mkl_synergy_rand_1 : 0.186557 [31mkl_synergy_rand_2 : 0.395617 [31mkl_synergy_1 : 0.192836 [31mkl_synergy_2 : 0.344169 [31mtotal : 2.518578 [31mdiag_kl_1 : 0.528751 [31mdiag_kl_2 : 1.613980 [94mAcc_combined: 51.76 [94mAcc_c: 52.21 [94mAcc_g: 10.78 [92mF1_combined: 44.73 [92mF1_c: 44.47 [92mF1_g: 7.82 [39m
2026-07-26 04:18:30,011 - Agent - INFO - [37mTest Epoch 33 step 33 with [31mce_loss_combined : 1.441839 [31mce_loss_c : 1.393271 [31mce_loss_g : 2.702163 [31mkl_synergy_rand_1 : 0.183288 [31mkl_synergy_rand_2 : 0.439310 [31mkl_synergy_1 : 0.198221 [31mkl_synergy_2 : 0.385238 [31mtotal : 2.647895 [31mdiag_kl_1 : 0.525471 [31mdiag_kl_2 : 1.665927 [94mAcc_combined: 52.79 [94mAcc_c: 51.26 [94mAcc_g: 7.76 [92mF1_combined: 45.61 [92mF1_c: 43.70 [92mF1_g: 5.85 [39m
2026-07-26 04:20:04,456 - Agent - INFO - [37mVal Epoch 34 step 34 with [31mce_loss_combined : 1.383232 [31mce_loss_c : 1.368419 [31mce_loss_g : 2.433402 [31mkl_synergy_rand_1 : 0.180160 [31mkl_synergy_rand_2 : 0.382059 [31mkl_synergy_1 : 0.193659 [31mkl_synergy_2 : 0.333655 [31mtotal : 2.472764 [31mdiag_kl_1 : 0.523064 [31mdiag_kl_2 : 1.595994 [94mAcc_combined: 52.67 [94mAcc_c: 52.78 [94mAcc_g: 11.12 [92mF1_combined: 45.40 [92mF1_c: 45.07 [92mF1_g: 8.42 [39m
2026-07-26 04:20:04,472 - Agent - INFO - [37mTest Epoch 34 step 34 with [31mce_loss_combined : 1.427476 [31mce_loss_c : 1.392888 [31mce_loss_g : 2.602571 [31mkl_synergy_rand_1 : 0.182146 [31mkl_synergy_rand_2 : 0.424669 [31mkl_synergy_1 : 0.189908 [31mkl_synergy_2 : 0.357120 [31mtotal : 2.581319 [31mdiag_kl_1 : 0.521568 [31mdiag_kl_2 : 1.639634 [94mAcc_combined: 53.33 [94mAcc_c: 52.35 [94mAcc_g: 8.09 [92mF1_combined: 45.72 [92mF1_c: 44.49 [92mF1_g: 6.16 [39m
2026-07-26 04:21:48,636 - Agent - INFO - [37mVal Epoch 35 step 35 with [31mce_loss_combined : 1.383368 [31mce_loss_c : 1.380879 [31mce_loss_g : 2.403370 [31mkl_synergy_rand_1 : 0.173872 [31mkl_synergy_rand_2 : 0.365813 [31mkl_synergy_1 : 0.185786 [31mkl_synergy_2 : 0.317917 [31mtotal : 2.426755 [31mdiag_kl_1 : 0.522307 [31mdiag_kl_2 : 1.585218 [94mAcc_combined: 52.44 [94mAcc_c: 51.31 [94mAcc_g: 10.90 [92mF1_combined: 45.31 [92mF1_c: 43.86 [92mF1_g: 8.30 [39m
2026-07-26 04:21:48,652 - Agent - INFO - [37mTest Epoch 35 step 35 with [31mce_loss_combined : 1.434700 [31mce_loss_c : 1.395183 [31mce_loss_g : 2.593081 [31mkl_synergy_rand_1 : 0.177386 [31mkl_synergy_rand_2 : 0.389131 [31mkl_synergy_1 : 0.184486 [31mkl_synergy_2 : 0.329580 [31mtotal : 2.515282 [31mdiag_kl_1 : 0.522407 [31mdiag_kl_2 : 1.645802 [94mAcc_combined: 53.66 [94mAcc_c: 51.37 [94mAcc_g: 7.65 [92mF1_combined: 45.91 [92mF1_c: 43.69 [92mF1_g: 5.90 [39m
2026-07-26 04:23:26,092 - Agent - INFO - [37mVal Epoch 36 step 36 with [31mce_loss_combined : 1.359453 [31mce_loss_c : 1.380911 [31mce_loss_g : 2.344428 [31mkl_synergy_rand_1 : 0.173793 [31mkl_synergy_rand_2 : 0.349609 [31mkl_synergy_1 : 0.183026 [31mkl_synergy_2 : 0.302835 [31mtotal : 2.368717 [31mdiag_kl_1 : 0.522766 [31mdiag_kl_2 : 1.563023 [94mAcc_combined: 54.26 [94mAcc_c: 51.31 [94mAcc_g: 12.83 [92mF1_combined: 46.64 [92mF1_c: 43.88 [92mF1_g: 9.51 [39m
2026-07-26 04:23:26,107 - Agent - INFO - [37mTest Epoch 36 step 36 with [31mce_loss_combined : 1.410052 [31mce_loss_c : 1.393415 [31mce_loss_g : 2.514843 [31mkl_synergy_rand_1 : 0.175404 [31mkl_synergy_rand_2 : 0.388379 [31mkl_synergy_1 : 0.190678 [31mkl_synergy_2 : 0.317569 [31mtotal : 2.482082 [31mdiag_kl_1 : 0.526385 [31mdiag_kl_2 : 1.601091 [94mAcc_combined: 54.32 [94mAcc_c: 51.15 [94mAcc_g: 9.18 [92mF1_combined: 46.33 [92mF1_c: 43.33 [92mF1_g: 6.60 [39m
2026-07-26 04:25:03,613 - Agent - INFO - [37mVal Epoch 37 step 37 with [31mce_loss_combined : 1.357806 [31mce_loss_c : 1.391811 [31mce_loss_g : 2.298677 [31mkl_synergy_rand_1 : 0.163269 [31mkl_synergy_rand_2 : 0.353125 [31mkl_synergy_1 : 0.171435 [31mkl_synergy_2 : 0.296730 [31mtotal : 2.342365 [31mdiag_kl_1 : 0.532720 [31mdiag_kl_2 : 1.551448 [94mAcc_combined: 53.92 [94mAcc_c: 50.74 [94mAcc_g: 13.62 [92mF1_combined: 46.35 [92mF1_c: 43.30 [92mF1_g: 9.47 [39m
2026-07-26 04:25:03,629 - Agent - INFO - [37mTest Epoch 37 step 37 with [31mce_loss_combined : 1.402456 [31mce_loss_c : 1.397862 [31mce_loss_g : 2.445358 [31mkl_synergy_rand_1 : 0.166444 [31mkl_synergy_rand_2 : 0.376299 [31mkl_synergy_1 : 0.172239 [31mkl_synergy_2 : 0.311745 [31mtotal : 2.429183 [31mdiag_kl_1 : 0.539868 [31mdiag_kl_2 : 1.602786 [94mAcc_combined: 54.32 [94mAcc_c: 50.27 [94mAcc_g: 10.16 [92mF1_combined: 46.18 [92mF1_c: 42.78 [92mF1_g: 7.42 [39m
2026-07-26 04:25:14,121 - Agent - INFO - We are in the final state.
2026-07-26 04:25:14,944 - root - INFO - Loaded best model from best_model_accuracy_state_dict
2026-07-26 04:25:34,584 - Agent - INFO - [37mVal Epoch 37 step 0 with [31mce_loss_combined : 0.952486 [31mce_loss_c : 1.533866 [31mce_loss_g : 2.277389 [31mkl_synergy_rand_1 : 0.516020 [31mkl_synergy_rand_2 : 0.533189 [31mkl_synergy_1 : 0.500393 [31mkl_synergy_2 : 0.549173 [31mtotal : 3.051260 [31mdiag_kl_1 : 0.524413 [31mdiag_kl_2 : 0.767610 [94mAcc_combined: 71.06 [94mAcc_c: 55.96 [94mAcc_g: 23.84 [92mF1_combined: 61.41 [92mF1_c: 48.63 [92mF1_g: 20.54 [39m
2026-07-26 04:25:55,427 - Agent - INFO - [37mTest Epoch 37 step 0 with [31mce_loss_combined : 0.921173 [31mce_loss_c : 1.594742 [31mce_loss_g : 2.375447 [31mkl_synergy_rand_1 : 0.546756 [31mkl_synergy_rand_2 : 0.540729 [31mkl_synergy_1 : 0.550819 [31mkl_synergy_2 : 0.557568 [31mtotal : 3.117045 [31mdiag_kl_1 : 0.588376 [31mdiag_kl_2 : 0.727253 [94mAcc_combined: 69.95 [94mAcc_c: 55.96 [94mAcc_g: 28.52 [92mF1_combined: 59.72 [92mF1_c: 48.66 [92mF1_g: 24.50 [39m
2026-07-26 04:25:58,147 - Agent - INFO - [37mModel saved successfully at: ./data/data/2025_data/synergy/CremadPlus/v2/SynIB_RMask_U_REFABL_cremad_a01_fold1_l1.0_ir0.1_perturbrandom_fillema_pmin0.20_refunimodal_anchor.pth.tar[39m
Job finished
