Starting SynIB reference-ablation job
Python 3.12.12
/esat/smcdata/users/kkontras/Image_Dataset/no_backup/git/SynIB  (git a0225b1)
GPU 0: NVIDIA GeForce RTX 3090 (UUID: GPU-5549069c-9256-4c86-d2e5-f65ce3c3aada)
Executing: PYTHONPATH=src /esat/smcdata/users/kkontras/Image_Dataset/no_backup/envs/synergy/bin/python -m synib.entrypoints.train --config run/configs/rebuttal_ref_ablation/cremad_synib_u.json --default_config run/configs/rebuttal_ref_ablation/cremad_default.json --fold 1 --ironic_rate 0.1 --rmask random --l 1.0 --perturb_pmin 0.20 --perturb_fill ema --reference_type uniform --ref_diag --start_over --tag REFABL_cremad_a01
Namespace(config='run/configs/rebuttal_ref_ablation/cremad_synib_u.json', default_config='run/configs/rebuttal_ref_ablation/cremad_default.json', fold='1', alpha=None, tanh_mode_beta=None, regby=None, batch_size=None, l='1.0', multil=None, lib=None, kmepoch=None, num_samples=None, contrcoeff=None, contr_type=None, shuffle_type=None, validate_with=None, num_classes=None, optim_method=None, ending_epoch=None, load_ongoing=None, recon_weight1=None, recon_weight2=None, recon_epochstages=None, recon_ensemblestages=None, lr=None, wd=None, cls=None, ironic_rate='0.1', perturb='random', perturb_fill='ema', perturb_pmax=None, perturb_pmin='0.20', perturb_lsparse=None, rmask='random', pmin=None, pmax=None, lsparse=None, debug_mask_stats=False, pre=False, frozen=False, tdqm_disable=False, start_over=True, no_model_save=False, num_layers=None, grad_accum=None, init_from=None, init_strict=False, perturb_lsparse_sign=None, l_anneal_epochs=None, perturb_steps=None, perturb_lsparse_warmup=None, perturb_lsparse_schedule=None, persist_ell=False, save_masks=False, penalty_swap=False, disable_ce_random=False, disable_kl_learned=False, masking_only=False, modality_dropout=None, modality_dropout_target=None, l_z1_masked=None, l_z2_masked=None, l_pareto=None, reference_type='uniform', ref_diag=True, ref_ema_decay=None, tag='REFABL_cremad_a01')
2026-07-26 03:00:54,472 - Config - INFO - run/configs/rebuttal_ref_ablation/cremad_synib_u.json
2026-07-26 03:00:54,481 - Config - INFO -  THE Configuration of your experiment ..
{'agent': 'Agent',
 'dataset': {'data_roots': './data/CremaD/CREMA-D',
             'data_split': {'fold': 0, 'method': 'non_inclusive'},
             'dataloader_class': 'IronyCremadDataloader',
             'fps': 1,
             'ironic_label_name': 'SARCASM',
             'ironic_modes': ['train', 'val', 'test'],
             'ironic_rate': 1.0,
             'norm': False,
             'norm_face_path': './src/synib/mydatasets/Irony_Cremad/assets/norms/norm_face_path_fold{}.pkl',
             'norm_wav_path': './src/synib/mydatasets/Irony_Cremad/assets/norms/wav_norm_22050_fold{}.pkl',
             'num_frame': 3,
             'return_data': {'audio': False,
                             'face': False,
                             'spectrogram': True,
                             'video': True},
             'sampling_rate': 22050},
 'early_stopping': {'end_of_epoch_check': True,
                    'log_interval': 10,
                    'max_epoch': 1500,
                    'n_steps_stop': 30,
                    'n_steps_stop_after': 0,
                    'save_every_step': 3000,
                    'save_every_valstep': 10,
                    'validate_after': 0,
                    'validate_every': 25,
                    'validate_with': 'accuracy'},
 'exp_name': 'CREMAD Experiment',
 'model': {'args': {'bias_infusion': {'contrcoeff': 0.0, 'l': 1.0},
                    'cls_type': 'mlp',
                    'd_model': 512,
                    'dropout': 0.1,
                    'fc_inner': 64,
                    'in_dim': 64,
                    'multi_loss': {'multi_supervised_w': {'c': 1,
                                                          'combined': 1,
                                                          'g': 1}},
                    'norm_decision': False,
                    'num_classes': 7,
                    'synergy_type': 'unimodal_anchor'},
           'ceu': {'test': './artifacts/ceus/cremad/cremadplus_ceu_test_res_{}.pkl',
                   'val': './artifacts/ceus/cremad/cremadplus_ceu_val_res_{}.pkl'},
           'encoders': [{'args': {'d_model': 512,
                                  'dropout': 0.1,
                                  'fc_inner': 64,
                                  'freeze_encoder': False,
                                  'num_classes': 7},
                         'model': 'Audio_ResNet',
                         'name': 'enc_0_modality1_encoder',
                         'pretrainedEncoder': {'dir': 'unimodal_audio_fold{}_ir1.0_lr0.001_wd0.0001_clsmlp_bs64.pth.tar',
                                               'use': True},
                         'save_encoder': False},
                        {'args': {'d_model': 512,
                                  'dropout': 0.1,
                                  'fc_inner': 64,
                                  'freeze_encoder': False,
                                  'num_classes': 7},
                         'model': 'Video_ResNet',
                         'name': 'enc_1_modality2_encoder',
                         'pretrainedEncoder': {'dir': 'unimodal_video_fold{}_ir1.0_lr0.0001_wd0.0001_clsmlp_bs64.pth.tar',
                                               'use': True},
                         'save_encoder': False},
                        {'args': {'d_model': 512,
                                  'dropout': 0.1,
                                  'fc_inner': 64,
                                  'freeze_encoder': False},
                         'model': 'FusionTrunkLinear',
                         'name': 'enc_2_fusion_trunk',
                         'pretrainedEncoder': {'dir': 'enc_2_fusion_trunk_fold{}.pth.tar',
                                               'use': False},
                         'save_encoder': False},
                        {'args': {'freeze_encoder': False,
                                  'in_dim': 64,
                                  'num_classes': 7},
                         'model': 'LinearHead',
                         'name': 'enc_3_fusion_head',
                         'pretrainedEncoder': {'dir': 'enc_3_fusion_head_fold{}.pth.tar',
                                               'use': False},
                         'save_encoder': False},
                        {'args': {'dropout': 0.1,
                                  'freeze_encoder': False,
                                  'hidden_dim': 64,
                                  'in_dim': 512,
                                  'num_classes': 7},
                         'model': 'MLPHead',
                         'name': 'enc_4_unimodal_head_1',
                         'pretrainedEncoder': {'dir': 'enc_4_unimodal1_fold{}.pth.tar',
                                               'use': False},
                         'save_encoder': False},
                        {'args': {'dropout': 0.1,
                                  'freeze_encoder': False,
                                  'hidden_dim': 64,
                                  'in_dim': 512,
                                  'num_classes': 7},
                         'model': 'MLPHead',
                         'name': 'enc_5_unimodal_head_2',
                         'pretrainedEncoder': {'dir': 'enc_5_unimodal2_fold{}.pth.tar',
                                               'use': False},
                         'save_encoder': False}],
           'load_ongoing': False,
           'model_class': 'FusionIBModel_Mask_U',
           'save_base_dir': './data/data/2025_data/synergy/CremadPlus/v2',
           'save_dir': 'SynIB_RMask_U_{}.pth.tar'},
 'optimizer': {'beta1': 0.9,
               'beta2': 0.999,
               'learning_rate': 1e-05,
               'momentum': 0.9,
               'type': 'Adam',
               'weight_decay': 1e-05},
 'scheduler': {'max_lr': 0.03, 'type': 'cosanneal', 'warm_up_steps': 780},
 'training_params': {'async_loading': True,
                     'batch_size': 128,
                     'cuda': True,
                     'data_loader_workers': 8,
                     'gpu_device': [0],
                     'pin_memory': False,
                     'rec_test': True,
                     'res': True,
                     'seed': 109,
                     'tdqm_disable': False,
                     'test_batch_size': 128,
                     'test_on_bottoms': True,
                     'use_test_set': True,
                     'validation': True,
                     'verbose': True,
                     'wandb_disable': False}}
2026-07-26 03:00:54,485 - Config - INFO -  *************************************** 
2026-07-26 03:00:54,485 - Config - INFO - The experiment name is CREMAD Experiment
2026-07-26 03:00:54,485 - Config - INFO -  *************************************** 
2026-07-26 03:00:54,485 - root - INFO - save_dir: SynIB_RMask_U_REFABL_cremad_a01_fold1_l1.0_ir0.1_perturbrandom_fillema_pmin0.20_refuniform.pth.tar
2026-07-26 03:00:54,611 - Cuda Statistics - INFO - __Python VERSION:  3.12.12 | packaged by Anaconda, Inc. | (main, Oct 21 2025, 20:16:04) [GCC 11.2.0]
2026-07-26 03:00:54,611 - Cuda Statistics - INFO - __pyTorch VERSION:  2.7.1+cu118
2026-07-26 03:00:54,611 - Cuda Statistics - INFO - __CUDA VERSION
2026-07-26 03:00:54,618 - Cuda Statistics - INFO - __CUDNN VERSION:  90100
2026-07-26 03:00:54,647 - Cuda Statistics - INFO - __Number CUDA Devices:  1
2026-07-26 03:00:54,647 - Cuda Statistics - INFO - __Devices
2026-07-26 03:00:54,647 - Cuda Statistics - INFO - index, name, driver_version, memory.total [MiB], memory.used [MiB], memory.free [MiB]
2026-07-26 03:00:54,647 - Cuda Statistics - INFO - 0, NVIDIA GeForce RTX 3090, 610.43.03, 24576 MiB, 4 MiB, 24120 MiB
2026-07-26 03:00:54,651 - Cuda Statistics - INFO - Active CUDA Device: GPU 0
2026-07-26 03:00:54,651 - Cuda Statistics - INFO - Available devices  1
2026-07-26 03:00:54,651 - Cuda Statistics - INFO - Current cuda device  0
2026-07-26 03:00:56,062 - IronyCremadDataset - INFO - Loaded wav norm from ./src/synib/mydatasets/Irony_Cremad/assets/norms/wav_norm_22050_fold1.pkl
2026-07-26 03:00:56,422 - IronyCremadDataset - INFO - Loaded wav norm from ./src/synib/mydatasets/Irony_Cremad/assets/norms/wav_norm_22050_fold1.pkl
2026-07-26 03:00:56,825 - IronyCremadDataset - INFO - Loaded wav norm from ./src/synib/mydatasets/Irony_Cremad/assets/norms/wav_norm_22050_fold1.pkl
2026-07-26 03:00:56,828 - Agent - INFO - Device: cuda:0
2026-07-26 03:00:56,828 - Agent - INFO - Total training batches: 32, validate every 25 batches, steps per epoch: 2
2026-07-26 03:00:56,934 - Agent - INFO - Loss Weights are {'total': 1, 'combined': 1, 'c': 1, 'g': 1}
2026-07-26 03:00:56,935 - root - INFO - There is no CEU for train
2026-07-26 03:00:56,936 - root - INFO - There is no CEU for val
2026-07-26 03:00:56,936 - root - INFO - There is no CEU for test
{'d_model': 512, 'num_classes': 7, 'fc_inner': 64, 'dropout': 0.1, 'freeze_encoder': False}
2026-07-26 03:00:58,199 - root - INFO - Loading enc best model state dict from ./data/data/2025_data/synergy/CremadPlus/v2/unimodal_audio_fold1_ir0.1_lr0.001_wd0.0001_clsmlp_bs64.pth.tar
2026-07-26 03:00:59,694 - root - INFO - Loading enc best model state dict from ./data/data/2025_data/synergy/CremadPlus/v2/unimodal_video_fold1_ir0.1_lr0.0001_wd0.0001_clsmlp_bs64.pth.tar
2026-07-26 03:00:59,969 - Agent - INFO - Total number of trainable parameters are: 44840497
2026-07-26 03:00:59,976 - Agent - INFO - Total number of trainable parameters are: 22486563
2026-07-26 03:02:35,504 - Evaluator - INFO - New best with loss-accuracy-
2026-07-26 03:02:35,504 - Agent - INFO - [37mVal Epoch 1 step 1 with [31mce_loss_combined : 1.692096 [31mce_loss_c : 1.782351 [31mce_loss_g : 2.725903 [31mkl_synergy_rand_1 : 0.030090 [31mkl_synergy_rand_2 : 0.032547 [31mkl_synergy_1 : 0.030263 [31mkl_synergy_2 : 0.034135 [31mtotal : 1.819131 [31mdiag_kl_1 : 1.353498 [31mdiag_kl_2 : 1.300417 [94mAcc_combined: 54.37 [94mAcc_c: 60.05 [94mAcc_g: 49.04 [92mF1_combined: 43.84 [92mF1_c: 51.97 [92mF1_g: 40.10 [39m
2026-07-26 03:02:35,522 - Agent - INFO - [37mTest Epoch 1 step 1 with [31mce_loss_combined : 1.692854 [31mce_loss_c : 1.913490 [31mce_loss_g : 2.682312 [31mkl_synergy_rand_1 : 0.028075 [31mkl_synergy_rand_2 : 0.031156 [31mkl_synergy_1 : 0.028964 [31mkl_synergy_2 : 0.031904 [31mtotal : 1.812954 [31mdiag_kl_1 : 1.387142 [31mdiag_kl_2 : 1.350347 [94mAcc_combined: 56.07 [94mAcc_c: 60.98 [94mAcc_g: 52.68 [92mF1_combined: 47.24 [92mF1_c: 52.32 [92mF1_g: 43.26 [39m
2026-07-26 03:02:36,340 - Agent - INFO - [37mModel saved successfully at: ./data/data/2025_data/synergy/CremadPlus/v2/SynIB_RMask_U_REFABL_cremad_a01_fold1_l1.0_ir0.1_perturbrandom_fillema_pmin0.20_refuniform.pth.tar[39m
2026-07-26 03:04:10,261 - Evaluator - INFO - New best with loss-accuracy-
2026-07-26 03:04:10,261 - Agent - INFO - [37mVal Epoch 2 step 2 with [31mce_loss_combined : 1.554601 [31mce_loss_c : 1.762025 [31mce_loss_g : 2.950089 [31mkl_synergy_rand_1 : 0.052183 [31mkl_synergy_rand_2 : 0.058585 [31mkl_synergy_1 : 0.055821 [31mkl_synergy_2 : 0.061045 [31mtotal : 1.782235 [31mdiag_kl_1 : 1.229046 [31mdiag_kl_2 : 1.169132 [94mAcc_combined: 58.91 [94mAcc_c: 59.93 [94mAcc_g: 48.58 [92mF1_combined: 49.47 [92mF1_c: 51.82 [92mF1_g: 40.62 [39m
2026-07-26 03:04:10,280 - Agent - INFO - [37mTest Epoch 2 step 2 with [31mce_loss_combined : 1.541237 [31mce_loss_c : 1.902894 [31mce_loss_g : 2.632420 [31mkl_synergy_rand_1 : 0.049049 [31mkl_synergy_rand_2 : 0.053868 [31mkl_synergy_1 : 0.052411 [31mkl_synergy_2 : 0.057362 [31mtotal : 1.753927 [31mdiag_kl_1 : 1.257753 [31mdiag_kl_2 : 1.223573 [94mAcc_combined: 65.79 [94mAcc_c: 61.20 [94mAcc_g: 53.44 [92mF1_combined: 57.94 [92mF1_c: 52.40 [92mF1_g: 44.50 [39m
2026-07-26 03:04:11,573 - Agent - INFO - [37mModel saved successfully at: ./data/data/2025_data/synergy/CremadPlus/v2/SynIB_RMask_U_REFABL_cremad_a01_fold1_l1.0_ir0.1_perturbrandom_fillema_pmin0.20_refuniform.pth.tar[39m
2026-07-26 03:05:32,419 - Evaluator - INFO - New best with loss-accuracy-
2026-07-26 03:05:32,419 - Agent - INFO - [37mVal Epoch 3 step 3 with [31mce_loss_combined : 1.494765 [31mce_loss_c : 1.748900 [31mce_loss_g : 2.923918 [31mkl_synergy_rand_1 : 0.064910 [31mkl_synergy_rand_2 : 0.068406 [31mkl_synergy_1 : 0.068479 [31mkl_synergy_2 : 0.072608 [31mtotal : 1.769167 [31mdiag_kl_1 : 1.163482 [31mdiag_kl_2 : 1.120205 [94mAcc_combined: 63.00 [94mAcc_c: 59.14 [94mAcc_g: 48.35 [92mF1_combined: 53.71 [92mF1_c: 51.21 [92mF1_g: 40.80 [39m
2026-07-26 03:05:32,438 - Agent - INFO - [37mTest Epoch 3 step 3 with [31mce_loss_combined : 1.478874 [31mce_loss_c : 1.875621 [31mce_loss_g : 2.614171 [31mkl_synergy_rand_1 : 0.058685 [31mkl_synergy_rand_2 : 0.063432 [31mkl_synergy_1 : 0.064134 [31mkl_synergy_2 : 0.067762 [31mtotal : 1.732888 [31mdiag_kl_1 : 1.203524 [31mdiag_kl_2 : 1.170984 [94mAcc_combined: 70.82 [94mAcc_c: 60.33 [94mAcc_g: 53.11 [92mF1_combined: 63.07 [92mF1_c: 51.88 [92mF1_g: 44.06 [39m
2026-07-26 03:05:34,027 - Agent - INFO - [37mModel saved successfully at: ./data/data/2025_data/synergy/CremadPlus/v2/SynIB_RMask_U_REFABL_cremad_a01_fold1_l1.0_ir0.1_perturbrandom_fillema_pmin0.20_refuniform.pth.tar[39m
2026-07-26 03:07:02,299 - Evaluator - INFO - New best with loss-accuracy-
2026-07-26 03:07:02,300 - Agent - INFO - [37mVal Epoch 4 step 4 with [31mce_loss_combined : 1.434135 [31mce_loss_c : 1.704953 [31mce_loss_g : 2.572096 [31mkl_synergy_rand_1 : 0.072014 [31mkl_synergy_rand_2 : 0.074693 [31mkl_synergy_1 : 0.074758 [31mkl_synergy_2 : 0.080928 [31mtotal : 1.736527 [31mdiag_kl_1 : 1.097444 [31mdiag_kl_2 : 1.093142 [94mAcc_combined: 68.22 [94mAcc_c: 58.57 [94mAcc_g: 48.24 [92mF1_combined: 58.50 [92mF1_c: 50.73 [92mF1_g: 41.34 [39m
2026-07-26 03:07:02,320 - Agent - INFO - [37mTest Epoch 4 step 4 with [31mce_loss_combined : 1.410917 [31mce_loss_c : 1.806842 [31mce_loss_g : 2.322801 [31mkl_synergy_rand_1 : 0.069068 [31mkl_synergy_rand_2 : 0.069909 [31mkl_synergy_1 : 0.073161 [31mkl_synergy_2 : 0.076772 [31mtotal : 1.699828 [31mdiag_kl_1 : 1.129385 [31mdiag_kl_2 : 1.143966 [94mAcc_combined: 74.21 [94mAcc_c: 59.67 [94mAcc_g: 53.44 [92mF1_combined: 66.37 [92mF1_c: 51.41 [92mF1_g: 44.83 [39m
2026-07-26 03:07:03,726 - Agent - INFO - [37mModel saved successfully at: ./data/data/2025_data/synergy/CremadPlus/v2/SynIB_RMask_U_REFABL_cremad_a01_fold1_l1.0_ir0.1_perturbrandom_fillema_pmin0.20_refuniform.pth.tar[39m
2026-07-26 03:08:27,412 - Evaluator - INFO - New best with loss-
2026-07-26 03:08:27,413 - Agent - INFO - [37mVal Epoch 5 step 5 with [31mce_loss_combined : 1.409864 [31mce_loss_c : 1.644543 [31mce_loss_g : 2.591021 [31mkl_synergy_rand_1 : 0.080686 [31mkl_synergy_rand_2 : 0.081347 [31mkl_synergy_1 : 0.083628 [31mkl_synergy_2 : 0.089730 [31mtotal : 1.745256 [31mdiag_kl_1 : 1.058706 [31mdiag_kl_2 : 1.093087 [94mAcc_combined: 68.10 [94mAcc_c: 58.46 [94mAcc_g: 47.11 [92mF1_combined: 58.34 [92mF1_c: 50.68 [92mF1_g: 40.18 [39m
2026-07-26 03:08:27,431 - Agent - INFO - [37mTest Epoch 5 step 5 with [31mce_loss_combined : 1.385432 [31mce_loss_c : 1.739691 [31mce_loss_g : 2.332374 [31mkl_synergy_rand_1 : 0.075015 [31mkl_synergy_rand_2 : 0.075788 [31mkl_synergy_1 : 0.082241 [31mkl_synergy_2 : 0.083000 [31mtotal : 1.701477 [31mdiag_kl_1 : 1.090775 [31mdiag_kl_2 : 1.141673 [94mAcc_combined: 73.77 [94mAcc_c: 59.67 [94mAcc_g: 52.35 [92mF1_combined: 66.10 [92mF1_c: 51.51 [92mF1_g: 44.26 [39m
2026-07-26 03:08:29,137 - Agent - INFO - [37mModel saved successfully at: ./data/data/2025_data/synergy/CremadPlus/v2/SynIB_RMask_U_REFABL_cremad_a01_fold1_l1.0_ir0.1_perturbrandom_fillema_pmin0.20_refuniform.pth.tar[39m
2026-07-26 03:09:58,196 - Evaluator - INFO - New best with loss-
2026-07-26 03:09:58,197 - Agent - INFO - [37mVal Epoch 6 step 6 with [31mce_loss_combined : 1.401507 [31mce_loss_c : 1.595352 [31mce_loss_g : 2.445529 [31mkl_synergy_rand_1 : 0.083556 [31mkl_synergy_rand_2 : 0.083541 [31mkl_synergy_1 : 0.087116 [31mkl_synergy_2 : 0.090406 [31mtotal : 1.746127 [31mdiag_kl_1 : 1.040180 [31mdiag_kl_2 : 1.099000 [94mAcc_combined: 67.99 [94mAcc_c: 58.12 [94mAcc_g: 45.18 [92mF1_combined: 58.51 [92mF1_c: 50.43 [92mF1_g: 39.07 [39m
2026-07-26 03:09:58,216 - Agent - INFO - [37mTest Epoch 6 step 6 with [31mce_loss_combined : 1.375759 [31mce_loss_c : 1.684183 [31mce_loss_g : 2.275282 [31mkl_synergy_rand_1 : 0.076946 [31mkl_synergy_rand_2 : 0.075633 [31mkl_synergy_1 : 0.083741 [31mkl_synergy_2 : 0.082964 [31mtotal : 1.695043 [31mdiag_kl_1 : 1.076257 [31mdiag_kl_2 : 1.147418 [94mAcc_combined: 74.21 [94mAcc_c: 57.49 [94mAcc_g: 50.60 [92mF1_combined: 66.37 [92mF1_c: 49.78 [92mF1_g: 43.04 [39m
2026-07-26 03:10:00,152 - Agent - INFO - [37mModel saved successfully at: ./data/data/2025_data/synergy/CremadPlus/v2/SynIB_RMask_U_REFABL_cremad_a01_fold1_l1.0_ir0.1_perturbrandom_fillema_pmin0.20_refuniform.pth.tar[39m
2026-07-26 03:11:30,984 - Evaluator - INFO - New best with loss-accuracy-
2026-07-26 03:11:30,984 - Agent - INFO - [37mVal Epoch 7 step 7 with [31mce_loss_combined : 1.392158 [31mce_loss_c : 1.553844 [31mce_loss_g : 2.344332 [31mkl_synergy_rand_1 : 0.085278 [31mkl_synergy_rand_2 : 0.083275 [31mkl_synergy_1 : 0.091904 [31mkl_synergy_2 : 0.093276 [31mtotal : 1.745890 [31mdiag_kl_1 : 1.023983 [31mdiag_kl_2 : 1.117171 [94mAcc_combined: 68.90 [94mAcc_c: 57.32 [94mAcc_g: 46.88 [92mF1_combined: 59.02 [92mF1_c: 49.76 [92mF1_g: 39.94 [39m
2026-07-26 03:11:31,005 - Agent - INFO - [37mTest Epoch 7 step 7 with [31mce_loss_combined : 1.372793 [31mce_loss_c : 1.627879 [31mce_loss_g : 2.185782 [31mkl_synergy_rand_1 : 0.078341 [31mkl_synergy_rand_2 : 0.076848 [31mkl_synergy_1 : 0.087743 [31mkl_synergy_2 : 0.085544 [31mtotal : 1.701269 [31mdiag_kl_1 : 1.058522 [31mdiag_kl_2 : 1.167125 [94mAcc_combined: 73.66 [94mAcc_c: 57.81 [94mAcc_g: 52.24 [92mF1_combined: 64.35 [92mF1_c: 50.15 [92mF1_g: 43.14 [39m
2026-07-26 03:11:32,515 - Agent - INFO - [37mModel saved successfully at: ./data/data/2025_data/synergy/CremadPlus/v2/SynIB_RMask_U_REFABL_cremad_a01_fold1_l1.0_ir0.1_perturbrandom_fillema_pmin0.20_refuniform.pth.tar[39m
2026-07-26 03:13:06,972 - Evaluator - INFO - New best with loss-accuracy-
2026-07-26 03:13:06,973 - Agent - INFO - [37mVal Epoch 8 step 8 with [31mce_loss_combined : 1.368258 [31mce_loss_c : 1.529183 [31mce_loss_g : 2.087528 [31mkl_synergy_rand_1 : 0.089703 [31mkl_synergy_rand_2 : 0.086934 [31mkl_synergy_1 : 0.095626 [31mkl_synergy_2 : 0.095594 [31mtotal : 1.736115 [31mdiag_kl_1 : 1.002505 [31mdiag_kl_2 : 1.106866 [94mAcc_combined: 70.15 [94mAcc_c: 56.30 [94mAcc_g: 45.97 [92mF1_combined: 60.17 [92mF1_c: 49.13 [92mF1_g: 40.14 [39m
2026-07-26 03:13:06,992 - Agent - INFO - [37mTest Epoch 8 step 8 with [31mce_loss_combined : 1.353745 [31mce_loss_c : 1.567590 [31mce_loss_g : 2.035588 [31mkl_synergy_rand_1 : 0.083799 [31mkl_synergy_rand_2 : 0.078730 [31mkl_synergy_1 : 0.091787 [31mkl_synergy_2 : 0.085500 [31mtotal : 1.693563 [31mdiag_kl_1 : 1.033183 [31mdiag_kl_2 : 1.172905 [94mAcc_combined: 74.54 [94mAcc_c: 57.05 [94mAcc_g: 51.15 [92mF1_combined: 65.18 [92mF1_c: 49.74 [92mF1_g: 43.89 [39m
2026-07-26 03:13:08,320 - Agent - INFO - [37mModel saved successfully at: ./data/data/2025_data/synergy/CremadPlus/v2/SynIB_RMask_U_REFABL_cremad_a01_fold1_l1.0_ir0.1_perturbrandom_fillema_pmin0.20_refuniform.pth.tar[39m
2026-07-26 03:14:32,520 - Agent - INFO - [37mVal Epoch 9 step 9 with [31mce_loss_combined : 1.374803 [31mce_loss_c : 1.482027 [31mce_loss_g : 2.036420 [31mkl_synergy_rand_1 : 0.088627 [31mkl_synergy_rand_2 : 0.084731 [31mkl_synergy_1 : 0.095724 [31mkl_synergy_2 : 0.094784 [31mtotal : 1.738669 [31mdiag_kl_1 : 1.004961 [31mdiag_kl_2 : 1.128335 [94mAcc_combined: 69.47 [94mAcc_c: 56.07 [94mAcc_g: 43.36 [92mF1_combined: 59.73 [92mF1_c: 48.84 [92mF1_g: 37.96 [39m
2026-07-26 03:14:32,546 - Agent - INFO - [37mTest Epoch 9 step 9 with [31mce_loss_combined : 1.357759 [31mce_loss_c : 1.510363 [31mce_loss_g : 1.959247 [31mkl_synergy_rand_1 : 0.084304 [31mkl_synergy_rand_2 : 0.076389 [31mkl_synergy_1 : 0.090615 [31mkl_synergy_2 : 0.085383 [31mtotal : 1.694450 [31mdiag_kl_1 : 1.032504 [31mdiag_kl_2 : 1.186848 [94mAcc_combined: 75.30 [94mAcc_c: 55.52 [94mAcc_g: 48.85 [92mF1_combined: 65.92 [92mF1_c: 48.59 [92mF1_g: 41.60 [39m
2026-07-26 03:16:00,664 - Agent - INFO - [37mVal Epoch 10 step 10 with [31mce_loss_combined : 1.370026 [31mce_loss_c : 1.449496 [31mce_loss_g : 2.019148 [31mkl_synergy_rand_1 : 0.089383 [31mkl_synergy_rand_2 : 0.081784 [31mkl_synergy_1 : 0.094346 [31mkl_synergy_2 : 0.092330 [31mtotal : 1.727869 [31mdiag_kl_1 : 0.988212 [31mdiag_kl_2 : 1.142708 [94mAcc_combined: 69.58 [94mAcc_c: 55.62 [94mAcc_g: 43.93 [92mF1_combined: 59.77 [92mF1_c: 48.77 [92mF1_g: 38.97 [39m
2026-07-26 03:16:00,685 - Agent - INFO - [37mTest Epoch 10 step 10 with [31mce_loss_combined : 1.358740 [31mce_loss_c : 1.468620 [31mce_loss_g : 1.897248 [31mkl_synergy_rand_1 : 0.084954 [31mkl_synergy_rand_2 : 0.076118 [31mkl_synergy_1 : 0.092710 [31mkl_synergy_2 : 0.082942 [31mtotal : 1.695464 [31mdiag_kl_1 : 1.013268 [31mdiag_kl_2 : 1.211513 [94mAcc_combined: 74.32 [94mAcc_c: 55.30 [94mAcc_g: 51.37 [92mF1_combined: 64.91 [92mF1_c: 48.46 [92mF1_g: 44.78 [39m
2026-07-26 03:17:27,902 - Agent - INFO - [37mVal Epoch 11 step 11 with [31mce_loss_combined : 1.374827 [31mce_loss_c : 1.404983 [31mce_loss_g : 1.958167 [31mkl_synergy_rand_1 : 0.087557 [31mkl_synergy_rand_2 : 0.080471 [31mkl_synergy_1 : 0.094250 [31mkl_synergy_2 : 0.087862 [31mtotal : 1.724968 [31mdiag_kl_1 : 0.990256 [31mdiag_kl_2 : 1.155107 [94mAcc_combined: 69.35 [94mAcc_c: 54.03 [94mAcc_g: 42.00 [92mF1_combined: 59.51 [92mF1_c: 47.15 [92mF1_g: 37.05 [39m
2026-07-26 03:17:27,923 - Agent - INFO - [37mTest Epoch 11 step 11 with [31mce_loss_combined : 1.365992 [31mce_loss_c : 1.426408 [31mce_loss_g : 1.930187 [31mkl_synergy_rand_1 : 0.082899 [31mkl_synergy_rand_2 : 0.074155 [31mkl_synergy_1 : 0.090091 [31mkl_synergy_2 : 0.080809 [31mtotal : 1.693946 [31mdiag_kl_1 : 1.015575 [31mdiag_kl_2 : 1.222428 [94mAcc_combined: 73.22 [94mAcc_c: 54.64 [94mAcc_g: 48.52 [92mF1_combined: 63.92 [92mF1_c: 48.00 [92mF1_g: 41.98 [39m
2026-07-26 03:18:57,281 - Evaluator - INFO - New best with accuracy-
2026-07-26 03:18:57,281 - Agent - INFO - [37mVal Epoch 12 step 12 with [31mce_loss_combined : 1.372762 [31mce_loss_c : 1.393577 [31mce_loss_g : 1.904552 [31mkl_synergy_rand_1 : 0.086263 [31mkl_synergy_rand_2 : 0.077262 [31mkl_synergy_1 : 0.094187 [31mkl_synergy_2 : 0.082549 [31mtotal : 1.713023 [31mdiag_kl_1 : 0.981837 [31mdiag_kl_2 : 1.165876 [94mAcc_combined: 70.26 [94mAcc_c: 53.58 [94mAcc_g: 40.07 [92mF1_combined: 60.03 [92mF1_c: 46.56 [92mF1_g: 35.69 [39m
2026-07-26 03:18:57,297 - Agent - INFO - [37mTest Epoch 12 step 12 with [31mce_loss_combined : 1.367927 [31mce_loss_c : 1.386054 [31mce_loss_g : 1.847060 [31mkl_synergy_rand_1 : 0.081608 [31mkl_synergy_rand_2 : 0.072618 [31mkl_synergy_1 : 0.090082 [31mkl_synergy_2 : 0.079661 [31mtotal : 1.691897 [31mdiag_kl_1 : 1.011143 [31mdiag_kl_2 : 1.238700 [94mAcc_combined: 72.79 [94mAcc_c: 54.43 [94mAcc_g: 47.32 [92mF1_combined: 63.26 [92mF1_c: 47.72 [92mF1_g: 41.46 [39m
2026-07-26 03:18:58,838 - Agent - INFO - [37mModel saved successfully at: ./data/data/2025_data/synergy/CremadPlus/v2/SynIB_RMask_U_REFABL_cremad_a01_fold1_l1.0_ir0.1_perturbrandom_fillema_pmin0.20_refuniform.pth.tar[39m
2026-07-26 03:20:25,401 - Agent - INFO - [37mVal Epoch 13 step 13 with [31mce_loss_combined : 1.389439 [31mce_loss_c : 1.384817 [31mce_loss_g : 1.912034 [31mkl_synergy_rand_1 : 0.084713 [31mkl_synergy_rand_2 : 0.075444 [31mkl_synergy_1 : 0.090656 [31mkl_synergy_2 : 0.079524 [31mtotal : 1.719776 [31mdiag_kl_1 : 0.985684 [31mdiag_kl_2 : 1.174159 [94mAcc_combined: 68.90 [94mAcc_c: 51.65 [94mAcc_g: 36.55 [92mF1_combined: 59.38 [92mF1_c: 44.76 [92mF1_g: 32.66 [39m
2026-07-26 03:20:25,417 - Agent - INFO - [37mTest Epoch 13 step 13 with [31mce_loss_combined : 1.376611 [31mce_loss_c : 1.379476 [31mce_loss_g : 1.845346 [31mkl_synergy_rand_1 : 0.082401 [31mkl_synergy_rand_2 : 0.070003 [31mkl_synergy_1 : 0.090260 [31mkl_synergy_2 : 0.075913 [31mtotal : 1.695188 [31mdiag_kl_1 : 1.011066 [31mdiag_kl_2 : 1.244928 [94mAcc_combined: 71.91 [94mAcc_c: 53.33 [94mAcc_g: 46.23 [92mF1_combined: 62.70 [92mF1_c: 46.77 [92mF1_g: 40.91 [39m
2026-07-26 03:21:45,821 - Agent - INFO - [37mVal Epoch 14 step 14 with [31mce_loss_combined : 1.391879 [31mce_loss_c : 1.390621 [31mce_loss_g : 1.979465 [31mkl_synergy_rand_1 : 0.086146 [31mkl_synergy_rand_2 : 0.074816 [31mkl_synergy_1 : 0.091625 [31mkl_synergy_2 : 0.077045 [31mtotal : 1.721511 [31mdiag_kl_1 : 0.980558 [31mdiag_kl_2 : 1.187256 [94mAcc_combined: 67.99 [94mAcc_c: 49.94 [94mAcc_g: 34.17 [92mF1_combined: 58.56 [92mF1_c: 43.28 [92mF1_g: 30.40 [39m
2026-07-26 03:21:45,837 - Agent - INFO - [37mTest Epoch 14 step 14 with [31mce_loss_combined : 1.379975 [31mce_loss_c : 1.392987 [31mce_loss_g : 1.932477 [31mkl_synergy_rand_1 : 0.082892 [31mkl_synergy_rand_2 : 0.070097 [31mkl_synergy_1 : 0.089562 [31mkl_synergy_2 : 0.070530 [31mtotal : 1.693057 [31mdiag_kl_1 : 1.006136 [31mdiag_kl_2 : 1.251177 [94mAcc_combined: 70.60 [94mAcc_c: 50.71 [94mAcc_g: 41.86 [92mF1_combined: 61.61 [92mF1_c: 44.18 [92mF1_g: 37.22 [39m
2026-07-26 03:23:09,806 - Agent - INFO - [37mVal Epoch 15 step 15 with [31mce_loss_combined : 1.409199 [31mce_loss_c : 1.421176 [31mce_loss_g : 1.949387 [31mkl_synergy_rand_1 : 0.081752 [31mkl_synergy_rand_2 : 0.070214 [31mkl_synergy_1 : 0.089527 [31mkl_synergy_2 : 0.071511 [31mtotal : 1.722203 [31mdiag_kl_1 : 0.997687 [31mdiag_kl_2 : 1.206300 [94mAcc_combined: 67.08 [94mAcc_c: 48.69 [94mAcc_g: 32.24 [92mF1_combined: 58.18 [92mF1_c: 42.14 [92mF1_g: 28.36 [39m
2026-07-26 03:23:09,825 - Agent - INFO - [37mTest Epoch 15 step 15 with [31mce_loss_combined : 1.400043 [31mce_loss_c : 1.401367 [31mce_loss_g : 1.958981 [31mkl_synergy_rand_1 : 0.080287 [31mkl_synergy_rand_2 : 0.068127 [31mkl_synergy_1 : 0.086051 [31mkl_synergy_2 : 0.065160 [31mtotal : 1.699669 [31mdiag_kl_1 : 1.016980 [31mdiag_kl_2 : 1.270007 [94mAcc_combined: 69.84 [94mAcc_c: 50.38 [94mAcc_g: 39.13 [92mF1_combined: 62.15 [92mF1_c: 43.86 [92mF1_g: 34.97 [39m
2026-07-26 03:24:37,368 - Agent - INFO - [37mVal Epoch 16 step 16 with [31mce_loss_combined : 1.392197 [31mce_loss_c : 1.467834 [31mce_loss_g : 2.042357 [31mkl_synergy_rand_1 : 0.083283 [31mkl_synergy_rand_2 : 0.070699 [31mkl_synergy_1 : 0.090462 [31mkl_synergy_2 : 0.070263 [31mtotal : 1.706903 [31mdiag_kl_1 : 0.979663 [31mdiag_kl_2 : 1.195845 [94mAcc_combined: 67.76 [94mAcc_c: 45.86 [94mAcc_g: 27.70 [92mF1_combined: 58.43 [92mF1_c: 39.72 [92mF1_g: 24.50 [39m
2026-07-26 03:24:37,390 - Agent - INFO - [37mTest Epoch 16 step 16 with [31mce_loss_combined : 1.384923 [31mce_loss_c : 1.450513 [31mce_loss_g : 2.069386 [31mkl_synergy_rand_1 : 0.081160 [31mkl_synergy_rand_2 : 0.068500 [31mkl_synergy_1 : 0.088856 [31mkl_synergy_2 : 0.066570 [31mtotal : 1.690011 [31mdiag_kl_1 : 1.000636 [31mdiag_kl_2 : 1.263703 [94mAcc_combined: 70.60 [94mAcc_c: 47.65 [94mAcc_g: 35.19 [92mF1_combined: 62.59 [92mF1_c: 41.28 [92mF1_g: 31.71 [39m
2026-07-26 03:26:03,795 - Agent - INFO - [37mVal Epoch 17 step 17 with [31mce_loss_combined : 1.397414 [31mce_loss_c : 1.525540 [31mce_loss_g : 2.081198 [31mkl_synergy_rand_1 : 0.081810 [31mkl_synergy_rand_2 : 0.070978 [31mkl_synergy_1 : 0.088827 [31mkl_synergy_2 : 0.067490 [31mtotal : 1.706518 [31mdiag_kl_1 : 0.978657 [31mdiag_kl_2 : 1.195715 [94mAcc_combined: 67.88 [94mAcc_c: 41.09 [94mAcc_g: 22.93 [92mF1_combined: 58.45 [92mF1_c: 35.87 [92mF1_g: 20.84 [39m
2026-07-26 03:26:03,814 - Agent - INFO - [37mTest Epoch 17 step 17 with [31mce_loss_combined : 1.386455 [31mce_loss_c : 1.490589 [31mce_loss_g : 2.146372 [31mkl_synergy_rand_1 : 0.081967 [31mkl_synergy_rand_2 : 0.068630 [31mkl_synergy_1 : 0.088588 [31mkl_synergy_2 : 0.063508 [31mtotal : 1.689150 [31mdiag_kl_1 : 0.992546 [31mdiag_kl_2 : 1.261620 [94mAcc_combined: 71.15 [94mAcc_c: 45.57 [94mAcc_g: 28.42 [92mF1_combined: 61.87 [92mF1_c: 39.68 [92mF1_g: 24.94 [39m
2026-07-26 03:27:24,269 - Agent - INFO - [37mVal Epoch 18 step 18 with [31mce_loss_combined : 1.403893 [31mce_loss_c : 1.606457 [31mce_loss_g : 2.078625 [31mkl_synergy_rand_1 : 0.080660 [31mkl_synergy_rand_2 : 0.066766 [31mkl_synergy_1 : 0.087854 [31mkl_synergy_2 : 0.064210 [31mtotal : 1.703385 [31mdiag_kl_1 : 0.978212 [31mdiag_kl_2 : 1.209154 [94mAcc_combined: 67.65 [94mAcc_c: 35.19 [94mAcc_g: 20.54 [92mF1_combined: 58.45 [92mF1_c: 30.40 [92mF1_g: 18.25 [39m
2026-07-26 03:27:24,284 - Agent - INFO - [37mTest Epoch 18 step 18 with [31mce_loss_combined : 1.396745 [31mce_loss_c : 1.569405 [31mce_loss_g : 2.156728 [31mkl_synergy_rand_1 : 0.079641 [31mkl_synergy_rand_2 : 0.067091 [31mkl_synergy_1 : 0.086942 [31mkl_synergy_2 : 0.062228 [31mtotal : 1.692647 [31mdiag_kl_1 : 0.999172 [31mdiag_kl_2 : 1.274740 [94mAcc_combined: 69.40 [94mAcc_c: 40.87 [94mAcc_g: 26.67 [92mF1_combined: 61.45 [92mF1_c: 35.04 [92mF1_g: 23.19 [39m
2026-07-26 03:28:49,913 - Agent - INFO - [37mVal Epoch 19 step 19 with [31mce_loss_combined : 1.403879 [31mce_loss_c : 1.689050 [31mce_loss_g : 2.157633 [31mkl_synergy_rand_1 : 0.080018 [31mkl_synergy_rand_2 : 0.067081 [31mkl_synergy_1 : 0.085905 [31mkl_synergy_2 : 0.060537 [31mtotal : 1.697420 [31mdiag_kl_1 : 0.977893 [31mdiag_kl_2 : 1.210045 [94mAcc_combined: 67.99 [94mAcc_c: 30.19 [94mAcc_g: 17.71 [92mF1_combined: 58.66 [92mF1_c: 26.15 [92mF1_g: 15.05 [39m
2026-07-26 03:28:49,928 - Agent - INFO - [37mTest Epoch 19 step 19 with [31mce_loss_combined : 1.396427 [31mce_loss_c : 1.641494 [31mce_loss_g : 2.216022 [31mkl_synergy_rand_1 : 0.079369 [31mkl_synergy_rand_2 : 0.067413 [31mkl_synergy_1 : 0.085920 [31mkl_synergy_2 : 0.061424 [31mtotal : 1.690553 [31mdiag_kl_1 : 0.997507 [31mdiag_kl_2 : 1.266890 [94mAcc_combined: 70.05 [94mAcc_c: 34.10 [94mAcc_g: 22.95 [92mF1_combined: 62.05 [92mF1_c: 29.23 [92mF1_g: 18.89 [39m
2026-07-26 03:30:13,841 - Agent - INFO - [37mVal Epoch 20 step 20 with [31mce_loss_combined : 1.415570 [31mce_loss_c : 1.762480 [31mce_loss_g : 2.124289 [31mkl_synergy_rand_1 : 0.076476 [31mkl_synergy_rand_2 : 0.064767 [31mkl_synergy_1 : 0.081860 [31mkl_synergy_2 : 0.059121 [31mtotal : 1.697794 [31mdiag_kl_1 : 0.987249 [31mdiag_kl_2 : 1.211684 [94mAcc_combined: 67.20 [94mAcc_c: 25.43 [94mAcc_g: 17.14 [92mF1_combined: 58.16 [92mF1_c: 22.92 [92mF1_g: 15.78 [39m
2026-07-26 03:30:13,859 - Agent - INFO - [37mTest Epoch 20 step 20 with [31mce_loss_combined : 1.406475 [31mce_loss_c : 1.704029 [31mce_loss_g : 2.198684 [31mkl_synergy_rand_1 : 0.077276 [31mkl_synergy_rand_2 : 0.063293 [31mkl_synergy_1 : 0.083292 [31mkl_synergy_2 : 0.058929 [31mtotal : 1.689265 [31mdiag_kl_1 : 0.998449 [31mdiag_kl_2 : 1.276742 [94mAcc_combined: 69.95 [94mAcc_c: 29.73 [94mAcc_g: 20.98 [92mF1_combined: 62.55 [92mF1_c: 26.13 [92mF1_g: 17.22 [39m
2026-07-26 03:31:44,759 - Agent - INFO - [37mVal Epoch 21 step 21 with [31mce_loss_combined : 1.405886 [31mce_loss_c : 1.863638 [31mce_loss_g : 2.148656 [31mkl_synergy_rand_1 : 0.079979 [31mkl_synergy_rand_2 : 0.068435 [31mkl_synergy_1 : 0.085028 [31mkl_synergy_2 : 0.062113 [31mtotal : 1.701442 [31mdiag_kl_1 : 0.981472 [31mdiag_kl_2 : 1.191350 [94mAcc_combined: 67.20 [94mAcc_c: 21.11 [94mAcc_g: 15.32 [92mF1_combined: 57.72 [92mF1_c: 19.20 [92mF1_g: 14.07 [39m
2026-07-26 03:31:44,776 - Agent - INFO - [37mTest Epoch 21 step 21 with [31mce_loss_combined : 1.402471 [31mce_loss_c : 1.794327 [31mce_loss_g : 2.219855 [31mkl_synergy_rand_1 : 0.078864 [31mkl_synergy_rand_2 : 0.064599 [31mkl_synergy_1 : 0.084356 [31mkl_synergy_2 : 0.060660 [31mtotal : 1.690950 [31mdiag_kl_1 : 0.994500 [31mdiag_kl_2 : 1.259236 [94mAcc_combined: 69.62 [94mAcc_c: 23.50 [94mAcc_g: 20.98 [92mF1_combined: 60.88 [92mF1_c: 20.37 [92mF1_g: 17.08 [39m
2026-07-26 03:33:17,226 - Agent - INFO - [37mVal Epoch 22 step 22 with [31mce_loss_combined : 1.406571 [31mce_loss_c : 1.951152 [31mce_loss_g : 2.181974 [31mkl_synergy_rand_1 : 0.079802 [31mkl_synergy_rand_2 : 0.066344 [31mkl_synergy_1 : 0.083795 [31mkl_synergy_2 : 0.061431 [31mtotal : 1.697944 [31mdiag_kl_1 : 0.975289 [31mdiag_kl_2 : 1.197110 [94mAcc_combined: 66.40 [94mAcc_c: 17.14 [94mAcc_g: 13.73 [92mF1_combined: 57.09 [92mF1_c: 15.62 [92mF1_g: 11.32 [39m
2026-07-26 03:33:17,242 - Agent - INFO - [37mTest Epoch 22 step 22 with [31mce_loss_combined : 1.403192 [31mce_loss_c : 1.880743 [31mce_loss_g : 2.249140 [31mkl_synergy_rand_1 : 0.079454 [31mkl_synergy_rand_2 : 0.066986 [31mkl_synergy_1 : 0.083321 [31mkl_synergy_2 : 0.061034 [31mtotal : 1.693988 [31mdiag_kl_1 : 0.988273 [31mdiag_kl_2 : 1.253668 [94mAcc_combined: 69.07 [94mAcc_c: 18.69 [94mAcc_g: 19.56 [92mF1_combined: 60.44 [92mF1_c: 16.34 [92mF1_g: 15.30 [39m
2026-07-26 03:34:50,713 - Agent - INFO - [37mVal Epoch 23 step 23 with [31mce_loss_combined : 1.413265 [31mce_loss_c : 2.038194 [31mce_loss_g : 2.084834 [31mkl_synergy_rand_1 : 0.076814 [31mkl_synergy_rand_2 : 0.064851 [31mkl_synergy_1 : 0.083024 [31mkl_synergy_2 : 0.059699 [31mtotal : 1.697653 [31mdiag_kl_1 : 0.983723 [31mdiag_kl_2 : 1.212364 [94mAcc_combined: 66.97 [94mAcc_c: 13.62 [94mAcc_g: 15.10 [92mF1_combined: 57.66 [92mF1_c: 11.45 [92mF1_g: 12.56 [39m
2026-07-26 03:34:50,733 - Agent - INFO - [37mTest Epoch 23 step 23 with [31mce_loss_combined : 1.405395 [31mce_loss_c : 1.966906 [31mce_loss_g : 2.119217 [31mkl_synergy_rand_1 : 0.079707 [31mkl_synergy_rand_2 : 0.065115 [31mkl_synergy_1 : 0.081756 [31mkl_synergy_2 : 0.059283 [31mtotal : 1.691255 [31mdiag_kl_1 : 0.985446 [31mdiag_kl_2 : 1.273219 [94mAcc_combined: 69.18 [94mAcc_c: 16.39 [94mAcc_g: 21.53 [92mF1_combined: 60.33 [92mF1_c: 13.54 [92mF1_g: 17.02 [39m
2026-07-26 03:36:19,776 - Agent - INFO - [37mVal Epoch 24 step 24 with [31mce_loss_combined : 1.420042 [31mce_loss_c : 2.083207 [31mce_loss_g : 2.043401 [31mkl_synergy_rand_1 : 0.074117 [31mkl_synergy_rand_2 : 0.063250 [31mkl_synergy_1 : 0.077512 [31mkl_synergy_2 : 0.057776 [31mtotal : 1.692697 [31mdiag_kl_1 : 0.994062 [31mdiag_kl_2 : 1.204975 [94mAcc_combined: 66.40 [94mAcc_c: 11.69 [94mAcc_g: 17.03 [92mF1_combined: 56.97 [92mF1_c: 10.24 [92mF1_g: 12.13 [39m
2026-07-26 03:36:19,798 - Agent - INFO - [37mTest Epoch 24 step 24 with [31mce_loss_combined : 1.413276 [31mce_loss_c : 2.010404 [31mce_loss_g : 2.085942 [31mkl_synergy_rand_1 : 0.074598 [31mkl_synergy_rand_2 : 0.061869 [31mkl_synergy_1 : 0.079159 [31mkl_synergy_2 : 0.056730 [31mtotal : 1.685632 [31mdiag_kl_1 : 1.007626 [31mdiag_kl_2 : 1.260440 [94mAcc_combined: 70.38 [94mAcc_c: 13.44 [94mAcc_g: 22.40 [92mF1_combined: 61.59 [92mF1_c: 11.44 [92mF1_g: 15.64 [39m
2026-07-26 03:37:47,887 - Agent - INFO - [37mVal Epoch 25 step 25 with [31mce_loss_combined : 1.414756 [31mce_loss_c : 2.134169 [31mce_loss_g : 1.989288 [31mkl_synergy_rand_1 : 0.076230 [31mkl_synergy_rand_2 : 0.064335 [31mkl_synergy_1 : 0.080531 [31mkl_synergy_2 : 0.059440 [31mtotal : 1.695292 [31mdiag_kl_1 : 0.988502 [31mdiag_kl_2 : 1.202072 [94mAcc_combined: 65.72 [94mAcc_c: 10.67 [94mAcc_g: 18.50 [92mF1_combined: 56.43 [92mF1_c: 9.00 [92mF1_g: 13.90 [39m
2026-07-26 03:37:47,908 - Agent - INFO - [37mTest Epoch 25 step 25 with [31mce_loss_combined : 1.408388 [31mce_loss_c : 2.059106 [31mce_loss_g : 2.015885 [31mkl_synergy_rand_1 : 0.077081 [31mkl_synergy_rand_2 : 0.064970 [31mkl_synergy_1 : 0.079989 [31mkl_synergy_2 : 0.058982 [31mtotal : 1.689410 [31mdiag_kl_1 : 0.994614 [31mdiag_kl_2 : 1.264169 [94mAcc_combined: 69.51 [94mAcc_c: 12.57 [94mAcc_g: 24.37 [92mF1_combined: 60.75 [92mF1_c: 10.66 [92mF1_g: 18.09 [39m
2026-07-26 03:39:17,170 - Agent - INFO - [37mVal Epoch 26 step 26 with [31mce_loss_combined : 1.410890 [31mce_loss_c : 2.166239 [31mce_loss_g : 1.981668 [31mkl_synergy_rand_1 : 0.077261 [31mkl_synergy_rand_2 : 0.064362 [31mkl_synergy_1 : 0.078511 [31mkl_synergy_2 : 0.060242 [31mtotal : 1.691266 [31mdiag_kl_1 : 0.982539 [31mdiag_kl_2 : 1.201181 [94mAcc_combined: 66.17 [94mAcc_c: 9.76 [94mAcc_g: 18.50 [92mF1_combined: 56.86 [92mF1_c: 8.16 [92mF1_g: 13.46 [39m
2026-07-26 03:39:17,190 - Agent - INFO - [37mTest Epoch 26 step 26 with [31mce_loss_combined : 1.401860 [31mce_loss_c : 2.091649 [31mce_loss_g : 1.992304 [31mkl_synergy_rand_1 : 0.077712 [31mkl_synergy_rand_2 : 0.064890 [31mkl_synergy_1 : 0.080348 [31mkl_synergy_2 : 0.060142 [31mtotal : 1.684952 [31mdiag_kl_1 : 0.995337 [31mdiag_kl_2 : 1.257911 [94mAcc_combined: 70.16 [94mAcc_c: 11.58 [94mAcc_g: 25.36 [92mF1_combined: 61.35 [92mF1_c: 9.84 [92mF1_g: 18.60 [39m
2026-07-26 03:40:43,092 - Agent - INFO - [37mVal Epoch 27 step 27 with [31mce_loss_combined : 1.412111 [31mce_loss_c : 2.177528 [31mce_loss_g : 1.970267 [31mkl_synergy_rand_1 : 0.077000 [31mkl_synergy_rand_2 : 0.064186 [31mkl_synergy_1 : 0.079697 [31mkl_synergy_2 : 0.060296 [31mtotal : 1.693290 [31mdiag_kl_1 : 0.982791 [31mdiag_kl_2 : 1.192818 [94mAcc_combined: 66.86 [94mAcc_c: 9.53 [94mAcc_g: 18.73 [92mF1_combined: 57.53 [92mF1_c: 7.97 [92mF1_g: 12.96 [39m
2026-07-26 03:40:43,113 - Agent - INFO - [37mTest Epoch 27 step 27 with [31mce_loss_combined : 1.402924 [31mce_loss_c : 2.101011 [31mce_loss_g : 1.983587 [31mkl_synergy_rand_1 : 0.078032 [31mkl_synergy_rand_2 : 0.065275 [31mkl_synergy_1 : 0.082708 [31mkl_synergy_2 : 0.061277 [31mtotal : 1.690216 [31mdiag_kl_1 : 0.993139 [31mdiag_kl_2 : 1.253196 [94mAcc_combined: 69.07 [94mAcc_c: 11.48 [94mAcc_g: 25.57 [92mF1_combined: 60.53 [92mF1_c: 9.66 [92mF1_g: 17.98 [39m
2026-07-26 03:42:15,051 - Agent - INFO - [37mVal Epoch 28 step 28 with [31mce_loss_combined : 1.417770 [31mce_loss_c : 2.180510 [31mce_loss_g : 1.969115 [31mkl_synergy_rand_1 : 0.076169 [31mkl_synergy_rand_2 : 0.064123 [31mkl_synergy_1 : 0.080602 [31mkl_synergy_2 : 0.060676 [31mtotal : 1.699341 [31mdiag_kl_1 : 0.987391 [31mdiag_kl_2 : 1.199212 [94mAcc_combined: 66.17 [94mAcc_c: 9.88 [94mAcc_g: 19.07 [92mF1_combined: 56.97 [92mF1_c: 8.11 [92mF1_g: 13.46 [39m
2026-07-26 03:42:15,076 - Agent - INFO - [37mTest Epoch 28 step 28 with [31mce_loss_combined : 1.404253 [31mce_loss_c : 2.105394 [31mce_loss_g : 1.979762 [31mkl_synergy_rand_1 : 0.076246 [31mkl_synergy_rand_2 : 0.064112 [31mkl_synergy_1 : 0.080692 [31mkl_synergy_2 : 0.059999 [31mtotal : 1.685302 [31mdiag_kl_1 : 1.003586 [31mdiag_kl_2 : 1.253357 [94mAcc_combined: 69.51 [94mAcc_c: 11.26 [94mAcc_g: 25.57 [92mF1_combined: 60.90 [92mF1_c: 9.46 [92mF1_g: 17.93 [39m
2026-07-26 03:43:47,341 - Agent - INFO - [37mVal Epoch 29 step 29 with [31mce_loss_combined : 1.416394 [31mce_loss_c : 2.186319 [31mce_loss_g : 1.954399 [31mkl_synergy_rand_1 : 0.076382 [31mkl_synergy_rand_2 : 0.064140 [31mkl_synergy_1 : 0.079825 [31mkl_synergy_2 : 0.059661 [31mtotal : 1.696402 [31mdiag_kl_1 : 0.987529 [31mdiag_kl_2 : 1.202858 [94mAcc_combined: 65.61 [94mAcc_c: 9.88 [94mAcc_g: 19.18 [92mF1_combined: 56.35 [92mF1_c: 8.16 [92mF1_g: 13.64 [39m
2026-07-26 03:43:47,360 - Agent - INFO - [37mTest Epoch 29 step 29 with [31mce_loss_combined : 1.402096 [31mce_loss_c : 2.110368 [31mce_loss_g : 1.965896 [31mkl_synergy_rand_1 : 0.075900 [31mkl_synergy_rand_2 : 0.064477 [31mkl_synergy_1 : 0.082110 [31mkl_synergy_2 : 0.060614 [31mtotal : 1.685197 [31mdiag_kl_1 : 1.005238 [31mdiag_kl_2 : 1.251643 [94mAcc_combined: 69.73 [94mAcc_c: 10.60 [94mAcc_g: 26.34 [92mF1_combined: 61.06 [92mF1_c: 8.87 [92mF1_g: 18.63 [39m
2026-07-26 03:45:19,905 - Agent - INFO - [37mVal Epoch 30 step 30 with [31mce_loss_combined : 1.413538 [31mce_loss_c : 2.181380 [31mce_loss_g : 1.942493 [31mkl_synergy_rand_1 : 0.076449 [31mkl_synergy_rand_2 : 0.064659 [31mkl_synergy_1 : 0.080310 [31mkl_synergy_2 : 0.061105 [31mtotal : 1.696061 [31mdiag_kl_1 : 0.985962 [31mdiag_kl_2 : 1.199808 [94mAcc_combined: 65.95 [94mAcc_c: 9.42 [94mAcc_g: 20.09 [92mF1_combined: 56.71 [92mF1_c: 7.98 [92mF1_g: 14.26 [39m
2026-07-26 03:45:19,925 - Agent - INFO - [37mTest Epoch 30 step 30 with [31mce_loss_combined : 1.400687 [31mce_loss_c : 2.108518 [31mce_loss_g : 1.950952 [31mkl_synergy_rand_1 : 0.077891 [31mkl_synergy_rand_2 : 0.066189 [31mkl_synergy_1 : 0.082922 [31mkl_synergy_2 : 0.061283 [31mtotal : 1.688972 [31mdiag_kl_1 : 0.995545 [31mdiag_kl_2 : 1.251489 [94mAcc_combined: 69.95 [94mAcc_c: 10.82 [94mAcc_g: 26.34 [92mF1_combined: 61.17 [92mF1_c: 9.04 [92mF1_g: 18.22 [39m
2026-07-26 03:46:52,155 - Agent - INFO - [37mVal Epoch 31 step 31 with [31mce_loss_combined : 1.412787 [31mce_loss_c : 2.197613 [31mce_loss_g : 1.951000 [31mkl_synergy_rand_1 : 0.077026 [31mkl_synergy_rand_2 : 0.064512 [31mkl_synergy_1 : 0.079335 [31mkl_synergy_2 : 0.060146 [31mtotal : 1.693807 [31mdiag_kl_1 : 0.984455 [31mdiag_kl_2 : 1.198697 [94mAcc_combined: 66.74 [94mAcc_c: 9.42 [94mAcc_g: 19.18 [92mF1_combined: 57.43 [92mF1_c: 7.87 [92mF1_g: 13.34 [39m
2026-07-26 03:46:52,176 - Agent - INFO - [37mTest Epoch 31 step 31 with [31mce_loss_combined : 1.401072 [31mce_loss_c : 2.121606 [31mce_loss_g : 1.960093 [31mkl_synergy_rand_1 : 0.078102 [31mkl_synergy_rand_2 : 0.065137 [31mkl_synergy_1 : 0.081648 [31mkl_synergy_2 : 0.061411 [31mtotal : 1.687369 [31mdiag_kl_1 : 0.994580 [31mdiag_kl_2 : 1.251638 [94mAcc_combined: 69.84 [94mAcc_c: 10.60 [94mAcc_g: 26.34 [92mF1_combined: 61.12 [92mF1_c: 8.89 [92mF1_g: 18.37 [39m
2026-07-26 03:48:21,963 - Agent - INFO - [37mVal Epoch 32 step 32 with [31mce_loss_combined : 1.415155 [31mce_loss_c : 2.173338 [31mce_loss_g : 1.931969 [31mkl_synergy_rand_1 : 0.075487 [31mkl_synergy_rand_2 : 0.064091 [31mkl_synergy_1 : 0.078663 [31mkl_synergy_2 : 0.060332 [31mtotal : 1.693728 [31mdiag_kl_1 : 0.991643 [31mdiag_kl_2 : 1.189628 [94mAcc_combined: 65.83 [94mAcc_c: 9.42 [94mAcc_g: 20.32 [92mF1_combined: 56.42 [92mF1_c: 8.26 [92mF1_g: 13.92 [39m
2026-07-26 03:48:21,987 - Agent - INFO - [37mTest Epoch 32 step 32 with [31mce_loss_combined : 1.402686 [31mce_loss_c : 2.094882 [31mce_loss_g : 1.938492 [31mkl_synergy_rand_1 : 0.076142 [31mkl_synergy_rand_2 : 0.064192 [31mkl_synergy_1 : 0.077793 [31mkl_synergy_2 : 0.061282 [31mtotal : 1.682096 [31mdiag_kl_1 : 1.003984 [31mdiag_kl_2 : 1.249550 [94mAcc_combined: 69.95 [94mAcc_c: 11.37 [94mAcc_g: 26.99 [92mF1_combined: 61.18 [92mF1_c: 9.89 [92mF1_g: 19.02 [39m
2026-07-26 03:49:47,243 - Agent - INFO - [37mVal Epoch 33 step 33 with [31mce_loss_combined : 1.423543 [31mce_loss_c : 2.217269 [31mce_loss_g : 1.894437 [31mkl_synergy_rand_1 : 0.073544 [31mkl_synergy_rand_2 : 0.063737 [31mkl_synergy_1 : 0.076734 [31mkl_synergy_2 : 0.058333 [31mtotal : 1.695892 [31mdiag_kl_1 : 0.999014 [31mdiag_kl_2 : 1.191427 [94mAcc_combined: 67.31 [94mAcc_c: 8.63 [94mAcc_g: 22.02 [92mF1_combined: 57.86 [92mF1_c: 7.39 [92mF1_g: 14.66 [39m
2026-07-26 03:49:47,265 - Agent - INFO - [37mTest Epoch 33 step 33 with [31mce_loss_combined : 1.410760 [31mce_loss_c : 2.140050 [31mce_loss_g : 1.895232 [31mkl_synergy_rand_1 : 0.074814 [31mkl_synergy_rand_2 : 0.063945 [31mkl_synergy_1 : 0.077906 [31mkl_synergy_2 : 0.059160 [31mtotal : 1.686585 [31mdiag_kl_1 : 1.010541 [31mdiag_kl_2 : 1.245423 [94mAcc_combined: 69.62 [94mAcc_c: 9.95 [94mAcc_g: 27.10 [92mF1_combined: 60.95 [92mF1_c: 8.57 [92mF1_g: 18.43 [39m
2026-07-26 03:51:20,464 - Agent - INFO - [37mVal Epoch 34 step 34 with [31mce_loss_combined : 1.420130 [31mce_loss_c : 2.255507 [31mce_loss_g : 1.850739 [31mkl_synergy_rand_1 : 0.074613 [31mkl_synergy_rand_2 : 0.064391 [31mkl_synergy_1 : 0.077283 [31mkl_synergy_2 : 0.059366 [31mtotal : 1.695783 [31mdiag_kl_1 : 0.998295 [31mdiag_kl_2 : 1.188564 [94mAcc_combined: 66.97 [94mAcc_c: 8.51 [94mAcc_g: 24.52 [92mF1_combined: 57.62 [92mF1_c: 6.53 [92mF1_g: 15.34 [39m
2026-07-26 03:51:20,485 - Agent - INFO - [37mTest Epoch 34 step 34 with [31mce_loss_combined : 1.404794 [31mce_loss_c : 2.174245 [31mce_loss_g : 1.844389 [31mkl_synergy_rand_1 : 0.075854 [31mkl_synergy_rand_2 : 0.066005 [31mkl_synergy_1 : 0.078235 [31mkl_synergy_2 : 0.060243 [31mtotal : 1.685131 [31mdiag_kl_1 : 1.010481 [31mdiag_kl_2 : 1.242186 [94mAcc_combined: 68.96 [94mAcc_c: 9.40 [94mAcc_g: 29.07 [92mF1_combined: 58.89 [92mF1_c: 7.70 [92mF1_g: 19.18 [39m
2026-07-26 03:52:45,655 - Agent - INFO - [37mVal Epoch 35 step 35 with [31mce_loss_combined : 1.415189 [31mce_loss_c : 2.250540 [31mce_loss_g : 1.818242 [31mkl_synergy_rand_1 : 0.074069 [31mkl_synergy_rand_2 : 0.064450 [31mkl_synergy_1 : 0.076089 [31mkl_synergy_2 : 0.060885 [31mtotal : 1.690682 [31mdiag_kl_1 : 0.995491 [31mdiag_kl_2 : 1.191602 [94mAcc_combined: 66.86 [94mAcc_c: 8.63 [94mAcc_g: 24.97 [92mF1_combined: 57.35 [92mF1_c: 7.05 [92mF1_g: 16.17 [39m
2026-07-26 03:52:45,676 - Agent - INFO - [37mTest Epoch 35 step 35 with [31mce_loss_combined : 1.404080 [31mce_loss_c : 2.170329 [31mce_loss_g : 1.778795 [31mkl_synergy_rand_1 : 0.076393 [31mkl_synergy_rand_2 : 0.065132 [31mkl_synergy_1 : 0.079152 [31mkl_synergy_2 : 0.060878 [31mtotal : 1.685636 [31mdiag_kl_1 : 1.007074 [31mdiag_kl_2 : 1.238160 [94mAcc_combined: 69.95 [94mAcc_c: 9.51 [94mAcc_g: 28.96 [92mF1_combined: 61.22 [92mF1_c: 7.91 [92mF1_g: 18.83 [39m
2026-07-26 03:54:12,391 - Agent - INFO - [37mVal Epoch 36 step 36 with [31mce_loss_combined : 1.418798 [31mce_loss_c : 2.241885 [31mce_loss_g : 1.775042 [31mkl_synergy_rand_1 : 0.074198 [31mkl_synergy_rand_2 : 0.062280 [31mkl_synergy_1 : 0.077586 [31mkl_synergy_2 : 0.060087 [31mtotal : 1.692948 [31mdiag_kl_1 : 0.997665 [31mdiag_kl_2 : 1.187588 [94mAcc_combined: 67.42 [94mAcc_c: 8.51 [94mAcc_g: 26.45 [92mF1_combined: 57.81 [92mF1_c: 6.84 [92mF1_g: 18.50 [39m
2026-07-26 03:54:12,411 - Agent - INFO - [37mTest Epoch 36 step 36 with [31mce_loss_combined : 1.406754 [31mce_loss_c : 2.165964 [31mce_loss_g : 1.736424 [31mkl_synergy_rand_1 : 0.074915 [31mkl_synergy_rand_2 : 0.064666 [31mkl_synergy_1 : 0.078552 [31mkl_synergy_2 : 0.060519 [31mtotal : 1.685406 [31mdiag_kl_1 : 1.014148 [31mdiag_kl_2 : 1.242018 [94mAcc_combined: 69.40 [94mAcc_c: 8.96 [94mAcc_g: 31.69 [92mF1_combined: 58.86 [92mF1_c: 7.47 [92mF1_g: 21.79 [39m
2026-07-26 03:55:45,113 - Agent - INFO - [37mVal Epoch 37 step 37 with [31mce_loss_combined : 1.416668 [31mce_loss_c : 2.251892 [31mce_loss_g : 1.744381 [31mkl_synergy_rand_1 : 0.076647 [31mkl_synergy_rand_2 : 0.066295 [31mkl_synergy_1 : 0.077842 [31mkl_synergy_2 : 0.063303 [31mtotal : 1.700755 [31mdiag_kl_1 : 0.996966 [31mdiag_kl_2 : 1.178083 [94mAcc_combined: 66.74 [94mAcc_c: 8.29 [94mAcc_g: 29.74 [92mF1_combined: 57.41 [92mF1_c: 6.31 [92mF1_g: 20.55 [39m
2026-07-26 03:55:45,134 - Agent - INFO - [37mTest Epoch 37 step 37 with [31mce_loss_combined : 1.400686 [31mce_loss_c : 2.188114 [31mce_loss_g : 1.719168 [31mkl_synergy_rand_1 : 0.077090 [31mkl_synergy_rand_2 : 0.066219 [31mkl_synergy_1 : 0.082096 [31mkl_synergy_2 : 0.063571 [31mtotal : 1.689660 [31mdiag_kl_1 : 1.009452 [31mdiag_kl_2 : 1.227895 [94mAcc_combined: 69.62 [94mAcc_c: 9.40 [94mAcc_g: 31.91 [92mF1_combined: 59.40 [92mF1_c: 7.60 [92mF1_g: 21.25 [39m
2026-07-26 03:57:16,759 - Agent - INFO - [37mVal Epoch 38 step 38 with [31mce_loss_combined : 1.420469 [31mce_loss_c : 2.205111 [31mce_loss_g : 1.752842 [31mkl_synergy_rand_1 : 0.072781 [31mkl_synergy_rand_2 : 0.065059 [31mkl_synergy_1 : 0.075563 [31mkl_synergy_2 : 0.061243 [31mtotal : 1.695115 [31mdiag_kl_1 : 1.010215 [31mdiag_kl_2 : 1.167038 [94mAcc_combined: 66.40 [94mAcc_c: 9.76 [94mAcc_g: 29.06 [92mF1_combined: 56.80 [92mF1_c: 7.84 [92mF1_g: 20.94 [39m
2026-07-26 03:57:16,781 - Agent - INFO - [37mTest Epoch 38 step 38 with [31mce_loss_combined : 1.397526 [31mce_loss_c : 2.135810 [31mce_loss_g : 1.713685 [31mkl_synergy_rand_1 : 0.075409 [31mkl_synergy_rand_2 : 0.067502 [31mkl_synergy_1 : 0.080567 [31mkl_synergy_2 : 0.062234 [31mtotal : 1.683239 [31mdiag_kl_1 : 1.016196 [31mdiag_kl_2 : 1.208788 [94mAcc_combined: 70.93 [94mAcc_c: 10.49 [94mAcc_g: 33.55 [92mF1_combined: 60.33 [92mF1_c: 8.57 [92mF1_g: 22.48 [39m
2026-07-26 03:58:43,710 - Agent - INFO - [37mVal Epoch 39 step 39 with [31mce_loss_combined : 1.425221 [31mce_loss_c : 2.201711 [31mce_loss_g : 1.717815 [31mkl_synergy_rand_1 : 0.072875 [31mkl_synergy_rand_2 : 0.063557 [31mkl_synergy_1 : 0.075340 [31mkl_synergy_2 : 0.061315 [31mtotal : 1.698309 [31mdiag_kl_1 : 1.014428 [31mdiag_kl_2 : 1.162908 [94mAcc_combined: 67.08 [94mAcc_c: 8.97 [94mAcc_g: 29.74 [92mF1_combined: 57.73 [92mF1_c: 6.88 [92mF1_g: 20.97 [39m
2026-07-26 03:58:43,731 - Agent - INFO - [37mTest Epoch 39 step 39 with [31mce_loss_combined : 1.404173 [31mce_loss_c : 2.144714 [31mce_loss_g : 1.675889 [31mkl_synergy_rand_1 : 0.073924 [31mkl_synergy_rand_2 : 0.064943 [31mkl_synergy_1 : 0.077879 [31mkl_synergy_2 : 0.062291 [31mtotal : 1.683210 [31mdiag_kl_1 : 1.024407 [31mdiag_kl_2 : 1.221413 [94mAcc_combined: 69.95 [94mAcc_c: 9.95 [94mAcc_g: 33.88 [92mF1_combined: 59.66 [92mF1_c: 8.34 [92mF1_g: 22.54 [39m
2026-07-26 04:00:12,122 - Agent - INFO - [37mVal Epoch 40 step 40 with [31mce_loss_combined : 1.424009 [31mce_loss_c : 2.184207 [31mce_loss_g : 1.715511 [31mkl_synergy_rand_1 : 0.072573 [31mkl_synergy_rand_2 : 0.063693 [31mkl_synergy_1 : 0.075381 [31mkl_synergy_2 : 0.061300 [31mtotal : 1.696956 [31mdiag_kl_1 : 1.013162 [31mdiag_kl_2 : 1.161416 [94mAcc_combined: 66.17 [94mAcc_c: 9.19 [94mAcc_g: 29.40 [92mF1_combined: 56.80 [92mF1_c: 7.02 [92mF1_g: 22.44 [39m
2026-07-26 04:00:12,142 - Agent - INFO - [37mTest Epoch 40 step 40 with [31mce_loss_combined : 1.398739 [31mce_loss_c : 2.134080 [31mce_loss_g : 1.658437 [31mkl_synergy_rand_1 : 0.074933 [31mkl_synergy_rand_2 : 0.066807 [31mkl_synergy_1 : 0.079187 [31mkl_synergy_2 : 0.063731 [31mtotal : 1.683397 [31mdiag_kl_1 : 1.019469 [31mdiag_kl_2 : 1.213552 [94mAcc_combined: 70.05 [94mAcc_c: 9.40 [94mAcc_g: 35.52 [92mF1_combined: 59.61 [92mF1_c: 7.56 [92mF1_g: 25.74 [39m
2026-07-26 04:01:49,362 - Agent - INFO - [37mVal Epoch 41 step 41 with [31mce_loss_combined : 1.428348 [31mce_loss_c : 2.151157 [31mce_loss_g : 1.734517 [31mkl_synergy_rand_1 : 0.070534 [31mkl_synergy_rand_2 : 0.063160 [31mkl_synergy_1 : 0.074184 [31mkl_synergy_2 : 0.059606 [31mtotal : 1.695832 [31mdiag_kl_1 : 1.021884 [31mdiag_kl_2 : 1.165502 [94mAcc_combined: 67.54 [94mAcc_c: 10.33 [94mAcc_g: 28.83 [92mF1_combined: 57.88 [92mF1_c: 8.20 [92mF1_g: 21.66 [39m
2026-07-26 04:01:49,382 - Agent - INFO - [37mTest Epoch 41 step 41 with [31mce_loss_combined : 1.405292 [31mce_loss_c : 2.099484 [31mce_loss_g : 1.672732 [31mkl_synergy_rand_1 : 0.072085 [31mkl_synergy_rand_2 : 0.064860 [31mkl_synergy_1 : 0.075581 [31mkl_synergy_2 : 0.061028 [31mtotal : 1.678844 [31mdiag_kl_1 : 1.034809 [31mdiag_kl_2 : 1.212394 [94mAcc_combined: 70.93 [94mAcc_c: 10.82 [94mAcc_g: 35.08 [92mF1_combined: 60.52 [92mF1_c: 9.04 [92mF1_g: 25.17 [39m
2026-07-26 04:02:04,732 - Agent - INFO - We are in the final state.
2026-07-26 04:02:05,209 - root - INFO - Loaded best model from best_model_accuracy_state_dict
2026-07-26 04:02:22,881 - Agent - INFO - [37mVal Epoch 41 step 0 with [31mce_loss_combined : 1.372762 [31mce_loss_c : 1.393577 [31mce_loss_g : 1.904552 [31mkl_synergy_rand_1 : 0.086628 [31mkl_synergy_rand_2 : 0.077096 [31mkl_synergy_1 : 0.093214 [31mkl_synergy_2 : 0.084675 [31mtotal : 1.714375 [31mdiag_kl_1 : 0.981403 [31mdiag_kl_2 : 1.165711 [94mAcc_combined: 70.26 [94mAcc_c: 53.58 [94mAcc_g: 40.07 [92mF1_combined: 60.03 [92mF1_c: 46.56 [92mF1_g: 35.69 [39m
2026-07-26 04:02:41,145 - Agent - INFO - [37mTest Epoch 41 step 0 with [31mce_loss_combined : 1.367927 [31mce_loss_c : 1.386054 [31mce_loss_g : 1.847060 [31mkl_synergy_rand_1 : 0.082547 [31mkl_synergy_rand_2 : 0.073728 [31mkl_synergy_1 : 0.090600 [31mkl_synergy_2 : 0.080688 [31mtotal : 1.695490 [31mdiag_kl_1 : 1.006017 [31mdiag_kl_2 : 1.235463 [94mAcc_combined: 72.79 [94mAcc_c: 54.43 [94mAcc_g: 47.32 [92mF1_combined: 63.26 [92mF1_c: 47.72 [92mF1_g: 41.46 [39m
2026-07-26 04:02:43,220 - Agent - INFO - [37mModel saved successfully at: ./data/data/2025_data/synergy/CremadPlus/v2/SynIB_RMask_U_REFABL_cremad_a01_fold1_l1.0_ir0.1_perturbrandom_fillema_pmin0.20_refuniform.pth.tar[39m
Job finished
