Starting SynIB reference-ablation job
Python 3.12.12
/esat/smcdata/users/kkontras/Image_Dataset/no_backup/git/SynIB  (git 16830bb)
GPU 0: NVIDIA A100-SXM4-80GB (UUID: GPU-54c371e8-0248-653b-6bb3-a267a149ca71)
Executing: PYTHONPATH=src /esat/smcdata/users/kkontras/Image_Dataset/no_backup/envs/synergy/bin/python -m synib.entrypoints.train --config run/configs/rebuttal_ref_ablation/cremad_synib_u.json --default_config run/configs/rebuttal_ref_ablation/cremad_default.json --fold 2 --ironic_rate 0.1 --rmask random --l 1.0 --perturb_pmin 0.20 --perturb_fill ema --reference_type unimodal_anchor --ref_diag --start_over --tag REFABL_cremad_a01
Namespace(config='run/configs/rebuttal_ref_ablation/cremad_synib_u.json', default_config='run/configs/rebuttal_ref_ablation/cremad_default.json', fold='2', alpha=None, tanh_mode_beta=None, regby=None, batch_size=None, l='1.0', multil=None, lib=None, kmepoch=None, num_samples=None, contrcoeff=None, contr_type=None, shuffle_type=None, validate_with=None, num_classes=None, optim_method=None, ending_epoch=None, load_ongoing=None, recon_weight1=None, recon_weight2=None, recon_epochstages=None, recon_ensemblestages=None, lr=None, wd=None, cls=None, ironic_rate='0.1', perturb='random', perturb_fill='ema', perturb_pmax=None, perturb_pmin='0.20', perturb_lsparse=None, rmask='random', pmin=None, pmax=None, lsparse=None, debug_mask_stats=False, pre=False, frozen=False, tdqm_disable=False, start_over=True, no_model_save=False, num_layers=None, grad_accum=None, init_from=None, init_strict=False, perturb_lsparse_sign=None, l_anneal_epochs=None, perturb_steps=None, perturb_lsparse_warmup=None, perturb_lsparse_schedule=None, persist_ell=False, save_masks=False, penalty_swap=False, disable_ce_random=False, disable_kl_learned=False, masking_only=False, modality_dropout=None, modality_dropout_target=None, l_z1_masked=None, l_z2_masked=None, l_pareto=None, reference_type='unimodal_anchor', ref_diag=True, ref_ema_decay=None, tag='REFABL_cremad_a01')
2026-07-26 03:54:16,065 - Config - INFO - run/configs/rebuttal_ref_ablation/cremad_synib_u.json
2026-07-26 03:54:16,068 - Config - INFO -  THE Configuration of your experiment ..
{'agent': 'Agent',
 'dataset': {'data_roots': './data/CremaD/CREMA-D',
             'data_split': {'fold': 0, 'method': 'non_inclusive'},
             'dataloader_class': 'IronyCremadDataloader',
             'fps': 1,
             'ironic_label_name': 'SARCASM',
             'ironic_modes': ['train', 'val', 'test'],
             'ironic_rate': 1.0,
             'norm': False,
             'norm_face_path': './src/synib/mydatasets/Irony_Cremad/assets/norms/norm_face_path_fold{}.pkl',
             'norm_wav_path': './src/synib/mydatasets/Irony_Cremad/assets/norms/wav_norm_22050_fold{}.pkl',
             'num_frame': 3,
             'return_data': {'audio': False,
                             'face': False,
                             'spectrogram': True,
                             'video': True},
             'sampling_rate': 22050},
 'early_stopping': {'end_of_epoch_check': True,
                    'log_interval': 10,
                    'max_epoch': 1500,
                    'n_steps_stop': 30,
                    'n_steps_stop_after': 0,
                    'save_every_step': 3000,
                    'save_every_valstep': 10,
                    'validate_after': 0,
                    'validate_every': 25,
                    'validate_with': 'accuracy'},
 'exp_name': 'CREMAD Experiment',
 'model': {'args': {'bias_infusion': {'contrcoeff': 0.0, 'l': 1.0},
                    'cls_type': 'mlp',
                    'd_model': 512,
                    'dropout': 0.1,
                    'fc_inner': 64,
                    'in_dim': 64,
                    'multi_loss': {'multi_supervised_w': {'c': 1,
                                                          'combined': 1,
                                                          'g': 1}},
                    'norm_decision': False,
                    'num_classes': 7,
                    'synergy_type': 'unimodal_anchor'},
           'ceu': {'test': './artifacts/ceus/cremad/cremadplus_ceu_test_res_{}.pkl',
                   'val': './artifacts/ceus/cremad/cremadplus_ceu_val_res_{}.pkl'},
           'encoders': [{'args': {'d_model': 512,
                                  'dropout': 0.1,
                                  'fc_inner': 64,
                                  'freeze_encoder': False,
                                  'num_classes': 7},
                         'model': 'Audio_ResNet',
                         'name': 'enc_0_modality1_encoder',
                         'pretrainedEncoder': {'dir': 'unimodal_audio_fold{}_ir1.0_lr0.001_wd0.0001_clsmlp_bs64.pth.tar',
                                               'use': True},
                         'save_encoder': False},
                        {'args': {'d_model': 512,
                                  'dropout': 0.1,
                                  'fc_inner': 64,
                                  'freeze_encoder': False,
                                  'num_classes': 7},
                         'model': 'Video_ResNet',
                         'name': 'enc_1_modality2_encoder',
                         'pretrainedEncoder': {'dir': 'unimodal_video_fold{}_ir1.0_lr0.0001_wd0.0001_clsmlp_bs64.pth.tar',
                                               'use': True},
                         'save_encoder': False},
                        {'args': {'d_model': 512,
                                  'dropout': 0.1,
                                  'fc_inner': 64,
                                  'freeze_encoder': False},
                         'model': 'FusionTrunkLinear',
                         'name': 'enc_2_fusion_trunk',
                         'pretrainedEncoder': {'dir': 'enc_2_fusion_trunk_fold{}.pth.tar',
                                               'use': False},
                         'save_encoder': False},
                        {'args': {'freeze_encoder': False,
                                  'in_dim': 64,
                                  'num_classes': 7},
                         'model': 'LinearHead',
                         'name': 'enc_3_fusion_head',
                         'pretrainedEncoder': {'dir': 'enc_3_fusion_head_fold{}.pth.tar',
                                               'use': False},
                         'save_encoder': False},
                        {'args': {'dropout': 0.1,
                                  'freeze_encoder': False,
                                  'hidden_dim': 64,
                                  'in_dim': 512,
                                  'num_classes': 7},
                         'model': 'MLPHead',
                         'name': 'enc_4_unimodal_head_1',
                         'pretrainedEncoder': {'dir': 'enc_4_unimodal1_fold{}.pth.tar',
                                               'use': False},
                         'save_encoder': False},
                        {'args': {'dropout': 0.1,
                                  'freeze_encoder': False,
                                  'hidden_dim': 64,
                                  'in_dim': 512,
                                  'num_classes': 7},
                         'model': 'MLPHead',
                         'name': 'enc_5_unimodal_head_2',
                         'pretrainedEncoder': {'dir': 'enc_5_unimodal2_fold{}.pth.tar',
                                               'use': False},
                         'save_encoder': False}],
           'load_ongoing': False,
           'model_class': 'FusionIBModel_Mask_U',
           'save_base_dir': './data/data/2025_data/synergy/CremadPlus/v2',
           'save_dir': 'SynIB_RMask_U_{}.pth.tar'},
 'optimizer': {'beta1': 0.9,
               'beta2': 0.999,
               'learning_rate': 1e-05,
               'momentum': 0.9,
               'type': 'Adam',
               'weight_decay': 1e-05},
 'scheduler': {'max_lr': 0.03, 'type': 'cosanneal', 'warm_up_steps': 780},
 'training_params': {'async_loading': True,
                     'batch_size': 128,
                     'cuda': True,
                     'data_loader_workers': 8,
                     'gpu_device': [0],
                     'pin_memory': False,
                     'rec_test': True,
                     'res': True,
                     'seed': 109,
                     'tdqm_disable': False,
                     'test_batch_size': 128,
                     'test_on_bottoms': True,
                     'use_test_set': True,
                     'validation': True,
                     'verbose': True,
                     'wandb_disable': False}}
2026-07-26 03:54:16,071 - Config - INFO -  *************************************** 
2026-07-26 03:54:16,071 - Config - INFO - The experiment name is CREMAD Experiment
2026-07-26 03:54:16,071 - Config - INFO -  *************************************** 
2026-07-26 03:54:16,071 - root - INFO - save_dir: SynIB_RMask_U_REFABL_cremad_a01_fold2_l1.0_ir0.1_perturbrandom_fillema_pmin0.20_refunimodal_anchor.pth.tar
2026-07-26 03:54:16,433 - Cuda Statistics - INFO - __Python VERSION:  3.12.12 | packaged by Anaconda, Inc. | (main, Oct 21 2025, 20:16:04) [GCC 11.2.0]
2026-07-26 03:54:16,434 - Cuda Statistics - INFO - __pyTorch VERSION:  2.7.1+cu118
2026-07-26 03:54:16,434 - Cuda Statistics - INFO - __CUDA VERSION
2026-07-26 03:54:16,435 - Cuda Statistics - INFO - __CUDNN VERSION:  90100
2026-07-26 03:54:16,462 - Cuda Statistics - INFO - __Number CUDA Devices:  1
2026-07-26 03:54:16,462 - Cuda Statistics - INFO - __Devices
2026-07-26 03:54:16,462 - Cuda Statistics - INFO - index, name, driver_version, memory.total [MiB], memory.used [MiB], memory.free [MiB]
2026-07-26 03:54:16,462 - Cuda Statistics - INFO - 0, NVIDIA A100-SXM4-80GB, 595.71.05, 81920 MiB, 4 MiB, 81150 MiB
2026-07-26 03:54:16,465 - Cuda Statistics - INFO - Active CUDA Device: GPU 0
2026-07-26 03:54:16,465 - Cuda Statistics - INFO - Available devices  1
2026-07-26 03:54:16,465 - Cuda Statistics - INFO - Current cuda device  0
2026-07-26 03:54:17,493 - IronyCremadDataset - INFO - Loaded wav norm from ./src/synib/mydatasets/Irony_Cremad/assets/norms/wav_norm_22050_fold2.pkl
2026-07-26 03:54:17,702 - IronyCremadDataset - INFO - Loaded wav norm from ./src/synib/mydatasets/Irony_Cremad/assets/norms/wav_norm_22050_fold2.pkl
2026-07-26 03:54:18,008 - IronyCremadDataset - INFO - Loaded wav norm from ./src/synib/mydatasets/Irony_Cremad/assets/norms/wav_norm_22050_fold2.pkl
2026-07-26 03:54:18,012 - Agent - INFO - Device: cuda:0
2026-07-26 03:54:18,012 - Agent - INFO - Total training batches: 32, validate every 25 batches, steps per epoch: 2
2026-07-26 03:54:18,087 - Agent - INFO - Loss Weights are {'total': 1, 'combined': 1, 'c': 1, 'g': 1}
2026-07-26 03:54:18,088 - root - INFO - There is no CEU for train
2026-07-26 03:54:18,089 - root - INFO - There is no CEU for val
2026-07-26 03:54:18,089 - root - INFO - There is no CEU for test
{'d_model': 512, 'num_classes': 7, 'fc_inner': 64, 'dropout': 0.1, 'freeze_encoder': False}
2026-07-26 03:54:18,457 - root - INFO - Loading enc best model state dict from ./data/data/2025_data/synergy/CremadPlus/v2/unimodal_audio_fold2_ir0.1_lr0.001_wd0.0001_clsmlp_bs64.pth.tar
2026-07-26 03:54:18,854 - root - INFO - Loading enc best model state dict from ./data/data/2025_data/synergy/CremadPlus/v2/unimodal_video_fold2_ir0.1_lr0.0001_wd0.0001_clsmlp_bs64.pth.tar
2026-07-26 03:54:19,260 - Agent - INFO - Total number of trainable parameters are: 67194431
2026-07-26 03:54:19,270 - Agent - INFO - Total number of trainable parameters are: 22486563
2026-07-26 03:55:50,386 - Evaluator - INFO - New best with loss-accuracy-
2026-07-26 03:55:50,386 - Agent - INFO - [37mVal Epoch 1 step 1 with [31mce_loss_combined : 1.647672 [31mce_loss_c : 2.016873 [31mce_loss_g : 2.099122 [31mkl_synergy_rand_1 : 1.342014 [31mkl_synergy_rand_2 : 1.126244 [31mkl_synergy_1 : 1.345492 [31mkl_synergy_2 : 1.126721 [31mtotal : 6.588143 [31mdiag_kl_1 : 1.335541 [31mdiag_kl_2 : 1.134350 [94mAcc_combined: 55.93 [94mAcc_c: 59.72 [94mAcc_g: 50.29 [92mF1_combined: 43.60 [92mF1_c: 51.20 [92mF1_g: 42.76 [39m
2026-07-26 03:55:50,437 - Agent - INFO - [37mTest Epoch 1 step 1 with [31mce_loss_combined : 1.659485 [31mce_loss_c : 2.107358 [31mce_loss_g : 2.297173 [31mkl_synergy_rand_1 : 1.330968 [31mkl_synergy_rand_2 : 1.237707 [31mkl_synergy_1 : 1.335794 [31mkl_synergy_2 : 1.229068 [31mtotal : 6.793022 [31mdiag_kl_1 : 1.323590 [31mdiag_kl_2 : 1.257637 [94mAcc_combined: 55.25 [94mAcc_c: 59.10 [94mAcc_g: 46.57 [92mF1_combined: 44.20 [92mF1_c: 50.03 [92mF1_g: 39.71 [39m
2026-07-26 03:55:51,207 - Agent - INFO - [37mModel saved successfully at: ./data/data/2025_data/synergy/CremadPlus/v2/SynIB_RMask_U_REFABL_cremad_a01_fold2_l1.0_ir0.1_perturbrandom_fillema_pmin0.20_refunimodal_anchor.pth.tar[39m
2026-07-26 03:57:20,578 - Evaluator - INFO - New best with loss-accuracy-
2026-07-26 03:57:20,579 - Agent - INFO - [37mVal Epoch 2 step 2 with [31mce_loss_combined : 1.400380 [31mce_loss_c : 2.044666 [31mce_loss_g : 1.985375 [31mkl_synergy_rand_1 : 1.132839 [31mkl_synergy_rand_2 : 0.913526 [31mkl_synergy_1 : 1.138645 [31mkl_synergy_2 : 0.922208 [31mtotal : 5.507599 [31mdiag_kl_1 : 1.122944 [31mdiag_kl_2 : 0.932889 [94mAcc_combined: 64.90 [94mAcc_c: 58.57 [94mAcc_g: 51.78 [92mF1_combined: 53.21 [92mF1_c: 50.00 [92mF1_g: 44.91 [39m
2026-07-26 03:57:20,627 - Agent - INFO - [37mTest Epoch 2 step 2 with [31mce_loss_combined : 1.424741 [31mce_loss_c : 2.132652 [31mce_loss_g : 2.392452 [31mkl_synergy_rand_1 : 1.131389 [31mkl_synergy_rand_2 : 1.010210 [31mkl_synergy_1 : 1.131387 [31mkl_synergy_2 : 1.010419 [31mtotal : 5.708145 [31mdiag_kl_1 : 1.118507 [31mdiag_kl_2 : 1.065445 [94mAcc_combined: 66.06 [94mAcc_c: 58.57 [94mAcc_g: 47.00 [92mF1_combined: 55.42 [92mF1_c: 49.17 [92mF1_g: 40.50 [39m
2026-07-26 03:57:22,447 - Agent - INFO - [37mModel saved successfully at: ./data/data/2025_data/synergy/CremadPlus/v2/SynIB_RMask_U_REFABL_cremad_a01_fold2_l1.0_ir0.1_perturbrandom_fillema_pmin0.20_refunimodal_anchor.pth.tar[39m
2026-07-26 03:58:53,287 - Evaluator - INFO - New best with loss-accuracy-
2026-07-26 03:58:53,288 - Agent - INFO - [37mVal Epoch 3 step 3 with [31mce_loss_combined : 1.203216 [31mce_loss_c : 2.013812 [31mce_loss_g : 1.905185 [31mkl_synergy_rand_1 : 0.959751 [31mkl_synergy_rand_2 : 0.738532 [31mkl_synergy_1 : 0.961716 [31mkl_synergy_2 : 0.750188 [31mtotal : 4.613403 [31mdiag_kl_1 : 0.948099 [31mdiag_kl_2 : 0.773235 [94mAcc_combined: 68.47 [94mAcc_c: 57.19 [94mAcc_g: 49.94 [92mF1_combined: 57.63 [92mF1_c: 48.64 [92mF1_g: 43.15 [39m
2026-07-26 03:58:53,339 - Agent - INFO - [37mTest Epoch 3 step 3 with [31mce_loss_combined : 1.227623 [31mce_loss_c : 2.094462 [31mce_loss_g : 2.231007 [31mkl_synergy_rand_1 : 0.944476 [31mkl_synergy_rand_2 : 0.839967 [31mkl_synergy_1 : 0.950134 [31mkl_synergy_2 : 0.840695 [31mtotal : 4.802895 [31mdiag_kl_1 : 0.931441 [31mdiag_kl_2 : 0.937605 [94mAcc_combined: 68.52 [94mAcc_c: 58.67 [94mAcc_g: 47.75 [92mF1_combined: 58.32 [92mF1_c: 49.46 [92mF1_g: 41.07 [39m
2026-07-26 03:58:55,122 - Agent - INFO - [37mModel saved successfully at: ./data/data/2025_data/synergy/CremadPlus/v2/SynIB_RMask_U_REFABL_cremad_a01_fold2_l1.0_ir0.1_perturbrandom_fillema_pmin0.20_refunimodal_anchor.pth.tar[39m
2026-07-26 04:00:33,453 - Evaluator - INFO - New best with loss-accuracy-
2026-07-26 04:00:33,454 - Agent - INFO - [37mVal Epoch 4 step 4 with [31mce_loss_combined : 1.073604 [31mce_loss_c : 2.005624 [31mce_loss_g : 1.920854 [31mkl_synergy_rand_1 : 0.814057 [31mkl_synergy_rand_2 : 0.591639 [31mkl_synergy_1 : 0.819646 [31mkl_synergy_2 : 0.608317 [31mtotal : 3.907263 [31mdiag_kl_1 : 0.810521 [31mdiag_kl_2 : 0.660245 [94mAcc_combined: 71.46 [94mAcc_c: 56.62 [94mAcc_g: 44.53 [92mF1_combined: 60.27 [92mF1_c: 48.00 [92mF1_g: 37.68 [39m
2026-07-26 04:00:33,505 - Agent - INFO - [37mTest Epoch 4 step 4 with [31mce_loss_combined : 1.085151 [31mce_loss_c : 2.025977 [31mce_loss_g : 2.093886 [31mkl_synergy_rand_1 : 0.810041 [31mkl_synergy_rand_2 : 0.671237 [31mkl_synergy_1 : 0.817226 [31mkl_synergy_2 : 0.675930 [31mtotal : 4.059585 [31mdiag_kl_1 : 0.800526 [31mdiag_kl_2 : 0.823938 [94mAcc_combined: 71.09 [94mAcc_c: 58.78 [94mAcc_g: 44.75 [92mF1_combined: 60.58 [92mF1_c: 49.65 [92mF1_g: 38.95 [39m
2026-07-26 04:00:35,190 - Agent - INFO - [37mModel saved successfully at: ./data/data/2025_data/synergy/CremadPlus/v2/SynIB_RMask_U_REFABL_cremad_a01_fold2_l1.0_ir0.1_perturbrandom_fillema_pmin0.20_refunimodal_anchor.pth.tar[39m
2026-07-26 04:02:10,668 - Evaluator - INFO - New best with loss-
2026-07-26 04:02:10,669 - Agent - INFO - [37mVal Epoch 5 step 5 with [31mce_loss_combined : 0.997180 [31mce_loss_c : 1.981127 [31mce_loss_g : 1.809985 [31mkl_synergy_rand_1 : 0.717757 [31mkl_synergy_rand_2 : 0.504314 [31mkl_synergy_1 : 0.732242 [31mkl_synergy_2 : 0.519427 [31mtotal : 3.470919 [31mdiag_kl_1 : 0.714659 [31mdiag_kl_2 : 0.603542 [94mAcc_combined: 71.12 [94mAcc_c: 56.04 [94mAcc_g: 46.14 [92mF1_combined: 60.18 [92mF1_c: 47.13 [92mF1_g: 39.10 [39m
2026-07-26 04:02:10,722 - Agent - INFO - [37mTest Epoch 5 step 5 with [31mce_loss_combined : 1.004115 [31mce_loss_c : 1.997407 [31mce_loss_g : 1.897993 [31mkl_synergy_rand_1 : 0.727093 [31mkl_synergy_rand_2 : 0.583187 [31mkl_synergy_1 : 0.718442 [31mkl_synergy_2 : 0.589663 [31mtotal : 3.622500 [31mdiag_kl_1 : 0.717945 [31mdiag_kl_2 : 0.761872 [94mAcc_combined: 71.63 [94mAcc_c: 58.89 [94mAcc_g: 41.97 [92mF1_combined: 61.24 [92mF1_c: 49.63 [92mF1_g: 36.42 [39m
2026-07-26 04:02:12,823 - Agent - INFO - [37mModel saved successfully at: ./data/data/2025_data/synergy/CremadPlus/v2/SynIB_RMask_U_REFABL_cremad_a01_fold2_l1.0_ir0.1_perturbrandom_fillema_pmin0.20_refunimodal_anchor.pth.tar[39m
2026-07-26 04:03:56,287 - Evaluator - INFO - New best with loss-
2026-07-26 04:03:56,287 - Agent - INFO - [37mVal Epoch 6 step 6 with [31mce_loss_combined : 0.971636 [31mce_loss_c : 1.927936 [31mce_loss_g : 1.757198 [31mkl_synergy_rand_1 : 0.652728 [31mkl_synergy_rand_2 : 0.439950 [31mkl_synergy_1 : 0.653360 [31mkl_synergy_2 : 0.454307 [31mtotal : 3.171981 [31mdiag_kl_1 : 0.652816 [31mdiag_kl_2 : 0.590478 [94mAcc_combined: 69.62 [94mAcc_c: 55.93 [94mAcc_g: 44.99 [92mF1_combined: 59.14 [92mF1_c: 47.16 [92mF1_g: 37.33 [39m
2026-07-26 04:03:56,304 - Agent - INFO - [37mTest Epoch 6 step 6 with [31mce_loss_combined : 0.971138 [31mce_loss_c : 1.943427 [31mce_loss_g : 1.885243 [31mkl_synergy_rand_1 : 0.660275 [31mkl_synergy_rand_2 : 0.502931 [31mkl_synergy_1 : 0.653625 [31mkl_synergy_2 : 0.520718 [31mtotal : 3.308687 [31mdiag_kl_1 : 0.661111 [31mdiag_kl_2 : 0.749539 [94mAcc_combined: 70.45 [94mAcc_c: 56.42 [94mAcc_g: 40.90 [92mF1_combined: 60.20 [92mF1_c: 47.49 [92mF1_g: 35.10 [39m
2026-07-26 04:03:58,671 - Agent - INFO - [37mModel saved successfully at: ./data/data/2025_data/synergy/CremadPlus/v2/SynIB_RMask_U_REFABL_cremad_a01_fold2_l1.0_ir0.1_perturbrandom_fillema_pmin0.20_refunimodal_anchor.pth.tar[39m
2026-07-26 04:05:36,223 - Agent - INFO - [37mVal Epoch 7 step 7 with [31mce_loss_combined : 0.975937 [31mce_loss_c : 1.912017 [31mce_loss_g : 1.736157 [31mkl_synergy_rand_1 : 0.594875 [31mkl_synergy_rand_2 : 0.384587 [31mkl_synergy_1 : 0.589655 [31mkl_synergy_2 : 0.416138 [31mtotal : 2.961193 [31mdiag_kl_1 : 0.601087 [31mdiag_kl_2 : 0.589469 [94mAcc_combined: 68.58 [94mAcc_c: 55.47 [94mAcc_g: 44.07 [92mF1_combined: 58.16 [92mF1_c: 46.48 [92mF1_g: 35.34 [39m
2026-07-26 04:05:36,240 - Agent - INFO - [37mTest Epoch 7 step 7 with [31mce_loss_combined : 0.965082 [31mce_loss_c : 1.928261 [31mce_loss_g : 1.863389 [31mkl_synergy_rand_1 : 0.610396 [31mkl_synergy_rand_2 : 0.467351 [31mkl_synergy_1 : 0.586736 [31mkl_synergy_2 : 0.491184 [31mtotal : 3.120750 [31mdiag_kl_1 : 0.616297 [31mdiag_kl_2 : 0.780927 [94mAcc_combined: 69.59 [94mAcc_c: 55.67 [94mAcc_g: 38.97 [92mF1_combined: 59.44 [92mF1_c: 46.87 [92mF1_g: 32.13 [39m
2026-07-26 04:07:12,127 - Agent - INFO - [37mVal Epoch 8 step 8 with [31mce_loss_combined : 0.998861 [31mce_loss_c : 1.898485 [31mce_loss_g : 1.747514 [31mkl_synergy_rand_1 : 0.567552 [31mkl_synergy_rand_2 : 0.364205 [31mkl_synergy_1 : 0.557899 [31mkl_synergy_2 : 0.386985 [31mtotal : 2.875502 [31mdiag_kl_1 : 0.579191 [31mdiag_kl_2 : 0.631664 [94mAcc_combined: 66.97 [94mAcc_c: 54.55 [94mAcc_g: 41.54 [92mF1_combined: 56.86 [92mF1_c: 45.93 [92mF1_g: 33.04 [39m
2026-07-26 04:07:12,143 - Agent - INFO - [37mTest Epoch 8 step 8 with [31mce_loss_combined : 0.979511 [31mce_loss_c : 1.889529 [31mce_loss_g : 1.936044 [31mkl_synergy_rand_1 : 0.584113 [31mkl_synergy_rand_2 : 0.453729 [31mkl_synergy_1 : 0.556481 [31mkl_synergy_2 : 0.470064 [31mtotal : 3.043898 [31mdiag_kl_1 : 0.590002 [31mdiag_kl_2 : 0.823588 [94mAcc_combined: 68.42 [94mAcc_c: 55.78 [94mAcc_g: 35.22 [92mF1_combined: 58.52 [92mF1_c: 47.04 [92mF1_g: 28.54 [39m
2026-07-26 04:08:49,259 - Agent - INFO - [37mVal Epoch 9 step 9 with [31mce_loss_combined : 1.029207 [31mce_loss_c : 1.827495 [31mce_loss_g : 1.784905 [31mkl_synergy_rand_1 : 0.518478 [31mkl_synergy_rand_2 : 0.344619 [31mkl_synergy_1 : 0.521792 [31mkl_synergy_2 : 0.362142 [31mtotal : 2.776237 [31mdiag_kl_1 : 0.534933 [31mdiag_kl_2 : 0.695617 [94mAcc_combined: 65.36 [94mAcc_c: 54.66 [94mAcc_g: 36.36 [92mF1_combined: 55.49 [92mF1_c: 45.89 [92mF1_g: 27.84 [39m
2026-07-26 04:08:49,274 - Agent - INFO - [37mTest Epoch 9 step 9 with [31mce_loss_combined : 1.003151 [31mce_loss_c : 1.845726 [31mce_loss_g : 1.990536 [31mkl_synergy_rand_1 : 0.543255 [31mkl_synergy_rand_2 : 0.430338 [31mkl_synergy_1 : 0.524852 [31mkl_synergy_2 : 0.452066 [31mtotal : 2.953661 [31mdiag_kl_1 : 0.556617 [31mdiag_kl_2 : 0.874885 [94mAcc_combined: 67.24 [94mAcc_c: 55.46 [94mAcc_g: 32.87 [92mF1_combined: 57.47 [92mF1_c: 46.77 [92mF1_g: 26.15 [39m
2026-07-26 04:10:29,049 - Agent - INFO - [37mVal Epoch 10 step 10 with [31mce_loss_combined : 1.078474 [31mce_loss_c : 1.808812 [31mce_loss_g : 1.836838 [31mkl_synergy_rand_1 : 0.482385 [31mkl_synergy_rand_2 : 0.330673 [31mkl_synergy_1 : 0.487230 [31mkl_synergy_2 : 0.358159 [31mtotal : 2.736923 [31mdiag_kl_1 : 0.507366 [31mdiag_kl_2 : 0.759717 [94mAcc_combined: 63.29 [94mAcc_c: 54.55 [94mAcc_g: 32.57 [92mF1_combined: 53.63 [92mF1_c: 45.90 [92mF1_g: 24.34 [39m
2026-07-26 04:10:29,104 - Agent - INFO - [37mTest Epoch 10 step 10 with [31mce_loss_combined : 1.040763 [31mce_loss_c : 1.806081 [31mce_loss_g : 2.050022 [31mkl_synergy_rand_1 : 0.507276 [31mkl_synergy_rand_2 : 0.430591 [31mkl_synergy_1 : 0.493292 [31mkl_synergy_2 : 0.445532 [31mtotal : 2.917455 [31mdiag_kl_1 : 0.536167 [31mdiag_kl_2 : 0.936874 [94mAcc_combined: 66.06 [94mAcc_c: 55.78 [94mAcc_g: 30.51 [92mF1_combined: 56.37 [92mF1_c: 47.11 [92mF1_g: 24.08 [39m
2026-07-26 04:12:03,401 - Agent - INFO - [37mVal Epoch 11 step 11 with [31mce_loss_combined : 1.104588 [31mce_loss_c : 1.772793 [31mce_loss_g : 1.889659 [31mkl_synergy_rand_1 : 0.445917 [31mkl_synergy_rand_2 : 0.332972 [31mkl_synergy_1 : 0.453999 [31mkl_synergy_2 : 0.354618 [31mtotal : 2.692094 [31mdiag_kl_1 : 0.479111 [31mdiag_kl_2 : 0.834018 [94mAcc_combined: 61.68 [94mAcc_c: 54.43 [94mAcc_g: 28.65 [92mF1_combined: 52.20 [92mF1_c: 45.71 [92mF1_g: 22.06 [39m
2026-07-26 04:12:03,418 - Agent - INFO - [37mTest Epoch 11 step 11 with [31mce_loss_combined : 1.089827 [31mce_loss_c : 1.783916 [31mce_loss_g : 2.143874 [31mkl_synergy_rand_1 : 0.462094 [31mkl_synergy_rand_2 : 0.423480 [31mkl_synergy_1 : 0.462542 [31mkl_synergy_2 : 0.438072 [31mtotal : 2.876015 [31mdiag_kl_1 : 0.507556 [31mdiag_kl_2 : 1.038863 [94mAcc_combined: 64.88 [94mAcc_c: 54.93 [94mAcc_g: 25.80 [92mF1_combined: 55.18 [92mF1_c: 46.53 [92mF1_g: 20.17 [39m
2026-07-26 04:13:35,933 - Agent - INFO - [37mVal Epoch 12 step 12 with [31mce_loss_combined : 1.140273 [31mce_loss_c : 1.735238 [31mce_loss_g : 1.936753 [31mkl_synergy_rand_1 : 0.412920 [31mkl_synergy_rand_2 : 0.334331 [31mkl_synergy_1 : 0.424005 [31mkl_synergy_2 : 0.355058 [31mtotal : 2.666587 [31mdiag_kl_1 : 0.457706 [31mdiag_kl_2 : 0.882927 [94mAcc_combined: 60.07 [94mAcc_c: 54.09 [94mAcc_g: 24.28 [92mF1_combined: 50.84 [92mF1_c: 45.23 [92mF1_g: 18.79 [39m
2026-07-26 04:13:35,950 - Agent - INFO - [37mTest Epoch 12 step 12 with [31mce_loss_combined : 1.127640 [31mce_loss_c : 1.750409 [31mce_loss_g : 2.189272 [31mkl_synergy_rand_1 : 0.428006 [31mkl_synergy_rand_2 : 0.417544 [31mkl_synergy_1 : 0.433988 [31mkl_synergy_2 : 0.434528 [31mtotal : 2.841707 [31mdiag_kl_1 : 0.487204 [31mdiag_kl_2 : 1.084162 [94mAcc_combined: 62.96 [94mAcc_c: 54.93 [94mAcc_g: 22.81 [92mF1_combined: 53.61 [92mF1_c: 46.54 [92mF1_g: 17.55 [39m
2026-07-26 04:15:09,384 - Agent - INFO - [37mVal Epoch 13 step 13 with [31mce_loss_combined : 1.172415 [31mce_loss_c : 1.712522 [31mce_loss_g : 1.961546 [31mkl_synergy_rand_1 : 0.381643 [31mkl_synergy_rand_2 : 0.341032 [31mkl_synergy_1 : 0.401150 [31mkl_synergy_2 : 0.366696 [31mtotal : 2.662936 [31mdiag_kl_1 : 0.437459 [31mdiag_kl_2 : 0.955947 [94mAcc_combined: 57.42 [94mAcc_c: 53.51 [94mAcc_g: 20.25 [92mF1_combined: 48.62 [92mF1_c: 44.61 [92mF1_g: 16.36 [39m
2026-07-26 04:15:09,401 - Agent - INFO - [37mTest Epoch 13 step 13 with [31mce_loss_combined : 1.171155 [31mce_loss_c : 1.717262 [31mce_loss_g : 2.214580 [31mkl_synergy_rand_1 : 0.395789 [31mkl_synergy_rand_2 : 0.403538 [31mkl_synergy_1 : 0.405940 [31mkl_synergy_2 : 0.431397 [31mtotal : 2.807819 [31mdiag_kl_1 : 0.470432 [31mdiag_kl_2 : 1.135851 [94mAcc_combined: 61.78 [94mAcc_c: 55.57 [94mAcc_g: 21.52 [92mF1_combined: 52.64 [92mF1_c: 46.95 [92mF1_g: 16.23 [39m
2026-07-26 04:16:50,651 - Agent - INFO - [37mVal Epoch 14 step 14 with [31mce_loss_combined : 1.224348 [31mce_loss_c : 1.688029 [31mce_loss_g : 2.019508 [31mkl_synergy_rand_1 : 0.355676 [31mkl_synergy_rand_2 : 0.348443 [31mkl_synergy_1 : 0.379481 [31mkl_synergy_2 : 0.371378 [31mtotal : 2.679327 [31mdiag_kl_1 : 0.438571 [31mdiag_kl_2 : 1.035404 [94mAcc_combined: 55.81 [94mAcc_c: 52.82 [94mAcc_g: 15.88 [92mF1_combined: 47.12 [92mF1_c: 43.75 [92mF1_g: 12.68 [39m
2026-07-26 04:16:50,709 - Agent - INFO - [37mTest Epoch 14 step 14 with [31mce_loss_combined : 1.221326 [31mce_loss_c : 1.686073 [31mce_loss_g : 2.261054 [31mkl_synergy_rand_1 : 0.369057 [31mkl_synergy_rand_2 : 0.406611 [31mkl_synergy_1 : 0.378495 [31mkl_synergy_2 : 0.438582 [31mtotal : 2.814070 [31mdiag_kl_1 : 0.477789 [31mdiag_kl_2 : 1.217113 [94mAcc_combined: 61.13 [94mAcc_c: 55.14 [94mAcc_g: 17.67 [92mF1_combined: 52.03 [92mF1_c: 46.54 [92mF1_g: 12.66 [39m
2026-07-26 04:18:27,114 - Agent - INFO - [37mVal Epoch 15 step 15 with [31mce_loss_combined : 1.251286 [31mce_loss_c : 1.674975 [31mce_loss_g : 2.048684 [31mkl_synergy_rand_1 : 0.340347 [31mkl_synergy_rand_2 : 0.358452 [31mkl_synergy_1 : 0.351094 [31mkl_synergy_2 : 0.377637 [31mtotal : 2.678816 [31mdiag_kl_1 : 0.428258 [31mdiag_kl_2 : 1.096337 [94mAcc_combined: 55.24 [94mAcc_c: 51.67 [94mAcc_g: 15.07 [92mF1_combined: 46.88 [92mF1_c: 42.72 [92mF1_g: 11.60 [39m
2026-07-26 04:18:27,166 - Agent - INFO - [37mTest Epoch 15 step 15 with [31mce_loss_combined : 1.244914 [31mce_loss_c : 1.665641 [31mce_loss_g : 2.259761 [31mkl_synergy_rand_1 : 0.345831 [31mkl_synergy_rand_2 : 0.400070 [31mkl_synergy_1 : 0.356967 [31mkl_synergy_2 : 0.434748 [31mtotal : 2.782529 [31mdiag_kl_1 : 0.460327 [31mdiag_kl_2 : 1.257474 [94mAcc_combined: 58.57 [94mAcc_c: 54.50 [94mAcc_g: 17.24 [92mF1_combined: 49.93 [92mF1_c: 46.00 [92mF1_g: 12.23 [39m
2026-07-26 04:20:07,082 - Agent - INFO - [37mVal Epoch 16 step 16 with [31mce_loss_combined : 1.270405 [31mce_loss_c : 1.618726 [31mce_loss_g : 2.052881 [31mkl_synergy_rand_1 : 0.323435 [31mkl_synergy_rand_2 : 0.365598 [31mkl_synergy_1 : 0.337501 [31mkl_synergy_2 : 0.385461 [31mtotal : 2.682400 [31mdiag_kl_1 : 0.415896 [31mdiag_kl_2 : 1.149158 [94mAcc_combined: 55.12 [94mAcc_c: 52.24 [94mAcc_g: 13.69 [92mF1_combined: 46.80 [92mF1_c: 43.54 [92mF1_g: 10.82 [39m
2026-07-26 04:20:07,098 - Agent - INFO - [37mTest Epoch 16 step 16 with [31mce_loss_combined : 1.265326 [31mce_loss_c : 1.629243 [31mce_loss_g : 2.233915 [31mkl_synergy_rand_1 : 0.330009 [31mkl_synergy_rand_2 : 0.409872 [31mkl_synergy_1 : 0.341791 [31mkl_synergy_2 : 0.434589 [31mtotal : 2.781587 [31mdiag_kl_1 : 0.444453 [31mdiag_kl_2 : 1.315962 [94mAcc_combined: 58.46 [94mAcc_c: 54.07 [94mAcc_g: 15.42 [92mF1_combined: 49.88 [92mF1_c: 45.88 [92mF1_g: 10.86 [39m
2026-07-26 04:21:51,792 - Agent - INFO - [37mVal Epoch 17 step 17 with [31mce_loss_combined : 1.277954 [31mce_loss_c : 1.550802 [31mce_loss_g : 2.063365 [31mkl_synergy_rand_1 : 0.308638 [31mkl_synergy_rand_2 : 0.371806 [31mkl_synergy_1 : 0.324019 [31mkl_synergy_2 : 0.391645 [31mtotal : 2.674063 [31mdiag_kl_1 : 0.405739 [31mdiag_kl_2 : 1.173768 [94mAcc_combined: 55.81 [94mAcc_c: 53.16 [94mAcc_g: 13.81 [92mF1_combined: 47.70 [92mF1_c: 44.64 [92mF1_g: 11.22 [39m
2026-07-26 04:21:51,807 - Agent - INFO - [37mTest Epoch 17 step 17 with [31mce_loss_combined : 1.281786 [31mce_loss_c : 1.561280 [31mce_loss_g : 2.246502 [31mkl_synergy_rand_1 : 0.311122 [31mkl_synergy_rand_2 : 0.405110 [31mkl_synergy_1 : 0.328961 [31mkl_synergy_2 : 0.425055 [31mtotal : 2.752034 [31mdiag_kl_1 : 0.437688 [31mdiag_kl_2 : 1.337241 [94mAcc_combined: 57.39 [94mAcc_c: 54.71 [94mAcc_g: 15.42 [92mF1_combined: 48.92 [92mF1_c: 46.35 [92mF1_g: 10.52 [39m
2026-07-26 04:23:26,233 - Agent - INFO - [37mVal Epoch 18 step 18 with [31mce_loss_combined : 1.288505 [31mce_loss_c : 1.505295 [31mce_loss_g : 2.042004 [31mkl_synergy_rand_1 : 0.290201 [31mkl_synergy_rand_2 : 0.382101 [31mkl_synergy_1 : 0.308711 [31mkl_synergy_2 : 0.398103 [31mtotal : 2.667621 [31mdiag_kl_1 : 0.415018 [31mdiag_kl_2 : 1.201913 [94mAcc_combined: 54.66 [94mAcc_c: 52.93 [94mAcc_g: 12.43 [92mF1_combined: 46.70 [92mF1_c: 44.12 [92mF1_g: 9.52 [39m
2026-07-26 04:23:26,248 - Agent - INFO - [37mTest Epoch 18 step 18 with [31mce_loss_combined : 1.290251 [31mce_loss_c : 1.539143 [31mce_loss_g : 2.207089 [31mkl_synergy_rand_1 : 0.291257 [31mkl_synergy_rand_2 : 0.408329 [31mkl_synergy_1 : 0.306981 [31mkl_synergy_2 : 0.423297 [31mtotal : 2.720115 [31mdiag_kl_1 : 0.451437 [31mdiag_kl_2 : 1.360346 [94mAcc_combined: 57.39 [94mAcc_c: 54.82 [94mAcc_g: 13.70 [92mF1_combined: 49.12 [92mF1_c: 46.31 [92mF1_g: 9.35 [39m
2026-07-26 04:25:03,090 - Agent - INFO - [37mVal Epoch 19 step 19 with [31mce_loss_combined : 1.285682 [31mce_loss_c : 1.478447 [31mce_loss_g : 2.058154 [31mkl_synergy_rand_1 : 0.314683 [31mkl_synergy_rand_2 : 0.384202 [31mkl_synergy_1 : 0.324366 [31mkl_synergy_2 : 0.400371 [31mtotal : 2.709304 [31mdiag_kl_1 : 0.399830 [31mdiag_kl_2 : 1.225639 [94mAcc_combined: 55.24 [94mAcc_c: 53.16 [94mAcc_g: 12.20 [92mF1_combined: 47.21 [92mF1_c: 44.70 [92mF1_g: 9.73 [39m
2026-07-26 04:25:03,107 - Agent - INFO - [37mTest Epoch 19 step 19 with [31mce_loss_combined : 1.282950 [31mce_loss_c : 1.504004 [31mce_loss_g : 2.145207 [31mkl_synergy_rand_1 : 0.296049 [31mkl_synergy_rand_2 : 0.413609 [31mkl_synergy_1 : 0.300052 [31mkl_synergy_2 : 0.420936 [31mtotal : 2.713595 [31mdiag_kl_1 : 0.416432 [31mdiag_kl_2 : 1.386600 [94mAcc_combined: 57.28 [94mAcc_c: 54.28 [94mAcc_g: 13.06 [92mF1_combined: 48.88 [92mF1_c: 46.03 [92mF1_g: 8.71 [39m
2026-07-26 04:26:40,523 - Agent - INFO - [37mVal Epoch 20 step 20 with [31mce_loss_combined : 1.296028 [31mce_loss_c : 1.465708 [31mce_loss_g : 2.035307 [31mkl_synergy_rand_1 : 0.267206 [31mkl_synergy_rand_2 : 0.387852 [31mkl_synergy_1 : 0.279456 [31mkl_synergy_2 : 0.396547 [31mtotal : 2.627088 [31mdiag_kl_1 : 0.412623 [31mdiag_kl_2 : 1.230979 [94mAcc_combined: 55.24 [94mAcc_c: 53.05 [94mAcc_g: 11.62 [92mF1_combined: 47.08 [92mF1_c: 44.36 [92mF1_g: 9.28 [39m
2026-07-26 04:26:40,577 - Agent - INFO - [37mTest Epoch 20 step 20 with [31mce_loss_combined : 1.304166 [31mce_loss_c : 1.485758 [31mce_loss_g : 2.156063 [31mkl_synergy_rand_1 : 0.254153 [31mkl_synergy_rand_2 : 0.400628 [31mkl_synergy_1 : 0.270263 [31mkl_synergy_2 : 0.413359 [31mtotal : 2.642569 [31mdiag_kl_1 : 0.440520 [31mdiag_kl_2 : 1.408638 [94mAcc_combined: 57.17 [94mAcc_c: 53.75 [94mAcc_g: 13.38 [92mF1_combined: 48.58 [92mF1_c: 45.49 [92mF1_g: 9.13 [39m
2026-07-26 04:28:22,078 - Agent - INFO - [37mVal Epoch 21 step 21 with [31mce_loss_combined : 1.301462 [31mce_loss_c : 1.421137 [31mce_loss_g : 2.035492 [31mkl_synergy_rand_1 : 0.277911 [31mkl_synergy_rand_2 : 0.383336 [31mkl_synergy_1 : 0.292208 [31mkl_synergy_2 : 0.372760 [31mtotal : 2.627677 [31mdiag_kl_1 : 0.420527 [31mdiag_kl_2 : 1.245630 [94mAcc_combined: 55.58 [94mAcc_c: 53.16 [94mAcc_g: 13.23 [92mF1_combined: 47.43 [92mF1_c: 44.63 [92mF1_g: 10.29 [39m
2026-07-26 04:28:22,093 - Agent - INFO - [37mTest Epoch 21 step 21 with [31mce_loss_combined : 1.305804 [31mce_loss_c : 1.456061 [31mce_loss_g : 2.139389 [31mkl_synergy_rand_1 : 0.260461 [31mkl_synergy_rand_2 : 0.383795 [31mkl_synergy_1 : 0.273777 [31mkl_synergy_2 : 0.377326 [31mtotal : 2.601164 [31mdiag_kl_1 : 0.444479 [31mdiag_kl_2 : 1.403305 [94mAcc_combined: 57.28 [94mAcc_c: 53.75 [94mAcc_g: 13.38 [92mF1_combined: 48.63 [92mF1_c: 45.63 [92mF1_g: 9.05 [39m
2026-07-26 04:30:01,096 - Agent - INFO - [37mVal Epoch 22 step 22 with [31mce_loss_combined : 1.300664 [31mce_loss_c : 1.389147 [31mce_loss_g : 2.023947 [31mkl_synergy_rand_1 : 0.250142 [31mkl_synergy_rand_2 : 0.383898 [31mkl_synergy_1 : 0.269542 [31mkl_synergy_2 : 0.364685 [31mtotal : 2.568930 [31mdiag_kl_1 : 0.427842 [31mdiag_kl_2 : 1.246100 [94mAcc_combined: 55.47 [94mAcc_c: 52.82 [94mAcc_g: 16.57 [92mF1_combined: 47.25 [92mF1_c: 44.21 [92mF1_g: 10.96 [39m
2026-07-26 04:30:01,111 - Agent - INFO - [37mTest Epoch 22 step 22 with [31mce_loss_combined : 1.312675 [31mce_loss_c : 1.435002 [31mce_loss_g : 2.142609 [31mkl_synergy_rand_1 : 0.235504 [31mkl_synergy_rand_2 : 0.381632 [31mkl_synergy_1 : 0.251893 [31mkl_synergy_2 : 0.371268 [31mtotal : 2.552973 [31mdiag_kl_1 : 0.452015 [31mdiag_kl_2 : 1.417375 [94mAcc_combined: 56.64 [94mAcc_c: 53.53 [94mAcc_g: 15.52 [92mF1_combined: 48.07 [92mF1_c: 45.20 [92mF1_g: 9.18 [39m
2026-07-26 04:31:40,550 - Agent - INFO - [37mVal Epoch 23 step 23 with [31mce_loss_combined : 1.301147 [31mce_loss_c : 1.371459 [31mce_loss_g : 2.008726 [31mkl_synergy_rand_1 : 0.240977 [31mkl_synergy_rand_2 : 0.376873 [31mkl_synergy_1 : 0.252001 [31mkl_synergy_2 : 0.356260 [31mtotal : 2.527257 [31mdiag_kl_1 : 0.438040 [31mdiag_kl_2 : 1.237690 [94mAcc_combined: 56.27 [94mAcc_c: 52.47 [94mAcc_g: 18.64 [92mF1_combined: 48.12 [92mF1_c: 44.07 [92mF1_g: 12.16 [39m
2026-07-26 04:31:40,567 - Agent - INFO - [37mTest Epoch 23 step 23 with [31mce_loss_combined : 1.307631 [31mce_loss_c : 1.426442 [31mce_loss_g : 2.133274 [31mkl_synergy_rand_1 : 0.227668 [31mkl_synergy_rand_2 : 0.369912 [31mkl_synergy_1 : 0.240870 [31mkl_synergy_2 : 0.355917 [31mtotal : 2.501999 [31mdiag_kl_1 : 0.466463 [31mdiag_kl_2 : 1.404859 [94mAcc_combined: 56.85 [94mAcc_c: 53.32 [94mAcc_g: 16.60 [92mF1_combined: 48.43 [92mF1_c: 44.96 [92mF1_g: 9.41 [39m
2026-07-26 04:33:25,695 - Agent - INFO - [37mVal Epoch 24 step 24 with [31mce_loss_combined : 1.296230 [31mce_loss_c : 1.364045 [31mce_loss_g : 1.992379 [31mkl_synergy_rand_1 : 0.239244 [31mkl_synergy_rand_2 : 0.374417 [31mkl_synergy_1 : 0.245993 [31mkl_synergy_2 : 0.344893 [31mtotal : 2.500777 [31mdiag_kl_1 : 0.435535 [31mdiag_kl_2 : 1.225188 [94mAcc_combined: 54.78 [94mAcc_c: 51.90 [94mAcc_g: 19.22 [92mF1_combined: 46.69 [92mF1_c: 43.42 [92mF1_g: 13.47 [39m
2026-07-26 04:33:25,712 - Agent - INFO - [37mTest Epoch 24 step 24 with [31mce_loss_combined : 1.302014 [31mce_loss_c : 1.413018 [31mce_loss_g : 2.080603 [31mkl_synergy_rand_1 : 0.215368 [31mkl_synergy_rand_2 : 0.375352 [31mkl_synergy_1 : 0.221799 [31mkl_synergy_2 : 0.349357 [31mtotal : 2.463891 [31mdiag_kl_1 : 0.456204 [31mdiag_kl_2 : 1.392738 [94mAcc_combined: 57.17 [94mAcc_c: 52.46 [94mAcc_g: 17.13 [92mF1_combined: 48.31 [92mF1_c: 44.39 [92mF1_g: 10.59 [39m
2026-07-26 04:35:03,798 - Agent - INFO - [37mVal Epoch 25 step 25 with [31mce_loss_combined : 1.301895 [31mce_loss_c : 1.340372 [31mce_loss_g : 1.997884 [31mkl_synergy_rand_1 : 0.210316 [31mkl_synergy_rand_2 : 0.372754 [31mkl_synergy_1 : 0.224981 [31mkl_synergy_2 : 0.339217 [31mtotal : 2.449162 [31mdiag_kl_1 : 0.445980 [31mdiag_kl_2 : 1.235772 [94mAcc_combined: 55.58 [94mAcc_c: 52.01 [94mAcc_g: 19.91 [92mF1_combined: 47.20 [92mF1_c: 43.45 [92mF1_g: 12.99 [39m
2026-07-26 04:35:03,815 - Agent - INFO - [37mTest Epoch 25 step 25 with [31mce_loss_combined : 1.317173 [31mce_loss_c : 1.395507 [31mce_loss_g : 2.089866 [31mkl_synergy_rand_1 : 0.197497 [31mkl_synergy_rand_2 : 0.363653 [31mkl_synergy_1 : 0.208937 [31mkl_synergy_2 : 0.342707 [31mtotal : 2.429966 [31mdiag_kl_1 : 0.470305 [31mdiag_kl_2 : 1.415715 [94mAcc_combined: 56.42 [94mAcc_c: 52.14 [94mAcc_g: 18.42 [92mF1_combined: 47.78 [92mF1_c: 43.48 [92mF1_g: 10.39 [39m
2026-07-26 04:36:44,780 - Agent - INFO - [37mVal Epoch 26 step 26 with [31mce_loss_combined : 1.291672 [31mce_loss_c : 1.328009 [31mce_loss_g : 1.991072 [31mkl_synergy_rand_1 : 0.199783 [31mkl_synergy_rand_2 : 0.365657 [31mkl_synergy_1 : 0.211552 [31mkl_synergy_2 : 0.334545 [31mtotal : 2.403209 [31mdiag_kl_1 : 0.439546 [31mdiag_kl_2 : 1.231635 [94mAcc_combined: 55.70 [94mAcc_c: 52.01 [94mAcc_g: 19.79 [92mF1_combined: 47.50 [92mF1_c: 43.54 [92mF1_g: 12.78 [39m
2026-07-26 04:36:44,796 - Agent - INFO - [37mTest Epoch 26 step 26 with [31mce_loss_combined : 1.308695 [31mce_loss_c : 1.392495 [31mce_loss_g : 2.085127 [31mkl_synergy_rand_1 : 0.184696 [31mkl_synergy_rand_2 : 0.363909 [31mkl_synergy_1 : 0.197062 [31mkl_synergy_2 : 0.329651 [31mtotal : 2.384014 [31mdiag_kl_1 : 0.460991 [31mdiag_kl_2 : 1.415059 [94mAcc_combined: 57.07 [94mAcc_c: 52.57 [94mAcc_g: 19.81 [92mF1_combined: 48.42 [92mF1_c: 44.11 [92mF1_g: 10.99 [39m
2026-07-26 04:38:19,216 - Agent - INFO - [37mVal Epoch 27 step 27 with [31mce_loss_combined : 1.302685 [31mce_loss_c : 1.331226 [31mce_loss_g : 1.988484 [31mkl_synergy_rand_1 : 0.197402 [31mkl_synergy_rand_2 : 0.367022 [31mkl_synergy_1 : 0.212343 [31mkl_synergy_2 : 0.333044 [31mtotal : 2.412495 [31mdiag_kl_1 : 0.447557 [31mdiag_kl_2 : 1.235078 [94mAcc_combined: 55.70 [94mAcc_c: 51.67 [94mAcc_g: 19.91 [92mF1_combined: 47.61 [92mF1_c: 43.26 [92mF1_g: 12.97 [39m
2026-07-26 04:38:19,232 - Agent - INFO - [37mTest Epoch 27 step 27 with [31mce_loss_combined : 1.310808 [31mce_loss_c : 1.387294 [31mce_loss_g : 2.071225 [31mkl_synergy_rand_1 : 0.181818 [31mkl_synergy_rand_2 : 0.364627 [31mkl_synergy_1 : 0.193460 [31mkl_synergy_2 : 0.331808 [31mtotal : 2.382521 [31mdiag_kl_1 : 0.470974 [31mdiag_kl_2 : 1.404536 [94mAcc_combined: 56.75 [94mAcc_c: 52.25 [94mAcc_g: 19.59 [92mF1_combined: 48.13 [92mF1_c: 43.97 [92mF1_g: 10.85 [39m
2026-07-26 04:39:59,078 - Agent - INFO - [37mVal Epoch 28 step 28 with [31mce_loss_combined : 1.285983 [31mce_loss_c : 1.318457 [31mce_loss_g : 1.990111 [31mkl_synergy_rand_1 : 0.191678 [31mkl_synergy_rand_2 : 0.361817 [31mkl_synergy_1 : 0.204004 [31mkl_synergy_2 : 0.327693 [31mtotal : 2.371175 [31mdiag_kl_1 : 0.442975 [31mdiag_kl_2 : 1.231342 [94mAcc_combined: 55.81 [94mAcc_c: 52.59 [94mAcc_g: 20.14 [92mF1_combined: 47.63 [92mF1_c: 43.98 [92mF1_g: 12.77 [39m
2026-07-26 04:39:59,103 - Agent - INFO - [37mTest Epoch 28 step 28 with [31mce_loss_combined : 1.306314 [31mce_loss_c : 1.383128 [31mce_loss_g : 2.078266 [31mkl_synergy_rand_1 : 0.177945 [31mkl_synergy_rand_2 : 0.353938 [31mkl_synergy_1 : 0.188930 [31mkl_synergy_2 : 0.319516 [31mtotal : 2.346642 [31mdiag_kl_1 : 0.457909 [31mdiag_kl_2 : 1.410311 [94mAcc_combined: 57.49 [94mAcc_c: 52.25 [94mAcc_g: 21.09 [92mF1_combined: 48.67 [92mF1_c: 43.71 [92mF1_g: 11.06 [39m
2026-07-26 04:41:37,530 - Agent - INFO - [37mVal Epoch 29 step 29 with [31mce_loss_combined : 1.293397 [31mce_loss_c : 1.319279 [31mce_loss_g : 1.993102 [31mkl_synergy_rand_1 : 0.188092 [31mkl_synergy_rand_2 : 0.362896 [31mkl_synergy_1 : 0.200995 [31mkl_synergy_2 : 0.324913 [31mtotal : 2.370293 [31mdiag_kl_1 : 0.447264 [31mdiag_kl_2 : 1.230731 [94mAcc_combined: 55.93 [94mAcc_c: 52.36 [94mAcc_g: 20.14 [92mF1_combined: 47.66 [92mF1_c: 43.70 [92mF1_g: 12.60 [39m
2026-07-26 04:41:37,546 - Agent - INFO - [37mTest Epoch 29 step 29 with [31mce_loss_combined : 1.309488 [31mce_loss_c : 1.384400 [31mce_loss_g : 2.078513 [31mkl_synergy_rand_1 : 0.173399 [31mkl_synergy_rand_2 : 0.352579 [31mkl_synergy_1 : 0.185513 [31mkl_synergy_2 : 0.317796 [31mtotal : 2.338775 [31mdiag_kl_1 : 0.471067 [31mdiag_kl_2 : 1.416782 [94mAcc_combined: 56.96 [94mAcc_c: 52.25 [94mAcc_g: 21.73 [92mF1_combined: 48.16 [92mF1_c: 43.82 [92mF1_g: 11.49 [39m
2026-07-26 04:43:15,423 - Agent - INFO - [37mVal Epoch 30 step 30 with [31mce_loss_combined : 1.288354 [31mce_loss_c : 1.320788 [31mce_loss_g : 1.989978 [31mkl_synergy_rand_1 : 0.176918 [31mkl_synergy_rand_2 : 0.363023 [31mkl_synergy_1 : 0.190904 [31mkl_synergy_2 : 0.328307 [31mtotal : 2.347506 [31mdiag_kl_1 : 0.447671 [31mdiag_kl_2 : 1.218574 [94mAcc_combined: 56.50 [94mAcc_c: 52.13 [94mAcc_g: 20.48 [92mF1_combined: 48.23 [92mF1_c: 43.50 [92mF1_g: 12.79 [39m
2026-07-26 04:43:15,440 - Agent - INFO - [37mTest Epoch 30 step 30 with [31mce_loss_combined : 1.310467 [31mce_loss_c : 1.389166 [31mce_loss_g : 2.076864 [31mkl_synergy_rand_1 : 0.166821 [31mkl_synergy_rand_2 : 0.349336 [31mkl_synergy_1 : 0.176414 [31mkl_synergy_2 : 0.319658 [31mtotal : 2.322696 [31mdiag_kl_1 : 0.467188 [31mdiag_kl_2 : 1.417282 [94mAcc_combined: 57.07 [94mAcc_c: 51.93 [94mAcc_g: 21.52 [92mF1_combined: 48.32 [92mF1_c: 43.34 [92mF1_g: 11.17 [39m
2026-07-26 04:44:56,383 - Agent - INFO - [37mVal Epoch 31 step 31 with [31mce_loss_combined : 1.295446 [31mce_loss_c : 1.320726 [31mce_loss_g : 1.992111 [31mkl_synergy_rand_1 : 0.180429 [31mkl_synergy_rand_2 : 0.362565 [31mkl_synergy_1 : 0.191928 [31mkl_synergy_2 : 0.326173 [31mtotal : 2.356540 [31mdiag_kl_1 : 0.457324 [31mdiag_kl_2 : 1.236958 [94mAcc_combined: 55.47 [94mAcc_c: 52.36 [94mAcc_g: 20.60 [92mF1_combined: 47.08 [92mF1_c: 43.71 [92mF1_g: 12.94 [39m
2026-07-26 04:44:56,400 - Agent - INFO - [37mTest Epoch 31 step 31 with [31mce_loss_combined : 1.312993 [31mce_loss_c : 1.386202 [31mce_loss_g : 2.079129 [31mkl_synergy_rand_1 : 0.172880 [31mkl_synergy_rand_2 : 0.348029 [31mkl_synergy_1 : 0.178516 [31mkl_synergy_2 : 0.318902 [31mtotal : 2.331320 [31mdiag_kl_1 : 0.481720 [31mdiag_kl_2 : 1.403238 [94mAcc_combined: 57.17 [94mAcc_c: 52.14 [94mAcc_g: 21.52 [92mF1_combined: 48.33 [92mF1_c: 43.71 [92mF1_g: 11.29 [39m
2026-07-26 04:46:36,117 - Agent - INFO - [37mVal Epoch 32 step 32 with [31mce_loss_combined : 1.284294 [31mce_loss_c : 1.309151 [31mce_loss_g : 1.991509 [31mkl_synergy_rand_1 : 0.174107 [31mkl_synergy_rand_2 : 0.360121 [31mkl_synergy_1 : 0.189131 [31mkl_synergy_2 : 0.322779 [31mtotal : 2.330433 [31mdiag_kl_1 : 0.450086 [31mdiag_kl_2 : 1.208355 [94mAcc_combined: 56.39 [94mAcc_c: 53.28 [94mAcc_g: 21.29 [92mF1_combined: 48.13 [92mF1_c: 44.60 [92mF1_g: 12.74 [39m
2026-07-26 04:46:36,133 - Agent - INFO - [37mTest Epoch 32 step 32 with [31mce_loss_combined : 1.306587 [31mce_loss_c : 1.376848 [31mce_loss_g : 2.079069 [31mkl_synergy_rand_1 : 0.163693 [31mkl_synergy_rand_2 : 0.348147 [31mkl_synergy_1 : 0.178342 [31mkl_synergy_2 : 0.317500 [31mtotal : 2.314269 [31mdiag_kl_1 : 0.467701 [31mdiag_kl_2 : 1.395543 [94mAcc_combined: 56.85 [94mAcc_c: 52.57 [94mAcc_g: 21.84 [92mF1_combined: 48.18 [92mF1_c: 44.14 [92mF1_g: 10.86 [39m
2026-07-26 04:48:12,417 - Agent - INFO - [37mVal Epoch 33 step 33 with [31mce_loss_combined : 1.277435 [31mce_loss_c : 1.306022 [31mce_loss_g : 1.973820 [31mkl_synergy_rand_1 : 0.176067 [31mkl_synergy_rand_2 : 0.341694 [31mkl_synergy_1 : 0.183286 [31mkl_synergy_2 : 0.301050 [31mtotal : 2.279531 [31mdiag_kl_1 : 0.471573 [31mdiag_kl_2 : 1.212584 [94mAcc_combined: 56.50 [94mAcc_c: 52.13 [94mAcc_g: 23.36 [92mF1_combined: 48.15 [92mF1_c: 43.43 [92mF1_g: 13.81 [39m
2026-07-26 04:48:12,438 - Agent - INFO - [37mTest Epoch 33 step 33 with [31mce_loss_combined : 1.300815 [31mce_loss_c : 1.387180 [31mce_loss_g : 2.057224 [31mkl_synergy_rand_1 : 0.167543 [31mkl_synergy_rand_2 : 0.321948 [31mkl_synergy_1 : 0.173618 [31mkl_synergy_2 : 0.291242 [31mtotal : 2.255166 [31mdiag_kl_1 : 0.495619 [31mdiag_kl_2 : 1.393292 [94mAcc_combined: 57.49 [94mAcc_c: 51.61 [94mAcc_g: 23.88 [92mF1_combined: 48.43 [92mF1_c: 43.07 [92mF1_g: 11.26 [39m
2026-07-26 04:49:47,505 - Agent - INFO - [37mVal Epoch 34 step 34 with [31mce_loss_combined : 1.274276 [31mce_loss_c : 1.295440 [31mce_loss_g : 1.974866 [31mkl_synergy_rand_1 : 0.168082 [31mkl_synergy_rand_2 : 0.330741 [31mkl_synergy_1 : 0.177561 [31mkl_synergy_2 : 0.281291 [31mtotal : 2.231951 [31mdiag_kl_1 : 0.489817 [31mdiag_kl_2 : 1.202064 [94mAcc_combined: 55.81 [94mAcc_c: 51.78 [94mAcc_g: 23.59 [92mF1_combined: 47.28 [92mF1_c: 43.35 [92mF1_g: 13.41 [39m
2026-07-26 04:49:47,522 - Agent - INFO - [37mTest Epoch 34 step 34 with [31mce_loss_combined : 1.309267 [31mce_loss_c : 1.373801 [31mce_loss_g : 2.085967 [31mkl_synergy_rand_1 : 0.159387 [31mkl_synergy_rand_2 : 0.314127 [31mkl_synergy_1 : 0.169394 [31mkl_synergy_2 : 0.275589 [31mtotal : 2.227764 [31mdiag_kl_1 : 0.507809 [31mdiag_kl_2 : 1.410927 [94mAcc_combined: 57.17 [94mAcc_c: 51.28 [94mAcc_g: 24.73 [92mF1_combined: 48.32 [92mF1_c: 42.94 [92mF1_g: 10.99 [39m
2026-07-26 04:51:24,348 - Agent - INFO - [37mVal Epoch 35 step 35 with [31mce_loss_combined : 1.288685 [31mce_loss_c : 1.299963 [31mce_loss_g : 1.956789 [31mkl_synergy_rand_1 : 0.172472 [31mkl_synergy_rand_2 : 0.335432 [31mkl_synergy_1 : 0.185245 [31mkl_synergy_2 : 0.283074 [31mtotal : 2.264908 [31mdiag_kl_1 : 0.498955 [31mdiag_kl_2 : 1.202036 [94mAcc_combined: 55.35 [94mAcc_c: 51.55 [94mAcc_g: 21.75 [92mF1_combined: 47.12 [92mF1_c: 43.06 [92mF1_g: 13.59 [39m
2026-07-26 04:51:24,394 - Agent - INFO - [37mTest Epoch 35 step 35 with [31mce_loss_combined : 1.303159 [31mce_loss_c : 1.372296 [31mce_loss_g : 2.024692 [31mkl_synergy_rand_1 : 0.158988 [31mkl_synergy_rand_2 : 0.316526 [31mkl_synergy_1 : 0.169029 [31mkl_synergy_2 : 0.269378 [31mtotal : 2.217080 [31mdiag_kl_1 : 0.520205 [31mdiag_kl_2 : 1.376177 [94mAcc_combined: 57.28 [94mAcc_c: 50.96 [94mAcc_g: 25.48 [92mF1_combined: 48.46 [92mF1_c: 42.69 [92mF1_g: 13.90 [39m
2026-07-26 04:51:36,960 - Agent - INFO - We are in the final state.
2026-07-26 04:51:37,825 - root - INFO - Loaded best model from best_model_accuracy_state_dict
2026-07-26 04:51:54,058 - Agent - INFO - [37mVal Epoch 35 step 0 with [31mce_loss_combined : 1.073604 [31mce_loss_c : 2.005624 [31mce_loss_g : 1.920854 [31mkl_synergy_rand_1 : 0.814455 [31mkl_synergy_rand_2 : 0.595473 [31mkl_synergy_1 : 0.817860 [31mkl_synergy_2 : 0.606179 [31mtotal : 3.907572 [31mdiag_kl_1 : 0.809089 [31mdiag_kl_2 : 0.662591 [94mAcc_combined: 71.46 [94mAcc_c: 56.62 [94mAcc_g: 44.53 [92mF1_combined: 60.27 [92mF1_c: 48.00 [92mF1_g: 37.68 [39m
2026-07-26 04:52:10,988 - Agent - INFO - [37mTest Epoch 35 step 0 with [31mce_loss_combined : 1.085151 [31mce_loss_c : 2.025977 [31mce_loss_g : 2.093886 [31mkl_synergy_rand_1 : 0.813440 [31mkl_synergy_rand_2 : 0.673598 [31mkl_synergy_1 : 0.816863 [31mkl_synergy_2 : 0.674017 [31mtotal : 4.063068 [31mdiag_kl_1 : 0.804459 [31mdiag_kl_2 : 0.827374 [94mAcc_combined: 71.09 [94mAcc_c: 58.78 [94mAcc_g: 44.75 [92mF1_combined: 60.58 [92mF1_c: 49.65 [92mF1_g: 38.95 [39m
2026-07-26 04:52:13,966 - Agent - INFO - [37mModel saved successfully at: ./data/data/2025_data/synergy/CremadPlus/v2/SynIB_RMask_U_REFABL_cremad_a01_fold2_l1.0_ir0.1_perturbrandom_fillema_pmin0.20_refunimodal_anchor.pth.tar[39m
Job finished
