Starting SynIB reference-ablation job
Python 3.12.12
/esat/smcdata/users/kkontras/Image_Dataset/no_backup/git/SynIB  (git 16830bb)
GPU 0: NVIDIA GeForce RTX 3090 Ti (UUID: GPU-7bc2c863-4c76-5d4a-9303-549439bf63c5)
Executing: PYTHONPATH=src /esat/smcdata/users/kkontras/Image_Dataset/no_backup/envs/synergy/bin/python -m synib.entrypoints.train --config run/configs/rebuttal_ref_ablation/cremad_synib_u.json --default_config run/configs/rebuttal_ref_ablation/cremad_default.json --fold 1 --ironic_rate 0.5 --rmask random --l 1.0 --perturb_pmin 0.20 --perturb_fill ema --reference_type anchor_legacy --ref_diag --start_over --tag REFABL_cremad
Namespace(config='run/configs/rebuttal_ref_ablation/cremad_synib_u.json', default_config='run/configs/rebuttal_ref_ablation/cremad_default.json', fold='1', alpha=None, tanh_mode_beta=None, regby=None, batch_size=None, l='1.0', multil=None, lib=None, kmepoch=None, num_samples=None, contrcoeff=None, contr_type=None, shuffle_type=None, validate_with=None, num_classes=None, optim_method=None, ending_epoch=None, load_ongoing=None, recon_weight1=None, recon_weight2=None, recon_epochstages=None, recon_ensemblestages=None, lr=None, wd=None, cls=None, ironic_rate='0.5', perturb='random', perturb_fill='ema', perturb_pmax=None, perturb_pmin='0.20', perturb_lsparse=None, rmask='random', pmin=None, pmax=None, lsparse=None, debug_mask_stats=False, pre=False, frozen=False, tdqm_disable=False, start_over=True, no_model_save=False, num_layers=None, grad_accum=None, init_from=None, init_strict=False, perturb_lsparse_sign=None, l_anneal_epochs=None, perturb_steps=None, perturb_lsparse_warmup=None, perturb_lsparse_schedule=None, persist_ell=False, save_masks=False, penalty_swap=False, disable_ce_random=False, disable_kl_learned=False, masking_only=False, modality_dropout=None, modality_dropout_target=None, l_z1_masked=None, l_z2_masked=None, l_pareto=None, reference_type='anchor_legacy', ref_diag=True, ref_ema_decay=None, tag='REFABL_cremad')
2026-07-26 04:11:06,458 - Config - INFO - run/configs/rebuttal_ref_ablation/cremad_synib_u.json
2026-07-26 04:11:06,459 - Config - INFO -  THE Configuration of your experiment ..
{'agent': 'Agent',
 'dataset': {'data_roots': './data/CremaD/CREMA-D',
             'data_split': {'fold': 0, 'method': 'non_inclusive'},
             'dataloader_class': 'IronyCremadDataloader',
             'fps': 1,
             'ironic_label_name': 'SARCASM',
             'ironic_modes': ['train', 'val', 'test'],
             'ironic_rate': 1.0,
             'norm': False,
             'norm_face_path': './src/synib/mydatasets/Irony_Cremad/assets/norms/norm_face_path_fold{}.pkl',
             'norm_wav_path': './src/synib/mydatasets/Irony_Cremad/assets/norms/wav_norm_22050_fold{}.pkl',
             'num_frame': 3,
             'return_data': {'audio': False,
                             'face': False,
                             'spectrogram': True,
                             'video': True},
             'sampling_rate': 22050},
 'early_stopping': {'end_of_epoch_check': True,
                    'log_interval': 10,
                    'max_epoch': 1500,
                    'n_steps_stop': 30,
                    'n_steps_stop_after': 0,
                    'save_every_step': 3000,
                    'save_every_valstep': 10,
                    'validate_after': 0,
                    'validate_every': 25,
                    'validate_with': 'accuracy'},
 'exp_name': 'CREMAD Experiment',
 'model': {'args': {'bias_infusion': {'contrcoeff': 0.0, 'l': 1.0},
                    'cls_type': 'mlp',
                    'd_model': 512,
                    'dropout': 0.1,
                    'fc_inner': 64,
                    'in_dim': 64,
                    'multi_loss': {'multi_supervised_w': {'c': 1,
                                                          'combined': 1,
                                                          'g': 1}},
                    'norm_decision': False,
                    'num_classes': 7,
                    'synergy_type': 'unimodal_anchor'},
           'ceu': {'test': './artifacts/ceus/cremad/cremadplus_ceu_test_res_{}.pkl',
                   'val': './artifacts/ceus/cremad/cremadplus_ceu_val_res_{}.pkl'},
           'encoders': [{'args': {'d_model': 512,
                                  'dropout': 0.1,
                                  'fc_inner': 64,
                                  'freeze_encoder': False,
                                  'num_classes': 7},
                         'model': 'Audio_ResNet',
                         'name': 'enc_0_modality1_encoder',
                         'pretrainedEncoder': {'dir': 'unimodal_audio_fold{}_ir1.0_lr0.001_wd0.0001_clsmlp_bs64.pth.tar',
                                               'use': True},
                         'save_encoder': False},
                        {'args': {'d_model': 512,
                                  'dropout': 0.1,
                                  'fc_inner': 64,
                                  'freeze_encoder': False,
                                  'num_classes': 7},
                         'model': 'Video_ResNet',
                         'name': 'enc_1_modality2_encoder',
                         'pretrainedEncoder': {'dir': 'unimodal_video_fold{}_ir1.0_lr0.0001_wd0.0001_clsmlp_bs64.pth.tar',
                                               'use': True},
                         'save_encoder': False},
                        {'args': {'d_model': 512,
                                  'dropout': 0.1,
                                  'fc_inner': 64,
                                  'freeze_encoder': False},
                         'model': 'FusionTrunkLinear',
                         'name': 'enc_2_fusion_trunk',
                         'pretrainedEncoder': {'dir': 'enc_2_fusion_trunk_fold{}.pth.tar',
                                               'use': False},
                         'save_encoder': False},
                        {'args': {'freeze_encoder': False,
                                  'in_dim': 64,
                                  'num_classes': 7},
                         'model': 'LinearHead',
                         'name': 'enc_3_fusion_head',
                         'pretrainedEncoder': {'dir': 'enc_3_fusion_head_fold{}.pth.tar',
                                               'use': False},
                         'save_encoder': False},
                        {'args': {'dropout': 0.1,
                                  'freeze_encoder': False,
                                  'hidden_dim': 64,
                                  'in_dim': 512,
                                  'num_classes': 7},
                         'model': 'MLPHead',
                         'name': 'enc_4_unimodal_head_1',
                         'pretrainedEncoder': {'dir': 'enc_4_unimodal1_fold{}.pth.tar',
                                               'use': False},
                         'save_encoder': False},
                        {'args': {'dropout': 0.1,
                                  'freeze_encoder': False,
                                  'hidden_dim': 64,
                                  'in_dim': 512,
                                  'num_classes': 7},
                         'model': 'MLPHead',
                         'name': 'enc_5_unimodal_head_2',
                         'pretrainedEncoder': {'dir': 'enc_5_unimodal2_fold{}.pth.tar',
                                               'use': False},
                         'save_encoder': False}],
           'load_ongoing': False,
           'model_class': 'FusionIBModel_Mask_U',
           'save_base_dir': './data/data/2025_data/synergy/CremadPlus/v2',
           'save_dir': 'SynIB_RMask_U_{}.pth.tar'},
 'optimizer': {'beta1': 0.9,
               'beta2': 0.999,
               'learning_rate': 1e-05,
               'momentum': 0.9,
               'type': 'Adam',
               'weight_decay': 1e-05},
 'scheduler': {'max_lr': 0.03, 'type': 'cosanneal', 'warm_up_steps': 780},
 'training_params': {'async_loading': True,
                     'batch_size': 128,
                     'cuda': True,
                     'data_loader_workers': 8,
                     'gpu_device': [0],
                     'pin_memory': False,
                     'rec_test': True,
                     'res': True,
                     'seed': 109,
                     'tdqm_disable': False,
                     'test_batch_size': 128,
                     'test_on_bottoms': True,
                     'use_test_set': True,
                     'validation': True,
                     'verbose': True,
                     'wandb_disable': False}}
2026-07-26 04:11:06,462 - Config - INFO -  *************************************** 
2026-07-26 04:11:06,462 - Config - INFO - The experiment name is CREMAD Experiment
2026-07-26 04:11:06,462 - Config - INFO -  *************************************** 
2026-07-26 04:11:06,462 - root - INFO - save_dir: SynIB_RMask_U_REFABL_cremad_fold1_l1.0_ir0.5_perturbrandom_fillema_pmin0.20_refanchor_legacy.pth.tar
2026-07-26 04:11:06,589 - Cuda Statistics - INFO - __Python VERSION:  3.12.12 | packaged by Anaconda, Inc. | (main, Oct 21 2025, 20:16:04) [GCC 11.2.0]
2026-07-26 04:11:06,589 - Cuda Statistics - INFO - __pyTorch VERSION:  2.7.1+cu118
2026-07-26 04:11:06,589 - Cuda Statistics - INFO - __CUDA VERSION
2026-07-26 04:11:06,597 - Cuda Statistics - INFO - __CUDNN VERSION:  90100
2026-07-26 04:11:06,625 - Cuda Statistics - INFO - __Number CUDA Devices:  1
2026-07-26 04:11:06,625 - Cuda Statistics - INFO - __Devices
2026-07-26 04:11:06,625 - Cuda Statistics - INFO - index, name, driver_version, memory.total [MiB], memory.used [MiB], memory.free [MiB]
2026-07-26 04:11:06,625 - Cuda Statistics - INFO - 0, NVIDIA GeForce RTX 3090 Ti, 610.43.03, 24564 MiB, 1436 MiB, 22673 MiB
2026-07-26 04:11:06,633 - Cuda Statistics - INFO - Active CUDA Device: GPU 0
2026-07-26 04:11:06,633 - Cuda Statistics - INFO - Available devices  1
2026-07-26 04:11:06,634 - Cuda Statistics - INFO - Current cuda device  0
2026-07-26 04:11:07,909 - IronyCremadDataset - INFO - Loaded wav norm from ./src/synib/mydatasets/Irony_Cremad/assets/norms/wav_norm_22050_fold1.pkl
2026-07-26 04:11:08,220 - IronyCremadDataset - INFO - Loaded wav norm from ./src/synib/mydatasets/Irony_Cremad/assets/norms/wav_norm_22050_fold1.pkl
2026-07-26 04:11:08,514 - IronyCremadDataset - INFO - Loaded wav norm from ./src/synib/mydatasets/Irony_Cremad/assets/norms/wav_norm_22050_fold1.pkl
2026-07-26 04:11:08,518 - Agent - INFO - Device: cuda:0
2026-07-26 04:11:08,518 - Agent - INFO - Total training batches: 32, validate every 25 batches, steps per epoch: 2
2026-07-26 04:11:08,585 - Agent - INFO - Loss Weights are {'total': 1, 'combined': 1, 'c': 1, 'g': 1}
2026-07-26 04:11:08,585 - root - INFO - There is no CEU for train
2026-07-26 04:11:08,587 - root - INFO - There is no CEU for val
2026-07-26 04:11:08,587 - root - INFO - There is no CEU for test
{'d_model': 512, 'num_classes': 7, 'fc_inner': 64, 'dropout': 0.1, 'freeze_encoder': False}
2026-07-26 04:11:08,956 - root - INFO - Loading enc best model state dict from ./data/data/2025_data/synergy/CremadPlus/v2/unimodal_audio_fold1_ir0.5_lr0.001_wd0.0001_clsmlp_bs64.pth.tar
2026-07-26 04:11:09,399 - root - INFO - Loading enc best model state dict from ./data/data/2025_data/synergy/CremadPlus/v2/unimodal_video_fold1_ir0.5_lr0.0001_wd0.0001_clsmlp_bs64.pth.tar
2026-07-26 04:11:09,622 - Agent - INFO - Total number of trainable parameters are: 44840497
2026-07-26 04:11:09,628 - Agent - INFO - Total number of trainable parameters are: 22486563
2026-07-26 04:12:20,212 - Evaluator - INFO - New best with loss-accuracy-
2026-07-26 04:12:20,212 - Agent - INFO - [37mVal Epoch 1 step 1 with [31mce_loss_combined : 1.713957 [31mce_loss_c : 2.210932 [31mce_loss_g : 3.557183 [31mkl_synergy_rand_1 : 1.286845 [31mkl_synergy_rand_2 : 1.353192 [31mkl_synergy_1 : 1.281564 [31mkl_synergy_2 : 1.346583 [31mtotal : 6.982141 [31mdiag_kl_1 : 1.332844 [31mdiag_kl_2 : 1.356847 [94mAcc_combined: 44.38 [94mAcc_c: 53.92 [94mAcc_g: 42.11 [92mF1_combined: 39.69 [92mF1_c: 48.57 [92mF1_g: 35.94 [39m
2026-07-26 04:12:20,223 - Agent - INFO - [37mTest Epoch 1 step 1 with [31mce_loss_combined : 1.695489 [31mce_loss_c : 2.396690 [31mce_loss_g : 2.592728 [31mkl_synergy_rand_1 : 1.258274 [31mkl_synergy_rand_2 : 1.351737 [31mkl_synergy_1 : 1.246780 [31mkl_synergy_2 : 1.338364 [31mtotal : 6.890644 [31mdiag_kl_1 : 1.338002 [31mdiag_kl_2 : 1.289021 [94mAcc_combined: 52.68 [94mAcc_c: 53.11 [94mAcc_g: 49.40 [92mF1_combined: 49.59 [92mF1_c: 47.16 [92mF1_g: 42.59 [39m
2026-07-26 04:12:21,083 - Agent - INFO - [37mModel saved successfully at: ./data/data/2025_data/synergy/CremadPlus/v2/SynIB_RMask_U_REFABL_cremad_fold1_l1.0_ir0.5_perturbrandom_fillema_pmin0.20_refanchor_legacy.pth.tar[39m
2026-07-26 04:13:33,039 - Evaluator - INFO - New best with loss-accuracy-
2026-07-26 04:13:33,039 - Agent - INFO - [37mVal Epoch 2 step 2 with [31mce_loss_combined : 1.484885 [31mce_loss_c : 2.174688 [31mce_loss_g : 3.030812 [31mkl_synergy_rand_1 : 0.990670 [31mkl_synergy_rand_2 : 1.176704 [31mkl_synergy_1 : 0.981650 [31mkl_synergy_2 : 1.158796 [31mtotal : 5.792706 [31mdiag_kl_1 : 1.114650 [31mdiag_kl_2 : 1.193905 [94mAcc_combined: 55.28 [94mAcc_c: 53.80 [94mAcc_g: 41.32 [92mF1_combined: 48.37 [92mF1_c: 47.92 [92mF1_g: 36.74 [39m
2026-07-26 04:13:33,050 - Agent - INFO - [37mTest Epoch 2 step 2 with [31mce_loss_combined : 1.436794 [31mce_loss_c : 2.373280 [31mce_loss_g : 2.106957 [31mkl_synergy_rand_1 : 0.935216 [31mkl_synergy_rand_2 : 1.169708 [31mkl_synergy_1 : 0.913420 [31mkl_synergy_2 : 1.147721 [31mtotal : 5.602859 [31mdiag_kl_1 : 1.106853 [31mdiag_kl_2 : 1.079946 [94mAcc_combined: 62.40 [94mAcc_c: 53.11 [94mAcc_g: 49.18 [92mF1_combined: 56.58 [92mF1_c: 46.44 [92mF1_g: 43.81 [39m
2026-07-26 04:13:34,551 - Agent - INFO - [37mModel saved successfully at: ./data/data/2025_data/synergy/CremadPlus/v2/SynIB_RMask_U_REFABL_cremad_fold1_l1.0_ir0.5_perturbrandom_fillema_pmin0.20_refanchor_legacy.pth.tar[39m
2026-07-26 04:14:44,160 - Evaluator - INFO - New best with loss-accuracy-
2026-07-26 04:14:44,161 - Agent - INFO - [37mVal Epoch 3 step 3 with [31mce_loss_combined : 1.329712 [31mce_loss_c : 2.095666 [31mce_loss_g : 2.751591 [31mkl_synergy_rand_1 : 0.826452 [31mkl_synergy_rand_2 : 1.028105 [31mkl_synergy_1 : 0.816813 [31mkl_synergy_2 : 1.005908 [31mtotal : 5.006990 [31mdiag_kl_1 : 0.950429 [31mdiag_kl_2 : 1.078118 [94mAcc_combined: 58.12 [94mAcc_c: 52.33 [94mAcc_g: 40.30 [92mF1_combined: 51.42 [92mF1_c: 46.94 [92mF1_g: 36.27 [39m
2026-07-26 04:14:44,172 - Agent - INFO - [37mTest Epoch 3 step 3 with [31mce_loss_combined : 1.252410 [31mce_loss_c : 2.263128 [31mce_loss_g : 1.972040 [31mkl_synergy_rand_1 : 0.756099 [31mkl_synergy_rand_2 : 1.004004 [31mkl_synergy_1 : 0.732165 [31mkl_synergy_2 : 0.986702 [31mtotal : 4.731380 [31mdiag_kl_1 : 0.925670 [31mdiag_kl_2 : 0.956507 [94mAcc_combined: 66.01 [94mAcc_c: 52.68 [94mAcc_g: 49.51 [92mF1_combined: 59.22 [92mF1_c: 46.00 [92mF1_g: 44.89 [39m
2026-07-26 04:14:45,769 - Agent - INFO - [37mModel saved successfully at: ./data/data/2025_data/synergy/CremadPlus/v2/SynIB_RMask_U_REFABL_cremad_fold1_l1.0_ir0.5_perturbrandom_fillema_pmin0.20_refanchor_legacy.pth.tar[39m
2026-07-26 04:15:59,942 - Evaluator - INFO - New best with loss-accuracy-
2026-07-26 04:15:59,943 - Agent - INFO - [37mVal Epoch 4 step 4 with [31mce_loss_combined : 1.220074 [31mce_loss_c : 1.959354 [31mce_loss_g : 2.530277 [31mkl_synergy_rand_1 : 0.772747 [31mkl_synergy_rand_2 : 0.885267 [31mkl_synergy_1 : 0.767766 [31mkl_synergy_2 : 0.860240 [31mtotal : 4.506094 [31mdiag_kl_1 : 0.813426 [31mdiag_kl_2 : 1.000129 [94mAcc_combined: 61.18 [94mAcc_c: 51.08 [94mAcc_g: 36.32 [92mF1_combined: 55.03 [92mF1_c: 45.87 [92mF1_g: 35.97 [39m
2026-07-26 04:15:59,954 - Agent - INFO - [37mTest Epoch 4 step 4 with [31mce_loss_combined : 1.120860 [31mce_loss_c : 2.080742 [31mce_loss_g : 1.912991 [31mkl_synergy_rand_1 : 0.688834 [31mkl_synergy_rand_2 : 0.848228 [31mkl_synergy_1 : 0.677675 [31mkl_synergy_2 : 0.833843 [31mtotal : 4.169440 [31mdiag_kl_1 : 0.773995 [31mdiag_kl_2 : 0.887319 [94mAcc_combined: 67.10 [94mAcc_c: 52.24 [94mAcc_g: 45.03 [92mF1_combined: 60.28 [92mF1_c: 45.75 [92mF1_g: 43.37 [39m
2026-07-26 04:16:01,488 - Agent - INFO - [37mModel saved successfully at: ./data/data/2025_data/synergy/CremadPlus/v2/SynIB_RMask_U_REFABL_cremad_fold1_l1.0_ir0.5_perturbrandom_fillema_pmin0.20_refanchor_legacy.pth.tar[39m
2026-07-26 04:17:10,974 - Evaluator - INFO - New best with loss-accuracy-
2026-07-26 04:17:10,974 - Agent - INFO - [37mVal Epoch 5 step 5 with [31mce_loss_combined : 1.195850 [31mce_loss_c : 1.873229 [31mce_loss_g : 2.455010 [31mkl_synergy_rand_1 : 0.689682 [31mkl_synergy_rand_2 : 0.794838 [31mkl_synergy_1 : 0.696585 [31mkl_synergy_2 : 0.779111 [31mtotal : 4.156065 [31mdiag_kl_1 : 0.760719 [31mdiag_kl_2 : 0.995902 [94mAcc_combined: 61.86 [94mAcc_c: 49.38 [94mAcc_g: 36.78 [92mF1_combined: 56.59 [92mF1_c: 44.28 [92mF1_g: 35.93 [39m
2026-07-26 04:17:10,986 - Agent - INFO - [37mTest Epoch 5 step 5 with [31mce_loss_combined : 1.090392 [31mce_loss_c : 1.970704 [31mce_loss_g : 1.890314 [31mkl_synergy_rand_1 : 0.630678 [31mkl_synergy_rand_2 : 0.753561 [31mkl_synergy_1 : 0.613648 [31mkl_synergy_2 : 0.730098 [31mtotal : 3.818377 [31mdiag_kl_1 : 0.719934 [31mdiag_kl_2 : 0.918655 [94mAcc_combined: 66.99 [94mAcc_c: 51.04 [94mAcc_g: 43.83 [92mF1_combined: 61.12 [92mF1_c: 44.72 [92mF1_g: 41.45 [39m
2026-07-26 04:17:12,524 - Agent - INFO - [37mModel saved successfully at: ./data/data/2025_data/synergy/CremadPlus/v2/SynIB_RMask_U_REFABL_cremad_fold1_l1.0_ir0.5_perturbrandom_fillema_pmin0.20_refanchor_legacy.pth.tar[39m
2026-07-26 04:18:19,625 - Agent - INFO - [37mVal Epoch 6 step 6 with [31mce_loss_combined : 1.222816 [31mce_loss_c : 1.787138 [31mce_loss_g : 2.424119 [31mkl_synergy_rand_1 : 0.630043 [31mkl_synergy_rand_2 : 0.745835 [31mkl_synergy_1 : 0.637797 [31mkl_synergy_2 : 0.727878 [31mtotal : 3.964369 [31mdiag_kl_1 : 0.759345 [31mdiag_kl_2 : 1.062249 [94mAcc_combined: 59.02 [94mAcc_c: 48.81 [94mAcc_g: 34.62 [92mF1_combined: 55.76 [92mF1_c: 44.10 [92mF1_g: 33.57 [39m
2026-07-26 04:18:19,636 - Agent - INFO - [37mTest Epoch 6 step 6 with [31mce_loss_combined : 1.092199 [31mce_loss_c : 1.867492 [31mce_loss_g : 1.881434 [31mkl_synergy_rand_1 : 0.602156 [31mkl_synergy_rand_2 : 0.704072 [31mkl_synergy_1 : 0.601970 [31mkl_synergy_2 : 0.692011 [31mtotal : 3.692408 [31mdiag_kl_1 : 0.724277 [31mdiag_kl_2 : 0.993129 [94mAcc_combined: 64.81 [94mAcc_c: 49.95 [94mAcc_g: 43.50 [92mF1_combined: 60.91 [92mF1_c: 44.65 [92mF1_g: 41.33 [39m
2026-07-26 04:19:36,716 - Agent - INFO - [37mVal Epoch 7 step 7 with [31mce_loss_combined : 1.250796 [31mce_loss_c : 1.768745 [31mce_loss_g : 2.336818 [31mkl_synergy_rand_1 : 0.619909 [31mkl_synergy_rand_2 : 0.704907 [31mkl_synergy_1 : 0.625962 [31mkl_synergy_2 : 0.696050 [31mtotal : 3.897624 [31mdiag_kl_1 : 0.758931 [31mdiag_kl_2 : 1.061656 [94mAcc_combined: 56.07 [94mAcc_c: 48.58 [94mAcc_g: 34.73 [92mF1_combined: 53.76 [92mF1_c: 44.08 [92mF1_g: 32.94 [39m
2026-07-26 04:19:36,728 - Agent - INFO - [37mTest Epoch 7 step 7 with [31mce_loss_combined : 1.098171 [31mce_loss_c : 1.824953 [31mce_loss_g : 1.807559 [31mkl_synergy_rand_1 : 0.574330 [31mkl_synergy_rand_2 : 0.668100 [31mkl_synergy_1 : 0.570287 [31mkl_synergy_2 : 0.659393 [31mtotal : 3.570281 [31mdiag_kl_1 : 0.719439 [31mdiag_kl_2 : 0.993341 [94mAcc_combined: 64.59 [94mAcc_c: 49.62 [94mAcc_g: 42.08 [92mF1_combined: 61.49 [92mF1_c: 44.49 [92mF1_g: 38.97 [39m
2026-07-26 04:20:50,039 - Agent - INFO - [37mVal Epoch 8 step 8 with [31mce_loss_combined : 1.258319 [31mce_loss_c : 1.755428 [31mce_loss_g : 2.316753 [31mkl_synergy_rand_1 : 0.626600 [31mkl_synergy_rand_2 : 0.671344 [31mkl_synergy_1 : 0.636574 [31mkl_synergy_2 : 0.669585 [31mtotal : 3.862422 [31mdiag_kl_1 : 0.750470 [31mdiag_kl_2 : 0.990543 [94mAcc_combined: 56.75 [94mAcc_c: 48.13 [94mAcc_g: 33.37 [92mF1_combined: 53.93 [92mF1_c: 43.94 [92mF1_g: 30.39 [39m
2026-07-26 04:20:50,050 - Agent - INFO - [37mTest Epoch 8 step 8 with [31mce_loss_combined : 1.110188 [31mce_loss_c : 1.801863 [31mce_loss_g : 1.815214 [31mkl_synergy_rand_1 : 0.560539 [31mkl_synergy_rand_2 : 0.637667 [31mkl_synergy_1 : 0.551652 [31mkl_synergy_2 : 0.611951 [31mtotal : 3.471997 [31mdiag_kl_1 : 0.709355 [31mdiag_kl_2 : 0.922774 [94mAcc_combined: 63.50 [94mAcc_c: 49.07 [94mAcc_g: 42.84 [92mF1_combined: 59.61 [92mF1_c: 43.99 [92mF1_g: 38.35 [39m
2026-07-26 04:21:58,514 - Agent - INFO - [37mVal Epoch 9 step 9 with [31mce_loss_combined : 1.250691 [31mce_loss_c : 1.728824 [31mce_loss_g : 2.334207 [31mkl_synergy_rand_1 : 0.635757 [31mkl_synergy_rand_2 : 0.630147 [31mkl_synergy_1 : 0.638750 [31mkl_synergy_2 : 0.626087 [31mtotal : 3.781432 [31mdiag_kl_1 : 0.717731 [31mdiag_kl_2 : 1.023893 [94mAcc_combined: 58.34 [94mAcc_c: 47.22 [94mAcc_g: 30.76 [92mF1_combined: 55.21 [92mF1_c: 42.96 [92mF1_g: 26.59 [39m
2026-07-26 04:21:58,526 - Agent - INFO - [37mTest Epoch 9 step 9 with [31mce_loss_combined : 1.077506 [31mce_loss_c : 1.780212 [31mce_loss_g : 1.826629 [31mkl_synergy_rand_1 : 0.590669 [31mkl_synergy_rand_2 : 0.599400 [31mkl_synergy_1 : 0.591942 [31mkl_synergy_2 : 0.589101 [31mtotal : 3.448617 [31mdiag_kl_1 : 0.683248 [31mdiag_kl_2 : 0.949991 [94mAcc_combined: 65.46 [94mAcc_c: 48.20 [94mAcc_g: 41.75 [92mF1_combined: 61.02 [92mF1_c: 43.64 [92mF1_g: 37.04 [39m
2026-07-26 04:23:06,126 - Agent - INFO - [37mVal Epoch 10 step 10 with [31mce_loss_combined : 1.271171 [31mce_loss_c : 1.726029 [31mce_loss_g : 2.348288 [31mkl_synergy_rand_1 : 0.637101 [31mkl_synergy_rand_2 : 0.624022 [31mkl_synergy_1 : 0.640472 [31mkl_synergy_2 : 0.619837 [31mtotal : 3.792603 [31mdiag_kl_1 : 0.725367 [31mdiag_kl_2 : 1.022413 [94mAcc_combined: 57.78 [94mAcc_c: 46.77 [94mAcc_g: 30.65 [92mF1_combined: 54.66 [92mF1_c: 42.80 [92mF1_g: 26.03 [39m
2026-07-26 04:23:06,138 - Agent - INFO - [37mTest Epoch 10 step 10 with [31mce_loss_combined : 1.092002 [31mce_loss_c : 1.765729 [31mce_loss_g : 1.899091 [31mkl_synergy_rand_1 : 0.590587 [31mkl_synergy_rand_2 : 0.591004 [31mkl_synergy_1 : 0.580789 [31mkl_synergy_2 : 0.582193 [31mtotal : 3.436574 [31mdiag_kl_1 : 0.694995 [31mdiag_kl_2 : 0.959905 [94mAcc_combined: 65.03 [94mAcc_c: 48.74 [94mAcc_g: 39.02 [92mF1_combined: 60.53 [92mF1_c: 44.06 [92mF1_g: 34.43 [39m
2026-07-26 04:24:14,711 - Agent - INFO - [37mVal Epoch 11 step 11 with [31mce_loss_combined : 1.290759 [31mce_loss_c : 1.693369 [31mce_loss_g : 2.407571 [31mkl_synergy_rand_1 : 0.638649 [31mkl_synergy_rand_2 : 0.595273 [31mkl_synergy_1 : 0.637570 [31mkl_synergy_2 : 0.587805 [31mtotal : 3.750056 [31mdiag_kl_1 : 0.705292 [31mdiag_kl_2 : 1.031244 [94mAcc_combined: 57.66 [94mAcc_c: 46.99 [94mAcc_g: 26.90 [92mF1_combined: 53.93 [92mF1_c: 42.97 [92mF1_g: 22.92 [39m
2026-07-26 04:24:14,722 - Agent - INFO - [37mTest Epoch 11 step 11 with [31mce_loss_combined : 1.111181 [31mce_loss_c : 1.732605 [31mce_loss_g : 1.994317 [31mkl_synergy_rand_1 : 0.615342 [31mkl_synergy_rand_2 : 0.552727 [31mkl_synergy_1 : 0.617431 [31mkl_synergy_2 : 0.547177 [31mtotal : 3.443858 [31mdiag_kl_1 : 0.674698 [31mdiag_kl_2 : 0.964234 [94mAcc_combined: 64.92 [94mAcc_c: 49.18 [94mAcc_g: 32.79 [92mF1_combined: 60.02 [92mF1_c: 44.64 [92mF1_g: 29.00 [39m
2026-07-26 04:25:21,694 - Agent - INFO - [37mVal Epoch 12 step 12 with [31mce_loss_combined : 1.276903 [31mce_loss_c : 1.691693 [31mce_loss_g : 2.360129 [31mkl_synergy_rand_1 : 0.621436 [31mkl_synergy_rand_2 : 0.571034 [31mkl_synergy_1 : 0.621716 [31mkl_synergy_2 : 0.568385 [31mtotal : 3.659476 [31mdiag_kl_1 : 0.696946 [31mdiag_kl_2 : 1.016806 [94mAcc_combined: 58.00 [94mAcc_c: 47.22 [94mAcc_g: 28.60 [92mF1_combined: 53.12 [92mF1_c: 42.91 [92mF1_g: 23.41 [39m
2026-07-26 04:25:21,706 - Agent - INFO - [37mTest Epoch 12 step 12 with [31mce_loss_combined : 1.103582 [31mce_loss_c : 1.725964 [31mce_loss_g : 1.966403 [31mkl_synergy_rand_1 : 0.600738 [31mkl_synergy_rand_2 : 0.549865 [31mkl_synergy_1 : 0.580369 [31mkl_synergy_2 : 0.537145 [31mtotal : 3.371698 [31mdiag_kl_1 : 0.668189 [31mdiag_kl_2 : 0.928627 [94mAcc_combined: 65.36 [94mAcc_c: 49.18 [94mAcc_g: 35.74 [92mF1_combined: 59.28 [92mF1_c: 44.67 [92mF1_g: 31.03 [39m
2026-07-26 04:26:34,635 - Agent - INFO - [37mVal Epoch 13 step 13 with [31mce_loss_combined : 1.269812 [31mce_loss_c : 1.671710 [31mce_loss_g : 2.324084 [31mkl_synergy_rand_1 : 0.605064 [31mkl_synergy_rand_2 : 0.565128 [31mkl_synergy_1 : 0.600566 [31mkl_synergy_2 : 0.562100 [31mtotal : 3.602671 [31mdiag_kl_1 : 0.703839 [31mdiag_kl_2 : 0.989061 [94mAcc_combined: 58.57 [94mAcc_c: 46.20 [94mAcc_g: 29.17 [92mF1_combined: 53.44 [92mF1_c: 42.35 [92mF1_g: 23.56 [39m
2026-07-26 04:26:34,646 - Agent - INFO - [37mTest Epoch 13 step 13 with [31mce_loss_combined : 1.106879 [31mce_loss_c : 1.705858 [31mce_loss_g : 1.978440 [31mkl_synergy_rand_1 : 0.586267 [31mkl_synergy_rand_2 : 0.542241 [31mkl_synergy_1 : 0.575957 [31mkl_synergy_2 : 0.544672 [31mtotal : 3.356015 [31mdiag_kl_1 : 0.673115 [31mdiag_kl_2 : 0.898541 [94mAcc_combined: 65.90 [94mAcc_c: 49.18 [94mAcc_g: 33.55 [92mF1_combined: 60.07 [92mF1_c: 44.73 [92mF1_g: 28.25 [39m
2026-07-26 04:27:40,072 - Agent - INFO - [37mVal Epoch 14 step 14 with [31mce_loss_combined : 1.273724 [31mce_loss_c : 1.659385 [31mce_loss_g : 2.313368 [31mkl_synergy_rand_1 : 0.581382 [31mkl_synergy_rand_2 : 0.556466 [31mkl_synergy_1 : 0.574578 [31mkl_synergy_2 : 0.562293 [31mtotal : 3.548444 [31mdiag_kl_1 : 0.722926 [31mdiag_kl_2 : 0.990045 [94mAcc_combined: 58.00 [94mAcc_c: 46.54 [94mAcc_g: 29.63 [92mF1_combined: 52.97 [92mF1_c: 42.40 [92mF1_g: 23.81 [39m
2026-07-26 04:27:40,084 - Agent - INFO - [37mTest Epoch 14 step 14 with [31mce_loss_combined : 1.112663 [31mce_loss_c : 1.693896 [31mce_loss_g : 2.020419 [31mkl_synergy_rand_1 : 0.570518 [31mkl_synergy_rand_2 : 0.542134 [31mkl_synergy_1 : 0.557507 [31mkl_synergy_2 : 0.535443 [31mtotal : 3.318264 [31mdiag_kl_1 : 0.705647 [31mdiag_kl_2 : 0.929888 [94mAcc_combined: 65.14 [94mAcc_c: 49.07 [94mAcc_g: 34.43 [92mF1_combined: 59.43 [92mF1_c: 44.51 [92mF1_g: 29.22 [39m
2026-07-26 04:28:54,171 - Agent - INFO - [37mVal Epoch 15 step 15 with [31mce_loss_combined : 1.270118 [31mce_loss_c : 1.642321 [31mce_loss_g : 2.201976 [31mkl_synergy_rand_1 : 0.557536 [31mkl_synergy_rand_2 : 0.533690 [31mkl_synergy_1 : 0.555118 [31mkl_synergy_2 : 0.537935 [31mtotal : 3.454397 [31mdiag_kl_1 : 0.724723 [31mdiag_kl_2 : 1.013922 [94mAcc_combined: 58.12 [94mAcc_c: 47.11 [94mAcc_g: 31.67 [92mF1_combined: 52.75 [92mF1_c: 42.87 [92mF1_g: 27.02 [39m
2026-07-26 04:28:54,182 - Agent - INFO - [37mTest Epoch 15 step 15 with [31mce_loss_combined : 1.102347 [31mce_loss_c : 1.664897 [31mce_loss_g : 1.950339 [31mkl_synergy_rand_1 : 0.550434 [31mkl_synergy_rand_2 : 0.529791 [31mkl_synergy_1 : 0.533822 [31mkl_synergy_2 : 0.529169 [31mtotal : 3.245562 [31mdiag_kl_1 : 0.711739 [31mdiag_kl_2 : 0.937558 [94mAcc_combined: 66.56 [94mAcc_c: 49.84 [94mAcc_g: 35.85 [92mF1_combined: 60.45 [92mF1_c: 45.31 [92mF1_g: 30.53 [39m
2026-07-26 04:30:03,335 - Agent - INFO - [37mVal Epoch 16 step 16 with [31mce_loss_combined : 1.253860 [31mce_loss_c : 1.628289 [31mce_loss_g : 2.236093 [31mkl_synergy_rand_1 : 0.562782 [31mkl_synergy_rand_2 : 0.528225 [31mkl_synergy_1 : 0.566117 [31mkl_synergy_2 : 0.533386 [31mtotal : 3.444371 [31mdiag_kl_1 : 0.706602 [31mdiag_kl_2 : 0.967166 [94mAcc_combined: 59.14 [94mAcc_c: 47.90 [94mAcc_g: 31.78 [92mF1_combined: 53.92 [92mF1_c: 43.95 [92mF1_g: 26.79 [39m
2026-07-26 04:30:03,347 - Agent - INFO - [37mTest Epoch 16 step 16 with [31mce_loss_combined : 1.107304 [31mce_loss_c : 1.664545 [31mce_loss_g : 1.968989 [31mkl_synergy_rand_1 : 0.549565 [31mkl_synergy_rand_2 : 0.526457 [31mkl_synergy_1 : 0.549737 [31mkl_synergy_2 : 0.518653 [31mtotal : 3.251716 [31mdiag_kl_1 : 0.687418 [31mdiag_kl_2 : 0.894962 [94mAcc_combined: 66.56 [94mAcc_c: 49.51 [94mAcc_g: 36.50 [92mF1_combined: 60.93 [92mF1_c: 44.85 [92mF1_g: 30.73 [39m
2026-07-26 04:31:13,430 - Agent - INFO - [37mVal Epoch 17 step 17 with [31mce_loss_combined : 1.277752 [31mce_loss_c : 1.628304 [31mce_loss_g : 2.312993 [31mkl_synergy_rand_1 : 0.556415 [31mkl_synergy_rand_2 : 0.549678 [31mkl_synergy_1 : 0.554628 [31mkl_synergy_2 : 0.555039 [31mtotal : 3.493512 [31mdiag_kl_1 : 0.747965 [31mdiag_kl_2 : 0.888158 [94mAcc_combined: 57.21 [94mAcc_c: 47.67 [94mAcc_g: 29.85 [92mF1_combined: 51.39 [92mF1_c: 43.45 [92mF1_g: 23.88 [39m
2026-07-26 04:31:13,441 - Agent - INFO - [37mTest Epoch 17 step 17 with [31mce_loss_combined : 1.138550 [31mce_loss_c : 1.657192 [31mce_loss_g : 2.084971 [31mkl_synergy_rand_1 : 0.541337 [31mkl_synergy_rand_2 : 0.541963 [31mkl_synergy_1 : 0.527994 [31mkl_synergy_2 : 0.535154 [31mtotal : 3.284999 [31mdiag_kl_1 : 0.718455 [31mdiag_kl_2 : 0.863171 [94mAcc_combined: 63.50 [94mAcc_c: 49.84 [94mAcc_g: 35.96 [92mF1_combined: 57.93 [92mF1_c: 45.10 [92mF1_g: 29.55 [39m
2026-07-26 04:32:23,373 - Agent - INFO - [37mVal Epoch 18 step 18 with [31mce_loss_combined : 1.273957 [31mce_loss_c : 1.609763 [31mce_loss_g : 2.304402 [31mkl_synergy_rand_1 : 0.556337 [31mkl_synergy_rand_2 : 0.546095 [31mkl_synergy_1 : 0.546793 [31mkl_synergy_2 : 0.541937 [31mtotal : 3.465119 [31mdiag_kl_1 : 0.753527 [31mdiag_kl_2 : 0.888541 [94mAcc_combined: 58.12 [94mAcc_c: 48.24 [94mAcc_g: 29.51 [92mF1_combined: 52.17 [92mF1_c: 44.24 [92mF1_g: 23.49 [39m
2026-07-26 04:32:23,384 - Agent - INFO - [37mTest Epoch 18 step 18 with [31mce_loss_combined : 1.143895 [31mce_loss_c : 1.641623 [31mce_loss_g : 2.117917 [31mkl_synergy_rand_1 : 0.544310 [31mkl_synergy_rand_2 : 0.542268 [31mkl_synergy_1 : 0.529751 [31mkl_synergy_2 : 0.527394 [31mtotal : 3.287617 [31mdiag_kl_1 : 0.732401 [31mdiag_kl_2 : 0.847748 [94mAcc_combined: 63.61 [94mAcc_c: 49.62 [94mAcc_g: 35.19 [92mF1_combined: 58.24 [92mF1_c: 45.15 [92mF1_g: 28.74 [39m
2026-07-26 04:33:36,107 - Agent - INFO - [37mVal Epoch 19 step 19 with [31mce_loss_combined : 1.264211 [31mce_loss_c : 1.599530 [31mce_loss_g : 2.228806 [31mkl_synergy_rand_1 : 0.543396 [31mkl_synergy_rand_2 : 0.526690 [31mkl_synergy_1 : 0.529334 [31mkl_synergy_2 : 0.533523 [31mtotal : 3.397155 [31mdiag_kl_1 : 0.759839 [31mdiag_kl_2 : 0.971049 [94mAcc_combined: 58.68 [94mAcc_c: 47.67 [94mAcc_g: 32.80 [92mF1_combined: 52.77 [92mF1_c: 43.79 [92mF1_g: 27.09 [39m
2026-07-26 04:33:36,119 - Agent - INFO - [37mTest Epoch 19 step 19 with [31mce_loss_combined : 1.105433 [31mce_loss_c : 1.630990 [31mce_loss_g : 1.953533 [31mkl_synergy_rand_1 : 0.505794 [31mkl_synergy_rand_2 : 0.531785 [31mkl_synergy_1 : 0.506113 [31mkl_synergy_2 : 0.529514 [31mtotal : 3.178638 [31mdiag_kl_1 : 0.753264 [31mdiag_kl_2 : 0.910973 [94mAcc_combined: 66.12 [94mAcc_c: 48.85 [94mAcc_g: 39.78 [92mF1_combined: 60.56 [92mF1_c: 44.99 [92mF1_g: 33.16 [39m
2026-07-26 04:34:46,404 - Agent - INFO - [37mVal Epoch 20 step 20 with [31mce_loss_combined : 1.282826 [31mce_loss_c : 1.599026 [31mce_loss_g : 2.214609 [31mkl_synergy_rand_1 : 0.511052 [31mkl_synergy_rand_2 : 0.515704 [31mkl_synergy_1 : 0.502894 [31mkl_synergy_2 : 0.515915 [31mtotal : 3.328392 [31mdiag_kl_1 : 0.746800 [31mdiag_kl_2 : 0.929838 [94mAcc_combined: 57.66 [94mAcc_c: 47.56 [94mAcc_g: 28.83 [92mF1_combined: 51.82 [92mF1_c: 44.03 [92mF1_g: 23.93 [39m
2026-07-26 04:34:46,416 - Agent - INFO - [37mTest Epoch 20 step 20 with [31mce_loss_combined : 1.129924 [31mce_loss_c : 1.627737 [31mce_loss_g : 1.978227 [31mkl_synergy_rand_1 : 0.495141 [31mkl_synergy_rand_2 : 0.515791 [31mkl_synergy_1 : 0.482240 [31mkl_synergy_2 : 0.512102 [31mtotal : 3.135200 [31mdiag_kl_1 : 0.734823 [31mdiag_kl_2 : 0.888769 [94mAcc_combined: 64.15 [94mAcc_c: 49.62 [94mAcc_g: 35.52 [92mF1_combined: 58.86 [92mF1_c: 45.95 [92mF1_g: 29.35 [39m
2026-07-26 04:36:05,230 - Agent - INFO - [37mVal Epoch 21 step 21 with [31mce_loss_combined : 1.259820 [31mce_loss_c : 1.593125 [31mce_loss_g : 2.198128 [31mkl_synergy_rand_1 : 0.524141 [31mkl_synergy_rand_2 : 0.489418 [31mkl_synergy_1 : 0.523399 [31mkl_synergy_2 : 0.497438 [31mtotal : 3.294216 [31mdiag_kl_1 : 0.747349 [31mdiag_kl_2 : 0.928630 [94mAcc_combined: 58.12 [94mAcc_c: 46.65 [94mAcc_g: 32.12 [92mF1_combined: 52.37 [92mF1_c: 43.52 [92mF1_g: 27.03 [39m
2026-07-26 04:36:05,242 - Agent - INFO - [37mTest Epoch 21 step 21 with [31mce_loss_combined : 1.125699 [31mce_loss_c : 1.622048 [31mce_loss_g : 2.016630 [31mkl_synergy_rand_1 : 0.506598 [31mkl_synergy_rand_2 : 0.502366 [31mkl_synergy_1 : 0.496911 [31mkl_synergy_2 : 0.489601 [31mtotal : 3.121174 [31mdiag_kl_1 : 0.728620 [31mdiag_kl_2 : 0.888389 [94mAcc_combined: 64.59 [94mAcc_c: 47.32 [94mAcc_g: 37.92 [92mF1_combined: 59.53 [92mF1_c: 44.26 [92mF1_g: 31.69 [39m
2026-07-26 04:37:16,835 - Agent - INFO - [37mVal Epoch 22 step 22 with [31mce_loss_combined : 1.276378 [31mce_loss_c : 1.607227 [31mce_loss_g : 2.214196 [31mkl_synergy_rand_1 : 0.487303 [31mkl_synergy_rand_2 : 0.523568 [31mkl_synergy_1 : 0.468313 [31mkl_synergy_2 : 0.533208 [31mtotal : 3.288769 [31mdiag_kl_1 : 0.775714 [31mdiag_kl_2 : 0.894622 [94mAcc_combined: 58.91 [94mAcc_c: 46.77 [94mAcc_g: 31.44 [92mF1_combined: 51.97 [92mF1_c: 43.02 [92mF1_g: 25.03 [39m
2026-07-26 04:37:16,847 - Agent - INFO - [37mTest Epoch 22 step 22 with [31mce_loss_combined : 1.152353 [31mce_loss_c : 1.620133 [31mce_loss_g : 2.079513 [31mkl_synergy_rand_1 : 0.503699 [31mkl_synergy_rand_2 : 0.512552 [31mkl_synergy_1 : 0.499457 [31mkl_synergy_2 : 0.511054 [31mtotal : 3.179114 [31mdiag_kl_1 : 0.767270 [31mdiag_kl_2 : 0.857925 [94mAcc_combined: 63.83 [94mAcc_c: 48.63 [94mAcc_g: 34.97 [92mF1_combined: 58.39 [92mF1_c: 44.71 [92mF1_g: 28.07 [39m
2026-07-26 04:38:28,364 - Agent - INFO - [37mVal Epoch 23 step 23 with [31mce_loss_combined : 1.286632 [31mce_loss_c : 1.609354 [31mce_loss_g : 2.157351 [31mkl_synergy_rand_1 : 0.464985 [31mkl_synergy_rand_2 : 0.530096 [31mkl_synergy_1 : 0.458158 [31mkl_synergy_2 : 0.530294 [31mtotal : 3.270166 [31mdiag_kl_1 : 0.796959 [31mdiag_kl_2 : 0.937514 [94mAcc_combined: 57.43 [94mAcc_c: 46.88 [94mAcc_g: 30.76 [92mF1_combined: 51.38 [92mF1_c: 42.77 [92mF1_g: 25.61 [39m
2026-07-26 04:38:28,376 - Agent - INFO - [37mTest Epoch 23 step 23 with [31mce_loss_combined : 1.156945 [31mce_loss_c : 1.622677 [31mce_loss_g : 1.995131 [31mkl_synergy_rand_1 : 0.482997 [31mkl_synergy_rand_2 : 0.517626 [31mkl_synergy_1 : 0.461323 [31mkl_synergy_2 : 0.511946 [31mtotal : 3.130836 [31mdiag_kl_1 : 0.763934 [31mdiag_kl_2 : 0.900627 [94mAcc_combined: 63.17 [94mAcc_c: 48.42 [94mAcc_g: 34.97 [92mF1_combined: 58.18 [92mF1_c: 44.81 [92mF1_g: 28.74 [39m
2026-07-26 04:39:42,177 - Agent - INFO - [37mVal Epoch 24 step 24 with [31mce_loss_combined : 1.269691 [31mce_loss_c : 1.595198 [31mce_loss_g : 2.049792 [31mkl_synergy_rand_1 : 0.450287 [31mkl_synergy_rand_2 : 0.511902 [31mkl_synergy_1 : 0.442032 [31mkl_synergy_2 : 0.519868 [31mtotal : 3.193780 [31mdiag_kl_1 : 0.788507 [31mdiag_kl_2 : 0.945953 [94mAcc_combined: 59.14 [94mAcc_c: 46.42 [94mAcc_g: 33.26 [92mF1_combined: 53.41 [92mF1_c: 42.81 [92mF1_g: 28.46 [39m
2026-07-26 04:39:42,189 - Agent - INFO - [37mTest Epoch 24 step 24 with [31mce_loss_combined : 1.131667 [31mce_loss_c : 1.606228 [31mce_loss_g : 1.886272 [31mkl_synergy_rand_1 : 0.460996 [31mkl_synergy_rand_2 : 0.504301 [31mkl_synergy_1 : 0.442812 [31mkl_synergy_2 : 0.502239 [31mtotal : 3.042014 [31mdiag_kl_1 : 0.755050 [31mdiag_kl_2 : 0.910521 [94mAcc_combined: 64.70 [94mAcc_c: 48.42 [94mAcc_g: 38.91 [92mF1_combined: 59.90 [92mF1_c: 45.45 [92mF1_g: 32.95 [39m
2026-07-26 04:40:57,607 - Agent - INFO - [37mVal Epoch 25 step 25 with [31mce_loss_combined : 1.271764 [31mce_loss_c : 1.593493 [31mce_loss_g : 2.057670 [31mkl_synergy_rand_1 : 0.457737 [31mkl_synergy_rand_2 : 0.501289 [31mkl_synergy_1 : 0.450137 [31mkl_synergy_2 : 0.507732 [31mtotal : 3.188660 [31mdiag_kl_1 : 0.793522 [31mdiag_kl_2 : 0.937148 [94mAcc_combined: 58.57 [94mAcc_c: 45.86 [94mAcc_g: 33.48 [92mF1_combined: 53.19 [92mF1_c: 42.72 [92mF1_g: 27.91 [39m
2026-07-26 04:40:57,619 - Agent - INFO - [37mTest Epoch 25 step 25 with [31mce_loss_combined : 1.132193 [31mce_loss_c : 1.599485 [31mce_loss_g : 1.898319 [31mkl_synergy_rand_1 : 0.459133 [31mkl_synergy_rand_2 : 0.492241 [31mkl_synergy_1 : 0.444118 [31mkl_synergy_2 : 0.491304 [31mtotal : 3.018989 [31mdiag_kl_1 : 0.773789 [31mdiag_kl_2 : 0.888786 [94mAcc_combined: 64.15 [94mAcc_c: 47.32 [94mAcc_g: 38.25 [92mF1_combined: 59.59 [92mF1_c: 44.81 [92mF1_g: 31.96 [39m
2026-07-26 04:42:05,567 - Agent - INFO - [37mVal Epoch 26 step 26 with [31mce_loss_combined : 1.276257 [31mce_loss_c : 1.588175 [31mce_loss_g : 2.087182 [31mkl_synergy_rand_1 : 0.451150 [31mkl_synergy_rand_2 : 0.501535 [31mkl_synergy_1 : 0.446014 [31mkl_synergy_2 : 0.514500 [31mtotal : 3.189454 [31mdiag_kl_1 : 0.797213 [31mdiag_kl_2 : 0.909743 [94mAcc_combined: 58.23 [94mAcc_c: 46.31 [94mAcc_g: 32.69 [92mF1_combined: 52.21 [92mF1_c: 43.26 [92mF1_g: 27.05 [39m
2026-07-26 04:42:05,579 - Agent - INFO - [37mTest Epoch 26 step 26 with [31mce_loss_combined : 1.145446 [31mce_loss_c : 1.596766 [31mce_loss_g : 1.936855 [31mkl_synergy_rand_1 : 0.446849 [31mkl_synergy_rand_2 : 0.494065 [31mkl_synergy_1 : 0.439986 [31mkl_synergy_2 : 0.498903 [31mtotal : 3.025248 [31mdiag_kl_1 : 0.777407 [31mdiag_kl_2 : 0.866235 [94mAcc_combined: 63.93 [94mAcc_c: 47.87 [94mAcc_g: 38.03 [92mF1_combined: 59.16 [92mF1_c: 44.72 [92mF1_g: 31.34 [39m
2026-07-26 04:43:14,934 - Agent - INFO - [37mVal Epoch 27 step 27 with [31mce_loss_combined : 1.273169 [31mce_loss_c : 1.594200 [31mce_loss_g : 2.092546 [31mkl_synergy_rand_1 : 0.452902 [31mkl_synergy_rand_2 : 0.499059 [31mkl_synergy_1 : 0.451368 [31mkl_synergy_2 : 0.510900 [31mtotal : 3.187398 [31mdiag_kl_1 : 0.801046 [31mdiag_kl_2 : 0.906659 [94mAcc_combined: 58.34 [94mAcc_c: 46.20 [94mAcc_g: 33.26 [92mF1_combined: 52.12 [92mF1_c: 43.19 [92mF1_g: 27.34 [39m
2026-07-26 04:43:14,946 - Agent - INFO - [37mTest Epoch 27 step 27 with [31mce_loss_combined : 1.145713 [31mce_loss_c : 1.598237 [31mce_loss_g : 1.950686 [31mkl_synergy_rand_1 : 0.457837 [31mkl_synergy_rand_2 : 0.493408 [31mkl_synergy_1 : 0.449768 [31mkl_synergy_2 : 0.491037 [31mtotal : 3.037763 [31mdiag_kl_1 : 0.776986 [31mdiag_kl_2 : 0.853769 [94mAcc_combined: 64.70 [94mAcc_c: 48.31 [94mAcc_g: 38.91 [92mF1_combined: 59.78 [92mF1_c: 45.84 [92mF1_g: 32.28 [39m
2026-07-26 04:44:33,144 - Agent - INFO - [37mVal Epoch 28 step 28 with [31mce_loss_combined : 1.275910 [31mce_loss_c : 1.599308 [31mce_loss_g : 2.073210 [31mkl_synergy_rand_1 : 0.450286 [31mkl_synergy_rand_2 : 0.501383 [31mkl_synergy_1 : 0.442213 [31mkl_synergy_2 : 0.507774 [31mtotal : 3.177566 [31mdiag_kl_1 : 0.813366 [31mdiag_kl_2 : 0.918161 [94mAcc_combined: 58.46 [94mAcc_c: 45.86 [94mAcc_g: 34.85 [92mF1_combined: 52.65 [92mF1_c: 42.60 [92mF1_g: 28.82 [39m
2026-07-26 04:44:33,174 - Agent - INFO - [37mTest Epoch 28 step 28 with [31mce_loss_combined : 1.141220 [31mce_loss_c : 1.595156 [31mce_loss_g : 1.923537 [31mkl_synergy_rand_1 : 0.448418 [31mkl_synergy_rand_2 : 0.487989 [31mkl_synergy_1 : 0.437619 [31mkl_synergy_2 : 0.492455 [31mtotal : 3.007700 [31mdiag_kl_1 : 0.794686 [31mdiag_kl_2 : 0.876650 [94mAcc_combined: 63.93 [94mAcc_c: 48.20 [94mAcc_g: 38.80 [92mF1_combined: 59.24 [92mF1_c: 45.49 [92mF1_g: 32.04 [39m
2026-07-26 04:45:42,890 - Agent - INFO - [37mVal Epoch 29 step 29 with [31mce_loss_combined : 1.278954 [31mce_loss_c : 1.608361 [31mce_loss_g : 2.075894 [31mkl_synergy_rand_1 : 0.445455 [31mkl_synergy_rand_2 : 0.495752 [31mkl_synergy_1 : 0.441682 [31mkl_synergy_2 : 0.510081 [31mtotal : 3.171924 [31mdiag_kl_1 : 0.813139 [31mdiag_kl_2 : 0.893709 [94mAcc_combined: 57.89 [94mAcc_c: 45.18 [94mAcc_g: 34.62 [92mF1_combined: 51.54 [92mF1_c: 41.64 [92mF1_g: 28.47 [39m
2026-07-26 04:45:42,902 - Agent - INFO - [37mTest Epoch 29 step 29 with [31mce_loss_combined : 1.144372 [31mce_loss_c : 1.600442 [31mce_loss_g : 1.931146 [31mkl_synergy_rand_1 : 0.453359 [31mkl_synergy_rand_2 : 0.491082 [31mkl_synergy_1 : 0.441007 [31mkl_synergy_2 : 0.494097 [31mtotal : 3.023916 [31mdiag_kl_1 : 0.788925 [31mdiag_kl_2 : 0.852217 [94mAcc_combined: 64.15 [94mAcc_c: 48.52 [94mAcc_g: 38.36 [92mF1_combined: 59.03 [92mF1_c: 45.60 [92mF1_g: 31.59 [39m
2026-07-26 04:46:53,961 - Agent - INFO - [37mVal Epoch 30 step 30 with [31mce_loss_combined : 1.272670 [31mce_loss_c : 1.599018 [31mce_loss_g : 2.053804 [31mkl_synergy_rand_1 : 0.447196 [31mkl_synergy_rand_2 : 0.503824 [31mkl_synergy_1 : 0.432915 [31mkl_synergy_2 : 0.505604 [31mtotal : 3.162208 [31mdiag_kl_1 : 0.812170 [31mdiag_kl_2 : 0.883646 [94mAcc_combined: 58.57 [94mAcc_c: 46.08 [94mAcc_g: 34.73 [92mF1_combined: 52.37 [92mF1_c: 42.54 [92mF1_g: 28.53 [39m
2026-07-26 04:46:53,973 - Agent - INFO - [37mTest Epoch 30 step 30 with [31mce_loss_combined : 1.143080 [31mce_loss_c : 1.595574 [31mce_loss_g : 1.915062 [31mkl_synergy_rand_1 : 0.448531 [31mkl_synergy_rand_2 : 0.487845 [31mkl_synergy_1 : 0.441798 [31mkl_synergy_2 : 0.492441 [31mtotal : 3.013695 [31mdiag_kl_1 : 0.784010 [31mdiag_kl_2 : 0.843603 [94mAcc_combined: 64.59 [94mAcc_c: 48.20 [94mAcc_g: 38.91 [92mF1_combined: 59.41 [92mF1_c: 45.22 [92mF1_g: 32.10 [39m
2026-07-26 04:48:10,182 - Agent - INFO - [37mVal Epoch 31 step 31 with [31mce_loss_combined : 1.269089 [31mce_loss_c : 1.592839 [31mce_loss_g : 2.065846 [31mkl_synergy_rand_1 : 0.454684 [31mkl_synergy_rand_2 : 0.493164 [31mkl_synergy_1 : 0.444869 [31mkl_synergy_2 : 0.496293 [31mtotal : 3.158100 [31mdiag_kl_1 : 0.799469 [31mdiag_kl_2 : 0.909838 [94mAcc_combined: 59.14 [94mAcc_c: 45.74 [94mAcc_g: 34.73 [92mF1_combined: 53.14 [92mF1_c: 42.76 [92mF1_g: 28.58 [39m
2026-07-26 04:48:10,195 - Agent - INFO - [37mTest Epoch 31 step 31 with [31mce_loss_combined : 1.137040 [31mce_loss_c : 1.593000 [31mce_loss_g : 1.917345 [31mkl_synergy_rand_1 : 0.457705 [31mkl_synergy_rand_2 : 0.480089 [31mkl_synergy_1 : 0.451029 [31mkl_synergy_2 : 0.487899 [31mtotal : 3.013763 [31mdiag_kl_1 : 0.782084 [31mdiag_kl_2 : 0.866886 [94mAcc_combined: 64.59 [94mAcc_c: 47.87 [94mAcc_g: 38.14 [92mF1_combined: 59.82 [92mF1_c: 45.27 [92mF1_g: 31.42 [39m
2026-07-26 04:49:21,434 - Agent - INFO - [37mVal Epoch 32 step 32 with [31mce_loss_combined : 1.277924 [31mce_loss_c : 1.601778 [31mce_loss_g : 2.051253 [31mkl_synergy_rand_1 : 0.446899 [31mkl_synergy_rand_2 : 0.500499 [31mkl_synergy_1 : 0.437339 [31mkl_synergy_2 : 0.508219 [31mtotal : 3.170880 [31mdiag_kl_1 : 0.809093 [31mdiag_kl_2 : 0.907176 [94mAcc_combined: 58.34 [94mAcc_c: 45.63 [94mAcc_g: 34.62 [92mF1_combined: 52.14 [92mF1_c: 42.19 [92mF1_g: 28.76 [39m
2026-07-26 04:49:21,446 - Agent - INFO - [37mTest Epoch 32 step 32 with [31mce_loss_combined : 1.135308 [31mce_loss_c : 1.598261 [31mce_loss_g : 1.870901 [31mkl_synergy_rand_1 : 0.439692 [31mkl_synergy_rand_2 : 0.489733 [31mkl_synergy_1 : 0.432653 [31mkl_synergy_2 : 0.491432 [31mtotal : 2.988818 [31mdiag_kl_1 : 0.785750 [31mdiag_kl_2 : 0.861788 [94mAcc_combined: 64.04 [94mAcc_c: 47.98 [94mAcc_g: 39.45 [92mF1_combined: 59.09 [92mF1_c: 45.22 [92mF1_g: 33.02 [39m
2026-07-26 04:50:34,267 - Agent - INFO - [37mVal Epoch 33 step 33 with [31mce_loss_combined : 1.280362 [31mce_loss_c : 1.607602 [31mce_loss_g : 2.034918 [31mkl_synergy_rand_1 : 0.438495 [31mkl_synergy_rand_2 : 0.521779 [31mkl_synergy_1 : 0.432843 [31mkl_synergy_2 : 0.533015 [31mtotal : 3.206495 [31mdiag_kl_1 : 0.822571 [31mdiag_kl_2 : 0.928205 [94mAcc_combined: 58.46 [94mAcc_c: 45.52 [94mAcc_g: 34.73 [92mF1_combined: 52.28 [92mF1_c: 41.68 [92mF1_g: 28.86 [39m
2026-07-26 04:50:34,279 - Agent - INFO - [37mTest Epoch 33 step 33 with [31mce_loss_combined : 1.148428 [31mce_loss_c : 1.601362 [31mce_loss_g : 1.885063 [31mkl_synergy_rand_1 : 0.439717 [31mkl_synergy_rand_2 : 0.515137 [31mkl_synergy_1 : 0.431859 [31mkl_synergy_2 : 0.516692 [31mtotal : 3.051833 [31mdiag_kl_1 : 0.801579 [31mdiag_kl_2 : 0.895604 [94mAcc_combined: 63.93 [94mAcc_c: 46.99 [94mAcc_g: 39.02 [92mF1_combined: 59.11 [92mF1_c: 43.37 [92mF1_g: 32.19 [39m
2026-07-26 04:51:43,854 - Agent - INFO - [37mVal Epoch 34 step 34 with [31mce_loss_combined : 1.290234 [31mce_loss_c : 1.615034 [31mce_loss_g : 2.058841 [31mkl_synergy_rand_1 : 0.420483 [31mkl_synergy_rand_2 : 0.499939 [31mkl_synergy_1 : 0.419426 [31mkl_synergy_2 : 0.517357 [31mtotal : 3.147440 [31mdiag_kl_1 : 0.811509 [31mdiag_kl_2 : 0.886348 [94mAcc_combined: 57.78 [94mAcc_c: 45.18 [94mAcc_g: 33.60 [92mF1_combined: 51.48 [92mF1_c: 41.06 [92mF1_g: 27.98 [39m
2026-07-26 04:51:43,866 - Agent - INFO - [37mTest Epoch 34 step 34 with [31mce_loss_combined : 1.153617 [31mce_loss_c : 1.593756 [31mce_loss_g : 1.891291 [31mkl_synergy_rand_1 : 0.433439 [31mkl_synergy_rand_2 : 0.483480 [31mkl_synergy_1 : 0.425756 [31mkl_synergy_2 : 0.490634 [31mtotal : 2.986926 [31mdiag_kl_1 : 0.780857 [31mdiag_kl_2 : 0.837675 [94mAcc_combined: 64.92 [94mAcc_c: 47.98 [94mAcc_g: 40.55 [92mF1_combined: 58.54 [92mF1_c: 44.37 [92mF1_g: 33.63 [39m
2026-07-26 04:51:53,255 - Agent - INFO - We are in the final state.
2026-07-26 04:51:53,621 - root - INFO - Loaded best model from best_model_accuracy_state_dict
2026-07-26 04:52:05,293 - Agent - INFO - [37mVal Epoch 34 step 0 with [31mce_loss_combined : 1.195850 [31mce_loss_c : 1.873229 [31mce_loss_g : 2.455010 [31mkl_synergy_rand_1 : 0.695828 [31mkl_synergy_rand_2 : 0.794379 [31mkl_synergy_1 : 0.694435 [31mkl_synergy_2 : 0.773280 [31mtotal : 4.153771 [31mdiag_kl_1 : 0.750084 [31mdiag_kl_2 : 0.996230 [94mAcc_combined: 61.86 [94mAcc_c: 49.38 [94mAcc_g: 36.78 [92mF1_combined: 56.59 [92mF1_c: 44.28 [92mF1_g: 35.93 [39m
2026-07-26 04:52:19,380 - Agent - INFO - [37mTest Epoch 34 step 0 with [31mce_loss_combined : 1.090392 [31mce_loss_c : 1.970704 [31mce_loss_g : 1.890314 [31mkl_synergy_rand_1 : 0.623625 [31mkl_synergy_rand_2 : 0.750018 [31mkl_synergy_1 : 0.616485 [31mkl_synergy_2 : 0.740372 [31mtotal : 3.820891 [31mdiag_kl_1 : 0.720715 [31mdiag_kl_2 : 0.907663 [94mAcc_combined: 66.99 [94mAcc_c: 51.04 [94mAcc_g: 43.83 [92mF1_combined: 61.12 [92mF1_c: 44.72 [92mF1_g: 41.45 [39m
2026-07-26 04:52:21,564 - Agent - INFO - [37mModel saved successfully at: ./data/data/2025_data/synergy/CremadPlus/v2/SynIB_RMask_U_REFABL_cremad_fold1_l1.0_ir0.5_perturbrandom_fillema_pmin0.20_refanchor_legacy.pth.tar[39m
Job finished
