Starting SynIB reference-ablation job
Python 3.12.12
/esat/smcdata/users/kkontras/Image_Dataset/no_backup/git/SynIB  (git 938a5a0)
GPU 0: NVIDIA A100-SXM4-80GB (UUID: GPU-54c371e8-0248-653b-6bb3-a267a149ca71)
Executing: PYTHONPATH=src /esat/smcdata/users/kkontras/Image_Dataset/no_backup/envs/synergy/bin/python -m synib.entrypoints.train --config run/configs/rebuttal_ref_ablation/cremad_synib_u.json --default_config run/configs/rebuttal_ref_ablation/cremad_default.json --fold 0 --ironic_rate 0.5 --rmask random --l 2.0 --perturb_pmin 0.20 --perturb_fill ema --reference_type unimodal_anchor --ref_diag --start_over --tag REFABL_cremad_lam2x
Namespace(config='run/configs/rebuttal_ref_ablation/cremad_synib_u.json', default_config='run/configs/rebuttal_ref_ablation/cremad_default.json', fold='0', alpha=None, tanh_mode_beta=None, regby=None, batch_size=None, l='2.0', multil=None, lib=None, kmepoch=None, num_samples=None, contrcoeff=None, contr_type=None, shuffle_type=None, validate_with=None, num_classes=None, optim_method=None, ending_epoch=None, load_ongoing=None, recon_weight1=None, recon_weight2=None, recon_epochstages=None, recon_ensemblestages=None, lr=None, wd=None, cls=None, ironic_rate='0.5', perturb='random', perturb_fill='ema', perturb_pmax=None, perturb_pmin='0.20', perturb_lsparse=None, rmask='random', pmin=None, pmax=None, lsparse=None, debug_mask_stats=False, pre=False, frozen=False, tdqm_disable=False, start_over=True, no_model_save=False, num_layers=None, grad_accum=None, init_from=None, init_strict=False, perturb_lsparse_sign=None, l_anneal_epochs=None, perturb_steps=None, perturb_lsparse_warmup=None, perturb_lsparse_schedule=None, persist_ell=False, save_masks=False, penalty_swap=False, disable_ce_random=False, disable_kl_learned=False, masking_only=False, modality_dropout=None, modality_dropout_target=None, l_z1_masked=None, l_z2_masked=None, l_pareto=None, reference_type='unimodal_anchor', ref_diag=True, ref_ema_decay=None, tag='REFABL_cremad_lam2x')
2026-07-26 04:52:37,292 - Config - INFO - run/configs/rebuttal_ref_ablation/cremad_synib_u.json
2026-07-26 04:52:37,294 - Config - INFO -  THE Configuration of your experiment ..
{'agent': 'Agent',
 'dataset': {'data_roots': './data/CremaD/CREMA-D',
             'data_split': {'fold': 0, 'method': 'non_inclusive'},
             'dataloader_class': 'IronyCremadDataloader',
             'fps': 1,
             'ironic_label_name': 'SARCASM',
             'ironic_modes': ['train', 'val', 'test'],
             'ironic_rate': 1.0,
             'norm': False,
             'norm_face_path': './src/synib/mydatasets/Irony_Cremad/assets/norms/norm_face_path_fold{}.pkl',
             'norm_wav_path': './src/synib/mydatasets/Irony_Cremad/assets/norms/wav_norm_22050_fold{}.pkl',
             'num_frame': 3,
             'return_data': {'audio': False,
                             'face': False,
                             'spectrogram': True,
                             'video': True},
             'sampling_rate': 22050},
 'early_stopping': {'end_of_epoch_check': True,
                    'log_interval': 10,
                    'max_epoch': 1500,
                    'n_steps_stop': 30,
                    'n_steps_stop_after': 0,
                    'save_every_step': 3000,
                    'save_every_valstep': 10,
                    'validate_after': 0,
                    'validate_every': 25,
                    'validate_with': 'accuracy'},
 'exp_name': 'CREMAD Experiment',
 'model': {'args': {'bias_infusion': {'contrcoeff': 0.0, 'l': 1.0},
                    'cls_type': 'mlp',
                    'd_model': 512,
                    'dropout': 0.1,
                    'fc_inner': 64,
                    'in_dim': 64,
                    'multi_loss': {'multi_supervised_w': {'c': 1,
                                                          'combined': 1,
                                                          'g': 1}},
                    'norm_decision': False,
                    'num_classes': 7,
                    'synergy_type': 'unimodal_anchor'},
           'ceu': {'test': './artifacts/ceus/cremad/cremadplus_ceu_test_res_{}.pkl',
                   'val': './artifacts/ceus/cremad/cremadplus_ceu_val_res_{}.pkl'},
           'encoders': [{'args': {'d_model': 512,
                                  'dropout': 0.1,
                                  'fc_inner': 64,
                                  'freeze_encoder': False,
                                  'num_classes': 7},
                         'model': 'Audio_ResNet',
                         'name': 'enc_0_modality1_encoder',
                         'pretrainedEncoder': {'dir': 'unimodal_audio_fold{}_ir1.0_lr0.001_wd0.0001_clsmlp_bs64.pth.tar',
                                               'use': True},
                         'save_encoder': False},
                        {'args': {'d_model': 512,
                                  'dropout': 0.1,
                                  'fc_inner': 64,
                                  'freeze_encoder': False,
                                  'num_classes': 7},
                         'model': 'Video_ResNet',
                         'name': 'enc_1_modality2_encoder',
                         'pretrainedEncoder': {'dir': 'unimodal_video_fold{}_ir1.0_lr0.0001_wd0.0001_clsmlp_bs64.pth.tar',
                                               'use': True},
                         'save_encoder': False},
                        {'args': {'d_model': 512,
                                  'dropout': 0.1,
                                  'fc_inner': 64,
                                  'freeze_encoder': False},
                         'model': 'FusionTrunkLinear',
                         'name': 'enc_2_fusion_trunk',
                         'pretrainedEncoder': {'dir': 'enc_2_fusion_trunk_fold{}.pth.tar',
                                               'use': False},
                         'save_encoder': False},
                        {'args': {'freeze_encoder': False,
                                  'in_dim': 64,
                                  'num_classes': 7},
                         'model': 'LinearHead',
                         'name': 'enc_3_fusion_head',
                         'pretrainedEncoder': {'dir': 'enc_3_fusion_head_fold{}.pth.tar',
                                               'use': False},
                         'save_encoder': False},
                        {'args': {'dropout': 0.1,
                                  'freeze_encoder': False,
                                  'hidden_dim': 64,
                                  'in_dim': 512,
                                  'num_classes': 7},
                         'model': 'MLPHead',
                         'name': 'enc_4_unimodal_head_1',
                         'pretrainedEncoder': {'dir': 'enc_4_unimodal1_fold{}.pth.tar',
                                               'use': False},
                         'save_encoder': False},
                        {'args': {'dropout': 0.1,
                                  'freeze_encoder': False,
                                  'hidden_dim': 64,
                                  'in_dim': 512,
                                  'num_classes': 7},
                         'model': 'MLPHead',
                         'name': 'enc_5_unimodal_head_2',
                         'pretrainedEncoder': {'dir': 'enc_5_unimodal2_fold{}.pth.tar',
                                               'use': False},
                         'save_encoder': False}],
           'load_ongoing': False,
           'model_class': 'FusionIBModel_Mask_U',
           'save_base_dir': './data/data/2025_data/synergy/CremadPlus/v2',
           'save_dir': 'SynIB_RMask_U_{}.pth.tar'},
 'optimizer': {'beta1': 0.9,
               'beta2': 0.999,
               'learning_rate': 1e-05,
               'momentum': 0.9,
               'type': 'Adam',
               'weight_decay': 1e-05},
 'scheduler': {'max_lr': 0.03, 'type': 'cosanneal', 'warm_up_steps': 780},
 'training_params': {'async_loading': True,
                     'batch_size': 128,
                     'cuda': True,
                     'data_loader_workers': 8,
                     'gpu_device': [0],
                     'pin_memory': False,
                     'rec_test': True,
                     'res': True,
                     'seed': 109,
                     'tdqm_disable': False,
                     'test_batch_size': 128,
                     'test_on_bottoms': True,
                     'use_test_set': True,
                     'validation': True,
                     'verbose': True,
                     'wandb_disable': False}}
2026-07-26 04:52:37,297 - Config - INFO -  *************************************** 
2026-07-26 04:52:37,297 - Config - INFO - The experiment name is CREMAD Experiment
2026-07-26 04:52:37,297 - Config - INFO -  *************************************** 
2026-07-26 04:52:37,297 - root - INFO - save_dir: SynIB_RMask_U_REFABL_cremad_lam2x_fold0_l2.0_ir0.5_perturbrandom_fillema_pmin0.20_refunimodal_anchor.pth.tar
2026-07-26 04:52:37,667 - Cuda Statistics - INFO - __Python VERSION:  3.12.12 | packaged by Anaconda, Inc. | (main, Oct 21 2025, 20:16:04) [GCC 11.2.0]
2026-07-26 04:52:37,667 - Cuda Statistics - INFO - __pyTorch VERSION:  2.7.1+cu118
2026-07-26 04:52:37,667 - Cuda Statistics - INFO - __CUDA VERSION
2026-07-26 04:52:37,668 - Cuda Statistics - INFO - __CUDNN VERSION:  90100
2026-07-26 04:52:37,696 - Cuda Statistics - INFO - __Number CUDA Devices:  1
2026-07-26 04:52:37,696 - Cuda Statistics - INFO - __Devices
2026-07-26 04:52:37,696 - Cuda Statistics - INFO - index, name, driver_version, memory.total [MiB], memory.used [MiB], memory.free [MiB]
2026-07-26 04:52:37,696 - Cuda Statistics - INFO - 0, NVIDIA A100-SXM4-80GB, 595.71.05, 81920 MiB, 4 MiB, 81150 MiB
2026-07-26 04:52:37,699 - Cuda Statistics - INFO - Active CUDA Device: GPU 0
2026-07-26 04:52:37,699 - Cuda Statistics - INFO - Available devices  1
2026-07-26 04:52:37,699 - Cuda Statistics - INFO - Current cuda device  0
2026-07-26 04:52:38,346 - IronyCremadDataset - INFO - Loaded wav norm from ./src/synib/mydatasets/Irony_Cremad/assets/norms/wav_norm_22050_fold0.pkl
2026-07-26 04:52:38,443 - IronyCremadDataset - INFO - Loaded wav norm from ./src/synib/mydatasets/Irony_Cremad/assets/norms/wav_norm_22050_fold0.pkl
2026-07-26 04:52:38,678 - IronyCremadDataset - INFO - Loaded wav norm from ./src/synib/mydatasets/Irony_Cremad/assets/norms/wav_norm_22050_fold0.pkl
2026-07-26 04:52:38,683 - Agent - INFO - Device: cuda:0
2026-07-26 04:52:38,683 - Agent - INFO - Total training batches: 32, validate every 25 batches, steps per epoch: 2
2026-07-26 04:52:38,742 - Agent - INFO - Loss Weights are {'total': 1, 'combined': 1, 'c': 1, 'g': 1}
2026-07-26 04:52:38,742 - root - INFO - There is no CEU for train
2026-07-26 04:52:38,743 - root - INFO - There is no CEU for val
2026-07-26 04:52:38,743 - root - INFO - There is no CEU for test
{'d_model': 512, 'num_classes': 7, 'fc_inner': 64, 'dropout': 0.1, 'freeze_encoder': False}
2026-07-26 04:52:39,104 - root - INFO - Loading enc best model state dict from ./data/data/2025_data/synergy/CremadPlus/v2/unimodal_audio_fold0_ir0.5_lr0.001_wd0.0001_clsmlp_bs64.pth.tar
2026-07-26 04:52:39,461 - root - INFO - Loading enc best model state dict from ./data/data/2025_data/synergy/CremadPlus/v2/unimodal_video_fold0_ir0.5_lr0.0001_wd0.0001_clsmlp_bs64.pth.tar
2026-07-26 04:52:39,773 - Agent - INFO - Total number of trainable parameters are: 67194431
2026-07-26 04:52:39,783 - Agent - INFO - Total number of trainable parameters are: 22486563
2026-07-26 04:54:09,727 - Evaluator - INFO - New best with loss-accuracy-
2026-07-26 04:54:09,727 - Agent - INFO - [37mVal Epoch 1 step 1 with [31mce_loss_combined : 1.768909 [31mce_loss_c : 1.972406 [31mce_loss_g : 2.626469 [31mkl_synergy_rand_1 : 2.655070 [31mkl_synergy_rand_2 : 2.362631 [31mkl_synergy_1 : 2.651119 [31mkl_synergy_2 : 2.352841 [31mtotal : 11.790571 [31mdiag_kl_1 : 1.328133 [31mdiag_kl_2 : 1.184886 [94mAcc_combined: 45.33 [94mAcc_c: 56.61 [94mAcc_g: 44.19 [92mF1_combined: 37.20 [92mF1_c: 52.59 [92mF1_g: 37.54 [39m
2026-07-26 04:54:09,743 - Agent - INFO - [37mTest Epoch 1 step 1 with [31mce_loss_combined : 1.794543 [31mce_loss_c : 2.572320 [31mce_loss_g : 2.544141 [31mkl_synergy_rand_1 : 2.695510 [31mkl_synergy_rand_2 : 2.271284 [31mkl_synergy_1 : 2.677242 [31mkl_synergy_2 : 2.281085 [31mtotal : 11.719664 [31mdiag_kl_1 : 1.345994 [31mdiag_kl_2 : 1.143585 [94mAcc_combined: 47.27 [94mAcc_c: 48.39 [94mAcc_g: 49.05 [92mF1_combined: 38.51 [92mF1_c: 43.83 [92mF1_g: 40.27 [39m
2026-07-26 04:54:10,510 - Agent - INFO - [37mModel saved successfully at: ./data/data/2025_data/synergy/CremadPlus/v2/SynIB_RMask_U_REFABL_cremad_lam2x_fold0_l2.0_ir0.5_perturbrandom_fillema_pmin0.20_refunimodal_anchor.pth.tar[39m
2026-07-26 04:55:48,381 - Evaluator - INFO - New best with loss-accuracy-
2026-07-26 04:55:48,382 - Agent - INFO - [37mVal Epoch 2 step 2 with [31mce_loss_combined : 1.572384 [31mce_loss_c : 1.980047 [31mce_loss_g : 2.490515 [31mkl_synergy_rand_1 : 2.326451 [31mkl_synergy_rand_2 : 1.990430 [31mkl_synergy_1 : 2.334755 [31mkl_synergy_2 : 1.974660 [31mtotal : 10.198679 [31mdiag_kl_1 : 1.162802 [31mdiag_kl_2 : 1.015808 [94mAcc_combined: 57.29 [94mAcc_c: 56.04 [94mAcc_g: 42.48 [92mF1_combined: 47.86 [92mF1_c: 52.35 [92mF1_g: 36.12 [39m
2026-07-26 04:55:48,436 - Agent - INFO - [37mTest Epoch 2 step 2 with [31mce_loss_combined : 1.608687 [31mce_loss_c : 2.590316 [31mce_loss_g : 2.331363 [31mkl_synergy_rand_1 : 2.343993 [31mkl_synergy_rand_2 : 1.886126 [31mkl_synergy_1 : 2.344895 [31mkl_synergy_2 : 1.880144 [31mtotal : 10.063844 [31mdiag_kl_1 : 1.168431 [31mdiag_kl_2 : 0.966259 [94mAcc_combined: 57.84 [94mAcc_c: 48.28 [94mAcc_g: 47.94 [92mF1_combined: 48.59 [92mF1_c: 44.18 [92mF1_g: 39.92 [39m
2026-07-26 04:55:50,296 - Agent - INFO - [37mModel saved successfully at: ./data/data/2025_data/synergy/CremadPlus/v2/SynIB_RMask_U_REFABL_cremad_lam2x_fold0_l2.0_ir0.5_perturbrandom_fillema_pmin0.20_refunimodal_anchor.pth.tar[39m
2026-07-26 04:57:24,498 - Evaluator - INFO - New best with loss-accuracy-
2026-07-26 04:57:24,498 - Agent - INFO - [37mVal Epoch 3 step 3 with [31mce_loss_combined : 1.407785 [31mce_loss_c : 1.956733 [31mce_loss_g : 2.525655 [31mkl_synergy_rand_1 : 2.048053 [31mkl_synergy_rand_2 : 1.627877 [31mkl_synergy_1 : 2.074051 [31mkl_synergy_2 : 1.627578 [31mtotal : 8.785342 [31mdiag_kl_1 : 1.022550 [31mdiag_kl_2 : 0.867393 [94mAcc_combined: 60.93 [94mAcc_c: 56.04 [94mAcc_g: 40.89 [92mF1_combined: 51.96 [92mF1_c: 52.39 [92mF1_g: 34.54 [39m
2026-07-26 04:57:24,537 - Agent - INFO - [37mTest Epoch 3 step 3 with [31mce_loss_combined : 1.465442 [31mce_loss_c : 2.572041 [31mce_loss_g : 2.378057 [31mkl_synergy_rand_1 : 2.087254 [31mkl_synergy_rand_2 : 1.537204 [31mkl_synergy_1 : 2.114809 [31mkl_synergy_2 : 1.544377 [31mtotal : 8.749085 [31mdiag_kl_1 : 1.036636 [31mdiag_kl_2 : 0.809491 [94mAcc_combined: 58.95 [94mAcc_c: 48.16 [94mAcc_g: 47.61 [92mF1_combined: 50.19 [92mF1_c: 44.06 [92mF1_g: 39.14 [39m
2026-07-26 04:57:26,310 - Agent - INFO - [37mModel saved successfully at: ./data/data/2025_data/synergy/CremadPlus/v2/SynIB_RMask_U_REFABL_cremad_lam2x_fold0_l2.0_ir0.5_perturbrandom_fillema_pmin0.20_refunimodal_anchor.pth.tar[39m
2026-07-26 04:58:55,311 - Evaluator - INFO - New best with loss-accuracy-
2026-07-26 04:58:55,312 - Agent - INFO - [37mVal Epoch 4 step 4 with [31mce_loss_combined : 1.281430 [31mce_loss_c : 1.956897 [31mce_loss_g : 2.456047 [31mkl_synergy_rand_1 : 1.883466 [31mkl_synergy_rand_2 : 1.339614 [31mkl_synergy_1 : 1.868745 [31mkl_synergy_2 : 1.358877 [31mtotal : 7.732132 [31mdiag_kl_1 : 0.946003 [31mdiag_kl_2 : 0.737730 [94mAcc_combined: 61.85 [94mAcc_c: 55.13 [94mAcc_g: 38.61 [92mF1_combined: 53.24 [92mF1_c: 51.36 [92mF1_g: 33.23 [39m
2026-07-26 04:58:55,364 - Agent - INFO - [37mTest Epoch 4 step 4 with [31mce_loss_combined : 1.380597 [31mce_loss_c : 2.596123 [31mce_loss_g : 2.307635 [31mkl_synergy_rand_1 : 1.880543 [31mkl_synergy_rand_2 : 1.265121 [31mkl_synergy_1 : 1.853314 [31mkl_synergy_2 : 1.290844 [31mtotal : 7.670418 [31mdiag_kl_1 : 0.935226 [31mdiag_kl_2 : 0.672462 [94mAcc_combined: 59.18 [94mAcc_c: 47.94 [94mAcc_g: 48.39 [92mF1_combined: 50.79 [92mF1_c: 43.91 [92mF1_g: 40.32 [39m
2026-07-26 04:58:57,081 - Agent - INFO - [37mModel saved successfully at: ./data/data/2025_data/synergy/CremadPlus/v2/SynIB_RMask_U_REFABL_cremad_lam2x_fold0_l2.0_ir0.5_perturbrandom_fillema_pmin0.20_refunimodal_anchor.pth.tar[39m
2026-07-26 05:00:30,488 - Evaluator - INFO - New best with loss-
2026-07-26 05:00:30,489 - Agent - INFO - [37mVal Epoch 5 step 5 with [31mce_loss_combined : 1.206517 [31mce_loss_c : 1.977956 [31mce_loss_g : 2.424442 [31mkl_synergy_rand_1 : 1.721949 [31mkl_synergy_rand_2 : 1.154336 [31mkl_synergy_1 : 1.727165 [31mkl_synergy_2 : 1.170472 [31mtotal : 6.980440 [31mdiag_kl_1 : 0.868478 [31mdiag_kl_2 : 0.667865 [94mAcc_combined: 61.62 [94mAcc_c: 53.99 [94mAcc_g: 35.08 [92mF1_combined: 53.24 [92mF1_c: 50.48 [92mF1_g: 30.63 [39m
2026-07-26 05:00:30,535 - Agent - INFO - [37mTest Epoch 5 step 5 with [31mce_loss_combined : 1.318914 [31mce_loss_c : 2.596531 [31mce_loss_g : 2.136145 [31mkl_synergy_rand_1 : 1.653147 [31mkl_synergy_rand_2 : 1.060395 [31mkl_synergy_1 : 1.666695 [31mkl_synergy_2 : 1.097589 [31mtotal : 6.796739 [31mdiag_kl_1 : 0.818829 [31mdiag_kl_2 : 0.593665 [94mAcc_combined: 59.29 [94mAcc_c: 47.72 [94mAcc_g: 45.27 [92mF1_combined: 51.16 [92mF1_c: 43.92 [92mF1_g: 39.07 [39m
2026-07-26 05:00:32,558 - Agent - INFO - [37mModel saved successfully at: ./data/data/2025_data/synergy/CremadPlus/v2/SynIB_RMask_U_REFABL_cremad_lam2x_fold0_l2.0_ir0.5_perturbrandom_fillema_pmin0.20_refunimodal_anchor.pth.tar[39m
2026-07-26 05:02:09,729 - Evaluator - INFO - New best with loss-
2026-07-26 05:02:09,730 - Agent - INFO - [37mVal Epoch 6 step 6 with [31mce_loss_combined : 1.156367 [31mce_loss_c : 1.947527 [31mce_loss_g : 2.353793 [31mkl_synergy_rand_1 : 1.647939 [31mkl_synergy_rand_2 : 0.996874 [31mkl_synergy_1 : 1.633238 [31mkl_synergy_2 : 1.024333 [31mtotal : 6.458752 [31mdiag_kl_1 : 0.837814 [31mdiag_kl_2 : 0.617924 [94mAcc_combined: 61.50 [94mAcc_c: 53.76 [94mAcc_g: 32.12 [92mF1_combined: 53.40 [92mF1_c: 50.28 [92mF1_g: 28.17 [39m
2026-07-26 05:02:09,746 - Agent - INFO - [37mTest Epoch 6 step 6 with [31mce_loss_combined : 1.295449 [31mce_loss_c : 2.544049 [31mce_loss_g : 2.098105 [31mkl_synergy_rand_1 : 1.620990 [31mkl_synergy_rand_2 : 0.907203 [31mkl_synergy_1 : 1.613002 [31mkl_synergy_2 : 0.920001 [31mtotal : 6.356644 [31mdiag_kl_1 : 0.800906 [31mdiag_kl_2 : 0.536758 [94mAcc_combined: 58.62 [94mAcc_c: 48.16 [94mAcc_g: 42.49 [92mF1_combined: 50.57 [92mF1_c: 44.54 [92mF1_g: 37.14 [39m
2026-07-26 05:02:12,093 - Agent - INFO - [37mModel saved successfully at: ./data/data/2025_data/synergy/CremadPlus/v2/SynIB_RMask_U_REFABL_cremad_lam2x_fold0_l2.0_ir0.5_perturbrandom_fillema_pmin0.20_refunimodal_anchor.pth.tar[39m
2026-07-26 05:03:46,591 - Evaluator - INFO - New best with loss-accuracy-
2026-07-26 05:03:46,591 - Agent - INFO - [37mVal Epoch 7 step 7 with [31mce_loss_combined : 1.136931 [31mce_loss_c : 1.970364 [31mce_loss_g : 2.353235 [31mkl_synergy_rand_1 : 1.564946 [31mkl_synergy_rand_2 : 0.896698 [31mkl_synergy_1 : 1.554589 [31mkl_synergy_2 : 0.930744 [31mtotal : 6.083907 [31mdiag_kl_1 : 0.808076 [31mdiag_kl_2 : 0.614014 [94mAcc_combined: 61.96 [94mAcc_c: 53.42 [94mAcc_g: 28.93 [92mF1_combined: 54.84 [92mF1_c: 50.09 [92mF1_g: 25.50 [39m
2026-07-26 05:03:46,608 - Agent - INFO - [37mTest Epoch 7 step 7 with [31mce_loss_combined : 1.286620 [31mce_loss_c : 2.575079 [31mce_loss_g : 2.100130 [31mkl_synergy_rand_1 : 1.505181 [31mkl_synergy_rand_2 : 0.814484 [31mkl_synergy_1 : 1.505947 [31mkl_synergy_2 : 0.859425 [31mtotal : 5.971659 [31mdiag_kl_1 : 0.748451 [31mdiag_kl_2 : 0.534094 [94mAcc_combined: 57.40 [94mAcc_c: 47.94 [94mAcc_g: 37.93 [92mF1_combined: 50.11 [92mF1_c: 44.31 [92mF1_g: 33.34 [39m
2026-07-26 05:03:48,777 - Agent - INFO - [37mModel saved successfully at: ./data/data/2025_data/synergy/CremadPlus/v2/SynIB_RMask_U_REFABL_cremad_lam2x_fold0_l2.0_ir0.5_perturbrandom_fillema_pmin0.20_refunimodal_anchor.pth.tar[39m
2026-07-26 05:05:21,843 - Evaluator - INFO - New best with loss-accuracy-
2026-07-26 05:05:21,843 - Agent - INFO - [37mVal Epoch 8 step 8 with [31mce_loss_combined : 1.135544 [31mce_loss_c : 1.944797 [31mce_loss_g : 2.322766 [31mkl_synergy_rand_1 : 1.458898 [31mkl_synergy_rand_2 : 0.856461 [31mkl_synergy_1 : 1.449825 [31mkl_synergy_2 : 0.900133 [31mtotal : 5.800860 [31mdiag_kl_1 : 0.769486 [31mdiag_kl_2 : 0.621289 [94mAcc_combined: 62.07 [94mAcc_c: 52.51 [94mAcc_g: 26.77 [92mF1_combined: 56.78 [92mF1_c: 49.74 [92mF1_g: 23.06 [39m
2026-07-26 05:05:21,860 - Agent - INFO - [37mTest Epoch 8 step 8 with [31mce_loss_combined : 1.288404 [31mce_loss_c : 2.514895 [31mce_loss_g : 2.089997 [31mkl_synergy_rand_1 : 1.437763 [31mkl_synergy_rand_2 : 0.795965 [31mkl_synergy_1 : 1.405115 [31mkl_synergy_2 : 0.817008 [31mtotal : 5.744256 [31mdiag_kl_1 : 0.731402 [31mdiag_kl_2 : 0.550698 [94mAcc_combined: 57.51 [94mAcc_c: 47.61 [94mAcc_g: 34.37 [92mF1_combined: 50.87 [92mF1_c: 44.11 [92mF1_g: 29.97 [39m
2026-07-26 05:05:23,550 - Agent - INFO - [37mModel saved successfully at: ./data/data/2025_data/synergy/CremadPlus/v2/SynIB_RMask_U_REFABL_cremad_lam2x_fold0_l2.0_ir0.5_perturbrandom_fillema_pmin0.20_refunimodal_anchor.pth.tar[39m
2026-07-26 05:07:02,705 - Agent - INFO - [37mVal Epoch 9 step 9 with [31mce_loss_combined : 1.142944 [31mce_loss_c : 1.940006 [31mce_loss_g : 2.324356 [31mkl_synergy_rand_1 : 1.383190 [31mkl_synergy_rand_2 : 0.842949 [31mkl_synergy_1 : 1.352439 [31mkl_synergy_2 : 0.880730 [31mtotal : 5.602253 [31mdiag_kl_1 : 0.747072 [31mdiag_kl_2 : 0.669797 [94mAcc_combined: 61.39 [94mAcc_c: 52.73 [94mAcc_g: 24.37 [92mF1_combined: 56.58 [92mF1_c: 50.00 [92mF1_g: 21.38 [39m
2026-07-26 05:07:02,721 - Agent - INFO - [37mTest Epoch 9 step 9 with [31mce_loss_combined : 1.298498 [31mce_loss_c : 2.518118 [31mce_loss_g : 2.130285 [31mkl_synergy_rand_1 : 1.363819 [31mkl_synergy_rand_2 : 0.797690 [31mkl_synergy_1 : 1.323139 [31mkl_synergy_2 : 0.813999 [31mtotal : 5.597145 [31mdiag_kl_1 : 0.693945 [31mdiag_kl_2 : 0.612151 [94mAcc_combined: 56.95 [94mAcc_c: 47.61 [94mAcc_g: 30.59 [92mF1_combined: 50.96 [92mF1_c: 44.21 [92mF1_g: 25.96 [39m
2026-07-26 05:08:43,804 - Agent - INFO - [37mVal Epoch 10 step 10 with [31mce_loss_combined : 1.161111 [31mce_loss_c : 1.919367 [31mce_loss_g : 2.351557 [31mkl_synergy_rand_1 : 1.315173 [31mkl_synergy_rand_2 : 0.806466 [31mkl_synergy_1 : 1.282566 [31mkl_synergy_2 : 0.842578 [31mtotal : 5.407894 [31mdiag_kl_1 : 0.729910 [31mdiag_kl_2 : 0.714118 [94mAcc_combined: 61.39 [94mAcc_c: 51.82 [94mAcc_g: 22.32 [92mF1_combined: 56.50 [92mF1_c: 49.33 [92mF1_g: 18.96 [39m
2026-07-26 05:08:43,820 - Agent - INFO - [37mTest Epoch 10 step 10 with [31mce_loss_combined : 1.302586 [31mce_loss_c : 2.463556 [31mce_loss_g : 2.176286 [31mkl_synergy_rand_1 : 1.303646 [31mkl_synergy_rand_2 : 0.732068 [31mkl_synergy_1 : 1.273276 [31mkl_synergy_2 : 0.797144 [31mtotal : 5.408720 [31mdiag_kl_1 : 0.681113 [31mdiag_kl_2 : 0.623094 [94mAcc_combined: 55.62 [94mAcc_c: 46.50 [94mAcc_g: 26.47 [92mF1_combined: 50.26 [92mF1_c: 43.44 [92mF1_g: 22.25 [39m
2026-07-26 05:10:26,045 - Agent - INFO - [37mVal Epoch 11 step 11 with [31mce_loss_combined : 1.177048 [31mce_loss_c : 1.905461 [31mce_loss_g : 2.408741 [31mkl_synergy_rand_1 : 1.199827 [31mkl_synergy_rand_2 : 0.817721 [31mkl_synergy_1 : 1.172239 [31mkl_synergy_2 : 0.848365 [31mtotal : 5.215200 [31mdiag_kl_1 : 0.676898 [31mdiag_kl_2 : 0.785317 [94mAcc_combined: 60.02 [94mAcc_c: 51.25 [94mAcc_g: 18.79 [92mF1_combined: 55.70 [92mF1_c: 48.83 [92mF1_g: 15.93 [39m
2026-07-26 05:10:26,061 - Agent - INFO - [37mTest Epoch 11 step 11 with [31mce_loss_combined : 1.304116 [31mce_loss_c : 2.435390 [31mce_loss_g : 2.315558 [31mkl_synergy_rand_1 : 1.186801 [31mkl_synergy_rand_2 : 0.752576 [31mkl_synergy_1 : 1.189686 [31mkl_synergy_2 : 0.799646 [31mtotal : 5.232826 [31mdiag_kl_1 : 0.624627 [31mdiag_kl_2 : 0.732735 [94mAcc_combined: 55.39 [94mAcc_c: 46.50 [94mAcc_g: 20.36 [92mF1_combined: 50.65 [92mF1_c: 43.45 [92mF1_g: 16.04 [39m
2026-07-26 05:12:04,190 - Agent - INFO - [37mVal Epoch 12 step 12 with [31mce_loss_combined : 1.218530 [31mce_loss_c : 1.916939 [31mce_loss_g : 2.527822 [31mkl_synergy_rand_1 : 1.108293 [31mkl_synergy_rand_2 : 0.774279 [31mkl_synergy_1 : 1.110152 [31mkl_synergy_2 : 0.821682 [31mtotal : 5.032936 [31mdiag_kl_1 : 0.641105 [31mdiag_kl_2 : 0.865506 [94mAcc_combined: 59.57 [94mAcc_c: 51.82 [94mAcc_g: 14.92 [92mF1_combined: 54.97 [92mF1_c: 49.20 [92mF1_g: 11.94 [39m
2026-07-26 05:12:04,206 - Agent - INFO - [37mTest Epoch 12 step 12 with [31mce_loss_combined : 1.354367 [31mce_loss_c : 2.478827 [31mce_loss_g : 2.490697 [31mkl_synergy_rand_1 : 1.107195 [31mkl_synergy_rand_2 : 0.761640 [31mkl_synergy_1 : 1.118797 [31mkl_synergy_2 : 0.819839 [31mtotal : 5.161838 [31mdiag_kl_1 : 0.590327 [31mdiag_kl_2 : 0.831048 [94mAcc_combined: 54.73 [94mAcc_c: 46.38 [94mAcc_g: 15.68 [92mF1_combined: 49.57 [92mF1_c: 43.30 [92mF1_g: 10.42 [39m
2026-07-26 05:13:38,599 - Agent - INFO - [37mVal Epoch 13 step 13 with [31mce_loss_combined : 1.250962 [31mce_loss_c : 1.882185 [31mce_loss_g : 2.560898 [31mkl_synergy_rand_1 : 1.046011 [31mkl_synergy_rand_2 : 0.758968 [31mkl_synergy_1 : 1.058299 [31mkl_synergy_2 : 0.811724 [31mtotal : 4.925964 [31mdiag_kl_1 : 0.607390 [31mdiag_kl_2 : 0.935936 [94mAcc_combined: 58.09 [94mAcc_c: 51.03 [94mAcc_g: 11.62 [92mF1_combined: 53.60 [92mF1_c: 48.70 [92mF1_g: 9.40 [39m
2026-07-26 05:13:38,616 - Agent - INFO - [37mTest Epoch 13 step 13 with [31mce_loss_combined : 1.381066 [31mce_loss_c : 2.385753 [31mce_loss_g : 2.598484 [31mkl_synergy_rand_1 : 1.084537 [31mkl_synergy_rand_2 : 0.762861 [31mkl_synergy_1 : 1.104913 [31mkl_synergy_2 : 0.817107 [31mtotal : 5.150484 [31mdiag_kl_1 : 0.578867 [31mdiag_kl_2 : 0.920602 [94mAcc_combined: 53.06 [94mAcc_c: 46.38 [94mAcc_g: 12.79 [92mF1_combined: 48.19 [92mF1_c: 43.52 [92mF1_g: 8.57 [39m
2026-07-26 05:15:12,904 - Agent - INFO - [37mVal Epoch 14 step 14 with [31mce_loss_combined : 1.280193 [31mce_loss_c : 1.859081 [31mce_loss_g : 2.609926 [31mkl_synergy_rand_1 : 1.010378 [31mkl_synergy_rand_2 : 0.736959 [31mkl_synergy_1 : 1.021035 [31mkl_synergy_2 : 0.805705 [31mtotal : 4.854270 [31mdiag_kl_1 : 0.590846 [31mdiag_kl_2 : 1.002567 [94mAcc_combined: 57.63 [94mAcc_c: 50.80 [94mAcc_g: 10.71 [92mF1_combined: 53.14 [92mF1_c: 48.54 [92mF1_g: 8.94 [39m
2026-07-26 05:15:12,921 - Agent - INFO - [37mTest Epoch 14 step 14 with [31mce_loss_combined : 1.408757 [31mce_loss_c : 2.374727 [31mce_loss_g : 2.689371 [31mkl_synergy_rand_1 : 1.029111 [31mkl_synergy_rand_2 : 0.779917 [31mkl_synergy_1 : 1.097331 [31mkl_synergy_2 : 0.826435 [31mtotal : 5.141551 [31mdiag_kl_1 : 0.549117 [31mdiag_kl_2 : 1.012302 [94mAcc_combined: 52.73 [94mAcc_c: 46.16 [94mAcc_g: 10.34 [92mF1_combined: 47.53 [92mF1_c: 43.33 [92mF1_g: 6.97 [39m
2026-07-26 05:16:52,639 - Agent - INFO - [37mVal Epoch 15 step 15 with [31mce_loss_combined : 1.313502 [31mce_loss_c : 1.849376 [31mce_loss_g : 2.674562 [31mkl_synergy_rand_1 : 0.956304 [31mkl_synergy_rand_2 : 0.734183 [31mkl_synergy_1 : 0.971262 [31mkl_synergy_2 : 0.810236 [31mtotal : 4.785487 [31mdiag_kl_1 : 0.552134 [31mdiag_kl_2 : 1.070268 [94mAcc_combined: 56.15 [94mAcc_c: 50.23 [94mAcc_g: 10.36 [92mF1_combined: 51.38 [92mF1_c: 48.25 [92mF1_g: 8.68 [39m
2026-07-26 05:16:52,660 - Agent - INFO - [37mTest Epoch 15 step 15 with [31mce_loss_combined : 1.461003 [31mce_loss_c : 2.355169 [31mce_loss_g : 2.801583 [31mkl_synergy_rand_1 : 1.029803 [31mkl_synergy_rand_2 : 0.793022 [31mkl_synergy_1 : 1.025479 [31mkl_synergy_2 : 0.850900 [31mtotal : 5.160207 [31mdiag_kl_1 : 0.541989 [31mdiag_kl_2 : 1.100424 [94mAcc_combined: 51.50 [94mAcc_c: 46.05 [94mAcc_g: 10.34 [92mF1_combined: 45.61 [92mF1_c: 43.20 [92mF1_g: 6.84 [39m
2026-07-26 05:18:29,903 - Agent - INFO - [37mVal Epoch 16 step 16 with [31mce_loss_combined : 1.333241 [31mce_loss_c : 1.824322 [31mce_loss_g : 2.664080 [31mkl_synergy_rand_1 : 0.934008 [31mkl_synergy_rand_2 : 0.741294 [31mkl_synergy_1 : 0.949696 [31mkl_synergy_2 : 0.802322 [31mtotal : 4.760561 [31mdiag_kl_1 : 0.535222 [31mdiag_kl_2 : 1.128515 [94mAcc_combined: 56.15 [94mAcc_c: 49.66 [94mAcc_g: 9.45 [92mF1_combined: 51.20 [92mF1_c: 47.72 [92mF1_g: 8.24 [39m
2026-07-26 05:18:29,921 - Agent - INFO - [37mTest Epoch 16 step 16 with [31mce_loss_combined : 1.481309 [31mce_loss_c : 2.333330 [31mce_loss_g : 2.803904 [31mkl_synergy_rand_1 : 1.037111 [31mkl_synergy_rand_2 : 0.788633 [31mkl_synergy_1 : 1.019732 [31mkl_synergy_2 : 0.849863 [31mtotal : 5.176648 [31mdiag_kl_1 : 0.547524 [31mdiag_kl_2 : 1.167873 [94mAcc_combined: 50.39 [94mAcc_c: 46.05 [94mAcc_g: 9.34 [92mF1_combined: 44.60 [92mF1_c: 43.32 [92mF1_g: 6.43 [39m
2026-07-26 05:20:04,655 - Agent - INFO - [37mVal Epoch 17 step 17 with [31mce_loss_combined : 1.370165 [31mce_loss_c : 1.808363 [31mce_loss_g : 2.710180 [31mkl_synergy_rand_1 : 0.926621 [31mkl_synergy_rand_2 : 0.727505 [31mkl_synergy_1 : 0.935996 [31mkl_synergy_2 : 0.800756 [31mtotal : 4.761044 [31mdiag_kl_1 : 0.539950 [31mdiag_kl_2 : 1.184565 [94mAcc_combined: 54.44 [94mAcc_c: 49.66 [94mAcc_g: 8.77 [92mF1_combined: 49.56 [92mF1_c: 48.18 [92mF1_g: 7.71 [39m
2026-07-26 05:20:04,710 - Agent - INFO - [37mTest Epoch 17 step 17 with [31mce_loss_combined : 1.514591 [31mce_loss_c : 2.259392 [31mce_loss_g : 2.841941 [31mkl_synergy_rand_1 : 1.036547 [31mkl_synergy_rand_2 : 0.811965 [31mkl_synergy_1 : 0.996447 [31mkl_synergy_2 : 0.863996 [31mtotal : 5.223546 [31mdiag_kl_1 : 0.546725 [31mdiag_kl_2 : 1.226598 [94mAcc_combined: 49.61 [94mAcc_c: 45.83 [94mAcc_g: 9.01 [92mF1_combined: 43.78 [92mF1_c: 43.51 [92mF1_g: 6.33 [39m
2026-07-26 05:21:40,190 - Agent - INFO - [37mVal Epoch 18 step 18 with [31mce_loss_combined : 1.389089 [31mce_loss_c : 1.800996 [31mce_loss_g : 2.695138 [31mkl_synergy_rand_1 : 0.870395 [31mkl_synergy_rand_2 : 0.738524 [31mkl_synergy_1 : 0.904423 [31mkl_synergy_2 : 0.810681 [31mtotal : 4.713111 [31mdiag_kl_1 : 0.525995 [31mdiag_kl_2 : 1.242170 [94mAcc_combined: 53.76 [94mAcc_c: 49.20 [94mAcc_g: 9.00 [92mF1_combined: 49.68 [92mF1_c: 47.82 [92mF1_g: 8.06 [39m
2026-07-26 05:21:40,206 - Agent - INFO - [37mTest Epoch 18 step 18 with [31mce_loss_combined : 1.529055 [31mce_loss_c : 2.276288 [31mce_loss_g : 2.790166 [31mkl_synergy_rand_1 : 0.997120 [31mkl_synergy_rand_2 : 0.816680 [31mkl_synergy_1 : 0.981862 [31mkl_synergy_2 : 0.884566 [31mtotal : 5.209283 [31mdiag_kl_1 : 0.536719 [31mdiag_kl_2 : 1.260642 [94mAcc_combined: 48.16 [94mAcc_c: 45.49 [94mAcc_g: 8.57 [92mF1_combined: 42.96 [92mF1_c: 43.15 [92mF1_g: 5.91 [39m
2026-07-26 05:23:19,137 - Agent - INFO - [37mVal Epoch 19 step 19 with [31mce_loss_combined : 1.389476 [31mce_loss_c : 1.771006 [31mce_loss_g : 2.639381 [31mkl_synergy_rand_1 : 0.860936 [31mkl_synergy_rand_2 : 0.750706 [31mkl_synergy_1 : 0.879246 [31mkl_synergy_2 : 0.818505 [31mtotal : 4.698869 [31mdiag_kl_1 : 0.522899 [31mdiag_kl_2 : 1.265163 [94mAcc_combined: 53.42 [94mAcc_c: 49.20 [94mAcc_g: 8.77 [92mF1_combined: 49.31 [92mF1_c: 47.89 [92mF1_g: 8.06 [39m
2026-07-26 05:23:19,155 - Agent - INFO - [37mTest Epoch 19 step 19 with [31mce_loss_combined : 1.536703 [31mce_loss_c : 2.230100 [31mce_loss_g : 2.712049 [31mkl_synergy_rand_1 : 0.986333 [31mkl_synergy_rand_2 : 0.837032 [31mkl_synergy_1 : 0.988471 [31mkl_synergy_2 : 0.885804 [31mtotal : 5.234343 [31mdiag_kl_1 : 0.533698 [31mdiag_kl_2 : 1.280356 [94mAcc_combined: 48.72 [94mAcc_c: 45.72 [94mAcc_g: 8.68 [92mF1_combined: 43.56 [92mF1_c: 43.46 [92mF1_g: 6.08 [39m
2026-07-26 05:24:56,359 - Agent - INFO - [37mVal Epoch 20 step 20 with [31mce_loss_combined : 1.407025 [31mce_loss_c : 1.757116 [31mce_loss_g : 2.701079 [31mkl_synergy_rand_1 : 0.870694 [31mkl_synergy_rand_2 : 0.741558 [31mkl_synergy_1 : 0.873325 [31mkl_synergy_2 : 0.809823 [31mtotal : 4.702425 [31mdiag_kl_1 : 0.529761 [31mdiag_kl_2 : 1.298326 [94mAcc_combined: 52.05 [94mAcc_c: 48.52 [94mAcc_g: 7.52 [92mF1_combined: 48.78 [92mF1_c: 47.38 [92mF1_g: 6.95 [39m
2026-07-26 05:24:56,381 - Agent - INFO - [37mTest Epoch 20 step 20 with [31mce_loss_combined : 1.543935 [31mce_loss_c : 2.171509 [31mce_loss_g : 2.778393 [31mkl_synergy_rand_1 : 1.019333 [31mkl_synergy_rand_2 : 0.796743 [31mkl_synergy_1 : 1.002263 [31mkl_synergy_2 : 0.858396 [31mtotal : 5.220670 [31mdiag_kl_1 : 0.547472 [31mdiag_kl_2 : 1.308900 [94mAcc_combined: 48.05 [94mAcc_c: 45.61 [94mAcc_g: 8.79 [92mF1_combined: 42.54 [92mF1_c: 43.50 [92mF1_g: 6.09 [39m
2026-07-26 05:26:33,062 - Agent - INFO - [37mVal Epoch 21 step 21 with [31mce_loss_combined : 1.424811 [31mce_loss_c : 1.746153 [31mce_loss_g : 2.678386 [31mkl_synergy_rand_1 : 0.819583 [31mkl_synergy_rand_2 : 0.771548 [31mkl_synergy_1 : 0.831022 [31mkl_synergy_2 : 0.838412 [31mtotal : 4.685376 [31mdiag_kl_1 : 0.517066 [31mdiag_kl_2 : 1.352454 [94mAcc_combined: 51.37 [94mAcc_c: 47.84 [94mAcc_g: 7.52 [92mF1_combined: 48.25 [92mF1_c: 47.02 [92mF1_g: 7.03 [39m
2026-07-26 05:26:33,079 - Agent - INFO - [37mTest Epoch 21 step 21 with [31mce_loss_combined : 1.550955 [31mce_loss_c : 2.173267 [31mce_loss_g : 2.686285 [31mkl_synergy_rand_1 : 0.957418 [31mkl_synergy_rand_2 : 0.808003 [31mkl_synergy_1 : 0.973667 [31mkl_synergy_2 : 0.876499 [31mtotal : 5.166542 [31mdiag_kl_1 : 0.533429 [31mdiag_kl_2 : 1.331456 [94mAcc_combined: 47.72 [94mAcc_c: 44.27 [94mAcc_g: 8.68 [92mF1_combined: 42.35 [92mF1_c: 42.61 [92mF1_g: 6.12 [39m
2026-07-26 05:28:08,668 - Agent - INFO - [37mVal Epoch 22 step 22 with [31mce_loss_combined : 1.442514 [31mce_loss_c : 1.730194 [31mce_loss_g : 2.721832 [31mkl_synergy_rand_1 : 0.839455 [31mkl_synergy_rand_2 : 0.745232 [31mkl_synergy_1 : 0.850445 [31mkl_synergy_2 : 0.821434 [31mtotal : 4.699080 [31mdiag_kl_1 : 0.517765 [31mdiag_kl_2 : 1.377908 [94mAcc_combined: 51.14 [94mAcc_c: 48.41 [94mAcc_g: 6.83 [92mF1_combined: 48.11 [92mF1_c: 47.49 [92mF1_g: 6.01 [39m
2026-07-26 05:28:08,685 - Agent - INFO - [37mTest Epoch 22 step 22 with [31mce_loss_combined : 1.562547 [31mce_loss_c : 2.141284 [31mce_loss_g : 2.706321 [31mkl_synergy_rand_1 : 1.008003 [31mkl_synergy_rand_2 : 0.762457 [31mkl_synergy_1 : 0.953463 [31mkl_synergy_2 : 0.866872 [31mtotal : 5.153342 [31mdiag_kl_1 : 0.552576 [31mdiag_kl_2 : 1.364636 [94mAcc_combined: 47.27 [94mAcc_c: 44.49 [94mAcc_g: 8.68 [92mF1_combined: 41.91 [92mF1_c: 42.67 [92mF1_g: 5.89 [39m
2026-07-26 05:29:46,555 - Agent - INFO - [37mVal Epoch 23 step 23 with [31mce_loss_combined : 1.431460 [31mce_loss_c : 1.714796 [31mce_loss_g : 2.608973 [31mkl_synergy_rand_1 : 0.809213 [31mkl_synergy_rand_2 : 0.780831 [31mkl_synergy_1 : 0.813860 [31mkl_synergy_2 : 0.839892 [31mtotal : 4.675257 [31mdiag_kl_1 : 0.513162 [31mdiag_kl_2 : 1.400042 [94mAcc_combined: 52.28 [94mAcc_c: 47.38 [94mAcc_g: 7.97 [92mF1_combined: 49.34 [92mF1_c: 46.65 [92mF1_g: 7.54 [39m
2026-07-26 05:29:46,573 - Agent - INFO - [37mTest Epoch 23 step 23 with [31mce_loss_combined : 1.556373 [31mce_loss_c : 2.114400 [31mce_loss_g : 2.550913 [31mkl_synergy_rand_1 : 0.956366 [31mkl_synergy_rand_2 : 0.804582 [31mkl_synergy_1 : 0.929245 [31mkl_synergy_2 : 0.873756 [31mtotal : 5.120321 [31mdiag_kl_1 : 0.530747 [31mdiag_kl_2 : 1.357183 [94mAcc_combined: 47.72 [94mAcc_c: 43.83 [94mAcc_g: 7.79 [92mF1_combined: 42.72 [92mF1_c: 42.38 [92mF1_g: 5.68 [39m
2026-07-26 05:31:33,983 - Agent - INFO - [37mVal Epoch 24 step 24 with [31mce_loss_combined : 1.432823 [31mce_loss_c : 1.694000 [31mce_loss_g : 2.594480 [31mkl_synergy_rand_1 : 0.814880 [31mkl_synergy_rand_2 : 0.761436 [31mkl_synergy_1 : 0.820763 [31mkl_synergy_2 : 0.832337 [31mtotal : 4.662239 [31mdiag_kl_1 : 0.520812 [31mdiag_kl_2 : 1.409771 [94mAcc_combined: 51.82 [94mAcc_c: 47.61 [94mAcc_g: 7.63 [92mF1_combined: 48.84 [92mF1_c: 47.10 [92mF1_g: 7.24 [39m
2026-07-26 05:31:34,000 - Agent - INFO - [37mTest Epoch 24 step 24 with [31mce_loss_combined : 1.561556 [31mce_loss_c : 2.074573 [31mce_loss_g : 2.545455 [31mkl_synergy_rand_1 : 0.978674 [31mkl_synergy_rand_2 : 0.772687 [31mkl_synergy_1 : 0.933444 [31mkl_synergy_2 : 0.828526 [31mtotal : 5.074887 [31mdiag_kl_1 : 0.552127 [31mdiag_kl_2 : 1.354072 [94mAcc_combined: 48.05 [94mAcc_c: 43.94 [94mAcc_g: 8.45 [92mF1_combined: 43.00 [92mF1_c: 42.68 [92mF1_g: 6.18 [39m
2026-07-26 05:33:14,047 - Agent - INFO - [37mVal Epoch 25 step 25 with [31mce_loss_combined : 1.445272 [31mce_loss_c : 1.697051 [31mce_loss_g : 2.593308 [31mkl_synergy_rand_1 : 0.810101 [31mkl_synergy_rand_2 : 0.755848 [31mkl_synergy_1 : 0.815617 [31mkl_synergy_2 : 0.821340 [31mtotal : 4.648178 [31mdiag_kl_1 : 0.513854 [31mdiag_kl_2 : 1.433919 [94mAcc_combined: 51.37 [94mAcc_c: 47.84 [94mAcc_g: 8.31 [92mF1_combined: 48.15 [92mF1_c: 46.95 [92mF1_g: 8.00 [39m
2026-07-26 05:33:14,063 - Agent - INFO - [37mTest Epoch 25 step 25 with [31mce_loss_combined : 1.565954 [31mce_loss_c : 2.094052 [31mce_loss_g : 2.523905 [31mkl_synergy_rand_1 : 0.959707 [31mkl_synergy_rand_2 : 0.770516 [31mkl_synergy_1 : 0.963007 [31mkl_synergy_2 : 0.816384 [31mtotal : 5.075568 [31mdiag_kl_1 : 0.534803 [31mdiag_kl_2 : 1.363578 [94mAcc_combined: 47.72 [94mAcc_c: 43.94 [94mAcc_g: 8.45 [92mF1_combined: 42.56 [92mF1_c: 42.39 [92mF1_g: 5.96 [39m
2026-07-26 05:34:56,178 - Agent - INFO - [37mVal Epoch 26 step 26 with [31mce_loss_combined : 1.446081 [31mce_loss_c : 1.694562 [31mce_loss_g : 2.597100 [31mkl_synergy_rand_1 : 0.802199 [31mkl_synergy_rand_2 : 0.758846 [31mkl_synergy_1 : 0.807536 [31mkl_synergy_2 : 0.818270 [31mtotal : 4.632932 [31mdiag_kl_1 : 0.519128 [31mdiag_kl_2 : 1.443499 [94mAcc_combined: 51.14 [94mAcc_c: 46.81 [94mAcc_g: 8.09 [92mF1_combined: 48.20 [92mF1_c: 46.52 [92mF1_g: 7.86 [39m
2026-07-26 05:34:56,194 - Agent - INFO - [37mTest Epoch 26 step 26 with [31mce_loss_combined : 1.565717 [31mce_loss_c : 2.072737 [31mce_loss_g : 2.510831 [31mkl_synergy_rand_1 : 0.949209 [31mkl_synergy_rand_2 : 0.762804 [31mkl_synergy_1 : 0.939127 [31mkl_synergy_2 : 0.796808 [31mtotal : 5.013665 [31mdiag_kl_1 : 0.542477 [31mdiag_kl_2 : 1.375295 [94mAcc_combined: 47.50 [94mAcc_c: 43.72 [94mAcc_g: 8.23 [92mF1_combined: 42.37 [92mF1_c: 42.59 [92mF1_g: 5.86 [39m
2026-07-26 05:36:36,439 - Agent - INFO - [37mVal Epoch 27 step 27 with [31mce_loss_combined : 1.447297 [31mce_loss_c : 1.681280 [31mce_loss_g : 2.596478 [31mkl_synergy_rand_1 : 0.805084 [31mkl_synergy_rand_2 : 0.745101 [31mkl_synergy_1 : 0.815954 [31mkl_synergy_2 : 0.823356 [31mtotal : 4.636792 [31mdiag_kl_1 : 0.519650 [31mdiag_kl_2 : 1.446798 [94mAcc_combined: 50.80 [94mAcc_c: 46.70 [94mAcc_g: 8.09 [92mF1_combined: 47.83 [92mF1_c: 46.62 [92mF1_g: 7.67 [39m
2026-07-26 05:36:36,468 - Agent - INFO - [37mTest Epoch 27 step 27 with [31mce_loss_combined : 1.565638 [31mce_loss_c : 2.038513 [31mce_loss_g : 2.497992 [31mkl_synergy_rand_1 : 0.956903 [31mkl_synergy_rand_2 : 0.763534 [31mkl_synergy_1 : 0.952642 [31mkl_synergy_2 : 0.784729 [31mtotal : 5.023446 [31mdiag_kl_1 : 0.549315 [31mdiag_kl_2 : 1.381098 [94mAcc_combined: 47.16 [94mAcc_c: 43.60 [94mAcc_g: 8.01 [92mF1_combined: 42.05 [92mF1_c: 42.74 [92mF1_g: 5.72 [39m
2026-07-26 05:38:11,866 - Agent - INFO - [37mVal Epoch 28 step 28 with [31mce_loss_combined : 1.448805 [31mce_loss_c : 1.687094 [31mce_loss_g : 2.582502 [31mkl_synergy_rand_1 : 0.809074 [31mkl_synergy_rand_2 : 0.781204 [31mkl_synergy_1 : 0.831880 [31mkl_synergy_2 : 0.841007 [31mtotal : 4.711969 [31mdiag_kl_1 : 0.523271 [31mdiag_kl_2 : 1.459921 [94mAcc_combined: 50.34 [94mAcc_c: 47.15 [94mAcc_g: 8.20 [92mF1_combined: 47.05 [92mF1_c: 46.83 [92mF1_g: 7.82 [39m
2026-07-26 05:38:11,881 - Agent - INFO - [37mTest Epoch 28 step 28 with [31mce_loss_combined : 1.569674 [31mce_loss_c : 2.066438 [31mce_loss_g : 2.472196 [31mkl_synergy_rand_1 : 0.937802 [31mkl_synergy_rand_2 : 0.769142 [31mkl_synergy_1 : 0.909210 [31mkl_synergy_2 : 0.811908 [31mtotal : 4.997737 [31mdiag_kl_1 : 0.531930 [31mdiag_kl_2 : 1.366395 [94mAcc_combined: 47.50 [94mAcc_c: 43.94 [94mAcc_g: 7.79 [92mF1_combined: 42.18 [92mF1_c: 42.72 [92mF1_g: 5.62 [39m
2026-07-26 05:39:45,474 - Agent - INFO - [37mVal Epoch 29 step 29 with [31mce_loss_combined : 1.440325 [31mce_loss_c : 1.691674 [31mce_loss_g : 2.564769 [31mkl_synergy_rand_1 : 0.787331 [31mkl_synergy_rand_2 : 0.791756 [31mkl_synergy_1 : 0.809480 [31mkl_synergy_2 : 0.834283 [31mtotal : 4.663174 [31mdiag_kl_1 : 0.516970 [31mdiag_kl_2 : 1.454587 [94mAcc_combined: 50.80 [94mAcc_c: 46.01 [94mAcc_g: 8.09 [92mF1_combined: 47.77 [92mF1_c: 45.93 [92mF1_g: 7.72 [39m
2026-07-26 05:39:45,489 - Agent - INFO - [37mTest Epoch 29 step 29 with [31mce_loss_combined : 1.560507 [31mce_loss_c : 2.068067 [31mce_loss_g : 2.453313 [31mkl_synergy_rand_1 : 0.930513 [31mkl_synergy_rand_2 : 0.770470 [31mkl_synergy_1 : 0.908145 [31mkl_synergy_2 : 0.790935 [31mtotal : 4.960571 [31mdiag_kl_1 : 0.536318 [31mdiag_kl_2 : 1.359133 [94mAcc_combined: 48.39 [94mAcc_c: 43.27 [94mAcc_g: 8.12 [92mF1_combined: 43.30 [92mF1_c: 42.19 [92mF1_g: 5.96 [39m
2026-07-26 05:41:19,381 - Agent - INFO - [37mVal Epoch 30 step 30 with [31mce_loss_combined : 1.447724 [31mce_loss_c : 1.698232 [31mce_loss_g : 2.572348 [31mkl_synergy_rand_1 : 0.793039 [31mkl_synergy_rand_2 : 0.769272 [31mkl_synergy_1 : 0.818846 [31mkl_synergy_2 : 0.830512 [31mtotal : 4.659393 [31mdiag_kl_1 : 0.517150 [31mdiag_kl_2 : 1.470832 [94mAcc_combined: 50.23 [94mAcc_c: 45.90 [94mAcc_g: 7.86 [92mF1_combined: 47.20 [92mF1_c: 45.97 [92mF1_g: 7.51 [39m
2026-07-26 05:41:19,451 - Agent - INFO - [37mTest Epoch 30 step 30 with [31mce_loss_combined : 1.559140 [31mce_loss_c : 2.038509 [31mce_loss_g : 2.458068 [31mkl_synergy_rand_1 : 0.948846 [31mkl_synergy_rand_2 : 0.735036 [31mkl_synergy_1 : 0.907786 [31mkl_synergy_2 : 0.787314 [31mtotal : 4.938121 [31mdiag_kl_1 : 0.546014 [31mdiag_kl_2 : 1.371995 [94mAcc_combined: 47.83 [94mAcc_c: 43.16 [94mAcc_g: 8.23 [92mF1_combined: 42.73 [92mF1_c: 42.41 [92mF1_g: 6.06 [39m
2026-07-26 05:42:54,961 - Agent - INFO - [37mVal Epoch 31 step 31 with [31mce_loss_combined : 1.450070 [31mce_loss_c : 1.702634 [31mce_loss_g : 2.566196 [31mkl_synergy_rand_1 : 0.805310 [31mkl_synergy_rand_2 : 0.782154 [31mkl_synergy_1 : 0.820697 [31mkl_synergy_2 : 0.837752 [31mtotal : 4.695983 [31mdiag_kl_1 : 0.512554 [31mdiag_kl_2 : 1.475207 [94mAcc_combined: 50.46 [94mAcc_c: 47.15 [94mAcc_g: 8.09 [92mF1_combined: 47.25 [92mF1_c: 46.76 [92mF1_g: 7.71 [39m
2026-07-26 05:42:54,978 - Agent - INFO - [37mTest Epoch 31 step 31 with [31mce_loss_combined : 1.562784 [31mce_loss_c : 2.062837 [31mce_loss_g : 2.451324 [31mkl_synergy_rand_1 : 0.949289 [31mkl_synergy_rand_2 : 0.739429 [31mkl_synergy_1 : 0.912565 [31mkl_synergy_2 : 0.780861 [31mtotal : 4.944928 [31mdiag_kl_1 : 0.538245 [31mdiag_kl_2 : 1.356924 [94mAcc_combined: 47.83 [94mAcc_c: 43.83 [94mAcc_g: 8.23 [92mF1_combined: 42.68 [92mF1_c: 42.58 [92mF1_g: 6.14 [39m
2026-07-26 05:44:32,846 - Agent - INFO - [37mVal Epoch 32 step 32 with [31mce_loss_combined : 1.446729 [31mce_loss_c : 1.696095 [31mce_loss_g : 2.564046 [31mkl_synergy_rand_1 : 0.815546 [31mkl_synergy_rand_2 : 0.769123 [31mkl_synergy_1 : 0.815004 [31mkl_synergy_2 : 0.844602 [31mtotal : 4.691003 [31mdiag_kl_1 : 0.522289 [31mdiag_kl_2 : 1.471481 [94mAcc_combined: 49.89 [94mAcc_c: 46.70 [94mAcc_g: 8.20 [92mF1_combined: 46.71 [92mF1_c: 46.29 [92mF1_g: 7.79 [39m
2026-07-26 05:44:32,900 - Agent - INFO - [37mTest Epoch 32 step 32 with [31mce_loss_combined : 1.559016 [31mce_loss_c : 2.049127 [31mce_loss_g : 2.431266 [31mkl_synergy_rand_1 : 0.945794 [31mkl_synergy_rand_2 : 0.749409 [31mkl_synergy_1 : 0.888567 [31mkl_synergy_2 : 0.813899 [31mtotal : 4.956684 [31mdiag_kl_1 : 0.540159 [31mdiag_kl_2 : 1.362450 [94mAcc_combined: 48.05 [94mAcc_c: 43.60 [94mAcc_g: 8.23 [92mF1_combined: 42.84 [92mF1_c: 42.49 [92mF1_g: 5.96 [39m
2026-07-26 05:46:05,737 - Agent - INFO - [37mVal Epoch 33 step 33 with [31mce_loss_combined : 1.462663 [31mce_loss_c : 1.682706 [31mce_loss_g : 2.572958 [31mkl_synergy_rand_1 : 0.825916 [31mkl_synergy_rand_2 : 0.744349 [31mkl_synergy_1 : 0.815237 [31mkl_synergy_2 : 0.781969 [31mtotal : 4.630135 [31mdiag_kl_1 : 0.530190 [31mdiag_kl_2 : 1.522290 [94mAcc_combined: 50.00 [94mAcc_c: 44.87 [94mAcc_g: 7.86 [92mF1_combined: 47.02 [92mF1_c: 45.38 [92mF1_g: 7.51 [39m
2026-07-26 05:46:05,792 - Agent - INFO - [37mTest Epoch 33 step 33 with [31mce_loss_combined : 1.568474 [31mce_loss_c : 2.011082 [31mce_loss_g : 2.420790 [31mkl_synergy_rand_1 : 0.946218 [31mkl_synergy_rand_2 : 0.742563 [31mkl_synergy_1 : 0.896365 [31mkl_synergy_2 : 0.772225 [31mtotal : 4.925845 [31mdiag_kl_1 : 0.552658 [31mdiag_kl_2 : 1.399524 [94mAcc_combined: 47.83 [94mAcc_c: 43.16 [94mAcc_g: 8.23 [92mF1_combined: 42.79 [92mF1_c: 42.89 [92mF1_g: 6.32 [39m
2026-07-26 05:47:45,934 - Agent - INFO - [37mVal Epoch 34 step 34 with [31mce_loss_combined : 1.459849 [31mce_loss_c : 1.667115 [31mce_loss_g : 2.516237 [31mkl_synergy_rand_1 : 0.822098 [31mkl_synergy_rand_2 : 0.728339 [31mkl_synergy_1 : 0.812052 [31mkl_synergy_2 : 0.791266 [31mtotal : 4.613605 [31mdiag_kl_1 : 0.532439 [31mdiag_kl_2 : 1.505413 [94mAcc_combined: 50.11 [94mAcc_c: 45.44 [94mAcc_g: 8.20 [92mF1_combined: 47.05 [92mF1_c: 45.82 [92mF1_g: 7.71 [39m
2026-07-26 05:47:45,983 - Agent - INFO - [37mTest Epoch 34 step 34 with [31mce_loss_combined : 1.568506 [31mce_loss_c : 1.989314 [31mce_loss_g : 2.358053 [31mkl_synergy_rand_1 : 0.928352 [31mkl_synergy_rand_2 : 0.710310 [31mkl_synergy_1 : 0.913722 [31mkl_synergy_2 : 0.760964 [31mtotal : 4.881855 [31mdiag_kl_1 : 0.540866 [31mdiag_kl_2 : 1.387310 [94mAcc_combined: 47.27 [94mAcc_c: 43.27 [94mAcc_g: 8.12 [92mF1_combined: 42.32 [92mF1_c: 42.69 [92mF1_g: 5.70 [39m
2026-07-26 05:49:23,402 - Agent - INFO - [37mVal Epoch 35 step 35 with [31mce_loss_combined : 1.463053 [31mce_loss_c : 1.654381 [31mce_loss_g : 2.488520 [31mkl_synergy_rand_1 : 0.838127 [31mkl_synergy_rand_2 : 0.699193 [31mkl_synergy_1 : 0.822280 [31mkl_synergy_2 : 0.764873 [31mtotal : 4.587525 [31mdiag_kl_1 : 0.537090 [31mdiag_kl_2 : 1.543266 [94mAcc_combined: 50.80 [94mAcc_c: 45.33 [94mAcc_g: 7.74 [92mF1_combined: 47.80 [92mF1_c: 45.90 [92mF1_g: 7.36 [39m
2026-07-26 05:49:23,419 - Agent - INFO - [37mTest Epoch 35 step 35 with [31mce_loss_combined : 1.572046 [31mce_loss_c : 1.952151 [31mce_loss_g : 2.328841 [31mkl_synergy_rand_1 : 0.937834 [31mkl_synergy_rand_2 : 0.675752 [31mkl_synergy_1 : 0.882695 [31mkl_synergy_2 : 0.709896 [31mtotal : 4.778224 [31mdiag_kl_1 : 0.548989 [31mdiag_kl_2 : 1.404135 [94mAcc_combined: 46.61 [94mAcc_c: 43.27 [94mAcc_g: 7.68 [92mF1_combined: 41.86 [92mF1_c: 43.07 [92mF1_g: 5.97 [39m
2026-07-26 05:51:10,190 - Agent - INFO - [37mVal Epoch 36 step 36 with [31mce_loss_combined : 1.453145 [31mce_loss_c : 1.657653 [31mce_loss_g : 2.450035 [31mkl_synergy_rand_1 : 0.822052 [31mkl_synergy_rand_2 : 0.717574 [31mkl_synergy_1 : 0.809142 [31mkl_synergy_2 : 0.754656 [31mtotal : 4.556568 [31mdiag_kl_1 : 0.540563 [31mdiag_kl_2 : 1.534852 [94mAcc_combined: 50.80 [94mAcc_c: 44.53 [94mAcc_g: 8.09 [92mF1_combined: 47.97 [92mF1_c: 45.02 [92mF1_g: 7.54 [39m
2026-07-26 05:51:10,255 - Agent - INFO - [37mTest Epoch 36 step 36 with [31mce_loss_combined : 1.553894 [31mce_loss_c : 1.961211 [31mce_loss_g : 2.292737 [31mkl_synergy_rand_1 : 0.938882 [31mkl_synergy_rand_2 : 0.697253 [31mkl_synergy_1 : 0.936572 [31mkl_synergy_2 : 0.710823 [31mtotal : 4.837424 [31mdiag_kl_1 : 0.559266 [31mdiag_kl_2 : 1.400271 [94mAcc_combined: 47.83 [94mAcc_c: 42.27 [94mAcc_g: 9.45 [92mF1_combined: 42.85 [92mF1_c: 41.96 [92mF1_g: 6.73 [39m
2026-07-26 05:52:45,271 - Agent - INFO - [37mVal Epoch 37 step 37 with [31mce_loss_combined : 1.454599 [31mce_loss_c : 1.653932 [31mce_loss_g : 2.415781 [31mkl_synergy_rand_1 : 0.780356 [31mkl_synergy_rand_2 : 0.708742 [31mkl_synergy_1 : 0.787409 [31mkl_synergy_2 : 0.757949 [31mtotal : 4.489054 [31mdiag_kl_1 : 0.534658 [31mdiag_kl_2 : 1.530561 [94mAcc_combined: 51.03 [94mAcc_c: 44.08 [94mAcc_g: 9.00 [92mF1_combined: 48.23 [92mF1_c: 44.88 [92mF1_g: 8.83 [39m
2026-07-26 05:52:45,286 - Agent - INFO - [37mTest Epoch 37 step 37 with [31mce_loss_combined : 1.548089 [31mce_loss_c : 1.925863 [31mce_loss_g : 2.270205 [31mkl_synergy_rand_1 : 0.873832 [31mkl_synergy_rand_2 : 0.669118 [31mkl_synergy_1 : 0.840963 [31mkl_synergy_2 : 0.691278 [31mtotal : 4.623281 [31mdiag_kl_1 : 0.546278 [31mdiag_kl_2 : 1.389855 [94mAcc_combined: 47.83 [94mAcc_c: 42.38 [94mAcc_g: 8.90 [92mF1_combined: 43.38 [92mF1_c: 42.31 [92mF1_g: 6.73 [39m
2026-07-26 05:52:57,919 - Agent - INFO - We are in the final state.
2026-07-26 05:52:58,624 - root - INFO - Loaded best model from best_model_accuracy_state_dict
2026-07-26 05:53:15,251 - Agent - INFO - [37mVal Epoch 37 step 0 with [31mce_loss_combined : 1.135544 [31mce_loss_c : 1.944797 [31mce_loss_g : 2.322766 [31mkl_synergy_rand_1 : 1.472693 [31mkl_synergy_rand_2 : 0.862578 [31mkl_synergy_1 : 1.460598 [31mkl_synergy_2 : 0.898874 [31mtotal : 5.830287 [31mdiag_kl_1 : 0.776865 [31mdiag_kl_2 : 0.622277 [94mAcc_combined: 62.07 [94mAcc_c: 52.51 [94mAcc_g: 26.77 [92mF1_combined: 56.78 [92mF1_c: 49.74 [92mF1_g: 23.06 [39m
2026-07-26 05:53:31,849 - Agent - INFO - [37mTest Epoch 37 step 0 with [31mce_loss_combined : 1.288404 [31mce_loss_c : 2.514895 [31mce_loss_g : 2.089997 [31mkl_synergy_rand_1 : 1.433975 [31mkl_synergy_rand_2 : 0.800064 [31mkl_synergy_1 : 1.417669 [31mkl_synergy_2 : 0.838447 [31mtotal : 5.778559 [31mdiag_kl_1 : 0.723468 [31mdiag_kl_2 : 0.545007 [94mAcc_combined: 57.51 [94mAcc_c: 47.61 [94mAcc_g: 34.37 [92mF1_combined: 50.87 [92mF1_c: 44.11 [92mF1_g: 29.97 [39m
2026-07-26 05:53:34,067 - Agent - INFO - [37mModel saved successfully at: ./data/data/2025_data/synergy/CremadPlus/v2/SynIB_RMask_U_REFABL_cremad_lam2x_fold0_l2.0_ir0.5_perturbrandom_fillema_pmin0.20_refunimodal_anchor.pth.tar[39m
Job finished
