Starting SynIB reference-ablation job
Python 3.12.12
/esat/smcdata/users/kkontras/Image_Dataset/no_backup/git/SynIB  (git 0aa7402)
GPU 0: NVIDIA GeForce RTX 4070 Ti SUPER (UUID: GPU-d2a33811-19af-7b18-0dbc-8a49767988ab)
Executing: PYTHONPATH=src /esat/smcdata/users/kkontras/Image_Dataset/no_backup/envs/synergy/bin/python -m synib.entrypoints.train --config run/configs/rebuttal_ref_ablation/cremad_synib_u.json --default_config run/configs/rebuttal_ref_ablation/cremad_default.json --fold 0 --ironic_rate 0.5 --rmask random --l 0.5 --perturb_pmin 0.20 --perturb_fill ema --reference_type uniform --ref_diag --start_over --tag REFABL_cremad_lam0.5x
Namespace(config='run/configs/rebuttal_ref_ablation/cremad_synib_u.json', default_config='run/configs/rebuttal_ref_ablation/cremad_default.json', fold='0', alpha=None, tanh_mode_beta=None, regby=None, batch_size=None, l='0.5', multil=None, lib=None, kmepoch=None, num_samples=None, contrcoeff=None, contr_type=None, shuffle_type=None, validate_with=None, num_classes=None, optim_method=None, ending_epoch=None, load_ongoing=None, recon_weight1=None, recon_weight2=None, recon_epochstages=None, recon_ensemblestages=None, lr=None, wd=None, cls=None, ironic_rate='0.5', perturb='random', perturb_fill='ema', perturb_pmax=None, perturb_pmin='0.20', perturb_lsparse=None, rmask='random', pmin=None, pmax=None, lsparse=None, debug_mask_stats=False, pre=False, frozen=False, tdqm_disable=False, start_over=True, no_model_save=False, num_layers=None, grad_accum=None, init_from=None, init_strict=False, perturb_lsparse_sign=None, l_anneal_epochs=None, perturb_steps=None, perturb_lsparse_warmup=None, perturb_lsparse_schedule=None, persist_ell=False, save_masks=False, penalty_swap=False, disable_ce_random=False, disable_kl_learned=False, masking_only=False, modality_dropout=None, modality_dropout_target=None, l_z1_masked=None, l_z2_masked=None, l_pareto=None, reference_type='uniform', ref_diag=True, ref_ema_decay=None, tag='REFABL_cremad_lam0.5x')
2026-07-26 04:26:13,616 - Config - INFO - run/configs/rebuttal_ref_ablation/cremad_synib_u.json
2026-07-26 04:26:13,618 - Config - INFO -  THE Configuration of your experiment ..
{'agent': 'Agent',
 'dataset': {'data_roots': './data/CremaD/CREMA-D',
             'data_split': {'fold': 0, 'method': 'non_inclusive'},
             'dataloader_class': 'IronyCremadDataloader',
             'fps': 1,
             'ironic_label_name': 'SARCASM',
             'ironic_modes': ['train', 'val', 'test'],
             'ironic_rate': 1.0,
             'norm': False,
             'norm_face_path': './src/synib/mydatasets/Irony_Cremad/assets/norms/norm_face_path_fold{}.pkl',
             'norm_wav_path': './src/synib/mydatasets/Irony_Cremad/assets/norms/wav_norm_22050_fold{}.pkl',
             'num_frame': 3,
             'return_data': {'audio': False,
                             'face': False,
                             'spectrogram': True,
                             'video': True},
             'sampling_rate': 22050},
 'early_stopping': {'end_of_epoch_check': True,
                    'log_interval': 10,
                    'max_epoch': 1500,
                    'n_steps_stop': 30,
                    'n_steps_stop_after': 0,
                    'save_every_step': 3000,
                    'save_every_valstep': 10,
                    'validate_after': 0,
                    'validate_every': 25,
                    'validate_with': 'accuracy'},
 'exp_name': 'CREMAD Experiment',
 'model': {'args': {'bias_infusion': {'contrcoeff': 0.0, 'l': 1.0},
                    'cls_type': 'mlp',
                    'd_model': 512,
                    'dropout': 0.1,
                    'fc_inner': 64,
                    'in_dim': 64,
                    'multi_loss': {'multi_supervised_w': {'c': 1,
                                                          'combined': 1,
                                                          'g': 1}},
                    'norm_decision': False,
                    'num_classes': 7,
                    'synergy_type': 'unimodal_anchor'},
           'ceu': {'test': './artifacts/ceus/cremad/cremadplus_ceu_test_res_{}.pkl',
                   'val': './artifacts/ceus/cremad/cremadplus_ceu_val_res_{}.pkl'},
           'encoders': [{'args': {'d_model': 512,
                                  'dropout': 0.1,
                                  'fc_inner': 64,
                                  'freeze_encoder': False,
                                  'num_classes': 7},
                         'model': 'Audio_ResNet',
                         'name': 'enc_0_modality1_encoder',
                         'pretrainedEncoder': {'dir': 'unimodal_audio_fold{}_ir1.0_lr0.001_wd0.0001_clsmlp_bs64.pth.tar',
                                               'use': True},
                         'save_encoder': False},
                        {'args': {'d_model': 512,
                                  'dropout': 0.1,
                                  'fc_inner': 64,
                                  'freeze_encoder': False,
                                  'num_classes': 7},
                         'model': 'Video_ResNet',
                         'name': 'enc_1_modality2_encoder',
                         'pretrainedEncoder': {'dir': 'unimodal_video_fold{}_ir1.0_lr0.0001_wd0.0001_clsmlp_bs64.pth.tar',
                                               'use': True},
                         'save_encoder': False},
                        {'args': {'d_model': 512,
                                  'dropout': 0.1,
                                  'fc_inner': 64,
                                  'freeze_encoder': False},
                         'model': 'FusionTrunkLinear',
                         'name': 'enc_2_fusion_trunk',
                         'pretrainedEncoder': {'dir': 'enc_2_fusion_trunk_fold{}.pth.tar',
                                               'use': False},
                         'save_encoder': False},
                        {'args': {'freeze_encoder': False,
                                  'in_dim': 64,
                                  'num_classes': 7},
                         'model': 'LinearHead',
                         'name': 'enc_3_fusion_head',
                         'pretrainedEncoder': {'dir': 'enc_3_fusion_head_fold{}.pth.tar',
                                               'use': False},
                         'save_encoder': False},
                        {'args': {'dropout': 0.1,
                                  'freeze_encoder': False,
                                  'hidden_dim': 64,
                                  'in_dim': 512,
                                  'num_classes': 7},
                         'model': 'MLPHead',
                         'name': 'enc_4_unimodal_head_1',
                         'pretrainedEncoder': {'dir': 'enc_4_unimodal1_fold{}.pth.tar',
                                               'use': False},
                         'save_encoder': False},
                        {'args': {'dropout': 0.1,
                                  'freeze_encoder': False,
                                  'hidden_dim': 64,
                                  'in_dim': 512,
                                  'num_classes': 7},
                         'model': 'MLPHead',
                         'name': 'enc_5_unimodal_head_2',
                         'pretrainedEncoder': {'dir': 'enc_5_unimodal2_fold{}.pth.tar',
                                               'use': False},
                         'save_encoder': False}],
           'load_ongoing': False,
           'model_class': 'FusionIBModel_Mask_U',
           'save_base_dir': './data/data/2025_data/synergy/CremadPlus/v2',
           'save_dir': 'SynIB_RMask_U_{}.pth.tar'},
 'optimizer': {'beta1': 0.9,
               'beta2': 0.999,
               'learning_rate': 1e-05,
               'momentum': 0.9,
               'type': 'Adam',
               'weight_decay': 1e-05},
 'scheduler': {'max_lr': 0.03, 'type': 'cosanneal', 'warm_up_steps': 780},
 'training_params': {'async_loading': True,
                     'batch_size': 128,
                     'cuda': True,
                     'data_loader_workers': 8,
                     'gpu_device': [0],
                     'pin_memory': False,
                     'rec_test': True,
                     'res': True,
                     'seed': 109,
                     'tdqm_disable': False,
                     'test_batch_size': 128,
                     'test_on_bottoms': True,
                     'use_test_set': True,
                     'validation': True,
                     'verbose': True,
                     'wandb_disable': False}}
2026-07-26 04:26:13,622 - Config - INFO -  *************************************** 
2026-07-26 04:26:13,622 - Config - INFO - The experiment name is CREMAD Experiment
2026-07-26 04:26:13,622 - Config - INFO -  *************************************** 
2026-07-26 04:26:13,622 - root - INFO - save_dir: SynIB_RMask_U_REFABL_cremad_lam0.5x_fold0_l0.5_ir0.5_perturbrandom_fillema_pmin0.20_refuniform.pth.tar
2026-07-26 04:26:13,772 - Cuda Statistics - INFO - __Python VERSION:  3.12.12 | packaged by Anaconda, Inc. | (main, Oct 21 2025, 20:16:04) [GCC 11.2.0]
2026-07-26 04:26:13,772 - Cuda Statistics - INFO - __pyTorch VERSION:  2.7.1+cu118
2026-07-26 04:26:13,772 - Cuda Statistics - INFO - __CUDA VERSION
2026-07-26 04:26:13,825 - Cuda Statistics - INFO - __CUDNN VERSION:  90100
2026-07-26 04:26:13,878 - Cuda Statistics - INFO - __Number CUDA Devices:  1
2026-07-26 04:26:13,878 - Cuda Statistics - INFO - __Devices
2026-07-26 04:26:13,878 - Cuda Statistics - INFO - index, name, driver_version, memory.total [MiB], memory.used [MiB], memory.free [MiB]
2026-07-26 04:26:13,878 - Cuda Statistics - INFO - 0, NVIDIA GeForce RTX 4070 Ti SUPER, 610.43.03, 16376 MiB, 657 MiB, 15316 MiB
2026-07-26 04:26:13,889 - Cuda Statistics - INFO - Active CUDA Device: GPU 0
2026-07-26 04:26:13,889 - Cuda Statistics - INFO - Available devices  1
2026-07-26 04:26:13,889 - Cuda Statistics - INFO - Current cuda device  0
2026-07-26 04:26:16,036 - IronyCremadDataset - INFO - Loaded wav norm from ./src/synib/mydatasets/Irony_Cremad/assets/norms/wav_norm_22050_fold0.pkl
2026-07-26 04:26:16,642 - IronyCremadDataset - INFO - Loaded wav norm from ./src/synib/mydatasets/Irony_Cremad/assets/norms/wav_norm_22050_fold0.pkl
2026-07-26 04:26:17,131 - IronyCremadDataset - INFO - Loaded wav norm from ./src/synib/mydatasets/Irony_Cremad/assets/norms/wav_norm_22050_fold0.pkl
2026-07-26 04:26:17,143 - Agent - INFO - Device: cuda:0
2026-07-26 04:26:17,144 - Agent - INFO - Total training batches: 32, validate every 25 batches, steps per epoch: 2
2026-07-26 04:26:17,331 - Agent - INFO - Loss Weights are {'total': 1, 'combined': 1, 'c': 1, 'g': 1}
2026-07-26 04:26:17,331 - root - INFO - There is no CEU for train
2026-07-26 04:26:17,333 - root - INFO - There is no CEU for val
2026-07-26 04:26:17,333 - root - INFO - There is no CEU for test
{'d_model': 512, 'num_classes': 7, 'fc_inner': 64, 'dropout': 0.1, 'freeze_encoder': False}
2026-07-26 04:26:18,082 - root - INFO - Loading enc best model state dict from ./data/data/2025_data/synergy/CremadPlus/v2/unimodal_audio_fold0_ir0.5_lr0.001_wd0.0001_clsmlp_bs64.pth.tar
2026-07-26 04:26:19,243 - root - INFO - Loading enc best model state dict from ./data/data/2025_data/synergy/CremadPlus/v2/unimodal_video_fold0_ir0.5_lr0.0001_wd0.0001_clsmlp_bs64.pth.tar
2026-07-26 04:26:20,564 - Agent - INFO - Total number of trainable parameters are: 44840497
2026-07-26 04:26:20,571 - Agent - INFO - Total number of trainable parameters are: 22486563
2026-07-26 04:28:29,362 - Evaluator - INFO - New best with loss-accuracy-
2026-07-26 04:28:29,363 - Agent - INFO - [37mVal Epoch 1 step 1 with [31mce_loss_combined : 1.784658 [31mce_loss_c : 1.969605 [31mce_loss_g : 2.694327 [31mkl_synergy_rand_1 : 0.011559 [31mkl_synergy_rand_2 : 0.012743 [31mkl_synergy_1 : 0.011758 [31mkl_synergy_2 : 0.013338 [31mtotal : 1.834057 [31mdiag_kl_1 : 1.343563 [31mdiag_kl_2 : 1.194525 [94mAcc_combined: 45.33 [94mAcc_c: 56.61 [94mAcc_g: 44.99 [92mF1_combined: 37.16 [92mF1_c: 52.57 [92mF1_g: 37.70 [39m
2026-07-26 04:28:29,382 - Agent - INFO - [37mTest Epoch 1 step 1 with [31mce_loss_combined : 1.813727 [31mce_loss_c : 2.554606 [31mce_loss_g : 2.651202 [31mkl_synergy_rand_1 : 0.010818 [31mkl_synergy_rand_2 : 0.011402 [31mkl_synergy_1 : 0.010820 [31mkl_synergy_2 : 0.011976 [31mtotal : 1.858744 [31mdiag_kl_1 : 1.363423 [31mdiag_kl_2 : 1.155018 [94mAcc_combined: 47.27 [94mAcc_c: 48.28 [94mAcc_g: 48.61 [92mF1_combined: 38.12 [92mF1_c: 43.68 [92mF1_g: 39.33 [39m
2026-07-26 04:28:30,315 - Agent - INFO - [37mModel saved successfully at: ./data/data/2025_data/synergy/CremadPlus/v2/SynIB_RMask_U_REFABL_cremad_lam0.5x_fold0_l0.5_ir0.5_perturbrandom_fillema_pmin0.20_refuniform.pth.tar[39m
2026-07-26 04:29:38,007 - Evaluator - INFO - New best with loss-accuracy-
2026-07-26 04:29:38,007 - Agent - INFO - [37mVal Epoch 2 step 2 with [31mce_loss_combined : 1.616764 [31mce_loss_c : 1.979698 [31mce_loss_g : 2.489918 [31mkl_synergy_rand_1 : 0.023063 [31mkl_synergy_rand_2 : 0.025140 [31mkl_synergy_1 : 0.022382 [31mkl_synergy_2 : 0.027239 [31mtotal : 1.714589 [31mdiag_kl_1 : 1.205788 [31mdiag_kl_2 : 1.057721 [94mAcc_combined: 59.00 [94mAcc_c: 56.15 [94mAcc_g: 43.85 [92mF1_combined: 49.80 [92mF1_c: 52.42 [92mF1_g: 36.78 [39m
2026-07-26 04:29:38,021 - Agent - INFO - [37mTest Epoch 2 step 2 with [31mce_loss_combined : 1.662873 [31mce_loss_c : 2.569207 [31mce_loss_g : 2.471223 [31mkl_synergy_rand_1 : 0.021460 [31mkl_synergy_rand_2 : 0.023833 [31mkl_synergy_1 : 0.021825 [31mkl_synergy_2 : 0.025034 [31mtotal : 1.755025 [31mdiag_kl_1 : 1.211294 [31mdiag_kl_2 : 1.002700 [94mAcc_combined: 56.95 [94mAcc_c: 48.72 [94mAcc_g: 48.39 [92mF1_combined: 47.26 [92mF1_c: 44.63 [92mF1_g: 39.54 [39m
2026-07-26 04:29:39,558 - Agent - INFO - [37mModel saved successfully at: ./data/data/2025_data/synergy/CremadPlus/v2/SynIB_RMask_U_REFABL_cremad_lam0.5x_fold0_l0.5_ir0.5_perturbrandom_fillema_pmin0.20_refuniform.pth.tar[39m
2026-07-26 04:30:42,593 - Evaluator - INFO - New best with loss-accuracy-
2026-07-26 04:30:42,593 - Agent - INFO - [37mVal Epoch 3 step 3 with [31mce_loss_combined : 1.489272 [31mce_loss_c : 1.954757 [31mce_loss_g : 2.404693 [31mkl_synergy_rand_1 : 0.035546 [31mkl_synergy_rand_2 : 0.039129 [31mkl_synergy_1 : 0.035923 [31mkl_synergy_2 : 0.041514 [31mtotal : 1.641384 [31mdiag_kl_1 : 1.103081 [31mdiag_kl_2 : 0.955526 [94mAcc_combined: 62.30 [94mAcc_c: 55.58 [94mAcc_g: 44.99 [92mF1_combined: 53.18 [92mF1_c: 52.00 [92mF1_g: 37.87 [39m
2026-07-26 04:30:42,607 - Agent - INFO - [37mTest Epoch 3 step 3 with [31mce_loss_combined : 1.568278 [31mce_loss_c : 2.543171 [31mce_loss_g : 2.495239 [31mkl_synergy_rand_1 : 0.034755 [31mkl_synergy_rand_2 : 0.038444 [31mkl_synergy_1 : 0.034327 [31mkl_synergy_2 : 0.040499 [31mtotal : 1.716303 [31mdiag_kl_1 : 1.103405 [31mdiag_kl_2 : 0.891360 [94mAcc_combined: 59.73 [94mAcc_c: 48.61 [94mAcc_g: 48.61 [92mF1_combined: 50.86 [92mF1_c: 44.48 [92mF1_g: 39.53 [39m
2026-07-26 04:30:44,260 - Agent - INFO - [37mModel saved successfully at: ./data/data/2025_data/synergy/CremadPlus/v2/SynIB_RMask_U_REFABL_cremad_lam0.5x_fold0_l0.5_ir0.5_perturbrandom_fillema_pmin0.20_refuniform.pth.tar[39m
2026-07-26 04:31:46,554 - Evaluator - INFO - New best with loss-accuracy-
2026-07-26 04:31:46,554 - Agent - INFO - [37mVal Epoch 4 step 4 with [31mce_loss_combined : 1.413334 [31mce_loss_c : 1.953321 [31mce_loss_g : 2.400053 [31mkl_synergy_rand_1 : 0.046113 [31mkl_synergy_rand_2 : 0.051057 [31mkl_synergy_1 : 0.048190 [31mkl_synergy_2 : 0.055553 [31mtotal : 1.614246 [31mdiag_kl_1 : 1.055357 [31mdiag_kl_2 : 0.893354 [94mAcc_combined: 64.69 [94mAcc_c: 54.90 [94mAcc_g: 45.22 [92mF1_combined: 57.06 [92mF1_c: 51.20 [92mF1_g: 37.76 [39m
2026-07-26 04:31:46,569 - Agent - INFO - [37mTest Epoch 4 step 4 with [31mce_loss_combined : 1.507473 [31mce_loss_c : 2.565474 [31mce_loss_g : 2.465255 [31mkl_synergy_rand_1 : 0.045856 [31mkl_synergy_rand_2 : 0.053154 [31mkl_synergy_1 : 0.049148 [31mkl_synergy_2 : 0.054898 [31mtotal : 1.710528 [31mdiag_kl_1 : 1.046965 [31mdiag_kl_2 : 0.823358 [94mAcc_combined: 60.85 [94mAcc_c: 48.50 [94mAcc_g: 48.72 [92mF1_combined: 52.27 [92mF1_c: 44.55 [92mF1_g: 39.48 [39m
2026-07-26 04:31:48,216 - Agent - INFO - [37mModel saved successfully at: ./data/data/2025_data/synergy/CremadPlus/v2/SynIB_RMask_U_REFABL_cremad_lam0.5x_fold0_l0.5_ir0.5_perturbrandom_fillema_pmin0.20_refuniform.pth.tar[39m
2026-07-26 04:33:00,486 - Evaluator - INFO - New best with loss-accuracy-
2026-07-26 04:33:00,486 - Agent - INFO - [37mVal Epoch 5 step 5 with [31mce_loss_combined : 1.372339 [31mce_loss_c : 1.958596 [31mce_loss_g : 2.360884 [31mkl_synergy_rand_1 : 0.053612 [31mkl_synergy_rand_2 : 0.059144 [31mkl_synergy_1 : 0.056135 [31mkl_synergy_2 : 0.064230 [31mtotal : 1.605461 [31mdiag_kl_1 : 1.009095 [31mdiag_kl_2 : 0.871036 [94mAcc_combined: 65.03 [94mAcc_c: 54.21 [94mAcc_g: 42.94 [92mF1_combined: 57.97 [92mF1_c: 50.97 [92mF1_g: 36.46 [39m
2026-07-26 04:33:00,500 - Agent - INFO - [37mTest Epoch 5 step 5 with [31mce_loss_combined : 1.460650 [31mce_loss_c : 2.552451 [31mce_loss_g : 2.319929 [31mkl_synergy_rand_1 : 0.057982 [31mkl_synergy_rand_2 : 0.062279 [31mkl_synergy_1 : 0.059387 [31mkl_synergy_2 : 0.067409 [31mtotal : 1.707707 [31mdiag_kl_1 : 0.978567 [31mdiag_kl_2 : 0.792443 [94mAcc_combined: 60.85 [94mAcc_c: 48.72 [94mAcc_g: 48.16 [92mF1_combined: 52.85 [92mF1_c: 44.90 [92mF1_g: 39.86 [39m
2026-07-26 04:33:02,387 - Agent - INFO - [37mModel saved successfully at: ./data/data/2025_data/synergy/CremadPlus/v2/SynIB_RMask_U_REFABL_cremad_lam0.5x_fold0_l0.5_ir0.5_perturbrandom_fillema_pmin0.20_refuniform.pth.tar[39m
2026-07-26 04:34:11,503 - Evaluator - INFO - New best with loss-accuracy-
2026-07-26 04:34:11,504 - Agent - INFO - [37mVal Epoch 6 step 6 with [31mce_loss_combined : 1.353856 [31mce_loss_c : 1.919706 [31mce_loss_g : 2.297620 [31mkl_synergy_rand_1 : 0.056833 [31mkl_synergy_rand_2 : 0.060552 [31mkl_synergy_1 : 0.059605 [31mkl_synergy_2 : 0.066294 [31mtotal : 1.597140 [31mdiag_kl_1 : 0.998509 [31mdiag_kl_2 : 0.870258 [94mAcc_combined: 65.15 [94mAcc_c: 53.87 [94mAcc_g: 44.08 [92mF1_combined: 59.45 [92mF1_c: 50.76 [92mF1_g: 37.30 [39m
2026-07-26 04:34:11,518 - Agent - INFO - [37mTest Epoch 6 step 6 with [31mce_loss_combined : 1.452385 [31mce_loss_c : 2.494474 [31mce_loss_g : 2.265476 [31mkl_synergy_rand_1 : 0.060470 [31mkl_synergy_rand_2 : 0.066965 [31mkl_synergy_1 : 0.063132 [31mkl_synergy_2 : 0.068359 [31mtotal : 1.711310 [31mdiag_kl_1 : 0.979858 [31mdiag_kl_2 : 0.785751 [94mAcc_combined: 60.62 [94mAcc_c: 48.05 [94mAcc_g: 48.50 [92mF1_combined: 53.08 [92mF1_c: 44.43 [92mF1_g: 39.95 [39m
2026-07-26 04:34:13,159 - Agent - INFO - [37mModel saved successfully at: ./data/data/2025_data/synergy/CremadPlus/v2/SynIB_RMask_U_REFABL_cremad_lam0.5x_fold0_l0.5_ir0.5_perturbrandom_fillema_pmin0.20_refuniform.pth.tar[39m
2026-07-26 04:35:18,787 - Evaluator - INFO - New best with loss-accuracy-
2026-07-26 04:35:18,788 - Agent - INFO - [37mVal Epoch 7 step 7 with [31mce_loss_combined : 1.336268 [31mce_loss_c : 1.931664 [31mce_loss_g : 2.160360 [31mkl_synergy_rand_1 : 0.059943 [31mkl_synergy_rand_2 : 0.061700 [31mkl_synergy_1 : 0.062123 [31mkl_synergy_2 : 0.069598 [31mtotal : 1.589632 [31mdiag_kl_1 : 0.976988 [31mdiag_kl_2 : 0.871721 [94mAcc_combined: 67.08 [94mAcc_c: 53.76 [94mAcc_g: 43.28 [92mF1_combined: 62.27 [92mF1_c: 50.68 [92mF1_g: 36.99 [39m
2026-07-26 04:35:18,813 - Agent - INFO - [37mTest Epoch 7 step 7 with [31mce_loss_combined : 1.425274 [31mce_loss_c : 2.525414 [31mce_loss_g : 2.116016 [31mkl_synergy_rand_1 : 0.065629 [31mkl_synergy_rand_2 : 0.068843 [31mkl_synergy_1 : 0.063944 [31mkl_synergy_2 : 0.072288 [31mtotal : 1.695979 [31mdiag_kl_1 : 0.948859 [31mdiag_kl_2 : 0.779733 [94mAcc_combined: 60.85 [94mAcc_c: 48.28 [94mAcc_g: 47.94 [92mF1_combined: 54.65 [92mF1_c: 44.50 [92mF1_g: 39.66 [39m
2026-07-26 04:35:20,425 - Agent - INFO - [37mModel saved successfully at: ./data/data/2025_data/synergy/CremadPlus/v2/SynIB_RMask_U_REFABL_cremad_lam0.5x_fold0_l0.5_ir0.5_perturbrandom_fillema_pmin0.20_refuniform.pth.tar[39m
2026-07-26 04:36:26,131 - Evaluator - INFO - New best with loss-
2026-07-26 04:36:26,131 - Agent - INFO - [37mVal Epoch 8 step 8 with [31mce_loss_combined : 1.333237 [31mce_loss_c : 1.905585 [31mce_loss_g : 2.160060 [31mkl_synergy_rand_1 : 0.059635 [31mkl_synergy_rand_2 : 0.062384 [31mkl_synergy_1 : 0.062264 [31mkl_synergy_2 : 0.069172 [31mtotal : 1.586693 [31mdiag_kl_1 : 0.974689 [31mdiag_kl_2 : 0.870944 [94mAcc_combined: 66.63 [94mAcc_c: 52.96 [94mAcc_g: 44.31 [92mF1_combined: 62.12 [92mF1_c: 50.42 [92mF1_g: 37.79 [39m
2026-07-26 04:36:26,145 - Agent - INFO - [37mTest Epoch 8 step 8 with [31mce_loss_combined : 1.423422 [31mce_loss_c : 2.469111 [31mce_loss_g : 2.071134 [31mkl_synergy_rand_1 : 0.063366 [31mkl_synergy_rand_2 : 0.069575 [31mkl_synergy_1 : 0.066751 [31mkl_synergy_2 : 0.070960 [31mtotal : 1.694073 [31mdiag_kl_1 : 0.968947 [31mdiag_kl_2 : 0.772720 [94mAcc_combined: 61.07 [94mAcc_c: 47.94 [94mAcc_g: 48.72 [92mF1_combined: 55.00 [92mF1_c: 44.51 [92mF1_g: 40.13 [39m
2026-07-26 04:36:28,139 - Agent - INFO - [37mModel saved successfully at: ./data/data/2025_data/synergy/CremadPlus/v2/SynIB_RMask_U_REFABL_cremad_lam0.5x_fold0_l0.5_ir0.5_perturbrandom_fillema_pmin0.20_refuniform.pth.tar[39m
2026-07-26 04:37:35,529 - Evaluator - INFO - New best with loss-
2026-07-26 04:37:35,530 - Agent - INFO - [37mVal Epoch 9 step 9 with [31mce_loss_combined : 1.329345 [31mce_loss_c : 1.893685 [31mce_loss_g : 2.090941 [31mkl_synergy_rand_1 : 0.060800 [31mkl_synergy_rand_2 : 0.062575 [31mkl_synergy_1 : 0.063877 [31mkl_synergy_2 : 0.069299 [31mtotal : 1.585896 [31mdiag_kl_1 : 0.969261 [31mdiag_kl_2 : 0.875944 [94mAcc_combined: 66.97 [94mAcc_c: 52.96 [94mAcc_g: 41.80 [92mF1_combined: 62.95 [92mF1_c: 50.31 [92mF1_g: 35.61 [39m
2026-07-26 04:37:35,546 - Agent - INFO - [37mTest Epoch 9 step 9 with [31mce_loss_combined : 1.413774 [31mce_loss_c : 2.471779 [31mce_loss_g : 1.980168 [31mkl_synergy_rand_1 : 0.062884 [31mkl_synergy_rand_2 : 0.071000 [31mkl_synergy_1 : 0.068997 [31mkl_synergy_2 : 0.072675 [31mtotal : 1.689331 [31mdiag_kl_1 : 0.961542 [31mdiag_kl_2 : 0.776985 [94mAcc_combined: 61.85 [94mAcc_c: 47.72 [94mAcc_g: 47.72 [92mF1_combined: 56.50 [92mF1_c: 44.31 [92mF1_g: 39.97 [39m
2026-07-26 04:37:37,652 - Agent - INFO - [37mModel saved successfully at: ./data/data/2025_data/synergy/CremadPlus/v2/SynIB_RMask_U_REFABL_cremad_lam0.5x_fold0_l0.5_ir0.5_perturbrandom_fillema_pmin0.20_refuniform.pth.tar[39m
2026-07-26 04:38:40,430 - Evaluator - INFO - New best with loss-
2026-07-26 04:38:40,431 - Agent - INFO - [37mVal Epoch 10 step 10 with [31mce_loss_combined : 1.323477 [31mce_loss_c : 1.869475 [31mce_loss_g : 2.005172 [31mkl_synergy_rand_1 : 0.060876 [31mkl_synergy_rand_2 : 0.063740 [31mkl_synergy_1 : 0.064382 [31mkl_synergy_2 : 0.069285 [31mtotal : 1.581760 [31mdiag_kl_1 : 0.973341 [31mdiag_kl_2 : 0.877785 [94mAcc_combined: 67.08 [94mAcc_c: 52.05 [94mAcc_g: 42.14 [92mF1_combined: 63.43 [92mF1_c: 49.94 [92mF1_g: 35.88 [39m
2026-07-26 04:38:40,445 - Agent - INFO - [37mTest Epoch 10 step 10 with [31mce_loss_combined : 1.421179 [31mce_loss_c : 2.410721 [31mce_loss_g : 1.986307 [31mkl_synergy_rand_1 : 0.064261 [31mkl_synergy_rand_2 : 0.068300 [31mkl_synergy_1 : 0.068628 [31mkl_synergy_2 : 0.075784 [31mtotal : 1.698151 [31mdiag_kl_1 : 0.957564 [31mdiag_kl_2 : 0.776779 [94mAcc_combined: 60.51 [94mAcc_c: 47.72 [94mAcc_g: 46.38 [92mF1_combined: 55.15 [92mF1_c: 44.55 [92mF1_g: 38.03 [39m
2026-07-26 04:38:42,534 - Agent - INFO - [37mModel saved successfully at: ./data/data/2025_data/synergy/CremadPlus/v2/SynIB_RMask_U_REFABL_cremad_lam0.5x_fold0_l0.5_ir0.5_perturbrandom_fillema_pmin0.20_refuniform.pth.tar[39m
2026-07-26 04:39:48,114 - Agent - INFO - [37mVal Epoch 11 step 11 with [31mce_loss_combined : 1.324272 [31mce_loss_c : 1.850041 [31mce_loss_g : 1.946240 [31mkl_synergy_rand_1 : 0.062621 [31mkl_synergy_rand_2 : 0.064863 [31mkl_synergy_1 : 0.064923 [31mkl_synergy_2 : 0.071406 [31mtotal : 1.588085 [31mdiag_kl_1 : 0.979779 [31mdiag_kl_2 : 0.882025 [94mAcc_combined: 66.06 [94mAcc_c: 51.59 [94mAcc_g: 41.12 [92mF1_combined: 62.95 [92mF1_c: 49.60 [92mF1_g: 35.35 [39m
2026-07-26 04:39:48,129 - Agent - INFO - [37mTest Epoch 11 step 11 with [31mce_loss_combined : 1.418746 [31mce_loss_c : 2.367605 [31mce_loss_g : 1.905932 [31mkl_synergy_rand_1 : 0.066567 [31mkl_synergy_rand_2 : 0.070348 [31mkl_synergy_1 : 0.067026 [31mkl_synergy_2 : 0.078220 [31mtotal : 1.700907 [31mdiag_kl_1 : 0.955441 [31mdiag_kl_2 : 0.783542 [94mAcc_combined: 59.73 [94mAcc_c: 46.61 [94mAcc_g: 46.61 [92mF1_combined: 54.79 [92mF1_c: 43.67 [92mF1_g: 39.00 [39m
2026-07-26 04:40:59,747 - Evaluator - INFO - New best with loss-
2026-07-26 04:40:59,748 - Agent - INFO - [37mVal Epoch 12 step 12 with [31mce_loss_combined : 1.321791 [31mce_loss_c : 1.849709 [31mce_loss_g : 1.913845 [31mkl_synergy_rand_1 : 0.063192 [31mkl_synergy_rand_2 : 0.065078 [31mkl_synergy_1 : 0.065147 [31mkl_synergy_2 : 0.072627 [31mtotal : 1.587834 [31mdiag_kl_1 : 0.975436 [31mdiag_kl_2 : 0.868081 [94mAcc_combined: 66.40 [94mAcc_c: 50.91 [94mAcc_g: 41.12 [92mF1_combined: 62.96 [92mF1_c: 49.00 [92mF1_g: 35.48 [39m
2026-07-26 04:40:59,763 - Agent - INFO - [37mTest Epoch 12 step 12 with [31mce_loss_combined : 1.409018 [31mce_loss_c : 2.403680 [31mce_loss_g : 1.877779 [31mkl_synergy_rand_1 : 0.067389 [31mkl_synergy_rand_2 : 0.069471 [31mkl_synergy_1 : 0.067454 [31mkl_synergy_2 : 0.071297 [31mtotal : 1.684628 [31mdiag_kl_1 : 0.945329 [31mdiag_kl_2 : 0.773290 [94mAcc_combined: 60.85 [94mAcc_c: 46.50 [94mAcc_g: 44.72 [92mF1_combined: 55.88 [92mF1_c: 43.59 [92mF1_g: 37.21 [39m
2026-07-26 04:41:01,861 - Agent - INFO - [37mModel saved successfully at: ./data/data/2025_data/synergy/CremadPlus/v2/SynIB_RMask_U_REFABL_cremad_lam0.5x_fold0_l0.5_ir0.5_perturbrandom_fillema_pmin0.20_refuniform.pth.tar[39m
2026-07-26 04:42:09,680 - Agent - INFO - [37mVal Epoch 13 step 13 with [31mce_loss_combined : 1.326800 [31mce_loss_c : 1.809564 [31mce_loss_g : 1.871050 [31mkl_synergy_rand_1 : 0.065003 [31mkl_synergy_rand_2 : 0.065872 [31mkl_synergy_1 : 0.064114 [31mkl_synergy_2 : 0.072832 [31mtotal : 1.594621 [31mdiag_kl_1 : 0.979249 [31mdiag_kl_2 : 0.876866 [94mAcc_combined: 64.69 [94mAcc_c: 50.11 [94mAcc_g: 38.27 [92mF1_combined: 62.06 [92mF1_c: 48.29 [92mF1_g: 33.48 [39m
2026-07-26 04:42:09,694 - Agent - INFO - [37mTest Epoch 13 step 13 with [31mce_loss_combined : 1.407328 [31mce_loss_c : 2.292759 [31mce_loss_g : 1.885836 [31mkl_synergy_rand_1 : 0.065071 [31mkl_synergy_rand_2 : 0.070548 [31mkl_synergy_1 : 0.067050 [31mkl_synergy_2 : 0.075561 [31mtotal : 1.685558 [31mdiag_kl_1 : 0.959808 [31mdiag_kl_2 : 0.779092 [94mAcc_combined: 59.40 [94mAcc_c: 46.16 [94mAcc_g: 43.49 [92mF1_combined: 54.77 [92mF1_c: 43.73 [92mF1_g: 35.47 [39m
2026-07-26 04:43:11,858 - Agent - INFO - [37mVal Epoch 14 step 14 with [31mce_loss_combined : 1.328329 [31mce_loss_c : 1.785663 [31mce_loss_g : 1.817605 [31mkl_synergy_rand_1 : 0.064378 [31mkl_synergy_rand_2 : 0.066005 [31mkl_synergy_1 : 0.063541 [31mkl_synergy_2 : 0.072947 [31mtotal : 1.595201 [31mdiag_kl_1 : 0.978899 [31mdiag_kl_2 : 0.868291 [94mAcc_combined: 63.90 [94mAcc_c: 49.54 [94mAcc_g: 38.84 [92mF1_combined: 61.00 [92mF1_c: 47.78 [92mF1_g: 33.22 [39m
2026-07-26 04:43:11,873 - Agent - INFO - [37mTest Epoch 14 step 14 with [31mce_loss_combined : 1.407571 [31mce_loss_c : 2.284141 [31mce_loss_g : 1.790092 [31mkl_synergy_rand_1 : 0.066436 [31mkl_synergy_rand_2 : 0.068570 [31mkl_synergy_1 : 0.061393 [31mkl_synergy_2 : 0.075835 [31mtotal : 1.679805 [31mdiag_kl_1 : 0.952752 [31mdiag_kl_2 : 0.775363 [94mAcc_combined: 60.51 [94mAcc_c: 45.49 [94mAcc_g: 43.83 [92mF1_combined: 55.69 [92mF1_c: 43.30 [92mF1_g: 37.15 [39m
2026-07-26 04:44:21,508 - Agent - INFO - [37mVal Epoch 15 step 15 with [31mce_loss_combined : 1.332528 [31mce_loss_c : 1.771609 [31mce_loss_g : 1.767682 [31mkl_synergy_rand_1 : 0.063343 [31mkl_synergy_rand_2 : 0.065455 [31mkl_synergy_1 : 0.063021 [31mkl_synergy_2 : 0.072740 [31mtotal : 1.597086 [31mdiag_kl_1 : 0.975662 [31mdiag_kl_2 : 0.876542 [94mAcc_combined: 64.01 [94mAcc_c: 48.29 [94mAcc_g: 39.18 [92mF1_combined: 61.05 [92mF1_c: 46.85 [92mF1_g: 33.22 [39m
2026-07-26 04:44:21,523 - Agent - INFO - [37mTest Epoch 15 step 15 with [31mce_loss_combined : 1.417897 [31mce_loss_c : 2.254617 [31mce_loss_g : 1.765370 [31mkl_synergy_rand_1 : 0.065563 [31mkl_synergy_rand_2 : 0.069538 [31mkl_synergy_1 : 0.064242 [31mkl_synergy_2 : 0.075516 [31mtotal : 1.692755 [31mdiag_kl_1 : 0.949550 [31mdiag_kl_2 : 0.795050 [94mAcc_combined: 60.07 [94mAcc_c: 44.49 [94mAcc_g: 44.05 [92mF1_combined: 55.46 [92mF1_c: 42.56 [92mF1_g: 36.81 [39m
2026-07-26 04:45:24,103 - Agent - INFO - [37mVal Epoch 16 step 16 with [31mce_loss_combined : 1.325254 [31mce_loss_c : 1.741674 [31mce_loss_g : 1.753130 [31mkl_synergy_rand_1 : 0.064657 [31mkl_synergy_rand_2 : 0.065853 [31mkl_synergy_1 : 0.063519 [31mkl_synergy_2 : 0.072516 [31mtotal : 1.591798 [31mdiag_kl_1 : 0.968449 [31mdiag_kl_2 : 0.873452 [94mAcc_combined: 64.46 [94mAcc_c: 47.49 [94mAcc_g: 37.47 [92mF1_combined: 61.39 [92mF1_c: 46.17 [92mF1_g: 32.02 [39m
2026-07-26 04:45:24,122 - Agent - INFO - [37mTest Epoch 16 step 16 with [31mce_loss_combined : 1.414480 [31mce_loss_c : 2.220551 [31mce_loss_g : 1.758198 [31mkl_synergy_rand_1 : 0.065848 [31mkl_synergy_rand_2 : 0.067540 [31mkl_synergy_1 : 0.064369 [31mkl_synergy_2 : 0.072654 [31mtotal : 1.684891 [31mdiag_kl_1 : 0.935955 [31mdiag_kl_2 : 0.796735 [94mAcc_combined: 60.07 [94mAcc_c: 43.38 [94mAcc_g: 43.05 [92mF1_combined: 55.26 [92mF1_c: 41.46 [92mF1_g: 35.54 [39m
2026-07-26 04:46:30,399 - Agent - INFO - [37mVal Epoch 17 step 17 with [31mce_loss_combined : 1.332690 [31mce_loss_c : 1.713014 [31mce_loss_g : 1.729407 [31mkl_synergy_rand_1 : 0.063926 [31mkl_synergy_rand_2 : 0.064772 [31mkl_synergy_1 : 0.060883 [31mkl_synergy_2 : 0.072325 [31mtotal : 1.594595 [31mdiag_kl_1 : 0.981575 [31mdiag_kl_2 : 0.878616 [94mAcc_combined: 63.78 [94mAcc_c: 46.13 [94mAcc_g: 37.70 [92mF1_combined: 61.14 [92mF1_c: 45.68 [92mF1_g: 31.78 [39m
2026-07-26 04:46:30,413 - Agent - INFO - [37mTest Epoch 17 step 17 with [31mce_loss_combined : 1.413165 [31mce_loss_c : 2.119109 [31mce_loss_g : 1.710218 [31mkl_synergy_rand_1 : 0.063909 [31mkl_synergy_rand_2 : 0.067646 [31mkl_synergy_1 : 0.064863 [31mkl_synergy_2 : 0.072494 [31mtotal : 1.682077 [31mdiag_kl_1 : 0.957494 [31mdiag_kl_2 : 0.790821 [94mAcc_combined: 60.29 [94mAcc_c: 42.05 [94mAcc_g: 42.38 [92mF1_combined: 55.64 [92mF1_c: 40.64 [92mF1_g: 35.32 [39m
2026-07-26 04:47:33,001 - Agent - INFO - [37mVal Epoch 18 step 18 with [31mce_loss_combined : 1.334983 [31mce_loss_c : 1.720476 [31mce_loss_g : 1.732106 [31mkl_synergy_rand_1 : 0.064209 [31mkl_synergy_rand_2 : 0.064591 [31mkl_synergy_1 : 0.059711 [31mkl_synergy_2 : 0.070508 [31mtotal : 1.594002 [31mdiag_kl_1 : 0.969247 [31mdiag_kl_2 : 0.884237 [94mAcc_combined: 63.67 [94mAcc_c: 45.67 [94mAcc_g: 38.50 [92mF1_combined: 60.82 [92mF1_c: 45.35 [92mF1_g: 32.00 [39m
2026-07-26 04:47:33,016 - Agent - INFO - [37mTest Epoch 18 step 18 with [31mce_loss_combined : 1.413344 [31mce_loss_c : 2.129814 [31mce_loss_g : 1.710366 [31mkl_synergy_rand_1 : 0.062510 [31mkl_synergy_rand_2 : 0.065748 [31mkl_synergy_1 : 0.062436 [31mkl_synergy_2 : 0.068844 [31mtotal : 1.672882 [31mdiag_kl_1 : 0.954568 [31mdiag_kl_2 : 0.806693 [94mAcc_combined: 59.84 [94mAcc_c: 40.71 [94mAcc_g: 40.82 [92mF1_combined: 55.28 [92mF1_c: 39.65 [92mF1_g: 34.28 [39m
2026-07-26 04:48:39,055 - Agent - INFO - [37mVal Epoch 19 step 19 with [31mce_loss_combined : 1.335613 [31mce_loss_c : 1.686118 [31mce_loss_g : 1.690480 [31mkl_synergy_rand_1 : 0.061695 [31mkl_synergy_rand_2 : 0.062142 [31mkl_synergy_1 : 0.057455 [31mkl_synergy_2 : 0.067614 [31mtotal : 1.584520 [31mdiag_kl_1 : 0.978843 [31mdiag_kl_2 : 0.882680 [94mAcc_combined: 64.58 [94mAcc_c: 44.31 [94mAcc_g: 40.09 [92mF1_combined: 60.82 [92mF1_c: 44.15 [92mF1_g: 33.08 [39m
2026-07-26 04:48:39,070 - Agent - INFO - [37mTest Epoch 19 step 19 with [31mce_loss_combined : 1.422059 [31mce_loss_c : 2.060982 [31mce_loss_g : 1.686228 [31mkl_synergy_rand_1 : 0.060694 [31mkl_synergy_rand_2 : 0.063917 [31mkl_synergy_1 : 0.056160 [31mkl_synergy_2 : 0.063583 [31mtotal : 1.666412 [31mdiag_kl_1 : 0.962358 [31mdiag_kl_2 : 0.798098 [94mAcc_combined: 60.73 [94mAcc_c: 40.04 [94mAcc_g: 40.93 [92mF1_combined: 55.58 [92mF1_c: 39.26 [92mF1_g: 33.55 [39m
2026-07-26 04:49:43,953 - Agent - INFO - [37mVal Epoch 20 step 20 with [31mce_loss_combined : 1.333825 [31mce_loss_c : 1.675530 [31mce_loss_g : 1.692883 [31mkl_synergy_rand_1 : 0.063175 [31mkl_synergy_rand_2 : 0.062738 [31mkl_synergy_1 : 0.057575 [31mkl_synergy_2 : 0.066897 [31mtotal : 1.584210 [31mdiag_kl_1 : 0.967390 [31mdiag_kl_2 : 0.890195 [94mAcc_combined: 64.24 [94mAcc_c: 43.28 [94mAcc_g: 39.98 [92mF1_combined: 60.95 [92mF1_c: 43.58 [92mF1_g: 33.55 [39m
2026-07-26 04:49:43,967 - Agent - INFO - [37mTest Epoch 20 step 20 with [31mce_loss_combined : 1.410372 [31mce_loss_c : 1.995717 [31mce_loss_g : 1.660536 [31mkl_synergy_rand_1 : 0.062258 [31mkl_synergy_rand_2 : 0.065080 [31mkl_synergy_1 : 0.057385 [31mkl_synergy_2 : 0.066266 [31mtotal : 1.661362 [31mdiag_kl_1 : 0.959473 [31mdiag_kl_2 : 0.803329 [94mAcc_combined: 61.07 [94mAcc_c: 39.04 [94mAcc_g: 40.71 [92mF1_combined: 56.40 [92mF1_c: 38.74 [92mF1_g: 34.18 [39m
2026-07-26 04:50:55,032 - Agent - INFO - [37mVal Epoch 21 step 21 with [31mce_loss_combined : 1.333503 [31mce_loss_c : 1.696587 [31mce_loss_g : 1.681212 [31mkl_synergy_rand_1 : 0.063572 [31mkl_synergy_rand_2 : 0.061168 [31mkl_synergy_1 : 0.058751 [31mkl_synergy_2 : 0.063687 [31mtotal : 1.580680 [31mdiag_kl_1 : 0.953808 [31mdiag_kl_2 : 0.905127 [94mAcc_combined: 64.35 [94mAcc_c: 40.89 [94mAcc_g: 39.41 [92mF1_combined: 61.20 [92mF1_c: 41.57 [92mF1_g: 32.52 [39m
2026-07-26 04:50:55,047 - Agent - INFO - [37mTest Epoch 21 step 21 with [31mce_loss_combined : 1.409278 [31mce_loss_c : 1.998071 [31mce_loss_g : 1.660202 [31mkl_synergy_rand_1 : 0.065063 [31mkl_synergy_rand_2 : 0.063525 [31mkl_synergy_1 : 0.056910 [31mkl_synergy_2 : 0.064999 [31mtotal : 1.659775 [31mdiag_kl_1 : 0.930125 [31mdiag_kl_2 : 0.814301 [94mAcc_combined: 60.73 [94mAcc_c: 37.37 [94mAcc_g: 41.27 [92mF1_combined: 56.20 [92mF1_c: 37.28 [92mF1_g: 34.52 [39m
2026-07-26 04:51:59,635 - Agent - INFO - [37mVal Epoch 22 step 22 with [31mce_loss_combined : 1.342771 [31mce_loss_c : 1.669498 [31mce_loss_g : 1.692146 [31mkl_synergy_rand_1 : 0.062203 [31mkl_synergy_rand_2 : 0.061193 [31mkl_synergy_1 : 0.058211 [31mkl_synergy_2 : 0.063664 [31mtotal : 1.588042 [31mdiag_kl_1 : 0.964343 [31mdiag_kl_2 : 0.897537 [94mAcc_combined: 64.01 [94mAcc_c: 40.66 [94mAcc_g: 38.84 [92mF1_combined: 60.89 [92mF1_c: 41.68 [92mF1_g: 31.74 [39m
2026-07-26 04:51:59,650 - Agent - INFO - [37mTest Epoch 22 step 22 with [31mce_loss_combined : 1.414978 [31mce_loss_c : 1.939211 [31mce_loss_g : 1.662252 [31mkl_synergy_rand_1 : 0.065385 [31mkl_synergy_rand_2 : 0.061999 [31mkl_synergy_1 : 0.057708 [31mkl_synergy_2 : 0.065712 [31mtotal : 1.665782 [31mdiag_kl_1 : 0.933991 [31mdiag_kl_2 : 0.819680 [94mAcc_combined: 60.51 [94mAcc_c: 37.04 [94mAcc_g: 41.71 [92mF1_combined: 56.23 [92mF1_c: 37.35 [92mF1_g: 34.85 [39m
2026-07-26 04:53:08,909 - Agent - INFO - [37mVal Epoch 23 step 23 with [31mce_loss_combined : 1.332252 [31mce_loss_c : 1.698659 [31mce_loss_g : 1.667071 [31mkl_synergy_rand_1 : 0.063098 [31mkl_synergy_rand_2 : 0.060386 [31mkl_synergy_1 : 0.059067 [31mkl_synergy_2 : 0.062417 [31mtotal : 1.577220 [31mdiag_kl_1 : 0.945671 [31mdiag_kl_2 : 0.920539 [94mAcc_combined: 65.60 [94mAcc_c: 38.38 [94mAcc_g: 39.64 [92mF1_combined: 62.40 [92mF1_c: 39.40 [92mF1_g: 31.98 [39m
2026-07-26 04:53:08,926 - Agent - INFO - [37mTest Epoch 23 step 23 with [31mce_loss_combined : 1.416483 [31mce_loss_c : 1.932139 [31mce_loss_g : 1.647450 [31mkl_synergy_rand_1 : 0.062863 [31mkl_synergy_rand_2 : 0.062239 [31mkl_synergy_1 : 0.057836 [31mkl_synergy_2 : 0.063360 [31mtotal : 1.662780 [31mdiag_kl_1 : 0.938286 [31mdiag_kl_2 : 0.831936 [94mAcc_combined: 60.73 [94mAcc_c: 36.15 [94mAcc_g: 42.27 [92mF1_combined: 56.27 [92mF1_c: 36.55 [92mF1_g: 35.46 [39m
2026-07-26 04:54:15,231 - Agent - INFO - [37mVal Epoch 24 step 24 with [31mce_loss_combined : 1.341560 [31mce_loss_c : 1.675225 [31mce_loss_g : 1.646944 [31mkl_synergy_rand_1 : 0.061136 [31mkl_synergy_rand_2 : 0.059789 [31mkl_synergy_1 : 0.057031 [31mkl_synergy_2 : 0.059582 [31mtotal : 1.579098 [31mdiag_kl_1 : 0.960685 [31mdiag_kl_2 : 0.929103 [94mAcc_combined: 65.03 [94mAcc_c: 37.93 [94mAcc_g: 41.00 [92mF1_combined: 61.77 [92mF1_c: 39.45 [92mF1_g: 32.87 [39m
2026-07-26 04:54:15,246 - Agent - INFO - [37mTest Epoch 24 step 24 with [31mce_loss_combined : 1.431868 [31mce_loss_c : 1.878662 [31mce_loss_g : 1.641216 [31mkl_synergy_rand_1 : 0.060777 [31mkl_synergy_rand_2 : 0.058147 [31mkl_synergy_1 : 0.056350 [31mkl_synergy_2 : 0.059698 [31mtotal : 1.666839 [31mdiag_kl_1 : 0.949333 [31mdiag_kl_2 : 0.839374 [94mAcc_combined: 59.62 [94mAcc_c: 35.37 [94mAcc_g: 43.38 [92mF1_combined: 55.17 [92mF1_c: 35.93 [92mF1_g: 36.03 [39m
2026-07-26 04:55:23,972 - Agent - INFO - [37mVal Epoch 25 step 25 with [31mce_loss_combined : 1.339427 [31mce_loss_c : 1.710857 [31mce_loss_g : 1.656600 [31mkl_synergy_rand_1 : 0.062180 [31mkl_synergy_rand_2 : 0.059947 [31mkl_synergy_1 : 0.058987 [31mkl_synergy_2 : 0.060803 [31mtotal : 1.581345 [31mdiag_kl_1 : 0.947722 [31mdiag_kl_2 : 0.928467 [94mAcc_combined: 64.01 [94mAcc_c: 35.65 [94mAcc_g: 41.46 [92mF1_combined: 60.79 [92mF1_c: 36.73 [92mF1_g: 33.24 [39m
2026-07-26 04:55:23,987 - Agent - INFO - [37mTest Epoch 25 step 25 with [31mce_loss_combined : 1.427804 [31mce_loss_c : 1.894037 [31mce_loss_g : 1.641771 [31mkl_synergy_rand_1 : 0.061345 [31mkl_synergy_rand_2 : 0.059375 [31mkl_synergy_1 : 0.056907 [31mkl_synergy_2 : 0.058358 [31mtotal : 1.663789 [31mdiag_kl_1 : 0.937299 [31mdiag_kl_2 : 0.842194 [94mAcc_combined: 59.18 [94mAcc_c: 35.26 [94mAcc_g: 43.49 [92mF1_combined: 54.74 [92mF1_c: 35.78 [92mF1_g: 36.43 [39m
2026-07-26 04:56:35,444 - Agent - INFO - [37mVal Epoch 26 step 26 with [31mce_loss_combined : 1.338376 [31mce_loss_c : 1.714727 [31mce_loss_g : 1.646270 [31mkl_synergy_rand_1 : 0.062587 [31mkl_synergy_rand_2 : 0.059603 [31mkl_synergy_1 : 0.058952 [31mkl_synergy_2 : 0.060216 [31mtotal : 1.579733 [31mdiag_kl_1 : 0.946055 [31mdiag_kl_2 : 0.935742 [94mAcc_combined: 64.46 [94mAcc_c: 35.65 [94mAcc_g: 41.57 [92mF1_combined: 61.39 [92mF1_c: 36.68 [92mF1_g: 33.42 [39m
2026-07-26 04:56:35,459 - Agent - INFO - [37mTest Epoch 26 step 26 with [31mce_loss_combined : 1.427668 [31mce_loss_c : 1.889314 [31mce_loss_g : 1.637677 [31mkl_synergy_rand_1 : 0.062759 [31mkl_synergy_rand_2 : 0.059631 [31mkl_synergy_1 : 0.055947 [31mkl_synergy_2 : 0.058327 [31mtotal : 1.664332 [31mdiag_kl_1 : 0.933161 [31mdiag_kl_2 : 0.842503 [94mAcc_combined: 59.29 [94mAcc_c: 34.93 [94mAcc_g: 44.05 [92mF1_combined: 55.03 [92mF1_c: 35.48 [92mF1_g: 36.63 [39m
2026-07-26 04:57:39,535 - Agent - INFO - [37mVal Epoch 27 step 27 with [31mce_loss_combined : 1.336024 [31mce_loss_c : 1.713384 [31mce_loss_g : 1.658208 [31mkl_synergy_rand_1 : 0.062225 [31mkl_synergy_rand_2 : 0.059529 [31mkl_synergy_1 : 0.058951 [31mkl_synergy_2 : 0.059244 [31mtotal : 1.575973 [31mdiag_kl_1 : 0.946014 [31mdiag_kl_2 : 0.926052 [94mAcc_combined: 64.58 [94mAcc_c: 34.97 [94mAcc_g: 41.46 [92mF1_combined: 61.23 [92mF1_c: 36.25 [92mF1_g: 32.89 [39m
2026-07-26 04:57:39,549 - Agent - INFO - [37mTest Epoch 27 step 27 with [31mce_loss_combined : 1.422997 [31mce_loss_c : 1.868390 [31mce_loss_g : 1.644524 [31mkl_synergy_rand_1 : 0.061469 [31mkl_synergy_rand_2 : 0.060040 [31mkl_synergy_1 : 0.055241 [31mkl_synergy_2 : 0.057788 [31mtotal : 1.657536 [31mdiag_kl_1 : 0.936682 [31mdiag_kl_2 : 0.842129 [94mAcc_combined: 59.62 [94mAcc_c: 34.48 [94mAcc_g: 44.27 [92mF1_combined: 55.30 [92mF1_c: 35.16 [92mF1_g: 37.00 [39m
2026-07-26 04:58:43,881 - Agent - INFO - [37mVal Epoch 28 step 28 with [31mce_loss_combined : 1.338462 [31mce_loss_c : 1.719284 [31mce_loss_g : 1.655780 [31mkl_synergy_rand_1 : 0.063160 [31mkl_synergy_rand_2 : 0.059946 [31mkl_synergy_1 : 0.059230 [31mkl_synergy_2 : 0.059904 [31mtotal : 1.580701 [31mdiag_kl_1 : 0.942295 [31mdiag_kl_2 : 0.930558 [94mAcc_combined: 64.12 [94mAcc_c: 34.74 [94mAcc_g: 41.12 [92mF1_combined: 60.90 [92mF1_c: 35.86 [92mF1_g: 32.73 [39m
2026-07-26 04:58:43,896 - Agent - INFO - [37mTest Epoch 28 step 28 with [31mce_loss_combined : 1.425946 [31mce_loss_c : 1.877320 [31mce_loss_g : 1.643407 [31mkl_synergy_rand_1 : 0.061644 [31mkl_synergy_rand_2 : 0.061321 [31mkl_synergy_1 : 0.056550 [31mkl_synergy_2 : 0.058683 [31mtotal : 1.664144 [31mdiag_kl_1 : 0.933311 [31mdiag_kl_2 : 0.841320 [94mAcc_combined: 59.40 [94mAcc_c: 34.37 [94mAcc_g: 43.94 [92mF1_combined: 55.24 [92mF1_c: 35.13 [92mF1_g: 36.51 [39m
2026-07-26 04:59:47,498 - Agent - INFO - [37mVal Epoch 29 step 29 with [31mce_loss_combined : 1.336806 [31mce_loss_c : 1.731493 [31mce_loss_g : 1.651327 [31mkl_synergy_rand_1 : 0.063373 [31mkl_synergy_rand_2 : 0.060422 [31mkl_synergy_1 : 0.057756 [31mkl_synergy_2 : 0.060130 [31mtotal : 1.578487 [31mdiag_kl_1 : 0.941965 [31mdiag_kl_2 : 0.934936 [94mAcc_combined: 64.24 [94mAcc_c: 34.62 [94mAcc_g: 41.80 [92mF1_combined: 61.06 [92mF1_c: 35.56 [92mF1_g: 33.15 [39m
2026-07-26 04:59:47,513 - Agent - INFO - [37mTest Epoch 29 step 29 with [31mce_loss_combined : 1.425277 [31mce_loss_c : 1.887252 [31mce_loss_g : 1.638711 [31mkl_synergy_rand_1 : 0.061747 [31mkl_synergy_rand_2 : 0.061613 [31mkl_synergy_1 : 0.056736 [31mkl_synergy_2 : 0.057853 [31mtotal : 1.663226 [31mdiag_kl_1 : 0.935673 [31mdiag_kl_2 : 0.843272 [94mAcc_combined: 59.62 [94mAcc_c: 33.93 [94mAcc_g: 45.16 [92mF1_combined: 55.47 [92mF1_c: 34.53 [92mF1_g: 37.61 [39m
2026-07-26 05:00:59,070 - Agent - INFO - [37mVal Epoch 30 step 30 with [31mce_loss_combined : 1.333286 [31mce_loss_c : 1.750501 [31mce_loss_g : 1.647614 [31mkl_synergy_rand_1 : 0.063088 [31mkl_synergy_rand_2 : 0.058911 [31mkl_synergy_1 : 0.058353 [31mkl_synergy_2 : 0.059802 [31mtotal : 1.573440 [31mdiag_kl_1 : 0.940175 [31mdiag_kl_2 : 0.938847 [94mAcc_combined: 64.46 [94mAcc_c: 33.37 [94mAcc_g: 42.14 [92mF1_combined: 61.14 [92mF1_c: 34.62 [92mF1_g: 33.52 [39m
2026-07-26 05:00:59,085 - Agent - INFO - [37mTest Epoch 30 step 30 with [31mce_loss_combined : 1.417138 [31mce_loss_c : 1.891041 [31mce_loss_g : 1.636305 [31mkl_synergy_rand_1 : 0.064014 [31mkl_synergy_rand_2 : 0.058234 [31mkl_synergy_1 : 0.056509 [31mkl_synergy_2 : 0.059425 [31mtotal : 1.655319 [31mdiag_kl_1 : 0.922858 [31mdiag_kl_2 : 0.840416 [94mAcc_combined: 60.62 [94mAcc_c: 33.48 [94mAcc_g: 45.38 [92mF1_combined: 56.39 [92mF1_c: 34.05 [92mF1_g: 37.87 [39m
2026-07-26 05:02:07,903 - Agent - INFO - [37mVal Epoch 31 step 31 with [31mce_loss_combined : 1.334829 [31mce_loss_c : 1.753181 [31mce_loss_g : 1.652357 [31mkl_synergy_rand_1 : 0.063500 [31mkl_synergy_rand_2 : 0.059610 [31mkl_synergy_1 : 0.059680 [31mkl_synergy_2 : 0.059838 [31mtotal : 1.577458 [31mdiag_kl_1 : 0.929438 [31mdiag_kl_2 : 0.939187 [94mAcc_combined: 64.69 [94mAcc_c: 33.71 [94mAcc_g: 42.37 [92mF1_combined: 61.53 [92mF1_c: 34.80 [92mF1_g: 33.76 [39m
2026-07-26 05:02:07,917 - Agent - INFO - [37mTest Epoch 31 step 31 with [31mce_loss_combined : 1.418725 [31mce_loss_c : 1.897952 [31mce_loss_g : 1.639893 [31mkl_synergy_rand_1 : 0.061220 [31mkl_synergy_rand_2 : 0.058791 [31mkl_synergy_1 : 0.055865 [31mkl_synergy_2 : 0.058629 [31mtotal : 1.653232 [31mdiag_kl_1 : 0.930154 [31mdiag_kl_2 : 0.845636 [94mAcc_combined: 59.51 [94mAcc_c: 33.37 [94mAcc_g: 44.72 [92mF1_combined: 55.25 [92mF1_c: 33.56 [92mF1_g: 37.45 [39m
2026-07-26 05:03:09,255 - Agent - INFO - [37mVal Epoch 32 step 32 with [31mce_loss_combined : 1.337747 [31mce_loss_c : 1.742120 [31mce_loss_g : 1.650418 [31mkl_synergy_rand_1 : 0.062936 [31mkl_synergy_rand_2 : 0.058976 [31mkl_synergy_1 : 0.060341 [31mkl_synergy_2 : 0.060426 [31mtotal : 1.580426 [31mdiag_kl_1 : 0.939720 [31mdiag_kl_2 : 0.937029 [94mAcc_combined: 64.58 [94mAcc_c: 34.17 [94mAcc_g: 42.60 [92mF1_combined: 61.29 [92mF1_c: 35.22 [92mF1_g: 33.88 [39m
2026-07-26 05:03:09,270 - Agent - INFO - [37mTest Epoch 32 step 32 with [31mce_loss_combined : 1.422236 [31mce_loss_c : 1.885763 [31mce_loss_g : 1.638014 [31mkl_synergy_rand_1 : 0.062657 [31mkl_synergy_rand_2 : 0.058870 [31mkl_synergy_1 : 0.058346 [31mkl_synergy_2 : 0.060207 [31mtotal : 1.662316 [31mdiag_kl_1 : 0.927424 [31mdiag_kl_2 : 0.848517 [94mAcc_combined: 60.18 [94mAcc_c: 33.82 [94mAcc_g: 45.16 [92mF1_combined: 56.02 [92mF1_c: 34.10 [92mF1_g: 37.61 [39m
2026-07-26 05:04:17,084 - Agent - INFO - [37mVal Epoch 33 step 33 with [31mce_loss_combined : 1.354074 [31mce_loss_c : 1.756842 [31mce_loss_g : 1.669077 [31mkl_synergy_rand_1 : 0.061431 [31mkl_synergy_rand_2 : 0.057759 [31mkl_synergy_1 : 0.057536 [31mkl_synergy_2 : 0.056243 [31mtotal : 1.587043 [31mdiag_kl_1 : 0.946908 [31mdiag_kl_2 : 0.949690 [94mAcc_combined: 62.98 [94mAcc_c: 32.35 [94mAcc_g: 40.66 [92mF1_combined: 60.20 [92mF1_c: 33.35 [92mF1_g: 32.81 [39m
2026-07-26 05:04:17,099 - Agent - INFO - [37mTest Epoch 33 step 33 with [31mce_loss_combined : 1.428184 [31mce_loss_c : 1.874924 [31mce_loss_g : 1.645705 [31mkl_synergy_rand_1 : 0.060761 [31mkl_synergy_rand_2 : 0.059752 [31mkl_synergy_1 : 0.056890 [31mkl_synergy_2 : 0.057043 [31mtotal : 1.662630 [31mdiag_kl_1 : 0.933772 [31mdiag_kl_2 : 0.859261 [94mAcc_combined: 58.18 [94mAcc_c: 32.59 [94mAcc_g: 42.60 [92mF1_combined: 54.81 [92mF1_c: 32.94 [92mF1_g: 35.32 [39m
2026-07-26 05:05:22,294 - Agent - INFO - [37mVal Epoch 34 step 34 with [31mce_loss_combined : 1.337230 [31mce_loss_c : 1.781533 [31mce_loss_g : 1.654963 [31mkl_synergy_rand_1 : 0.062823 [31mkl_synergy_rand_2 : 0.058312 [31mkl_synergy_1 : 0.057960 [31mkl_synergy_2 : 0.056381 [31mtotal : 1.572706 [31mdiag_kl_1 : 0.923194 [31mdiag_kl_2 : 0.941315 [94mAcc_combined: 65.95 [94mAcc_c: 31.55 [94mAcc_g: 41.23 [92mF1_combined: 61.36 [92mF1_c: 32.04 [92mF1_g: 31.98 [39m
2026-07-26 05:05:22,309 - Agent - INFO - [37mTest Epoch 34 step 34 with [31mce_loss_combined : 1.425651 [31mce_loss_c : 1.860448 [31mce_loss_g : 1.640420 [31mkl_synergy_rand_1 : 0.060516 [31mkl_synergy_rand_2 : 0.056377 [31mkl_synergy_1 : 0.055915 [31mkl_synergy_2 : 0.053626 [31mtotal : 1.652085 [31mdiag_kl_1 : 0.927802 [31mdiag_kl_2 : 0.860940 [94mAcc_combined: 60.85 [94mAcc_c: 30.92 [94mAcc_g: 44.49 [92mF1_combined: 56.12 [92mF1_c: 30.85 [92mF1_g: 36.45 [39m
2026-07-26 05:06:24,005 - Agent - INFO - [37mVal Epoch 35 step 35 with [31mce_loss_combined : 1.345992 [31mce_loss_c : 1.793188 [31mce_loss_g : 1.645054 [31mkl_synergy_rand_1 : 0.061604 [31mkl_synergy_rand_2 : 0.056889 [31mkl_synergy_1 : 0.057954 [31mkl_synergy_2 : 0.054624 [31mtotal : 1.577063 [31mdiag_kl_1 : 0.933106 [31mdiag_kl_2 : 0.951196 [94mAcc_combined: 65.60 [94mAcc_c: 29.50 [94mAcc_g: 41.69 [92mF1_combined: 61.99 [92mF1_c: 30.26 [92mF1_g: 32.49 [39m
2026-07-26 05:06:24,020 - Agent - INFO - [37mTest Epoch 35 step 35 with [31mce_loss_combined : 1.438484 [31mce_loss_c : 1.842896 [31mce_loss_g : 1.630459 [31mkl_synergy_rand_1 : 0.059313 [31mkl_synergy_rand_2 : 0.054304 [31mkl_synergy_1 : 0.055552 [31mkl_synergy_2 : 0.050748 [31mtotal : 1.658401 [31mdiag_kl_1 : 0.930684 [31mdiag_kl_2 : 0.865107 [94mAcc_combined: 60.51 [94mAcc_c: 29.48 [94mAcc_g: 44.38 [92mF1_combined: 56.23 [92mF1_c: 29.71 [92mF1_g: 36.35 [39m
2026-07-26 05:07:27,956 - Agent - INFO - [37mVal Epoch 36 step 36 with [31mce_loss_combined : 1.352565 [31mce_loss_c : 1.798411 [31mce_loss_g : 1.646973 [31mkl_synergy_rand_1 : 0.061171 [31mkl_synergy_rand_2 : 0.056151 [31mkl_synergy_1 : 0.056792 [31mkl_synergy_2 : 0.052508 [31mtotal : 1.579187 [31mdiag_kl_1 : 0.939726 [31mdiag_kl_2 : 0.963827 [94mAcc_combined: 65.15 [94mAcc_c: 29.84 [94mAcc_g: 43.05 [92mF1_combined: 62.03 [92mF1_c: 29.73 [92mF1_g: 34.59 [39m
2026-07-26 05:07:27,971 - Agent - INFO - [37mTest Epoch 36 step 36 with [31mce_loss_combined : 1.424396 [31mce_loss_c : 1.852221 [31mce_loss_g : 1.630752 [31mkl_synergy_rand_1 : 0.061576 [31mkl_synergy_rand_2 : 0.057268 [31mkl_synergy_1 : 0.057433 [31mkl_synergy_2 : 0.052898 [31mtotal : 1.653570 [31mdiag_kl_1 : 0.927767 [31mdiag_kl_2 : 0.870621 [94mAcc_combined: 59.84 [94mAcc_c: 28.59 [94mAcc_g: 43.38 [92mF1_combined: 55.90 [92mF1_c: 28.29 [92mF1_g: 35.32 [39m
2026-07-26 05:08:30,339 - Agent - INFO - [37mVal Epoch 37 step 37 with [31mce_loss_combined : 1.341652 [31mce_loss_c : 1.843566 [31mce_loss_g : 1.617517 [31mkl_synergy_rand_1 : 0.062056 [31mkl_synergy_rand_2 : 0.055981 [31mkl_synergy_1 : 0.056659 [31mkl_synergy_2 : 0.053337 [31mtotal : 1.569684 [31mdiag_kl_1 : 0.914893 [31mdiag_kl_2 : 0.973756 [94mAcc_combined: 66.06 [94mAcc_c: 27.45 [94mAcc_g: 44.19 [92mF1_combined: 63.17 [92mF1_c: 27.18 [92mF1_g: 34.56 [39m
2026-07-26 05:08:30,353 - Agent - INFO - [37mTest Epoch 37 step 37 with [31mce_loss_combined : 1.414406 [31mce_loss_c : 1.869661 [31mce_loss_g : 1.603505 [31mkl_synergy_rand_1 : 0.061012 [31mkl_synergy_rand_2 : 0.055302 [31mkl_synergy_1 : 0.057192 [31mkl_synergy_2 : 0.050166 [31mtotal : 1.638078 [31mdiag_kl_1 : 0.911317 [31mdiag_kl_2 : 0.885950 [94mAcc_combined: 60.51 [94mAcc_c: 27.25 [94mAcc_g: 44.72 [92mF1_combined: 56.54 [92mF1_c: 26.02 [92mF1_g: 36.92 [39m
2026-07-26 05:09:37,755 - Agent - INFO - [37mVal Epoch 38 step 38 with [31mce_loss_combined : 1.364814 [31mce_loss_c : 1.834744 [31mce_loss_g : 1.648432 [31mkl_synergy_rand_1 : 0.060462 [31mkl_synergy_rand_2 : 0.054568 [31mkl_synergy_1 : 0.057224 [31mkl_synergy_2 : 0.050670 [31mtotal : 1.587738 [31mdiag_kl_1 : 0.942045 [31mdiag_kl_2 : 0.984899 [94mAcc_combined: 63.67 [94mAcc_c: 27.68 [94mAcc_g: 42.82 [92mF1_combined: 61.01 [92mF1_c: 27.17 [92mF1_g: 34.23 [39m
2026-07-26 05:09:37,770 - Agent - INFO - [37mTest Epoch 38 step 38 with [31mce_loss_combined : 1.432149 [31mce_loss_c : 1.850342 [31mce_loss_g : 1.619970 [31mkl_synergy_rand_1 : 0.058977 [31mkl_synergy_rand_2 : 0.054298 [31mkl_synergy_1 : 0.055606 [31mkl_synergy_2 : 0.049175 [31mtotal : 1.650205 [31mdiag_kl_1 : 0.931915 [31mdiag_kl_2 : 0.895395 [94mAcc_combined: 59.07 [94mAcc_c: 25.47 [94mAcc_g: 43.49 [92mF1_combined: 55.92 [92mF1_c: 24.62 [92mF1_g: 35.97 [39m
2026-07-26 05:10:44,478 - Agent - INFO - [37mVal Epoch 39 step 39 with [31mce_loss_combined : 1.351626 [31mce_loss_c : 1.877888 [31mce_loss_g : 1.629140 [31mkl_synergy_rand_1 : 0.062615 [31mkl_synergy_rand_2 : 0.055395 [31mkl_synergy_1 : 0.059579 [31mkl_synergy_2 : 0.049747 [31mtotal : 1.578963 [31mdiag_kl_1 : 0.916654 [31mdiag_kl_2 : 0.984211 [94mAcc_combined: 65.03 [94mAcc_c: 26.54 [94mAcc_g: 44.08 [92mF1_combined: 62.12 [92mF1_c: 26.01 [92mF1_g: 34.61 [39m
2026-07-26 05:10:44,493 - Agent - INFO - [37mTest Epoch 39 step 39 with [31mce_loss_combined : 1.431765 [31mce_loss_c : 1.877468 [31mce_loss_g : 1.617631 [31mkl_synergy_rand_1 : 0.062926 [31mkl_synergy_rand_2 : 0.054858 [31mkl_synergy_1 : 0.059419 [31mkl_synergy_2 : 0.049379 [31mtotal : 1.658347 [31mdiag_kl_1 : 0.906563 [31mdiag_kl_2 : 0.889971 [94mAcc_combined: 60.29 [94mAcc_c: 24.69 [94mAcc_g: 44.38 [92mF1_combined: 56.61 [92mF1_c: 23.11 [92mF1_g: 36.26 [39m
2026-07-26 05:11:50,619 - Agent - INFO - [37mVal Epoch 40 step 40 with [31mce_loss_combined : 1.370683 [31mce_loss_c : 1.843320 [31mce_loss_g : 1.626530 [31mkl_synergy_rand_1 : 0.060369 [31mkl_synergy_rand_2 : 0.054012 [31mkl_synergy_1 : 0.056833 [31mkl_synergy_2 : 0.048974 [31mtotal : 1.590871 [31mdiag_kl_1 : 0.943837 [31mdiag_kl_2 : 0.997403 [94mAcc_combined: 62.98 [94mAcc_c: 26.08 [94mAcc_g: 42.37 [92mF1_combined: 60.79 [92mF1_c: 25.15 [92mF1_g: 33.05 [39m
2026-07-26 05:11:50,634 - Agent - INFO - [37mTest Epoch 40 step 40 with [31mce_loss_combined : 1.446331 [31mce_loss_c : 1.846276 [31mce_loss_g : 1.621832 [31mkl_synergy_rand_1 : 0.061782 [31mkl_synergy_rand_2 : 0.056642 [31mkl_synergy_1 : 0.056281 [31mkl_synergy_2 : 0.049361 [31mtotal : 1.670396 [31mdiag_kl_1 : 0.923602 [31mdiag_kl_2 : 0.895303 [94mAcc_combined: 58.06 [94mAcc_c: 21.91 [94mAcc_g: 43.38 [92mF1_combined: 54.84 [92mF1_c: 20.85 [92mF1_g: 34.62 [39m
2026-07-26 05:12:58,803 - Agent - INFO - [37mVal Epoch 41 step 41 with [31mce_loss_combined : 1.362030 [31mce_loss_c : 1.909964 [31mce_loss_g : 1.610056 [31mkl_synergy_rand_1 : 0.063448 [31mkl_synergy_rand_2 : 0.055364 [31mkl_synergy_1 : 0.059448 [31mkl_synergy_2 : 0.049563 [31mtotal : 1.589854 [31mdiag_kl_1 : 0.932427 [31mdiag_kl_2 : 1.007718 [94mAcc_combined: 63.44 [94mAcc_c: 23.69 [94mAcc_g: 43.96 [92mF1_combined: 61.38 [92mF1_c: 21.09 [92mF1_g: 34.81 [39m
2026-07-26 05:12:58,818 - Agent - INFO - [37mTest Epoch 41 step 41 with [31mce_loss_combined : 1.445462 [31mce_loss_c : 1.905968 [31mce_loss_g : 1.610539 [31mkl_synergy_rand_1 : 0.064000 [31mkl_synergy_rand_2 : 0.058597 [31mkl_synergy_1 : 0.060226 [31mkl_synergy_2 : 0.051210 [31mtotal : 1.679494 [31mdiag_kl_1 : 0.918653 [31mdiag_kl_2 : 0.904547 [94mAcc_combined: 57.06 [94mAcc_c: 20.24 [94mAcc_g: 44.72 [92mF1_combined: 53.85 [92mF1_c: 17.89 [92mF1_g: 36.43 [39m
2026-07-26 05:13:08,819 - Agent - INFO - We are in the final state.
2026-07-26 05:13:09,280 - root - INFO - Loaded best model from best_model_accuracy_state_dict
2026-07-26 05:13:19,309 - Agent - INFO - [37mVal Epoch 41 step 0 with [31mce_loss_combined : 1.336268 [31mce_loss_c : 1.931664 [31mce_loss_g : 2.160360 [31mkl_synergy_rand_1 : 0.059672 [31mkl_synergy_rand_2 : 0.062908 [31mkl_synergy_1 : 0.062826 [31mkl_synergy_2 : 0.069246 [31mtotal : 1.590920 [31mdiag_kl_1 : 0.975455 [31mdiag_kl_2 : 0.870915 [94mAcc_combined: 67.08 [94mAcc_c: 53.76 [94mAcc_g: 43.28 [92mF1_combined: 62.27 [92mF1_c: 50.68 [92mF1_g: 36.99 [39m
2026-07-26 05:13:34,510 - Agent - INFO - [37mTest Epoch 41 step 0 with [31mce_loss_combined : 1.425274 [31mce_loss_c : 2.525414 [31mce_loss_g : 2.116016 [31mkl_synergy_rand_1 : 0.064248 [31mkl_synergy_rand_2 : 0.068758 [31mkl_synergy_1 : 0.065917 [31mkl_synergy_2 : 0.071129 [31mtotal : 1.695327 [31mdiag_kl_1 : 0.954108 [31mdiag_kl_2 : 0.777971 [94mAcc_combined: 60.85 [94mAcc_c: 48.28 [94mAcc_g: 47.94 [92mF1_combined: 54.65 [92mF1_c: 44.50 [92mF1_g: 39.66 [39m
2026-07-26 05:13:37,111 - Agent - INFO - [37mModel saved successfully at: ./data/data/2025_data/synergy/CremadPlus/v2/SynIB_RMask_U_REFABL_cremad_lam0.5x_fold0_l0.5_ir0.5_perturbrandom_fillema_pmin0.20_refuniform.pth.tar[39m
Job finished
